/usr/bin/python3 /OpenROAD-flow-scripts/flow/scripts/run_command.py --log /tmp/wh/logs/asap7/aes/base/c6.log --tee -- /OpenROAD-flow-scripts/tools/install/OpenROAD/bin/openroad -exit -no_init -threads 8  -no_splash  /w/experiments/scripts/c6/c6_treat.tcl
source /OpenROAD-flow-scripts/flow/platforms/asap7/liberty_suppressions.tcl
read_liberty /OpenROAD-flow-scripts/flow/platforms/asap7/lib/NLDM/asap7sc7p5t_AO_RVT_FF_nldm_211120.lib.gz
read_liberty /OpenROAD-flow-scripts/flow/platforms/asap7/lib/NLDM/asap7sc7p5t_INVBUF_RVT_FF_nldm_220122.lib.gz
read_liberty /OpenROAD-flow-scripts/flow/platforms/asap7/lib/NLDM/asap7sc7p5t_OA_RVT_FF_nldm_211120.lib.gz
read_liberty /OpenROAD-flow-scripts/flow/platforms/asap7/lib/NLDM/asap7sc7p5t_SIMPLE_RVT_FF_nldm_211120.lib.gz
read_liberty /OpenROAD-flow-scripts/flow/platforms/asap7/lib/NLDM/asap7sc7p5t_SEQ_RVT_FF_nldm_220123.lib
read_db /tmp/wh/results/asap7/aes/base/3_place.odb
read_sdc /tmp/wh/results/asap7/aes/base/3_place.sdc
source /OpenROAD-flow-scripts/flow/platforms/asap7/setRC.tcl
[INFO RMP-0059] Resynthesis: starting tuning algorithm, Worst slack is -2.9377722e-11
Derived GENLIB library "asap7sc7p5t_AO_RVT_FF_nldm_211120" with 169 gates.
[INFO RMP-0052] Resynthesis: starting simulated annealing
[INFO RMP-0053] Initial temperature: 4.4272624e-10, worst slack: -1.931903e-10
[INFO RMP-0054] Iteration: 10, temperature: 4.028809e-10, best worst slack: -1.791006e-10
[INFO RMP-0054] Iteration: 20, temperature: 3.5860825e-10, best worst slack: -9.7599595e-11
[INFO RMP-0054] Iteration: 30, temperature: 3.143356e-10, best worst slack: -9.7599595e-11
[INFO RMP-0054] Iteration: 40, temperature: 2.7006303e-10, best worst slack: -9.7599595e-11
[INFO RMP-0054] Iteration: 50, temperature: 2.2579039e-10, best worst slack: -9.6588654e-11
[INFO RMP-0054] Iteration: 60, temperature: 1.8151776e-10, best worst slack: -9.6588654e-11
[INFO RMP-0054] Iteration: 70, temperature: 1.3724513e-10, best worst slack: -9.6588654e-11
[INFO RMP-0054] Iteration: 80, temperature: 9.297251e-11, best worst slack: -9.6588654e-11
[INFO RMP-0054] Iteration: 90, temperature: 4.8699888e-11, best worst slack: -9.6588654e-11
[INFO RMP-0054] Iteration: 100, temperature: 4.4272624e-12, best worst slack: -9.6588654e-11
[INFO RMP-0067] Resynthesis: End of slack tuning, applying ABC operations
[INFO RMP-0068] Resynthesis: Worst slack is -9.6588654e-11
[INFO RSZ-0100] Repair move sequence: UnbufferMove SizeUpMove SwapPinsMove BufferMove CloneMove SplitLoadMove 
[INFO RSZ-0094] Found 238 endpoints with setup violations.
[INFO RSZ-0099] Repairing 238 out of 238 (100.00%) violating endpoints...
   Iter   | Removed | Resized | Inserted | Cloned |  Pin  |   Area   |    WNS   |   StTNS    |   EnTNS    |  Viol  |  Worst  
          | Buffers |  Gates  | Buffers  |  Gates | Swaps |          |          |            |            | Endpts | St/EnPt 
------------------------------------------------------------------------------------------------------------------------------
       0* |       0 |       0 |        0 |      0 |     0 |    +0.0% |  -96.589 |    -4717.1 |   -10751.9 |    238 | u1197/D
[WARNING RSZ-0075] makeBufferedNet failed for driver u1085/QN
[WARNING RSZ-0075] makeBufferedNet failed for driver u1085/QN
[WARNING RSZ-0075] makeBufferedNet failed for driver u967/QN
[WARNING RSZ-0075] makeBufferedNet failed for driver u682/QN
[WARNING RSZ-0075] makeBufferedNet failed for driver u1197/QN
[WARNING RSZ-0075] makeBufferedNet failed for driver u745/QN
[WARNING RSZ-0075] makeBufferedNet failed for driver u682/QN
[WARNING RSZ-0075] makeBufferedNet failed for driver u1085/QN
[WARNING RSZ-0075] makeBufferedNet failed for driver u5576/QN
[WARNING RSZ-0075] makeBufferedNet failed for driver u682/QN
[WARNING RSZ-0075] makeBufferedNet failed for driver cut_2453369/Y
[WARNING RSZ-0075] makeBufferedNet failed for driver u1085/QN
[WARNING RSZ-0075] makeBufferedNet failed for driver u682/QN
[WARNING RSZ-0075] makeBufferedNet failed for driver u556/QN
[WARNING RSZ-0075] makeBufferedNet failed for driver u745/QN
[WARNING RSZ-0075] makeBufferedNet failed for driver u682/QN
[WARNING RSZ-0075] makeBufferedNet failed for driver cut_2452793/Y
[WARNING RSZ-0075] makeBufferedNet failed for driver u6408/QN
[WARNING RSZ-0075] makeBufferedNet failed for driver u5574/QN
[WARNING RSZ-0075] makeBufferedNet failed for driver u5574/QN
[WARNING RSZ-0075] makeBufferedNet failed for driver u967/QN
[WARNING RSZ-0075] makeBufferedNet failed for driver u967/QN
[WARNING RSZ-0075] makeBufferedNet failed for driver u682/QN
[WARNING RSZ-0075] makeBufferedNet failed for driver u682/QN
[WARNING RSZ-0075] makeBufferedNet failed for driver u322/QN
[WARNING RSZ-0075] makeBufferedNet failed for driver u253/QN
[WARNING RSZ-0075] makeBufferedNet failed for driver u565/QN
[WARNING RSZ-0075] makeBufferedNet failed for driver u6408/QN
[WARNING RSZ-0075] makeBufferedNet failed for driver u5156/QN
[WARNING RSZ-0075] makeBufferedNet failed for driver u970/QN
[WARNING RSZ-0075] makeBufferedNet failed for driver u1199/QN
[WARNING RSZ-0075] makeBufferedNet failed for driver u682/QN
[WARNING RSZ-0075] makeBufferedNet failed for driver u682/QN
[WARNING RSZ-0075] makeBufferedNet failed for driver u5574/QN
[WARNING RSZ-0075] makeBufferedNet failed for driver u5574/QN
[WARNING RSZ-0075] makeBufferedNet failed for driver u1197/QN
[WARNING RSZ-0075] makeBufferedNet failed for driver u1197/QN
[WARNING RSZ-0075] makeBufferedNet failed for driver u1197/QN
[WARNING RSZ-0075] makeBufferedNet failed for driver u1197/QN
[WARNING RSZ-0075] makeBufferedNet failed for driver u1085/QN
[WARNING RSZ-0075] makeBufferedNet failed for driver u136/QN
[WARNING RSZ-0075] makeBufferedNet failed for driver u563/QN
[WARNING RSZ-0075] makeBufferedNet failed for driver u6406/QN
[WARNING RSZ-0075] makeBufferedNet failed for driver u967/QN
[WARNING RSZ-0075] makeBufferedNet failed for driver u556/QN
[WARNING RSZ-0075] makeBufferedNet failed for driver cut_2452717/Y
[WARNING RSZ-0075] makeBufferedNet failed for driver u564/QN
[WARNING RSZ-0075] makeBufferedNet failed for driver u967/QN
[WARNING RSZ-0075] makeBufferedNet failed for driver u967/QN
[WARNING RSZ-0075] makeBufferedNet failed for driver cut_2453342/Y
[WARNING RSZ-0075] makeBufferedNet failed for driver u967/QN
[WARNING RSZ-0075] makeBufferedNet failed for driver u967/QN
[WARNING RSZ-0075] makeBufferedNet failed for driver cut_2453342/Y
[WARNING RSZ-0075] makeBufferedNet failed for driver u967/QN
[WARNING RSZ-0075] makeBufferedNet failed for driver cut_2453342/Y
[WARNING RSZ-0075] makeBufferedNet failed for driver u967/QN
[WARNING RSZ-0075] makeBufferedNet failed for driver cut_2453342/Y
[WARNING RSZ-0075] makeBufferedNet failed for driver u967/QN
[WARNING RSZ-0075] makeBufferedNet failed for driver u1197/QN
[WARNING RSZ-0075] makeBufferedNet failed for driver u556/QN
[WARNING RSZ-0075] makeBufferedNet failed for driver u745/QN
[WARNING RSZ-0075] makeBufferedNet failed for driver cut_2452701/Y
[WARNING RSZ-0075] makeBufferedNet failed for driver u5992/QN
[WARNING RSZ-0075] makeBufferedNet failed for driver u5158/QN
[WARNING RSZ-0075] makeBufferedNet failed for driver u682/QN
[WARNING RSZ-0075] makeBufferedNet failed for driver u322/QN
[WARNING RSZ-0075] makeBufferedNet failed for driver u682/QN
[WARNING RSZ-0075] makeBufferedNet failed for driver u970/QN
[WARNING RSZ-0075] makeBufferedNet failed for driver u5161/QN
[WARNING RSZ-0075] makeBufferedNet failed for driver u967/QN
[WARNING RSZ-0075] makeBufferedNet failed for driver u565/QN
[WARNING RSZ-0075] makeBufferedNet failed for driver u1197/QN
[WARNING RSZ-0075] makeBufferedNet failed for driver cut_2453412/Y
[WARNING RSZ-0075] makeBufferedNet failed for driver u556/QN
[WARNING RSZ-0075] makeBufferedNet failed for driver cut_2452717/Y
[WARNING RSZ-0075] makeBufferedNet failed for driver u556/QN
[WARNING RSZ-0075] makeBufferedNet failed for driver u556/QN
[WARNING RSZ-0075] makeBufferedNet failed for driver u682/QN
[WARNING RSZ-0075] makeBufferedNet failed for driver u556/QN
[WARNING RSZ-0075] makeBufferedNet failed for driver u556/QN
[WARNING RSZ-0075] makeBufferedNet failed for driver u745/QN
[WARNING RSZ-0075] makeBufferedNet failed for driver u556/QN
[WARNING RSZ-0075] makeBufferedNet failed for driver u682/QN
[WARNING RSZ-0075] makeBufferedNet failed for driver u745/QN
[WARNING RSZ-0075] makeBufferedNet failed for driver u556/QN
[WARNING RSZ-0075] makeBufferedNet failed for driver cut_2452670/Y
[WARNING RSZ-0075] makeBufferedNet failed for driver u556/QN
[WARNING RSZ-0075] makeBufferedNet failed for driver u556/QN
[WARNING RSZ-0075] makeBufferedNet failed for driver u556/QN
[WARNING RSZ-0075] makeBufferedNet failed for driver cut_2452681/Y
[WARNING RSZ-0075] makeBufferedNet failed for driver cut_2452670/Y
[WARNING RSZ-0075] makeBufferedNet failed for driver u556/QN
[WARNING RSZ-0075] makeBufferedNet failed for driver u556/QN
[WARNING RSZ-0075] makeBufferedNet failed for driver cut_2452681/Y
[WARNING RSZ-0075] makeBufferedNet failed for driver cut_2452670/Y
[WARNING RSZ-0075] makeBufferedNet failed for driver cut_2452740/Y
[WARNING RSZ-0075] makeBufferedNet failed for driver cut_2452718/Y
[WARNING RSZ-0075] makeBufferedNet failed for driver u556/QN
[WARNING RSZ-0075] makeBufferedNet failed for driver cut_2452681/Y
[WARNING RSZ-0075] makeBufferedNet failed for driver cut_2452670/Y
[WARNING RSZ-0075] makeBufferedNet failed for driver cut_2452716/Y
[WARNING RSZ-0075] makeBufferedNet failed for driver cut_2452740/Y
[WARNING RSZ-0075] makeBufferedNet failed for driver cut_2452718/Y
[WARNING RSZ-0075] makeBufferedNet failed for driver cut_2452717/Y
[WARNING RSZ-0075] makeBufferedNet failed for driver u556/QN
[WARNING RSZ-0075] makeBufferedNet failed for driver cut_2452681/Y
[WARNING RSZ-0075] makeBufferedNet failed for driver cut_2452670/Y
[WARNING RSZ-0075] makeBufferedNet failed for driver cut_2452716/Y
[WARNING RSZ-0075] makeBufferedNet failed for driver cut_2452740/Y
[WARNING RSZ-0075] makeBufferedNet failed for driver cut_2452718/Y
[WARNING RSZ-0075] makeBufferedNet failed for driver cut_2452717/Y
[WARNING RSZ-0075] makeBufferedNet failed for driver u556/QN
[WARNING RSZ-0075] makeBufferedNet failed for driver cut_2452681/Y
[WARNING RSZ-0075] makeBufferedNet failed for driver cut_2452670/Y
[WARNING RSZ-0075] makeBufferedNet failed for driver cut_2452716/Y
[WARNING RSZ-0075] makeBufferedNet failed for driver cut_2452740/Y
[WARNING RSZ-0075] makeBufferedNet failed for driver cut_2452718/Y
[WARNING RSZ-0075] makeBufferedNet failed for driver cut_2452717/Y
[WARNING RSZ-0075] makeBufferedNet failed for driver u556/QN
[WARNING RSZ-0075] makeBufferedNet failed for driver cut_2452681/Y
[WARNING RSZ-0075] makeBufferedNet failed for driver cut_2452670/Y
[WARNING RSZ-0075] makeBufferedNet failed for driver cut_2452716/Y
[WARNING RSZ-0075] makeBufferedNet failed for driver cut_2452740/Y
[WARNING RSZ-0075] makeBufferedNet failed for driver cut_2452718/Y
[WARNING RSZ-0075] makeBufferedNet failed for driver cut_2452717/Y
[WARNING RSZ-0075] makeBufferedNet failed for driver u556/QN
[WARNING RSZ-0075] makeBufferedNet failed for driver cut_2452681/Y
[WARNING RSZ-0075] makeBufferedNet failed for driver cut_2452670/Y
[WARNING RSZ-0075] makeBufferedNet failed for driver cut_2452716/Y
[WARNING RSZ-0075] makeBufferedNet failed for driver cut_2452740/Y
[WARNING RSZ-0075] makeBufferedNet failed for driver cut_2452718/Y
[WARNING RSZ-0075] makeBufferedNet failed for driver cut_2452717/Y
[WARNING RSZ-0075] makeBufferedNet failed for driver u556/QN
[WARNING RSZ-0075] makeBufferedNet failed for driver cut_2452681/Y
[WARNING RSZ-0075] makeBufferedNet failed for driver cut_2452670/Y
[WARNING RSZ-0075] makeBufferedNet failed for driver cut_2452716/Y
[WARNING RSZ-0075] makeBufferedNet failed for driver cut_2452740/Y
[WARNING RSZ-0075] makeBufferedNet failed for driver cut_2452718/Y
[WARNING RSZ-0075] makeBufferedNet failed for driver cut_2452717/Y
[WARNING RSZ-0075] makeBufferedNet failed for driver u967/QN
[WARNING RSZ-0075] makeBufferedNet failed for driver cut_2453342/Y
[WARNING RSZ-0075] makeBufferedNet failed for driver cut_2453315/Y
[WARNING RSZ-0075] makeBufferedNet failed for driver u967/QN
[WARNING RSZ-0075] makeBufferedNet failed for driver u1085/QN
[WARNING RSZ-0075] makeBufferedNet failed for driver u967/QN
[WARNING RSZ-0075] makeBufferedNet failed for driver u967/QN
[WARNING RSZ-0075] makeBufferedNet failed for driver cut_2453342/Y
[WARNING RSZ-0075] makeBufferedNet failed for driver u967/QN
[WARNING RSZ-0075] makeBufferedNet failed for driver cut_2453342/Y
[WARNING RSZ-0075] makeBufferedNet failed for driver cut_2453434/Y
[WARNING RSZ-0075] makeBufferedNet failed for driver cut_2453316/Y
[WARNING RSZ-0075] makeBufferedNet failed for driver cut_2453315/Y
[WARNING RSZ-0075] makeBufferedNet failed for driver u967/QN
[WARNING RSZ-0075] makeBufferedNet failed for driver cut_2453342/Y
[WARNING RSZ-0075] makeBufferedNet failed for driver cut_2453434/Y
[WARNING RSZ-0075] makeBufferedNet failed for driver cut_2453316/Y
[WARNING RSZ-0075] makeBufferedNet failed for driver u967/QN
[WARNING RSZ-0075] makeBufferedNet failed for driver cut_2453342/Y
[WARNING RSZ-0075] makeBufferedNet failed for driver cut_2453434/Y
[WARNING RSZ-0075] makeBufferedNet failed for driver cut_2453316/Y
[WARNING RSZ-0075] makeBufferedNet failed for driver cut_2453315/Y
[WARNING RSZ-0075] makeBufferedNet failed for driver u967/QN
[WARNING RSZ-0075] makeBufferedNet failed for driver cut_2453342/Y
[WARNING RSZ-0075] makeBufferedNet failed for driver cut_2453434/Y
[WARNING RSZ-0075] makeBufferedNet failed for driver cut_2453316/Y
[WARNING RSZ-0075] makeBufferedNet failed for driver cut_2453315/Y
[WARNING RSZ-0075] makeBufferedNet failed for driver u967/QN
[WARNING RSZ-0075] makeBufferedNet failed for driver cut_2453342/Y
[WARNING RSZ-0075] makeBufferedNet failed for driver cut_2453434/Y
[WARNING RSZ-0075] makeBufferedNet failed for driver cut_2453316/Y
[WARNING RSZ-0075] makeBufferedNet failed for driver cut_2453315/Y
[WARNING RSZ-0075] makeBufferedNet failed for driver u967/QN
[WARNING RSZ-0075] makeBufferedNet failed for driver cut_2453342/Y
[WARNING RSZ-0075] makeBufferedNet failed for driver cut_2453434/Y
[WARNING RSZ-0075] makeBufferedNet failed for driver cut_2453316/Y
[WARNING RSZ-0075] makeBufferedNet failed for driver cut_2453315/Y
[WARNING RSZ-0075] makeBufferedNet failed for driver u967/QN
[WARNING RSZ-0075] makeBufferedNet failed for driver cut_2453342/Y
[WARNING RSZ-0075] makeBufferedNet failed for driver cut_2453434/Y
[WARNING RSZ-0075] makeBufferedNet failed for driver cut_2453316/Y
[WARNING RSZ-0075] makeBufferedNet failed for driver cut_2453315/Y
[WARNING RSZ-0075] makeBufferedNet failed for driver u967/QN
[WARNING RSZ-0075] makeBufferedNet failed for driver cut_2453342/Y
[WARNING RSZ-0075] makeBufferedNet failed for driver cut_2453434/Y
[WARNING RSZ-0075] makeBufferedNet failed for driver cut_2453316/Y
[WARNING RSZ-0075] makeBufferedNet failed for driver cut_2453315/Y
[WARNING RSZ-0075] makeBufferedNet failed for driver u967/QN
[WARNING RSZ-0075] makeBufferedNet failed for driver cut_2453342/Y
[WARNING RSZ-0075] makeBufferedNet failed for driver cut_2453434/Y
[WARNING RSZ-0075] makeBufferedNet failed for driver cut_2453316/Y
[WARNING RSZ-0075] makeBufferedNet failed for driver cut_2453315/Y
[WARNING RSZ-0075] makeBufferedNet failed for driver u967/QN
[WARNING RSZ-0075] makeBufferedNet failed for driver cut_2453342/Y
[WARNING RSZ-0075] makeBufferedNet failed for driver cut_2453434/Y
[WARNING RSZ-0075] makeBufferedNet failed for driver cut_2453316/Y
[WARNING RSZ-0075] makeBufferedNet failed for driver cut_2453315/Y
[WARNING RSZ-0075] makeBufferedNet failed for driver u967/QN
[WARNING RSZ-0075] makeBufferedNet failed for driver cut_2453342/Y
[WARNING RSZ-0075] makeBufferedNet failed for driver cut_2453434/Y
[WARNING RSZ-0075] makeBufferedNet failed for driver cut_2453316/Y
[WARNING RSZ-0075] makeBufferedNet failed for driver cut_2453315/Y
[WARNING RSZ-0075] makeBufferedNet failed for driver u967/QN
[WARNING RSZ-0075] makeBufferedNet failed for driver cut_2453342/Y
[WARNING RSZ-0075] makeBufferedNet failed for driver cut_2453434/Y
[WARNING RSZ-0075] makeBufferedNet failed for driver cut_2453316/Y
[WARNING RSZ-0075] makeBufferedNet failed for driver cut_2453315/Y
[WARNING RSZ-0075] makeBufferedNet failed for driver u967/QN
[WARNING RSZ-0075] makeBufferedNet failed for driver cut_2453342/Y
[WARNING RSZ-0075] makeBufferedNet failed for driver cut_2453315/Y
[WARNING RSZ-0075] makeBufferedNet failed for driver u967/QN
[WARNING RSZ-0075] makeBufferedNet failed for driver u967/QN
[WARNING RSZ-0075] makeBufferedNet failed for driver u967/QN
[WARNING RSZ-0075] makeBufferedNet failed for driver u1085/QN
[WARNING RSZ-0075] makeBufferedNet failed for driver u1197/QN
[WARNING RSZ-0075] makeBufferedNet failed for driver u967/QN
[WARNING RSZ-0075] makeBufferedNet failed for driver cut_2453342/Y
[WARNING RSZ-0075] makeBufferedNet failed for driver cut_2453434/Y
[WARNING RSZ-0075] makeBufferedNet failed for driver cut_2453316/Y
[WARNING RSZ-0075] makeBufferedNet failed for driver cut_2453315/Y
[WARNING RSZ-0075] makeBufferedNet failed for driver u967/QN
[WARNING RSZ-0075] makeBufferedNet failed for driver cut_2453342/Y
[WARNING RSZ-0075] makeBufferedNet failed for driver cut_2453434/Y
[WARNING RSZ-0075] makeBufferedNet failed for driver cut_2453316/Y
[WARNING RSZ-0075] makeBufferedNet failed for driver cut_2453315/Y
[WARNING RSZ-0075] makeBufferedNet failed for driver u967/QN
[WARNING RSZ-0075] makeBufferedNet failed for driver cut_2453342/Y
[WARNING RSZ-0075] makeBufferedNet failed for driver cut_2453434/Y
[WARNING RSZ-0075] makeBufferedNet failed for driver cut_2453316/Y
[WARNING RSZ-0075] makeBufferedNet failed for driver cut_2453315/Y
[WARNING RSZ-0075] makeBufferedNet failed for driver u967/QN
[WARNING RSZ-0075] makeBufferedNet failed for driver cut_2453342/Y
[WARNING RSZ-0075] makeBufferedNet failed for driver cut_2453434/Y
[WARNING RSZ-0075] makeBufferedNet failed for driver cut_2453316/Y
[WARNING RSZ-0075] makeBufferedNet failed for driver cut_2453315/Y
[WARNING RSZ-0075] makeBufferedNet failed for driver u967/QN
[WARNING RSZ-0075] makeBufferedNet failed for driver cut_2453342/Y
[WARNING RSZ-0075] makeBufferedNet failed for driver cut_2453434/Y
[WARNING RSZ-0075] makeBufferedNet failed for driver cut_2453316/Y
[WARNING RSZ-0075] makeBufferedNet failed for driver cut_2453315/Y
[WARNING RSZ-0075] makeBufferedNet failed for driver u967/QN
[WARNING RSZ-0075] makeBufferedNet failed for driver cut_2453342/Y
[WARNING RSZ-0075] makeBufferedNet failed for driver cut_2453434/Y
[WARNING RSZ-0075] makeBufferedNet failed for driver cut_2453316/Y
[WARNING RSZ-0075] makeBufferedNet failed for driver cut_2453315/Y
[WARNING RSZ-0075] makeBufferedNet failed for driver u967/QN
[WARNING RSZ-0075] makeBufferedNet failed for driver cut_2453342/Y
[WARNING RSZ-0075] makeBufferedNet failed for driver cut_2453434/Y
[WARNING RSZ-0075] makeBufferedNet failed for driver cut_2453316/Y
[WARNING RSZ-0075] makeBufferedNet failed for driver cut_2453315/Y
[WARNING RSZ-0075] makeBufferedNet failed for driver u556/QN
[WARNING RSZ-0075] makeBufferedNet failed for driver u682/QN
[WARNING RSZ-0075] makeBufferedNet failed for driver u556/QN
[WARNING RSZ-0075] makeBufferedNet failed for driver u556/QN
[WARNING RSZ-0075] makeBufferedNet failed for driver u745/QN
[WARNING RSZ-0075] makeBufferedNet failed for driver u556/QN
[WARNING RSZ-0075] makeBufferedNet failed for driver u1197/QN
[WARNING RSZ-0075] makeBufferedNet failed for driver cut_2453340/Y
[WARNING RSZ-0075] makeBufferedNet failed for driver u967/QN
[WARNING RSZ-0075] makeBufferedNet failed for driver cut_2453342/Y
[WARNING RSZ-0075] makeBufferedNet failed for driver u967/QN
[WARNING RSZ-0075] makeBufferedNet failed for driver u1197/QN
[WARNING RSZ-0075] makeBufferedNet failed for driver cut_2453340/Y
[WARNING RSZ-0075] makeBufferedNet failed for driver u967/QN
[WARNING RSZ-0075] makeBufferedNet failed for driver cut_2453342/Y
[WARNING RSZ-0075] makeBufferedNet failed for driver u1197/QN
[WARNING RSZ-0075] makeBufferedNet failed for driver cut_2453340/Y
[WARNING RSZ-0075] makeBufferedNet failed for driver u1197/QN
[WARNING RSZ-0075] makeBufferedNet failed for driver cut_2453340/Y
[WARNING RSZ-0075] makeBufferedNet failed for driver cut_2454186/Y
[WARNING RSZ-0075] makeBufferedNet failed for driver u967/QN
[WARNING RSZ-0075] makeBufferedNet failed for driver u967/QN
[WARNING RSZ-0075] makeBufferedNet failed for driver cut_2453342/Y
[WARNING RSZ-0075] makeBufferedNet failed for driver u967/QN
[WARNING RSZ-0075] makeBufferedNet failed for driver cut_2453342/Y
[WARNING RSZ-0075] makeBufferedNet failed for driver cut_2453315/Y
[WARNING RSZ-0075] makeBufferedNet failed for driver u967/QN
[WARNING RSZ-0075] makeBufferedNet failed for driver u967/QN
[WARNING RSZ-0075] makeBufferedNet failed for driver u967/QN
[WARNING RSZ-0075] makeBufferedNet failed for driver u967/QN
[WARNING RSZ-0075] makeBufferedNet failed for driver u967/QN
[WARNING RSZ-0075] makeBufferedNet failed for driver split5906/Y
[WARNING RSZ-0075] makeBufferedNet failed for driver u967/QN
[WARNING RSZ-0075] makeBufferedNet failed for driver split5906/Y
[WARNING RSZ-0075] makeBufferedNet failed for driver cut_2453371/Y
[WARNING RSZ-0075] makeBufferedNet failed for driver u967/QN
[WARNING RSZ-0075] makeBufferedNet failed for driver u967/QN
[WARNING RSZ-0075] makeBufferedNet failed for driver u967/QN
[WARNING RSZ-0075] makeBufferedNet failed for driver split5906/Y
[WARNING RSZ-0075] makeBufferedNet failed for driver u967/QN
[WARNING RSZ-0075] makeBufferedNet failed for driver split5906/Y
[WARNING RSZ-0075] makeBufferedNet failed for driver u967/QN
[WARNING RSZ-0075] makeBufferedNet failed for driver u967/QN
[WARNING RSZ-0075] makeBufferedNet failed for driver split5906/Y
[WARNING RSZ-0075] makeBufferedNet failed for driver u967/QN
[WARNING RSZ-0075] makeBufferedNet failed for driver split5906/Y
[WARNING RSZ-0075] makeBufferedNet failed for driver u967/QN
[WARNING RSZ-0075] makeBufferedNet failed for driver split5906/Y
[WARNING RSZ-0075] makeBufferedNet failed for driver cut_2453357/Y
[WARNING RSZ-0075] makeBufferedNet failed for driver u967/QN
[WARNING RSZ-0075] makeBufferedNet failed for driver split5906/Y
[WARNING RSZ-0075] makeBufferedNet failed for driver cut_2453357/Y
[WARNING RSZ-0075] makeBufferedNet failed for driver cut_2453370/Y
[WARNING RSZ-0075] makeBufferedNet failed for driver u1199/QN
[WARNING RSZ-0075] makeBufferedNet failed for driver u1199/QN
[WARNING RSZ-0075] makeBufferedNet failed for driver u967/QN
[WARNING RSZ-0075] makeBufferedNet failed for driver cut_2453342/Y
[WARNING RSZ-0075] makeBufferedNet failed for driver u967/QN
[WARNING RSZ-0075] makeBufferedNet failed for driver split5906/Y
[WARNING RSZ-0075] makeBufferedNet failed for driver u967/QN
[WARNING RSZ-0075] makeBufferedNet failed for driver split5906/Y
[WARNING RSZ-0075] makeBufferedNet failed for driver u967/QN
[WARNING RSZ-0075] makeBufferedNet failed for driver split5906/Y
[WARNING RSZ-0075] makeBufferedNet failed for driver u967/QN
[WARNING RSZ-0075] makeBufferedNet failed for driver split5906/Y
[WARNING RSZ-0075] makeBufferedNet failed for driver cut_2453357/Y
[WARNING RSZ-0075] makeBufferedNet failed for driver cut_2453370/Y
[WARNING RSZ-0075] makeBufferedNet failed for driver split5867/Y
[WARNING RSZ-0075] makeBufferedNet failed for driver cut_2453371/Y
[WARNING RSZ-0075] makeBufferedNet failed for driver u967/QN
[WARNING RSZ-0075] makeBufferedNet failed for driver split5906/Y
[WARNING RSZ-0075] makeBufferedNet failed for driver cut_2453357/Y
[WARNING RSZ-0075] makeBufferedNet failed for driver cut_2453370/Y
[WARNING RSZ-0075] makeBufferedNet failed for driver split5867/Y
[WARNING RSZ-0075] makeBufferedNet failed for driver cut_2453371/Y
[WARNING RSZ-0075] makeBufferedNet failed for driver u682/QN
[WARNING RSZ-0075] makeBufferedNet failed for driver u682/QN
[WARNING RSZ-0075] makeBufferedNet failed for driver cut_2452686/Y
[WARNING RSZ-0075] makeBufferedNet failed for driver cut_2452683/Y
[WARNING RSZ-0075] makeBufferedNet failed for driver cut_2452673/Y
[WARNING RSZ-0075] makeBufferedNet failed for driver u682/QN
[WARNING RSZ-0075] makeBufferedNet failed for driver cut_2452686/Y
[WARNING RSZ-0075] makeBufferedNet failed for driver cut_2452683/Y
[WARNING RSZ-0075] makeBufferedNet failed for driver cut_2452682/Y
[WARNING RSZ-0075] makeBufferedNet failed for driver cut_2452673/Y
[WARNING RSZ-0075] makeBufferedNet failed for driver u682/QN
[WARNING RSZ-0075] makeBufferedNet failed for driver u556/QN
[WARNING RSZ-0075] makeBufferedNet failed for driver cut_2452683/Y
[WARNING RSZ-0075] makeBufferedNet failed for driver cut_2452686/Y
[WARNING RSZ-0075] makeBufferedNet failed for driver cut_2452670/Y
[WARNING RSZ-0075] makeBufferedNet failed for driver u556/QN
[WARNING RSZ-0075] makeBufferedNet failed for driver cut_2452683/Y
[WARNING RSZ-0075] makeBufferedNet failed for driver cut_2452686/Y
[WARNING RSZ-0075] makeBufferedNet failed for driver u556/QN
[WARNING RSZ-0075] makeBufferedNet failed for driver cut_2452683/Y
[WARNING RSZ-0075] makeBufferedNet failed for driver cut_2452686/Y
[WARNING RSZ-0075] makeBufferedNet failed for driver cut_2452684/Y
[WARNING RSZ-0075] makeBufferedNet failed for driver cut_2452670/Y
[WARNING RSZ-0075] makeBufferedNet failed for driver cut_2452681/Y
[WARNING RSZ-0075] makeBufferedNet failed for driver u556/QN
[WARNING RSZ-0075] makeBufferedNet failed for driver cut_2452683/Y
[WARNING RSZ-0075] makeBufferedNet failed for driver cut_2452686/Y
[WARNING RSZ-0075] makeBufferedNet failed for driver cut_2452684/Y
[WARNING RSZ-0075] makeBufferedNet failed for driver cut_2452670/Y
[WARNING RSZ-0075] makeBufferedNet failed for driver cut_2452681/Y
[WARNING RSZ-0075] makeBufferedNet failed for driver u556/QN
[WARNING RSZ-0075] makeBufferedNet failed for driver cut_2452683/Y
[WARNING RSZ-0075] makeBufferedNet failed for driver cut_2452686/Y
[WARNING RSZ-0075] makeBufferedNet failed for driver cut_2452684/Y
[WARNING RSZ-0075] makeBufferedNet failed for driver cut_2452670/Y
[WARNING RSZ-0075] makeBufferedNet failed for driver cut_2452681/Y
[WARNING RSZ-0075] makeBufferedNet failed for driver u556/QN
[WARNING RSZ-0075] makeBufferedNet failed for driver cut_2452683/Y
[WARNING RSZ-0075] makeBufferedNet failed for driver cut_2452686/Y
[WARNING RSZ-0075] makeBufferedNet failed for driver cut_2452684/Y
[WARNING RSZ-0075] makeBufferedNet failed for driver cut_2452670/Y
[WARNING RSZ-0075] makeBufferedNet failed for driver cut_2452681/Y
[WARNING RSZ-0075] makeBufferedNet failed for driver u682/QN
[WARNING RSZ-0075] makeBufferedNet failed for driver u556/QN
[WARNING RSZ-0075] makeBufferedNet failed for driver cut_2452683/Y
[WARNING RSZ-0075] makeBufferedNet failed for driver cut_2452686/Y
[WARNING RSZ-0075] makeBufferedNet failed for driver cut_2452684/Y
[WARNING RSZ-0075] makeBufferedNet failed for driver cut_2452670/Y
[WARNING RSZ-0075] makeBufferedNet failed for driver cut_2452681/Y
[WARNING RSZ-0075] makeBufferedNet failed for driver u556/QN
[WARNING RSZ-0075] makeBufferedNet failed for driver u556/QN
[WARNING RSZ-0075] makeBufferedNet failed for driver cut_2452683/Y
[WARNING RSZ-0075] makeBufferedNet failed for driver cut_2452686/Y
[WARNING RSZ-0075] makeBufferedNet failed for driver cut_2452684/Y
[WARNING RSZ-0075] makeBufferedNet failed for driver cut_2452670/Y
[WARNING RSZ-0075] makeBufferedNet failed for driver cut_2452681/Y
[WARNING RSZ-0075] makeBufferedNet failed for driver u556/QN
[WARNING RSZ-0075] makeBufferedNet failed for driver cut_2452683/Y
[WARNING RSZ-0075] makeBufferedNet failed for driver cut_2452686/Y
[WARNING RSZ-0075] makeBufferedNet failed for driver cut_2452684/Y
[WARNING RSZ-0075] makeBufferedNet failed for driver cut_2452670/Y
[WARNING RSZ-0075] makeBufferedNet failed for driver cut_2452681/Y
[WARNING RSZ-0075] makeBufferedNet failed for driver u556/QN
[WARNING RSZ-0075] makeBufferedNet failed for driver cut_2452683/Y
[WARNING RSZ-0075] makeBufferedNet failed for driver cut_2452686/Y
[WARNING RSZ-0075] makeBufferedNet failed for driver cut_2452684/Y
[WARNING RSZ-0075] makeBufferedNet failed for driver cut_2452670/Y
[WARNING RSZ-0075] makeBufferedNet failed for driver cut_2452681/Y
[WARNING RSZ-0075] makeBufferedNet failed for driver u556/QN
[WARNING RSZ-0075] makeBufferedNet failed for driver cut_2452683/Y
[WARNING RSZ-0075] makeBufferedNet failed for driver cut_2452686/Y
[WARNING RSZ-0075] makeBufferedNet failed for driver cut_2452684/Y
[WARNING RSZ-0075] makeBufferedNet failed for driver cut_2452670/Y
[WARNING RSZ-0075] makeBufferedNet failed for driver cut_2452681/Y
[WARNING RSZ-0075] makeBufferedNet failed for driver u556/QN
[WARNING RSZ-0075] makeBufferedNet failed for driver cut_2452683/Y
[WARNING RSZ-0075] makeBufferedNet failed for driver cut_2452686/Y
[WARNING RSZ-0075] makeBufferedNet failed for driver cut_2452684/Y
[WARNING RSZ-0075] makeBufferedNet failed for driver cut_2452670/Y
[WARNING RSZ-0075] makeBufferedNet failed for driver cut_2452681/Y
[WARNING RSZ-0075] makeBufferedNet failed for driver u556/QN
[WARNING RSZ-0075] makeBufferedNet failed for driver cut_2452683/Y
[WARNING RSZ-0075] makeBufferedNet failed for driver cut_2452686/Y
[WARNING RSZ-0075] makeBufferedNet failed for driver cut_2452684/Y
[WARNING RSZ-0075] makeBufferedNet failed for driver cut_2452670/Y
[WARNING RSZ-0075] makeBufferedNet failed for driver cut_2452681/Y
[WARNING RSZ-0075] makeBufferedNet failed for driver u556/QN
[WARNING RSZ-0075] makeBufferedNet failed for driver cut_2452683/Y
[WARNING RSZ-0075] makeBufferedNet failed for driver cut_2452686/Y
[WARNING RSZ-0075] makeBufferedNet failed for driver cut_2452684/Y
[WARNING RSZ-0075] makeBufferedNet failed for driver cut_2452670/Y
[WARNING RSZ-0075] makeBufferedNet failed for driver cut_2452681/Y
[WARNING RSZ-0075] makeBufferedNet failed for driver u556/QN
[WARNING RSZ-0075] makeBufferedNet failed for driver u556/QN
[WARNING RSZ-0075] makeBufferedNet failed for driver cut_2452682/Y
[WARNING RSZ-0075] makeBufferedNet failed for driver u967/QN
[WARNING RSZ-0075] makeBufferedNet failed for driver cut_2453412/Y
[WARNING RSZ-0075] makeBufferedNet failed for driver split5906/Y
[WARNING RSZ-0075] makeBufferedNet failed for driver u967/QN
[WARNING RSZ-0075] makeBufferedNet failed for driver cut_2453342/Y
[WARNING RSZ-0075] makeBufferedNet failed for driver u967/QN
[WARNING RSZ-0075] makeBufferedNet failed for driver cut_2453342/Y
[WARNING RSZ-0075] makeBufferedNet failed for driver cut_2453434/Y
[WARNING RSZ-0075] makeBufferedNet failed for driver cut_2453316/Y
[WARNING RSZ-0075] makeBufferedNet failed for driver cut_2453315/Y
[WARNING RSZ-0075] makeBufferedNet failed for driver u967/QN
[WARNING RSZ-0075] makeBufferedNet failed for driver cut_2453342/Y
[WARNING RSZ-0075] makeBufferedNet failed for driver cut_2453434/Y
[WARNING RSZ-0075] makeBufferedNet failed for driver cut_2453316/Y
[WARNING RSZ-0075] makeBufferedNet failed for driver cut_2453315/Y
[WARNING RSZ-0075] makeBufferedNet failed for driver u967/QN
[WARNING RSZ-0075] makeBufferedNet failed for driver cut_2453342/Y
[WARNING RSZ-0075] makeBufferedNet failed for driver cut_2453434/Y
[WARNING RSZ-0075] makeBufferedNet failed for driver cut_2453316/Y
[WARNING RSZ-0075] makeBufferedNet failed for driver cut_2453315/Y
[WARNING RSZ-0075] makeBufferedNet failed for driver u1085/QN
[WARNING RSZ-0075] makeBufferedNet failed for driver u967/QN
[WARNING RSZ-0075] makeBufferedNet failed for driver cut_2453342/Y
[WARNING RSZ-0075] makeBufferedNet failed for driver cut_2453434/Y
[WARNING RSZ-0075] makeBufferedNet failed for driver cut_2453316/Y
[WARNING RSZ-0075] makeBufferedNet failed for driver cut_2453315/Y
[WARNING RSZ-0075] makeBufferedNet failed for driver u967/QN
[WARNING RSZ-0075] makeBufferedNet failed for driver cut_2453342/Y
[WARNING RSZ-0075] makeBufferedNet failed for driver cut_2453434/Y
[WARNING RSZ-0075] makeBufferedNet failed for driver cut_2453316/Y
[WARNING RSZ-0075] makeBufferedNet failed for driver cut_2453315/Y
[WARNING RSZ-0075] makeBufferedNet failed for driver u967/QN
[WARNING RSZ-0075] makeBufferedNet failed for driver cut_2453342/Y
[WARNING RSZ-0075] makeBufferedNet failed for driver cut_2453434/Y
[WARNING RSZ-0075] makeBufferedNet failed for driver cut_2453316/Y
[WARNING RSZ-0075] makeBufferedNet failed for driver cut_2453315/Y
[WARNING RSZ-0075] makeBufferedNet failed for driver u967/QN
[WARNING RSZ-0075] makeBufferedNet failed for driver u967/QN
[WARNING RSZ-0075] makeBufferedNet failed for driver cut_2453341/Y
[WARNING RSZ-0075] makeBufferedNet failed for driver cut_2453342/Y
[WARNING RSZ-0075] makeBufferedNet failed for driver cut_2453434/Y
[WARNING RSZ-0075] makeBufferedNet failed for driver u967/QN
[WARNING RSZ-0075] makeBufferedNet failed for driver cut_2453342/Y
[WARNING RSZ-0075] makeBufferedNet failed for driver cut_2453434/Y
[WARNING RSZ-0075] makeBufferedNet failed for driver cut_2453316/Y
[WARNING RSZ-0075] makeBufferedNet failed for driver cut_2453315/Y
[WARNING RSZ-0075] makeBufferedNet failed for driver u967/QN
[WARNING RSZ-0075] makeBufferedNet failed for driver cut_2453342/Y
[WARNING RSZ-0075] makeBufferedNet failed for driver cut_2453434/Y
[WARNING RSZ-0075] makeBufferedNet failed for driver cut_2453316/Y
[WARNING RSZ-0075] makeBufferedNet failed for driver cut_2453315/Y
[WARNING RSZ-0075] makeBufferedNet failed for driver u967/QN
[WARNING RSZ-0075] makeBufferedNet failed for driver cut_2453342/Y
[WARNING RSZ-0075] makeBufferedNet failed for driver cut_2453434/Y
[WARNING RSZ-0075] makeBufferedNet failed for driver cut_2453316/Y
[WARNING RSZ-0075] makeBufferedNet failed for driver cut_2453315/Y
[WARNING RSZ-0075] makeBufferedNet failed for driver u556/QN
[WARNING RSZ-0075] makeBufferedNet failed for driver u556/QN
[WARNING RSZ-0075] makeBufferedNet failed for driver cut_2452683/Y
[WARNING RSZ-0075] makeBufferedNet failed for driver cut_2453294/Y
[WARNING RSZ-0075] makeBufferedNet failed for driver cut_2452784/Y
[WARNING RSZ-0075] makeBufferedNet failed for driver cut_2452684/Y
[WARNING RSZ-0075] makeBufferedNet failed for driver cut_2452670/Y
[WARNING RSZ-0075] makeBufferedNet failed for driver cut_2452681/Y
[WARNING RSZ-0075] makeBufferedNet failed for driver u556/QN
[WARNING RSZ-0075] makeBufferedNet failed for driver cut_2452683/Y
[WARNING RSZ-0075] makeBufferedNet failed for driver cut_2453294/Y
[WARNING RSZ-0075] makeBufferedNet failed for driver cut_2452784/Y
[WARNING RSZ-0075] makeBufferedNet failed for driver cut_2452684/Y
[WARNING RSZ-0075] makeBufferedNet failed for driver cut_2452670/Y
[WARNING RSZ-0075] makeBufferedNet failed for driver cut_2452681/Y
[WARNING RSZ-0075] makeBufferedNet failed for driver u556/QN
[WARNING RSZ-0075] makeBufferedNet failed for driver cut_2452683/Y
[WARNING RSZ-0075] makeBufferedNet failed for driver cut_2453294/Y
[WARNING RSZ-0075] makeBufferedNet failed for driver cut_2452784/Y
[WARNING RSZ-0075] makeBufferedNet failed for driver cut_2452684/Y
[WARNING RSZ-0075] makeBufferedNet failed for driver cut_2452670/Y
[WARNING RSZ-0075] makeBufferedNet failed for driver cut_2452681/Y
[WARNING RSZ-0075] makeBufferedNet failed for driver u556/QN
[WARNING RSZ-0075] makeBufferedNet failed for driver cut_2452683/Y
[WARNING RSZ-0075] makeBufferedNet failed for driver cut_2453294/Y
[WARNING RSZ-0075] makeBufferedNet failed for driver cut_2452784/Y
[WARNING RSZ-0075] makeBufferedNet failed for driver cut_2452684/Y
[WARNING RSZ-0075] makeBufferedNet failed for driver cut_2452670/Y
[WARNING RSZ-0075] makeBufferedNet failed for driver cut_2452681/Y
[WARNING RSZ-0075] makeBufferedNet failed for driver u556/QN
[WARNING RSZ-0075] makeBufferedNet failed for driver cut_2452683/Y
[WARNING RSZ-0075] makeBufferedNet failed for driver cut_2453294/Y
[WARNING RSZ-0075] makeBufferedNet failed for driver cut_2452784/Y
[WARNING RSZ-0075] makeBufferedNet failed for driver cut_2452684/Y
[WARNING RSZ-0075] makeBufferedNet failed for driver cut_2452670/Y
[WARNING RSZ-0075] makeBufferedNet failed for driver cut_2452681/Y
[WARNING RSZ-0075] makeBufferedNet failed for driver u556/QN
[WARNING RSZ-0075] makeBufferedNet failed for driver cut_2452683/Y
[WARNING RSZ-0075] makeBufferedNet failed for driver cut_2453294/Y
[WARNING RSZ-0075] makeBufferedNet failed for driver cut_2452784/Y
[WARNING RSZ-0075] makeBufferedNet failed for driver cut_2452684/Y
[WARNING RSZ-0075] makeBufferedNet failed for driver cut_2452670/Y
[WARNING RSZ-0075] makeBufferedNet failed for driver cut_2452681/Y
[WARNING RSZ-0075] makeBufferedNet failed for driver u556/QN
[WARNING RSZ-0075] makeBufferedNet failed for driver cut_2452683/Y
[WARNING RSZ-0075] makeBufferedNet failed for driver cut_2453294/Y
[WARNING RSZ-0075] makeBufferedNet failed for driver cut_2452784/Y
[WARNING RSZ-0075] makeBufferedNet failed for driver cut_2452684/Y
[WARNING RSZ-0075] makeBufferedNet failed for driver cut_2452670/Y
[WARNING RSZ-0075] makeBufferedNet failed for driver cut_2452681/Y
[WARNING RSZ-0075] makeBufferedNet failed for driver u1384/QN
[WARNING RSZ-0075] makeBufferedNet failed for driver u1386/QN
[WARNING RSZ-0075] makeBufferedNet failed for driver u1389/QN
[WARNING RSZ-0075] makeBufferedNet failed for driver u1389/QN
[WARNING RSZ-0075] makeBufferedNet failed for driver u1384/QN
[WARNING RSZ-0075] makeBufferedNet failed for driver u1384/QN
[WARNING RSZ-0075] makeBufferedNet failed for driver u564/QN
[WARNING RSZ-0075] makeBufferedNet failed for driver u564/QN
[WARNING RSZ-0075] makeBufferedNet failed for driver u1389/QN
[WARNING RSZ-0075] makeBufferedNet failed for driver u1384/QN
[WARNING RSZ-0075] makeBufferedNet failed for driver cut_2454116/Y
[WARNING RSZ-0075] makeBufferedNet failed for driver cut_2454228/Y
[WARNING RSZ-0075] makeBufferedNet failed for driver cut_2453483/Y
[WARNING RSZ-0075] makeBufferedNet failed for driver cut_2453481/Y
[WARNING RSZ-0075] makeBufferedNet failed for driver u1384/QN
[WARNING RSZ-0075] makeBufferedNet failed for driver u1384/QN
[WARNING RSZ-0075] makeBufferedNet failed for driver u1384/QN
[WARNING RSZ-0075] makeBufferedNet failed for driver u1384/QN
[WARNING RSZ-0075] makeBufferedNet failed for driver cut_2454116/Y
[WARNING RSZ-0075] makeBufferedNet failed for driver u1384/QN
[WARNING RSZ-0075] makeBufferedNet failed for driver cut_2454116/Y
[WARNING RSZ-0075] makeBufferedNet failed for driver cut_2454228/Y
[WARNING RSZ-0075] makeBufferedNet failed for driver split5919/Y
[WARNING RSZ-0075] makeBufferedNet failed for driver u145/QN
[WARNING RSZ-0075] makeBufferedNet failed for driver u1390/QN
[WARNING RSZ-0075] makeBufferedNet failed for driver u145/QN
[WARNING RSZ-0075] makeBufferedNet failed for driver u1085/QN
[WARNING RSZ-0075] makeBufferedNet failed for driver u967/QN
[WARNING RSZ-0075] makeBufferedNet failed for driver u967/QN
[WARNING RSZ-0075] makeBufferedNet failed for driver u967/QN
[WARNING RSZ-0075] makeBufferedNet failed for driver cut_2453369/Y
[WARNING RSZ-0075] makeBufferedNet failed for driver u967/QN
[WARNING RSZ-0075] makeBufferedNet failed for driver cut_2453342/Y
[WARNING RSZ-0075] makeBufferedNet failed for driver u967/QN
[WARNING RSZ-0075] makeBufferedNet failed for driver cut_2453342/Y
[WARNING RSZ-0075] makeBufferedNet failed for driver u967/QN
[WARNING RSZ-0075] makeBufferedNet failed for driver cut_2453342/Y
[WARNING RSZ-0075] makeBufferedNet failed for driver cut_2453434/Y
[WARNING RSZ-0075] makeBufferedNet failed for driver cut_2453316/Y
[WARNING RSZ-0075] makeBufferedNet failed for driver u967/QN
[WARNING RSZ-0075] makeBufferedNet failed for driver cut_2453342/Y
[WARNING RSZ-0075] makeBufferedNet failed for driver cut_2453434/Y
[WARNING RSZ-0075] makeBufferedNet failed for driver cut_2453316/Y
[WARNING RSZ-0075] makeBufferedNet failed for driver cut_2453315/Y
[WARNING RSZ-0075] makeBufferedNet failed for driver u967/QN
[WARNING RSZ-0075] makeBufferedNet failed for driver cut_2453342/Y
[WARNING RSZ-0075] makeBufferedNet failed for driver cut_2453434/Y
[WARNING RSZ-0075] makeBufferedNet failed for driver cut_2453316/Y
[WARNING RSZ-0075] makeBufferedNet failed for driver cut_2453315/Y
[WARNING RSZ-0075] makeBufferedNet failed for driver u967/QN
[WARNING RSZ-0075] makeBufferedNet failed for driver cut_2453342/Y
[WARNING RSZ-0075] makeBufferedNet failed for driver cut_2453434/Y
[WARNING RSZ-0075] makeBufferedNet failed for driver cut_2453316/Y
[WARNING RSZ-0075] makeBufferedNet failed for driver cut_2453315/Y
[WARNING RSZ-0075] makeBufferedNet failed for driver u967/QN
[WARNING RSZ-0075] makeBufferedNet failed for driver cut_2453337/Y
[WARNING RSZ-0075] makeBufferedNet failed for driver u967/QN
[WARNING RSZ-0075] makeBufferedNet failed for driver cut_2453342/Y
[WARNING RSZ-0075] makeBufferedNet failed for driver cut_2453434/Y
[WARNING RSZ-0075] makeBufferedNet failed for driver cut_2453316/Y
[WARNING RSZ-0075] makeBufferedNet failed for driver cut_2453315/Y
[WARNING RSZ-0075] makeBufferedNet failed for driver u967/QN
[WARNING RSZ-0075] makeBufferedNet failed for driver cut_2453342/Y
[WARNING RSZ-0075] makeBufferedNet failed for driver cut_2453434/Y
[WARNING RSZ-0075] makeBufferedNet failed for driver cut_2453316/Y
[WARNING RSZ-0075] makeBufferedNet failed for driver cut_2453315/Y
[WARNING RSZ-0075] makeBufferedNet failed for driver u967/QN
[WARNING RSZ-0075] makeBufferedNet failed for driver cut_2453337/Y
[WARNING RSZ-0075] makeBufferedNet failed for driver u967/QN
[WARNING RSZ-0075] makeBufferedNet failed for driver cut_2453369/Y
[WARNING RSZ-0075] makeBufferedNet failed for driver u967/QN
[WARNING RSZ-0075] makeBufferedNet failed for driver cut_2453337/Y
[WARNING RSZ-0075] makeBufferedNet failed for driver cut_2453335/Y
[WARNING RSZ-0075] makeBufferedNet failed for driver cut_2453316/Y
[WARNING RSZ-0075] makeBufferedNet failed for driver cut_2453315/Y
[WARNING RSZ-0075] makeBufferedNet failed for driver u967/QN
[WARNING RSZ-0075] makeBufferedNet failed for driver cut_2453342/Y
[WARNING RSZ-0075] makeBufferedNet failed for driver cut_2453434/Y
[WARNING RSZ-0075] makeBufferedNet failed for driver cut_2453316/Y
[WARNING RSZ-0075] makeBufferedNet failed for driver cut_2453315/Y
[WARNING RSZ-0075] makeBufferedNet failed for driver u967/QN
[WARNING RSZ-0075] makeBufferedNet failed for driver cut_2453342/Y
[WARNING RSZ-0075] makeBufferedNet failed for driver cut_2453434/Y
[WARNING RSZ-0075] makeBufferedNet failed for driver cut_2453316/Y
[WARNING RSZ-0075] makeBufferedNet failed for driver cut_2453315/Y
[WARNING RSZ-0075] makeBufferedNet failed for driver cut_2453444/Y
[WARNING RSZ-0075] makeBufferedNet failed for driver u967/QN
[WARNING RSZ-0075] makeBufferedNet failed for driver cut_2453342/Y
[WARNING RSZ-0075] makeBufferedNet failed for driver cut_2453434/Y
[WARNING RSZ-0075] makeBufferedNet failed for driver cut_2453316/Y
[WARNING RSZ-0075] makeBufferedNet failed for driver cut_2453315/Y
[WARNING RSZ-0075] makeBufferedNet failed for driver cut_2453444/Y
[WARNING RSZ-0075] makeBufferedNet failed for driver u1197/QN
[WARNING RSZ-0075] makeBufferedNet failed for driver u1197/QN
[WARNING RSZ-0075] makeBufferedNet failed for driver u967/QN
[WARNING RSZ-0075] makeBufferedNet failed for driver u967/QN
[WARNING RSZ-0075] makeBufferedNet failed for driver u967/QN
[WARNING RSZ-0075] makeBufferedNet failed for driver cut_2453342/Y
[WARNING RSZ-0075] makeBufferedNet failed for driver cut_2453434/Y
[WARNING RSZ-0075] makeBufferedNet failed for driver cut_2453316/Y
[WARNING RSZ-0075] makeBufferedNet failed for driver cut_2453315/Y
[WARNING RSZ-0075] makeBufferedNet failed for driver cut_2453444/Y
[WARNING RSZ-0075] makeBufferedNet failed for driver u967/QN
[WARNING RSZ-0075] makeBufferedNet failed for driver cut_2453342/Y
[WARNING RSZ-0075] makeBufferedNet failed for driver cut_2453434/Y
[WARNING RSZ-0075] makeBufferedNet failed for driver cut_2453316/Y
[WARNING RSZ-0075] makeBufferedNet failed for driver cut_2453315/Y
[WARNING RSZ-0075] makeBufferedNet failed for driver cut_2453444/Y
[WARNING RSZ-0075] makeBufferedNet failed for driver u967/QN
[WARNING RSZ-0075] makeBufferedNet failed for driver cut_2453342/Y
[WARNING RSZ-0075] makeBufferedNet failed for driver cut_2453434/Y
[WARNING RSZ-0075] makeBufferedNet failed for driver cut_2453316/Y
[WARNING RSZ-0075] makeBufferedNet failed for driver cut_2453315/Y
[WARNING RSZ-0075] makeBufferedNet failed for driver cut_2453444/Y
[WARNING RSZ-0075] makeBufferedNet failed for driver u1085/QN
[WARNING RSZ-0075] makeBufferedNet failed for driver u970/QN
[WARNING RSZ-0075] makeBufferedNet failed for driver u970/QN
[WARNING RSZ-0075] makeBufferedNet failed for driver u970/QN
[WARNING RSZ-0075] makeBufferedNet failed for driver cut_2453785/Y
[WARNING RSZ-0075] makeBufferedNet failed for driver u972/QN
[WARNING RSZ-0075] makeBufferedNet failed for driver u972/QN
[WARNING RSZ-0075] makeBufferedNet failed for driver cut_2452666/Y
[WARNING RSZ-0075] makeBufferedNet failed for driver u976/QN
[WARNING RSZ-0075] makeBufferedNet failed for driver u976/QN
[WARNING RSZ-0075] makeBufferedNet failed for driver u970/QN
[WARNING RSZ-0075] makeBufferedNet failed for driver u970/QN
[WARNING RSZ-0075] makeBufferedNet failed for driver cut_2452519/Y
[WARNING RSZ-0075] makeBufferedNet failed for driver cut_2452666/Y
[WARNING RSZ-0075] makeBufferedNet failed for driver u976/QN
[WARNING RSZ-0075] makeBufferedNet failed for driver u970/QN
[WARNING RSZ-0075] makeBufferedNet failed for driver cut_2452666/Y
[WARNING RSZ-0075] makeBufferedNet failed for driver split5881/Y
[WARNING RSZ-0075] makeBufferedNet failed for driver u972/QN
[WARNING RSZ-0075] makeBufferedNet failed for driver cut_2452666/Y
[WARNING RSZ-0075] makeBufferedNet failed for driver u147/QN
[WARNING RSZ-0075] makeBufferedNet failed for driver cut_2448785/Y
[WARNING RSZ-0075] makeBufferedNet failed for driver u147/QN
[WARNING RSZ-0075] makeBufferedNet failed for driver u967/QN
[WARNING RSZ-0075] makeBufferedNet failed for driver cut_2453342/Y
[WARNING RSZ-0075] makeBufferedNet failed for driver cut_2453434/Y
[WARNING RSZ-0075] makeBufferedNet failed for driver cut_2453316/Y
[WARNING RSZ-0075] makeBufferedNet failed for driver cut_2453315/Y
[WARNING RSZ-0075] makeBufferedNet failed for driver u967/QN
[WARNING RSZ-0075] makeBufferedNet failed for driver cut_2453342/Y
[WARNING RSZ-0075] makeBufferedNet failed for driver cut_2453434/Y
[WARNING RSZ-0075] makeBufferedNet failed for driver cut_2453316/Y
[WARNING RSZ-0075] makeBufferedNet failed for driver cut_2453315/Y
[WARNING RSZ-0075] makeBufferedNet failed for driver u967/QN
[WARNING RSZ-0075] makeBufferedNet failed for driver cut_2453342/Y
[WARNING RSZ-0075] makeBufferedNet failed for driver cut_2453434/Y
[WARNING RSZ-0075] makeBufferedNet failed for driver cut_2453316/Y
[WARNING RSZ-0075] makeBufferedNet failed for driver cut_2453315/Y
[WARNING RSZ-0075] makeBufferedNet failed for driver u967/QN
[WARNING RSZ-0075] makeBufferedNet failed for driver cut_2453342/Y
[WARNING RSZ-0075] makeBufferedNet failed for driver cut_2453434/Y
[WARNING RSZ-0075] makeBufferedNet failed for driver cut_2453316/Y
[WARNING RSZ-0075] makeBufferedNet failed for driver cut_2453315/Y
[WARNING RSZ-0075] makeBufferedNet failed for driver u967/QN
[WARNING RSZ-0075] makeBufferedNet failed for driver cut_2453342/Y
[WARNING RSZ-0075] makeBufferedNet failed for driver cut_2453434/Y
[WARNING RSZ-0075] makeBufferedNet failed for driver cut_2453316/Y
[WARNING RSZ-0075] makeBufferedNet failed for driver cut_2453315/Y
[WARNING RSZ-0075] makeBufferedNet failed for driver u967/QN
[WARNING RSZ-0075] makeBufferedNet failed for driver cut_2453342/Y
[WARNING RSZ-0075] makeBufferedNet failed for driver cut_2453434/Y
[WARNING RSZ-0075] makeBufferedNet failed for driver cut_2453316/Y
[WARNING RSZ-0075] makeBufferedNet failed for driver cut_2453315/Y
[WARNING RSZ-0075] makeBufferedNet failed for driver u967/QN
[WARNING RSZ-0075] makeBufferedNet failed for driver cut_2453342/Y
[WARNING RSZ-0075] makeBufferedNet failed for driver cut_2453434/Y
[WARNING RSZ-0075] makeBufferedNet failed for driver cut_2453316/Y
[WARNING RSZ-0075] makeBufferedNet failed for driver cut_2453315/Y
[WARNING RSZ-0075] makeBufferedNet failed for driver u565/QN
[WARNING RSZ-0075] makeBufferedNet failed for driver u565/QN
[WARNING RSZ-0075] makeBufferedNet failed for driver cut_2450852/Y
[WARNING RSZ-0075] makeBufferedNet failed for driver u565/QN
[WARNING RSZ-0075] makeBufferedNet failed for driver cut_2450852/Y
[WARNING RSZ-0075] makeBufferedNet failed for driver u565/QN
[WARNING RSZ-0075] makeBufferedNet failed for driver cut_2450852/Y
[WARNING RSZ-0075] makeBufferedNet failed for driver u565/QN
[WARNING RSZ-0075] makeBufferedNet failed for driver cut_2450852/Y
[WARNING RSZ-0075] makeBufferedNet failed for driver cut_2451065/Y
[WARNING RSZ-0075] makeBufferedNet failed for driver cut_2451131/Y
[WARNING RSZ-0075] makeBufferedNet failed for driver cut_2450776/Y
[WARNING RSZ-0075] makeBufferedNet failed for driver u565/QN
[WARNING RSZ-0075] makeBufferedNet failed for driver cut_2450852/Y
[WARNING RSZ-0075] makeBufferedNet failed for driver cut_2451065/Y
[WARNING RSZ-0075] makeBufferedNet failed for driver cut_2451131/Y
[WARNING RSZ-0075] makeBufferedNet failed for driver u565/QN
[WARNING RSZ-0075] makeBufferedNet failed for driver cut_2450852/Y
[WARNING RSZ-0075] makeBufferedNet failed for driver cut_2451065/Y
[WARNING RSZ-0075] makeBufferedNet failed for driver cut_2451130/Y
[WARNING RSZ-0075] makeBufferedNet failed for driver cut_2451131/Y
[WARNING RSZ-0075] makeBufferedNet failed for driver u565/QN
[WARNING RSZ-0075] makeBufferedNet failed for driver cut_2450852/Y
[WARNING RSZ-0075] makeBufferedNet failed for driver cut_2451065/Y
[WARNING RSZ-0075] makeBufferedNet failed for driver cut_2451130/Y
[WARNING RSZ-0075] makeBufferedNet failed for driver cut_2451131/Y
[WARNING RSZ-0075] makeBufferedNet failed for driver cut_2450776/Y
[WARNING RSZ-0075] makeBufferedNet failed for driver cut_2450822/Y
[WARNING RSZ-0075] makeBufferedNet failed for driver u565/QN
[WARNING RSZ-0075] makeBufferedNet failed for driver cut_2450852/Y
[WARNING RSZ-0075] makeBufferedNet failed for driver cut_2451065/Y
[WARNING RSZ-0075] makeBufferedNet failed for driver cut_2451130/Y
[WARNING RSZ-0075] makeBufferedNet failed for driver cut_2451131/Y
[WARNING RSZ-0075] makeBufferedNet failed for driver cut_2450776/Y
[WARNING RSZ-0075] makeBufferedNet failed for driver cut_2450822/Y
[WARNING RSZ-0075] makeBufferedNet failed for driver u565/QN
[WARNING RSZ-0075] makeBufferedNet failed for driver cut_2450852/Y
[WARNING RSZ-0075] makeBufferedNet failed for driver cut_2451065/Y
[WARNING RSZ-0075] makeBufferedNet failed for driver cut_2451130/Y
[WARNING RSZ-0075] makeBufferedNet failed for driver cut_2451131/Y
[WARNING RSZ-0075] makeBufferedNet failed for driver cut_2450776/Y
[WARNING RSZ-0075] makeBufferedNet failed for driver cut_2450822/Y
[WARNING RSZ-0075] makeBufferedNet failed for driver u565/QN
[WARNING RSZ-0075] makeBufferedNet failed for driver cut_2450852/Y
[WARNING RSZ-0075] makeBufferedNet failed for driver cut_2451065/Y
[WARNING RSZ-0075] makeBufferedNet failed for driver cut_2451130/Y
[WARNING RSZ-0075] makeBufferedNet failed for driver cut_2451131/Y
[WARNING RSZ-0075] makeBufferedNet failed for driver cut_2450776/Y
[WARNING RSZ-0075] makeBufferedNet failed for driver cut_2450822/Y
[WARNING RSZ-0075] makeBufferedNet failed for driver u970/QN
[WARNING RSZ-0075] makeBufferedNet failed for driver u5156/QN
[WARNING RSZ-0075] makeBufferedNet failed for driver u5156/QN
[WARNING RSZ-0075] makeBufferedNet failed for driver cut_2451922/Y
[WARNING RSZ-0075] makeBufferedNet failed for driver u5156/QN
[WARNING RSZ-0075] makeBufferedNet failed for driver u5161/QN
[WARNING RSZ-0075] makeBufferedNet failed for driver u5161/QN
[WARNING RSZ-0075] makeBufferedNet failed for driver cut_2456648/Y
[WARNING RSZ-0075] makeBufferedNet failed for driver u5161/QN
[WARNING RSZ-0075] makeBufferedNet failed for driver cut_2456648/Y
[WARNING RSZ-0075] makeBufferedNet failed for driver cut_2454877/Y
[WARNING RSZ-0075] makeBufferedNet failed for driver u5161/QN
[WARNING RSZ-0075] makeBufferedNet failed for driver cut_2456648/Y
[WARNING RSZ-0075] makeBufferedNet failed for driver cut_2454877/Y
[WARNING RSZ-0075] makeBufferedNet failed for driver u5161/QN
[WARNING RSZ-0075] makeBufferedNet failed for driver cut_2456648/Y
[WARNING RSZ-0075] makeBufferedNet failed for driver cut_2454877/Y
[WARNING RSZ-0075] makeBufferedNet failed for driver cut_2454805/Y
[WARNING RSZ-0075] makeBufferedNet failed for driver split5933/Y
[WARNING RSZ-0075] makeBufferedNet failed for driver u5156/QN
[WARNING RSZ-0075] makeBufferedNet failed for driver cut_2456648/Y
[WARNING RSZ-0075] makeBufferedNet failed for driver u5161/QN
[WARNING RSZ-0075] makeBufferedNet failed for driver cut_2456648/Y
[WARNING RSZ-0075] makeBufferedNet failed for driver cut_2454877/Y
[WARNING RSZ-0075] makeBufferedNet failed for driver cut_2454805/Y
[WARNING RSZ-0075] makeBufferedNet failed for driver split5933/Y
[WARNING RSZ-0075] makeBufferedNet failed for driver u5161/QN
[WARNING RSZ-0075] makeBufferedNet failed for driver cut_2456648/Y
[WARNING RSZ-0075] makeBufferedNet failed for driver cut_2454877/Y
[WARNING RSZ-0075] makeBufferedNet failed for driver cut_2451913/Y
[WARNING RSZ-0075] makeBufferedNet failed for driver u5156/QN
[WARNING RSZ-0075] makeBufferedNet failed for driver cut_2456648/Y
[WARNING RSZ-0075] makeBufferedNet failed for driver u5156/QN
[WARNING RSZ-0075] makeBufferedNet failed for driver u5156/QN
[WARNING RSZ-0075] makeBufferedNet failed for driver cut_2454823/Y
[WARNING RSZ-0075] makeBufferedNet failed for driver cut_2456648/Y
[WARNING RSZ-0075] makeBufferedNet failed for driver u5156/QN
[WARNING RSZ-0075] makeBufferedNet failed for driver cut_2456648/Y
[WARNING RSZ-0075] makeBufferedNet failed for driver u970/QN
[WARNING RSZ-0075] makeBufferedNet failed for driver u970/QN
[WARNING RSZ-0075] makeBufferedNet failed for driver u1795/QN
[WARNING RSZ-0075] makeBufferedNet failed for driver u565/QN
[WARNING RSZ-0075] makeBufferedNet failed for driver u970/QN
[WARNING RSZ-0075] makeBufferedNet failed for driver u563/QN
[WARNING RSZ-0075] makeBufferedNet failed for driver u563/QN
[WARNING RSZ-0075] makeBufferedNet failed for driver cut_2450814/Y
[WARNING RSZ-0075] makeBufferedNet failed for driver cut_2450926/Y
[WARNING RSZ-0075] makeBufferedNet failed for driver u565/QN
[WARNING RSZ-0075] makeBufferedNet failed for driver u565/QN
[WARNING RSZ-0075] makeBufferedNet failed for driver u970/QN
[WARNING RSZ-0075] makeBufferedNet failed for driver u5574/QN
[WARNING RSZ-0075] makeBufferedNet failed for driver u5572/QN
[WARNING RSZ-0075] makeBufferedNet failed for driver u253/QN
[WARNING RSZ-0075] makeBufferedNet failed for driver u253/QN
[WARNING RSZ-0075] makeBufferedNet failed for driver u136/QN
[WARNING RSZ-0075] makeBufferedNet failed for driver u322/QN
[WARNING RSZ-0075] makeBufferedNet failed for driver u322/QN
[WARNING RSZ-0075] makeBufferedNet failed for driver cut_2448855/Y
[WARNING RSZ-0075] makeBufferedNet failed for driver u253/QN
[WARNING RSZ-0075] makeBufferedNet failed for driver u322/QN
[WARNING RSZ-0075] makeBufferedNet failed for driver u322/QN
[WARNING RSZ-0075] makeBufferedNet failed for driver cut_2448819/Y
[WARNING RSZ-0075] makeBufferedNet failed for driver cut_2448873/Y
[WARNING RSZ-0075] makeBufferedNet failed for driver u322/QN
[WARNING RSZ-0075] makeBufferedNet failed for driver cut_2448819/Y
[WARNING RSZ-0075] makeBufferedNet failed for driver cut_2448873/Y
[WARNING RSZ-0075] makeBufferedNet failed for driver u322/QN
[WARNING RSZ-0075] makeBufferedNet failed for driver cut_2448819/Y
[WARNING RSZ-0075] makeBufferedNet failed for driver cut_2448873/Y
[WARNING RSZ-0075] makeBufferedNet failed for driver u322/QN
[WARNING RSZ-0075] makeBufferedNet failed for driver cut_2448819/Y
[WARNING RSZ-0075] makeBufferedNet failed for driver cut_2448873/Y
[WARNING RSZ-0075] makeBufferedNet failed for driver u322/QN
[WARNING RSZ-0075] makeBufferedNet failed for driver u322/QN
[WARNING RSZ-0075] makeBufferedNet failed for driver cut_2448819/Y
[WARNING RSZ-0075] makeBufferedNet failed for driver cut_2448873/Y
[WARNING RSZ-0075] makeBufferedNet failed for driver u322/QN
[WARNING RSZ-0075] makeBufferedNet failed for driver cut_2448819/Y
[WARNING RSZ-0075] makeBufferedNet failed for driver cut_2448873/Y
[WARNING RSZ-0075] makeBufferedNet failed for driver u322/QN
[WARNING RSZ-0075] makeBufferedNet failed for driver cut_2448819/Y
[WARNING RSZ-0075] makeBufferedNet failed for driver cut_2448873/Y
[WARNING RSZ-0075] makeBufferedNet failed for driver u322/QN
[WARNING RSZ-0075] makeBufferedNet failed for driver u322/QN
[WARNING RSZ-0075] makeBufferedNet failed for driver cut_2448847/Y
[WARNING RSZ-0075] makeBufferedNet failed for driver u253/QN
[WARNING RSZ-0075] makeBufferedNet failed for driver u136/QN
[WARNING RSZ-0075] makeBufferedNet failed for driver cut_2448827/Y
[WARNING RSZ-0075] makeBufferedNet failed for driver u253/QN
[WARNING RSZ-0075] makeBufferedNet failed for driver cut_2448827/Y
[WARNING RSZ-0075] makeBufferedNet failed for driver u322/QN
[WARNING RSZ-0075] makeBufferedNet failed for driver u322/QN
[WARNING RSZ-0075] makeBufferedNet failed for driver u322/QN
[WARNING RSZ-0075] makeBufferedNet failed for driver u322/QN
[WARNING RSZ-0075] makeBufferedNet failed for driver u322/QN
[WARNING RSZ-0075] makeBufferedNet failed for driver split5943/Y
[WARNING RSZ-0075] makeBufferedNet failed for driver u322/QN
[WARNING RSZ-0075] makeBufferedNet failed for driver split5943/Y
[WARNING RSZ-0075] makeBufferedNet failed for driver u322/QN
[WARNING RSZ-0075] makeBufferedNet failed for driver split5943/Y
[WARNING RSZ-0075] makeBufferedNet failed for driver cut_2448873/Y
[WARNING RSZ-0075] makeBufferedNet failed for driver u322/QN
[WARNING RSZ-0075] makeBufferedNet failed for driver split5943/Y
[WARNING RSZ-0075] makeBufferedNet failed for driver u322/QN
[WARNING RSZ-0075] makeBufferedNet failed for driver split5943/Y
[WARNING RSZ-0075] makeBufferedNet failed for driver u322/QN
[WARNING RSZ-0075] makeBufferedNet failed for driver split5943/Y
[WARNING RSZ-0075] makeBufferedNet failed for driver cut_2448871/Y
[WARNING RSZ-0075] makeBufferedNet failed for driver u322/QN
[WARNING RSZ-0075] makeBufferedNet failed for driver split5943/Y
[WARNING RSZ-0075] makeBufferedNet failed for driver cut_2448871/Y
[WARNING RSZ-0075] makeBufferedNet failed for driver cut_2448873/Y
[WARNING RSZ-0075] makeBufferedNet failed for driver cut_2448855/Y
[WARNING RSZ-0075] makeBufferedNet failed for driver u136/QN
[WARNING RSZ-0075] makeBufferedNet failed for driver cut_2448827/Y
[WARNING RSZ-0075] makeBufferedNet failed for driver cut_2448803/Y
[WARNING RSZ-0075] makeBufferedNet failed for driver cut_2448828/Y
[WARNING RSZ-0075] makeBufferedNet failed for driver cut_2448794/Y
[WARNING RSZ-0075] makeBufferedNet failed for driver u136/QN
[WARNING RSZ-0075] makeBufferedNet failed for driver cut_2448827/Y
[WARNING RSZ-0075] makeBufferedNet failed for driver cut_2448803/Y
[WARNING RSZ-0075] makeBufferedNet failed for driver cut_2448828/Y
[WARNING RSZ-0075] makeBufferedNet failed for driver u322/QN
[WARNING RSZ-0075] makeBufferedNet failed for driver split5943/Y
[WARNING RSZ-0075] makeBufferedNet failed for driver cut_2448871/Y
[WARNING RSZ-0075] makeBufferedNet failed for driver cut_2448855/Y
[WARNING RSZ-0075] makeBufferedNet failed for driver cut_2448873/Y
[WARNING RSZ-0075] makeBufferedNet failed for driver cut_2448874/Y
[WARNING RSZ-0075] makeBufferedNet failed for driver u322/QN
[WARNING RSZ-0075] makeBufferedNet failed for driver split5943/Y
[WARNING RSZ-0075] makeBufferedNet failed for driver cut_2448871/Y
[WARNING RSZ-0075] makeBufferedNet failed for driver cut_2448855/Y
[WARNING RSZ-0075] makeBufferedNet failed for driver cut_2448873/Y
[WARNING RSZ-0075] makeBufferedNet failed for driver cut_2448874/Y
[WARNING RSZ-0075] makeBufferedNet failed for driver u322/QN
[WARNING RSZ-0075] makeBufferedNet failed for driver split5943/Y
[WARNING RSZ-0075] makeBufferedNet failed for driver cut_2448871/Y
[WARNING RSZ-0075] makeBufferedNet failed for driver cut_2448855/Y
[WARNING RSZ-0075] makeBufferedNet failed for driver cut_2448873/Y
[WARNING RSZ-0075] makeBufferedNet failed for driver cut_2448874/Y
[WARNING RSZ-0075] makeBufferedNet failed for driver u136/QN
[WARNING RSZ-0075] makeBufferedNet failed for driver cut_2448827/Y
[WARNING RSZ-0075] makeBufferedNet failed for driver cut_2448803/Y
[WARNING RSZ-0075] makeBufferedNet failed for driver cut_2448828/Y
[WARNING RSZ-0075] makeBufferedNet failed for driver cut_2448794/Y
[WARNING RSZ-0075] makeBufferedNet failed for driver u136/QN
[WARNING RSZ-0075] makeBufferedNet failed for driver cut_2448827/Y
[WARNING RSZ-0075] makeBufferedNet failed for driver cut_2448803/Y
[WARNING RSZ-0075] makeBufferedNet failed for driver cut_2448828/Y
[WARNING RSZ-0075] makeBufferedNet failed for driver cut_2448794/Y
[WARNING RSZ-0075] makeBufferedNet failed for driver cut_2451231/Y
[WARNING RSZ-0075] makeBufferedNet failed for driver u136/QN
[WARNING RSZ-0075] makeBufferedNet failed for driver cut_2448827/Y
[WARNING RSZ-0075] makeBufferedNet failed for driver cut_2448803/Y
[WARNING RSZ-0075] makeBufferedNet failed for driver cut_2448828/Y
[WARNING RSZ-0075] makeBufferedNet failed for driver cut_2448794/Y
[WARNING RSZ-0075] makeBufferedNet failed for driver cut_2451231/Y
[WARNING RSZ-0075] makeBufferedNet failed for driver u5156/QN
[WARNING RSZ-0075] makeBufferedNet failed for driver u5996/QN
[WARNING RSZ-0075] makeBufferedNet failed for driver u5992/QN
[WARNING RSZ-0075] makeBufferedNet failed for driver u5574/QN
[WARNING RSZ-0075] makeBufferedNet failed for driver u5990/QN
[WARNING RSZ-0075] makeBufferedNet failed for driver u5996/QN
[WARNING RSZ-0075] makeBufferedNet failed for driver u5992/QN
[WARNING RSZ-0075] makeBufferedNet failed for driver u5574/QN
[WARNING RSZ-0075] makeBufferedNet failed for driver u5156/QN
[WARNING RSZ-0075] makeBufferedNet failed for driver u5576/QN
[WARNING RSZ-0075] makeBufferedNet failed for driver u5576/QN
[WARNING RSZ-0075] makeBufferedNet failed for driver u5574/QN
[WARNING RSZ-0075] makeBufferedNet failed for driver cut_2452086/Y
[WARNING RSZ-0075] makeBufferedNet failed for driver u5160/QN
[WARNING RSZ-0075] makeBufferedNet failed for driver u5992/QN
[WARNING RSZ-0075] makeBufferedNet failed for driver u5574/QN
[WARNING RSZ-0075] makeBufferedNet failed for driver u5995/QN
[WARNING RSZ-0075] makeBufferedNet failed for driver u5158/QN
[WARNING RSZ-0075] makeBufferedNet failed for driver u5576/QN
[WARNING RSZ-0075] makeBufferedNet failed for driver u5576/QN
[WARNING RSZ-0075] makeBufferedNet failed for driver u5156/QN
[WARNING RSZ-0075] makeBufferedNet failed for driver u5161/QN
[WARNING RSZ-0075] makeBufferedNet failed for driver split5933/Y
[WARNING RSZ-0075] makeBufferedNet failed for driver u5574/QN
[WARNING RSZ-0075] makeBufferedNet failed for driver u5571/QN
[WARNING RSZ-0075] makeBufferedNet failed for driver u5576/QN
[WARNING RSZ-0075] makeBufferedNet failed for driver u5574/QN
[WARNING RSZ-0075] makeBufferedNet failed for driver u5574/QN
[WARNING RSZ-0075] makeBufferedNet failed for driver u5576/QN
[WARNING RSZ-0075] makeBufferedNet failed for driver cut_2451910/Y
[WARNING RSZ-0075] makeBufferedNet failed for driver u5574/QN
[WARNING RSZ-0075] makeBufferedNet failed for driver cut_2451765/Y
[WARNING RSZ-0075] makeBufferedNet failed for driver u5574/QN
[WARNING RSZ-0075] makeBufferedNet failed for driver u5576/QN
[WARNING RSZ-0075] makeBufferedNet failed for driver cut_2451910/Y
[WARNING RSZ-0075] makeBufferedNet failed for driver u5572/QN
[WARNING RSZ-0075] makeBufferedNet failed for driver u5158/QN
[WARNING RSZ-0075] makeBufferedNet failed for driver u5576/QN
[WARNING RSZ-0075] makeBufferedNet failed for driver cut_2451910/Y
[WARNING RSZ-0075] makeBufferedNet failed for driver cut_2451832/Y
[WARNING RSZ-0075] makeBufferedNet failed for driver u5576/QN
[WARNING RSZ-0075] makeBufferedNet failed for driver cut_2451910/Y
[WARNING RSZ-0075] makeBufferedNet failed for driver cut_2451791/Y
[WARNING RSZ-0075] makeBufferedNet failed for driver u5574/QN
[WARNING RSZ-0075] makeBufferedNet failed for driver cut_2451770/Y
[WARNING RSZ-0075] makeBufferedNet failed for driver u5571/QN
[WARNING RSZ-0075] makeBufferedNet failed for driver u5576/QN
[WARNING RSZ-0075] makeBufferedNet failed for driver cut_2451910/Y
[WARNING RSZ-0075] makeBufferedNet failed for driver cut_2451758/Y
[WARNING RSZ-0075] makeBufferedNet failed for driver u5576/QN
[WARNING RSZ-0075] makeBufferedNet failed for driver cut_2451910/Y
[WARNING RSZ-0075] makeBufferedNet failed for driver cut_2451758/Y
[WARNING RSZ-0075] makeBufferedNet failed for driver cut_2451791/Y
[WARNING RSZ-0075] makeBufferedNet failed for driver u5576/QN
[WARNING RSZ-0075] makeBufferedNet failed for driver cut_2451910/Y
[WARNING RSZ-0075] makeBufferedNet failed for driver cut_2451832/Y
[WARNING RSZ-0075] makeBufferedNet failed for driver cut_2451760/Y
[WARNING RSZ-0075] makeBufferedNet failed for driver u5576/QN
[WARNING RSZ-0075] makeBufferedNet failed for driver cut_2451910/Y
[WARNING RSZ-0075] makeBufferedNet failed for driver cut_2451832/Y
[WARNING RSZ-0075] makeBufferedNet failed for driver cut_2451760/Y
[WARNING RSZ-0075] makeBufferedNet failed for driver u5574/QN
[WARNING RSZ-0075] makeBufferedNet failed for driver u5576/QN
[WARNING RSZ-0075] makeBufferedNet failed for driver cut_2451910/Y
[WARNING RSZ-0075] makeBufferedNet failed for driver cut_2451758/Y
[WARNING RSZ-0075] makeBufferedNet failed for driver u5576/QN
[WARNING RSZ-0075] makeBufferedNet failed for driver cut_2451910/Y
[WARNING RSZ-0075] makeBufferedNet failed for driver cut_2451758/Y
[WARNING RSZ-0075] makeBufferedNet failed for driver u565/QN
[WARNING RSZ-0075] makeBufferedNet failed for driver cut_2450801/Y
[WARNING RSZ-0075] makeBufferedNet failed for driver cut_2450776/Y
[WARNING RSZ-0075] makeBufferedNet failed for driver u565/QN
[WARNING RSZ-0075] makeBufferedNet failed for driver cut_2450801/Y
[WARNING RSZ-0075] makeBufferedNet failed for driver cut_2450856/Y
[WARNING RSZ-0075] makeBufferedNet failed for driver cut_2450776/Y
[WARNING RSZ-0075] makeBufferedNet failed for driver u565/QN
[WARNING RSZ-0075] makeBufferedNet failed for driver cut_2450801/Y
[WARNING RSZ-0075] makeBufferedNet failed for driver cut_2450856/Y
[WARNING RSZ-0075] makeBufferedNet failed for driver cut_2450776/Y
[WARNING RSZ-0075] makeBufferedNet failed for driver u970/QN
[WARNING RSZ-0075] makeBufferedNet failed for driver u147/QN
[WARNING RSZ-0075] makeBufferedNet failed for driver u322/QN
[WARNING RSZ-0075] makeBufferedNet failed for driver u253/QN
[WARNING RSZ-0075] makeBufferedNet failed for driver u322/QN
[WARNING RSZ-0075] makeBufferedNet failed for driver u136/QN
[WARNING RSZ-0075] makeBufferedNet failed for driver u5574/QN
[WARNING RSZ-0075] makeBufferedNet failed for driver cut_2451765/Y
[WARNING RSZ-0075] makeBufferedNet failed for driver u5158/QN
[WARNING RSZ-0075] makeBufferedNet failed for driver u5158/QN
[WARNING RSZ-0075] makeBufferedNet failed for driver cut_2454945/Y
[WARNING RSZ-0075] makeBufferedNet failed for driver cut_2456021/Y
[WARNING RSZ-0075] makeBufferedNet failed for driver u5574/QN
[WARNING RSZ-0075] makeBufferedNet failed for driver cut_2451765/Y
[WARNING RSZ-0075] makeBufferedNet failed for driver u3906/QN
[WARNING RSZ-0075] makeBufferedNet failed for driver u3905/QN
[WARNING RSZ-0075] makeBufferedNet failed for driver u3907/QN
[WARNING RSZ-0075] makeBufferedNet failed for driver u3492/QN
[WARNING RSZ-0075] message limit (1000) reached. This message will no longer print.
     965* |       0 |     406 |       77 |     16 |    84 |    +1.1% |  -15.853 |     -154.2 |     -142.4 |    238 | u1617/D
    final |       0 |     431 |       77 |     16 |    86 |    +1.1% |  -15.853 |     -105.2 |      -99.5 |     19 | u1617/D
------------------------------------------------------------------------------------------------------------------------------
[INFO RSZ-0045] Inserted 77 buffers, 70 to split loads.
[INFO RSZ-0051] Resized 431 instances: 431 up, 0 up match, 0 down, 0 VT
[INFO RSZ-0043] Swapped pins on 86 instances.
[INFO RSZ-0049] Cloned 16 instances.
[WARNING RSZ-0062] Unable to repair all setup violations.
[INFO RSZ-0505] Runtime: 33.56s
C6_DONE mode=annealing_repair seed=3
Elapsed time: 18:48.93[h:]min:sec. CPU time: user 1099.17 sys 23.50 (99%). Peak memory: 381156KB.
make_exit=0
