OpenROAD unknown 
Features included (+) or not (-): -GPU +GUI -Python
This program is licensed under the BSD-3 license. See the LICENSE file for details.
Components of this program may be licensed under more restrictive licenses which must be honored.
[INFO ORD-0030] Using 1 thread(s).
SIGNOFF_WS corner=tt setup=8.664233774879904e-10 hold=2.1608442812848239e-10
SIGNOFF_SETUP_PATH_BEGIN
Startpoint: stt3_ff (rising edge-triggered flip-flop clocked by clk)
Endpoint: row40/_153_ (rising edge-triggered flip-flop clocked by clk)
Path Group: clk
Path Type: max

Fanout       Cap      Slew     Delay      Time   Description
-------------------------------------------------------------------------------------
                              0.0000    0.0000   clock clk (rise edge)
                              0.9645    0.9645   clock network delay (propagated)
                    0.0636    0.0000    0.9645 ^ stt3_ff/CLK (sky130_fd_sc_hd__dfxtp_4)
    25    0.2574    0.7133    0.8191    1.7837 ^ stt3_ff/Q (sky130_fd_sc_hd__dfxtp_4)
                                                 st_tree (net)
    36    0.1905    0.2238    0.3432    2.1268 ^ place2558/X (sky130_fd_sc_hd__buf_12)
                                                 net2557 (net)
    23    0.1117    0.3074    0.3597    2.4866 ^ place2556/X (sky130_fd_sc_hd__buf_4)
                                                 net2555 (net)
     2    0.0080    0.0912    0.1335    2.6201 v row40/_093_/Y (sky130_fd_sc_hd__nor2b_1)
                                                 row40/_052_ (net)
     1    0.0024    0.0611    0.3548    2.9749 v row40/_094_/X (sky130_fd_sc_hd__maj3_1)
                                                 row40/_001_ (net)
                    0.0611    0.0001    2.9750 v row40/_153_/D (sky130_fd_sc_hd__dfxtp_1)
                                        2.9750   data arrival time

                              3.0000    3.0000   clock clk (rise edge)
                              0.9558    3.9558   clock network delay (propagated)
                              0.0000    3.9558   clock reconvergence pessimism
                                        3.9558 ^ row40/_153_/CLK (sky130_fd_sc_hd__dfxtp_1)
                             -0.1144    3.8414   library setup time
                                        3.8414   data required time
-------------------------------------------------------------------------------------
                                        3.8414   data required time
                                       -2.9750   data arrival time
-------------------------------------------------------------------------------------
                                        0.8664   slack (MET)


SIGNOFF_SETUP_PATH_END
SIGNOFF_HOLD_PATH_BEGIN
Startpoint: start (input port clocked by clk)
Endpoint: gen5/_121_ (rising edge-triggered flip-flop clocked by clk)
Path Group: clk
Path Type: min

    Delay      Time   Description
-------------------------------------------------------------
   0.0000    0.0000   clock clk (rise edge)
   0.0000    0.0000   clock network delay (propagated)
   0.0000    0.0000 v input external delay
   0.0000    0.0000 v start (in)
                      start (net)
   0.5330    0.5330 v hold3149/X (sky130_fd_sc_hd__dlygate4sd3_1)
                      net3148 (net)
   0.2782    0.8111 v input2/X (sky130_fd_sc_hd__buf_2)
                      net1 (net)
   0.2894    1.1006 v place3146/X (sky130_fd_sc_hd__buf_4)
                      net3145 (net)
   0.0022    1.1028 v gen5/_121_/D (sky130_fd_sc_hd__dfxtp_1)
             1.1028   data arrival time

   0.0000    0.0000   clock clk (rise edge)
   0.9510    0.9510   clock network delay (propagated)
   0.0000    0.9510   clock reconvergence pessimism
             0.9510 ^ gen5/_121_/CLK (sky130_fd_sc_hd__dfxtp_1)
  -0.0644    0.8867   library hold time
             0.8867   data required time
-------------------------------------------------------------
             0.8867   data required time
            -1.1028   data arrival time
-------------------------------------------------------------
             0.2161   slack (MET)


SIGNOFF_HOLD_PATH_END
SIGNOFF_PROG_WS setup=1.1986907022532023e-9
SIGNOFF_PROG_PATH_BEGIN
Startpoint: ng9_1/_7_ (rising edge-triggered flip-flop clocked by clk)
Endpoint: row36/_164_ (rising edge-triggered flip-flop clocked by clk)
Path Group: clk
Path Type: max

Fanout       Cap      Slew     Delay      Time   Description
-------------------------------------------------------------------------------------
                              0.0000    0.0000   clock clk (rise edge)
                              0.9701    0.9701   clock network delay (propagated)
                    0.0601    0.0000    0.9701 ^ ng9_1/_7_/CLK (sky130_fd_sc_hd__dfxtp_1)
     1    0.0037    0.0476    0.3111    1.2812 ^ ng9_1/_7_/Q (sky130_fd_sc_hd__dfxtp_1)
                                                 pp9_1 (net)
     4    0.0762    0.2127    0.2324    1.5135 ^ place2604/X (sky130_fd_sc_hd__buf_4)
                                                 net2603 (net)
     1    0.0077    0.0501    0.1642    1.6777 ^ lt_pp9_1_s2/Z (LTAPB2)
                                                 pgm_pp9_1_s2 (net)
     2    0.0328    0.3849    0.3177    1.9954 ^ vs_36_9/Z (VSITE_BUF)
                                                 lf_36_9 (net)
     1    0.0235    0.1638    0.6108    2.6062 v row36/_113_/X (sky130_fd_sc_hd__xor3_1)
                                                 row36/_036_ (net)
                    0.1638    0.0022    2.6085 v row36/_164_/D (sky130_fd_sc_hd__dfxtp_1)
                                        2.6085   data arrival time

                              3.0000    3.0000   clock clk (rise edge)
                              0.9656    3.9656   clock network delay (propagated)
                              0.0000    3.9656   clock reconvergence pessimism
                                        3.9656 ^ row36/_164_/CLK (sky130_fd_sc_hd__dfxtp_1)
                             -0.1584    3.8071   library setup time
                                        3.8071   data required time
-------------------------------------------------------------------------------------
                                        3.8071   data required time
                                       -2.6085   data arrival time
-------------------------------------------------------------------------------------
                                        1.1987   slack (MET)


SIGNOFF_PROG_PATH_END
SIGNOFF_SLEW tap_input_max=0.299166 tap_input_pin=lt_pn16_10_s3/A site_input_max=0.162893 site_input_pin=vs_17_2/A
SIGNOFF_SPINE_DRIVERS sky130_fd_sc_hd__buf_4 2069 sky130_fd_sc_hd__dfxtp_1 123
