OpenROAD unknown 
Features included (+) or not (-): -GPU +GUI -Python
This program is licensed under the BSD-3 license. See the LICENSE file for details.
Components of this program may be licensed under more restrictive licenses which must be honored.
[INFO ORD-0030] Using 1 thread(s).
SIGNOFF_WS corner=ss setup=-1.1744774042199424e-9 hold=6.180480571771341e-10
SIGNOFF_SETUP_PATH_BEGIN
Startpoint: stt3_ff (rising edge-triggered flip-flop clocked by clk)
Endpoint: row40/_153_ (rising edge-triggered flip-flop clocked by clk)
Path Group: clk
Path Type: max

Fanout       Cap      Slew     Delay      Time   Description
-------------------------------------------------------------------------------------
                              0.0000    0.0000   clock clk (rise edge)
                              1.6277    1.6277   clock network delay (propagated)
                    0.0959    0.0000    1.6277 ^ stt3_ff/CLK (sky130_fd_sc_hd__dfxtp_4)
    25    0.2543    1.1131    1.4674    3.0952 ^ stt3_ff/Q (sky130_fd_sc_hd__dfxtp_4)
                                                 st_tree (net)
    36    0.1899    0.3477    0.7077    3.8028 ^ place2558/X (sky130_fd_sc_hd__buf_12)
                                                 net2557 (net)
    23    0.1111    0.4841    0.6374    4.4402 ^ place2556/X (sky130_fd_sc_hd__buf_4)
                                                 net2555 (net)
     2    0.0079    0.1455    0.2832    4.7234 v row40/_093_/Y (sky130_fd_sc_hd__nor2b_1)
                                                 row40/_052_ (net)
     1    0.0023    0.1288    0.7766    5.5000 v row40/_094_/X (sky130_fd_sc_hd__maj3_1)
                                                 row40/_001_ (net)
                    0.1288    0.0001    5.5001 v row40/_153_/D (sky130_fd_sc_hd__dfxtp_1)
                                        5.5001   data arrival time

                              3.0000    3.0000   clock clk (rise edge)
                              1.6140    4.6140   clock network delay (propagated)
                              0.0000    4.6140   clock reconvergence pessimism
                                        4.6140 ^ row40/_153_/CLK (sky130_fd_sc_hd__dfxtp_1)
                             -0.2884    4.3256   library setup time
                                        4.3256   data required time
-------------------------------------------------------------------------------------
                                        4.3256   data required time
                                       -5.5001   data arrival time
-------------------------------------------------------------------------------------
                                       -1.1745   slack (VIOLATED)


SIGNOFF_SETUP_PATH_END
SIGNOFF_HOLD_PATH_BEGIN
Startpoint: x[62] (input port clocked by clk)
Endpoint: gen20/_122_ (rising edge-triggered flip-flop clocked by clk)
Path Group: clk
Path Type: min

    Delay      Time   Description
-------------------------------------------------------------
   0.0000    0.0000   clock clk (rise edge)
   0.0000    0.0000   clock network delay (propagated)
   0.0000    0.0000 ^ input external delay
   0.0000    0.0000 ^ x[62] (in)
                      x[62] (net)
   1.0135    1.0135 ^ hold3157/X (sky130_fd_sc_hd__dlygate4sd3_1)
                      net3156 (net)
   1.0946    2.1081 ^ input61/X (sky130_fd_sc_hd__clkdlybuf4s50_1)
                      net60 (net)
   0.0014    2.1095 ^ gen20/_122_/D (sky130_fd_sc_hd__dfxtp_1)
             2.1095   data arrival time

   0.0000    0.0000   clock clk (rise edge)
   1.6502    1.6502   clock network delay (propagated)
   0.0000    1.6502   clock reconvergence pessimism
             1.6502 ^ gen20/_122_/CLK (sky130_fd_sc_hd__dfxtp_1)
  -0.1587    1.4915   library hold time
             1.4915   data required time
-------------------------------------------------------------
             1.4915   data required time
            -2.1095   data arrival time
-------------------------------------------------------------
             0.6180   slack (MET)


SIGNOFF_HOLD_PATH_END
SIGNOFF_PROG_WS setup=-9.129026423693176e-10
SIGNOFF_PROG_PATH_BEGIN
Startpoint: ng9_3/_7_ (rising edge-triggered flip-flop clocked by clk)
Endpoint: row36/_164_ (rising edge-triggered flip-flop clocked by clk)
Path Group: clk
Path Type: max

Fanout       Cap      Slew     Delay      Time   Description
-------------------------------------------------------------------------------------
                              0.0000    0.0000   clock clk (rise edge)
                              1.6282    1.6282   clock network delay (propagated)
                    0.0908    0.0000    1.6282 ^ ng9_3/_7_/CLK (sky130_fd_sc_hd__dfxtp_1)
     1    0.0052    0.0998    0.6602    2.2883 ^ ng9_3/_7_/Q (sky130_fd_sc_hd__dfxtp_1)
                                                 pp9_3 (net)
     4    0.0797    0.3528    0.4269    2.7152 ^ place2594/X (sky130_fd_sc_hd__buf_4)
                                                 net2593 (net)
    16    0.0549    0.4254    0.5782    3.2934 ^ lt_pp9_3_s2/Z (LTAPB2)
                                                 pgm_pp9_3_s2 (net)
     2    0.0325    0.6110    0.6547    3.9481 ^ vs_36_9/Z (VSITE_BUF)
                                                 lf_36_9 (net)
     1    0.0234    0.3017    1.2345    5.1826 v row36/_113_/X (sky130_fd_sc_hd__xor3_1)
                                                 row36/_036_ (net)
                    0.3017    0.0022    5.1848 v row36/_164_/D (sky130_fd_sc_hd__dfxtp_1)
                                        5.1848   data arrival time

                              3.0000    3.0000   clock clk (rise edge)
                              1.6302    4.6302   clock network delay (propagated)
                              0.0000    4.6302   clock reconvergence pessimism
                                        4.6302 ^ row36/_164_/CLK (sky130_fd_sc_hd__dfxtp_1)
                             -0.3583    4.2719   library setup time
                                        4.2719   data required time
-------------------------------------------------------------------------------------
                                        4.2719   data required time
                                       -5.1848   data arrival time
-------------------------------------------------------------------------------------
                                       -0.9129   slack (VIOLATED)


SIGNOFF_PROG_PATH_END
SIGNOFF_SLEW tap_input_max=0.471875 tap_input_pin=lt_pn16_10_s3/A site_input_max=0.441841 site_input_pin=vs_16_14/A
SIGNOFF_SPINE_DRIVERS sky130_fd_sc_hd__buf_4 2069 sky130_fd_sc_hd__dfxtp_1 123
