OpenROAD unknown 
Features included (+) or not (-): -GPU +GUI -Python
This program is licensed under the BSD-3 license. See the LICENSE file for details.
Components of this program may be licensed under more restrictive licenses which must be honored.
[INFO ORD-0030] Using 1 thread(s).
SIGNOFF_WS corner=tt setup=8.691103392521882e-10 hold=2.1710533371077645e-10
SIGNOFF_SETUP_PATH_BEGIN
Startpoint: stt3_ff (rising edge-triggered flip-flop clocked by clk)
Endpoint: row40/_153_ (rising edge-triggered flip-flop clocked by clk)
Path Group: clk
Path Type: max

Fanout       Cap      Slew     Delay      Time   Description
-------------------------------------------------------------------------------------
                              0.0000    0.0000   clock clk (rise edge)
                              0.9620    0.9620   clock network delay (propagated)
                    0.0635    0.0000    0.9620 ^ stt3_ff/CLK (sky130_fd_sc_hd__dfxtp_4)
    25    0.2565    0.7107    0.8173    1.7793 ^ stt3_ff/Q (sky130_fd_sc_hd__dfxtp_4)
                                                 st_tree (net)
    36    0.1904    0.2237    0.3430    2.1223 ^ place2558/X (sky130_fd_sc_hd__buf_12)
                                                 net2557 (net)
    23    0.1113    0.3063    0.3589    2.4812 ^ place2556/X (sky130_fd_sc_hd__buf_4)
                                                 net2555 (net)
     2    0.0080    0.0910    0.1334    2.6146 v row40/_093_/Y (sky130_fd_sc_hd__nor2b_1)
                                                 row40/_052_ (net)
     1    0.0024    0.0611    0.3548    2.9694 v row40/_094_/X (sky130_fd_sc_hd__maj3_1)
                                                 row40/_001_ (net)
                    0.0611    0.0001    2.9695 v row40/_153_/D (sky130_fd_sc_hd__dfxtp_1)
                                        2.9695   data arrival time

                              3.0000    3.0000   clock clk (rise edge)
                              0.9530    3.9530   clock network delay (propagated)
                              0.0000    3.9530   clock reconvergence pessimism
                                        3.9530 ^ row40/_153_/CLK (sky130_fd_sc_hd__dfxtp_1)
                             -0.1144    3.8386   library setup time
                                        3.8386   data required time
-------------------------------------------------------------------------------------
                                        3.8386   data required time
                                       -2.9695   data arrival time
-------------------------------------------------------------------------------------
                                        0.8691   slack (MET)


SIGNOFF_SETUP_PATH_END
SIGNOFF_HOLD_PATH_BEGIN
Startpoint: start (input port clocked by clk)
Endpoint: gen5/_121_ (rising edge-triggered flip-flop clocked by clk)
Path Group: clk
Path Type: min

    Delay      Time   Description
-------------------------------------------------------------
   0.0000    0.0000   clock clk (rise edge)
   0.0000    0.0000   clock network delay (propagated)
   0.0000    0.0000 v input external delay
   0.0000    0.0000 v start (in)
                      start (net)
   0.5330    0.5330 v hold3149/X (sky130_fd_sc_hd__dlygate4sd3_1)
                      net3148 (net)
   0.2776    0.8106 v input2/X (sky130_fd_sc_hd__buf_2)
                      net1 (net)
   0.2889    1.0995 v place3146/X (sky130_fd_sc_hd__buf_4)
                      net3145 (net)
   0.0022    1.1017 v gen5/_121_/D (sky130_fd_sc_hd__dfxtp_1)
             1.1017   data arrival time

   0.0000    0.0000   clock clk (rise edge)
   0.9490    0.9490   clock network delay (propagated)
   0.0000    0.9490   clock reconvergence pessimism
             0.9490 ^ gen5/_121_/CLK (sky130_fd_sc_hd__dfxtp_1)
  -0.0644    0.8846   library hold time
             0.8846   data required time
-------------------------------------------------------------
             0.8846   data required time
            -1.1017   data arrival time
-------------------------------------------------------------
             0.2171   slack (MET)


SIGNOFF_HOLD_PATH_END
SIGNOFF_PROG_WS setup=9.79057057648447e-10
SIGNOFF_PROG_PATH_BEGIN
Startpoint: ng9_3/_7_ (rising edge-triggered flip-flop clocked by clk)
Endpoint: row36/_164_ (rising edge-triggered flip-flop clocked by clk)
Path Group: clk
Path Type: max

Fanout       Cap      Slew     Delay      Time   Description
-------------------------------------------------------------------------------------
                              0.0000    0.0000   clock clk (rise edge)
                              0.9641    0.9641   clock network delay (propagated)
                    0.0601    0.0000    0.9641 ^ ng9_3/_7_/CLK (sky130_fd_sc_hd__dfxtp_1)
     1    0.0052    0.0608    0.3212    1.2853 ^ ng9_3/_7_/Q (sky130_fd_sc_hd__dfxtp_1)
                                                 pp9_3 (net)
     4    0.0799    0.2227    0.2426    1.5280 ^ place2594/X (sky130_fd_sc_hd__buf_4)
                                                 net2593 (net)
    16    0.0559    0.2723    0.3281    1.8561 ^ lt_pp9_3_s2/Z (LTAPB2)
                                                 pgm_pp9_3_s2 (net)
     2    0.0326    0.3820    0.3576    2.2137 ^ vs_36_9/Z (VSITE_BUF)
                                                 lf_36_9 (net)
     1    0.0234    0.1636    0.6101    2.8238 v row36/_113_/X (sky130_fd_sc_hd__xor3_1)
                                                 row36/_036_ (net)
                    0.1637    0.0022    2.8260 v row36/_164_/D (sky130_fd_sc_hd__dfxtp_1)
                                        2.8260   data arrival time

                              3.0000    3.0000   clock clk (rise edge)
                              0.9635    3.9635   clock network delay (propagated)
                              0.0000    3.9635   clock reconvergence pessimism
                                        3.9635 ^ row36/_164_/CLK (sky130_fd_sc_hd__dfxtp_1)
                             -0.1584    3.8051   library setup time
                                        3.8051   data required time
-------------------------------------------------------------------------------------
                                        3.8051   data required time
                                       -2.8260   data arrival time
-------------------------------------------------------------------------------------
                                        0.9791   slack (MET)


SIGNOFF_PROG_PATH_END
SIGNOFF_SLEW tap_input_max=0.298070 tap_input_pin=lt_pn16_10_s3/A site_input_max=0.282732 site_input_pin=vs_16_14/A
SIGNOFF_SPINE_DRIVERS sky130_fd_sc_hd__buf_4 2069 sky130_fd_sc_hd__dfxtp_1 123
