OpenROAD unknown 
Features included (+) or not (-): -GPU +GUI -Python
This program is licensed under the BSD-3 license. See the LICENSE file for details.
Components of this program may be licensed under more restrictive licenses which must be honored.
[INFO ORD-0030] Using 1 thread(s).
SIGNOFF_WS corner=ff setup=-3.299951423230141e-10 hold=2.1832480268102472e-10
SIGNOFF_SETUP_PATH_BEGIN
Startpoint: ctl/_5_ (rising edge-triggered flip-flop clocked by clk)
Endpoint: row55/_630_ (rising edge-triggered flip-flop clocked by clk)
Path Group: clk
Path Type: max

Fanout       Cap      Slew     Delay      Time   Description
-------------------------------------------------------------------------------------
                              0.0000    0.0000   clock clk (rise edge)
                              0.7511    0.7511   clock network delay (propagated)
                    0.0510    0.0000    0.7511 ^ ctl/_5_/CLK (sky130_fd_sc_hd__dfxtp_1)
     2    0.0061    0.0511    0.2065    0.9576 ^ ctl/_5_/Q (sky130_fd_sc_hd__dfxtp_1)
                                                 ph[3] (net)
     6    0.1478    0.3061    0.2508    1.2084 ^ place7607/X (sky130_fd_sc_hd__buf_4)
                                                 net7607 (net)
    30    0.4307    0.8836    0.6016    1.8101 ^ place7606/X (sky130_fd_sc_hd__buf_4)
                                                 net7606 (net)
    30    0.4189    0.8559    0.5931    2.4031 ^ place7605/X (sky130_fd_sc_hd__buf_4)
                                                 net7605 (net)
     2    0.0059    0.1514    0.1949    2.5980 v row55/_500_/Y (sky130_fd_sc_hd__a21oi_1)
                                                 row55/_212_ (net)
     2    0.0066    0.1624    0.2241    2.8221 ^ row55/_503_/Y (sky130_fd_sc_hd__a41oi_1)
                                                 row55/_215_ (net)
     2    0.0112    0.0744    0.0853    2.9074 v row55/_507_/Y (sky130_fd_sc_hd__a21boi_1)
                                                 row55/_219_ (net)
     2    0.0092    0.1635    0.1483    3.0557 ^ row55/_511_/Y (sky130_fd_sc_hd__o22ai_1)
                                                 row55/_223_ (net)
     2    0.0083    0.0690    0.0721    3.1278 v row55/_514_/Y (sky130_fd_sc_hd__a21oi_1)
                                                 row55/_226_ (net)
     2    0.0086    0.1561    0.1404    3.2682 ^ row55/_518_/Y (sky130_fd_sc_hd__o22ai_1)
                                                 row55/_230_ (net)
     2    0.0077    0.0658    0.0691    3.3374 v row55/_521_/Y (sky130_fd_sc_hd__a21oi_1)
                                                 row55/_233_ (net)
     3    0.0143    0.1546    0.1258    3.4632 ^ row55/_525_/Y (sky130_fd_sc_hd__o22ai_2)
                                                 row55/_237_ (net)
     4    0.0139    0.0699    0.2991    3.7623 v row55/_528_/X (sky130_fd_sc_hd__or4b_4)
                                                 row55/_240_ (net)
     1    0.0052    0.2016    0.1611    3.9234 ^ row55/_530_/Y (sky130_fd_sc_hd__nor4_1)
                                                 row55/_242_ (net)
     1    0.0032    0.0500    0.0537    3.9771 v row55/_532_/Y (sky130_fd_sc_hd__xnor2_1)
                                                 row55/_269_[13] (net)
                    0.0500    0.0001    3.9772 v row55/_630_/D (sky130_fd_sc_hd__dfxtp_1)
                                        3.9772   data arrival time

                              3.0000    3.0000   clock clk (rise edge)
                              0.7224    3.7224   clock network delay (propagated)
                              0.0000    3.7224   clock reconvergence pessimism
                                        3.7224 ^ row55/_630_/CLK (sky130_fd_sc_hd__dfxtp_1)
                             -0.0752    3.6472   library setup time
                                        3.6472   data required time
-------------------------------------------------------------------------------------
                                        3.6472   data required time
                                       -3.9772   data arrival time
-------------------------------------------------------------------------------------
                                       -0.3300   slack (VIOLATED)


SIGNOFF_SETUP_PATH_END
SIGNOFF_HOLD_PATH_BEGIN
Startpoint: ctl/_6_ (rising edge-triggered flip-flop clocked by clk)
Endpoint: ctl/_7_ (rising edge-triggered flip-flop clocked by clk)
Path Group: clk
Path Type: min

    Delay      Time   Description
-------------------------------------------------------------
   0.0000    0.0000   clock clk (rise edge)
   0.7512    0.7512   clock network delay (propagated)
   0.0000    0.7512 ^ ctl/_6_/CLK (sky130_fd_sc_hd__dfxtp_1)
   0.2007    0.9519 ^ ctl/_6_/Q (sky130_fd_sc_hd__dfxtp_1)
                      ph[4] (net)
   0.0000    0.9519 ^ ctl/_7_/D (sky130_fd_sc_hd__dfxtp_1)
             0.9519   data arrival time

   0.0000    0.0000   clock clk (rise edge)
   0.7513    0.7513   clock network delay (propagated)
   0.0000    0.7513   clock reconvergence pessimism
             0.7513 ^ ctl/_7_/CLK (sky130_fd_sc_hd__dfxtp_1)
  -0.0177    0.7336   library hold time
             0.7336   data required time
-------------------------------------------------------------
             0.7336   data required time
            -0.9519   data arrival time
-------------------------------------------------------------
             0.2183   slack (MET)


SIGNOFF_HOLD_PATH_END
SIGNOFF_PROG_WS setup=-3.024873684864815e-10
SIGNOFF_PROG_PATH_BEGIN
Startpoint: ln_41/_1_ (rising edge-triggered flip-flop clocked by clk)
Endpoint: row33/_648_ (rising edge-triggered flip-flop clocked by clk)
Path Group: clk
Path Type: max

Fanout       Cap      Slew     Delay      Time   Description
-------------------------------------------------------------------------------------
                              0.0000    0.0000   clock clk (rise edge)
                              0.7762    0.7762   clock network delay (propagated)
                    0.0476    0.0000    0.7762 ^ ln_41/_1_/CLK (sky130_fd_sc_hd__dfxtp_1)
     1    0.0030    0.0307    0.1900    0.9662 ^ ln_41/_1_/Q (sky130_fd_sc_hd__dfxtp_1)
                                                 lp41 (net)
     3    0.0398    0.0878    0.1110    1.0772 ^ place7523/X (sky130_fd_sc_hd__buf_4)
                                                 net7523 (net)
     3    0.0624    0.1332    0.1595    1.2367 ^ place7522/X (sky130_fd_sc_hd__buf_4)
                                                 net7522 (net)
     2    0.0215    0.1232    0.1359    1.3726 v ln_41/_0_/Y (sky130_fd_sc_hd__clkinv_1)
                                                 ln41 (net)
     3    0.0664    0.0670    0.1657    1.5383 v place7053/X (sky130_fd_sc_hd__buf_4)
                                                 net7053 (net)
    16    0.0574    0.0953    0.1764    1.7147 v lt_ln41_s2/Z (LTAPB2)
                                                 pgm_ln41_s2 (net)
     2    0.0088    0.0407    0.1000    1.8147 v vs_33_41/Z (VSITE_BUF)
                                                 lf_33_41 (net)
     1    0.0065    0.0465    0.0927    1.9075 v row33/_294_/Y (sky130_fd_sc_hd__xnor2_1)
                                                 row33/_024_ (net)
     2    0.0109    0.1943    0.1757    2.0832 ^ row33/_295_/Y (sky130_fd_sc_hd__xnor2_1)
                                                 row33/_025_ (net)
     1    0.0055    0.0571    0.0596    2.1428 v row33/_296_/Y (sky130_fd_sc_hd__xnor2_1)
                                                 row33/_026_ (net)
     2    0.0084    0.1597    0.1539    2.2967 ^ row33/_297_/Y (sky130_fd_sc_hd__xnor2_1)
                                                 row33/_027_ (net)
     2    0.0115    0.0955    0.1576    2.4544 ^ row33/_325_/X (sky130_fd_sc_hd__maj3_1)
                                                 row33/_051_ (net)
     1    0.0027    0.0373    0.0309    2.4853 v row33/_327_/Y (sky130_fd_sc_hd__nand2_1)
                                                 row33/_053_ (net)
     1    0.0025    0.0270    0.0757    2.5610 v row33/_330_/X (sky130_fd_sc_hd__o211a_1)
                                                 row33/_055_ (net)
     2    0.1620    1.9639    1.3619    3.9229 ^ row33/_331_/Y (sky130_fd_sc_hd__nor2_1)
                                                 row33/g40_6[2] (net)
                    1.9703    0.0923    4.0152 ^ row33/_648_/D (sky130_fd_sc_hd__dfxtp_1)
                                        4.0152   data arrival time

                              3.0000    3.0000   clock clk (rise edge)
                              0.7224    3.7224   clock network delay (propagated)
                              0.0000    3.7224   clock reconvergence pessimism
                                        3.7224 ^ row33/_648_/CLK (sky130_fd_sc_hd__dfxtp_1)
                             -0.0097    3.7127   library setup time
                                        3.7127   data required time
-------------------------------------------------------------------------------------
                                        3.7127   data required time
                                       -4.0152   data arrival time
-------------------------------------------------------------------------------------
                                       -0.3025   slack (VIOLATED)


SIGNOFF_PROG_PATH_END
SIGNOFF_SLEW tap_input_max=0.184120 tap_input_pin=lt_lp43_s3/A site_input_max=0.232028 site_input_pin=vs_26_39/A
SIGNOFF_SPINE_DRIVERS sky130_fd_sc_hd__buf_4 485 sky130_fd_sc_hd__clkinv_1 27
