OpenROAD unknown 
Features included (+) or not (-): -GPU +GUI -Python
This program is licensed under the BSD-3 license. See the LICENSE file for details.
Components of this program may be licensed under more restrictive licenses which must be honored.
[INFO ORD-0030] Using 1 thread(s).
SIGNOFF_WS corner=ff setup=1.5969580102748182e-9 hold=9.758599484044339e-11
SIGNOFF_SETUP_PATH_BEGIN
Startpoint: row34/_126_ (rising edge-triggered flip-flop clocked by clk)
Endpoint: y[34] (output port clocked by clk)
Path Group: clk
Path Type: max

Fanout       Cap      Slew     Delay      Time   Description
-------------------------------------------------------------------------------------
                              0.0000    0.0000   clock clk (rise edge)
                              0.6971    0.6971   clock network delay (propagated)
                    0.0458    0.0000    0.6971 ^ row34/_126_/CLK (sky130_fd_sc_hd__dfxtp_1)
     1    0.0030    0.0308    0.1896    0.8866 ^ row34/_126_/Q (sky130_fd_sc_hd__dfxtp_1)
                                                 net92 (net)
     1    0.0428    0.3109    0.5089    1.3956 ^ output93/X (sky130_fd_sc_hd__clkdlybuf4s50_1)
                                                 y[34] (net)
                    0.3113    0.0075    1.4030 ^ y[34] (out)
                                        1.4030   data arrival time

                              3.0000    3.0000   clock clk (rise edge)
                              0.0000    3.0000   clock network delay (propagated)
                              0.0000    3.0000   clock reconvergence pessimism
                              0.0000    3.0000   output external delay
                                        3.0000   data required time
-------------------------------------------------------------------------------------
                                        3.0000   data required time
                                       -1.4030   data arrival time
-------------------------------------------------------------------------------------
                                        1.5970   slack (MET)


SIGNOFF_SETUP_PATH_END
SIGNOFF_HOLD_PATH_BEGIN
Startpoint: start (input port clocked by clk)
Endpoint: gen1/_111_ (rising edge-triggered flip-flop clocked by clk)
Path Group: clk
Path Type: min

    Delay      Time   Description
-------------------------------------------------------------
   0.0000    0.0000   clock clk (rise edge)
   0.0000    0.0000   clock network delay (propagated)
   0.0000    0.0000 v input external delay
   0.0000    0.0000 v start (in)
                      start (net)
   0.3516    0.3516 v hold3149/X (sky130_fd_sc_hd__dlygate4sd3_1)
                      net3148 (net)
   0.1845    0.5361 v input2/X (sky130_fd_sc_hd__buf_2)
                      net1 (net)
   0.1600    0.6961 ^ gen1/_069_/Y (sky130_fd_sc_hd__nor2_1)
                      gen1/_034_ (net)
   0.0432    0.7393 v gen1/_071_/Y (sky130_fd_sc_hd__xnor2_1)
                      gen1/_004_ (net)
   0.0001    0.7394 v gen1/_111_/D (sky130_fd_sc_hd__dfxtp_1)
             0.7394   data arrival time

   0.0000    0.0000   clock clk (rise edge)
   0.6776    0.6776   clock network delay (propagated)
   0.0000    0.6776   clock reconvergence pessimism
             0.6776 ^ gen1/_111_/CLK (sky130_fd_sc_hd__dfxtp_1)
  -0.0359    0.6418   library hold time
             0.6418   data required time
-------------------------------------------------------------
             0.6418   data required time
            -0.7394   data arrival time
-------------------------------------------------------------
             0.0976   slack (MET)


SIGNOFF_HOLD_PATH_END
SIGNOFF_PROG_WS setup=1.8960533143541625e-9
SIGNOFF_PROG_PATH_BEGIN
Startpoint: ng1_1/_8_ (rising edge-triggered flip-flop clocked by clk)
Endpoint: row42/_172_ (rising edge-triggered flip-flop clocked by clk)
Path Group: clk
Path Type: max

Fanout       Cap      Slew     Delay      Time   Description
-------------------------------------------------------------------------------------
                              0.0000    0.0000   clock clk (rise edge)
                              0.6757    0.6757   clock network delay (propagated)
                    0.0453    0.0000    0.6757 ^ ng1_1/_8_/CLK (sky130_fd_sc_hd__dfxtp_1)
     1    0.0028    0.0299    0.1887    0.8644 ^ ng1_1/_8_/Q (sky130_fd_sc_hd__dfxtp_1)
                                                 pn1_1 (net)
     4    0.0728    0.1536    0.1494    1.0138 ^ place2849/X (sky130_fd_sc_hd__buf_4)
                                                 net2848 (net)
     1    0.0163    0.0655    0.1317    1.1455 ^ lt_pn1_1_s2/Z (LTAPB2)
                                                 pgm_pn1_1_s2 (net)
     2    0.0374    0.3269    0.2579    1.4034 ^ vs_42_1/Z (VSITE_BUF)
                                                 lf_42_1 (net)
     1    0.0092    0.0893    0.2957    1.6991 v row42/_125_/X (sky130_fd_sc_hd__xor3_1)
                                                 row42/_021_ (net)
                    0.0893    0.0005    1.6996 v row42/_172_/D (sky130_fd_sc_hd__dfxtp_1)
                                        1.6996   data arrival time

                              3.0000    3.0000   clock clk (rise edge)
                              0.6847    3.6847   clock network delay (propagated)
                              0.0000    3.6847   clock reconvergence pessimism
                                        3.6847 ^ row42/_172_/CLK (sky130_fd_sc_hd__dfxtp_1)
                             -0.0890    3.5957   library setup time
                                        3.5957   data required time
-------------------------------------------------------------------------------------
                                        3.5957   data required time
                                       -1.6996   data arrival time
-------------------------------------------------------------------------------------
                                        1.8961   slack (MET)


SIGNOFF_PROG_PATH_END
SIGNOFF_SLEW tap_input_max=0.227811 tap_input_pin=lt_pn16_10_s3/A site_input_max=0.125501 site_input_pin=vs_15_19/A
SIGNOFF_SPINE_DRIVERS sky130_fd_sc_hd__buf_4 2069 sky130_fd_sc_hd__dfxtp_1 123
