OpenROAD unknown 
Features included (+) or not (-): -GPU +GUI -Python
This program is licensed under the BSD-3 license. See the LICENSE file for details.
Components of this program may be licensed under more restrictive licenses which must be honored.
[INFO ORD-0030] Using 1 thread(s).
SIGNOFF_WS corner=ss setup=-1.1754184292556147e-9 hold=6.050956402603447e-10
SIGNOFF_SETUP_PATH_BEGIN
Startpoint: stt3_ff (rising edge-triggered flip-flop clocked by clk)
Endpoint: row40/_153_ (rising edge-triggered flip-flop clocked by clk)
Path Group: clk
Path Type: max

Fanout       Cap      Slew     Delay      Time   Description
-------------------------------------------------------------------------------------
                              0.0000    0.0000   clock clk (rise edge)
                              1.6393    1.6393   clock network delay (propagated)
                    0.0959    0.0000    1.6393 ^ stt3_ff/CLK (sky130_fd_sc_hd__dfxtp_4)
    25    0.2549    1.1157    1.4692    3.1085 ^ stt3_ff/Q (sky130_fd_sc_hd__dfxtp_4)
                                                 st_tree (net)
    36    0.1902    0.3482    0.7086    3.8171 ^ place2558/X (sky130_fd_sc_hd__buf_12)
                                                 net2557 (net)
    23    0.1113    0.4848    0.6380    4.4551 ^ place2556/X (sky130_fd_sc_hd__buf_4)
                                                 net2555 (net)
     2    0.0079    0.1456    0.2834    4.7386 v row40/_093_/Y (sky130_fd_sc_hd__nor2b_1)
                                                 row40/_052_ (net)
     1    0.0023    0.1288    0.7767    5.5152 v row40/_094_/X (sky130_fd_sc_hd__maj3_1)
                                                 row40/_001_ (net)
                    0.1288    0.0001    5.5153 v row40/_153_/D (sky130_fd_sc_hd__dfxtp_1)
                                        5.5153   data arrival time

                              3.0000    3.0000   clock clk (rise edge)
                              1.6283    4.6283   clock network delay (propagated)
                              0.0000    4.6283   clock reconvergence pessimism
                                        4.6283 ^ row40/_153_/CLK (sky130_fd_sc_hd__dfxtp_1)
                             -0.2884    4.3399   library setup time
                                        4.3399   data required time
-------------------------------------------------------------------------------------
                                        4.3399   data required time
                                       -5.5153   data arrival time
-------------------------------------------------------------------------------------
                                       -1.1754   slack (VIOLATED)


SIGNOFF_SETUP_PATH_END
SIGNOFF_HOLD_PATH_BEGIN
Startpoint: x[62] (input port clocked by clk)
Endpoint: gen20/_122_ (rising edge-triggered flip-flop clocked by clk)
Path Group: clk
Path Type: min

    Delay      Time   Description
-------------------------------------------------------------
   0.0000    0.0000   clock clk (rise edge)
   0.0000    0.0000   clock network delay (propagated)
   0.0000    0.0000 ^ input external delay
   0.0000    0.0000 ^ x[62] (in)
                      x[62] (net)
   1.0135    1.0135 ^ hold3157/X (sky130_fd_sc_hd__dlygate4sd3_1)
                      net3156 (net)
   1.0946    2.1081 ^ input61/X (sky130_fd_sc_hd__clkdlybuf4s50_1)
                      net60 (net)
   0.0014    2.1095 ^ gen20/_122_/D (sky130_fd_sc_hd__dfxtp_1)
             2.1095   data arrival time

   0.0000    0.0000   clock clk (rise edge)
   1.6631    1.6631   clock network delay (propagated)
   0.0000    1.6631   clock reconvergence pessimism
             1.6631 ^ gen20/_122_/CLK (sky130_fd_sc_hd__dfxtp_1)
  -0.1587    1.5044   library hold time
             1.5044   data required time
-------------------------------------------------------------
             1.5044   data required time
            -2.1095   data arrival time
-------------------------------------------------------------
             0.6051   slack (MET)


SIGNOFF_HOLD_PATH_END
SIGNOFF_PROG_WS setup=-4.240963136226128e-10
SIGNOFF_PROG_PATH_BEGIN
Startpoint: ng1_1/_8_ (rising edge-triggered flip-flop clocked by clk)
Endpoint: row42/_172_ (rising edge-triggered flip-flop clocked by clk)
Path Group: clk
Path Type: max

Fanout       Cap      Slew     Delay      Time   Description
-------------------------------------------------------------------------------------
                              0.0000    0.0000   clock clk (rise edge)
                              1.6179    1.6179   clock network delay (propagated)
                    0.0892    0.0000    1.6179 ^ ng1_1/_8_/CLK (sky130_fd_sc_hd__dfxtp_1)
     1    0.0028    0.0691    0.6320    2.2500 ^ ng1_1/_8_/Q (sky130_fd_sc_hd__dfxtp_1)
                                                 pn1_1 (net)
     4    0.0723    0.3250    0.3845    2.6345 ^ place2849/X (sky130_fd_sc_hd__buf_4)
                                                 net2848 (net)
     1    0.0162    0.1414    0.3708    3.0053 ^ lt_pn1_1_s2/Z (LTAPB2)
                                                 pgm_pn1_1_s2 (net)
     2    0.0371    0.6941    0.6247    3.6300 ^ vs_42_1/Z (VSITE_BUF)
                                                 lf_42_1 (net)
     1    0.0091    0.1779    1.1221    4.7521 v row42/_125_/X (sky130_fd_sc_hd__xor3_1)
                                                 row42/_021_ (net)
                    0.1779    0.0005    4.7526 v row42/_172_/D (sky130_fd_sc_hd__dfxtp_1)
                                        4.7526   data arrival time

                              3.0000    3.0000   clock clk (rise edge)
                              1.6364    4.6364   clock network delay (propagated)
                              0.0000    4.6364   clock reconvergence pessimism
                                        4.6364 ^ row42/_172_/CLK (sky130_fd_sc_hd__dfxtp_1)
                             -0.3079    4.3285   library setup time
                                        4.3285   data required time
-------------------------------------------------------------------------------------
                                        4.3285   data required time
                                       -4.7526   data arrival time
-------------------------------------------------------------------------------------
                                       -0.4241   slack (VIOLATED)


SIGNOFF_PROG_PATH_END
SIGNOFF_SLEW tap_input_max=0.476939 tap_input_pin=lt_pn16_10_s3/A site_input_max=0.265674 site_input_pin=vs_15_19/A
SIGNOFF_SPINE_DRIVERS sky130_fd_sc_hd__buf_4 2069 sky130_fd_sc_hd__dfxtp_1 123
