lane start 23:16:55 phase=A benches=ctrl int2float c432 dec c1355 i2c T_FULL=600 T_EPS=300 T_LB=300 WORKERS=4 SET=
23:16:56 ctrl map:D0 done
23:16:56 ctrl map:D1 done
23:16:56 ctrl heur:D0 done
23:16:57 ctrl heur:D1 done
23:16:57 ctrl emap:D0 done
23:16:57 ctrl emap:D1 done
23:16:57 ctrl nfp done
23:16:58 ctrl nfp:D0 done
23:16:58 ctrl nfpa:D0 done
23:16:59 ctrl nfp:D1 done
23:16:59 ctrl nfpa:D1 done
23:27:00 ctrl full:D0 done
23:37:02 ctrl full:D1 done
23:42:02 ctrl lb:D0 done
done ctrl A
23:42:03 int2float map:D0 done
23:42:04 int2float map:D1 done
23:42:04 int2float heur:D0 done
23:42:05 int2float heur:D1 done
23:42:05 int2float emap:D0 done
23:42:06 int2float emap:D1 done
23:42:06 int2float nfp done
23:42:07 int2float nfp:D0 done
23:42:07 int2float nfpa:D0 done
23:42:08 int2float nfp:D1 done
23:42:08 int2float nfpa:D1 done
23:52:11 int2float full:D0 done
00:02:14 int2float full:D1 done
00:07:15 int2float lb:D0 done
done int2float A
00:07:16 c432 map:D0 done
00:07:17 c432 map:D1 done
00:07:18 c432 heur:D0 done
00:07:18 c432 heur:D1 done
00:07:19 c432 emap:D0 done
00:07:19 c432 emap:D1 done
00:07:20 c432 nfp done
00:07:21 c432 nfp:D0 done
00:07:21 c432 nfpa:D0 done
00:07:22 c432 nfp:D1 done
00:07:22 c432 nfpa:D1 done
00:17:25 c432 full:D0 done
00:27:29 c432 full:D1 done
00:32:30 c432 lb:D0 done
done c432 A
00:32:33 dec map:D0 done
00:32:36 dec map:D1 done
00:32:40 dec heur:D0 done
00:32:45 dec heur:D1 done
00:32:45 dec emap:D0 done
00:32:46 dec emap:D1 done
00:32:47 dec nfp done
00:32:47 dec nfp:D0 done
00:32:48 dec nfpa:D0 done
00:32:48 dec nfp:D1 done
00:32:49 dec nfpa:D1 done
00:44:33 dec full:D0 done
01:11:44 dec full:D1 done
01:17:44 dec lb:D0 done
done dec A
01:17:45 c1355 map:D0 done
01:17:46 c1355 map:D1 done
01:17:47 c1355 heur:D0 done
01:17:49 c1355 heur:D1 done
01:17:50 c1355 emap:D0 done
01:17:51 c1355 emap:D1 done
01:17:52 c1355 nfp done
01:17:53 c1355 nfp:D0 done
01:17:53 c1355 nfpa:D0 done
01:17:54 c1355 nfp:D1 done
01:17:55 c1355 nfpa:D1 done
