lane start 23:16:58 phase=A benches=router c880 c1908 c499 cavlc priority T_FULL=600 T_EPS=300 T_LB=300 WORKERS=4 SET=
23:16:59 router map:D0 done
23:16:59 router map:D1 done
23:17:00 router heur:D0 done
23:17:01 router heur:D1 done
23:17:01 router emap:D0 done
23:17:01 router emap:D1 done
23:17:02 router nfp done
23:17:02 router nfp:D0 done
23:17:03 router nfpa:D0 done
23:17:03 router nfp:D1 done
23:17:04 router nfpa:D1 done
23:27:08 router full:D0 done
23:37:12 router full:D1 done
23:42:13 router lb:D0 done
done router A
23:42:14 c880 map:D0 done
23:42:15 c880 map:D1 done
23:42:16 c880 heur:D0 done
23:42:16 c880 heur:D1 done
23:42:17 c880 emap:D0 done
23:42:18 c880 emap:D1 done
23:42:18 c880 nfp done
23:42:19 c880 nfp:D0 done
23:42:20 c880 nfpa:D0 done
23:42:20 c880 nfp:D1 done
23:42:21 c880 nfpa:D1 done
23:52:25 c880 full:D0 done
00:02:30 c880 full:D1 done
00:07:32 c880 lb:D0 done
done c880 A
00:07:33 c1908 map:D0 done
00:07:33 c1908 map:D1 done
00:07:34 c1908 heur:D0 done
00:07:35 c1908 heur:D1 done
00:07:36 c1908 emap:D0 done
00:07:36 c1908 emap:D1 done
00:07:37 c1908 nfp done
00:07:37 c1908 nfp:D0 done
00:07:38 c1908 nfpa:D0 done
00:07:38 c1908 nfp:D1 done
00:07:39 c1908 nfpa:D1 done
00:17:44 c1908 full:D0 done
00:27:48 c1908 full:D1 done
00:32:50 c1908 lb:D0 done
done c1908 A
00:32:51 c499 map:D0 done
00:32:52 c499 map:D1 done
00:32:53 c499 heur:D0 done
00:32:54 c499 heur:D1 done
00:32:54 c499 emap:D0 done
00:32:55 c499 emap:D1 done
00:32:55 c499 nfp done
00:32:56 c499 nfp:D0 done
00:32:56 c499 nfpa:D0 done
00:32:57 c499 nfp:D1 done
00:32:57 c499 nfpa:D1 done
00:43:03 c499 full:D0 done
01:04:21 c499 full:D1 done
01:09:26 c499 lb:D0 done
done c499 A
01:09:27 cavlc map:D0 done
01:09:30 cavlc map:D1 done
01:09:33 cavlc heur:D0 done
01:09:34 cavlc heur:D1 done
01:09:35 cavlc emap:D0 done
01:09:39 cavlc emap:D1 done
01:09:41 cavlc nfp done
01:09:46 cavlc nfp:D0 done
01:09:50 cavlc nfpa:D0 done
01:09:53 cavlc nfp:D1 done
01:09:54 cavlc nfpa:D1 done
01:20:03 cavlc full:D0 done
