== /opt
or-tools
== which
== find ortools/cbc/scip/highs files
/opt/or-tools
/opt/or-tools/lib/libortools_flatzinc.so
/opt/or-tools/lib/libCbcSolver.so.2.10.12
/opt/or-tools/lib/libCbc.so
/opt/or-tools/lib/libCbcSolver.so.2
/opt/or-tools/lib/libCbcSolver.so
/opt/or-tools/lib/libscip.so.9.2.2.0
/opt/or-tools/lib/cmake/ortools
/opt/or-tools/lib/cmake/ortools/ortoolsTargets-release.cmake
/opt/or-tools/lib/cmake/ortools/ortoolsConfig.cmake
/opt/or-tools/lib/cmake/ortools/ortoolsTargets.cmake
/opt/or-tools/lib/cmake/ortools/ortoolsConfigVersion.cmake
/opt/or-tools/lib/libortools_flatzinc.so.9.14.6206
/opt/or-tools/lib/libCbc.so.2.10.12
/opt/or-tools/lib/libortools.so.9
/opt/or-tools/lib/libortools.so
/opt/or-tools/lib/libhighs.so.1.11.0
/opt/or-tools/lib/libhighs.so
/opt/or-tools/lib/libscip.so
/opt/or-tools/lib/libortools.so.9.14.6206
/opt/or-tools/lib/libhighs.so.1
/opt/or-tools/lib/libscip.so.9.2
/opt/or-tools/lib/libortools_flatzinc.so.9
/opt/or-tools/lib/libCbc.so.2
/opt/or-tools/include/ortools
/opt/or-tools/include/ortools/julia/ORToolsGenerated.jl
/opt/or-tools/include/ortools/julia/ORTools.jl
/opt/or-tools/include/ortools/java/com/google/ortools
/opt/or-tools/include/ortools_export.h
/opt/or-tools/share/doc/ortools
/opt/or-tools/bin/sat_runner
/usr/local/lib/python3.10/dist-packages/numpy.libs/libscipy_openblas64_-56d6093b.so
== python pkgs
[]
== /oss/bin solvers
aigtobtor avy avybmc bitwuzla boolector btormc btorsim cvc4 cvc5 eqy imctk-eqy-engine pono sby sby-gui yices yices-sat yices-smt yices-smt2 yosys-abc yosys-smtbmc z3 
== /oss/lib python
Flask-2.1.2.dist-info PyGObject-3.46.0-py3.11-linux-x64.egg README.txt __pycache__ _distutils_hack _pytest amaranth amaranth-0.5.10.dist-info amaranth-0.6.0.dev140.dist-info amaranth_boards amaranth_boards-0.0.21.dist-info apycula apycula-0.34.dev13+g70fe81872.dist-info attr attrs attrs-26.1.0.dist-info bin cairo cattr cattrs cattrs-26.2.0.dist-info click click-8.5.0.dist-info cocotb-2.1.0.dev0+41564633-py3.11-linux-x64.egg cocotb.pth colorama colorama-0.4.6.dist-info distutils-precedence.pth find_libpython-0.5.1-py3.11.egg flask formal.pth iniconfig iniconfig-2.3.0.dist-info itsdangerous itsdangerous-2.2.0.dist-info jinja2 jinja2-3.1.6.dist-info jschon jschon-0.11.1.dist-info markupsafe markupsafe-3.0.3.dist-info migen migen-0.9.2.dist-info msgpack msgpack-1.2.2.dist-info packaging packaging-26.2.dist-info pip pip-23.2.1.dist-info pkg_resources 
