
 /----------------------------------------------------------------------------\
 |  yosys -- Yosys Open SYnthesis Suite                                       |
 |  Copyright (C) 2012 - 2026  Claire Xenia Wolf <claire@yosyshq.com>         |
 |  Distributed under an ISC-like license, type "license" to see terms        |
 \----------------------------------------------------------------------------/
 Yosys 0.69+ (git sha1 e8db64c60, Release, Clang /usr/bin/clang++ 18.1.3)

-- Executing script file `/tmp/passwitness-script.ys' --

1. Executing Verilog-2005 frontend: /workspace/out/fma-localized-clean-package/work/candidate.v
Parsing Verilog input from `/workspace/out/fma-localized-clean-package/work/candidate.v' to AST representation.
Generating RTLIL representation for module `\passwitness_candidate'.
Successfully finished Verilog frontend.
Renaming module \passwitness_candidate to \passwitness_reference.

2. Executing RTLIL frontend.
Input filename: /workspace/out/fma-localized-clean-package/localization/checkpoints/007_abc.rtlil
Renaming module \fma_impl to \passwitness_candidate.

3. Executing Verilog-2005 frontend: /workspace/out/fma-localized-clean-package/localization/final-flow-comparison-miter.v
Parsing Verilog input from `/workspace/out/fma-localized-clean-package/localization/final-flow-comparison-miter.v' to AST representation.
Generating RTLIL representation for module `\passwitness_miter'.
Successfully finished Verilog frontend.

4. Executing HIERARCHY pass (managing design hierarchy).

4.1. Analyzing design hierarchy..
Top module:  \passwitness_miter
Used module:     \passwitness_candidate
Used module:     \passwitness_reference

4.2. Analyzing design hierarchy..
Top module:  \passwitness_miter
Used module:     \passwitness_candidate
Used module:     \passwitness_reference
Removed 0 unused modules.

5. Executing PREP pass.

5.1. Executing HIERARCHY pass (managing design hierarchy).

5.1.1. Analyzing design hierarchy..
Top module:  \passwitness_miter
Used module:     \passwitness_candidate
Used module:     \passwitness_reference

5.1.2. Analyzing design hierarchy..
Top module:  \passwitness_miter
Used module:     \passwitness_candidate
Used module:     \passwitness_reference
Removed 0 unused modules.

5.2. Executing PROC pass (convert processes to netlists).

5.2.1. Executing PROC_CLEAN pass (remove empty switches from decision trees).
Cleaned up 0 empty switches.

5.2.2. Executing PROC_RMDEAD pass (remove dead branches from decision trees).
Removed a total of 0 dead cases.

5.2.3. Executing PROC_PRUNE pass (remove redundant assignments in processes).
Removed 0 redundant assignments.
Promoted 0 assignments to connections.

5.2.4. Executing PROC_INIT pass (extract init attributes).

5.2.5. Executing PROC_ARST pass (detect async resets in processes).

5.2.6. Executing PROC_ROM pass (convert switches to ROMs).
Converted 0 switches.

5.2.7. Executing PROC_MUX pass (convert decision trees to multiplexers).

5.2.8. Executing PROC_DLATCH pass (convert process syncs to latches).

5.2.9. Executing PROC_DFF pass (convert process syncs to FFs).

5.2.10. Executing PROC_MEMWR pass (convert process memory writes to cells).

5.2.11. Executing PROC_CLEAN pass (remove empty switches from decision trees).
Cleaned up 0 empty switches.

5.2.12. Executing OPT_EXPR pass (perform const folding).
Optimizing module passwitness_miter.
Optimizing module passwitness_candidate.
Optimizing module passwitness_reference.
<suppressed ~4 debug messages>

5.3. Executing FUTURE pass.

5.4. Executing OPT_EXPR pass (perform const folding).
Optimizing module passwitness_miter.
Optimizing module passwitness_candidate.
Optimizing module passwitness_reference.

5.5. Executing CHECK pass (checking for obvious problems).
Checking module passwitness_miter...
Checking module passwitness_candidate...
Checking module passwitness_reference...
Found and reported 0 problems.

5.6. Executing OPT_CLEAN pass (remove unused cells and wires).
Finding unused cells or wires in module \passwitness_miter..
Finding unused cells or wires in module \passwitness_candidate..
Finding unused cells or wires in module \passwitness_reference..
Removed 0 unused cells and 55 unused wires.
<suppressed ~2 debug messages>

5.7. Executing OPT pass (performing simple optimizations).

5.7.1. Executing OPT_EXPR pass (perform const folding).
Optimizing module passwitness_miter.
Optimizing module passwitness_candidate.
Optimizing module passwitness_reference.

5.7.2. Executing OPT_MERGE pass (detect identical cells).
Finding identical cells in module `\passwitness_miter'.
Computing hashes of 4 cells of `\passwitness_miter'.
Finding duplicate cells in `\passwitness_miter'.
Finding identical cells in module `\passwitness_candidate'.
Computing hashes of 52 cells of `\passwitness_candidate'.
Finding duplicate cells in `\passwitness_candidate'.
Finding identical cells in module `\passwitness_reference'.
Computing hashes of 79 cells of `\passwitness_reference'.
Finding duplicate cells in `\passwitness_reference'.
Computing hashes of 78 cells of `\passwitness_reference'.
Finding duplicate cells in `\passwitness_reference'.
<suppressed ~3 debug messages>
Removed a total of 1 cells.

5.7.3. Executing OPT_MUXTREE pass (detect dead branches in mux trees).
Running muxtree optimizer on module \passwitness_miter..
  Creating internal representation of mux trees.
  No muxes found in this module.
Running muxtree optimizer on module \passwitness_candidate..
  Creating internal representation of mux trees.
  No muxes found in this module.
Running muxtree optimizer on module \passwitness_reference..
  Creating internal representation of mux trees.
  Evaluating internal representation of mux trees.
  Analyzing evaluation results.
Removed 0 multiplexer ports.
<suppressed ~4 debug messages>

5.7.4. Executing OPT_REDUCE pass (consolidate $*mux and $reduce_* inputs).
  Optimizing cells in module \passwitness_miter.
  Optimizing cells in module \passwitness_candidate.
  Optimizing cells in module \passwitness_reference.
Performed a total of 0 changes.

5.7.5. Executing OPT_MERGE pass (detect identical cells).
Finding identical cells in module `\passwitness_miter'.
Computing hashes of 4 cells of `\passwitness_miter'.
Finding duplicate cells in `\passwitness_miter'.
Finding identical cells in module `\passwitness_candidate'.
Computing hashes of 52 cells of `\passwitness_candidate'.
Finding duplicate cells in `\passwitness_candidate'.
Finding identical cells in module `\passwitness_reference'.
Computing hashes of 78 cells of `\passwitness_reference'.
Finding duplicate cells in `\passwitness_reference'.
Removed a total of 0 cells.

5.7.6. Executing OPT_CLEAN pass (remove unused cells and wires).
Finding unused cells or wires in module \passwitness_miter..
Finding unused cells or wires in module \passwitness_candidate..
Finding unused cells or wires in module \passwitness_reference..
Removed 0 unused cells and 1 unused wires.
<suppressed ~1 debug messages>

5.7.7. Executing OPT_EXPR pass (perform const folding).
Optimizing module passwitness_miter.
Optimizing module passwitness_candidate.
Optimizing module passwitness_reference.

5.7.8. Rerunning OPT passes. (Maybe there is more to do..)

5.7.9. Executing OPT_MUXTREE pass (detect dead branches in mux trees).
Running muxtree optimizer on module \passwitness_miter..
  Creating internal representation of mux trees.
  No muxes found in this module.
Running muxtree optimizer on module \passwitness_candidate..
  Creating internal representation of mux trees.
  No muxes found in this module.
Running muxtree optimizer on module \passwitness_reference..
  Creating internal representation of mux trees.
  Evaluating internal representation of mux trees.
  Analyzing evaluation results.
Removed 0 multiplexer ports.
<suppressed ~4 debug messages>

5.7.10. Executing OPT_REDUCE pass (consolidate $*mux and $reduce_* inputs).
  Optimizing cells in module \passwitness_miter.
  Optimizing cells in module \passwitness_candidate.
  Optimizing cells in module \passwitness_reference.
Performed a total of 0 changes.

5.7.11. Executing OPT_MERGE pass (detect identical cells).
Finding identical cells in module `\passwitness_miter'.
Computing hashes of 4 cells of `\passwitness_miter'.
Finding duplicate cells in `\passwitness_miter'.
Finding identical cells in module `\passwitness_candidate'.
Computing hashes of 52 cells of `\passwitness_candidate'.
Finding duplicate cells in `\passwitness_candidate'.
Finding identical cells in module `\passwitness_reference'.
Computing hashes of 78 cells of `\passwitness_reference'.
Finding duplicate cells in `\passwitness_reference'.
Removed a total of 0 cells.

5.7.12. Executing OPT_CLEAN pass (remove unused cells and wires).
Finding unused cells or wires in module \passwitness_miter..
Finding unused cells or wires in module \passwitness_candidate..
Finding unused cells or wires in module \passwitness_reference..

5.7.13. Executing OPT_EXPR pass (perform const folding).
Optimizing module passwitness_miter.
Optimizing module passwitness_candidate.
Optimizing module passwitness_reference.

5.7.14. Finished fast OPT passes. (There is nothing left to do.)

5.8. Executing WREDUCE pass (reducing word size of cells).
Removed top 18 bits (of 20) from wire passwitness_candidate.p1.
Removed top 18 bits (of 20) from wire passwitness_reference.p1.

5.9. Executing OPT_CLEAN pass (remove unused cells and wires).
Finding unused cells or wires in module \passwitness_miter..
Finding unused cells or wires in module \passwitness_candidate..
Finding unused cells or wires in module \passwitness_reference..
Removed 0 unused cells and 2 unused wires.
<suppressed ~2 debug messages>

5.10. Executing MEMORY_COLLECT pass (generating $mem cells).

5.11. Executing OPT pass (performing simple optimizations).

5.11.1. Executing OPT_EXPR pass (perform const folding).
Optimizing module passwitness_miter.
Optimizing module passwitness_candidate.
Optimizing module passwitness_reference.

5.11.2. Executing OPT_MERGE pass (detect identical cells).
Finding identical cells in module `\passwitness_miter'.
Computing hashes of 4 cells of `\passwitness_miter'.
Finding duplicate cells in `\passwitness_miter'.
Finding identical cells in module `\passwitness_candidate'.
Computing hashes of 52 cells of `\passwitness_candidate'.
Finding duplicate cells in `\passwitness_candidate'.
Finding identical cells in module `\passwitness_reference'.
Computing hashes of 78 cells of `\passwitness_reference'.
Finding duplicate cells in `\passwitness_reference'.
Removed a total of 0 cells.

5.11.3. Executing OPT_CLEAN pass (remove unused cells and wires).
Finding unused cells or wires in module \passwitness_miter..
Finding unused cells or wires in module \passwitness_candidate..
Finding unused cells or wires in module \passwitness_reference..

5.11.4. Finished fast OPT passes.

5.12. Executing SORT pass.

5.13. Printing statistics.

=== passwitness_candidate ===

        +----------Local Count, excluding submodules.
        | 
       52 wires
      135 wire bits
        7 public wires
       90 public wire bits
        3 ports
       28 port bits
       52 cells
        1   $_ANDNOT_
        8   $_AND_
        2   $_MUX_
       13   $_NAND_
        2   $_NOR_
        4   $_ORNOT_
        2   $_OR_
        9   $_XNOR_
       11   $_XOR_

=== passwitness_miter ===

        +----------Local Count, excluding submodules.
        | 
        6 wires
       69 wire bits
        5 public wires
       49 public wire bits
        5 ports
       49 port bits
        2 cells
        1   $reduce_or
        1   $xor
        2 submodules
        1   passwitness_candidate
        1   passwitness_reference

=== passwitness_reference ===

        +----------Local Count, excluding submodules.
        | 
       78 wires
      161 wire bits
       52 public wires
      135 public wire bits
        3 ports
       28 port bits
       78 cells
       21   $and
        2   $mux
       27   $not
        8   $or
       20   $xor

=== design hierarchy ===

        +----------Count including submodules.
        | 
      132 passwitness_miter
       52 passwitness_candidate
       78 passwitness_reference

        +----------Count including submodules.
        | 
      136 wires
      365 wire bits
       64 public wires
      274 public wire bits
       11 ports
      105 port bits
        - memories
        - memory bits
        - processes
      132 cells
        1   $_ANDNOT_
        8   $_AND_
        2   $_MUX_
       13   $_NAND_
        2   $_NOR_
        4   $_ORNOT_
        2   $_OR_
        9   $_XNOR_
       11   $_XOR_
       21   $and
        2   $mux
       27   $not
        8   $or
        1   $reduce_or
       21   $xor
        2 submodules
        1   passwitness_candidate
        1   passwitness_reference

5.14. Executing CHECK pass (checking for obvious problems).
Checking module passwitness_candidate...
Checking module passwitness_miter...
Checking module passwitness_reference...
Found and reported 0 problems.

6. Executing FLATTEN pass (flatten design).
Deleting now unused module passwitness_candidate.
Deleting now unused module passwitness_reference.
<suppressed ~2 debug messages>

7. Executing OPT pass (performing simple optimizations).

7.1. Executing OPT_EXPR pass (perform const folding).
Optimizing module passwitness_miter.

7.2. Executing OPT_MERGE pass (detect identical cells).
Finding identical cells in module `\passwitness_miter'.
Computing hashes of 134 cells of `\passwitness_miter'.
Finding duplicate cells in `\passwitness_miter'.
Removed a total of 0 cells.

7.3. Executing OPT_MUXTREE pass (detect dead branches in mux trees).
Running muxtree optimizer on module \passwitness_miter..
  Creating internal representation of mux trees.
  Evaluating internal representation of mux trees.
  Analyzing evaluation results.
Removed 0 multiplexer ports.
<suppressed ~4 debug messages>

7.4. Executing OPT_REDUCE pass (consolidate $*mux and $reduce_* inputs).
  Optimizing cells in module \passwitness_miter.
Performed a total of 0 changes.

7.5. Executing OPT_MERGE pass (detect identical cells).
Finding identical cells in module `\passwitness_miter'.
Computing hashes of 134 cells of `\passwitness_miter'.
Finding duplicate cells in `\passwitness_miter'.
Removed a total of 0 cells.

7.6. Executing OPT_DFF pass (perform DFF optimizations).

7.7. Executing OPT_CLEAN pass (remove unused cells and wires).
Finding unused cells or wires in module \passwitness_miter..

7.8. Executing OPT_EXPR pass (perform const folding).
Optimizing module passwitness_miter.

7.9. Finished fast OPT passes. (There is nothing left to do.)

8. Executing SAT pass (solving SAT problems in the circuit).
Using SAT solver `minisat`.

Setting up SAT problem:
Final constraint equation: { } = { }
Import def constraint for this timestep: \a
Import def constraint for this timestep: \b
Imported 134 cells to SAT database.
Import proof-constraint: \mismatch = 1'0
Final proof equation: \mismatch = 1'0
Import show expression: \a
Import show expression: \b
Import show expression: \candidate_y
Import show expression: \mismatch
Import show expression: \reference_y

Solving problem with 2372 variables and 6220 clauses..
SAT proof finished - no model found: SUCCESS!

                  /$$$$$$      /$$$$$$$$     /$$$$$$$    
                 /$$__  $$    | $$_____/    | $$__  $$   
                | $$  \ $$    | $$          | $$  \ $$   
                | $$  | $$    | $$$$$       | $$  | $$   
                | $$  | $$    | $$__/       | $$  | $$   
                | $$/$$ $$    | $$          | $$  | $$   
                |  $$$$$$/ /$$| $$$$$$$$ /$$| $$$$$$$//$$
                 \____ $$$|__/|________/|__/|_______/|__/
                       \__/                              

End of script. Logfile hash: bfd6bcad92, time: 0.06s, user: 0.03s, system: 0.02s, MEM: 18.60 MB peak
Yosys 0.69+ (git sha1 e8db64c60, Release, Clang /usr/bin/clang++ 18.1.3)
Time spent: 32% 1x sat (0 sec), 15% 4x read_verilog (0 sec), ...
