OpenROAD unknown 
Features included (+) or not (-): -GPU +GUI -Python
This program is licensed under the BSD-3 license. See the LICENSE file for details.
Components of this program may be licensed under more restrictive licenses which must be honored.
[INFO ORD-0030] Using 1 thread(s).
SIGNOFF_WS corner=ss setup=-1.3784888786005922e-9 hold=3.4372948931604697e-10
SIGNOFF_SETUP_PATH_BEGIN
Startpoint: stt1_ff (rising edge-triggered flip-flop clocked by clk)
Endpoint: row8/_462_ (rising edge-triggered flip-flop clocked by clk)
Path Group: clk
Path Type: max

Fanout       Cap      Slew     Delay      Time   Description
-------------------------------------------------------------------------------------
                              0.0000    0.0000   clock clk (rise edge)
                              1.8225    1.8225   clock network delay (propagated)
                    0.0871    0.0000    1.8225 ^ stt1_ff/CLK (sky130_fd_sc_hd__dfxtp_4)
    27    0.3110    1.3561    1.6303    3.4528 ^ stt1_ff/Q (sky130_fd_sc_hd__dfxtp_4)
                                                 st_tree (net)
    47    0.2011    0.8660    1.2073    4.6601 ^ place2545/X (sky130_fd_sc_hd__buf_4)
                                                 net2545 (net)
     2    0.0083    0.2107    0.4237    5.0838 v row8/_306_/Y (sky130_fd_sc_hd__nor2b_1)
                                                 row8/_165_ (net)
     1    0.0049    0.1605    0.8420    5.9258 v row8/_307_/X (sky130_fd_sc_hd__maj3_1)
                                                 row8/_015_ (net)
                    0.1605    0.0002    5.9260 v row8/_462_/D (sky130_fd_sc_hd__dfxtp_1)
                                        5.9260   data arrival time

                              3.0000    3.0000   clock clk (rise edge)
                              1.8487    4.8487   clock network delay (propagated)
                              0.0000    4.8487   clock reconvergence pessimism
                                        4.8487 ^ row8/_462_/CLK (sky130_fd_sc_hd__dfxtp_1)
                             -0.3012    4.5475   library setup time
                                        4.5475   data required time
-------------------------------------------------------------------------------------
                                        4.5475   data required time
                                       -5.9260   data arrival time
-------------------------------------------------------------------------------------
                                       -1.3785   slack (VIOLATED)


SIGNOFF_SETUP_PATH_END
SIGNOFF_HOLD_PATH_BEGIN
Startpoint: x[35] (input port clocked by clk)
Endpoint: ng35/_7_ (rising edge-triggered flip-flop clocked by clk)
Path Group: clk
Path Type: min

    Delay      Time   Description
-------------------------------------------------------------
   0.0000    0.0000   clock clk (rise edge)
   0.0000    0.0000   clock network delay (propagated)
   0.0000    0.0000 ^ input external delay
   0.0000    0.0000 ^ x[35] (in)
                      x[35] (net)
   1.0638    1.0638 ^ hold3042/X (sky130_fd_sc_hd__dlygate4sd3_1)
                      net3042 (net)
   1.0055    2.0693 ^ input30/X (sky130_fd_sc_hd__clkdlybuf4s50_1)
                      net30 (net)
   0.0005    2.0698 ^ ng35/_7_/D (sky130_fd_sc_hd__dfxtp_1)
             2.0698   data arrival time

   0.0000    0.0000   clock clk (rise edge)
   1.8478    1.8478   clock network delay (propagated)
   0.0000    1.8478   clock reconvergence pessimism
             1.8478 ^ ng35/_7_/CLK (sky130_fd_sc_hd__dfxtp_1)
  -0.1218    1.7261   library hold time
             1.7261   data required time
-------------------------------------------------------------
             1.7261   data required time
            -2.0698   data arrival time
-------------------------------------------------------------
             0.3437   slack (MET)


SIGNOFF_HOLD_PATH_END
SIGNOFF_PROG_WS setup=-3.0829561126211047e-10
SIGNOFF_PROG_PATH_BEGIN
Startpoint: ng7/_8_ (rising edge-triggered flip-flop clocked by clk)
Endpoint: row30/_501_ (rising edge-triggered flip-flop clocked by clk)
Path Group: clk
Path Type: max

Fanout       Cap      Slew     Delay      Time   Description
-------------------------------------------------------------------------------------
                              0.0000    0.0000   clock clk (rise edge)
                              1.7925    1.7925   clock network delay (propagated)
                    0.0910    0.0000    1.7925 ^ ng7/_8_/CLK (sky130_fd_sc_hd__dfxtp_1)
     1    0.0054    0.1022    0.6621    2.4546 ^ ng7/_8_/Q (sky130_fd_sc_hd__dfxtp_1)
                                                 ln7 (net)
     3    0.0310    0.1512    0.2841    2.7387 ^ place2697/X (sky130_fd_sc_hd__buf_4)
                                                 net2697 (net)
     3    0.0501    0.2317    0.3623    3.1010 ^ place2696/X (sky130_fd_sc_hd__buf_4)
                                                 net2696 (net)
     9    0.0410    0.3220    0.4553    3.5563 ^ lt_ln7_s1/Z (LTAPB2)
                                                 pgm_ln7_s1 (net)
     2    0.0101    0.2032    0.3371    3.8934 ^ vs_30_7/Z (VSITE_BUF)
                                                 lf_30_7 (net)
     1    0.0069    0.1557    0.9132    4.8066 v row30/_368_/X (sky130_fd_sc_hd__xor3_1)
                                                 row30/_096_ (net)
                    0.1557    0.0003    4.8069 v row30/_501_/D (sky130_fd_sc_hd__dfxtp_1)
                                        4.8069   data arrival time

                              3.0000    3.0000   clock clk (rise edge)
                              1.7965    4.7965   clock network delay (propagated)
                              0.0000    4.7965   clock reconvergence pessimism
                                        4.7965 ^ row30/_501_/CLK (sky130_fd_sc_hd__dfxtp_1)
                             -0.2979    4.4986   library setup time
                                        4.4986   data required time
-------------------------------------------------------------------------------------
                                        4.4986   data required time
                                       -4.8069   data arrival time
-------------------------------------------------------------------------------------
                                       -0.3083   slack (VIOLATED)


SIGNOFF_PROG_PATH_END
SIGNOFF_SLEW tap_input_max=0.276305 tap_input_pin=lt_lp45_s3/A site_input_max=0.354636 site_input_pin=vs_32_50/A
SIGNOFF_SPINE_DRIVERS sky130_fd_sc_hd__buf_4 512
