Yosys 0.68+post (git sha1 UNKNOWN, Release, GNU /usr/local/bin/wrapped-cc/g++ 11.4.0)
Using ABC speed script.
Extracting clock period from SDC file: /w/experiments/outputs/orfs/gt2n/gcd/base/results/gt2n/gcd/base/clock_period.txt
Setting clock period to 500
1. Executing Liberty frontend: /OpenROAD-flow-scripts/flow/platforms/gt2n/lib/gt2_6t_w31_lvt_tt_0p7v25c.lib
2. Executing Liberty frontend: /OpenROAD-flow-scripts/flow/platforms/gt2n/lib/gt2_6t_w31_hvt_tt_0p7v25c.lib
3. Executing Liberty frontend: /OpenROAD-flow-scripts/flow/platforms/gt2n/lib/gt2_6t_w31_svt_tt_0p7v25c.lib
4. Executing Liberty frontend: /OpenROAD-flow-scripts/flow/platforms/gt2n/lib/gt2_6t_w31_ulvt_tt_0p7v25c.lib
5. Executing Liberty frontend: /OpenROAD-flow-scripts/flow/platforms/gt2n/lib/gt2_6t_w31_elvt_tt_0p7v25c.lib
6. Executing Liberty frontend: /OpenROAD-flow-scripts/flow/platforms/gt2n/lib/gt2_6t_w13_lvt_tt_0p7v25c.lib
7. Executing Liberty frontend: /OpenROAD-flow-scripts/flow/platforms/gt2n/lib/gt2_6t_w13_hvt_tt_0p7v25c.lib
8. Executing Liberty frontend: /OpenROAD-flow-scripts/flow/platforms/gt2n/lib/gt2_6t_w13_svt_tt_0p7v25c.lib
9. Executing Liberty frontend: /OpenROAD-flow-scripts/flow/platforms/gt2n/lib/gt2_6t_w13_ulvt_tt_0p7v25c.lib
10. Executing Liberty frontend: /OpenROAD-flow-scripts/flow/platforms/gt2n/lib/gt2_6t_w13_elvt_tt_0p7v25c.lib
11. Executing Liberty frontend: /OpenROAD-flow-scripts/flow/platforms/gt2n/lib/gt2_6t_w31_lvt_tt_0p7v25c.lib
12. Executing Liberty frontend: /OpenROAD-flow-scripts/flow/platforms/gt2n/lib/gt2_6t_w31_hvt_tt_0p7v25c.lib
13. Executing Liberty frontend: /OpenROAD-flow-scripts/flow/platforms/gt2n/lib/gt2_6t_w31_svt_tt_0p7v25c.lib
14. Executing Liberty frontend: /OpenROAD-flow-scripts/flow/platforms/gt2n/lib/gt2_6t_w31_ulvt_tt_0p7v25c.lib
15. Executing Liberty frontend: /OpenROAD-flow-scripts/flow/platforms/gt2n/lib/gt2_6t_w31_elvt_tt_0p7v25c.lib
16. Executing Liberty frontend: /OpenROAD-flow-scripts/flow/platforms/gt2n/lib/gt2_6t_w13_lvt_tt_0p7v25c.lib
17. Executing Liberty frontend: /OpenROAD-flow-scripts/flow/platforms/gt2n/lib/gt2_6t_w13_hvt_tt_0p7v25c.lib
18. Executing Liberty frontend: /OpenROAD-flow-scripts/flow/platforms/gt2n/lib/gt2_6t_w13_svt_tt_0p7v25c.lib
19. Executing Liberty frontend: /OpenROAD-flow-scripts/flow/platforms/gt2n/lib/gt2_6t_w13_ulvt_tt_0p7v25c.lib
20. Executing Liberty frontend: /OpenROAD-flow-scripts/flow/platforms/gt2n/lib/gt2_6t_w13_elvt_tt_0p7v25c.lib
21. Executing Verilog-2005 frontend: /OpenROAD-flow-scripts/flow/designs/src/gcd/gcd.v
22. Executing Verilog-2005 frontend: /OpenROAD-flow-scripts/flow/platforms/gt2n/cells_clkgate.v
23. Executing HIERARCHY pass (managing design hierarchy).
24. Executing AST frontend in derive mode using pre-parsed AST for module `\gcd'.
24.1. Analyzing design hierarchy..
24.2. Executing AST frontend in derive mode using pre-parsed AST for module `\GcdUnitDpathRTL_0x4d0fc71ead8d3d9e'.
24.3. Executing AST frontend in derive mode using pre-parsed AST for module `\GcdUnitCtrlRTL_0x4d0fc71ead8d3d9e'.
24.4. Analyzing design hierarchy..
24.5. Executing AST frontend in derive mode using pre-parsed AST for module `\RegRst_0x9f365fdf6c8998a'.
24.6. Executing AST frontend in derive mode using pre-parsed AST for module `\RegEn_0x68db79c4ec1d6e5b'.
24.7. Executing AST frontend in derive mode using pre-parsed AST for module `\Subtractor_0x422b1f52edd46a85'.
24.8. Executing AST frontend in derive mode using pre-parsed AST for module `\Mux_0xdd6473406d1a99a'.
24.9. Executing AST frontend in derive mode using pre-parsed AST for module `\Mux_0x683fa1a418b072c9'.
24.10. Executing AST frontend in derive mode using pre-parsed AST for module `\ZeroComparator_0x422b1f52edd46a85'.
24.11. Executing AST frontend in derive mode using pre-parsed AST for module `\LtComparator_0x422b1f52edd46a85'.
24.12. Analyzing design hierarchy..
24.13. Analyzing design hierarchy..
25. Executing OPT_CLEAN pass (remove unused cells and wires).
Warning: Ignoring module ZeroComparator_0x422b1f52edd46a85 because it contains processes (run 'proc' command first).
Warning: Ignoring module Mux_0x683fa1a418b072c9 because it contains processes (run 'proc' command first).
Warning: Ignoring module Mux_0xdd6473406d1a99a because it contains processes (run 'proc' command first).
Warning: Ignoring module Subtractor_0x422b1f52edd46a85 because it contains processes (run 'proc' command first).
Warning: Ignoring module RegEn_0x68db79c4ec1d6e5b because it contains processes (run 'proc' command first).
Warning: Ignoring module RegRst_0x9f365fdf6c8998a because it contains processes (run 'proc' command first).
Warning: Ignoring module GcdUnitCtrlRTL_0x4d0fc71ead8d3d9e because it contains processes (run 'proc' command first).
Warning: Ignoring module LtComparator_0x422b1f52edd46a85 because it contains processes (run 'proc' command first).
26. Executing RTLIL backend.
Warnings: 8 unique messages, 8 total
End of script. Logfile hash: 4256a6539f, time: 0.35s, user: 0.12s, system: 0.02s, MEM: 35.35 MB peak
Yosys 0.68+post (git sha1 UNKNOWN, Release, GNU /usr/local/bin/wrapped-cc/g++ 11.4.0)
Time spent: 72% 22x read_liberty (0 sec), 14% 2x write_rtlil (0 sec), ...
Elapsed time: 0:00.36[h:]min:sec. CPU time: user 0.13 sys 0.03 (45%). Peak memory: 38836KB.
Log                       Ext     Elapsed/s Peak Memory/MB sha1sum result [0:20)
1_1_yosys_canonicalize    .rtlil          0             37 dd5c27f7b112ca304b41
