Yosys 0.68+post (git sha1 UNKNOWN, Release, GNU /usr/local/bin/wrapped-cc/g++ 11.4.0)
Using ABC speed script.
Extracting clock period from SDC file: /w/experiments/outputs/orfs/gt2n/gcd/base/results/gt2n/gcd/base/clock_period.txt
Setting clock period to 500
1. Executing RTLIL frontend.
2. Executing HIERARCHY pass (managing design hierarchy).
2.1. Analyzing design hierarchy..
2.2. Analyzing design hierarchy..
3. Executing SYNTH pass.
3.1. Executing HIERARCHY pass (managing design hierarchy).
3.1.1. Analyzing design hierarchy..
3.1.2. Analyzing design hierarchy..
3.2. Executing PROC pass (convert processes to netlists).
3.2.1. Executing PROC_CLEAN pass (remove empty switches from decision trees).
3.2.2. Executing PROC_RMDEAD pass (remove dead branches from decision trees).
3.2.3. Executing PROC_PRUNE pass (remove redundant assignments in processes).
3.2.4. Executing PROC_INIT pass (extract init attributes).
3.2.5. Executing PROC_ARST pass (detect async resets in processes).
3.2.6. Executing PROC_ROM pass (convert switches to ROMs).
3.2.7. Executing PROC_MUX pass (convert decision trees to multiplexers).
3.2.8. Executing PROC_DLATCH pass (convert process syncs to latches).
Warning: Latch inferred for signal `\GcdUnitCtrlRTL_0x4d0fc71ead8d3d9e.\do_sub' from process `\GcdUnitCtrlRTL_0x4d0fc71ead8d3d9e.$proc$/OpenROAD-flow-scripts/flow/designs/src/gcd/gcd.v:277$7560': $auto$proc_dlatch.cc:547:proc_dlatch$7774
Warning: Latch inferred for signal `\GcdUnitCtrlRTL_0x4d0fc71ead8d3d9e.\do_swap' from process `\GcdUnitCtrlRTL_0x4d0fc71ead8d3d9e.$proc$/OpenROAD-flow-scripts/flow/designs/src/gcd/gcd.v:277$7560': $auto$proc_dlatch.cc:547:proc_dlatch$7777
3.2.9. Executing PROC_DFF pass (convert process syncs to FFs).
3.2.10. Executing PROC_MEMWR pass (convert process memory writes to cells).
3.2.11. Executing PROC_CLEAN pass (remove empty switches from decision trees).
3.2.12. Executing OPT_EXPR pass (perform const folding).
3.3. Executing CHECK pass (checking for obvious problems).
3.4. Executing FLATTEN pass (flatten design).
3.5. Executing OPT_EXPR pass (perform const folding).
3.6. Executing OPT_CLEAN pass (remove unused cells and wires).
3.7. Executing CHECK pass (checking for obvious problems).
3.8. Executing OPT pass (performing simple optimizations).
3.8.1. Executing OPT_EXPR pass (perform const folding).
3.8.2. Executing OPT_MERGE pass (detect identical cells).
3.8.3. Executing OPT_MUXTREE pass (detect dead branches in mux trees).
3.8.4. Executing OPT_REDUCE pass (consolidate $*mux and $reduce_* inputs).
3.8.5. Executing OPT_MERGE pass (detect identical cells).
3.8.6. Executing OPT_DFF pass (perform DFF optimizations).
3.8.7. Executing OPT_CLEAN pass (remove unused cells and wires).
3.8.8. Executing OPT_EXPR pass (perform const folding).
3.8.9. Rerunning OPT passes. (Maybe there is more to do..)
3.8.10. Executing OPT_MUXTREE pass (detect dead branches in mux trees).
3.8.11. Executing OPT_REDUCE pass (consolidate $*mux and $reduce_* inputs).
3.8.12. Executing OPT_MERGE pass (detect identical cells).
3.8.13. Executing OPT_DFF pass (perform DFF optimizations).
3.8.14. Executing OPT_CLEAN pass (remove unused cells and wires).
3.8.15. Executing OPT_EXPR pass (perform const folding).
3.8.16. Finished fast OPT passes. (There is nothing left to do.)
3.9. Executing FSM pass (extract and optimize FSM).
3.9.1. Executing FSM_DETECT pass (finding FSMs in design).
3.9.2. Executing FSM_EXTRACT pass (extracting FSM from design).
3.9.3. Executing FSM_OPT pass (simple optimizations of FSMs).
3.9.4. Executing OPT_CLEAN pass (remove unused cells and wires).
3.9.5. Executing FSM_OPT pass (simple optimizations of FSMs).
3.9.6. Executing FSM_RECODE pass (re-assigning FSM state encoding).
3.9.7. Executing FSM_INFO pass (dumping all available information on FSM cells).
3.9.8. Executing FSM_MAP pass (mapping FSMs to basic logic).
3.10. Executing OPT pass (performing simple optimizations).
3.10.1. Executing OPT_EXPR pass (perform const folding).
3.10.2. Executing OPT_MERGE pass (detect identical cells).
3.10.3. Executing OPT_MUXTREE pass (detect dead branches in mux trees).
3.10.4. Executing OPT_REDUCE pass (consolidate $*mux and $reduce_* inputs).
3.10.5. Executing OPT_MERGE pass (detect identical cells).
3.10.6. Executing OPT_DFF pass (perform DFF optimizations).
3.10.7. Executing OPT_CLEAN pass (remove unused cells and wires).
3.10.8. Executing OPT_EXPR pass (perform const folding).
3.10.9. Rerunning OPT passes. (Maybe there is more to do..)
3.10.10. Executing OPT_MUXTREE pass (detect dead branches in mux trees).
3.10.11. Executing OPT_REDUCE pass (consolidate $*mux and $reduce_* inputs).
3.10.12. Executing OPT_MERGE pass (detect identical cells).
3.10.13. Executing OPT_DFF pass (perform DFF optimizations).
3.10.14. Executing OPT_CLEAN pass (remove unused cells and wires).
3.10.15. Executing OPT_EXPR pass (perform const folding).
3.10.16. Finished fast OPT passes. (There is nothing left to do.)
3.11. Executing WREDUCE pass (reducing word size of cells).
3.12. Executing PEEPOPT pass (run peephole optimizers).
3.13. Executing OPT_CLEAN pass (remove unused cells and wires).
3.14. Executing ALUMACC pass (create $alu and $macc cells).
3.15. Executing SHARE pass (SAT-based resource sharing).
3.16. Executing OPT pass (performing simple optimizations).
3.16.1. Executing OPT_EXPR pass (perform const folding).
3.16.2. Executing OPT_MERGE pass (detect identical cells).
3.16.3. Executing OPT_MUXTREE pass (detect dead branches in mux trees).
3.16.4. Executing OPT_REDUCE pass (consolidate $*mux and $reduce_* inputs).
3.16.5. Executing OPT_MERGE pass (detect identical cells).
3.16.6. Executing OPT_DFF pass (perform DFF optimizations).
3.16.7. Executing OPT_CLEAN pass (remove unused cells and wires).
3.16.8. Executing OPT_EXPR pass (perform const folding).
3.16.9. Rerunning OPT passes. (Maybe there is more to do..)
3.16.10. Executing OPT_MUXTREE pass (detect dead branches in mux trees).
3.16.11. Executing OPT_REDUCE pass (consolidate $*mux and $reduce_* inputs).
3.16.12. Executing OPT_MERGE pass (detect identical cells).
3.16.13. Executing OPT_DFF pass (perform DFF optimizations).
3.16.14. Executing OPT_CLEAN pass (remove unused cells and wires).
3.16.15. Executing OPT_EXPR pass (perform const folding).
3.16.16. Finished fast OPT passes. (There is nothing left to do.)
3.17. Executing MEMORY pass.
3.17.1. Executing OPT_MEM pass (optimize memories).
3.17.2. Executing OPT_MEM_PRIORITY pass (removing unnecessary memory write priority relations).
3.17.3. Executing OPT_MEM_FEEDBACK pass (finding memory read-to-write feedback paths).
3.17.4. Executing MEMORY_BMUX2ROM pass (converting muxes to ROMs).
3.17.5. Executing MEMORY_DFF pass (merging $dff cells to $memrd).
3.17.6. Executing OPT_CLEAN pass (remove unused cells and wires).
3.17.7. Executing MEMORY_SHARE pass (consolidating $memrd/$memwr cells).
3.17.8. Executing OPT_MEM_WIDEN pass (optimize memories where all ports are wide).
3.17.9. Executing OPT_CLEAN pass (remove unused cells and wires).
3.17.10. Executing MEMORY_COLLECT pass (generating $mem cells).
3.18. Executing OPT_CLEAN pass (remove unused cells and wires).
4. Executing SYNTH pass.
4.1. Executing OPT pass (performing simple optimizations).
4.1.1. Executing OPT_EXPR pass (perform const folding).
4.1.2. Executing OPT_MERGE pass (detect identical cells).
4.1.3. Executing OPT_DFF pass (perform DFF optimizations).
4.1.4. Executing OPT_CLEAN pass (remove unused cells and wires).
4.1.5. Finished fast OPT passes.
4.2. Executing MEMORY_MAP pass (converting memories to logic and flip-flops).
4.3. Executing OPT pass (performing simple optimizations).
4.3.1. Executing OPT_EXPR pass (perform const folding).
4.3.2. Executing OPT_MERGE pass (detect identical cells).
4.3.3. Executing OPT_MUXTREE pass (detect dead branches in mux trees).
4.3.4. Executing OPT_REDUCE pass (consolidate $*mux and $reduce_* inputs).
4.3.5. Executing OPT_MERGE pass (detect identical cells).
4.3.6. Executing OPT_SHARE pass.
4.3.7. Executing OPT_DFF pass (perform DFF optimizations).
4.3.8. Executing OPT_CLEAN pass (remove unused cells and wires).
4.3.9. Executing OPT_EXPR pass (perform const folding).
4.3.10. Finished fast OPT passes. (There is nothing left to do.)
4.4. Executing TECHMAP pass (map to technology primitives).
4.4.1. Executing Verilog-2005 frontend: /OpenROAD-flow-scripts/tools/install/yosys/bin/../share/yosys/techmap.v
4.4.2. Executing Verilog-2005 frontend: /OpenROAD-flow-scripts/flow/platforms/common/lcu_kogge_stone.v
4.4.3. Continuing TECHMAP pass.
4.5. Executing OPT pass (performing simple optimizations).
4.5.1. Executing OPT_EXPR pass (perform const folding).
4.5.2. Executing OPT_MERGE pass (detect identical cells).
4.5.3. Executing OPT_DFF pass (perform DFF optimizations).
4.5.4. Executing OPT_CLEAN pass (remove unused cells and wires).
4.5.5. Finished fast OPT passes.
4.6. Executing HIERARCHY pass (managing design hierarchy).
4.6.1. Analyzing design hierarchy..
4.6.2. Analyzing design hierarchy..
4.7. Printing statistics.
4.8. Executing CHECK pass (checking for obvious problems).
5. Executing OPT pass (performing simple optimizations).
5.1. Executing OPT_EXPR pass (perform const folding).
5.2. Executing OPT_MERGE pass (detect identical cells).
5.3. Executing OPT_MUXTREE pass (detect dead branches in mux trees).
5.4. Executing OPT_REDUCE pass (consolidate $*mux and $reduce_* inputs).
5.5. Executing OPT_MERGE pass (detect identical cells).
5.6. Executing OPT_DFF pass (perform DFF optimizations).
5.7. Executing OPT_CLEAN pass (remove unused cells and wires).
5.8. Executing OPT_EXPR pass (perform const folding).
5.9. Rerunning OPT passes. (Maybe there is more to do..)
5.10. Executing OPT_MUXTREE pass (detect dead branches in mux trees).
5.11. Executing OPT_REDUCE pass (consolidate $*mux and $reduce_* inputs).
5.12. Executing OPT_MERGE pass (detect identical cells).
5.13. Executing OPT_DFF pass (perform DFF optimizations).
5.14. Executing OPT_CLEAN pass (remove unused cells and wires).
5.15. Executing OPT_EXPR pass (perform const folding).
5.16. Finished fast OPT passes. (There is nothing left to do.)
6. Executing DFFLIBMAP pass (mapping DFF cells to sequential cells from liberty file).
6.1. Executing DFFLEGALIZE pass (convert FFs to types supported by the target).
7. Executing OPT pass (performing simple optimizations).
7.1. Executing OPT_EXPR pass (perform const folding).
7.2. Executing OPT_MERGE pass (detect identical cells).
7.3. Executing OPT_MUXTREE pass (detect dead branches in mux trees).
7.4. Executing OPT_REDUCE pass (consolidate $*mux and $reduce_* inputs).
7.5. Executing OPT_MERGE pass (detect identical cells).
7.6. Executing OPT_DFF pass (perform DFF optimizations).
7.7. Executing OPT_CLEAN pass (remove unused cells and wires).
7.8. Executing OPT_EXPR pass (perform const folding).
7.9. Finished fast OPT passes. (There is nothing left to do.)
8. Executing SETUNDEF pass (replace undef values with defined constants).
abc -script /OpenROAD-flow-scripts/flow/scripts/abc_speed.script -liberty /OpenROAD-flow-scripts/flow/platforms/gt2n/lib/gt2_6t_w31_lvt_tt_0p7v25c.lib -liberty /OpenROAD-flow-scripts/flow/platforms/gt2n/lib/gt2_6t_w31_hvt_tt_0p7v25c.lib -liberty /OpenROAD-flow-scripts/flow/platforms/gt2n/lib/gt2_6t_w31_svt_tt_0p7v25c.lib -liberty /OpenROAD-flow-scripts/flow/platforms/gt2n/lib/gt2_6t_w31_ulvt_tt_0p7v25c.lib -liberty /OpenROAD-flow-scripts/flow/platforms/gt2n/lib/gt2_6t_w31_elvt_tt_0p7v25c.lib -liberty /OpenROAD-flow-scripts/flow/platforms/gt2n/lib/gt2_6t_w13_lvt_tt_0p7v25c.lib -liberty /OpenROAD-flow-scripts/flow/platforms/gt2n/lib/gt2_6t_w13_hvt_tt_0p7v25c.lib -liberty /OpenROAD-flow-scripts/flow/platforms/gt2n/lib/gt2_6t_w13_svt_tt_0p7v25c.lib -liberty /OpenROAD-flow-scripts/flow/platforms/gt2n/lib/gt2_6t_w13_ulvt_tt_0p7v25c.lib -liberty /OpenROAD-flow-scripts/flow/platforms/gt2n/lib/gt2_6t_w13_elvt_tt_0p7v25c.lib -dont_use gt2_6t_filler_w31_lvt -dont_use gt2_6t_tapfspdn_w31_lvt -dont_use gt2_6t_tapbspdn_w31_lvt -dont_use gt2_6t_decapcc_w31_lvt -dont_use gt2_6t_tiehigh_w31_lvt -dont_use gt2_6t_tielow_w31_lvt -dont_use gt2_6t_filler_w31_hvt -dont_use gt2_6t_tapfspdn_w31_hvt -dont_use gt2_6t_tapbspdn_w31_hvt -dont_use gt2_6t_decapcc_w31_hvt -dont_use gt2_6t_tiehigh_w31_hvt -dont_use gt2_6t_tielow_w31_hvt -dont_use gt2_6t_filler_w31_svt -dont_use gt2_6t_tapfspdn_w31_svt -dont_use gt2_6t_tapbspdn_w31_svt -dont_use gt2_6t_decapcc_w31_svt -dont_use gt2_6t_tiehigh_w31_svt -dont_use gt2_6t_tielow_w31_svt -dont_use gt2_6t_filler_w31_ulvt -dont_use gt2_6t_tapfspdn_w31_ulvt -dont_use gt2_6t_tapbspdn_w31_ulvt -dont_use gt2_6t_decapcc_w31_ulvt -dont_use gt2_6t_tiehigh_w31_ulvt -dont_use gt2_6t_tielow_w31_ulvt -dont_use gt2_6t_filler_w31_elvt -dont_use gt2_6t_tapfspdn_w31_elvt -dont_use gt2_6t_tapbspdn_w31_elvt -dont_use gt2_6t_decapcc_w31_elvt -dont_use gt2_6t_tiehigh_w31_elvt -dont_use gt2_6t_tielow_w31_elvt -dont_use gt2_6t_filler_w13_lvt -dont_use gt2_6t_tapfspdn_w13_lvt -dont_use gt2_6t_tapbspdn_w13_lvt -dont_use gt2_6t_decapcc_w13_lvt -dont_use gt2_6t_tiehigh_w13_lvt -dont_use gt2_6t_tielow_w13_lvt -dont_use gt2_6t_filler_w13_hvt -dont_use gt2_6t_tapfspdn_w13_hvt -dont_use gt2_6t_tapbspdn_w13_hvt -dont_use gt2_6t_decapcc_w13_hvt -dont_use gt2_6t_tiehigh_w13_hvt -dont_use gt2_6t_tielow_w13_hvt -dont_use gt2_6t_filler_w13_svt -dont_use gt2_6t_tapfspdn_w13_svt -dont_use gt2_6t_tapbspdn_w13_svt -dont_use gt2_6t_decapcc_w13_svt -dont_use gt2_6t_tiehigh_w13_svt -dont_use gt2_6t_tielow_w13_svt -dont_use gt2_6t_filler_w13_ulvt -dont_use gt2_6t_tapfspdn_w13_ulvt -dont_use gt2_6t_tapbspdn_w13_ulvt -dont_use gt2_6t_decapcc_w13_ulvt -dont_use gt2_6t_tiehigh_w13_ulvt -dont_use gt2_6t_tielow_w13_ulvt -dont_use gt2_6t_filler_w13_elvt -dont_use gt2_6t_tapfspdn_w13_elvt -dont_use gt2_6t_tapbspdn_w13_elvt -dont_use gt2_6t_decapcc_w13_elvt -dont_use gt2_6t_tiehigh_w13_elvt -dont_use gt2_6t_tielow_w13_elvt -constr /w/experiments/outputs/orfs/gt2n/gcd/base/objects/gt2n/gcd/base/abc.constr -D 500
9. Executing ABC pass (technology mapping using ABC).
9.1. Extracting gate netlist of module `\gcd' to `<abc-temp-dir>/input.blif'..
9.1.1. Executed ABC.
9.1.2. Re-integrating ABC results.
10. Executing SPLITNETS pass (splitting up multi-bit signals).
11. Executing OPT_CLEAN pass (remove unused cells and wires).
12. Executing HILOMAP pass (mapping to constant drivers).
13. Executing INSBUF pass (insert buffer cells for connected wires).
14. Executing CHECK pass (checking for obvious problems).
15. Printing statistics.
16. Executing CHECK pass (checking for obvious problems).
17. Executing Verilog backend.
17.1. Executing BMUXMAP pass.
17.2. Executing DEMUXMAP pass.
Warnings: 2 unique messages, 2 total
End of script. Logfile hash: 61d5a3aef3, time: 1.62s, user: 0.31s, system: 0.23s, MEM: 62.45 MB peak
Yosys 0.68+post (git sha1 UNKNOWN, Release, GNU /usr/local/bin/wrapped-cc/g++ 11.4.0)
Time spent: 61% 1x abc (0 sec), 8% 2x synth (0 sec), ...
Elapsed time: 0:01.63[h:]min:sec. CPU time: user 1.11 sys 0.32 (87%). Peak memory: 71196KB.
Log                       Ext     Elapsed/s Peak Memory/MB sha1sum result [0:20)
1_2_yosys                 .v              1             69 c1aefb417b454190e509
