OpenROAD unknown 
Features included (+) or not (-): -GPU +GUI -Python
This program is licensed under the BSD-3 license. See the LICENSE file for details.
Components of this program may be licensed under more restrictive licenses which must be honored.
[INFO ORD-0030] Using 8 thread(s).
read_liberty /OpenROAD-flow-scripts/flow/platforms/gt2n/lib/gt2_6t_w31_lvt_tt_0p7v25c.lib
[WARNING STA-1171] /OpenROAD-flow-scripts/flow/platforms/gt2n/lib/gt2_6t_w31_lvt_tt_0p7v25c.lib line 58, default_fanout_load is 0.0.
read_liberty /OpenROAD-flow-scripts/flow/platforms/gt2n/lib/gt2_6t_w31_hvt_tt_0p7v25c.lib
[WARNING STA-1171] /OpenROAD-flow-scripts/flow/platforms/gt2n/lib/gt2_6t_w31_hvt_tt_0p7v25c.lib line 58, default_fanout_load is 0.0.
read_liberty /OpenROAD-flow-scripts/flow/platforms/gt2n/lib/gt2_6t_w31_svt_tt_0p7v25c.lib
[WARNING STA-1171] /OpenROAD-flow-scripts/flow/platforms/gt2n/lib/gt2_6t_w31_svt_tt_0p7v25c.lib line 58, default_fanout_load is 0.0.
read_liberty /OpenROAD-flow-scripts/flow/platforms/gt2n/lib/gt2_6t_w31_ulvt_tt_0p7v25c.lib
[WARNING STA-1171] /OpenROAD-flow-scripts/flow/platforms/gt2n/lib/gt2_6t_w31_ulvt_tt_0p7v25c.lib line 58, default_fanout_load is 0.0.
read_liberty /OpenROAD-flow-scripts/flow/platforms/gt2n/lib/gt2_6t_w31_elvt_tt_0p7v25c.lib
[WARNING STA-1171] /OpenROAD-flow-scripts/flow/platforms/gt2n/lib/gt2_6t_w31_elvt_tt_0p7v25c.lib line 58, default_fanout_load is 0.0.
read_liberty /OpenROAD-flow-scripts/flow/platforms/gt2n/lib/gt2_6t_w13_lvt_tt_0p7v25c.lib
[WARNING STA-1171] /OpenROAD-flow-scripts/flow/platforms/gt2n/lib/gt2_6t_w13_lvt_tt_0p7v25c.lib line 58, default_fanout_load is 0.0.
read_liberty /OpenROAD-flow-scripts/flow/platforms/gt2n/lib/gt2_6t_w13_hvt_tt_0p7v25c.lib
[WARNING STA-1171] /OpenROAD-flow-scripts/flow/platforms/gt2n/lib/gt2_6t_w13_hvt_tt_0p7v25c.lib line 58, default_fanout_load is 0.0.
read_liberty /OpenROAD-flow-scripts/flow/platforms/gt2n/lib/gt2_6t_w13_svt_tt_0p7v25c.lib
[WARNING STA-1171] /OpenROAD-flow-scripts/flow/platforms/gt2n/lib/gt2_6t_w13_svt_tt_0p7v25c.lib line 58, default_fanout_load is 0.0.
read_liberty /OpenROAD-flow-scripts/flow/platforms/gt2n/lib/gt2_6t_w13_ulvt_tt_0p7v25c.lib
[WARNING STA-1171] /OpenROAD-flow-scripts/flow/platforms/gt2n/lib/gt2_6t_w13_ulvt_tt_0p7v25c.lib line 58, default_fanout_load is 0.0.
read_liberty /OpenROAD-flow-scripts/flow/platforms/gt2n/lib/gt2_6t_w13_elvt_tt_0p7v25c.lib
[WARNING STA-1171] /OpenROAD-flow-scripts/flow/platforms/gt2n/lib/gt2_6t_w13_elvt_tt_0p7v25c.lib line 58, default_fanout_load is 0.0.
[INFO ODB-0227] LEF file: /OpenROAD-flow-scripts/flow/platforms/gt2n/lef/gt2_tech.lef, created 51 layers, 19 vias
[INFO ODB-0227] LEF file: /OpenROAD-flow-scripts/flow/platforms/gt2n/lef/gt2_6t_w31_lvt.lef, created 72 library cells
[INFO ODB-0394] Duplicate site gt2_6t in gt2_6t_w31_hvt already seen in gt2_6t_w31_lvt
[INFO ODB-0227] LEF file: /OpenROAD-flow-scripts/flow/platforms/gt2n/lef/gt2_6t_w31_hvt.lef, created 72 library cells
[INFO ODB-0394] Duplicate site gt2_6t in gt2_6t_w31_svt already seen in gt2_6t_w31_lvt
[INFO ODB-0227] LEF file: /OpenROAD-flow-scripts/flow/platforms/gt2n/lef/gt2_6t_w31_svt.lef, created 72 library cells
[INFO ODB-0394] Duplicate site gt2_6t in gt2_6t_w31_ulvt already seen in gt2_6t_w31_lvt
[INFO ODB-0227] LEF file: /OpenROAD-flow-scripts/flow/platforms/gt2n/lef/gt2_6t_w31_ulvt.lef, created 72 library cells
[INFO ODB-0394] Duplicate site gt2_6t in gt2_6t_w31_elvt already seen in gt2_6t_w31_lvt
[INFO ODB-0227] LEF file: /OpenROAD-flow-scripts/flow/platforms/gt2n/lef/gt2_6t_w31_elvt.lef, created 72 library cells
[INFO ODB-0394] Duplicate site gt2_6t in gt2_6t_w13_lvt already seen in gt2_6t_w31_lvt
[INFO ODB-0227] LEF file: /OpenROAD-flow-scripts/flow/platforms/gt2n/lef/gt2_6t_w13_lvt.lef, created 72 library cells
[INFO ODB-0394] Duplicate site gt2_6t in gt2_6t_w13_hvt already seen in gt2_6t_w31_lvt
[INFO ODB-0227] LEF file: /OpenROAD-flow-scripts/flow/platforms/gt2n/lef/gt2_6t_w13_hvt.lef, created 72 library cells
[INFO ODB-0394] Duplicate site gt2_6t in gt2_6t_w13_svt already seen in gt2_6t_w31_lvt
[INFO ODB-0227] LEF file: /OpenROAD-flow-scripts/flow/platforms/gt2n/lef/gt2_6t_w13_svt.lef, created 72 library cells
[INFO ODB-0394] Duplicate site gt2_6t in gt2_6t_w13_ulvt already seen in gt2_6t_w31_lvt
[INFO ODB-0227] LEF file: /OpenROAD-flow-scripts/flow/platforms/gt2n/lef/gt2_6t_w13_ulvt.lef, created 72 library cells
[INFO ODB-0394] Duplicate site gt2_6t in gt2_6t_w13_elvt already seen in gt2_6t_w31_lvt
[INFO ODB-0227] LEF file: /OpenROAD-flow-scripts/flow/platforms/gt2n/lef/gt2_6t_w13_elvt.lef, created 72 library cells
link_design gcd
read_sdc /w/experiments/outputs/orfs/gt2n/gcd/base/results/gt2n/gcd/base/1_2_yosys.sdc
source /OpenROAD-flow-scripts/flow/platforms/gt2n/setRC.tcl
eliminate_dead_logic
Removed 0 unused instances and 0 unused nets.
Design area 16 um^2 100% utilization.
write_db /w/experiments/outputs/orfs/gt2n/gcd/base/results/gt2n/gcd/base/1_synth.odb
write_sdc -no_timestamp /w/experiments/outputs/orfs/gt2n/gcd/base/results/gt2n/gcd/base/1_synth.sdc
Elapsed time: 0:00.46[h:]min:sec. CPU time: user 0.33 sys 0.06 (84%). Peak memory: 108176KB.
Log                       Ext     Elapsed/s Peak Memory/MB sha1sum result [0:20)
1_synth                   .odb            0            105 6dd9ab0ba29003536ad7
1_synth                   .sdc                             14d08d45c9a313fcba49
