OpenROAD unknown 
Features included (+) or not (-): -GPU +GUI -Python
This program is licensed under the BSD-3 license. See the LICENSE file for details.
Components of this program may be licensed under more restrictive licenses which must be honored.
[INFO ORD-0030] Using 8 thread(s).
read_liberty /OpenROAD-flow-scripts/flow/platforms/gt2n/lib/gt2_6t_w31_lvt_tt_0p7v25c.lib
[WARNING STA-1171] /OpenROAD-flow-scripts/flow/platforms/gt2n/lib/gt2_6t_w31_lvt_tt_0p7v25c.lib line 58, default_fanout_load is 0.0.
read_liberty /OpenROAD-flow-scripts/flow/platforms/gt2n/lib/gt2_6t_w31_hvt_tt_0p7v25c.lib
[WARNING STA-1171] /OpenROAD-flow-scripts/flow/platforms/gt2n/lib/gt2_6t_w31_hvt_tt_0p7v25c.lib line 58, default_fanout_load is 0.0.
read_liberty /OpenROAD-flow-scripts/flow/platforms/gt2n/lib/gt2_6t_w31_svt_tt_0p7v25c.lib
[WARNING STA-1171] /OpenROAD-flow-scripts/flow/platforms/gt2n/lib/gt2_6t_w31_svt_tt_0p7v25c.lib line 58, default_fanout_load is 0.0.
read_liberty /OpenROAD-flow-scripts/flow/platforms/gt2n/lib/gt2_6t_w31_ulvt_tt_0p7v25c.lib
[WARNING STA-1171] /OpenROAD-flow-scripts/flow/platforms/gt2n/lib/gt2_6t_w31_ulvt_tt_0p7v25c.lib line 58, default_fanout_load is 0.0.
read_liberty /OpenROAD-flow-scripts/flow/platforms/gt2n/lib/gt2_6t_w31_elvt_tt_0p7v25c.lib
[WARNING STA-1171] /OpenROAD-flow-scripts/flow/platforms/gt2n/lib/gt2_6t_w31_elvt_tt_0p7v25c.lib line 58, default_fanout_load is 0.0.
read_liberty /OpenROAD-flow-scripts/flow/platforms/gt2n/lib/gt2_6t_w13_lvt_tt_0p7v25c.lib
[WARNING STA-1171] /OpenROAD-flow-scripts/flow/platforms/gt2n/lib/gt2_6t_w13_lvt_tt_0p7v25c.lib line 58, default_fanout_load is 0.0.
read_liberty /OpenROAD-flow-scripts/flow/platforms/gt2n/lib/gt2_6t_w13_hvt_tt_0p7v25c.lib
[WARNING STA-1171] /OpenROAD-flow-scripts/flow/platforms/gt2n/lib/gt2_6t_w13_hvt_tt_0p7v25c.lib line 58, default_fanout_load is 0.0.
read_liberty /OpenROAD-flow-scripts/flow/platforms/gt2n/lib/gt2_6t_w13_svt_tt_0p7v25c.lib
[WARNING STA-1171] /OpenROAD-flow-scripts/flow/platforms/gt2n/lib/gt2_6t_w13_svt_tt_0p7v25c.lib line 58, default_fanout_load is 0.0.
read_liberty /OpenROAD-flow-scripts/flow/platforms/gt2n/lib/gt2_6t_w13_ulvt_tt_0p7v25c.lib
[WARNING STA-1171] /OpenROAD-flow-scripts/flow/platforms/gt2n/lib/gt2_6t_w13_ulvt_tt_0p7v25c.lib line 58, default_fanout_load is 0.0.
read_liberty /OpenROAD-flow-scripts/flow/platforms/gt2n/lib/gt2_6t_w13_elvt_tt_0p7v25c.lib
[WARNING STA-1171] /OpenROAD-flow-scripts/flow/platforms/gt2n/lib/gt2_6t_w13_elvt_tt_0p7v25c.lib line 58, default_fanout_load is 0.0.
read_db /w/experiments/outputs/orfs/gt2n/gcd/base/results/gt2n/gcd/base/1_synth.odb
read_sdc /w/experiments/outputs/orfs/gt2n/gcd/base/results/gt2n/gcd/base/1_synth.sdc
source /OpenROAD-flow-scripts/flow/platforms/gt2n/setRC.tcl

==========================================================================
Floorplan check_setup
--------------------------------------------------------------------------
number instances in verilog is 405
initialize_floorplan -utilization 25 -aspect_ratio 1.0 -core_space 0.5 -site gt2_6t
[INFO IFP-0107] Defining die area using utilization: 25.00% and aspect ratio: 1.
[WARNING IFP-0028] Core area lower left (0.500, 0.500) snapped to (0.504, 0.576).
[INFO IFP-0001] Added 54 rows of 187 site gt2_6t.
[INFO IFP-0100] Die BBox:  (  0.000  0.000 ) (  8.882  8.882 ) um
[INFO IFP-0101] Core BBox: (  0.504  0.576 ) (  8.358  8.352 ) um
[INFO IFP-0102] Core area:                           61.073 um^2
[INFO IFP-0103] Total instances area:                15.531 um^2
[INFO IFP-0104] Effective utilization:                0.254
[INFO IFP-0105] Number of instances:                    405
make_tracks
source /OpenROAD-flow-scripts/flow/platforms/gt2n/fastroute.tcl
set_dont_use " gt2_6t_filler_w31_lvt gt2_6t_tapfspdn_w31_lvt gt2_6t_tapbspdn_w31_lvt gt2_6t_decapcc_w31_lvt gt2_6t_tiehigh_w31_lvt gt2_6t_tielow_w31_lvt  gt2_6t_filler_w31_hvt gt2_6t_tapfspdn_w31_hvt gt2_6t_tapbspdn_w31_hvt gt2_6t_decapcc_w31_hvt gt2_6t_tiehigh_w31_hvt gt2_6t_tielow_w31_hvt  gt2_6t_filler_w31_svt gt2_6t_tapfspdn_w31_svt gt2_6t_tapbspdn_w31_svt gt2_6t_decapcc_w31_svt gt2_6t_tiehigh_w31_svt gt2_6t_tielow_w31_svt  gt2_6t_filler_w31_ulvt gt2_6t_tapfspdn_w31_ulvt gt2_6t_tapbspdn_w31_ulvt gt2_6t_decapcc_w31_ulvt gt2_6t_tiehigh_w31_ulvt gt2_6t_tielow_w31_ulvt  gt2_6t_filler_w31_elvt gt2_6t_tapfspdn_w31_elvt gt2_6t_tapbspdn_w31_elvt gt2_6t_decapcc_w31_elvt gt2_6t_tiehigh_w31_elvt gt2_6t_tielow_w31_elvt  gt2_6t_filler_w13_lvt gt2_6t_tapfspdn_w13_lvt gt2_6t_tapbspdn_w13_lvt gt2_6t_decapcc_w13_lvt gt2_6t_tiehigh_w13_lvt gt2_6t_tielow_w13_lvt  gt2_6t_filler_w13_hvt gt2_6t_tapfspdn_w13_hvt gt2_6t_tapbspdn_w13_hvt gt2_6t_decapcc_w13_hvt gt2_6t_tiehigh_w13_hvt gt2_6t_tielow_w13_hvt  gt2_6t_filler_w13_svt gt2_6t_tapfspdn_w13_svt gt2_6t_tapbspdn_w13_svt gt2_6t_decapcc_w13_svt gt2_6t_tiehigh_w13_svt gt2_6t_tielow_w13_svt  gt2_6t_filler_w13_ulvt gt2_6t_tapfspdn_w13_ulvt gt2_6t_tapbspdn_w13_ulvt gt2_6t_decapcc_w13_ulvt gt2_6t_tiehigh_w13_ulvt gt2_6t_tielow_w13_ulvt  gt2_6t_filler_w13_elvt gt2_6t_tapfspdn_w13_elvt gt2_6t_tapbspdn_w13_elvt gt2_6t_decapcc_w13_elvt gt2_6t_tiehigh_w13_elvt gt2_6t_tielow_w13_elvt"
repair_tie_fanout -separation 0 gt2_6t_w31_lvt_tt_0p7v25c/gt2_6t_tielow_w31_lvt/Y
repair_tie_fanout -separation 0 gt2_6t_w31_lvt_tt_0p7v25c/gt2_6t_tiehigh_w31_lvt/Y
[INFO RSZ-0042] Inserted 70 tie gt2_6t_tiehigh_w31_lvt instances.
repair_timing -setup_margin 0 -hold_margin 0 -repair_tns 100 -setup -skip_last_gasp -sequence unbuffer,sizeup,swap,vt_swap -verbose
[WARNING EST-0027] no estimated parasitics. Using wire load models.
[INFO RSZ-0100] Repair move sequence: UnbufferMove SizeUpMove SwapPinsMove 
[INFO RSZ-0098] No setup violations found
[INFO RSZ-0505] Runtime: 0.05s
Default units for flow
 time 1ps
 capacitance 1pF
 resistance 1ohm
 voltage 1v
 current 1mA
 power 1uW
 distance 1um
   Layer   | Unit Resistance | Unit Capacitance 
           |        (ohm/um) |          (pF/um)
------------------------------------------------
      BRDL |        1.00e-02 |         1.01e-04
       BM4 |        6.40e-01 |         8.67e-05
       BM3 |        6.40e-01 |         1.20e-04
       BM2 |        7.48e+00 |         1.05e-04
       BM1 |        7.48e+00 |         1.53e-04
       BPR |        2.43e+01 |         7.79e-05
        M0 |        6.22e+02 |         1.20e-04
        M1 |        4.38e+02 |         1.02e-04
        M2 |        6.22e+02 |         9.98e-05
        M3 |        4.38e+02 |         1.02e-04
        M4 |        1.67e+02 |         1.09e-04
        M5 |        1.67e+02 |         1.05e-04
        M6 |        2.66e+01 |         1.12e-04
        M7 |        2.66e+01 |         1.05e-04
        M8 |        2.66e+01 |         1.05e-04
        M9 |        2.66e+01 |         1.05e-04
       M10 |        7.48e+00 |         1.09e-04
       M11 |        7.48e+00 |         1.05e-04
       M12 |        6.40e-01 |         1.20e-04
       M13 |        6.40e-01 |         1.20e-04
       RDL |        1.00e-02 |         3.57e-04
------------------------------------------------

   Layer   | Via Resistance 
           |          (ohm) 
----------------------------
       BV4 |       1.50e-01 
       BV3 |       9.50e-01 
       BV2 |       6.08e+00 
       BV1 |       6.08e+00 
       BV0 |       2.51e+01 
        NW |       0.00e+00 
        V0 |       5.50e+01 
        V1 |       5.50e+01 
        V2 |       5.50e+01 
        V3 |       4.58e+01 
        V4 |       2.78e+01 
        V5 |       1.49e+01 
        V6 |       1.33e+01 
        V7 |       1.33e+01 
        V8 |       1.33e+01 
        V9 |       7.65e+00 
       V10 |       6.08e+00 
       V11 |       6.08e+00 
       V12 |       9.50e-01 
       V13 |       1.50e-01 
----------------------------
Report metrics stage 2, floorplan final...

==========================================================================
floorplan final report_design_area
--------------------------------------------------------------------------
Design area 16 um^2 27% utilization.
write_db /w/experiments/outputs/orfs/gt2n/gcd/base/results/gt2n/gcd/base/2_1_floorplan.odb
write_sdc -no_timestamp /w/experiments/outputs/orfs/gt2n/gcd/base/results/gt2n/gcd/base/2_1_floorplan.sdc
Elapsed time: 0:00.68[h:]min:sec. CPU time: user 0.36 sys 0.07 (63%). Peak memory: 140388KB.
Log                       Ext     Elapsed/s Peak Memory/MB sha1sum result [0:20)
2_1_floorplan             .odb            0            137 659a80ba7fe3237d9783
2_1_floorplan             .sdc                             14d08d45c9a313fcba49
