OpenROAD unknown 
Features included (+) or not (-): -GPU +GUI -Python
This program is licensed under the BSD-3 license. See the LICENSE file for details.
Components of this program may be licensed under more restrictive licenses which must be honored.
[INFO ORD-0030] Using 8 thread(s).
read_liberty /OpenROAD-flow-scripts/flow/platforms/gt2n/lib/gt2_6t_w31_lvt_tt_0p7v25c.lib
[WARNING STA-1171] /OpenROAD-flow-scripts/flow/platforms/gt2n/lib/gt2_6t_w31_lvt_tt_0p7v25c.lib line 58, default_fanout_load is 0.0.
read_liberty /OpenROAD-flow-scripts/flow/platforms/gt2n/lib/gt2_6t_w31_hvt_tt_0p7v25c.lib
[WARNING STA-1171] /OpenROAD-flow-scripts/flow/platforms/gt2n/lib/gt2_6t_w31_hvt_tt_0p7v25c.lib line 58, default_fanout_load is 0.0.
read_liberty /OpenROAD-flow-scripts/flow/platforms/gt2n/lib/gt2_6t_w31_svt_tt_0p7v25c.lib
[WARNING STA-1171] /OpenROAD-flow-scripts/flow/platforms/gt2n/lib/gt2_6t_w31_svt_tt_0p7v25c.lib line 58, default_fanout_load is 0.0.
read_liberty /OpenROAD-flow-scripts/flow/platforms/gt2n/lib/gt2_6t_w31_ulvt_tt_0p7v25c.lib
[WARNING STA-1171] /OpenROAD-flow-scripts/flow/platforms/gt2n/lib/gt2_6t_w31_ulvt_tt_0p7v25c.lib line 58, default_fanout_load is 0.0.
read_liberty /OpenROAD-flow-scripts/flow/platforms/gt2n/lib/gt2_6t_w31_elvt_tt_0p7v25c.lib
[WARNING STA-1171] /OpenROAD-flow-scripts/flow/platforms/gt2n/lib/gt2_6t_w31_elvt_tt_0p7v25c.lib line 58, default_fanout_load is 0.0.
read_liberty /OpenROAD-flow-scripts/flow/platforms/gt2n/lib/gt2_6t_w13_lvt_tt_0p7v25c.lib
[WARNING STA-1171] /OpenROAD-flow-scripts/flow/platforms/gt2n/lib/gt2_6t_w13_lvt_tt_0p7v25c.lib line 58, default_fanout_load is 0.0.
read_liberty /OpenROAD-flow-scripts/flow/platforms/gt2n/lib/gt2_6t_w13_hvt_tt_0p7v25c.lib
[WARNING STA-1171] /OpenROAD-flow-scripts/flow/platforms/gt2n/lib/gt2_6t_w13_hvt_tt_0p7v25c.lib line 58, default_fanout_load is 0.0.
read_liberty /OpenROAD-flow-scripts/flow/platforms/gt2n/lib/gt2_6t_w13_svt_tt_0p7v25c.lib
[WARNING STA-1171] /OpenROAD-flow-scripts/flow/platforms/gt2n/lib/gt2_6t_w13_svt_tt_0p7v25c.lib line 58, default_fanout_load is 0.0.
read_liberty /OpenROAD-flow-scripts/flow/platforms/gt2n/lib/gt2_6t_w13_ulvt_tt_0p7v25c.lib
[WARNING STA-1171] /OpenROAD-flow-scripts/flow/platforms/gt2n/lib/gt2_6t_w13_ulvt_tt_0p7v25c.lib line 58, default_fanout_load is 0.0.
read_liberty /OpenROAD-flow-scripts/flow/platforms/gt2n/lib/gt2_6t_w13_elvt_tt_0p7v25c.lib
[WARNING STA-1171] /OpenROAD-flow-scripts/flow/platforms/gt2n/lib/gt2_6t_w13_elvt_tt_0p7v25c.lib line 58, default_fanout_load is 0.0.
read_db /w/experiments/outputs/orfs/gt2n/gcd/base/results/gt2n/gcd/base/3_3_place_gp.odb
read_sdc /w/experiments/outputs/orfs/gt2n/gcd/base/results/gt2n/gcd/base/2_floorplan.sdc
source /OpenROAD-flow-scripts/flow/platforms/gt2n/setRC.tcl
estimate_parasitics -placement
Perform buffer insertion and gate resizing...
repair_design -verbose
Iteration |   Area    | Resized | Buffers | Nets repaired | Remaining
---------------------------------------------------------------------
        0 |     +0.0% |       0 |       0 |             0 |       548
       10 |     +0.0% |       0 |       0 |             0 |       538
       20 |     +0.0% |       0 |       0 |             0 |       528
       30 |     +0.0% |       0 |       0 |             0 |       518
       40 |     +0.0% |       0 |       0 |             0 |       508
       50 |     +0.0% |       0 |       0 |             0 |       498
       60 |     +0.0% |       0 |       0 |             0 |       488
       70 |     +0.0% |       0 |       0 |             0 |       478
       80 |     +0.0% |       0 |       0 |             0 |       468
       90 |     +0.0% |       0 |       0 |             0 |       458
      100 |     +0.0% |       0 |       0 |             0 |       448
      110 |     +0.0% |       0 |       0 |             0 |       438
      120 |     +0.0% |       0 |       0 |             0 |       428
      130 |     +0.0% |       0 |       0 |             0 |       418
      140 |     +0.0% |       0 |       0 |             0 |       408
      150 |     +0.0% |       0 |       0 |             0 |       398
      160 |     +0.0% |       0 |       0 |             0 |       388
      170 |     +0.0% |       0 |       0 |             0 |       378
      180 |     +0.0% |       0 |       0 |             0 |       368
      190 |     +0.0% |       0 |       0 |             0 |       358
      200 |     +0.0% |       0 |       0 |             0 |       348
      210 |     +0.0% |       0 |       0 |             0 |       338
      220 |     +0.0% |       0 |       0 |             0 |       328
      230 |     +0.0% |       0 |       0 |             0 |       318
      240 |     +0.0% |       0 |       0 |             0 |       308
      250 |     +0.0% |       0 |       0 |             0 |       298
      260 |     +0.0% |       0 |       0 |             0 |       288
      270 |     +0.0% |       0 |       0 |             0 |       278
      280 |     +0.0% |       0 |       0 |             0 |       268
      290 |     +0.0% |       0 |       0 |             0 |       258
      300 |     +0.0% |       0 |       0 |             0 |       248
      310 |     +0.1% |       0 |       1 |             1 |       238
      320 |     +0.1% |       0 |       1 |             1 |       228
      330 |     +0.1% |       0 |       1 |             1 |       218
      340 |     +0.1% |       0 |       1 |             1 |       208
      350 |     +0.1% |       0 |       1 |             1 |       198
      360 |     +0.1% |       0 |       1 |             1 |       188
      370 |     +0.1% |       0 |       1 |             1 |       178
      380 |     +0.1% |       0 |       1 |             1 |       168
      390 |     +0.1% |       0 |       1 |             1 |       158
      400 |     +0.1% |       0 |       1 |             1 |       148
      410 |     +0.1% |       0 |       1 |             1 |       138
      420 |     +0.1% |       0 |       1 |             1 |       128
      430 |     +0.1% |       0 |       1 |             1 |       118
      440 |     +0.1% |       0 |       1 |             1 |       108
      450 |     +0.1% |       0 |       1 |             1 |        98
      460 |     +0.1% |       0 |       1 |             1 |        88
      470 |     +0.1% |       0 |       1 |             1 |        78
      480 |     +0.1% |       0 |       1 |             1 |        68
      490 |     +0.1% |       0 |       1 |             1 |        58
      500 |     +0.1% |       0 |       1 |             1 |        48
      510 |     +0.1% |       0 |       1 |             1 |        38
      520 |     +0.1% |       0 |       1 |             1 |        28
      530 |     +0.1% |       0 |       1 |             1 |        18
      540 |     +0.1% |       0 |       1 |             1 |         8
    final |     +0.1% |       0 |       1 |             1 |         0
---------------------------------------------------------------------
[INFO RSZ-0035] Found 1 fanout violations.
[INFO RSZ-0038] Inserted 1 buffers in 1 nets.
[INFO RSZ-0504] Runtime: 0.03s
Floating nets: 
Report metrics stage 3, resizer...

==========================================================================
resizer report_design_area
--------------------------------------------------------------------------
Design area 19 um^2 30% utilization.
Instance count before 704, after 705
Pin count before 1606, after 1608
write_db /w/experiments/outputs/orfs/gt2n/gcd/base/results/gt2n/gcd/base/3_4_place_resized.odb
Elapsed time: 0:01.23[h:]min:sec. CPU time: user 0.44 sys 0.13 (46%). Peak memory: 140028KB.
Log                       Ext     Elapsed/s Peak Memory/MB sha1sum result [0:20)
3_4_place_resized         .odb            1            136 33ab191570830390247c
