OpenROAD unknown 
Features included (+) or not (-): -GPU +GUI -Python
This program is licensed under the BSD-3 license. See the LICENSE file for details.
Components of this program may be licensed under more restrictive licenses which must be honored.
[INFO ORD-0030] Using 8 thread(s).
read_liberty /OpenROAD-flow-scripts/flow/platforms/gt2n/lib/gt2_6t_w31_lvt_tt_0p7v25c.lib
[WARNING STA-1171] /OpenROAD-flow-scripts/flow/platforms/gt2n/lib/gt2_6t_w31_lvt_tt_0p7v25c.lib line 58, default_fanout_load is 0.0.
read_liberty /OpenROAD-flow-scripts/flow/platforms/gt2n/lib/gt2_6t_w31_hvt_tt_0p7v25c.lib
[WARNING STA-1171] /OpenROAD-flow-scripts/flow/platforms/gt2n/lib/gt2_6t_w31_hvt_tt_0p7v25c.lib line 58, default_fanout_load is 0.0.
read_liberty /OpenROAD-flow-scripts/flow/platforms/gt2n/lib/gt2_6t_w31_svt_tt_0p7v25c.lib
[WARNING STA-1171] /OpenROAD-flow-scripts/flow/platforms/gt2n/lib/gt2_6t_w31_svt_tt_0p7v25c.lib line 58, default_fanout_load is 0.0.
read_liberty /OpenROAD-flow-scripts/flow/platforms/gt2n/lib/gt2_6t_w31_ulvt_tt_0p7v25c.lib
[WARNING STA-1171] /OpenROAD-flow-scripts/flow/platforms/gt2n/lib/gt2_6t_w31_ulvt_tt_0p7v25c.lib line 58, default_fanout_load is 0.0.
read_liberty /OpenROAD-flow-scripts/flow/platforms/gt2n/lib/gt2_6t_w31_elvt_tt_0p7v25c.lib
[WARNING STA-1171] /OpenROAD-flow-scripts/flow/platforms/gt2n/lib/gt2_6t_w31_elvt_tt_0p7v25c.lib line 58, default_fanout_load is 0.0.
read_liberty /OpenROAD-flow-scripts/flow/platforms/gt2n/lib/gt2_6t_w13_lvt_tt_0p7v25c.lib
[WARNING STA-1171] /OpenROAD-flow-scripts/flow/platforms/gt2n/lib/gt2_6t_w13_lvt_tt_0p7v25c.lib line 58, default_fanout_load is 0.0.
read_liberty /OpenROAD-flow-scripts/flow/platforms/gt2n/lib/gt2_6t_w13_hvt_tt_0p7v25c.lib
[WARNING STA-1171] /OpenROAD-flow-scripts/flow/platforms/gt2n/lib/gt2_6t_w13_hvt_tt_0p7v25c.lib line 58, default_fanout_load is 0.0.
read_liberty /OpenROAD-flow-scripts/flow/platforms/gt2n/lib/gt2_6t_w13_svt_tt_0p7v25c.lib
[WARNING STA-1171] /OpenROAD-flow-scripts/flow/platforms/gt2n/lib/gt2_6t_w13_svt_tt_0p7v25c.lib line 58, default_fanout_load is 0.0.
read_liberty /OpenROAD-flow-scripts/flow/platforms/gt2n/lib/gt2_6t_w13_ulvt_tt_0p7v25c.lib
[WARNING STA-1171] /OpenROAD-flow-scripts/flow/platforms/gt2n/lib/gt2_6t_w13_ulvt_tt_0p7v25c.lib line 58, default_fanout_load is 0.0.
read_liberty /OpenROAD-flow-scripts/flow/platforms/gt2n/lib/gt2_6t_w13_elvt_tt_0p7v25c.lib
[WARNING STA-1171] /OpenROAD-flow-scripts/flow/platforms/gt2n/lib/gt2_6t_w13_elvt_tt_0p7v25c.lib line 58, default_fanout_load is 0.0.
read_db /w/experiments/outputs/orfs/gt2n/gcd/base/results/gt2n/gcd/base/3_4_place_resized.odb
read_sdc /w/experiments/outputs/orfs/gt2n/gcd/base/results/gt2n/gcd/base/2_floorplan.sdc
source /OpenROAD-flow-scripts/flow/platforms/gt2n/setRC.tcl
detailed_placement
[INFO DPL-0006] Core area: 61.07 um^2
[INFO DPL-0007] Movable instances area: 17.38 um^2
[INFO DPL-0008] Fixed instances area within core: 1.16 um^2
[INFO DPL-0009] Utilization: 30.4%
[INFO DPL-0005] Diamond search max displacement: +/- 500 sites horizontally, +/- 100 rows vertically.
[INFO DPL-1102] Legalizing using negotiation legalizer.
[INFO DPL-1103] Negotiation base search window: +/-20 sites horizontally, +/-5 rows vertically 
	Automatic search window extension enabled.
	Search window extendable up to the max displacement cap of +/-500 sites, +/-100 rows near walls.
[INFO DPL-1104] NegotiationLegalizer DRC penalty: 5.
[INFO DPL-0392] Negotiation cell height distribution (2 unique row-count(s)):
[INFO DPL-0393]   height 1 row(s): 670 cells
[INFO DPL-0393]   height 2 row(s): 35 cells
          |      Total |  Illegal |  Illegal
Iteration | Violations |    Cells |    Sites
---------------------------------------------
        0 |          6 |         2 |         4
        1 |          0 |         0 |         0
Negotiation phase 1 converged at iteration 1.
[INFO DPL-0500] Runtime: 0.01s
Placement Analysis
---------------------------------
total displacement         73.1 u
average displacement        0.1 u
max displacement            0.5 u
original HPWL             524.2 u
legalized HPWL            563.5 u
delta HPWL                    8 %

improve_placement -max_displacement "5 1"
Detailed placement improvement.
[INFO DPL-0401] Setting random seed to 1.
[INFO DPL-0402] Setting maximum displacement 5 1 to 1440 288 units.
[INFO DPL-0320] Collected 246 fixed cells.
[INFO DPL-0318] Collected 478 single height cells.
[INFO DPL-0319] Collected 35 multi-height cells spanning 2 rows.
[INFO DPL-0321] Collected 0 wide cells.
[INFO DPL-0322] Image (1008, 1152) - (16716, 16704)
[INFO DPL-0310] Assigned 478 cells into segments.  Movement in X-direction is 0.000000, movement in Y-direction is 0.000000.
[INFO DPL-0310] Assigned 35 cells into segments.  Movement in X-direction is 0.000000, movement in Y-direction is 0.000000.
[INFO DPL-0313] Found 0 cells in wrong regions.
[INFO DPL-0315] Found 0 row alignment problems.
[INFO DPL-0314] Found 0 site alignment problems.
[INFO DPL-0311] Found 0 overlaps between adjacent cells.
[INFO DPL-0312] Found 0 edge spacing violations and 0 padding violations.
[INFO DPL-0303] Running algorithm for independent set matching.
[INFO DPL-0300] Set matching objective is wirelength.
[INFO DPL-0301] Pass   1 of matching; objective is 1.127150e+06.
[INFO DPL-0302] End of matching; objective is 1.126538e+06, improvement is 0.05 percent.
[INFO DPL-0303] Running algorithm for global swaps.
[INFO DPL-0306] Pass   1 of global swaps; hpwl is 1.099767e+06.
[INFO DPL-0306] Pass   2 of global swaps; hpwl is 1.094243e+06.
[INFO DPL-0307] End of global swaps; objective is 1.094243e+06, improvement is 2.87 percent.
[INFO DPL-0303] Running algorithm for vertical swaps.
[INFO DPL-0308] Pass   1 of vertical swaps; hpwl is 1.087321e+06.
[INFO DPL-0309] End of vertical swaps; objective is 1.087321e+06, improvement is 0.63 percent.
[INFO DPL-0303] Running algorithm for reordering.
[INFO DPL-0304] Pass   1 of reordering; objective is 1.086607e+06.
[INFO DPL-0305] End of reordering; objective is 1.086607e+06, improvement is 0.07 percent.
[INFO DPL-0303] Running algorithm for random improvement.
[INFO DPL-0324] Random improver is using random generator.
[INFO DPL-0325] Random improver is using hpwl objective.
[INFO DPL-0326] Random improver cost string is (a).
[INFO DPL-0332] End of pass, Generator random called 10260 times.
[INFO DPL-0335] Generator random, Cumulative attempts 10260, swaps 510, moves  4284 since last reset.
[INFO DPL-0333] End of pass, Objective hpwl, Initial cost 1.086607e+06, Scratch cost 1.075240e+06, Incremental cost 1.075240e+06, Mismatch? N
[INFO DPL-0338] End of pass, Total cost is 1.075240e+06.
[INFO DPL-0327] Pass   1 of random improver; improvement in cost is 1.05 percent.
[INFO DPL-0332] End of pass, Generator random called 10260 times.
[INFO DPL-0335] Generator random, Cumulative attempts 20520, swaps 1016, moves  8410 since last reset.
[INFO DPL-0333] End of pass, Objective hpwl, Initial cost 1.075240e+06, Scratch cost 1.070821e+06, Incremental cost 1.070821e+06, Mismatch? N
[INFO DPL-0338] End of pass, Total cost is 1.070821e+06.
[INFO DPL-0327] Pass   2 of random improver; improvement in cost is 0.41 percent.
[INFO DPL-0328] End of random improver; improvement is 1.452779 percent.
[INFO DPL-0380] Cell flipping.
[INFO DPL-0382] Changed 0 cell orientations for row compatibility.
[INFO DPL-0383] Performed 115 cell flips.
[INFO DPL-0384] End of flipping; objective is 1.048323e+06, improvement is 2.10 percent.
[INFO DPL-0313] Found 0 cells in wrong regions.
[INFO DPL-0315] Found 0 row alignment problems.
[INFO DPL-0314] Found 0 site alignment problems.
[INFO DPL-0311] Found 0 overlaps between adjacent cells.
[INFO DPL-0312] Found 0 edge spacing violations and 0 padding violations.
Detailed Improvement Results
------------------------------------------
Original HPWL              563.5 u (     283.9,      279.6)
Final HPWL                 524.1 u (     262.1,      262.0)
Delta HPWL                  -7.0 % (      -7.7,       -6.3)

optimize_mirroring
[INFO DPL-0020] Mirrored 52 instances
[INFO DPL-0021] HPWL before             524.1 u
[INFO DPL-0022] HPWL after              523.6 u
[INFO DPL-0023] HPWL delta               -0.1 %
[INFO FLW-0012] Placement violations .
estimate_parasitics -placement
Report metrics stage 3, detailed place...

==========================================================================
detailed place report_design_area
--------------------------------------------------------------------------
Design area 19 um^2 30% utilization.
write_db /w/experiments/outputs/orfs/gt2n/gcd/base/results/gt2n/gcd/base/3_5_place_dp.odb
write_sdc -no_timestamp /w/experiments/outputs/orfs/gt2n/gcd/base/results/gt2n/gcd/base/3_place.sdc
Elapsed time: 0:01.01[h:]min:sec. CPU time: user 0.46 sys 0.07 (52%). Peak memory: 114512KB.
Log                       Ext     Elapsed/s Peak Memory/MB sha1sum result [0:20)
3_5_place_dp              .odb            1            111 6f1cdb7eb3db8347ebef
