OpenROAD unknown 
Features included (+) or not (-): -GPU +GUI -Python
This program is licensed under the BSD-3 license. See the LICENSE file for details.
Components of this program may be licensed under more restrictive licenses which must be honored.
[INFO ORD-0030] Using 8 thread(s).
read_liberty /OpenROAD-flow-scripts/flow/platforms/gt2n/lib/gt2_6t_w31_lvt_tt_0p7v25c.lib
[WARNING STA-1171] /OpenROAD-flow-scripts/flow/platforms/gt2n/lib/gt2_6t_w31_lvt_tt_0p7v25c.lib line 58, default_fanout_load is 0.0.
read_liberty /OpenROAD-flow-scripts/flow/platforms/gt2n/lib/gt2_6t_w31_hvt_tt_0p7v25c.lib
[WARNING STA-1171] /OpenROAD-flow-scripts/flow/platforms/gt2n/lib/gt2_6t_w31_hvt_tt_0p7v25c.lib line 58, default_fanout_load is 0.0.
read_liberty /OpenROAD-flow-scripts/flow/platforms/gt2n/lib/gt2_6t_w31_svt_tt_0p7v25c.lib
[WARNING STA-1171] /OpenROAD-flow-scripts/flow/platforms/gt2n/lib/gt2_6t_w31_svt_tt_0p7v25c.lib line 58, default_fanout_load is 0.0.
read_liberty /OpenROAD-flow-scripts/flow/platforms/gt2n/lib/gt2_6t_w31_ulvt_tt_0p7v25c.lib
[WARNING STA-1171] /OpenROAD-flow-scripts/flow/platforms/gt2n/lib/gt2_6t_w31_ulvt_tt_0p7v25c.lib line 58, default_fanout_load is 0.0.
read_liberty /OpenROAD-flow-scripts/flow/platforms/gt2n/lib/gt2_6t_w31_elvt_tt_0p7v25c.lib
[WARNING STA-1171] /OpenROAD-flow-scripts/flow/platforms/gt2n/lib/gt2_6t_w31_elvt_tt_0p7v25c.lib line 58, default_fanout_load is 0.0.
read_liberty /OpenROAD-flow-scripts/flow/platforms/gt2n/lib/gt2_6t_w13_lvt_tt_0p7v25c.lib
[WARNING STA-1171] /OpenROAD-flow-scripts/flow/platforms/gt2n/lib/gt2_6t_w13_lvt_tt_0p7v25c.lib line 58, default_fanout_load is 0.0.
read_liberty /OpenROAD-flow-scripts/flow/platforms/gt2n/lib/gt2_6t_w13_hvt_tt_0p7v25c.lib
[WARNING STA-1171] /OpenROAD-flow-scripts/flow/platforms/gt2n/lib/gt2_6t_w13_hvt_tt_0p7v25c.lib line 58, default_fanout_load is 0.0.
read_liberty /OpenROAD-flow-scripts/flow/platforms/gt2n/lib/gt2_6t_w13_svt_tt_0p7v25c.lib
[WARNING STA-1171] /OpenROAD-flow-scripts/flow/platforms/gt2n/lib/gt2_6t_w13_svt_tt_0p7v25c.lib line 58, default_fanout_load is 0.0.
read_liberty /OpenROAD-flow-scripts/flow/platforms/gt2n/lib/gt2_6t_w13_ulvt_tt_0p7v25c.lib
[WARNING STA-1171] /OpenROAD-flow-scripts/flow/platforms/gt2n/lib/gt2_6t_w13_ulvt_tt_0p7v25c.lib line 58, default_fanout_load is 0.0.
read_liberty /OpenROAD-flow-scripts/flow/platforms/gt2n/lib/gt2_6t_w13_elvt_tt_0p7v25c.lib
[WARNING STA-1171] /OpenROAD-flow-scripts/flow/platforms/gt2n/lib/gt2_6t_w13_elvt_tt_0p7v25c.lib line 58, default_fanout_load is 0.0.
read_db /w/experiments/outputs/orfs/gt2n/gcd/base/results/gt2n/gcd/base/4_cts.odb
read_sdc /w/experiments/outputs/orfs/gt2n/gcd/base/results/gt2n/gcd/base/4_cts.sdc
source /OpenROAD-flow-scripts/flow/platforms/gt2n/setRC.tcl
pin_access
[INFO DRT-0149] Reading tech and libs.
[WARNING DRT-0349] LEF58_ENCLOSURE with no CUTCLASS is not supported. Skipping for layer V1
[WARNING DRT-0349] LEF58_ENCLOSURE with no CUTCLASS is not supported. Skipping for layer V1
[WARNING DRT-0349] LEF58_ENCLOSURE with no CUTCLASS is not supported. Skipping for layer V2
[WARNING DRT-0349] LEF58_ENCLOSURE with no CUTCLASS is not supported. Skipping for layer V2
[WARNING DRT-0349] LEF58_ENCLOSURE with no CUTCLASS is not supported. Skipping for layer V3
[WARNING DRT-0349] LEF58_ENCLOSURE with no CUTCLASS is not supported. Skipping for layer V3
[WARNING DRT-0349] LEF58_ENCLOSURE with no CUTCLASS is not supported. Skipping for layer V4
[WARNING DRT-0349] LEF58_ENCLOSURE with no CUTCLASS is not supported. Skipping for layer V4
[WARNING DRT-0349] LEF58_ENCLOSURE with no CUTCLASS is not supported. Skipping for layer V5
[WARNING DRT-0349] LEF58_ENCLOSURE with no CUTCLASS is not supported. Skipping for layer V5
[WARNING DRT-0349] LEF58_ENCLOSURE with no CUTCLASS is not supported. Skipping for layer V6
[WARNING DRT-0349] LEF58_ENCLOSURE with no CUTCLASS is not supported. Skipping for layer V6
[WARNING DRT-0349] LEF58_ENCLOSURE with no CUTCLASS is not supported. Skipping for layer V7
[WARNING DRT-0349] LEF58_ENCLOSURE with no CUTCLASS is not supported. Skipping for layer V7
[WARNING DRT-0349] LEF58_ENCLOSURE with no CUTCLASS is not supported. Skipping for layer V8
[WARNING DRT-0349] LEF58_ENCLOSURE with no CUTCLASS is not supported. Skipping for layer V8
[WARNING DRT-0124] Via BV4 with unused layer BV4_0 will be ignored.
[WARNING DRT-0124] Via BRDL with unused layer BV4_0 will be ignored.
[WARNING DRT-0124] Via BM4 with unused layer BV4_0 will be ignored.
[WARNING DRT-0124] Via BV3 with unused layer BV3_0 will be ignored.
[WARNING DRT-0124] Via BM4 with unused layer BV3_0 will be ignored.
[WARNING DRT-0124] Via BM3 with unused layer BV3_0 will be ignored.
[WARNING DRT-0124] Via BV2 with unused layer BV2_0 will be ignored.
[WARNING DRT-0124] Via BM3 with unused layer BV2_0 will be ignored.
[WARNING DRT-0124] Via BM2 with unused layer BV2_0 will be ignored.
[WARNING DRT-0124] Via BV1 with unused layer BV1_0 will be ignored.
[WARNING DRT-0124] Via BM2 with unused layer BV1_0 will be ignored.
[WARNING DRT-0124] Via BM1 with unused layer BV1_0 will be ignored.
[WARNING DRT-0124] Via BV0 with unused layer BV0_0 will be ignored.
[WARNING DRT-0124] Via BM1 with unused layer BV0_0 will be ignored.
[WARNING DRT-0124] Via BPR with unused layer BV0_0 will be ignored.
[WARNING DRT-0122] Layer BPR is skipped for gt2_6t_and2_x1_w31_lvt/vdd.
[WARNING DRT-0122] Layer BPR is skipped for gt2_6t_and2_x1_w31_lvt/vss.
[WARNING DRT-0122] Layer BPR is skipped for gt2_6t_and2_x2_w31_lvt/vdd.
[WARNING DRT-0122] Layer BPR is skipped for gt2_6t_and2_x2_w31_lvt/vss.
[WARNING DRT-0122] Layer BPR is skipped for gt2_6t_and2_x3_w31_lvt/vdd.
[WARNING DRT-0122] Layer BPR is skipped for gt2_6t_and2_x3_w31_lvt/vss.
[WARNING DRT-0122] Layer BPR is skipped for gt2_6t_and2_x4_w31_lvt/vdd.
[WARNING DRT-0122] Layer BPR is skipped for gt2_6t_and2_x4_w31_lvt/vss.
[WARNING DRT-0122] Layer BPR is skipped for gt2_6t_and3_x1_w31_lvt/vdd.
[WARNING DRT-0122] Layer BPR is skipped for gt2_6t_and3_x1_w31_lvt/vss.
[WARNING DRT-0122] Layer BPR is skipped for gt2_6t_ao211_x1_w31_lvt/vdd.
[WARNING DRT-0122] Layer BPR is skipped for gt2_6t_ao211_x1_w31_lvt/vss.
[WARNING DRT-0122] Layer BPR is skipped for gt2_6t_ao21_x1_w31_lvt/vdd.
[WARNING DRT-0122] Layer BPR is skipped for gt2_6t_ao21_x1_w31_lvt/vss.
[WARNING DRT-0122] Layer BPR is skipped for gt2_6t_ao22_x1_w31_lvt/vdd.
[WARNING DRT-0122] Layer BPR is skipped for gt2_6t_ao22_x1_w31_lvt/vss.
[WARNING DRT-0122] Layer BPR is skipped for gt2_6t_ao31_x1_w31_lvt/vdd.
[WARNING DRT-0122] Layer BPR is skipped for gt2_6t_ao31_x1_w31_lvt/vss.
[WARNING DRT-0122] Layer BPR is skipped for gt2_6t_ao32_x1_w31_lvt/vdd.
[WARNING DRT-0122] Layer BPR is skipped for gt2_6t_ao32_x1_w31_lvt/vss.
[WARNING DRT-0122] Layer BPR is skipped for gt2_6t_ao33_x1_w31_lvt/vdd.
[WARNING DRT-0122] Layer BPR is skipped for gt2_6t_ao33_x1_w31_lvt/vss.
[WARNING DRT-0122] Layer BPR is skipped for gt2_6t_aoi211_x1_w31_lvt/vdd.
[WARNING DRT-0122] Layer BPR is skipped for gt2_6t_aoi211_x1_w31_lvt/vss.
[WARNING DRT-0122] Layer BPR is skipped for gt2_6t_aoi21_x1_w31_lvt/vdd.
[WARNING DRT-0122] Layer BPR is skipped for gt2_6t_aoi21_x1_w31_lvt/vss.
[WARNING DRT-0122] Layer BPR is skipped for gt2_6t_aoi22_x1_w31_lvt/vdd.
[WARNING DRT-0122] Layer BPR is skipped for gt2_6t_aoi22_x1_w31_lvt/vss.
[WARNING DRT-0122] Layer BPR is skipped for gt2_6t_aoi31_x1_w31_lvt/vdd.
[WARNING DRT-0122] Layer BPR is skipped for gt2_6t_aoi31_x1_w31_lvt/vss.
[WARNING DRT-0122] Layer BPR is skipped for gt2_6t_aoi32_x1_w31_lvt/vdd.
[WARNING DRT-0122] Layer BPR is skipped for gt2_6t_aoi32_x1_w31_lvt/vss.
[WARNING DRT-0122] Layer BPR is skipped for gt2_6t_aoi33_x1_w31_lvt/vdd.
[WARNING DRT-0122] Layer BPR is skipped for gt2_6t_aoi33_x1_w31_lvt/vss.
[WARNING DRT-0122] Layer BPR is skipped for gt2_6t_buf_x1_w31_lvt/vdd.
[WARNING DRT-0122] Layer BPR is skipped for gt2_6t_buf_x1_w31_lvt/vss.
[WARNING DRT-0122] Layer BPR is skipped for gt2_6t_buf_x10_w31_lvt/vdd.
[WARNING DRT-0122] Layer BPR is skipped for gt2_6t_buf_x10_w31_lvt/vss.
[WARNING DRT-0122] Layer BPR is skipped for gt2_6t_buf_x12_w31_lvt/vdd.
[WARNING DRT-0122] Layer BPR is skipped for gt2_6t_buf_x12_w31_lvt/vss.
[WARNING DRT-0122] Layer BPR is skipped for gt2_6t_buf_x2_w31_lvt/vdd.
[WARNING DRT-0122] Layer BPR is skipped for gt2_6t_buf_x2_w31_lvt/vss.
[WARNING DRT-0122] Layer BPR is skipped for gt2_6t_buf_x3_w31_lvt/vdd.
[WARNING DRT-0122] Layer BPR is skipped for gt2_6t_buf_x3_w31_lvt/vss.
[WARNING DRT-0122] Layer BPR is skipped for gt2_6t_buf_x4_w31_lvt/vdd.
[WARNING DRT-0122] Layer BPR is skipped for gt2_6t_buf_x4_w31_lvt/vss.
[WARNING DRT-0122] Layer BPR is skipped for gt2_6t_buf_x6_w31_lvt/vdd.
[WARNING DRT-0122] Layer BPR is skipped for gt2_6t_buf_x6_w31_lvt/vss.
[WARNING DRT-0122] Layer BPR is skipped for gt2_6t_buf_x8_w31_lvt/vdd.
[WARNING DRT-0122] Layer BPR is skipped for gt2_6t_buf_x8_w31_lvt/vss.
[WARNING DRT-0122] Layer BPR is skipped for gt2_6t_decapcc_w31_lvt/vdd.
[WARNING DRT-0122] Layer BPR is skipped for gt2_6t_decapcc_w31_lvt/vss.
[WARNING DRT-0122] Layer BPR is skipped for gt2_6t_dffasync_x1_w31_lvt/vdd.
[WARNING DRT-0122] Layer BPR is skipped for gt2_6t_dffasync_x1_w31_lvt/vss.
[WARNING DRT-0122] Layer BPR is skipped for gt2_6t_dffasync_x1_w31_lvt/vss.
[WARNING DRT-0122] Layer BPR is skipped for gt2_6t_dffasync_x2_w31_lvt/vdd.
[WARNING DRT-0122] Layer BPR is skipped for gt2_6t_dffasync_x2_w31_lvt/vss.
[WARNING DRT-0122] Layer BPR is skipped for gt2_6t_dffasync_x2_w31_lvt/vss.
[WARNING DRT-0122] Layer BPR is skipped for gt2_6t_dffasync_x4_w31_lvt/vdd.
[WARNING DRT-0122] Layer BPR is skipped for gt2_6t_dffasync_x4_w31_lvt/vss.
[WARNING DRT-0122] Layer BPR is skipped for gt2_6t_dffasync_x4_w31_lvt/vss.
[WARNING DRT-0122] Layer BPR is skipped for gt2_6t_filler_w31_lvt/vdd.
[WARNING DRT-0122] Layer BPR is skipped for gt2_6t_filler_w31_lvt/vss.
[WARNING DRT-0122] Layer BPR is skipped for gt2_6t_inv_x1_w31_lvt/vdd.
[WARNING DRT-0122] Layer BPR is skipped for gt2_6t_inv_x1_w31_lvt/vss.
[WARNING DRT-0122] Layer BPR is skipped for gt2_6t_inv_x10_w31_lvt/vdd.
[WARNING DRT-0122] Layer BPR is skipped for gt2_6t_inv_x10_w31_lvt/vss.
[WARNING DRT-0122] Layer BPR is skipped for gt2_6t_inv_x12_w31_lvt/vdd.
[WARNING DRT-0122] Layer BPR is skipped for gt2_6t_inv_x12_w31_lvt/vss.
[WARNING DRT-0122] Layer BPR is skipped for gt2_6t_inv_x2_w31_lvt/vdd.
[WARNING DRT-0122] Layer BPR is skipped for gt2_6t_inv_x2_w31_lvt/vss.
[WARNING DRT-0122] Layer BPR is skipped for gt2_6t_inv_x3_w31_lvt/vdd.
[WARNING DRT-0122] Layer BPR is skipped for gt2_6t_inv_x3_w31_lvt/vss.
[WARNING DRT-0122] Layer BPR is skipped for gt2_6t_inv_x4_w31_lvt/vdd.
[WARNING DRT-0122] Layer BPR is skipped for gt2_6t_inv_x4_w31_lvt/vss.
[WARNING DRT-0122] Layer BPR is skipped for gt2_6t_inv_x6_w31_lvt/vdd.
[WARNING DRT-0122] Layer BPR is skipped for gt2_6t_inv_x6_w31_lvt/vss.
[WARNING DRT-0122] Layer BPR is skipped for gt2_6t_inv_x8_w31_lvt/vdd.
[WARNING DRT-0122] Layer BPR is skipped for gt2_6t_inv_x8_w31_lvt/vss.
[WARNING DRT-0122] Layer BPR is skipped for gt2_6t_mux2_x1_w31_lvt/vdd.
[WARNING DRT-0122] Layer BPR is skipped for gt2_6t_mux2_x1_w31_lvt/vss.
[WARNING DRT-0122] Layer BPR is skipped for gt2_6t_mux2_x1_w31_lvt/vss.
[WARNING DRT-0122] Layer BPR is skipped for gt2_6t_nand2_x1_w31_lvt/vdd.
[WARNING DRT-0122] Layer BPR is skipped for gt2_6t_nand2_x1_w31_lvt/vss.
[WARNING DRT-0122] Layer BPR is skipped for gt2_6t_nand2_x2_w31_lvt/vdd.
[WARNING DRT-0122] Layer BPR is skipped for gt2_6t_nand2_x2_w31_lvt/vss.
[WARNING DRT-0122] Layer BPR is skipped for gt2_6t_nand2_x3_w31_lvt/vdd.
[WARNING DRT-0122] Layer BPR is skipped for gt2_6t_nand2_x3_w31_lvt/vss.
[WARNING DRT-0122] Layer BPR is skipped for gt2_6t_nand2_x4_w31_lvt/vdd.
[WARNING DRT-0122] Layer BPR is skipped for gt2_6t_nand2_x4_w31_lvt/vss.
[WARNING DRT-0122] Layer BPR is skipped for gt2_6t_nand3_x1_w31_lvt/vdd.
[WARNING DRT-0122] Layer BPR is skipped for gt2_6t_nand3_x1_w31_lvt/vss.
[WARNING DRT-0122] Layer BPR is skipped for gt2_6t_nor2_x1_w31_lvt/vdd.
[WARNING DRT-0122] Layer BPR is skipped for gt2_6t_nor2_x1_w31_lvt/vss.
[WARNING DRT-0122] Layer BPR is skipped for gt2_6t_nor2_x2_w31_lvt/vdd.
[WARNING DRT-0122] Layer BPR is skipped for gt2_6t_nor2_x2_w31_lvt/vss.
[WARNING DRT-0122] Layer BPR is skipped for gt2_6t_nor2_x3_w31_lvt/vdd.
[WARNING DRT-0122] Layer BPR is skipped for gt2_6t_nor2_x3_w31_lvt/vss.
[WARNING DRT-0122] Layer BPR is skipped for gt2_6t_nor2_x4_w31_lvt/vdd.
[WARNING DRT-0122] Layer BPR is skipped for gt2_6t_nor2_x4_w31_lvt/vss.
[WARNING DRT-0122] Layer BPR is skipped for gt2_6t_nor3_x1_w31_lvt/vdd.
[WARNING DRT-0122] Layer BPR is skipped for gt2_6t_nor3_x1_w31_lvt/vss.
[WARNING DRT-0122] Layer BPR is skipped for gt2_6t_oa211_x1_w31_lvt/vdd.
[WARNING DRT-0122] Layer BPR is skipped for gt2_6t_oa211_x1_w31_lvt/vss.
[WARNING DRT-0122] Layer BPR is skipped for gt2_6t_oa21_x1_w31_lvt/vdd.
[WARNING DRT-0122] Layer BPR is skipped for gt2_6t_oa21_x1_w31_lvt/vss.
[WARNING DRT-0122] Layer BPR is skipped for gt2_6t_oa22_x1_w31_lvt/vdd.
[WARNING DRT-0122] Layer BPR is skipped for gt2_6t_oa22_x1_w31_lvt/vss.
[WARNING DRT-0122] Layer BPR is skipped for gt2_6t_oa31_x1_w31_lvt/vdd.
[WARNING DRT-0122] Layer BPR is skipped for gt2_6t_oa31_x1_w31_lvt/vss.
[WARNING DRT-0122] Layer BPR is skipped for gt2_6t_oa32_x1_w31_lvt/vdd.
[WARNING DRT-0122] Layer BPR is skipped for gt2_6t_oa32_x1_w31_lvt/vss.
[WARNING DRT-0122] Layer BPR is skipped for gt2_6t_oa33_x1_w31_lvt/vdd.
[WARNING DRT-0122] Layer BPR is skipped for gt2_6t_oa33_x1_w31_lvt/vss.
[WARNING DRT-0122] Layer BPR is skipped for gt2_6t_oai211_x1_w31_lvt/vdd.
[WARNING DRT-0122] Layer BPR is skipped for gt2_6t_oai211_x1_w31_lvt/vss.
[WARNING DRT-0122] Layer BPR is skipped for gt2_6t_oai21_x1_w31_lvt/vdd.
[WARNING DRT-0122] Layer BPR is skipped for gt2_6t_oai21_x1_w31_lvt/vss.
[WARNING DRT-0122] Layer BPR is skipped for gt2_6t_oai22_x1_w31_lvt/vdd.
[WARNING DRT-0122] Layer BPR is skipped for gt2_6t_oai22_x1_w31_lvt/vss.
[WARNING DRT-0122] Layer BPR is skipped for gt2_6t_oai31_x1_w31_lvt/vdd.
[WARNING DRT-0122] Layer BPR is skipped for gt2_6t_oai31_x1_w31_lvt/vss.
[WARNING DRT-0122] Layer BPR is skipped for gt2_6t_oai32_x1_w31_lvt/vdd.
[WARNING DRT-0122] Layer BPR is skipped for gt2_6t_oai32_x1_w31_lvt/vss.
[WARNING DRT-0122] Layer BPR is skipped for gt2_6t_oai33_x1_w31_lvt/vdd.
[WARNING DRT-0122] Layer BPR is skipped for gt2_6t_oai33_x1_w31_lvt/vss.
[WARNING DRT-0122] Layer BPR is skipped for gt2_6t_or2_x1_w31_lvt/vdd.
[WARNING DRT-0122] Layer BPR is skipped for gt2_6t_or2_x1_w31_lvt/vss.
[WARNING DRT-0122] Layer BPR is skipped for gt2_6t_or2_x2_w31_lvt/vdd.
[WARNING DRT-0122] Layer BPR is skipped for gt2_6t_or2_x2_w31_lvt/vss.
[WARNING DRT-0122] Layer BPR is skipped for gt2_6t_or2_x3_w31_lvt/vdd.
[WARNING DRT-0122] Layer BPR is skipped for gt2_6t_or2_x3_w31_lvt/vss.
[WARNING DRT-0122] Layer BPR is skipped for gt2_6t_or2_x4_w31_lvt/vdd.
[WARNING DRT-0122] Layer BPR is skipped for gt2_6t_or2_x4_w31_lvt/vss.
[WARNING DRT-0122] Layer BPR is skipped for gt2_6t_or3_x1_w31_lvt/vdd.
[WARNING DRT-0122] Layer BPR is skipped for gt2_6t_or3_x1_w31_lvt/vss.
[WARNING DRT-0122] Layer BPR is skipped for gt2_6t_tapfspdn_w31_lvt/vdd.
[WARNING DRT-0122] Layer BPR is skipped for gt2_6t_tapfspdn_w31_lvt/vss.
[WARNING DRT-0122] Layer BPR is skipped for gt2_6t_tapbspdn_w31_lvt/vdd.
[WARNING DRT-0122] Layer BPR is skipped for gt2_6t_tapbspdn_w31_lvt/vss.
[WARNING DRT-0122] Layer BPR is skipped for gt2_6t_tiehigh_w31_lvt/vdd.
[WARNING DRT-0122] Layer BPR is skipped for gt2_6t_tiehigh_w31_lvt/vss.
[WARNING DRT-0122] Layer BPR is skipped for gt2_6t_tielow_w31_lvt/vdd.
[WARNING DRT-0122] Layer BPR is skipped for gt2_6t_tielow_w31_lvt/vss.
[WARNING DRT-0122] Layer BPR is skipped for gt2_6t_xnor2_x1_w31_lvt/vdd.
[WARNING DRT-0122] Layer BPR is skipped for gt2_6t_xnor2_x1_w31_lvt/vss.
[WARNING DRT-0122] Layer BPR is skipped for gt2_6t_xor2_x1_w31_lvt/vdd.
[WARNING DRT-0122] Layer BPR is skipped for gt2_6t_xor2_x1_w31_lvt/vss.
[WARNING DRT-0122] Layer BPR is skipped for gt2_6t_and2_x1_w31_hvt/vdd.
[WARNING DRT-0122] Layer BPR is skipped for gt2_6t_and2_x1_w31_hvt/vss.
[WARNING DRT-0122] Layer BPR is skipped for gt2_6t_and2_x2_w31_hvt/vdd.
[WARNING DRT-0122] Layer BPR is skipped for gt2_6t_and2_x2_w31_hvt/vss.
[WARNING DRT-0122] Layer BPR is skipped for gt2_6t_and2_x3_w31_hvt/vdd.
[WARNING DRT-0122] Layer BPR is skipped for gt2_6t_and2_x3_w31_hvt/vss.
[WARNING DRT-0122] Layer BPR is skipped for gt2_6t_and2_x4_w31_hvt/vdd.
[WARNING DRT-0122] Layer BPR is skipped for gt2_6t_and2_x4_w31_hvt/vss.
[WARNING DRT-0122] Layer BPR is skipped for gt2_6t_and3_x1_w31_hvt/vdd.
[WARNING DRT-0122] Layer BPR is skipped for gt2_6t_and3_x1_w31_hvt/vss.
[WARNING DRT-0122] Layer BPR is skipped for gt2_6t_ao211_x1_w31_hvt/vdd.
[WARNING DRT-0122] Layer BPR is skipped for gt2_6t_ao211_x1_w31_hvt/vss.
[WARNING DRT-0122] Layer BPR is skipped for gt2_6t_ao21_x1_w31_hvt/vdd.
[WARNING DRT-0122] Layer BPR is skipped for gt2_6t_ao21_x1_w31_hvt/vss.
[WARNING DRT-0122] Layer BPR is skipped for gt2_6t_ao22_x1_w31_hvt/vdd.
[WARNING DRT-0122] Layer BPR is skipped for gt2_6t_ao22_x1_w31_hvt/vss.
[WARNING DRT-0122] Layer BPR is skipped for gt2_6t_ao31_x1_w31_hvt/vdd.
[WARNING DRT-0122] Layer BPR is skipped for gt2_6t_ao31_x1_w31_hvt/vss.
[WARNING DRT-0122] Layer BPR is skipped for gt2_6t_ao32_x1_w31_hvt/vdd.
[WARNING DRT-0122] Layer BPR is skipped for gt2_6t_ao32_x1_w31_hvt/vss.
[WARNING DRT-0122] Layer BPR is skipped for gt2_6t_ao33_x1_w31_hvt/vdd.
[WARNING DRT-0122] Layer BPR is skipped for gt2_6t_ao33_x1_w31_hvt/vss.
[WARNING DRT-0122] Layer BPR is skipped for gt2_6t_aoi211_x1_w31_hvt/vdd.
[WARNING DRT-0122] Layer BPR is skipped for gt2_6t_aoi211_x1_w31_hvt/vss.
[WARNING DRT-0122] Layer BPR is skipped for gt2_6t_aoi21_x1_w31_hvt/vdd.
[WARNING DRT-0122] Layer BPR is skipped for gt2_6t_aoi21_x1_w31_hvt/vss.
[WARNING DRT-0122] Layer BPR is skipped for gt2_6t_aoi22_x1_w31_hvt/vdd.
[WARNING DRT-0122] Layer BPR is skipped for gt2_6t_aoi22_x1_w31_hvt/vss.
[WARNING DRT-0122] Layer BPR is skipped for gt2_6t_aoi31_x1_w31_hvt/vdd.
[WARNING DRT-0122] Layer BPR is skipped for gt2_6t_aoi31_x1_w31_hvt/vss.
[WARNING DRT-0122] Layer BPR is skipped for gt2_6t_aoi32_x1_w31_hvt/vdd.
[WARNING DRT-0122] Layer BPR is skipped for gt2_6t_aoi32_x1_w31_hvt/vss.
[WARNING DRT-0122] Layer BPR is skipped for gt2_6t_aoi33_x1_w31_hvt/vdd.
[WARNING DRT-0122] Layer BPR is skipped for gt2_6t_aoi33_x1_w31_hvt/vss.
[WARNING DRT-0122] Layer BPR is skipped for gt2_6t_buf_x1_w31_hvt/vdd.
[WARNING DRT-0122] Layer BPR is skipped for gt2_6t_buf_x1_w31_hvt/vss.
[WARNING DRT-0122] Layer BPR is skipped for gt2_6t_buf_x10_w31_hvt/vdd.
[WARNING DRT-0122] Layer BPR is skipped for gt2_6t_buf_x10_w31_hvt/vss.
[WARNING DRT-0122] Layer BPR is skipped for gt2_6t_buf_x12_w31_hvt/vdd.
[WARNING DRT-0122] Layer BPR is skipped for gt2_6t_buf_x12_w31_hvt/vss.
[WARNING DRT-0122] Layer BPR is skipped for gt2_6t_buf_x2_w31_hvt/vdd.
[WARNING DRT-0122] Layer BPR is skipped for gt2_6t_buf_x2_w31_hvt/vss.
[WARNING DRT-0122] Layer BPR is skipped for gt2_6t_buf_x3_w31_hvt/vdd.
[WARNING DRT-0122] Layer BPR is skipped for gt2_6t_buf_x3_w31_hvt/vss.
[WARNING DRT-0122] Layer BPR is skipped for gt2_6t_buf_x4_w31_hvt/vdd.
[WARNING DRT-0122] Layer BPR is skipped for gt2_6t_buf_x4_w31_hvt/vss.
[WARNING DRT-0122] Layer BPR is skipped for gt2_6t_buf_x6_w31_hvt/vdd.
[WARNING DRT-0122] Layer BPR is skipped for gt2_6t_buf_x6_w31_hvt/vss.
[WARNING DRT-0122] Layer BPR is skipped for gt2_6t_buf_x8_w31_hvt/vdd.
[WARNING DRT-0122] Layer BPR is skipped for gt2_6t_buf_x8_w31_hvt/vss.
[WARNING DRT-0122] Layer BPR is skipped for gt2_6t_decapcc_w31_hvt/vdd.
[WARNING DRT-0122] Layer BPR is skipped for gt2_6t_decapcc_w31_hvt/vss.
[WARNING DRT-0122] Layer BPR is skipped for gt2_6t_dffasync_x1_w31_hvt/vdd.
[WARNING DRT-0122] Layer BPR is skipped for gt2_6t_dffasync_x1_w31_hvt/vss.
[WARNING DRT-0122] Layer BPR is skipped for gt2_6t_dffasync_x1_w31_hvt/vss.
[WARNING DRT-0122] Layer BPR is skipped for gt2_6t_dffasync_x2_w31_hvt/vdd.
[WARNING DRT-0122] Layer BPR is skipped for gt2_6t_dffasync_x2_w31_hvt/vss.
[WARNING DRT-0122] Layer BPR is skipped for gt2_6t_dffasync_x2_w31_hvt/vss.
[WARNING DRT-0122] Layer BPR is skipped for gt2_6t_dffasync_x4_w31_hvt/vdd.
[WARNING DRT-0122] Layer BPR is skipped for gt2_6t_dffasync_x4_w31_hvt/vss.
[WARNING DRT-0122] Layer BPR is skipped for gt2_6t_dffasync_x4_w31_hvt/vss.
[WARNING DRT-0122] Layer BPR is skipped for gt2_6t_filler_w31_hvt/vdd.
[WARNING DRT-0122] Layer BPR is skipped for gt2_6t_filler_w31_hvt/vss.
[WARNING DRT-0122] Layer BPR is skipped for gt2_6t_inv_x1_w31_hvt/vdd.
[WARNING DRT-0122] Layer BPR is skipped for gt2_6t_inv_x1_w31_hvt/vss.
[WARNING DRT-0122] Layer BPR is skipped for gt2_6t_inv_x10_w31_hvt/vdd.
[WARNING DRT-0122] Layer BPR is skipped for gt2_6t_inv_x10_w31_hvt/vss.
[WARNING DRT-0122] Layer BPR is skipped for gt2_6t_inv_x12_w31_hvt/vdd.
[WARNING DRT-0122] Layer BPR is skipped for gt2_6t_inv_x12_w31_hvt/vss.
[WARNING DRT-0122] Layer BPR is skipped for gt2_6t_inv_x2_w31_hvt/vdd.
[WARNING DRT-0122] Layer BPR is skipped for gt2_6t_inv_x2_w31_hvt/vss.
[WARNING DRT-0122] Layer BPR is skipped for gt2_6t_inv_x3_w31_hvt/vdd.
[WARNING DRT-0122] Layer BPR is skipped for gt2_6t_inv_x3_w31_hvt/vss.
[WARNING DRT-0122] Layer BPR is skipped for gt2_6t_inv_x4_w31_hvt/vdd.
[WARNING DRT-0122] Layer BPR is skipped for gt2_6t_inv_x4_w31_hvt/vss.
[WARNING DRT-0122] Layer BPR is skipped for gt2_6t_inv_x6_w31_hvt/vdd.
[WARNING DRT-0122] Layer BPR is skipped for gt2_6t_inv_x6_w31_hvt/vss.
[WARNING DRT-0122] Layer BPR is skipped for gt2_6t_inv_x8_w31_hvt/vdd.
[WARNING DRT-0122] Layer BPR is skipped for gt2_6t_inv_x8_w31_hvt/vss.
[WARNING DRT-0122] Layer BPR is skipped for gt2_6t_mux2_x1_w31_hvt/vdd.
[WARNING DRT-0122] Layer BPR is skipped for gt2_6t_mux2_x1_w31_hvt/vss.
[WARNING DRT-0122] Layer BPR is skipped for gt2_6t_mux2_x1_w31_hvt/vss.
[WARNING DRT-0122] Layer BPR is skipped for gt2_6t_nand2_x1_w31_hvt/vdd.
[WARNING DRT-0122] Layer BPR is skipped for gt2_6t_nand2_x1_w31_hvt/vss.
[WARNING DRT-0122] Layer BPR is skipped for gt2_6t_nand2_x2_w31_hvt/vdd.
[WARNING DRT-0122] Layer BPR is skipped for gt2_6t_nand2_x2_w31_hvt/vss.
[WARNING DRT-0122] Layer BPR is skipped for gt2_6t_nand2_x3_w31_hvt/vdd.
[WARNING DRT-0122] Layer BPR is skipped for gt2_6t_nand2_x3_w31_hvt/vss.
[WARNING DRT-0122] Layer BPR is skipped for gt2_6t_nand2_x4_w31_hvt/vdd.
[WARNING DRT-0122] Layer BPR is skipped for gt2_6t_nand2_x4_w31_hvt/vss.
[WARNING DRT-0122] Layer BPR is skipped for gt2_6t_nand3_x1_w31_hvt/vdd.
[WARNING DRT-0122] Layer BPR is skipped for gt2_6t_nand3_x1_w31_hvt/vss.
[WARNING DRT-0122] Layer BPR is skipped for gt2_6t_nor2_x1_w31_hvt/vdd.
[WARNING DRT-0122] Layer BPR is skipped for gt2_6t_nor2_x1_w31_hvt/vss.
[WARNING DRT-0122] Layer BPR is skipped for gt2_6t_nor2_x2_w31_hvt/vdd.
[WARNING DRT-0122] Layer BPR is skipped for gt2_6t_nor2_x2_w31_hvt/vss.
[WARNING DRT-0122] Layer BPR is skipped for gt2_6t_nor2_x3_w31_hvt/vdd.
[WARNING DRT-0122] Layer BPR is skipped for gt2_6t_nor2_x3_w31_hvt/vss.
[WARNING DRT-0122] Layer BPR is skipped for gt2_6t_nor2_x4_w31_hvt/vdd.
[WARNING DRT-0122] Layer BPR is skipped for gt2_6t_nor2_x4_w31_hvt/vss.
[WARNING DRT-0122] Layer BPR is skipped for gt2_6t_nor3_x1_w31_hvt/vdd.
[WARNING DRT-0122] Layer BPR is skipped for gt2_6t_nor3_x1_w31_hvt/vss.
[WARNING DRT-0122] Layer BPR is skipped for gt2_6t_oa211_x1_w31_hvt/vdd.
[WARNING DRT-0122] Layer BPR is skipped for gt2_6t_oa211_x1_w31_hvt/vss.
[WARNING DRT-0122] Layer BPR is skipped for gt2_6t_oa21_x1_w31_hvt/vdd.
[WARNING DRT-0122] Layer BPR is skipped for gt2_6t_oa21_x1_w31_hvt/vss.
[WARNING DRT-0122] Layer BPR is skipped for gt2_6t_oa22_x1_w31_hvt/vdd.
[WARNING DRT-0122] Layer BPR is skipped for gt2_6t_oa22_x1_w31_hvt/vss.
[WARNING DRT-0122] Layer BPR is skipped for gt2_6t_oa31_x1_w31_hvt/vdd.
[WARNING DRT-0122] Layer BPR is skipped for gt2_6t_oa31_x1_w31_hvt/vss.
[WARNING DRT-0122] Layer BPR is skipped for gt2_6t_oa32_x1_w31_hvt/vdd.
[WARNING DRT-0122] Layer BPR is skipped for gt2_6t_oa32_x1_w31_hvt/vss.
[WARNING DRT-0122] Layer BPR is skipped for gt2_6t_oa33_x1_w31_hvt/vdd.
[WARNING DRT-0122] Layer BPR is skipped for gt2_6t_oa33_x1_w31_hvt/vss.
[WARNING DRT-0122] Layer BPR is skipped for gt2_6t_oai211_x1_w31_hvt/vdd.
[WARNING DRT-0122] Layer BPR is skipped for gt2_6t_oai211_x1_w31_hvt/vss.
[WARNING DRT-0122] Layer BPR is skipped for gt2_6t_oai21_x1_w31_hvt/vdd.
[WARNING DRT-0122] Layer BPR is skipped for gt2_6t_oai21_x1_w31_hvt/vss.
[WARNING DRT-0122] Layer BPR is skipped for gt2_6t_oai22_x1_w31_hvt/vdd.
[WARNING DRT-0122] Layer BPR is skipped for gt2_6t_oai22_x1_w31_hvt/vss.
[WARNING DRT-0122] Layer BPR is skipped for gt2_6t_oai31_x1_w31_hvt/vdd.
[WARNING DRT-0122] Layer BPR is skipped for gt2_6t_oai31_x1_w31_hvt/vss.
[WARNING DRT-0122] Layer BPR is skipped for gt2_6t_oai32_x1_w31_hvt/vdd.
[WARNING DRT-0122] Layer BPR is skipped for gt2_6t_oai32_x1_w31_hvt/vss.
[WARNING DRT-0122] Layer BPR is skipped for gt2_6t_oai33_x1_w31_hvt/vdd.
[WARNING DRT-0122] Layer BPR is skipped for gt2_6t_oai33_x1_w31_hvt/vss.
[WARNING DRT-0122] Layer BPR is skipped for gt2_6t_or2_x1_w31_hvt/vdd.
[WARNING DRT-0122] Layer BPR is skipped for gt2_6t_or2_x1_w31_hvt/vss.
[WARNING DRT-0122] Layer BPR is skipped for gt2_6t_or2_x2_w31_hvt/vdd.
[WARNING DRT-0122] Layer BPR is skipped for gt2_6t_or2_x2_w31_hvt/vss.
[WARNING DRT-0122] Layer BPR is skipped for gt2_6t_or2_x3_w31_hvt/vdd.
[WARNING DRT-0122] Layer BPR is skipped for gt2_6t_or2_x3_w31_hvt/vss.
[WARNING DRT-0122] Layer BPR is skipped for gt2_6t_or2_x4_w31_hvt/vdd.
[WARNING DRT-0122] Layer BPR is skipped for gt2_6t_or2_x4_w31_hvt/vss.
[WARNING DRT-0122] Layer BPR is skipped for gt2_6t_or3_x1_w31_hvt/vdd.
[WARNING DRT-0122] Layer BPR is skipped for gt2_6t_or3_x1_w31_hvt/vss.
[WARNING DRT-0122] Layer BPR is skipped for gt2_6t_tapfspdn_w31_hvt/vdd.
[WARNING DRT-0122] Layer BPR is skipped for gt2_6t_tapfspdn_w31_hvt/vss.
[WARNING DRT-0122] Layer BPR is skipped for gt2_6t_tapbspdn_w31_hvt/vdd.
[WARNING DRT-0122] Layer BPR is skipped for gt2_6t_tapbspdn_w31_hvt/vss.
[WARNING DRT-0122] Layer BPR is skipped for gt2_6t_tiehigh_w31_hvt/vdd.
[WARNING DRT-0122] Layer BPR is skipped for gt2_6t_tiehigh_w31_hvt/vss.
[WARNING DRT-0122] Layer BPR is skipped for gt2_6t_tielow_w31_hvt/vdd.
[WARNING DRT-0122] Layer BPR is skipped for gt2_6t_tielow_w31_hvt/vss.
[WARNING DRT-0122] Layer BPR is skipped for gt2_6t_xnor2_x1_w31_hvt/vdd.
[WARNING DRT-0122] Layer BPR is skipped for gt2_6t_xnor2_x1_w31_hvt/vss.
[WARNING DRT-0122] Layer BPR is skipped for gt2_6t_xor2_x1_w31_hvt/vdd.
[WARNING DRT-0122] Layer BPR is skipped for gt2_6t_xor2_x1_w31_hvt/vss.
[WARNING DRT-0122] Layer BPR is skipped for gt2_6t_and2_x1_w31_svt/vdd.
[WARNING DRT-0122] Layer BPR is skipped for gt2_6t_and2_x1_w31_svt/vss.
[WARNING DRT-0122] Layer BPR is skipped for gt2_6t_and2_x2_w31_svt/vdd.
[WARNING DRT-0122] Layer BPR is skipped for gt2_6t_and2_x2_w31_svt/vss.
[WARNING DRT-0122] Layer BPR is skipped for gt2_6t_and2_x3_w31_svt/vdd.
[WARNING DRT-0122] Layer BPR is skipped for gt2_6t_and2_x3_w31_svt/vss.
[WARNING DRT-0122] Layer BPR is skipped for gt2_6t_and2_x4_w31_svt/vdd.
[WARNING DRT-0122] Layer BPR is skipped for gt2_6t_and2_x4_w31_svt/vss.
[WARNING DRT-0122] Layer BPR is skipped for gt2_6t_and3_x1_w31_svt/vdd.
[WARNING DRT-0122] Layer BPR is skipped for gt2_6t_and3_x1_w31_svt/vss.
[WARNING DRT-0122] Layer BPR is skipped for gt2_6t_ao211_x1_w31_svt/vdd.
[WARNING DRT-0122] Layer BPR is skipped for gt2_6t_ao211_x1_w31_svt/vss.
[WARNING DRT-0122] Layer BPR is skipped for gt2_6t_ao21_x1_w31_svt/vdd.
[WARNING DRT-0122] Layer BPR is skipped for gt2_6t_ao21_x1_w31_svt/vss.
[WARNING DRT-0122] Layer BPR is skipped for gt2_6t_ao22_x1_w31_svt/vdd.
[WARNING DRT-0122] Layer BPR is skipped for gt2_6t_ao22_x1_w31_svt/vss.
[WARNING DRT-0122] Layer BPR is skipped for gt2_6t_ao31_x1_w31_svt/vdd.
[WARNING DRT-0122] Layer BPR is skipped for gt2_6t_ao31_x1_w31_svt/vss.
[WARNING DRT-0122] Layer BPR is skipped for gt2_6t_ao32_x1_w31_svt/vdd.
[WARNING DRT-0122] Layer BPR is skipped for gt2_6t_ao32_x1_w31_svt/vss.
[WARNING DRT-0122] Layer BPR is skipped for gt2_6t_ao33_x1_w31_svt/vdd.
[WARNING DRT-0122] Layer BPR is skipped for gt2_6t_ao33_x1_w31_svt/vss.
[WARNING DRT-0122] Layer BPR is skipped for gt2_6t_aoi211_x1_w31_svt/vdd.
[WARNING DRT-0122] Layer BPR is skipped for gt2_6t_aoi211_x1_w31_svt/vss.
[WARNING DRT-0122] Layer BPR is skipped for gt2_6t_aoi21_x1_w31_svt/vdd.
[WARNING DRT-0122] Layer BPR is skipped for gt2_6t_aoi21_x1_w31_svt/vss.
[WARNING DRT-0122] Layer BPR is skipped for gt2_6t_aoi22_x1_w31_svt/vdd.
[WARNING DRT-0122] Layer BPR is skipped for gt2_6t_aoi22_x1_w31_svt/vss.
[WARNING DRT-0122] Layer BPR is skipped for gt2_6t_aoi31_x1_w31_svt/vdd.
[WARNING DRT-0122] Layer BPR is skipped for gt2_6t_aoi31_x1_w31_svt/vss.
[WARNING DRT-0122] Layer BPR is skipped for gt2_6t_aoi32_x1_w31_svt/vdd.
[WARNING DRT-0122] Layer BPR is skipped for gt2_6t_aoi32_x1_w31_svt/vss.
[WARNING DRT-0122] Layer BPR is skipped for gt2_6t_aoi33_x1_w31_svt/vdd.
[WARNING DRT-0122] Layer BPR is skipped for gt2_6t_aoi33_x1_w31_svt/vss.
[WARNING DRT-0122] Layer BPR is skipped for gt2_6t_buf_x1_w31_svt/vdd.
[WARNING DRT-0122] Layer BPR is skipped for gt2_6t_buf_x1_w31_svt/vss.
[WARNING DRT-0122] Layer BPR is skipped for gt2_6t_buf_x10_w31_svt/vdd.
[WARNING DRT-0122] Layer BPR is skipped for gt2_6t_buf_x10_w31_svt/vss.
[WARNING DRT-0122] Layer BPR is skipped for gt2_6t_buf_x12_w31_svt/vdd.
[WARNING DRT-0122] Layer BPR is skipped for gt2_6t_buf_x12_w31_svt/vss.
[WARNING DRT-0122] Layer BPR is skipped for gt2_6t_buf_x2_w31_svt/vdd.
[WARNING DRT-0122] Layer BPR is skipped for gt2_6t_buf_x2_w31_svt/vss.
[WARNING DRT-0122] Layer BPR is skipped for gt2_6t_buf_x3_w31_svt/vdd.
[WARNING DRT-0122] Layer BPR is skipped for gt2_6t_buf_x3_w31_svt/vss.
[WARNING DRT-0122] Layer BPR is skipped for gt2_6t_buf_x4_w31_svt/vdd.
[WARNING DRT-0122] Layer BPR is skipped for gt2_6t_buf_x4_w31_svt/vss.
[WARNING DRT-0122] Layer BPR is skipped for gt2_6t_buf_x6_w31_svt/vdd.
[WARNING DRT-0122] Layer BPR is skipped for gt2_6t_buf_x6_w31_svt/vss.
[WARNING DRT-0122] Layer BPR is skipped for gt2_6t_buf_x8_w31_svt/vdd.
[WARNING DRT-0122] Layer BPR is skipped for gt2_6t_buf_x8_w31_svt/vss.
[WARNING DRT-0122] Layer BPR is skipped for gt2_6t_decapcc_w31_svt/vdd.
[WARNING DRT-0122] Layer BPR is skipped for gt2_6t_decapcc_w31_svt/vss.
[WARNING DRT-0122] Layer BPR is skipped for gt2_6t_dffasync_x1_w31_svt/vdd.
[WARNING DRT-0122] Layer BPR is skipped for gt2_6t_dffasync_x1_w31_svt/vss.
[WARNING DRT-0122] Layer BPR is skipped for gt2_6t_dffasync_x1_w31_svt/vss.
[WARNING DRT-0122] Layer BPR is skipped for gt2_6t_dffasync_x2_w31_svt/vdd.
[WARNING DRT-0122] Layer BPR is skipped for gt2_6t_dffasync_x2_w31_svt/vss.
[WARNING DRT-0122] Layer BPR is skipped for gt2_6t_dffasync_x2_w31_svt/vss.
[WARNING DRT-0122] Layer BPR is skipped for gt2_6t_dffasync_x4_w31_svt/vdd.
[WARNING DRT-0122] Layer BPR is skipped for gt2_6t_dffasync_x4_w31_svt/vss.
[WARNING DRT-0122] Layer BPR is skipped for gt2_6t_dffasync_x4_w31_svt/vss.
[WARNING DRT-0122] Layer BPR is skipped for gt2_6t_filler_w31_svt/vdd.
[WARNING DRT-0122] Layer BPR is skipped for gt2_6t_filler_w31_svt/vss.
[WARNING DRT-0122] Layer BPR is skipped for gt2_6t_inv_x1_w31_svt/vdd.
[WARNING DRT-0122] Layer BPR is skipped for gt2_6t_inv_x1_w31_svt/vss.
[WARNING DRT-0122] Layer BPR is skipped for gt2_6t_inv_x10_w31_svt/vdd.
[WARNING DRT-0122] Layer BPR is skipped for gt2_6t_inv_x10_w31_svt/vss.
[WARNING DRT-0122] Layer BPR is skipped for gt2_6t_inv_x12_w31_svt/vdd.
[WARNING DRT-0122] Layer BPR is skipped for gt2_6t_inv_x12_w31_svt/vss.
[WARNING DRT-0122] Layer BPR is skipped for gt2_6t_inv_x2_w31_svt/vdd.
[WARNING DRT-0122] Layer BPR is skipped for gt2_6t_inv_x2_w31_svt/vss.
[WARNING DRT-0122] Layer BPR is skipped for gt2_6t_inv_x3_w31_svt/vdd.
[WARNING DRT-0122] Layer BPR is skipped for gt2_6t_inv_x3_w31_svt/vss.
[WARNING DRT-0122] Layer BPR is skipped for gt2_6t_inv_x4_w31_svt/vdd.
[WARNING DRT-0122] Layer BPR is skipped for gt2_6t_inv_x4_w31_svt/vss.
[WARNING DRT-0122] Layer BPR is skipped for gt2_6t_inv_x6_w31_svt/vdd.
[WARNING DRT-0122] Layer BPR is skipped for gt2_6t_inv_x6_w31_svt/vss.
[WARNING DRT-0122] Layer BPR is skipped for gt2_6t_inv_x8_w31_svt/vdd.
[WARNING DRT-0122] Layer BPR is skipped for gt2_6t_inv_x8_w31_svt/vss.
[WARNING DRT-0122] Layer BPR is skipped for gt2_6t_mux2_x1_w31_svt/vdd.
[WARNING DRT-0122] Layer BPR is skipped for gt2_6t_mux2_x1_w31_svt/vss.
[WARNING DRT-0122] Layer BPR is skipped for gt2_6t_mux2_x1_w31_svt/vss.
[WARNING DRT-0122] Layer BPR is skipped for gt2_6t_nand2_x1_w31_svt/vdd.
[WARNING DRT-0122] Layer BPR is skipped for gt2_6t_nand2_x1_w31_svt/vss.
[WARNING DRT-0122] Layer BPR is skipped for gt2_6t_nand2_x2_w31_svt/vdd.
[WARNING DRT-0122] Layer BPR is skipped for gt2_6t_nand2_x2_w31_svt/vss.
[WARNING DRT-0122] Layer BPR is skipped for gt2_6t_nand2_x3_w31_svt/vdd.
[WARNING DRT-0122] Layer BPR is skipped for gt2_6t_nand2_x3_w31_svt/vss.
[WARNING DRT-0122] Layer BPR is skipped for gt2_6t_nand2_x4_w31_svt/vdd.
[WARNING DRT-0122] Layer BPR is skipped for gt2_6t_nand2_x4_w31_svt/vss.
[WARNING DRT-0122] Layer BPR is skipped for gt2_6t_nand3_x1_w31_svt/vdd.
[WARNING DRT-0122] Layer BPR is skipped for gt2_6t_nand3_x1_w31_svt/vss.
[WARNING DRT-0122] Layer BPR is skipped for gt2_6t_nor2_x1_w31_svt/vdd.
[WARNING DRT-0122] Layer BPR is skipped for gt2_6t_nor2_x1_w31_svt/vss.
[WARNING DRT-0122] Layer BPR is skipped for gt2_6t_nor2_x2_w31_svt/vdd.
[WARNING DRT-0122] Layer BPR is skipped for gt2_6t_nor2_x2_w31_svt/vss.
[WARNING DRT-0122] Layer BPR is skipped for gt2_6t_nor2_x3_w31_svt/vdd.
[WARNING DRT-0122] Layer BPR is skipped for gt2_6t_nor2_x3_w31_svt/vss.
[WARNING DRT-0122] Layer BPR is skipped for gt2_6t_nor2_x4_w31_svt/vdd.
[WARNING DRT-0122] Layer BPR is skipped for gt2_6t_nor2_x4_w31_svt/vss.
[WARNING DRT-0122] Layer BPR is skipped for gt2_6t_nor3_x1_w31_svt/vdd.
[WARNING DRT-0122] Layer BPR is skipped for gt2_6t_nor3_x1_w31_svt/vss.
[WARNING DRT-0122] Layer BPR is skipped for gt2_6t_oa211_x1_w31_svt/vdd.
[WARNING DRT-0122] Layer BPR is skipped for gt2_6t_oa211_x1_w31_svt/vss.
[WARNING DRT-0122] Layer BPR is skipped for gt2_6t_oa21_x1_w31_svt/vdd.
[WARNING DRT-0122] Layer BPR is skipped for gt2_6t_oa21_x1_w31_svt/vss.
[WARNING DRT-0122] Layer BPR is skipped for gt2_6t_oa22_x1_w31_svt/vdd.
[WARNING DRT-0122] Layer BPR is skipped for gt2_6t_oa22_x1_w31_svt/vss.
[WARNING DRT-0122] Layer BPR is skipped for gt2_6t_oa31_x1_w31_svt/vdd.
[WARNING DRT-0122] Layer BPR is skipped for gt2_6t_oa31_x1_w31_svt/vss.
[WARNING DRT-0122] Layer BPR is skipped for gt2_6t_oa32_x1_w31_svt/vdd.
[WARNING DRT-0122] Layer BPR is skipped for gt2_6t_oa32_x1_w31_svt/vss.
[WARNING DRT-0122] Layer BPR is skipped for gt2_6t_oa33_x1_w31_svt/vdd.
[WARNING DRT-0122] Layer BPR is skipped for gt2_6t_oa33_x1_w31_svt/vss.
[WARNING DRT-0122] Layer BPR is skipped for gt2_6t_oai211_x1_w31_svt/vdd.
[WARNING DRT-0122] Layer BPR is skipped for gt2_6t_oai211_x1_w31_svt/vss.
[WARNING DRT-0122] Layer BPR is skipped for gt2_6t_oai21_x1_w31_svt/vdd.
[WARNING DRT-0122] Layer BPR is skipped for gt2_6t_oai21_x1_w31_svt/vss.
[WARNING DRT-0122] Layer BPR is skipped for gt2_6t_oai22_x1_w31_svt/vdd.
[WARNING DRT-0122] Layer BPR is skipped for gt2_6t_oai22_x1_w31_svt/vss.
[WARNING DRT-0122] Layer BPR is skipped for gt2_6t_oai31_x1_w31_svt/vdd.
[WARNING DRT-0122] Layer BPR is skipped for gt2_6t_oai31_x1_w31_svt/vss.
[WARNING DRT-0122] Layer BPR is skipped for gt2_6t_oai32_x1_w31_svt/vdd.
[WARNING DRT-0122] Layer BPR is skipped for gt2_6t_oai32_x1_w31_svt/vss.
[WARNING DRT-0122] Layer BPR is skipped for gt2_6t_oai33_x1_w31_svt/vdd.
[WARNING DRT-0122] Layer BPR is skipped for gt2_6t_oai33_x1_w31_svt/vss.
[WARNING DRT-0122] Layer BPR is skipped for gt2_6t_or2_x1_w31_svt/vdd.
[WARNING DRT-0122] Layer BPR is skipped for gt2_6t_or2_x1_w31_svt/vss.
[WARNING DRT-0122] Layer BPR is skipped for gt2_6t_or2_x2_w31_svt/vdd.
[WARNING DRT-0122] Layer BPR is skipped for gt2_6t_or2_x2_w31_svt/vss.
[WARNING DRT-0122] Layer BPR is skipped for gt2_6t_or2_x3_w31_svt/vdd.
[WARNING DRT-0122] Layer BPR is skipped for gt2_6t_or2_x3_w31_svt/vss.
[WARNING DRT-0122] Layer BPR is skipped for gt2_6t_or2_x4_w31_svt/vdd.
[WARNING DRT-0122] Layer BPR is skipped for gt2_6t_or2_x4_w31_svt/vss.
[WARNING DRT-0122] Layer BPR is skipped for gt2_6t_or3_x1_w31_svt/vdd.
[WARNING DRT-0122] Layer BPR is skipped for gt2_6t_or3_x1_w31_svt/vss.
[WARNING DRT-0122] Layer BPR is skipped for gt2_6t_tapfspdn_w31_svt/vdd.
[WARNING DRT-0122] Layer BPR is skipped for gt2_6t_tapfspdn_w31_svt/vss.
[WARNING DRT-0122] Layer BPR is skipped for gt2_6t_tapbspdn_w31_svt/vdd.
[WARNING DRT-0122] Layer BPR is skipped for gt2_6t_tapbspdn_w31_svt/vss.
[WARNING DRT-0122] Layer BPR is skipped for gt2_6t_tiehigh_w31_svt/vdd.
[WARNING DRT-0122] Layer BPR is skipped for gt2_6t_tiehigh_w31_svt/vss.
[WARNING DRT-0122] Layer BPR is skipped for gt2_6t_tielow_w31_svt/vdd.
[WARNING DRT-0122] Layer BPR is skipped for gt2_6t_tielow_w31_svt/vss.
[WARNING DRT-0122] Layer BPR is skipped for gt2_6t_xnor2_x1_w31_svt/vdd.
[WARNING DRT-0122] Layer BPR is skipped for gt2_6t_xnor2_x1_w31_svt/vss.
[WARNING DRT-0122] Layer BPR is skipped for gt2_6t_xor2_x1_w31_svt/vdd.
[WARNING DRT-0122] Layer BPR is skipped for gt2_6t_xor2_x1_w31_svt/vss.
[WARNING DRT-0122] Layer BPR is skipped for gt2_6t_and2_x1_w31_ulvt/vdd.
[WARNING DRT-0122] Layer BPR is skipped for gt2_6t_and2_x1_w31_ulvt/vss.
[WARNING DRT-0122] Layer BPR is skipped for gt2_6t_and2_x2_w31_ulvt/vdd.
[WARNING DRT-0122] Layer BPR is skipped for gt2_6t_and2_x2_w31_ulvt/vss.
[WARNING DRT-0122] Layer BPR is skipped for gt2_6t_and2_x3_w31_ulvt/vdd.
[WARNING DRT-0122] Layer BPR is skipped for gt2_6t_and2_x3_w31_ulvt/vss.
[WARNING DRT-0122] Layer BPR is skipped for gt2_6t_and2_x4_w31_ulvt/vdd.
[WARNING DRT-0122] Layer BPR is skipped for gt2_6t_and2_x4_w31_ulvt/vss.
[WARNING DRT-0122] Layer BPR is skipped for gt2_6t_and3_x1_w31_ulvt/vdd.
[WARNING DRT-0122] Layer BPR is skipped for gt2_6t_and3_x1_w31_ulvt/vss.
[WARNING DRT-0122] Layer BPR is skipped for gt2_6t_ao211_x1_w31_ulvt/vdd.
[WARNING DRT-0122] Layer BPR is skipped for gt2_6t_ao211_x1_w31_ulvt/vss.
[WARNING DRT-0122] Layer BPR is skipped for gt2_6t_ao21_x1_w31_ulvt/vdd.
[WARNING DRT-0122] Layer BPR is skipped for gt2_6t_ao21_x1_w31_ulvt/vss.
[WARNING DRT-0122] Layer BPR is skipped for gt2_6t_ao22_x1_w31_ulvt/vdd.
[WARNING DRT-0122] Layer BPR is skipped for gt2_6t_ao22_x1_w31_ulvt/vss.
[WARNING DRT-0122] Layer BPR is skipped for gt2_6t_ao31_x1_w31_ulvt/vdd.
[WARNING DRT-0122] Layer BPR is skipped for gt2_6t_ao31_x1_w31_ulvt/vss.
[WARNING DRT-0122] Layer BPR is skipped for gt2_6t_ao32_x1_w31_ulvt/vdd.
[WARNING DRT-0122] Layer BPR is skipped for gt2_6t_ao32_x1_w31_ulvt/vss.
[WARNING DRT-0122] Layer BPR is skipped for gt2_6t_ao33_x1_w31_ulvt/vdd.
[WARNING DRT-0122] Layer BPR is skipped for gt2_6t_ao33_x1_w31_ulvt/vss.
[WARNING DRT-0122] Layer BPR is skipped for gt2_6t_aoi211_x1_w31_ulvt/vdd.
[WARNING DRT-0122] Layer BPR is skipped for gt2_6t_aoi211_x1_w31_ulvt/vss.
[WARNING DRT-0122] Layer BPR is skipped for gt2_6t_aoi21_x1_w31_ulvt/vdd.
[WARNING DRT-0122] Layer BPR is skipped for gt2_6t_aoi21_x1_w31_ulvt/vss.
[WARNING DRT-0122] Layer BPR is skipped for gt2_6t_aoi22_x1_w31_ulvt/vdd.
[WARNING DRT-0122] Layer BPR is skipped for gt2_6t_aoi22_x1_w31_ulvt/vss.
[WARNING DRT-0122] Layer BPR is skipped for gt2_6t_aoi31_x1_w31_ulvt/vdd.
[WARNING DRT-0122] Layer BPR is skipped for gt2_6t_aoi31_x1_w31_ulvt/vss.
[WARNING DRT-0122] Layer BPR is skipped for gt2_6t_aoi32_x1_w31_ulvt/vdd.
[WARNING DRT-0122] Layer BPR is skipped for gt2_6t_aoi32_x1_w31_ulvt/vss.
[WARNING DRT-0122] Layer BPR is skipped for gt2_6t_aoi33_x1_w31_ulvt/vdd.
[WARNING DRT-0122] Layer BPR is skipped for gt2_6t_aoi33_x1_w31_ulvt/vss.
[WARNING DRT-0122] Layer BPR is skipped for gt2_6t_buf_x1_w31_ulvt/vdd.
[WARNING DRT-0122] Layer BPR is skipped for gt2_6t_buf_x1_w31_ulvt/vss.
[WARNING DRT-0122] Layer BPR is skipped for gt2_6t_buf_x10_w31_ulvt/vdd.
[WARNING DRT-0122] Layer BPR is skipped for gt2_6t_buf_x10_w31_ulvt/vss.
[WARNING DRT-0122] Layer BPR is skipped for gt2_6t_buf_x12_w31_ulvt/vdd.
[WARNING DRT-0122] Layer BPR is skipped for gt2_6t_buf_x12_w31_ulvt/vss.
[WARNING DRT-0122] Layer BPR is skipped for gt2_6t_buf_x2_w31_ulvt/vdd.
[WARNING DRT-0122] Layer BPR is skipped for gt2_6t_buf_x2_w31_ulvt/vss.
[WARNING DRT-0122] Layer BPR is skipped for gt2_6t_buf_x3_w31_ulvt/vdd.
[WARNING DRT-0122] Layer BPR is skipped for gt2_6t_buf_x3_w31_ulvt/vss.
[WARNING DRT-0122] Layer BPR is skipped for gt2_6t_buf_x4_w31_ulvt/vdd.
[WARNING DRT-0122] Layer BPR is skipped for gt2_6t_buf_x4_w31_ulvt/vss.
[WARNING DRT-0122] Layer BPR is skipped for gt2_6t_buf_x6_w31_ulvt/vdd.
[WARNING DRT-0122] Layer BPR is skipped for gt2_6t_buf_x6_w31_ulvt/vss.
[WARNING DRT-0122] Layer BPR is skipped for gt2_6t_buf_x8_w31_ulvt/vdd.
[WARNING DRT-0122] Layer BPR is skipped for gt2_6t_buf_x8_w31_ulvt/vss.
[WARNING DRT-0122] Layer BPR is skipped for gt2_6t_decapcc_w31_ulvt/vdd.
[WARNING DRT-0122] Layer BPR is skipped for gt2_6t_decapcc_w31_ulvt/vss.
[WARNING DRT-0122] Layer BPR is skipped for gt2_6t_dffasync_x1_w31_ulvt/vdd.
[WARNING DRT-0122] Layer BPR is skipped for gt2_6t_dffasync_x1_w31_ulvt/vss.
[WARNING DRT-0122] Layer BPR is skipped for gt2_6t_dffasync_x1_w31_ulvt/vss.
[WARNING DRT-0122] Layer BPR is skipped for gt2_6t_dffasync_x2_w31_ulvt/vdd.
[WARNING DRT-0122] Layer BPR is skipped for gt2_6t_dffasync_x2_w31_ulvt/vss.
[WARNING DRT-0122] Layer BPR is skipped for gt2_6t_dffasync_x2_w31_ulvt/vss.
[WARNING DRT-0122] Layer BPR is skipped for gt2_6t_dffasync_x4_w31_ulvt/vdd.
[WARNING DRT-0122] Layer BPR is skipped for gt2_6t_dffasync_x4_w31_ulvt/vss.
[WARNING DRT-0122] Layer BPR is skipped for gt2_6t_dffasync_x4_w31_ulvt/vss.
[WARNING DRT-0122] Layer BPR is skipped for gt2_6t_filler_w31_ulvt/vdd.
[WARNING DRT-0122] Layer BPR is skipped for gt2_6t_filler_w31_ulvt/vss.
[WARNING DRT-0122] Layer BPR is skipped for gt2_6t_inv_x1_w31_ulvt/vdd.
[WARNING DRT-0122] Layer BPR is skipped for gt2_6t_inv_x1_w31_ulvt/vss.
[WARNING DRT-0122] Layer BPR is skipped for gt2_6t_inv_x10_w31_ulvt/vdd.
[WARNING DRT-0122] Layer BPR is skipped for gt2_6t_inv_x10_w31_ulvt/vss.
[WARNING DRT-0122] Layer BPR is skipped for gt2_6t_inv_x12_w31_ulvt/vdd.
[WARNING DRT-0122] Layer BPR is skipped for gt2_6t_inv_x12_w31_ulvt/vss.
[WARNING DRT-0122] Layer BPR is skipped for gt2_6t_inv_x2_w31_ulvt/vdd.
[WARNING DRT-0122] Layer BPR is skipped for gt2_6t_inv_x2_w31_ulvt/vss.
[WARNING DRT-0122] Layer BPR is skipped for gt2_6t_inv_x3_w31_ulvt/vdd.
[WARNING DRT-0122] Layer BPR is skipped for gt2_6t_inv_x3_w31_ulvt/vss.
[WARNING DRT-0122] Layer BPR is skipped for gt2_6t_inv_x4_w31_ulvt/vdd.
[WARNING DRT-0122] Layer BPR is skipped for gt2_6t_inv_x4_w31_ulvt/vss.
[WARNING DRT-0122] Layer BPR is skipped for gt2_6t_inv_x6_w31_ulvt/vdd.
[WARNING DRT-0122] Layer BPR is skipped for gt2_6t_inv_x6_w31_ulvt/vss.
[WARNING DRT-0122] Layer BPR is skipped for gt2_6t_inv_x8_w31_ulvt/vdd.
[WARNING DRT-0122] Layer BPR is skipped for gt2_6t_inv_x8_w31_ulvt/vss.
[WARNING DRT-0122] Layer BPR is skipped for gt2_6t_mux2_x1_w31_ulvt/vdd.
[WARNING DRT-0122] Layer BPR is skipped for gt2_6t_mux2_x1_w31_ulvt/vss.
[WARNING DRT-0122] Layer BPR is skipped for gt2_6t_mux2_x1_w31_ulvt/vss.
[WARNING DRT-0122] Layer BPR is skipped for gt2_6t_nand2_x1_w31_ulvt/vdd.
[WARNING DRT-0122] Layer BPR is skipped for gt2_6t_nand2_x1_w31_ulvt/vss.
[WARNING DRT-0122] Layer BPR is skipped for gt2_6t_nand2_x2_w31_ulvt/vdd.
[WARNING DRT-0122] Layer BPR is skipped for gt2_6t_nand2_x2_w31_ulvt/vss.
[WARNING DRT-0122] Layer BPR is skipped for gt2_6t_nand2_x3_w31_ulvt/vdd.
[WARNING DRT-0122] Layer BPR is skipped for gt2_6t_nand2_x3_w31_ulvt/vss.
[WARNING DRT-0122] Layer BPR is skipped for gt2_6t_nand2_x4_w31_ulvt/vdd.
[WARNING DRT-0122] Layer BPR is skipped for gt2_6t_nand2_x4_w31_ulvt/vss.
[WARNING DRT-0122] Layer BPR is skipped for gt2_6t_nand3_x1_w31_ulvt/vdd.
[WARNING DRT-0122] Layer BPR is skipped for gt2_6t_nand3_x1_w31_ulvt/vss.
[WARNING DRT-0122] Layer BPR is skipped for gt2_6t_nor2_x1_w31_ulvt/vdd.
[WARNING DRT-0122] Layer BPR is skipped for gt2_6t_nor2_x1_w31_ulvt/vss.
[WARNING DRT-0122] Layer BPR is skipped for gt2_6t_nor2_x2_w31_ulvt/vdd.
[WARNING DRT-0122] Layer BPR is skipped for gt2_6t_nor2_x2_w31_ulvt/vss.
[WARNING DRT-0122] Layer BPR is skipped for gt2_6t_nor2_x3_w31_ulvt/vdd.
[WARNING DRT-0122] Layer BPR is skipped for gt2_6t_nor2_x3_w31_ulvt/vss.
[WARNING DRT-0122] Layer BPR is skipped for gt2_6t_nor2_x4_w31_ulvt/vdd.
[WARNING DRT-0122] Layer BPR is skipped for gt2_6t_nor2_x4_w31_ulvt/vss.
[WARNING DRT-0122] Layer BPR is skipped for gt2_6t_nor3_x1_w31_ulvt/vdd.
[WARNING DRT-0122] Layer BPR is skipped for gt2_6t_nor3_x1_w31_ulvt/vss.
[WARNING DRT-0122] Layer BPR is skipped for gt2_6t_oa211_x1_w31_ulvt/vdd.
[WARNING DRT-0122] Layer BPR is skipped for gt2_6t_oa211_x1_w31_ulvt/vss.
[WARNING DRT-0122] Layer BPR is skipped for gt2_6t_oa21_x1_w31_ulvt/vdd.
[WARNING DRT-0122] Layer BPR is skipped for gt2_6t_oa21_x1_w31_ulvt/vss.
[WARNING DRT-0122] Layer BPR is skipped for gt2_6t_oa22_x1_w31_ulvt/vdd.
[WARNING DRT-0122] Layer BPR is skipped for gt2_6t_oa22_x1_w31_ulvt/vss.
[WARNING DRT-0122] Layer BPR is skipped for gt2_6t_oa31_x1_w31_ulvt/vdd.
[WARNING DRT-0122] Layer BPR is skipped for gt2_6t_oa31_x1_w31_ulvt/vss.
[WARNING DRT-0122] Layer BPR is skipped for gt2_6t_oa32_x1_w31_ulvt/vdd.
[WARNING DRT-0122] Layer BPR is skipped for gt2_6t_oa32_x1_w31_ulvt/vss.
[WARNING DRT-0122] Layer BPR is skipped for gt2_6t_oa33_x1_w31_ulvt/vdd.
[WARNING DRT-0122] Layer BPR is skipped for gt2_6t_oa33_x1_w31_ulvt/vss.
[WARNING DRT-0122] Layer BPR is skipped for gt2_6t_oai211_x1_w31_ulvt/vdd.
[WARNING DRT-0122] Layer BPR is skipped for gt2_6t_oai211_x1_w31_ulvt/vss.
[WARNING DRT-0122] Layer BPR is skipped for gt2_6t_oai21_x1_w31_ulvt/vdd.
[WARNING DRT-0122] Layer BPR is skipped for gt2_6t_oai21_x1_w31_ulvt/vss.
[WARNING DRT-0122] Layer BPR is skipped for gt2_6t_oai22_x1_w31_ulvt/vdd.
[WARNING DRT-0122] Layer BPR is skipped for gt2_6t_oai22_x1_w31_ulvt/vss.
[WARNING DRT-0122] Layer BPR is skipped for gt2_6t_oai31_x1_w31_ulvt/vdd.
[WARNING DRT-0122] Layer BPR is skipped for gt2_6t_oai31_x1_w31_ulvt/vss.
[WARNING DRT-0122] Layer BPR is skipped for gt2_6t_oai32_x1_w31_ulvt/vdd.
[WARNING DRT-0122] Layer BPR is skipped for gt2_6t_oai32_x1_w31_ulvt/vss.
[WARNING DRT-0122] Layer BPR is skipped for gt2_6t_oai33_x1_w31_ulvt/vdd.
[WARNING DRT-0122] Layer BPR is skipped for gt2_6t_oai33_x1_w31_ulvt/vss.
[WARNING DRT-0122] Layer BPR is skipped for gt2_6t_or2_x1_w31_ulvt/vdd.
[WARNING DRT-0122] Layer BPR is skipped for gt2_6t_or2_x1_w31_ulvt/vss.
[WARNING DRT-0122] Layer BPR is skipped for gt2_6t_or2_x2_w31_ulvt/vdd.
[WARNING DRT-0122] Layer BPR is skipped for gt2_6t_or2_x2_w31_ulvt/vss.
[WARNING DRT-0122] Layer BPR is skipped for gt2_6t_or2_x3_w31_ulvt/vdd.
[WARNING DRT-0122] Layer BPR is skipped for gt2_6t_or2_x3_w31_ulvt/vss.
[WARNING DRT-0122] Layer BPR is skipped for gt2_6t_or2_x4_w31_ulvt/vdd.
[WARNING DRT-0122] Layer BPR is skipped for gt2_6t_or2_x4_w31_ulvt/vss.
[WARNING DRT-0122] Layer BPR is skipped for gt2_6t_or3_x1_w31_ulvt/vdd.
[WARNING DRT-0122] Layer BPR is skipped for gt2_6t_or3_x1_w31_ulvt/vss.
[WARNING DRT-0122] Layer BPR is skipped for gt2_6t_tapfspdn_w31_ulvt/vdd.
[WARNING DRT-0122] Layer BPR is skipped for gt2_6t_tapfspdn_w31_ulvt/vss.
[WARNING DRT-0122] Layer BPR is skipped for gt2_6t_tapbspdn_w31_ulvt/vdd.
[WARNING DRT-0122] Layer BPR is skipped for gt2_6t_tapbspdn_w31_ulvt/vss.
[WARNING DRT-0122] Layer BPR is skipped for gt2_6t_tiehigh_w31_ulvt/vdd.
[WARNING DRT-0122] Layer BPR is skipped for gt2_6t_tiehigh_w31_ulvt/vss.
[WARNING DRT-0122] Layer BPR is skipped for gt2_6t_tielow_w31_ulvt/vdd.
[WARNING DRT-0122] Layer BPR is skipped for gt2_6t_tielow_w31_ulvt/vss.
[WARNING DRT-0122] Layer BPR is skipped for gt2_6t_xnor2_x1_w31_ulvt/vdd.
[WARNING DRT-0122] Layer BPR is skipped for gt2_6t_xnor2_x1_w31_ulvt/vss.
[WARNING DRT-0122] Layer BPR is skipped for gt2_6t_xor2_x1_w31_ulvt/vdd.
[WARNING DRT-0122] Layer BPR is skipped for gt2_6t_xor2_x1_w31_ulvt/vss.
[WARNING DRT-0122] Layer BPR is skipped for gt2_6t_and2_x1_w31_elvt/vdd.
[WARNING DRT-0122] Layer BPR is skipped for gt2_6t_and2_x1_w31_elvt/vss.
[WARNING DRT-0122] Layer BPR is skipped for gt2_6t_and2_x2_w31_elvt/vdd.
[WARNING DRT-0122] Layer BPR is skipped for gt2_6t_and2_x2_w31_elvt/vss.
[WARNING DRT-0122] Layer BPR is skipped for gt2_6t_and2_x3_w31_elvt/vdd.
[WARNING DRT-0122] Layer BPR is skipped for gt2_6t_and2_x3_w31_elvt/vss.
[WARNING DRT-0122] Layer BPR is skipped for gt2_6t_and2_x4_w31_elvt/vdd.
[WARNING DRT-0122] Layer BPR is skipped for gt2_6t_and2_x4_w31_elvt/vss.
[WARNING DRT-0122] Layer BPR is skipped for gt2_6t_and3_x1_w31_elvt/vdd.
[WARNING DRT-0122] Layer BPR is skipped for gt2_6t_and3_x1_w31_elvt/vss.
[WARNING DRT-0122] Layer BPR is skipped for gt2_6t_ao211_x1_w31_elvt/vdd.
[WARNING DRT-0122] Layer BPR is skipped for gt2_6t_ao211_x1_w31_elvt/vss.
[WARNING DRT-0122] Layer BPR is skipped for gt2_6t_ao21_x1_w31_elvt/vdd.
[WARNING DRT-0122] Layer BPR is skipped for gt2_6t_ao21_x1_w31_elvt/vss.
[WARNING DRT-0122] Layer BPR is skipped for gt2_6t_ao22_x1_w31_elvt/vdd.
[WARNING DRT-0122] Layer BPR is skipped for gt2_6t_ao22_x1_w31_elvt/vss.
[WARNING DRT-0122] Layer BPR is skipped for gt2_6t_ao31_x1_w31_elvt/vdd.
[WARNING DRT-0122] Layer BPR is skipped for gt2_6t_ao31_x1_w31_elvt/vss.
[WARNING DRT-0122] Layer BPR is skipped for gt2_6t_ao32_x1_w31_elvt/vdd.
[WARNING DRT-0122] Layer BPR is skipped for gt2_6t_ao32_x1_w31_elvt/vss.
[WARNING DRT-0122] Layer BPR is skipped for gt2_6t_ao33_x1_w31_elvt/vdd.
[WARNING DRT-0122] Layer BPR is skipped for gt2_6t_ao33_x1_w31_elvt/vss.
[WARNING DRT-0122] Layer BPR is skipped for gt2_6t_aoi211_x1_w31_elvt/vdd.
[WARNING DRT-0122] Layer BPR is skipped for gt2_6t_aoi211_x1_w31_elvt/vss.
[WARNING DRT-0122] Layer BPR is skipped for gt2_6t_aoi21_x1_w31_elvt/vdd.
[WARNING DRT-0122] Layer BPR is skipped for gt2_6t_aoi21_x1_w31_elvt/vss.
[WARNING DRT-0122] Layer BPR is skipped for gt2_6t_aoi22_x1_w31_elvt/vdd.
[WARNING DRT-0122] Layer BPR is skipped for gt2_6t_aoi22_x1_w31_elvt/vss.
[WARNING DRT-0122] Layer BPR is skipped for gt2_6t_aoi31_x1_w31_elvt/vdd.
[WARNING DRT-0122] Layer BPR is skipped for gt2_6t_aoi31_x1_w31_elvt/vss.
[WARNING DRT-0122] Layer BPR is skipped for gt2_6t_aoi32_x1_w31_elvt/vdd.
[WARNING DRT-0122] Layer BPR is skipped for gt2_6t_aoi32_x1_w31_elvt/vss.
[WARNING DRT-0122] Layer BPR is skipped for gt2_6t_aoi33_x1_w31_elvt/vdd.
[WARNING DRT-0122] Layer BPR is skipped for gt2_6t_aoi33_x1_w31_elvt/vss.
[WARNING DRT-0122] Layer BPR is skipped for gt2_6t_buf_x1_w31_elvt/vdd.
[WARNING DRT-0122] Layer BPR is skipped for gt2_6t_buf_x1_w31_elvt/vss.
[WARNING DRT-0122] Layer BPR is skipped for gt2_6t_buf_x10_w31_elvt/vdd.
[WARNING DRT-0122] Layer BPR is skipped for gt2_6t_buf_x10_w31_elvt/vss.
[WARNING DRT-0122] Layer BPR is skipped for gt2_6t_buf_x12_w31_elvt/vdd.
[WARNING DRT-0122] Layer BPR is skipped for gt2_6t_buf_x12_w31_elvt/vss.
[WARNING DRT-0122] Layer BPR is skipped for gt2_6t_buf_x2_w31_elvt/vdd.
[WARNING DRT-0122] Layer BPR is skipped for gt2_6t_buf_x2_w31_elvt/vss.
[WARNING DRT-0122] Layer BPR is skipped for gt2_6t_buf_x3_w31_elvt/vdd.
[WARNING DRT-0122] Layer BPR is skipped for gt2_6t_buf_x3_w31_elvt/vss.
[WARNING DRT-0122] Layer BPR is skipped for gt2_6t_buf_x4_w31_elvt/vdd.
[WARNING DRT-0122] Layer BPR is skipped for gt2_6t_buf_x4_w31_elvt/vss.
[WARNING DRT-0122] Layer BPR is skipped for gt2_6t_buf_x6_w31_elvt/vdd.
[WARNING DRT-0122] Layer BPR is skipped for gt2_6t_buf_x6_w31_elvt/vss.
[WARNING DRT-0122] Layer BPR is skipped for gt2_6t_buf_x8_w31_elvt/vdd.
[WARNING DRT-0122] Layer BPR is skipped for gt2_6t_buf_x8_w31_elvt/vss.
[WARNING DRT-0122] Layer BPR is skipped for gt2_6t_decapcc_w31_elvt/vdd.
[WARNING DRT-0122] Layer BPR is skipped for gt2_6t_decapcc_w31_elvt/vss.
[WARNING DRT-0122] Layer BPR is skipped for gt2_6t_dffasync_x1_w31_elvt/vdd.
[WARNING DRT-0122] Layer BPR is skipped for gt2_6t_dffasync_x1_w31_elvt/vss.
[WARNING DRT-0122] Layer BPR is skipped for gt2_6t_dffasync_x1_w31_elvt/vss.
[WARNING DRT-0122] Layer BPR is skipped for gt2_6t_dffasync_x2_w31_elvt/vdd.
[WARNING DRT-0122] Layer BPR is skipped for gt2_6t_dffasync_x2_w31_elvt/vss.
[WARNING DRT-0122] Layer BPR is skipped for gt2_6t_dffasync_x2_w31_elvt/vss.
[WARNING DRT-0122] Layer BPR is skipped for gt2_6t_dffasync_x4_w31_elvt/vdd.
[WARNING DRT-0122] Layer BPR is skipped for gt2_6t_dffasync_x4_w31_elvt/vss.
[WARNING DRT-0122] Layer BPR is skipped for gt2_6t_dffasync_x4_w31_elvt/vss.
[WARNING DRT-0122] Layer BPR is skipped for gt2_6t_filler_w31_elvt/vdd.
[WARNING DRT-0122] Layer BPR is skipped for gt2_6t_filler_w31_elvt/vss.
[WARNING DRT-0122] Layer BPR is skipped for gt2_6t_inv_x1_w31_elvt/vdd.
[WARNING DRT-0122] Layer BPR is skipped for gt2_6t_inv_x1_w31_elvt/vss.
[WARNING DRT-0122] Layer BPR is skipped for gt2_6t_inv_x10_w31_elvt/vdd.
[WARNING DRT-0122] Layer BPR is skipped for gt2_6t_inv_x10_w31_elvt/vss.
[WARNING DRT-0122] Layer BPR is skipped for gt2_6t_inv_x12_w31_elvt/vdd.
[WARNING DRT-0122] Layer BPR is skipped for gt2_6t_inv_x12_w31_elvt/vss.
[WARNING DRT-0122] Layer BPR is skipped for gt2_6t_inv_x2_w31_elvt/vdd.
[WARNING DRT-0122] Layer BPR is skipped for gt2_6t_inv_x2_w31_elvt/vss.
[WARNING DRT-0122] Layer BPR is skipped for gt2_6t_inv_x3_w31_elvt/vdd.
[WARNING DRT-0122] Layer BPR is skipped for gt2_6t_inv_x3_w31_elvt/vss.
[WARNING DRT-0122] Layer BPR is skipped for gt2_6t_inv_x4_w31_elvt/vdd.
[WARNING DRT-0122] Layer BPR is skipped for gt2_6t_inv_x4_w31_elvt/vss.
[WARNING DRT-0122] Layer BPR is skipped for gt2_6t_inv_x6_w31_elvt/vdd.
[WARNING DRT-0122] Layer BPR is skipped for gt2_6t_inv_x6_w31_elvt/vss.
[WARNING DRT-0122] Layer BPR is skipped for gt2_6t_inv_x8_w31_elvt/vdd.
[WARNING DRT-0122] Layer BPR is skipped for gt2_6t_inv_x8_w31_elvt/vss.
[WARNING DRT-0122] Layer BPR is skipped for gt2_6t_mux2_x1_w31_elvt/vdd.
[WARNING DRT-0122] Layer BPR is skipped for gt2_6t_mux2_x1_w31_elvt/vss.
[WARNING DRT-0122] Layer BPR is skipped for gt2_6t_mux2_x1_w31_elvt/vss.
[WARNING DRT-0122] Layer BPR is skipped for gt2_6t_nand2_x1_w31_elvt/vdd.
[WARNING DRT-0122] Layer BPR is skipped for gt2_6t_nand2_x1_w31_elvt/vss.
[WARNING DRT-0122] Layer BPR is skipped for gt2_6t_nand2_x2_w31_elvt/vdd.
[WARNING DRT-0122] Layer BPR is skipped for gt2_6t_nand2_x2_w31_elvt/vss.
[WARNING DRT-0122] Layer BPR is skipped for gt2_6t_nand2_x3_w31_elvt/vdd.
[WARNING DRT-0122] Layer BPR is skipped for gt2_6t_nand2_x3_w31_elvt/vss.
[WARNING DRT-0122] Layer BPR is skipped for gt2_6t_nand2_x4_w31_elvt/vdd.
[WARNING DRT-0122] Layer BPR is skipped for gt2_6t_nand2_x4_w31_elvt/vss.
[WARNING DRT-0122] Layer BPR is skipped for gt2_6t_nand3_x1_w31_elvt/vdd.
[WARNING DRT-0122] Layer BPR is skipped for gt2_6t_nand3_x1_w31_elvt/vss.
[WARNING DRT-0122] Layer BPR is skipped for gt2_6t_nor2_x1_w31_elvt/vdd.
[WARNING DRT-0122] Layer BPR is skipped for gt2_6t_nor2_x1_w31_elvt/vss.
[WARNING DRT-0122] Layer BPR is skipped for gt2_6t_nor2_x2_w31_elvt/vdd.
[WARNING DRT-0122] Layer BPR is skipped for gt2_6t_nor2_x2_w31_elvt/vss.
[WARNING DRT-0122] Layer BPR is skipped for gt2_6t_nor2_x3_w31_elvt/vdd.
[WARNING DRT-0122] Layer BPR is skipped for gt2_6t_nor2_x3_w31_elvt/vss.
[WARNING DRT-0122] Layer BPR is skipped for gt2_6t_nor2_x4_w31_elvt/vdd.
[WARNING DRT-0122] Layer BPR is skipped for gt2_6t_nor2_x4_w31_elvt/vss.
[WARNING DRT-0122] Layer BPR is skipped for gt2_6t_nor3_x1_w31_elvt/vdd.
[WARNING DRT-0122] Layer BPR is skipped for gt2_6t_nor3_x1_w31_elvt/vss.
[WARNING DRT-0122] Layer BPR is skipped for gt2_6t_oa211_x1_w31_elvt/vdd.
[WARNING DRT-0122] Layer BPR is skipped for gt2_6t_oa211_x1_w31_elvt/vss.
[WARNING DRT-0122] Layer BPR is skipped for gt2_6t_oa21_x1_w31_elvt/vdd.
[WARNING DRT-0122] Layer BPR is skipped for gt2_6t_oa21_x1_w31_elvt/vss.
[WARNING DRT-0122] Layer BPR is skipped for gt2_6t_oa22_x1_w31_elvt/vdd.
[WARNING DRT-0122] Layer BPR is skipped for gt2_6t_oa22_x1_w31_elvt/vss.
[WARNING DRT-0122] Layer BPR is skipped for gt2_6t_oa31_x1_w31_elvt/vdd.
[WARNING DRT-0122] Layer BPR is skipped for gt2_6t_oa31_x1_w31_elvt/vss.
[WARNING DRT-0122] Layer BPR is skipped for gt2_6t_oa32_x1_w31_elvt/vdd.
[WARNING DRT-0122] Layer BPR is skipped for gt2_6t_oa32_x1_w31_elvt/vss.
[WARNING DRT-0122] Layer BPR is skipped for gt2_6t_oa33_x1_w31_elvt/vdd.
[WARNING DRT-0122] Layer BPR is skipped for gt2_6t_oa33_x1_w31_elvt/vss.
[WARNING DRT-0122] Layer BPR is skipped for gt2_6t_oai211_x1_w31_elvt/vdd.
[WARNING DRT-0122] Layer BPR is skipped for gt2_6t_oai211_x1_w31_elvt/vss.
[WARNING DRT-0122] Layer BPR is skipped for gt2_6t_oai21_x1_w31_elvt/vdd.
[WARNING DRT-0122] Layer BPR is skipped for gt2_6t_oai21_x1_w31_elvt/vss.
[WARNING DRT-0122] Layer BPR is skipped for gt2_6t_oai22_x1_w31_elvt/vdd.
[WARNING DRT-0122] Layer BPR is skipped for gt2_6t_oai22_x1_w31_elvt/vss.
[WARNING DRT-0122] Layer BPR is skipped for gt2_6t_oai31_x1_w31_elvt/vdd.
[WARNING DRT-0122] Layer BPR is skipped for gt2_6t_oai31_x1_w31_elvt/vss.
[WARNING DRT-0122] Layer BPR is skipped for gt2_6t_oai32_x1_w31_elvt/vdd.
[WARNING DRT-0122] Layer BPR is skipped for gt2_6t_oai32_x1_w31_elvt/vss.
[WARNING DRT-0122] Layer BPR is skipped for gt2_6t_oai33_x1_w31_elvt/vdd.
[WARNING DRT-0122] Layer BPR is skipped for gt2_6t_oai33_x1_w31_elvt/vss.
[WARNING DRT-0122] Layer BPR is skipped for gt2_6t_or2_x1_w31_elvt/vdd.
[WARNING DRT-0122] Layer BPR is skipped for gt2_6t_or2_x1_w31_elvt/vss.
[WARNING DRT-0122] Layer BPR is skipped for gt2_6t_or2_x2_w31_elvt/vdd.
[WARNING DRT-0122] Layer BPR is skipped for gt2_6t_or2_x2_w31_elvt/vss.
[WARNING DRT-0122] Layer BPR is skipped for gt2_6t_or2_x3_w31_elvt/vdd.
[WARNING DRT-0122] Layer BPR is skipped for gt2_6t_or2_x3_w31_elvt/vss.
[WARNING DRT-0122] Layer BPR is skipped for gt2_6t_or2_x4_w31_elvt/vdd.
[WARNING DRT-0122] Layer BPR is skipped for gt2_6t_or2_x4_w31_elvt/vss.
[WARNING DRT-0122] Layer BPR is skipped for gt2_6t_or3_x1_w31_elvt/vdd.
[WARNING DRT-0122] Layer BPR is skipped for gt2_6t_or3_x1_w31_elvt/vss.
[WARNING DRT-0122] Layer BPR is skipped for gt2_6t_tapfspdn_w31_elvt/vdd.
[WARNING DRT-0122] Layer BPR is skipped for gt2_6t_tapfspdn_w31_elvt/vss.
[WARNING DRT-0122] Layer BPR is skipped for gt2_6t_tapbspdn_w31_elvt/vdd.
[WARNING DRT-0122] Layer BPR is skipped for gt2_6t_tapbspdn_w31_elvt/vss.
[WARNING DRT-0122] Layer BPR is skipped for gt2_6t_tiehigh_w31_elvt/vdd.
[WARNING DRT-0122] Layer BPR is skipped for gt2_6t_tiehigh_w31_elvt/vss.
[WARNING DRT-0122] Layer BPR is skipped for gt2_6t_tielow_w31_elvt/vdd.
[WARNING DRT-0122] Layer BPR is skipped for gt2_6t_tielow_w31_elvt/vss.
[WARNING DRT-0122] Layer BPR is skipped for gt2_6t_xnor2_x1_w31_elvt/vdd.
[WARNING DRT-0122] Layer BPR is skipped for gt2_6t_xnor2_x1_w31_elvt/vss.
[WARNING DRT-0122] Layer BPR is skipped for gt2_6t_xor2_x1_w31_elvt/vdd.
[WARNING DRT-0122] Layer BPR is skipped for gt2_6t_xor2_x1_w31_elvt/vss.
[WARNING DRT-0122] Layer BPR is skipped for gt2_6t_and2_x1_w13_lvt/vdd.
[WARNING DRT-0122] Layer BPR is skipped for gt2_6t_and2_x1_w13_lvt/vss.
[WARNING DRT-0122] Layer BPR is skipped for gt2_6t_and2_x2_w13_lvt/vdd.
[WARNING DRT-0122] Layer BPR is skipped for gt2_6t_and2_x2_w13_lvt/vss.
[WARNING DRT-0122] Layer BPR is skipped for gt2_6t_and2_x3_w13_lvt/vdd.
[WARNING DRT-0122] Layer BPR is skipped for gt2_6t_and2_x3_w13_lvt/vss.
[WARNING DRT-0122] Layer BPR is skipped for gt2_6t_and2_x4_w13_lvt/vdd.
[WARNING DRT-0122] Layer BPR is skipped for gt2_6t_and2_x4_w13_lvt/vss.
[WARNING DRT-0122] Layer BPR is skipped for gt2_6t_and3_x1_w13_lvt/vdd.
[WARNING DRT-0122] Layer BPR is skipped for gt2_6t_and3_x1_w13_lvt/vss.
[WARNING DRT-0122] Layer BPR is skipped for gt2_6t_ao211_x1_w13_lvt/vdd.
[WARNING DRT-0122] Layer BPR is skipped for gt2_6t_ao211_x1_w13_lvt/vss.
[WARNING DRT-0122] Layer BPR is skipped for gt2_6t_ao21_x1_w13_lvt/vdd.
[WARNING DRT-0122] Layer BPR is skipped for gt2_6t_ao21_x1_w13_lvt/vss.
[WARNING DRT-0122] Layer BPR is skipped for gt2_6t_ao22_x1_w13_lvt/vdd.
[WARNING DRT-0122] Layer BPR is skipped for gt2_6t_ao22_x1_w13_lvt/vss.
[WARNING DRT-0122] Layer BPR is skipped for gt2_6t_ao31_x1_w13_lvt/vdd.
[WARNING DRT-0122] Layer BPR is skipped for gt2_6t_ao31_x1_w13_lvt/vss.
[WARNING DRT-0122] Layer BPR is skipped for gt2_6t_ao32_x1_w13_lvt/vdd.
[WARNING DRT-0122] Layer BPR is skipped for gt2_6t_ao32_x1_w13_lvt/vss.
[WARNING DRT-0122] Layer BPR is skipped for gt2_6t_ao33_x1_w13_lvt/vdd.
[WARNING DRT-0122] Layer BPR is skipped for gt2_6t_ao33_x1_w13_lvt/vss.
[WARNING DRT-0122] Layer BPR is skipped for gt2_6t_aoi211_x1_w13_lvt/vdd.
[WARNING DRT-0122] Layer BPR is skipped for gt2_6t_aoi211_x1_w13_lvt/vss.
[WARNING DRT-0122] Layer BPR is skipped for gt2_6t_aoi21_x1_w13_lvt/vdd.
[WARNING DRT-0122] Layer BPR is skipped for gt2_6t_aoi21_x1_w13_lvt/vss.
[WARNING DRT-0122] Layer BPR is skipped for gt2_6t_aoi22_x1_w13_lvt/vdd.
[WARNING DRT-0122] Layer BPR is skipped for gt2_6t_aoi22_x1_w13_lvt/vss.
[WARNING DRT-0122] Layer BPR is skipped for gt2_6t_aoi31_x1_w13_lvt/vdd.
[WARNING DRT-0122] Layer BPR is skipped for gt2_6t_aoi31_x1_w13_lvt/vss.
[WARNING DRT-0122] Layer BPR is skipped for gt2_6t_aoi32_x1_w13_lvt/vdd.
[WARNING DRT-0122] Layer BPR is skipped for gt2_6t_aoi32_x1_w13_lvt/vss.
[WARNING DRT-0122] Layer BPR is skipped for gt2_6t_aoi33_x1_w13_lvt/vdd.
[WARNING DRT-0122] Layer BPR is skipped for gt2_6t_aoi33_x1_w13_lvt/vss.
[WARNING DRT-0122] Layer BPR is skipped for gt2_6t_buf_x1_w13_lvt/vdd.
[WARNING DRT-0122] Layer BPR is skipped for gt2_6t_buf_x1_w13_lvt/vss.
[WARNING DRT-0122] Layer BPR is skipped for gt2_6t_buf_x10_w13_lvt/vdd.
[WARNING DRT-0122] Layer BPR is skipped for gt2_6t_buf_x10_w13_lvt/vss.
[WARNING DRT-0122] Layer BPR is skipped for gt2_6t_buf_x12_w13_lvt/vdd.
[WARNING DRT-0122] Layer BPR is skipped for gt2_6t_buf_x12_w13_lvt/vss.
[WARNING DRT-0122] Layer BPR is skipped for gt2_6t_buf_x2_w13_lvt/vdd.
[WARNING DRT-0122] Layer BPR is skipped for gt2_6t_buf_x2_w13_lvt/vss.
[WARNING DRT-0122] Layer BPR is skipped for gt2_6t_buf_x3_w13_lvt/vdd.
[WARNING DRT-0122] Layer BPR is skipped for gt2_6t_buf_x3_w13_lvt/vss.
[WARNING DRT-0122] Layer BPR is skipped for gt2_6t_buf_x4_w13_lvt/vdd.
[WARNING DRT-0122] Layer BPR is skipped for gt2_6t_buf_x4_w13_lvt/vss.
[WARNING DRT-0122] Layer BPR is skipped for gt2_6t_buf_x6_w13_lvt/vdd.
[WARNING DRT-0122] Layer BPR is skipped for gt2_6t_buf_x6_w13_lvt/vss.
[WARNING DRT-0122] Layer BPR is skipped for gt2_6t_buf_x8_w13_lvt/vdd.
[WARNING DRT-0122] Layer BPR is skipped for gt2_6t_buf_x8_w13_lvt/vss.
[WARNING DRT-0122] Layer BPR is skipped for gt2_6t_decapcc_w13_lvt/vdd.
[WARNING DRT-0122] Layer BPR is skipped for gt2_6t_decapcc_w13_lvt/vss.
[WARNING DRT-0122] Layer BPR is skipped for gt2_6t_dffasync_x1_w13_lvt/vdd.
[WARNING DRT-0122] Layer BPR is skipped for gt2_6t_dffasync_x1_w13_lvt/vss.
[WARNING DRT-0122] Layer BPR is skipped for gt2_6t_dffasync_x1_w13_lvt/vss.
[WARNING DRT-0122] Layer BPR is skipped for gt2_6t_dffasync_x2_w13_lvt/vdd.
[WARNING DRT-0122] Layer BPR is skipped for gt2_6t_dffasync_x2_w13_lvt/vss.
[WARNING DRT-0122] Layer BPR is skipped for gt2_6t_dffasync_x2_w13_lvt/vss.
[WARNING DRT-0122] Layer BPR is skipped for gt2_6t_dffasync_x4_w13_lvt/vdd.
[WARNING DRT-0122] Layer BPR is skipped for gt2_6t_dffasync_x4_w13_lvt/vss.
[WARNING DRT-0122] Layer BPR is skipped for gt2_6t_dffasync_x4_w13_lvt/vss.
[WARNING DRT-0122] Layer BPR is skipped for gt2_6t_filler_w13_lvt/vdd.
[WARNING DRT-0122] Layer BPR is skipped for gt2_6t_filler_w13_lvt/vss.
[WARNING DRT-0122] Layer BPR is skipped for gt2_6t_inv_x1_w13_lvt/vdd.
[WARNING DRT-0122] Layer BPR is skipped for gt2_6t_inv_x1_w13_lvt/vss.
[WARNING DRT-0122] Layer BPR is skipped for gt2_6t_inv_x10_w13_lvt/vdd.
[WARNING DRT-0122] Layer BPR is skipped for gt2_6t_inv_x10_w13_lvt/vss.
[WARNING DRT-0122] Layer BPR is skipped for gt2_6t_inv_x12_w13_lvt/vdd.
[WARNING DRT-0122] Layer BPR is skipped for gt2_6t_inv_x12_w13_lvt/vss.
[WARNING DRT-0122] Layer BPR is skipped for gt2_6t_inv_x2_w13_lvt/vdd.
[WARNING DRT-0122] Layer BPR is skipped for gt2_6t_inv_x2_w13_lvt/vss.
[WARNING DRT-0122] Layer BPR is skipped for gt2_6t_inv_x3_w13_lvt/vdd.
[WARNING DRT-0122] Layer BPR is skipped for gt2_6t_inv_x3_w13_lvt/vss.
[WARNING DRT-0122] Layer BPR is skipped for gt2_6t_inv_x4_w13_lvt/vdd.
[WARNING DRT-0122] Layer BPR is skipped for gt2_6t_inv_x4_w13_lvt/vss.
[WARNING DRT-0122] Layer BPR is skipped for gt2_6t_inv_x6_w13_lvt/vdd.
[WARNING DRT-0122] Layer BPR is skipped for gt2_6t_inv_x6_w13_lvt/vss.
[WARNING DRT-0122] Layer BPR is skipped for gt2_6t_inv_x8_w13_lvt/vdd.
[WARNING DRT-0122] Layer BPR is skipped for gt2_6t_inv_x8_w13_lvt/vss.
[WARNING DRT-0122] Layer BPR is skipped for gt2_6t_mux2_x1_w13_lvt/vdd.
[WARNING DRT-0122] Layer BPR is skipped for gt2_6t_mux2_x1_w13_lvt/vss.
[WARNING DRT-0122] Layer BPR is skipped for gt2_6t_mux2_x1_w13_lvt/vss.
[WARNING DRT-0122] Layer BPR is skipped for gt2_6t_nand2_x1_w13_lvt/vdd.
[WARNING DRT-0122] Layer BPR is skipped for gt2_6t_nand2_x1_w13_lvt/vss.
[WARNING DRT-0122] Layer BPR is skipped for gt2_6t_nand2_x2_w13_lvt/vdd.
[WARNING DRT-0122] Layer BPR is skipped for gt2_6t_nand2_x2_w13_lvt/vss.
[WARNING DRT-0122] Layer BPR is skipped for gt2_6t_nand2_x3_w13_lvt/vdd.
[WARNING DRT-0122] Layer BPR is skipped for gt2_6t_nand2_x3_w13_lvt/vss.
[WARNING DRT-0122] Layer BPR is skipped for gt2_6t_nand2_x4_w13_lvt/vdd.
[WARNING DRT-0122] Layer BPR is skipped for gt2_6t_nand2_x4_w13_lvt/vss.
[WARNING DRT-0122] Layer BPR is skipped for gt2_6t_nand3_x1_w13_lvt/vdd.
[WARNING DRT-0122] Layer BPR is skipped for gt2_6t_nand3_x1_w13_lvt/vss.
[WARNING DRT-0122] Layer BPR is skipped for gt2_6t_nor2_x1_w13_lvt/vdd.
[WARNING DRT-0122] Layer BPR is skipped for gt2_6t_nor2_x1_w13_lvt/vss.
[WARNING DRT-0122] Layer BPR is skipped for gt2_6t_nor2_x2_w13_lvt/vdd.
[WARNING DRT-0122] Layer BPR is skipped for gt2_6t_nor2_x2_w13_lvt/vss.
[WARNING DRT-0122] Layer BPR is skipped for gt2_6t_nor2_x3_w13_lvt/vdd.
[WARNING DRT-0122] Layer BPR is skipped for gt2_6t_nor2_x3_w13_lvt/vss.
[WARNING DRT-0122] Layer BPR is skipped for gt2_6t_nor2_x4_w13_lvt/vdd.
[WARNING DRT-0122] Layer BPR is skipped for gt2_6t_nor2_x4_w13_lvt/vss.
[WARNING DRT-0122] Layer BPR is skipped for gt2_6t_nor3_x1_w13_lvt/vdd.
[WARNING DRT-0122] Layer BPR is skipped for gt2_6t_nor3_x1_w13_lvt/vss.
[WARNING DRT-0122] Layer BPR is skipped for gt2_6t_oa211_x1_w13_lvt/vdd.
[WARNING DRT-0122] Layer BPR is skipped for gt2_6t_oa211_x1_w13_lvt/vss.
[WARNING DRT-0122] Layer BPR is skipped for gt2_6t_oa21_x1_w13_lvt/vdd.
[WARNING DRT-0122] Layer BPR is skipped for gt2_6t_oa21_x1_w13_lvt/vss.
[WARNING DRT-0122] Layer BPR is skipped for gt2_6t_oa22_x1_w13_lvt/vdd.
[WARNING DRT-0122] Layer BPR is skipped for gt2_6t_oa22_x1_w13_lvt/vss.
[WARNING DRT-0122] Layer BPR is skipped for gt2_6t_oa31_x1_w13_lvt/vdd.
[WARNING DRT-0122] Layer BPR is skipped for gt2_6t_oa31_x1_w13_lvt/vss.
[WARNING DRT-0122] Layer BPR is skipped for gt2_6t_oa32_x1_w13_lvt/vdd.
[WARNING DRT-0122] Layer BPR is skipped for gt2_6t_oa32_x1_w13_lvt/vss.
[WARNING DRT-0122] Layer BPR is skipped for gt2_6t_oa33_x1_w13_lvt/vdd.
[WARNING DRT-0122] Layer BPR is skipped for gt2_6t_oa33_x1_w13_lvt/vss.
[WARNING DRT-0122] Layer BPR is skipped for gt2_6t_oai211_x1_w13_lvt/vdd.
[WARNING DRT-0122] Layer BPR is skipped for gt2_6t_oai211_x1_w13_lvt/vss.
[WARNING DRT-0122] Layer BPR is skipped for gt2_6t_oai21_x1_w13_lvt/vdd.
[WARNING DRT-0122] Layer BPR is skipped for gt2_6t_oai21_x1_w13_lvt/vss.
[WARNING DRT-0122] Layer BPR is skipped for gt2_6t_oai22_x1_w13_lvt/vdd.
[WARNING DRT-0122] Layer BPR is skipped for gt2_6t_oai22_x1_w13_lvt/vss.
[WARNING DRT-0122] Layer BPR is skipped for gt2_6t_oai31_x1_w13_lvt/vdd.
[WARNING DRT-0122] Layer BPR is skipped for gt2_6t_oai31_x1_w13_lvt/vss.
[WARNING DRT-0122] Layer BPR is skipped for gt2_6t_oai32_x1_w13_lvt/vdd.
[WARNING DRT-0122] Layer BPR is skipped for gt2_6t_oai32_x1_w13_lvt/vss.
[WARNING DRT-0122] Layer BPR is skipped for gt2_6t_oai33_x1_w13_lvt/vdd.
[WARNING DRT-0122] Layer BPR is skipped for gt2_6t_oai33_x1_w13_lvt/vss.
[WARNING DRT-0122] Layer BPR is skipped for gt2_6t_or2_x1_w13_lvt/vdd.
[WARNING DRT-0122] Layer BPR is skipped for gt2_6t_or2_x1_w13_lvt/vss.
[WARNING DRT-0122] Layer BPR is skipped for gt2_6t_or2_x2_w13_lvt/vdd.
[WARNING DRT-0122] Layer BPR is skipped for gt2_6t_or2_x2_w13_lvt/vss.
[WARNING DRT-0122] Layer BPR is skipped for gt2_6t_or2_x3_w13_lvt/vdd.
[WARNING DRT-0122] Layer BPR is skipped for gt2_6t_or2_x3_w13_lvt/vss.
[WARNING DRT-0122] Layer BPR is skipped for gt2_6t_or2_x4_w13_lvt/vdd.
[WARNING DRT-0122] Layer BPR is skipped for gt2_6t_or2_x4_w13_lvt/vss.
[WARNING DRT-0122] Layer BPR is skipped for gt2_6t_or3_x1_w13_lvt/vdd.
[WARNING DRT-0122] Layer BPR is skipped for gt2_6t_or3_x1_w13_lvt/vss.
[WARNING DRT-0122] Layer BPR is skipped for gt2_6t_tapfspdn_w13_lvt/vdd.
[WARNING DRT-0122] Layer BPR is skipped for gt2_6t_tapfspdn_w13_lvt/vss.
[WARNING DRT-0122] Layer BPR is skipped for gt2_6t_tapbspdn_w13_lvt/vdd.
[WARNING DRT-0122] Layer BPR is skipped for gt2_6t_tapbspdn_w13_lvt/vss.
[WARNING DRT-0122] Layer BPR is skipped for gt2_6t_tiehigh_w13_lvt/vdd.
[WARNING DRT-0122] Layer BPR is skipped for gt2_6t_tiehigh_w13_lvt/vss.
[WARNING DRT-0122] Layer BPR is skipped for gt2_6t_tielow_w13_lvt/vdd.
[WARNING DRT-0122] Layer BPR is skipped for gt2_6t_tielow_w13_lvt/vss.
[WARNING DRT-0122] Layer BPR is skipped for gt2_6t_xnor2_x1_w13_lvt/vdd.
[WARNING DRT-0122] Layer BPR is skipped for gt2_6t_xnor2_x1_w13_lvt/vss.
[WARNING DRT-0122] Layer BPR is skipped for gt2_6t_xor2_x1_w13_lvt/vdd.
[WARNING DRT-0122] Layer BPR is skipped for gt2_6t_xor2_x1_w13_lvt/vss.
[WARNING DRT-0122] Layer BPR is skipped for gt2_6t_and2_x1_w13_hvt/vdd.
[WARNING DRT-0122] Layer BPR is skipped for gt2_6t_and2_x1_w13_hvt/vss.
[WARNING DRT-0122] Layer BPR is skipped for gt2_6t_and2_x2_w13_hvt/vdd.
[WARNING DRT-0122] Layer BPR is skipped for gt2_6t_and2_x2_w13_hvt/vss.
[WARNING DRT-0122] Layer BPR is skipped for gt2_6t_and2_x3_w13_hvt/vdd.
[WARNING DRT-0122] Layer BPR is skipped for gt2_6t_and2_x3_w13_hvt/vss.
[WARNING DRT-0122] Layer BPR is skipped for gt2_6t_and2_x4_w13_hvt/vdd.
[WARNING DRT-0122] Layer BPR is skipped for gt2_6t_and2_x4_w13_hvt/vss.
[WARNING DRT-0122] Layer BPR is skipped for gt2_6t_and3_x1_w13_hvt/vdd.
[WARNING DRT-0122] Layer BPR is skipped for gt2_6t_and3_x1_w13_hvt/vss.
[WARNING DRT-0122] Layer BPR is skipped for gt2_6t_ao211_x1_w13_hvt/vdd.
[WARNING DRT-0122] Layer BPR is skipped for gt2_6t_ao211_x1_w13_hvt/vss.
[WARNING DRT-0122] Layer BPR is skipped for gt2_6t_ao21_x1_w13_hvt/vdd.
[WARNING DRT-0122] Layer BPR is skipped for gt2_6t_ao21_x1_w13_hvt/vss.
[WARNING DRT-0122] Layer BPR is skipped for gt2_6t_ao22_x1_w13_hvt/vdd.
[WARNING DRT-0122] Layer BPR is skipped for gt2_6t_ao22_x1_w13_hvt/vss.
[WARNING DRT-0122] Layer BPR is skipped for gt2_6t_ao31_x1_w13_hvt/vdd.
[WARNING DRT-0122] Layer BPR is skipped for gt2_6t_ao31_x1_w13_hvt/vss.
[WARNING DRT-0122] Layer BPR is skipped for gt2_6t_ao32_x1_w13_hvt/vdd.
[WARNING DRT-0122] Layer BPR is skipped for gt2_6t_ao32_x1_w13_hvt/vss.
[WARNING DRT-0122] Layer BPR is skipped for gt2_6t_ao33_x1_w13_hvt/vdd.
[WARNING DRT-0122] Layer BPR is skipped for gt2_6t_ao33_x1_w13_hvt/vss.
[WARNING DRT-0122] Layer BPR is skipped for gt2_6t_aoi211_x1_w13_hvt/vdd.
[WARNING DRT-0122] Layer BPR is skipped for gt2_6t_aoi211_x1_w13_hvt/vss.
[WARNING DRT-0122] Layer BPR is skipped for gt2_6t_aoi21_x1_w13_hvt/vdd.
[WARNING DRT-0122] Layer BPR is skipped for gt2_6t_aoi21_x1_w13_hvt/vss.
[WARNING DRT-0122] Layer BPR is skipped for gt2_6t_aoi22_x1_w13_hvt/vdd.
[WARNING DRT-0122] Layer BPR is skipped for gt2_6t_aoi22_x1_w13_hvt/vss.
[WARNING DRT-0122] Layer BPR is skipped for gt2_6t_aoi31_x1_w13_hvt/vdd.
[WARNING DRT-0122] Layer BPR is skipped for gt2_6t_aoi31_x1_w13_hvt/vss.
[WARNING DRT-0122] Layer BPR is skipped for gt2_6t_aoi32_x1_w13_hvt/vdd.
[WARNING DRT-0122] Layer BPR is skipped for gt2_6t_aoi32_x1_w13_hvt/vss.
[WARNING DRT-0122] Layer BPR is skipped for gt2_6t_aoi33_x1_w13_hvt/vdd.
[WARNING DRT-0122] Layer BPR is skipped for gt2_6t_aoi33_x1_w13_hvt/vss.
[WARNING DRT-0122] Layer BPR is skipped for gt2_6t_buf_x1_w13_hvt/vdd.
[WARNING DRT-0122] Layer BPR is skipped for gt2_6t_buf_x1_w13_hvt/vss.
[WARNING DRT-0122] Layer BPR is skipped for gt2_6t_buf_x10_w13_hvt/vdd.
[WARNING DRT-0122] Layer BPR is skipped for gt2_6t_buf_x10_w13_hvt/vss.
[WARNING DRT-0122] Layer BPR is skipped for gt2_6t_buf_x12_w13_hvt/vdd.
[WARNING DRT-0122] Layer BPR is skipped for gt2_6t_buf_x12_w13_hvt/vss.
[WARNING DRT-0122] Layer BPR is skipped for gt2_6t_buf_x2_w13_hvt/vdd.
[WARNING DRT-0122] Layer BPR is skipped for gt2_6t_buf_x2_w13_hvt/vss.
[WARNING DRT-0122] Layer BPR is skipped for gt2_6t_buf_x3_w13_hvt/vdd.
[WARNING DRT-0122] Layer BPR is skipped for gt2_6t_buf_x3_w13_hvt/vss.
[WARNING DRT-0122] Layer BPR is skipped for gt2_6t_buf_x4_w13_hvt/vdd.
[WARNING DRT-0122] Layer BPR is skipped for gt2_6t_buf_x4_w13_hvt/vss.
[WARNING DRT-0122] Layer BPR is skipped for gt2_6t_buf_x6_w13_hvt/vdd.
[WARNING DRT-0122] Layer BPR is skipped for gt2_6t_buf_x6_w13_hvt/vss.
[WARNING DRT-0122] Layer BPR is skipped for gt2_6t_buf_x8_w13_hvt/vdd.
[WARNING DRT-0122] Layer BPR is skipped for gt2_6t_buf_x8_w13_hvt/vss.
[WARNING DRT-0122] Layer BPR is skipped for gt2_6t_decapcc_w13_hvt/vdd.
[WARNING DRT-0122] Layer BPR is skipped for gt2_6t_decapcc_w13_hvt/vss.
[WARNING DRT-0122] Layer BPR is skipped for gt2_6t_dffasync_x1_w13_hvt/vdd.
[WARNING DRT-0122] Layer BPR is skipped for gt2_6t_dffasync_x1_w13_hvt/vss.
[WARNING DRT-0122] Layer BPR is skipped for gt2_6t_dffasync_x1_w13_hvt/vss.
[WARNING DRT-0122] Layer BPR is skipped for gt2_6t_dffasync_x2_w13_hvt/vdd.
[WARNING DRT-0122] Layer BPR is skipped for gt2_6t_dffasync_x2_w13_hvt/vss.
[WARNING DRT-0122] Layer BPR is skipped for gt2_6t_dffasync_x2_w13_hvt/vss.
[WARNING DRT-0122] Layer BPR is skipped for gt2_6t_dffasync_x4_w13_hvt/vdd.
[WARNING DRT-0122] Layer BPR is skipped for gt2_6t_dffasync_x4_w13_hvt/vss.
[WARNING DRT-0122] Layer BPR is skipped for gt2_6t_dffasync_x4_w13_hvt/vss.
[WARNING DRT-0122] Layer BPR is skipped for gt2_6t_filler_w13_hvt/vdd.
[WARNING DRT-0122] Layer BPR is skipped for gt2_6t_filler_w13_hvt/vss.
[WARNING DRT-0122] Layer BPR is skipped for gt2_6t_inv_x1_w13_hvt/vdd.
[WARNING DRT-0122] Layer BPR is skipped for gt2_6t_inv_x1_w13_hvt/vss.
[WARNING DRT-0122] Layer BPR is skipped for gt2_6t_inv_x10_w13_hvt/vdd.
[WARNING DRT-0122] Layer BPR is skipped for gt2_6t_inv_x10_w13_hvt/vss.
[WARNING DRT-0122] Layer BPR is skipped for gt2_6t_inv_x12_w13_hvt/vdd.
[WARNING DRT-0122] Layer BPR is skipped for gt2_6t_inv_x12_w13_hvt/vss.
[WARNING DRT-0122] Layer BPR is skipped for gt2_6t_inv_x2_w13_hvt/vdd.
[WARNING DRT-0122] Layer BPR is skipped for gt2_6t_inv_x2_w13_hvt/vss.
[WARNING DRT-0122] Layer BPR is skipped for gt2_6t_inv_x3_w13_hvt/vdd.
[WARNING DRT-0122] Layer BPR is skipped for gt2_6t_inv_x3_w13_hvt/vss.
[WARNING DRT-0122] Layer BPR is skipped for gt2_6t_inv_x4_w13_hvt/vdd.
[WARNING DRT-0122] Layer BPR is skipped for gt2_6t_inv_x4_w13_hvt/vss.
[WARNING DRT-0122] Layer BPR is skipped for gt2_6t_inv_x6_w13_hvt/vdd.
[WARNING DRT-0122] Layer BPR is skipped for gt2_6t_inv_x6_w13_hvt/vss.
[WARNING DRT-0122] Layer BPR is skipped for gt2_6t_inv_x8_w13_hvt/vdd.
[WARNING DRT-0122] Layer BPR is skipped for gt2_6t_inv_x8_w13_hvt/vss.
[WARNING DRT-0122] Layer BPR is skipped for gt2_6t_mux2_x1_w13_hvt/vdd.
[WARNING DRT-0122] Layer BPR is skipped for gt2_6t_mux2_x1_w13_hvt/vss.
[WARNING DRT-0122] Layer BPR is skipped for gt2_6t_mux2_x1_w13_hvt/vss.
[WARNING DRT-0122] Layer BPR is skipped for gt2_6t_nand2_x1_w13_hvt/vdd.
[WARNING DRT-0122] Layer BPR is skipped for gt2_6t_nand2_x1_w13_hvt/vss.
[WARNING DRT-0122] Layer BPR is skipped for gt2_6t_nand2_x2_w13_hvt/vdd.
[WARNING DRT-0122] Layer BPR is skipped for gt2_6t_nand2_x2_w13_hvt/vss.
[WARNING DRT-0122] Layer BPR is skipped for gt2_6t_nand2_x3_w13_hvt/vdd.
[WARNING DRT-0122] Layer BPR is skipped for gt2_6t_nand2_x3_w13_hvt/vss.
[WARNING DRT-0122] Layer BPR is skipped for gt2_6t_nand2_x4_w13_hvt/vdd.
[WARNING DRT-0122] Layer BPR is skipped for gt2_6t_nand2_x4_w13_hvt/vss.
[WARNING DRT-0122] Layer BPR is skipped for gt2_6t_nand3_x1_w13_hvt/vdd.
[WARNING DRT-0122] Layer BPR is skipped for gt2_6t_nand3_x1_w13_hvt/vss.
[WARNING DRT-0122] Layer BPR is skipped for gt2_6t_nor2_x1_w13_hvt/vdd.
[WARNING DRT-0122] Layer BPR is skipped for gt2_6t_nor2_x1_w13_hvt/vss.
[WARNING DRT-0122] Layer BPR is skipped for gt2_6t_nor2_x2_w13_hvt/vdd.
[WARNING DRT-0122] Layer BPR is skipped for gt2_6t_nor2_x2_w13_hvt/vss.
[WARNING DRT-0122] Layer BPR is skipped for gt2_6t_nor2_x3_w13_hvt/vdd.
[WARNING DRT-0122] Layer BPR is skipped for gt2_6t_nor2_x3_w13_hvt/vss.
[WARNING DRT-0122] Layer BPR is skipped for gt2_6t_nor2_x4_w13_hvt/vdd.
[WARNING DRT-0122] Layer BPR is skipped for gt2_6t_nor2_x4_w13_hvt/vss.
[WARNING DRT-0122] Layer BPR is skipped for gt2_6t_nor3_x1_w13_hvt/vdd.
[WARNING DRT-0122] Layer BPR is skipped for gt2_6t_nor3_x1_w13_hvt/vss.
[WARNING DRT-0122] Layer BPR is skipped for gt2_6t_oa211_x1_w13_hvt/vdd.
[WARNING DRT-0122] Layer BPR is skipped for gt2_6t_oa211_x1_w13_hvt/vss.
[WARNING DRT-0122] Layer BPR is skipped for gt2_6t_oa21_x1_w13_hvt/vdd.
[WARNING DRT-0122] Layer BPR is skipped for gt2_6t_oa21_x1_w13_hvt/vss.
[WARNING DRT-0122] Layer BPR is skipped for gt2_6t_oa22_x1_w13_hvt/vdd.
[WARNING DRT-0122] Layer BPR is skipped for gt2_6t_oa22_x1_w13_hvt/vss.
[WARNING DRT-0122] Layer BPR is skipped for gt2_6t_oa31_x1_w13_hvt/vdd.
[WARNING DRT-0122] Layer BPR is skipped for gt2_6t_oa31_x1_w13_hvt/vss.
[WARNING DRT-0122] Layer BPR is skipped for gt2_6t_oa32_x1_w13_hvt/vdd.
[WARNING DRT-0122] Layer BPR is skipped for gt2_6t_oa32_x1_w13_hvt/vss.
[WARNING DRT-0122] message limit (1000) reached. This message will no longer print.

Units:                2000
Number of layers:     31
Number of macros:     720
Number of vias:       14
Number of viarulegen: 14

[INFO DRT-0150] Reading design.

Design:                   gcd
Die area:                 ( 0 0 ) ( 17763 17763 )
Number of track patterns: 30
Number of DEF vias:       0
Number of components:     713
Number of terminals:      56
Number of snets:          2
Number of nets:           554

[INFO DRT-0167] List of default vias:
  Layer V2
    default via: V2_0
  Layer V3
    default via: V3_0
  Layer V4
    default via: V4_0
  Layer V5
    default via: V5_0
  Layer V6
    default via: V6_0
  Layer V7
    default via: V7_0
  Layer V8
    default via: V8_0
  Layer V9
    default via: V9_0
  Layer V10
    default via: V10_0
  Layer V11
    default via: V11_0
  Layer V12
    default via: V12_0
  Layer V13
    default via: V13_0
[INFO DRT-0162] Library cell analysis.
[INFO DRT-0163] Instance analysis.
[INFO DRT-0164] Number of unique instances = 213.
[INFO DRT-0168] Init region query.
[INFO DRT-0024]   Complete SDCON.
[INFO DRT-0024]   Complete VSD.
[INFO DRT-0024]   Complete M0.
[INFO DRT-0024]   Complete V0.
[INFO DRT-0024]   Complete M1.
[INFO DRT-0024]   Complete V1.
[INFO DRT-0024]   Complete M2.
[INFO DRT-0024]   Complete V2.
[INFO DRT-0024]   Complete M3.
[INFO DRT-0024]   Complete V3.
[INFO DRT-0024]   Complete M4.
[INFO DRT-0024]   Complete V4.
[INFO DRT-0024]   Complete M5.
[INFO DRT-0024]   Complete V5.
[INFO DRT-0024]   Complete M6.
[INFO DRT-0024]   Complete V6.
[INFO DRT-0024]   Complete M7.
[INFO DRT-0024]   Complete V7.
[INFO DRT-0024]   Complete M8.
[INFO DRT-0024]   Complete V8.
[INFO DRT-0024]   Complete M9.
[INFO DRT-0024]   Complete V9.
[INFO DRT-0024]   Complete M10.
[INFO DRT-0024]   Complete V10.
[INFO DRT-0024]   Complete M11.
[INFO DRT-0024]   Complete V11.
[INFO DRT-0024]   Complete M12.
[INFO DRT-0024]   Complete V12.
[INFO DRT-0024]   Complete M13.
[INFO DRT-0024]   Complete V13.
[INFO DRT-0024]   Complete RDL.
[INFO DRT-0033] SDCON shape region query size = 0.
[INFO DRT-0033] VSD shape region query size = 0.
[INFO DRT-0033] M0 shape region query size = 3871.
[INFO DRT-0033] V0 shape region query size = 0.
[INFO DRT-0033] M1 shape region query size = 2519.
[INFO DRT-0033] V1 shape region query size = 0.
[INFO DRT-0033] M2 shape region query size = 32.
[INFO DRT-0033] V2 shape region query size = 0.
[INFO DRT-0033] M3 shape region query size = 22.
[INFO DRT-0033] V3 shape region query size = 0.
[INFO DRT-0033] M4 shape region query size = 0.
[INFO DRT-0033] V4 shape region query size = 0.
[INFO DRT-0033] M5 shape region query size = 0.
[INFO DRT-0033] V5 shape region query size = 0.
[INFO DRT-0033] M6 shape region query size = 0.
[INFO DRT-0033] V6 shape region query size = 0.
[INFO DRT-0033] M7 shape region query size = 0.
[INFO DRT-0033] V7 shape region query size = 0.
[INFO DRT-0033] M8 shape region query size = 0.
[INFO DRT-0033] V8 shape region query size = 0.
[INFO DRT-0033] M9 shape region query size = 0.
[INFO DRT-0033] V9 shape region query size = 0.
[INFO DRT-0033] M10 shape region query size = 0.
[INFO DRT-0033] V10 shape region query size = 0.
[INFO DRT-0033] M11 shape region query size = 0.
[INFO DRT-0033] V11 shape region query size = 0.
[INFO DRT-0033] M12 shape region query size = 0.
[INFO DRT-0033] V12 shape region query size = 0.
[INFO DRT-0033] M13 shape region query size = 0.
[INFO DRT-0033] V13 shape region query size = 0.
[INFO DRT-0033] RDL shape region query size = 0.
[INFO DRT-0165] Start pin access.
[INFO DRT-0076]   Complete 1000 pins.
[INFO DRT-0078]   Complete 1169 pins.
[INFO DRT-0079]   Complete 100 unique inst patterns.
[INFO DRT-0079]   Complete 200 unique inst patterns.
[INFO DRT-0081]   Complete 213 unique inst patterns.
[INFO DRT-0084]   Complete 368 groups.
#scanned instances     = 713
#unique  instances     = 213
#stdCellGenAp          = 6408
#stdCellValidPlanarAp  = 2948
#stdCellValidViaAp     = 3706
#stdCellPinNoAp        = 0
#stdCellPinCnt         = 1621
#instTermValidViaApCnt = 0
#macroGenAp            = 0
#macroValidPlanarAp    = 0
#macroValidViaAp       = 0
#macroNoAp             = 0
[INFO DRT-0166] Complete pin access.
[INFO DRT-0267] cpu time = 00:00:12, elapsed time = 00:00:06, memory = 112.39 (MB), peak = 111.77 (MB)
Took 7 seconds: pin_access
global_route -congestion_report_file /w/experiments/outputs/orfs/gt2n/gcd/base/reports/gt2n/gcd/base/congestion.rpt -congestion_iterations 30 -congestion_report_iter_step 5 -verbose
[INFO GRT-0020] Min routing layer: M2
[INFO GRT-0021] Max routing layer: M5
[INFO GRT-0022] Global adjustment: 0%
[INFO GRT-0023] Grid origin: (0, 0)
[INFO GRT-0088] Layer BRDL    Track-Pitch = 3.2000  line-2-Via Pitch: 2.7800
[INFO GRT-0088] Layer BM4     Track-Pitch = 0.7200  line-2-Via Pitch: 0.7200
[INFO GRT-0088] Layer BM3     Track-Pitch = 0.7200  line-2-Via Pitch: 0.7200
[INFO GRT-0088] Layer BM2     Track-Pitch = 0.1120  line-2-Via Pitch: 0.1240
[INFO GRT-0088] Layer BM1     Track-Pitch = 0.1120  line-2-Via Pitch: 0.1120
[INFO GRT-0088] Layer BPR     Track-Pitch = 0.1440  line-2-Via Pitch: 0.1440
[INFO GRT-0088] Layer M0      Track-Pitch = 0.0240  line-2-Via Pitch: 0.0240
[INFO GRT-0088] Layer M1      Track-Pitch = 0.0280  line-2-Via Pitch: 0.0280
[INFO GRT-0088] Layer M2      Track-Pitch = 0.0240  line-2-Via Pitch: 0.0240
[INFO GRT-0088] Layer M3      Track-Pitch = 0.0280  line-2-Via Pitch: 0.0280
[INFO GRT-0088] Layer M4      Track-Pitch = 0.0420  line-2-Via Pitch: 0.0420
[INFO GRT-0088] Layer M5      Track-Pitch = 0.0420  line-2-Via Pitch: 0.0420
[INFO GRT-0003] Macros: 0
[INFO GRT-0004] Blockages: 0
[INFO GRT-0019] Found 6 clock nets.
[INFO GRT-0001] Minimum degree: 2
[INFO GRT-0002] Maximum degree: 51

[INFO GRT-0053] Routing resources analysis:
          Routing      Original      Derated      Resource
Layer     Direction    Resources     Resources    Reduction (%)
---------------------------------------------------------------
BRDL       Vertical            0             0          0.00%
BM4        Horizontal          0             0          0.00%
BM3        Vertical            0             0          0.00%
BM2        Horizontal          0             0          0.00%
BM1        Vertical            0             0          0.00%
BPR        Horizontal          0             0          0.00%
M0         Horizontal          0             0          0.00%
M1         Vertical            0             0          0.00%
M2         Horizontal       7380          3580          51.49%
M3         Vertical         6320          2960          53.16%
M4         Horizontal       4220          2960          29.86%
M5         Vertical         4220          2960          29.86%
---------------------------------------------------------------

[INFO GRT-0197] Via related to pin nodes: 2526
[INFO GRT-0198] Via related Steiner nodes: 44
[INFO GRT-0199] Via filling finished.
[INFO GRT-0111] Final number of vias: 3116
[INFO GRT-0112] Final usage 3D: 11063

[INFO GRT-0096] Final congestion report:
Layer         Resource        Demand        Usage (%)    Max H / Max V / Total Congestion
---------------------------------------------------------------------------------------
BRDL                 0             0            0.00%             0 /  0 /  0
BM4                  0             0            0.00%             0 /  0 /  0
BM3                  0             0            0.00%             0 /  0 /  0
BM2                  0             0            0.00%             0 /  0 /  0
BM1                  0             0            0.00%             0 /  0 /  0
BPR                  0             0            0.00%             0 /  0 /  0
M0                   0             0            0.00%             0 /  0 /  0
M1                   0             0            0.00%             0 /  0 /  0
M2                3580           837           23.38%             0 /  0 /  0
M3                2960           815           27.53%             0 /  0 /  0
M4                2960            54            1.82%             0 /  0 /  0
M5                2960             9            0.30%             0 /  0 /  0
---------------------------------------------------------------------------------------
Total            12460          1715           13.76%             0 /  0 /  0

[INFO GRT-0018] Total wirelength: 1126 um
[INFO GRT-0014] Routed nets: 554
[INFO GRT-0303] Global routing runtime = 00:00:00
estimate_parasitics -global_routing
Perform buffer insertion and gate resizing...
repair_design -verbose
Iteration |   Area    | Resized | Buffers | Nets repaired | Remaining
---------------------------------------------------------------------
        0 |     +0.0% |       0 |       0 |             0 |       557
       10 |     +0.0% |       0 |       0 |             0 |       547
       20 |     +0.0% |       0 |       0 |             0 |       537
       30 |     +0.0% |       0 |       0 |             0 |       527
       40 |     +0.0% |       0 |       0 |             0 |       517
       50 |     +0.0% |       0 |       0 |             0 |       507
       60 |     +0.0% |       0 |       0 |             0 |       497
       70 |     +0.0% |       0 |       0 |             0 |       487
       80 |     +0.0% |       0 |       0 |             0 |       477
       90 |     +0.0% |       0 |       0 |             0 |       467
      100 |     +0.0% |       0 |       0 |             0 |       457
      110 |     +0.0% |       0 |       0 |             0 |       447
      120 |     +0.0% |       0 |       0 |             0 |       437
      130 |     +0.0% |       0 |       0 |             0 |       427
      140 |     +0.0% |       0 |       0 |             0 |       417
      150 |     +0.0% |       0 |       0 |             0 |       407
      160 |     +0.0% |       0 |       0 |             0 |       397
      170 |     +0.0% |       0 |       0 |             0 |       387
      180 |     +0.0% |       0 |       0 |             0 |       377
      190 |     +0.0% |       0 |       0 |             0 |       367
      200 |     +0.0% |       0 |       0 |             0 |       357
      210 |     +0.0% |       0 |       0 |             0 |       347
      220 |     +0.0% |       0 |       0 |             0 |       337
      230 |     +0.0% |       0 |       0 |             0 |       327
      240 |     +0.0% |       0 |       0 |             0 |       317
      250 |     +0.0% |       0 |       0 |             0 |       307
      260 |     +0.0% |       0 |       0 |             0 |       297
      270 |     +0.0% |       0 |       0 |             0 |       287
      280 |     +0.0% |       0 |       0 |             0 |       277
      290 |     +0.0% |       0 |       0 |             0 |       267
      300 |     +0.0% |       0 |       0 |             0 |       257
      310 |     +0.0% |       0 |       0 |             0 |       247
      320 |     +0.0% |       0 |       0 |             0 |       237
      330 |     +0.0% |       0 |       0 |             0 |       227
      340 |     +0.0% |       0 |       0 |             0 |       217
      350 |     +0.0% |       0 |       0 |             0 |       207
      360 |     +0.0% |       0 |       0 |             0 |       197
      370 |     +0.0% |       0 |       0 |             0 |       187
      380 |     +0.0% |       0 |       0 |             0 |       177
      390 |     +0.0% |       0 |       0 |             0 |       167
      400 |     +0.0% |       0 |       0 |             0 |       157
      410 |     +0.0% |       0 |       0 |             0 |       147
      420 |     +0.0% |       0 |       0 |             0 |       137
      430 |     +0.0% |       0 |       0 |             0 |       127
      440 |     +0.0% |       0 |       0 |             0 |       117
      450 |     +0.0% |       0 |       0 |             0 |       107
      460 |     +0.0% |       0 |       0 |             0 |        97
      470 |     +0.0% |       0 |       0 |             0 |        87
      480 |     +0.0% |       0 |       0 |             0 |        77
      490 |     +0.0% |       0 |       0 |             0 |        67
      500 |     +0.0% |       0 |       0 |             0 |        57
      510 |     +0.0% |       0 |       0 |             0 |        47
      520 |     +0.0% |       0 |       0 |             0 |        37
      530 |     +0.0% |       0 |       0 |             0 |        27
      540 |     +0.0% |       0 |       0 |             0 |        17
      550 |     +0.0% |       0 |       0 |             0 |         7
    final |     +0.0% |       0 |       0 |             0 |         0
---------------------------------------------------------------------
[INFO RSZ-0504] Runtime: 0.04s
global_route -start_incremental
detailed_placement
[INFO DPL-0006] Core area: 61.07 um^2
[INFO DPL-0007] Movable instances area: 17.60 um^2
[INFO DPL-0008] Fixed instances area within core: 1.16 um^2
[INFO DPL-0009] Utilization: 30.7%
[INFO DPL-0005] Diamond search max displacement: +/- 500 sites horizontally, +/- 100 rows vertically.
[INFO DPL-1102] Legalizing using negotiation legalizer.
[INFO DPL-1103] Negotiation base search window: +/-20 sites horizontally, +/-5 rows vertically 
	Automatic search window extension enabled.
	Search window extendable up to the max displacement cap of +/-500 sites, +/-100 rows near walls.
[INFO DPL-1104] NegotiationLegalizer DRC penalty: 5.
[INFO DPL-0392] Negotiation cell height distribution (2 unique row-count(s)):
[INFO DPL-0393]   height 1 row(s): 678 cells
[INFO DPL-0393]   height 2 row(s): 35 cells
[INFO DPL-0500] Runtime: 0.00s
Placement Analysis
---------------------------------
total displacement          0.0 u
average displacement        0.0 u
max displacement            0.0 u
original HPWL             558.0 u
legalized HPWL            558.0 u
delta HPWL                    0 %

global_route -end_incremental -congestion_report_file /w/experiments/outputs/orfs/gt2n/gcd/base/reports/gt2n/gcd/base/congestion_post_repair_design.rpt
Repair setup and hold violations...
estimate_parasitics -global_routing
repair_timing -setup_margin 0 -hold_margin 0 -repair_tns 100 -verbose
[INFO RSZ-0100] Repair move sequence: UnbufferMove SizeUpMove SwapPinsMove BufferMove CloneMove SplitLoadMove 
[INFO RSZ-0098] No setup violations found
[INFO RSZ-0505] Runtime: 0.03s
[INFO RSZ-0033] No hold violations found.
[INFO RSZ-0506] Runtime: 0.01s
global_route -start_incremental
detailed_placement
[INFO DPL-0006] Core area: 61.07 um^2
[INFO DPL-0007] Movable instances area: 17.60 um^2
[INFO DPL-0008] Fixed instances area within core: 1.16 um^2
[INFO DPL-0009] Utilization: 30.7%
[INFO DPL-0005] Diamond search max displacement: +/- 500 sites horizontally, +/- 100 rows vertically.
[INFO DPL-1102] Legalizing using negotiation legalizer.
[INFO DPL-1103] Negotiation base search window: +/-20 sites horizontally, +/-5 rows vertically 
	Automatic search window extension enabled.
	Search window extendable up to the max displacement cap of +/-500 sites, +/-100 rows near walls.
[INFO DPL-1104] NegotiationLegalizer DRC penalty: 5.
[INFO DPL-0392] Negotiation cell height distribution (2 unique row-count(s)):
[INFO DPL-0393]   height 1 row(s): 678 cells
[INFO DPL-0393]   height 2 row(s): 35 cells
[INFO DPL-0500] Runtime: 0.00s
Placement Analysis
---------------------------------
total displacement          0.0 u
average displacement        0.0 u
max displacement            0.0 u
original HPWL             558.0 u
legalized HPWL            558.0 u
delta HPWL                    0 %

check_placement -verbose
global_route -end_incremental -congestion_report_file /w/experiments/outputs/orfs/gt2n/gcd/base/reports/gt2n/gcd/base/congestion_post_repair_timing.rpt
estimate_parasitics -global_routing
repair_timing -setup -sequence "vt_swap reroute" -skip_last_gasp -repair_tns 0 -verbose
[INFO RSZ-0100] Repair move sequence: RerouteMove 
[INFO RSZ-0098] No setup violations found
[INFO RSZ-0505] Runtime: 0.03s
Repair antennas...
[WARNING GRT-0246] No diode with LEF class CORE ANTENNACELL found.
[INFO ANT-0002] Found 0 net violations.
[INFO ANT-0001] Found 0 pin violations.
Estimate parasitics...
estimate_parasitics -global_routing
Report metrics stage 5, global route...

==========================================================================
global route report_design_area
--------------------------------------------------------------------------
Design area 19 um^2 31% utilization.
[INFO FLW-0007] clock core_clock period 500.000000
[INFO FLW-0008] Clock core_clock period 332.442
[INFO FLW-0009] Clock core_clock slack 150.061
write_sdc -no_timestamp /w/experiments/outputs/orfs/gt2n/gcd/base/results/gt2n/gcd/base/updated_clks.sdc
[INFO FLW-0011] Path endpoint path count 56
write_db /w/experiments/outputs/orfs/gt2n/gcd/base/results/gt2n/gcd/base/5_1_grt.odb
write_sdc -no_timestamp /w/experiments/outputs/orfs/gt2n/gcd/base/results/gt2n/gcd/base/5_1_grt.sdc
Elapsed time: 0:08.23[h:]min:sec. CPU time: user 12.95 sys 0.99 (169%). Peak memory: 325020KB.
Log                       Ext     Elapsed/s Peak Memory/MB sha1sum result [0:20)
5_1_grt                   .odb            8            317 6b106e13612cc7672398
5_1_grt                   .sdc                             e48bea5a886524547980
