OpenROAD unknown 
Features included (+) or not (-): -GPU +GUI -Python
This program is licensed under the BSD-3 license. See the LICENSE file for details.
Components of this program may be licensed under more restrictive licenses which must be honored.
[INFO ORD-0030] Using 8 thread(s).
read_liberty /OpenROAD-flow-scripts/flow/platforms/gt2n/lib/gt2_6t_w31_lvt_tt_0p7v25c.lib
[WARNING STA-1171] /OpenROAD-flow-scripts/flow/platforms/gt2n/lib/gt2_6t_w31_lvt_tt_0p7v25c.lib line 58, default_fanout_load is 0.0.
read_liberty /OpenROAD-flow-scripts/flow/platforms/gt2n/lib/gt2_6t_w31_hvt_tt_0p7v25c.lib
[WARNING STA-1171] /OpenROAD-flow-scripts/flow/platforms/gt2n/lib/gt2_6t_w31_hvt_tt_0p7v25c.lib line 58, default_fanout_load is 0.0.
read_liberty /OpenROAD-flow-scripts/flow/platforms/gt2n/lib/gt2_6t_w31_svt_tt_0p7v25c.lib
[WARNING STA-1171] /OpenROAD-flow-scripts/flow/platforms/gt2n/lib/gt2_6t_w31_svt_tt_0p7v25c.lib line 58, default_fanout_load is 0.0.
read_liberty /OpenROAD-flow-scripts/flow/platforms/gt2n/lib/gt2_6t_w31_ulvt_tt_0p7v25c.lib
[WARNING STA-1171] /OpenROAD-flow-scripts/flow/platforms/gt2n/lib/gt2_6t_w31_ulvt_tt_0p7v25c.lib line 58, default_fanout_load is 0.0.
read_liberty /OpenROAD-flow-scripts/flow/platforms/gt2n/lib/gt2_6t_w31_elvt_tt_0p7v25c.lib
[WARNING STA-1171] /OpenROAD-flow-scripts/flow/platforms/gt2n/lib/gt2_6t_w31_elvt_tt_0p7v25c.lib line 58, default_fanout_load is 0.0.
read_liberty /OpenROAD-flow-scripts/flow/platforms/gt2n/lib/gt2_6t_w13_lvt_tt_0p7v25c.lib
[WARNING STA-1171] /OpenROAD-flow-scripts/flow/platforms/gt2n/lib/gt2_6t_w13_lvt_tt_0p7v25c.lib line 58, default_fanout_load is 0.0.
read_liberty /OpenROAD-flow-scripts/flow/platforms/gt2n/lib/gt2_6t_w13_hvt_tt_0p7v25c.lib
[WARNING STA-1171] /OpenROAD-flow-scripts/flow/platforms/gt2n/lib/gt2_6t_w13_hvt_tt_0p7v25c.lib line 58, default_fanout_load is 0.0.
read_liberty /OpenROAD-flow-scripts/flow/platforms/gt2n/lib/gt2_6t_w13_svt_tt_0p7v25c.lib
[WARNING STA-1171] /OpenROAD-flow-scripts/flow/platforms/gt2n/lib/gt2_6t_w13_svt_tt_0p7v25c.lib line 58, default_fanout_load is 0.0.
read_liberty /OpenROAD-flow-scripts/flow/platforms/gt2n/lib/gt2_6t_w13_ulvt_tt_0p7v25c.lib
[WARNING STA-1171] /OpenROAD-flow-scripts/flow/platforms/gt2n/lib/gt2_6t_w13_ulvt_tt_0p7v25c.lib line 58, default_fanout_load is 0.0.
read_liberty /OpenROAD-flow-scripts/flow/platforms/gt2n/lib/gt2_6t_w13_elvt_tt_0p7v25c.lib
[WARNING STA-1171] /OpenROAD-flow-scripts/flow/platforms/gt2n/lib/gt2_6t_w13_elvt_tt_0p7v25c.lib line 58, default_fanout_load is 0.0.
read_db /w/experiments/outputs/orfs/gt2n/gcd/base/results/gt2n/gcd/base/6_1_fill.odb
read_sdc /w/experiments/outputs/orfs/gt2n/gcd/base/results/gt2n/gcd/base/6_1_fill.sdc
source /OpenROAD-flow-scripts/flow/platforms/gt2n/setRC.tcl
write_db /w/experiments/outputs/orfs/gt2n/gcd/base/results/gt2n/gcd/base/6_final.odb
write_sdc -no_timestamp /w/experiments/outputs/orfs/gt2n/gcd/base/results/gt2n/gcd/base/6_final.sdc
Deleted 0 routing obstructions
OpenRCX is not enabled for this platform.
Falling back to global route-based estimates.
estimate_parasitics -global_routing
Cell type report:                       Count       Area
  Other                                  3809      43.47
  Clock buffer                              5       0.09
  Timing Repair Buffer                     56       1.38
  Inverter                                 50       0.60
  Clock inverter                            3       0.13
  Sequential cell                          35       6.35
  Multi-Input combinational cell          372       9.05
  Total                                  4330      61.07
Report metrics stage 6, finish...

==========================================================================
finish report_design_area
--------------------------------------------------------------------------
Design area 61 um^2 100% utilization.
[WARNING GUI-0010] File path does not end with a valid extension, new path is: /w/experiments/outputs/orfs/gt2n/gcd/base/reports/gt2n/gcd/base/final_all.webp.png
[WARNING GUI-0010] File path does not end with a valid extension, new path is: /w/experiments/outputs/orfs/gt2n/gcd/base/reports/gt2n/gcd/base/final_routing.webp.png
[WARNING GUI-0010] File path does not end with a valid extension, new path is: /w/experiments/outputs/orfs/gt2n/gcd/base/reports/gt2n/gcd/base/final_placement.webp.png
[WARNING GUI-0010] File path does not end with a valid extension, new path is: /w/experiments/outputs/orfs/gt2n/gcd/base/reports/gt2n/gcd/base/final_ir_drop.webp.png
[WARNING GUI-0066] Heat map "IR Drop" has not been populated with data.
[WARNING GUI-0010] File path does not end with a valid extension, new path is: /w/experiments/outputs/orfs/gt2n/gcd/base/reports/gt2n/gcd/base/final_clocks.webp.png
[WARNING GUI-0010] File path does not end with a valid extension, new path is: /w/experiments/outputs/orfs/gt2n/gcd/base/reports/gt2n/gcd/base/cts_default_core_clock.webp.png
[WARNING GUI-0010] File path does not end with a valid extension, new path is: /w/experiments/outputs/orfs/gt2n/gcd/base/reports/gt2n/gcd/base/cts_default_core_clock_layout.webp.png
[WARNING GUI-0010] File path does not end with a valid extension, new path is: /w/experiments/outputs/orfs/gt2n/gcd/base/reports/gt2n/gcd/base/final_resizer.webp.png
[WARNING GUI-0010] File path does not end with a valid extension, new path is: /w/experiments/outputs/orfs/gt2n/gcd/base/reports/gt2n/gcd/base/final_congestion.webp.png
[WARNING GUI-0010] File path does not end with a valid extension, new path is: /w/experiments/outputs/orfs/gt2n/gcd/base/reports/gt2n/gcd/base/final_worst_path.webp.png
Elapsed time: 0:03.41[h:]min:sec. CPU time: user 1.45 sys 0.49 (56%). Peak memory: 321204KB.
Log                       Ext     Elapsed/s Peak Memory/MB sha1sum result [0:20)
6_report                                  3            313                  N/A
