
-- Running command `read_verilog research/pilot_zero/issue6085/source.v; prep -top top; equiv_opt -assert techmap -D LUT_WIDTH=4 -map +/cmp2lut.v' --

1. Executing Verilog-2005 frontend: research/pilot_zero/issue6085/source.v
Parsing Verilog input from `research/pilot_zero/issue6085/source.v' to AST representation.
Generating RTLIL representation for module `\top'.
Successfully finished Verilog frontend.

2. Executing PREP pass.

2.1. Executing HIERARCHY pass (managing design hierarchy).

2.1.1. Analyzing design hierarchy..
Top module:  \top

2.1.2. Analyzing design hierarchy..
Top module:  \top
Removed 0 unused modules.

2.2. Executing PROC pass (convert processes to netlists).

2.2.1. Executing PROC_CLEAN pass (remove empty switches from decision trees).
Cleaned up 0 empty switches.

2.2.2. Executing PROC_RMDEAD pass (remove dead branches from decision trees).
Removed a total of 0 dead cases.

2.2.3. Executing PROC_PRUNE pass (remove redundant assignments in processes).
Removed 0 redundant assignments.
Promoted 0 assignments to connections.

2.2.4. Executing PROC_INIT pass (extract init attributes).

2.2.5. Executing PROC_ARST pass (detect async resets in processes).

2.2.6. Executing PROC_ROM pass (convert switches to ROMs).
Converted 0 switches.

2.2.7. Executing PROC_MUX pass (convert decision trees to multiplexers).

2.2.8. Executing PROC_DLATCH pass (convert process syncs to latches).

2.2.9. Executing PROC_DFF pass (convert process syncs to FFs).

2.2.10. Executing PROC_MEMWR pass (convert process memory writes to cells).

2.2.11. Executing PROC_CLEAN pass (remove empty switches from decision trees).
Cleaned up 0 empty switches.

2.2.12. Executing OPT_EXPR pass (perform const folding).
Optimizing module top.

2.3. Executing FUTURE pass.

2.4. Executing OPT_EXPR pass (perform const folding).
Optimizing module top.

2.5. Executing OPT_CLEAN pass (remove unused cells and wires).
Finding unused cells or wires in module \top..
Removed 0 unused cells and 1 unused wires.
<suppressed ~1 debug messages>

2.6. Executing CHECK pass (checking for obvious problems).
Checking module top...
Found and reported 0 problems.

2.7. Executing OPT pass (performing simple optimizations).

2.7.1. Executing OPT_EXPR pass (perform const folding).
Optimizing module top.

2.7.2. Executing OPT_MERGE pass (detect identical cells).
Finding identical cells in module `\top'.
Computing hashes of 1 cells of `\top'.
Finding duplicate cells in `\top'.
Removed a total of 0 cells.

2.7.3. Executing OPT_MUXTREE pass (detect dead branches in mux trees).
Running muxtree optimizer on module \top..
  Creating internal representation of mux trees.
  No muxes found in this module.
Removed 0 multiplexer ports.

2.7.4. Executing OPT_REDUCE pass (consolidate $*mux and $reduce_* inputs).
  Optimizing cells in module \top.
Performed a total of 0 changes.

2.7.5. Executing OPT_MERGE pass (detect identical cells).
Finding identical cells in module `\top'.
Computing hashes of 1 cells of `\top'.
Finding duplicate cells in `\top'.
Removed a total of 0 cells.

2.7.6. Executing OPT_CLEAN pass (remove unused cells and wires).
Finding unused cells or wires in module \top..

2.7.7. Executing OPT_EXPR pass (perform const folding).
Optimizing module top.

2.7.8. Finished fast OPT passes. (There is nothing left to do.)

2.8. Executing WREDUCE pass (reducing word size of cells).
Removed top 28 bits (of 32) from port B of cell top.$ge$research/pilot_zero/issue6085/source.v:2$1 ($ge).

2.9. Executing OPT_CLEAN pass (remove unused cells and wires).
Finding unused cells or wires in module \top..

2.10. Executing MEMORY_COLLECT pass (generating $mem cells).

2.11. Executing OPT pass (performing simple optimizations).

2.11.1. Executing OPT_EXPR pass (perform const folding).
Optimizing module top.

2.11.2. Executing OPT_MERGE pass (detect identical cells).
Finding identical cells in module `\top'.
Computing hashes of 1 cells of `\top'.
Finding duplicate cells in `\top'.
Removed a total of 0 cells.

2.11.3. Executing OPT_CLEAN pass (remove unused cells and wires).
Finding unused cells or wires in module \top..

2.11.4. Finished fast OPT passes.

2.12. Executing SORT pass.

2.13. Printing statistics.

=== top ===

        +----------Local Count, excluding submodules.
        | 
        2 wires
        5 wire bits
        2 public wires
        5 public wire bits
        2 ports
        5 port bits
        1 cells
        1   $ge

2.14. Executing CHECK pass (checking for obvious problems).
Checking module top...
Found and reported 0 problems.

3. Executing EQUIV_OPT pass.

3.1. Executing HIERARCHY pass (managing design hierarchy).
Attribute `top' found on module `top'. Setting top module to top.

3.1.1. Analyzing design hierarchy..
Top module:  \top

3.1.2. Analyzing design hierarchy..
Top module:  \top
Removed 0 unused modules.

3.2. Executing CHECK pass (checking for obvious problems).
Checking module top...
Found and reported 0 problems.

3.3. Executing TECHMAP pass (map to technology primitives).

3.3.1. Executing Verilog-2005 frontend: /mnt/c/Users/meetb/Downloads/pw-yosys-6085/pw-build/share/cmp2lut.v
Parsing Verilog input from `/mnt/c/Users/meetb/Downloads/pw-yosys-6085/pw-build/share/cmp2lut.v' to AST representation.
Generating RTLIL representation for module `\_90_lut_cmp_'.
Successfully finished Verilog frontend.

3.3.2. Continuing TECHMAP pass.
Using template $paramod$61afdf04b94d268cab3662d30c7c1098692f77e1\_90_lut_cmp_ for cells of type $ge.
No more expansions possible.
<suppressed ~36 debug messages>

3.4. Executing CHECK pass (checking for obvious problems).
Checking module top...
Found and reported 0 problems.

3.5. Executing EQUIV_MAKE pass (creating equiv checking module).
Presumably equivalent wires: a_gold (\a_gold), a_gate (\a_gate) -> a
Presumably equivalent wires: y_gold (\y_gold), y_gate (\y_gate) -> y

3.6. Executing EQUIV_INDUCT pass.
Found 1 unproven $equiv cells in module equiv:
  Proving existence of base case for step 1. (126 clauses over 49 variables)
  Proof for base case failed. Circuit inherently diverges!
Proved 0 previously unproven $equiv cells.

3.7. Executing EQUIV_STATUS pass.
Found 1 $equiv cells in equiv:
  Of those cells 0 are proven and 1 are unproven.
  Unproven $equiv $auto$equiv_make.cc:258:find_same_wires$5: \y_gold \y_gate
Found a total of 1 unproven $equiv cells.
ERROR: Found 1 unproven $equiv cells in 'equiv_status -assert'.
