
==========================================================================
global place report_tns
--------------------------------------------------------------------------
tns max 0.00

==========================================================================
global place report_wns
--------------------------------------------------------------------------
wns max 0.00

==========================================================================
global place report_worst_slack
--------------------------------------------------------------------------
worst slack max 202.74

==========================================================================
global place report_clock_min_period
--------------------------------------------------------------------------
core_clock period_min = 297.26 fmax = 3364.02

==========================================================================
global place report_checks -path_delay min
--------------------------------------------------------------------------
Startpoint: dpath.a_reg.out[3]$_DFFE_PP_
            (rising edge-triggered flip-flop clocked by core_clock)
Endpoint: dpath.b_reg.out[3]$_DFFE_PP_
          (rising edge-triggered flip-flop clocked by core_clock)
Path Group: core_clock
Path Type: min

Fanout     Cap    Slew   Delay    Time   Description
-----------------------------------------------------------------------------
                  0.00    0.00    0.00   clock core_clock (rise edge)
                          0.00    0.00   clock network delay (ideal)
                  0.00    0.00    0.00 ^ dpath.a_reg.out[3]$_DFFE_PP_/CLK (gt2_6t_dffasync_x1_w13_elvt)
     4    0.00   12.05   27.30   27.30 ^ dpath.a_reg.out[3]$_DFFE_PP_/Q (gt2_6t_dffasync_x1_w13_elvt)
                                         dpath.a_lt_b$in0[3] (net)
                 12.06    0.91   28.21 ^ _567_/A1 (gt2_6t_aoi211_x1_w31_elvt)
     1    0.00    2.39    8.64   36.85 v _567_/Y (gt2_6t_aoi211_x1_w31_elvt)
                                         _222_ (net)
                  2.39    0.24   37.09 v _568_/B (gt2_6t_aoi21_x1_w31_elvt)
     1    0.00    1.81    4.01   41.10 ^ _568_/Y (gt2_6t_aoi21_x1_w31_elvt)
                                         _014_ (net)
                  1.81    0.07   41.17 ^ dpath.b_reg.out[3]$_DFFE_PP_/D (gt2_6t_dffasync_x1_w13_elvt)
                                 41.17   data arrival time

                  0.00    0.00    0.00   clock core_clock (rise edge)
                          0.00    0.00   clock network delay (ideal)
                          0.00    0.00   clock reconvergence pessimism
                                  0.00 ^ dpath.b_reg.out[3]$_DFFE_PP_/CLK (gt2_6t_dffasync_x1_w13_elvt)
                          5.04    5.04   library hold time
                                  5.04   data required time
-----------------------------------------------------------------------------
                                  5.04   data required time
                                -41.17   data arrival time
-----------------------------------------------------------------------------
                                 36.13   slack (MET)



==========================================================================
global place report_checks -path_delay max
--------------------------------------------------------------------------
Startpoint: dpath.b_reg.out[6]$_DFFE_PP_
            (rising edge-triggered flip-flop clocked by core_clock)
Endpoint: resp_msg[12] (output port clocked by core_clock)
Path Group: core_clock
Path Type: max

Fanout     Cap    Slew   Delay    Time   Description
-----------------------------------------------------------------------------
                  0.00    0.00    0.00   clock core_clock (rise edge)
                          0.00    0.00   clock network delay (ideal)
                  0.00    0.00    0.00 ^ dpath.b_reg.out[6]$_DFFE_PP_/CLK (gt2_6t_dffasync_x1_w13_elvt)
    11    0.00   37.21   58.42   58.42 v dpath.b_reg.out[6]$_DFFE_PP_/Q (gt2_6t_dffasync_x1_w13_elvt)
                                         dpath.a_lt_b$in1[6] (net)
                 37.22    1.61   60.03 v _403_/B (gt2_6t_xnor2_x1_w13_hvt)
     2    0.00   13.68   45.86  105.89 v _403_/Y (gt2_6t_xnor2_x1_w13_hvt)
                                         _079_ (net)
                 13.68    0.15  106.04 v _404_/B (gt2_6t_nand2_x1_w13_elvt)
     1    0.00    5.33    9.24  115.28 ^ _404_/Y (gt2_6t_nand2_x1_w13_elvt)
                                         _080_ (net)
                  5.33    0.14  115.42 ^ _413_/A2 (gt2_6t_oa21_x1_w31_elvt)
     9    0.00    9.77   17.61  133.03 ^ _413_/Y (gt2_6t_oa21_x1_w31_elvt)
                                         _089_ (net)
                 10.53    3.13  136.15 ^ _452_/A2 (gt2_6t_oai21_x1_w31_elvt)
     8    0.00   14.96   19.12  155.27 v _452_/Y (gt2_6t_oai21_x1_w31_elvt)
                                         _125_ (net)
                 14.98    1.36  156.64 v _475_/B (gt2_6t_nand2_x1_w13_svt)
     1    0.00    5.23   14.03  170.67 ^ _475_/Y (gt2_6t_nand2_x1_w13_svt)
                                         _148_ (net)
                  5.24    0.15  170.82 ^ _477_/A (gt2_6t_nand3_x1_w31_elvt)
     1    0.00    4.80    6.34  177.16 v _477_/Y (gt2_6t_nand3_x1_w31_elvt)
                                         _150_ (net)
                  4.80    0.12  177.28 v _478_/B (gt2_6t_oai21_x1_w31_elvt)
     2    0.00    5.07    6.62  183.90 ^ _478_/Y (gt2_6t_oai21_x1_w31_elvt)
                                         _151_ (net)
                  5.07    0.36  184.26 ^ _479_/B (gt2_6t_nand2_x1_w31_elvt)
     1    0.00    3.17    5.12  189.38 v _479_/Y (gt2_6t_nand2_x1_w31_elvt)
                                         net109 (net)
                  3.17    0.35  189.73 v output110/A (gt2_6t_buf_x2_w13_ulvt)
     1    0.00    1.23    7.50  197.23 v output110/Y (gt2_6t_buf_x2_w13_ulvt)
                                         resp_msg[12] (net)
                  1.23    0.04  197.26 v resp_msg[12] (out)
                                197.26   data arrival time

                  0.00  500.00  500.00   clock core_clock (rise edge)
                          0.00  500.00   clock network delay (ideal)
                          0.00  500.00   clock reconvergence pessimism
                       -100.00  400.00   output external delay
                                400.00   data required time
-----------------------------------------------------------------------------
                                400.00   data required time
                               -197.26   data arrival time
-----------------------------------------------------------------------------
                                202.74   slack (MET)



==========================================================================
global place report_checks -unconstrained
--------------------------------------------------------------------------
Startpoint: dpath.b_reg.out[6]$_DFFE_PP_
            (rising edge-triggered flip-flop clocked by core_clock)
Endpoint: resp_msg[12] (output port clocked by core_clock)
Path Group: core_clock
Path Type: max

Fanout     Cap    Slew   Delay    Time   Description
-----------------------------------------------------------------------------
                  0.00    0.00    0.00   clock core_clock (rise edge)
                          0.00    0.00   clock network delay (ideal)
                  0.00    0.00    0.00 ^ dpath.b_reg.out[6]$_DFFE_PP_/CLK (gt2_6t_dffasync_x1_w13_elvt)
    11    0.00   37.21   58.42   58.42 v dpath.b_reg.out[6]$_DFFE_PP_/Q (gt2_6t_dffasync_x1_w13_elvt)
                                         dpath.a_lt_b$in1[6] (net)
                 37.22    1.61   60.03 v _403_/B (gt2_6t_xnor2_x1_w13_hvt)
     2    0.00   13.68   45.86  105.89 v _403_/Y (gt2_6t_xnor2_x1_w13_hvt)
                                         _079_ (net)
                 13.68    0.15  106.04 v _404_/B (gt2_6t_nand2_x1_w13_elvt)
     1    0.00    5.33    9.24  115.28 ^ _404_/Y (gt2_6t_nand2_x1_w13_elvt)
                                         _080_ (net)
                  5.33    0.14  115.42 ^ _413_/A2 (gt2_6t_oa21_x1_w31_elvt)
     9    0.00    9.77   17.61  133.03 ^ _413_/Y (gt2_6t_oa21_x1_w31_elvt)
                                         _089_ (net)
                 10.53    3.13  136.15 ^ _452_/A2 (gt2_6t_oai21_x1_w31_elvt)
     8    0.00   14.96   19.12  155.27 v _452_/Y (gt2_6t_oai21_x1_w31_elvt)
                                         _125_ (net)
                 14.98    1.36  156.64 v _475_/B (gt2_6t_nand2_x1_w13_svt)
     1    0.00    5.23   14.03  170.67 ^ _475_/Y (gt2_6t_nand2_x1_w13_svt)
                                         _148_ (net)
                  5.24    0.15  170.82 ^ _477_/A (gt2_6t_nand3_x1_w31_elvt)
     1    0.00    4.80    6.34  177.16 v _477_/Y (gt2_6t_nand3_x1_w31_elvt)
                                         _150_ (net)
                  4.80    0.12  177.28 v _478_/B (gt2_6t_oai21_x1_w31_elvt)
     2    0.00    5.07    6.62  183.90 ^ _478_/Y (gt2_6t_oai21_x1_w31_elvt)
                                         _151_ (net)
                  5.07    0.36  184.26 ^ _479_/B (gt2_6t_nand2_x1_w31_elvt)
     1    0.00    3.17    5.12  189.38 v _479_/Y (gt2_6t_nand2_x1_w31_elvt)
                                         net109 (net)
                  3.17    0.35  189.73 v output110/A (gt2_6t_buf_x2_w13_ulvt)
     1    0.00    1.23    7.50  197.23 v output110/Y (gt2_6t_buf_x2_w13_ulvt)
                                         resp_msg[12] (net)
                  1.23    0.04  197.26 v resp_msg[12] (out)
                                197.26   data arrival time

                  0.00  500.00  500.00   clock core_clock (rise edge)
                          0.00  500.00   clock network delay (ideal)
                          0.00  500.00   clock reconvergence pessimism
                       -100.00  400.00   output external delay
                                400.00   data required time
-----------------------------------------------------------------------------
                                400.00   data required time
                               -197.26   data arrival time
-----------------------------------------------------------------------------
                                202.74   slack (MET)



==========================================================================
global place report_power
--------------------------------------------------------------------------
Group                  Internal  Switching    Leakage      Total
                          Power      Power      Power      Power (Watts)
----------------------------------------------------------------
Sequential             4.45e-05   1.15e-05   1.57e-06   5.76e-05  34.4%
Combinational          4.33e-05   5.65e-05   9.99e-06   1.10e-04  65.6%
Clock                  0.00e+00   0.00e+00   0.00e+00   0.00e+00   0.0%
Macro                  0.00e+00   0.00e+00   0.00e+00   0.00e+00   0.0%
Pad                    0.00e+00   0.00e+00   0.00e+00   0.00e+00   0.0%
----------------------------------------------------------------
Total                  8.79e-05   6.80e-05   1.16e-05   1.67e-04 100.0%
                          52.5%      40.6%       6.9%
