
==========================================================================
resizer report_tns
--------------------------------------------------------------------------
tns max 0.00

==========================================================================
resizer report_wns
--------------------------------------------------------------------------
wns max 0.00

==========================================================================
resizer report_worst_slack
--------------------------------------------------------------------------
worst slack max 202.74

==========================================================================
resizer report_clock_min_period
--------------------------------------------------------------------------
core_clock period_min = 297.26 fmax = 3364.02

==========================================================================
resizer report_checks -path_delay min
--------------------------------------------------------------------------
Startpoint: dpath.a_reg.out[3]$_DFFE_PP_
            (rising edge-triggered flip-flop clocked by core_clock)
Endpoint: dpath.b_reg.out[3]$_DFFE_PP_
          (rising edge-triggered flip-flop clocked by core_clock)
Path Group: core_clock
Path Type: min

Fanout     Cap    Slew   Delay    Time   Description
-----------------------------------------------------------------------------
                  0.00    0.00    0.00   clock core_clock (rise edge)
                          0.00    0.00   clock network delay (ideal)
                  0.00    0.00    0.00 ^ dpath.a_reg.out[3]$_DFFE_PP_/CLK (gt2_6t_dffasync_x1_w13_elvt)
     4    0.00   12.05   27.30   27.30 ^ dpath.a_reg.out[3]$_DFFE_PP_/Q (gt2_6t_dffasync_x1_w13_elvt)
                                         dpath.a_lt_b$in0[3] (net)
                 12.06    0.91   28.21 ^ _567_/A1 (gt2_6t_aoi211_x1_w31_elvt)
     1    0.00    2.39    8.64   36.85 v _567_/Y (gt2_6t_aoi211_x1_w31_elvt)
                                         _222_ (net)
                  2.39    0.24   37.09 v _568_/B (gt2_6t_aoi21_x1_w31_elvt)
     1    0.00    1.81    4.01   41.10 ^ _568_/Y (gt2_6t_aoi21_x1_w31_elvt)
                                         _014_ (net)
                  1.81    0.07   41.17 ^ dpath.b_reg.out[3]$_DFFE_PP_/D (gt2_6t_dffasync_x1_w13_elvt)
                                 41.17   data arrival time

                  0.00    0.00    0.00   clock core_clock (rise edge)
                          0.00    0.00   clock network delay (ideal)
                          0.00    0.00   clock reconvergence pessimism
                                  0.00 ^ dpath.b_reg.out[3]$_DFFE_PP_/CLK (gt2_6t_dffasync_x1_w13_elvt)
                          5.04    5.04   library hold time
                                  5.04   data required time
-----------------------------------------------------------------------------
                                  5.04   data required time
                                -41.17   data arrival time
-----------------------------------------------------------------------------
                                 36.13   slack (MET)



==========================================================================
resizer report_checks -path_delay max
--------------------------------------------------------------------------
Startpoint: dpath.b_reg.out[6]$_DFFE_PP_
            (rising edge-triggered flip-flop clocked by core_clock)
Endpoint: resp_msg[12] (output port clocked by core_clock)
Path Group: core_clock
Path Type: max

Fanout     Cap    Slew   Delay    Time   Description
-----------------------------------------------------------------------------
                  0.00    0.00    0.00   clock core_clock (rise edge)
                          0.00    0.00   clock network delay (ideal)
                  0.00    0.00    0.00 ^ dpath.b_reg.out[6]$_DFFE_PP_/CLK (gt2_6t_dffasync_x1_w13_elvt)
    11    0.00   37.21   58.42   58.42 v dpath.b_reg.out[6]$_DFFE_PP_/Q (gt2_6t_dffasync_x1_w13_elvt)
                                         dpath.a_lt_b$in1[6] (net)
                 37.22    1.61   60.03 v _403_/B (gt2_6t_xnor2_x1_w13_hvt)
     2    0.00   13.68   45.86  105.89 v _403_/Y (gt2_6t_xnor2_x1_w13_hvt)
                                         _079_ (net)
                 13.68    0.15  106.04 v _404_/B (gt2_6t_nand2_x1_w13_elvt)
     1    0.00    5.33    9.24  115.28 ^ _404_/Y (gt2_6t_nand2_x1_w13_elvt)
                                         _080_ (net)
                  5.33    0.14  115.42 ^ _413_/A2 (gt2_6t_oa21_x1_w31_elvt)
     9    0.00    9.77   17.61  133.03 ^ _413_/Y (gt2_6t_oa21_x1_w31_elvt)
                                         _089_ (net)
                 10.53    3.13  136.15 ^ _452_/A2 (gt2_6t_oai21_x1_w31_elvt)
     8    0.00   14.96   19.12  155.27 v _452_/Y (gt2_6t_oai21_x1_w31_elvt)
                                         _125_ (net)
                 14.98    1.36  156.64 v _475_/B (gt2_6t_nand2_x1_w13_svt)
     1    0.00    5.23   14.03  170.67 ^ _475_/Y (gt2_6t_nand2_x1_w13_svt)
                                         _148_ (net)
                  5.24    0.15  170.82 ^ _477_/A (gt2_6t_nand3_x1_w31_elvt)
     1    0.00    4.80    6.34  177.16 v _477_/Y (gt2_6t_nand3_x1_w31_elvt)
                                         _150_ (net)
                  4.80    0.12  177.28 v _478_/B (gt2_6t_oai21_x1_w31_elvt)
     2    0.00    5.07    6.62  183.90 ^ _478_/Y (gt2_6t_oai21_x1_w31_elvt)
                                         _151_ (net)
                  5.07    0.36  184.26 ^ _479_/B (gt2_6t_nand2_x1_w31_elvt)
     1    0.00    3.17    5.12  189.38 v _479_/Y (gt2_6t_nand2_x1_w31_elvt)
                                         net109 (net)
                  3.17    0.35  189.73 v output110/A (gt2_6t_buf_x2_w13_ulvt)
     1    0.00    1.23    7.50  197.23 v output110/Y (gt2_6t_buf_x2_w13_ulvt)
                                         resp_msg[12] (net)
                  1.23    0.04  197.26 v resp_msg[12] (out)
                                197.26   data arrival time

                  0.00  500.00  500.00   clock core_clock (rise edge)
                          0.00  500.00   clock network delay (ideal)
                          0.00  500.00   clock reconvergence pessimism
                       -100.00  400.00   output external delay
                                400.00   data required time
-----------------------------------------------------------------------------
                                400.00   data required time
                               -197.26   data arrival time
-----------------------------------------------------------------------------
                                202.74   slack (MET)



==========================================================================
resizer report_checks -unconstrained
--------------------------------------------------------------------------
Startpoint: dpath.b_reg.out[6]$_DFFE_PP_
            (rising edge-triggered flip-flop clocked by core_clock)
Endpoint: resp_msg[12] (output port clocked by core_clock)
Path Group: core_clock
Path Type: max

Fanout     Cap    Slew   Delay    Time   Description
-----------------------------------------------------------------------------
                  0.00    0.00    0.00   clock core_clock (rise edge)
                          0.00    0.00   clock network delay (ideal)
                  0.00    0.00    0.00 ^ dpath.b_reg.out[6]$_DFFE_PP_/CLK (gt2_6t_dffasync_x1_w13_elvt)
    11    0.00   37.21   58.42   58.42 v dpath.b_reg.out[6]$_DFFE_PP_/Q (gt2_6t_dffasync_x1_w13_elvt)
                                         dpath.a_lt_b$in1[6] (net)
                 37.22    1.61   60.03 v _403_/B (gt2_6t_xnor2_x1_w13_hvt)
     2    0.00   13.68   45.86  105.89 v _403_/Y (gt2_6t_xnor2_x1_w13_hvt)
                                         _079_ (net)
                 13.68    0.15  106.04 v _404_/B (gt2_6t_nand2_x1_w13_elvt)
     1    0.00    5.33    9.24  115.28 ^ _404_/Y (gt2_6t_nand2_x1_w13_elvt)
                                         _080_ (net)
                  5.33    0.14  115.42 ^ _413_/A2 (gt2_6t_oa21_x1_w31_elvt)
     9    0.00    9.77   17.61  133.03 ^ _413_/Y (gt2_6t_oa21_x1_w31_elvt)
                                         _089_ (net)
                 10.53    3.13  136.15 ^ _452_/A2 (gt2_6t_oai21_x1_w31_elvt)
     8    0.00   14.96   19.12  155.27 v _452_/Y (gt2_6t_oai21_x1_w31_elvt)
                                         _125_ (net)
                 14.98    1.36  156.64 v _475_/B (gt2_6t_nand2_x1_w13_svt)
     1    0.00    5.23   14.03  170.67 ^ _475_/Y (gt2_6t_nand2_x1_w13_svt)
                                         _148_ (net)
                  5.24    0.15  170.82 ^ _477_/A (gt2_6t_nand3_x1_w31_elvt)
     1    0.00    4.80    6.34  177.16 v _477_/Y (gt2_6t_nand3_x1_w31_elvt)
                                         _150_ (net)
                  4.80    0.12  177.28 v _478_/B (gt2_6t_oai21_x1_w31_elvt)
     2    0.00    5.07    6.62  183.90 ^ _478_/Y (gt2_6t_oai21_x1_w31_elvt)
                                         _151_ (net)
                  5.07    0.36  184.26 ^ _479_/B (gt2_6t_nand2_x1_w31_elvt)
     1    0.00    3.17    5.12  189.38 v _479_/Y (gt2_6t_nand2_x1_w31_elvt)
                                         net109 (net)
                  3.17    0.35  189.73 v output110/A (gt2_6t_buf_x2_w13_ulvt)
     1    0.00    1.23    7.50  197.23 v output110/Y (gt2_6t_buf_x2_w13_ulvt)
                                         resp_msg[12] (net)
                  1.23    0.04  197.26 v resp_msg[12] (out)
                                197.26   data arrival time

                  0.00  500.00  500.00   clock core_clock (rise edge)
                          0.00  500.00   clock network delay (ideal)
                          0.00  500.00   clock reconvergence pessimism
                       -100.00  400.00   output external delay
                                400.00   data required time
-----------------------------------------------------------------------------
                                400.00   data required time
                               -197.26   data arrival time
-----------------------------------------------------------------------------
                                202.74   slack (MET)



==========================================================================
resizer report_check_types -max_slew -max_cap -max_fanout -violators
--------------------------------------------------------------------------

==========================================================================
resizer max_slew_check_slack
--------------------------------------------------------------------------
941.313720703125

==========================================================================
resizer max_slew_check_limit
--------------------------------------------------------------------------
1000.0

==========================================================================
resizer max_slew_check_slack_limit
--------------------------------------------------------------------------
0.9413

==========================================================================
resizer max_fanout_check_slack
--------------------------------------------------------------------------
1.0000000150474662e+30

==========================================================================
resizer max_fanout_check_limit
--------------------------------------------------------------------------
1.0000000150474662e+30

==========================================================================
resizer max_capacitance_check_slack
--------------------------------------------------------------------------
0.0680309385061264

==========================================================================
resizer max_capacitance_check_limit
--------------------------------------------------------------------------
0.06871999800205231

==========================================================================
resizer max_capacitance_check_slack_limit
--------------------------------------------------------------------------
0.9900

==========================================================================
resizer max_slew_violation_count
--------------------------------------------------------------------------
max slew violation count 0

==========================================================================
resizer max_fanout_violation_count
--------------------------------------------------------------------------
max fanout violation count 0

==========================================================================
resizer max_cap_violation_count
--------------------------------------------------------------------------
max cap violation count 0

==========================================================================
resizer setup_violation_count
--------------------------------------------------------------------------
setup violation count 0

==========================================================================
resizer hold_violation_count
--------------------------------------------------------------------------
hold violation count 0

==========================================================================
resizer report_checks -path_delay max reg to reg
--------------------------------------------------------------------------
Startpoint: dpath.b_reg.out[6]$_DFFE_PP_
            (rising edge-triggered flip-flop clocked by core_clock)
Endpoint: dpath.b_reg.out[7]$_DFFE_PP_
          (rising edge-triggered flip-flop clocked by core_clock)
Path Group: core_clock
Path Type: max

  Delay    Time   Description
---------------------------------------------------------
   0.00    0.00   clock core_clock (rise edge)
   0.00    0.00   clock network delay (ideal)
   0.00    0.00 ^ dpath.b_reg.out[6]$_DFFE_PP_/CLK (gt2_6t_dffasync_x1_w13_elvt)
  58.42   58.42 v dpath.b_reg.out[6]$_DFFE_PP_/Q (gt2_6t_dffasync_x1_w13_elvt)
  47.47  105.89 v _403_/Y (gt2_6t_xnor2_x1_w13_hvt)
   9.39  115.28 ^ _404_/Y (gt2_6t_nand2_x1_w13_elvt)
  17.75  133.03 ^ _413_/Y (gt2_6t_oa21_x1_w31_elvt)
  14.33  147.35 ^ _503_/Y (gt2_6t_or2_x2_w31_elvt)
  46.25  193.60 v _517_/Y (gt2_6t_nand3_x1_w31_elvt)
  30.97  224.57 v _549_/Y (gt2_6t_and2_x1_w13_svt)
   6.04  230.60 ^ _550_/Y (gt2_6t_aoi211_x1_w31_elvt)
   6.47  237.07 v _551_/Y (gt2_6t_aoi21_x1_w31_elvt)
   0.17  237.24 v dpath.b_reg.out[7]$_DFFE_PP_/D (gt2_6t_dffasync_x1_w13_elvt)
         237.24   data arrival time

 500.00  500.00   clock core_clock (rise edge)
   0.00  500.00   clock network delay (ideal)
   0.00  500.00   clock reconvergence pessimism
         500.00 ^ dpath.b_reg.out[7]$_DFFE_PP_/CLK (gt2_6t_dffasync_x1_w13_elvt)
 -10.96  489.04   library setup time
         489.04   data required time
---------------------------------------------------------
         489.04   data required time
        -237.24   data arrival time
---------------------------------------------------------
         251.80   slack (MET)



==========================================================================
resizer report_checks -path_delay min reg to reg
--------------------------------------------------------------------------
Startpoint: dpath.a_reg.out[3]$_DFFE_PP_
            (rising edge-triggered flip-flop clocked by core_clock)
Endpoint: dpath.b_reg.out[3]$_DFFE_PP_
          (rising edge-triggered flip-flop clocked by core_clock)
Path Group: core_clock
Path Type: min

  Delay    Time   Description
---------------------------------------------------------
   0.00    0.00   clock core_clock (rise edge)
   0.00    0.00   clock network delay (ideal)
   0.00    0.00 ^ dpath.a_reg.out[3]$_DFFE_PP_/CLK (gt2_6t_dffasync_x1_w13_elvt)
  27.30   27.30 ^ dpath.a_reg.out[3]$_DFFE_PP_/Q (gt2_6t_dffasync_x1_w13_elvt)
   9.55   36.85 v _567_/Y (gt2_6t_aoi211_x1_w31_elvt)
   4.25   41.10 ^ _568_/Y (gt2_6t_aoi21_x1_w31_elvt)
   0.07   41.17 ^ dpath.b_reg.out[3]$_DFFE_PP_/D (gt2_6t_dffasync_x1_w13_elvt)
          41.17   data arrival time

   0.00    0.00   clock core_clock (rise edge)
   0.00    0.00   clock network delay (ideal)
   0.00    0.00   clock reconvergence pessimism
           0.00 ^ dpath.b_reg.out[3]$_DFFE_PP_/CLK (gt2_6t_dffasync_x1_w13_elvt)
   5.04    5.04   library hold time
           5.04   data required time
---------------------------------------------------------
           5.04   data required time
         -41.17   data arrival time
---------------------------------------------------------
          36.13   slack (MET)



==========================================================================
resizer critical path target clock latency max path
--------------------------------------------------------------------------
0.0000

==========================================================================
resizer critical path target clock latency min path
--------------------------------------------------------------------------
0.0000

==========================================================================
resizer critical path source clock latency min path
--------------------------------------------------------------------------
0.0000

==========================================================================
resizer critical path delay
--------------------------------------------------------------------------
197.2636

==========================================================================
resizer critical path slack
--------------------------------------------------------------------------
202.7364

==========================================================================
resizer slack div critical path delay
--------------------------------------------------------------------------
102.774359

==========================================================================
resizer report_power
--------------------------------------------------------------------------
Group                  Internal  Switching    Leakage      Total
                          Power      Power      Power      Power (Watts)
----------------------------------------------------------------
Sequential             4.45e-05   1.15e-05   1.57e-06   5.76e-05  34.0%
Combinational          4.51e-05   5.66e-05   1.00e-05   1.12e-04  66.0%
Clock                  0.00e+00   0.00e+00   0.00e+00   0.00e+00   0.0%
Macro                  0.00e+00   0.00e+00   0.00e+00   0.00e+00   0.0%
Pad                    0.00e+00   0.00e+00   0.00e+00   0.00e+00   0.0%
----------------------------------------------------------------
Total                  8.97e-05   6.81e-05   1.16e-05   1.69e-04 100.0%
                          52.9%      40.2%       6.8%
