
==========================================================================
cts final report_tns
--------------------------------------------------------------------------
tns max 0.00

==========================================================================
cts final report_wns
--------------------------------------------------------------------------
wns max 0.00

==========================================================================
cts final report_worst_slack
--------------------------------------------------------------------------
worst slack max 158.36

==========================================================================
cts final report_clock_min_period
--------------------------------------------------------------------------
core_clock period_min = 341.64 fmax = 2927.02

==========================================================================
cts final report_clock_skew
--------------------------------------------------------------------------
Clock core_clock
  37.60 source latency dpath.a_reg.out[1]$_DFFE_PP_/CLK ^
 -42.49 target latency dpath.b_reg.out[0]$_DFFE_PP_/CLK ^
   0.00 CRPR
--------------
  -4.89 setup skew


==========================================================================
cts final report_checks -path_delay min
--------------------------------------------------------------------------
Startpoint: dpath.a_reg.out[3]$_DFFE_PP_
            (rising edge-triggered flip-flop clocked by core_clock)
Endpoint: dpath.b_reg.out[3]$_DFFE_PP_
          (rising edge-triggered flip-flop clocked by core_clock)
Path Group: core_clock
Path Type: min

Fanout     Cap    Slew   Delay    Time   Description
-----------------------------------------------------------------------------
                          0.00    0.00   clock core_clock (rise edge)
                          0.00    0.00   clock source latency
     1    0.00    0.00    0.00    0.00 ^ clk (in)
                                         clk (net)
                  1.22    1.00    1.00 ^ clkbuf_0_clk/A (gt2_6t_buf_x1_w31_lvt)
     4    0.00    7.18   11.14   12.14 ^ clkbuf_0_clk/Y (gt2_6t_buf_x1_w31_lvt)
                                         clknet_0_clk (net)
                  7.31    1.10   13.23 ^ clkbuf_2_0__f_clk/A (gt2_6t_buf_x1_w31_lvt)
    10    0.01   17.37   22.61   35.85 ^ clkbuf_2_0__f_clk/Y (gt2_6t_buf_x1_w31_lvt)
                                         clknet_2_0__leaf_clk (net)
                 18.67    5.20   41.05 ^ dpath.a_reg.out[3]$_DFFE_PP_/CLK (gt2_6t_dffasync_x1_w13_elvt)
     4    0.00   12.42   34.49   75.54 ^ dpath.a_reg.out[3]$_DFFE_PP_/Q (gt2_6t_dffasync_x1_w13_elvt)
                                         dpath.a_lt_b$in0[3] (net)
                 12.43    1.00   76.53 ^ _567_/A1 (gt2_6t_aoi211_x1_w31_elvt)
     1    0.00    2.39    8.73   85.26 v _567_/Y (gt2_6t_aoi211_x1_w31_elvt)
                                         _222_ (net)
                  2.39    0.24   85.50 v _568_/B (gt2_6t_aoi21_x1_w31_elvt)
     1    0.00    1.87    4.07   89.57 ^ _568_/Y (gt2_6t_aoi21_x1_w31_elvt)
                                         _014_ (net)
                  1.87    0.09   89.67 ^ dpath.b_reg.out[3]$_DFFE_PP_/D (gt2_6t_dffasync_x1_w13_elvt)
                                 89.67   data arrival time

                          0.00    0.00   clock core_clock (rise edge)
                          0.00    0.00   clock source latency
     1    0.00    0.00    0.00    0.00 ^ clk (in)
                                         clk (net)
                  1.22    1.00    1.00 ^ clkbuf_0_clk/A (gt2_6t_buf_x1_w31_lvt)
     4    0.00    7.18   11.14   12.14 ^ clkbuf_0_clk/Y (gt2_6t_buf_x1_w31_lvt)
                                         clknet_0_clk (net)
                  7.31    1.10   13.23 ^ clkbuf_2_0__f_clk/A (gt2_6t_buf_x1_w31_lvt)
    10    0.01   17.37   22.61   35.85 ^ clkbuf_2_0__f_clk/Y (gt2_6t_buf_x1_w31_lvt)
                                         clknet_2_0__leaf_clk (net)
                 19.33    6.64   42.49 ^ dpath.b_reg.out[3]$_DFFE_PP_/CLK (gt2_6t_dffasync_x1_w13_elvt)
                          0.00   42.49   clock reconvergence pessimism
                          5.77   48.26   library hold time
                                 48.26   data required time
-----------------------------------------------------------------------------
                                 48.26   data required time
                                -89.67   data arrival time
-----------------------------------------------------------------------------
                                 41.41   slack (MET)



==========================================================================
cts final report_checks -path_delay max
--------------------------------------------------------------------------
Startpoint: dpath.b_reg.out[6]$_DFFE_PP_
            (rising edge-triggered flip-flop clocked by core_clock)
Endpoint: resp_msg[12] (output port clocked by core_clock)
Path Group: core_clock
Path Type: max

Fanout     Cap    Slew   Delay    Time   Description
-----------------------------------------------------------------------------
                          0.00    0.00   clock core_clock (rise edge)
                          0.00    0.00   clock source latency
     1    0.00    0.00    0.00    0.00 ^ clk (in)
                                         clk (net)
                  1.22    1.00    1.00 ^ clkbuf_0_clk/A (gt2_6t_buf_x1_w31_lvt)
     4    0.00    7.18   11.14   12.14 ^ clkbuf_0_clk/Y (gt2_6t_buf_x1_w31_lvt)
                                         clknet_0_clk (net)
                  7.31    1.10   13.23 ^ clkbuf_2_0__f_clk/A (gt2_6t_buf_x1_w31_lvt)
    10    0.01   17.37   22.61   35.85 ^ clkbuf_2_0__f_clk/Y (gt2_6t_buf_x1_w31_lvt)
                                         clknet_2_0__leaf_clk (net)
                 17.84    2.82   38.67 ^ dpath.b_reg.out[6]$_DFFE_PP_/CLK (gt2_6t_dffasync_x1_w13_elvt)
    11    0.00   38.23   61.62  100.30 v dpath.b_reg.out[6]$_DFFE_PP_/Q (gt2_6t_dffasync_x1_w13_elvt)
                                         dpath.a_lt_b$in1[6] (net)
                 38.24    1.30  101.60 v _403_/B (gt2_6t_xnor2_x1_w13_hvt)
     2    0.00   13.86   46.47  148.07 v _403_/Y (gt2_6t_xnor2_x1_w13_hvt)
                                         _079_ (net)
                 13.86    0.17  148.23 v _404_/B (gt2_6t_nand2_x1_w13_elvt)
     1    0.00    5.35    9.37  157.60 ^ _404_/Y (gt2_6t_nand2_x1_w13_elvt)
                                         _080_ (net)
                  5.35    0.17  157.77 ^ _413_/A2 (gt2_6t_oa21_x1_w31_elvt)
     9    0.00    9.13   16.16  173.93 ^ _413_/Y (gt2_6t_oa21_x1_w31_elvt)
                                         _089_ (net)
                 11.59    5.38  179.31 ^ _452_/A2 (gt2_6t_oai21_x1_w31_elvt)
     8    0.00   15.23   19.63  198.94 v _452_/Y (gt2_6t_oai21_x1_w31_elvt)
                                         _125_ (net)
                 15.27    1.81  200.75 v _475_/B (gt2_6t_nand2_x1_w13_svt)
     1    0.00    5.30   14.20  214.95 ^ _475_/Y (gt2_6t_nand2_x1_w13_svt)
                                         _148_ (net)
                  5.30    0.16  215.11 ^ _477_/A (gt2_6t_nand3_x1_w31_elvt)
     1    0.00    4.79    6.35  221.46 v _477_/Y (gt2_6t_nand3_x1_w31_elvt)
                                         _150_ (net)
                  4.79    0.12  221.58 v _478_/B (gt2_6t_oai21_x1_w31_elvt)
     2    0.00    5.07    6.60  228.18 ^ _478_/Y (gt2_6t_oai21_x1_w31_elvt)
                                         _151_ (net)
                  5.07    0.33  228.50 ^ _479_/B (gt2_6t_nand2_x1_w31_elvt)
     1    0.00    3.22    5.17  233.67 v _479_/Y (gt2_6t_nand2_x1_w31_elvt)
                                         net109 (net)
                  3.23    0.40  234.07 v output110/A (gt2_6t_buf_x2_w13_ulvt)
     1    0.00    1.25    7.54  241.61 v output110/Y (gt2_6t_buf_x2_w13_ulvt)
                                         resp_msg[12] (net)
                  1.25    0.04  241.64 v resp_msg[12] (out)
                                241.64   data arrival time

                        500.00  500.00   clock core_clock (rise edge)
                          0.00  500.00   clock network delay (propagated)
                          0.00  500.00   clock reconvergence pessimism
                       -100.00  400.00   output external delay
                                400.00   data required time
-----------------------------------------------------------------------------
                                400.00   data required time
                               -241.64   data arrival time
-----------------------------------------------------------------------------
                                158.36   slack (MET)



==========================================================================
cts final report_checks -unconstrained
--------------------------------------------------------------------------
Startpoint: dpath.b_reg.out[6]$_DFFE_PP_
            (rising edge-triggered flip-flop clocked by core_clock)
Endpoint: resp_msg[12] (output port clocked by core_clock)
Path Group: core_clock
Path Type: max

Fanout     Cap    Slew   Delay    Time   Description
-----------------------------------------------------------------------------
                          0.00    0.00   clock core_clock (rise edge)
                          0.00    0.00   clock source latency
     1    0.00    0.00    0.00    0.00 ^ clk (in)
                                         clk (net)
                  1.22    1.00    1.00 ^ clkbuf_0_clk/A (gt2_6t_buf_x1_w31_lvt)
     4    0.00    7.18   11.14   12.14 ^ clkbuf_0_clk/Y (gt2_6t_buf_x1_w31_lvt)
                                         clknet_0_clk (net)
                  7.31    1.10   13.23 ^ clkbuf_2_0__f_clk/A (gt2_6t_buf_x1_w31_lvt)
    10    0.01   17.37   22.61   35.85 ^ clkbuf_2_0__f_clk/Y (gt2_6t_buf_x1_w31_lvt)
                                         clknet_2_0__leaf_clk (net)
                 17.84    2.82   38.67 ^ dpath.b_reg.out[6]$_DFFE_PP_/CLK (gt2_6t_dffasync_x1_w13_elvt)
    11    0.00   38.23   61.62  100.30 v dpath.b_reg.out[6]$_DFFE_PP_/Q (gt2_6t_dffasync_x1_w13_elvt)
                                         dpath.a_lt_b$in1[6] (net)
                 38.24    1.30  101.60 v _403_/B (gt2_6t_xnor2_x1_w13_hvt)
     2    0.00   13.86   46.47  148.07 v _403_/Y (gt2_6t_xnor2_x1_w13_hvt)
                                         _079_ (net)
                 13.86    0.17  148.23 v _404_/B (gt2_6t_nand2_x1_w13_elvt)
     1    0.00    5.35    9.37  157.60 ^ _404_/Y (gt2_6t_nand2_x1_w13_elvt)
                                         _080_ (net)
                  5.35    0.17  157.77 ^ _413_/A2 (gt2_6t_oa21_x1_w31_elvt)
     9    0.00    9.13   16.16  173.93 ^ _413_/Y (gt2_6t_oa21_x1_w31_elvt)
                                         _089_ (net)
                 11.59    5.38  179.31 ^ _452_/A2 (gt2_6t_oai21_x1_w31_elvt)
     8    0.00   15.23   19.63  198.94 v _452_/Y (gt2_6t_oai21_x1_w31_elvt)
                                         _125_ (net)
                 15.27    1.81  200.75 v _475_/B (gt2_6t_nand2_x1_w13_svt)
     1    0.00    5.30   14.20  214.95 ^ _475_/Y (gt2_6t_nand2_x1_w13_svt)
                                         _148_ (net)
                  5.30    0.16  215.11 ^ _477_/A (gt2_6t_nand3_x1_w31_elvt)
     1    0.00    4.79    6.35  221.46 v _477_/Y (gt2_6t_nand3_x1_w31_elvt)
                                         _150_ (net)
                  4.79    0.12  221.58 v _478_/B (gt2_6t_oai21_x1_w31_elvt)
     2    0.00    5.07    6.60  228.18 ^ _478_/Y (gt2_6t_oai21_x1_w31_elvt)
                                         _151_ (net)
                  5.07    0.33  228.50 ^ _479_/B (gt2_6t_nand2_x1_w31_elvt)
     1    0.00    3.22    5.17  233.67 v _479_/Y (gt2_6t_nand2_x1_w31_elvt)
                                         net109 (net)
                  3.23    0.40  234.07 v output110/A (gt2_6t_buf_x2_w13_ulvt)
     1    0.00    1.25    7.54  241.61 v output110/Y (gt2_6t_buf_x2_w13_ulvt)
                                         resp_msg[12] (net)
                  1.25    0.04  241.64 v resp_msg[12] (out)
                                241.64   data arrival time

                        500.00  500.00   clock core_clock (rise edge)
                          0.00  500.00   clock network delay (propagated)
                          0.00  500.00   clock reconvergence pessimism
                       -100.00  400.00   output external delay
                                400.00   data required time
-----------------------------------------------------------------------------
                                400.00   data required time
                               -241.64   data arrival time
-----------------------------------------------------------------------------
                                158.36   slack (MET)



==========================================================================
cts final report_check_types -max_slew -max_cap -max_fanout -violators
--------------------------------------------------------------------------

==========================================================================
cts final max_slew_check_slack
--------------------------------------------------------------------------
940.9401245117188

==========================================================================
cts final max_slew_check_limit
--------------------------------------------------------------------------
1000.0

==========================================================================
cts final max_slew_check_slack_limit
--------------------------------------------------------------------------
0.9409

==========================================================================
cts final max_fanout_check_slack
--------------------------------------------------------------------------
1.0000000150474662e+30

==========================================================================
cts final max_fanout_check_limit
--------------------------------------------------------------------------
1.0000000150474662e+30

==========================================================================
cts final max_capacitance_check_slack
--------------------------------------------------------------------------
0.0680418312549591

==========================================================================
cts final max_capacitance_check_limit
--------------------------------------------------------------------------
0.06871999800205231

==========================================================================
cts final max_capacitance_check_slack_limit
--------------------------------------------------------------------------
0.9901

==========================================================================
cts final max_slew_violation_count
--------------------------------------------------------------------------
max slew violation count 0

==========================================================================
cts final max_fanout_violation_count
--------------------------------------------------------------------------
max fanout violation count 0

==========================================================================
cts final max_cap_violation_count
--------------------------------------------------------------------------
max cap violation count 0

==========================================================================
cts final setup_violation_count
--------------------------------------------------------------------------
setup violation count 0

==========================================================================
cts final hold_violation_count
--------------------------------------------------------------------------
hold violation count 0

==========================================================================
cts final report_checks -path_delay max reg to reg
--------------------------------------------------------------------------
Startpoint: dpath.b_reg.out[6]$_DFFE_PP_
            (rising edge-triggered flip-flop clocked by core_clock)
Endpoint: dpath.b_reg.out[7]$_DFFE_PP_
          (rising edge-triggered flip-flop clocked by core_clock)
Path Group: core_clock
Path Type: max

  Delay    Time   Description
---------------------------------------------------------
   0.00    0.00   clock core_clock (rise edge)
   0.00    0.00   clock source latency
   0.00    0.00 ^ clk (in)
  12.14   12.14 ^ clkbuf_0_clk/Y (gt2_6t_buf_x1_w31_lvt)
  23.71   35.85 ^ clkbuf_2_0__f_clk/Y (gt2_6t_buf_x1_w31_lvt)
   2.82   38.67 ^ dpath.b_reg.out[6]$_DFFE_PP_/CLK (gt2_6t_dffasync_x1_w13_elvt)
  61.62  100.30 v dpath.b_reg.out[6]$_DFFE_PP_/Q (gt2_6t_dffasync_x1_w13_elvt)
  47.77  148.07 v _403_/Y (gt2_6t_xnor2_x1_w13_hvt)
   9.53  157.60 ^ _404_/Y (gt2_6t_nand2_x1_w13_elvt)
  16.33  173.93 ^ _413_/Y (gt2_6t_oa21_x1_w31_elvt)
  16.64  190.57 ^ _503_/Y (gt2_6t_or2_x2_w31_elvt)
  45.45  236.03 v _517_/Y (gt2_6t_nand3_x1_w31_elvt)
  30.49  266.52 v _549_/Y (gt2_6t_and2_x1_w13_svt)
   5.95  272.47 ^ _550_/Y (gt2_6t_aoi211_x1_w31_elvt)
   6.48  278.95 v _551_/Y (gt2_6t_aoi21_x1_w31_elvt)
   0.18  279.13 v dpath.b_reg.out[7]$_DFFE_PP_/D (gt2_6t_dffasync_x1_w13_elvt)
         279.13   data arrival time

 500.00  500.00   clock core_clock (rise edge)
   0.00  500.00   clock source latency
   0.00  500.00 ^ clk (in)
  12.14  512.14 ^ clkbuf_0_clk/Y (gt2_6t_buf_x1_w31_lvt)
  24.65  536.79 ^ clkbuf_2_1__f_clk/Y (gt2_6t_buf_x1_w31_lvt)
   2.10  538.89 ^ dpath.b_reg.out[7]$_DFFE_PP_/CLK (gt2_6t_dffasync_x1_w13_elvt)
   0.00  538.89   clock reconvergence pessimism
  -9.76  529.13   library setup time
         529.13   data required time
---------------------------------------------------------
         529.13   data required time
        -279.13   data arrival time
---------------------------------------------------------
         250.00   slack (MET)



==========================================================================
cts final report_checks -path_delay min reg to reg
--------------------------------------------------------------------------
Startpoint: dpath.a_reg.out[3]$_DFFE_PP_
            (rising edge-triggered flip-flop clocked by core_clock)
Endpoint: dpath.b_reg.out[3]$_DFFE_PP_
          (rising edge-triggered flip-flop clocked by core_clock)
Path Group: core_clock
Path Type: min

  Delay    Time   Description
---------------------------------------------------------
   0.00    0.00   clock core_clock (rise edge)
   0.00    0.00   clock source latency
   0.00    0.00 ^ clk (in)
  12.14   12.14 ^ clkbuf_0_clk/Y (gt2_6t_buf_x1_w31_lvt)
  23.71   35.85 ^ clkbuf_2_0__f_clk/Y (gt2_6t_buf_x1_w31_lvt)
   5.20   41.05 ^ dpath.a_reg.out[3]$_DFFE_PP_/CLK (gt2_6t_dffasync_x1_w13_elvt)
  34.49   75.54 ^ dpath.a_reg.out[3]$_DFFE_PP_/Q (gt2_6t_dffasync_x1_w13_elvt)
   9.73   85.26 v _567_/Y (gt2_6t_aoi211_x1_w31_elvt)
   4.31   89.57 ^ _568_/Y (gt2_6t_aoi21_x1_w31_elvt)
   0.09   89.67 ^ dpath.b_reg.out[3]$_DFFE_PP_/D (gt2_6t_dffasync_x1_w13_elvt)
          89.67   data arrival time

   0.00    0.00   clock core_clock (rise edge)
   0.00    0.00   clock source latency
   0.00    0.00 ^ clk (in)
  12.14   12.14 ^ clkbuf_0_clk/Y (gt2_6t_buf_x1_w31_lvt)
  23.71   35.85 ^ clkbuf_2_0__f_clk/Y (gt2_6t_buf_x1_w31_lvt)
   6.64   42.49 ^ dpath.b_reg.out[3]$_DFFE_PP_/CLK (gt2_6t_dffasync_x1_w13_elvt)
   0.00   42.49   clock reconvergence pessimism
   5.77   48.26   library hold time
          48.26   data required time
---------------------------------------------------------
          48.26   data required time
         -89.67   data arrival time
---------------------------------------------------------
          41.41   slack (MET)



==========================================================================
cts final critical path target clock latency max path
--------------------------------------------------------------------------
41.9880

==========================================================================
cts final critical path target clock latency min path
--------------------------------------------------------------------------
41.7506

==========================================================================
cts final critical path source clock latency min path
--------------------------------------------------------------------------
0.0000

==========================================================================
cts final critical path delay
--------------------------------------------------------------------------
241.6444

==========================================================================
cts final critical path slack
--------------------------------------------------------------------------
158.3556

==========================================================================
cts final slack div critical path delay
--------------------------------------------------------------------------
65.532493

==========================================================================
cts final report_power
--------------------------------------------------------------------------
Group                  Internal  Switching    Leakage      Total
                          Power      Power      Power      Power (Watts)
----------------------------------------------------------------
Sequential             5.62e-05   1.16e-05   1.57e-06   6.94e-05  32.1%
Combinational          4.51e-05   5.67e-05   1.00e-05   1.12e-04  51.7%
Clock                  3.76e-06   3.11e-05   1.25e-07   3.50e-05  16.2%
Macro                  0.00e+00   0.00e+00   0.00e+00   0.00e+00   0.0%
Pad                    0.00e+00   0.00e+00   0.00e+00   0.00e+00   0.0%
----------------------------------------------------------------
Total                  1.05e-04   9.94e-05   1.17e-05   2.16e-04 100.0%
                          48.6%      46.0%       5.4%
