
 /----------------------------------------------------------------------------\
 |  yosys -- Yosys Open SYnthesis Suite                                       |
 |  Copyright (C) 2012 - 2026  Claire Xenia Wolf <claire@yosyshq.com>         |
 |  Distributed under an ISC-like license, type "license" to see terms        |
 \----------------------------------------------------------------------------/
 Yosys 0.69+ (git sha1 e8db64c60, Release, Clang /usr/bin/clang++ 18.1.3)

-- Executing script file `netlists/MAIN/B_dot2_s_w8__tree_ripple.ys' --

1. Executing Verilog-2005 frontend: rtl/B_dot2_s_w8.v
Parsing SystemVerilog input from `rtl/B_dot2_s_w8.v' to AST representation.
Generating RTLIL representation for module `\top'.
Successfully finished Verilog frontend.

2. Executing HIERARCHY pass (managing design hierarchy).

2.1. Analyzing design hierarchy..
Top module:  \top

2.2. Analyzing design hierarchy..
Top module:  \top
Removed 0 unused modules.

3. Executing PROC pass (convert processes to netlists).

3.1. Executing PROC_CLEAN pass (remove empty switches from decision trees).
Cleaned up 0 empty switches.

3.2. Executing PROC_RMDEAD pass (remove dead branches from decision trees).
Removed a total of 0 dead cases.

3.3. Executing PROC_PRUNE pass (remove redundant assignments in processes).
Removed 0 redundant assignments.
Promoted 0 assignments to connections.

3.4. Executing PROC_INIT pass (extract init attributes).

3.5. Executing PROC_ARST pass (detect async resets in processes).

3.6. Executing PROC_ROM pass (convert switches to ROMs).
Converted 0 switches.

3.7. Executing PROC_MUX pass (convert decision trees to multiplexers).

3.8. Executing PROC_DLATCH pass (convert process syncs to latches).

3.9. Executing PROC_DFF pass (convert process syncs to FFs).

3.10. Executing PROC_MEMWR pass (convert process memory writes to cells).

3.11. Executing PROC_CLEAN pass (remove empty switches from decision trees).
Cleaned up 0 empty switches.

3.12. Executing OPT_EXPR pass (perform const folding).
Optimizing module top.

4. Executing OPT_EXPR pass (perform const folding).
Optimizing module top.

5. Executing CHECK pass (checking for obvious problems).
Checking module top...
Found and reported 0 problems.

6. Executing OPT_CLEAN pass (remove unused cells and wires).
Finding unused cells or wires in module \top..
Removed 0 unused cells and 1 unused wires.
<suppressed ~1 debug messages>

7. Executing OPT pass (performing simple optimizations).

7.1. Executing OPT_EXPR pass (perform const folding).
Optimizing module top.

7.2. Executing OPT_MERGE pass (detect identical cells).
Finding identical cells in module `\top'.
Computing hashes of 3 cells of `\top'.
Finding duplicate cells in `\top'.
Removed a total of 0 cells.

7.3. Executing OPT_MUXTREE pass (detect dead branches in mux trees).
Running muxtree optimizer on module \top..
  Creating internal representation of mux trees.
  No muxes found in this module.
Removed 0 multiplexer ports.

7.4. Executing OPT_REDUCE pass (consolidate $*mux and $reduce_* inputs).
  Optimizing cells in module \top.
Performed a total of 0 changes.

7.5. Executing OPT_MERGE pass (detect identical cells).
Finding identical cells in module `\top'.
Computing hashes of 3 cells of `\top'.
Finding duplicate cells in `\top'.
Removed a total of 0 cells.

7.6. Executing OPT_DFF pass (perform DFF optimizations).

7.7. Executing OPT_CLEAN pass (remove unused cells and wires).
Finding unused cells or wires in module \top..

7.8. Executing OPT_EXPR pass (perform const folding).
Optimizing module top.

7.9. Finished fast OPT passes. (There is nothing left to do.)

8. Executing FSM pass (extract and optimize FSM).

8.1. Executing FSM_DETECT pass (finding FSMs in design).

8.2. Executing FSM_EXTRACT pass (extracting FSM from design).

8.3. Executing FSM_OPT pass (simple optimizations of FSMs).

8.4. Executing OPT_CLEAN pass (remove unused cells and wires).
Finding unused cells or wires in module \top..

8.5. Executing FSM_OPT pass (simple optimizations of FSMs).

8.6. Executing FSM_RECODE pass (re-assigning FSM state encoding).

8.7. Executing FSM_INFO pass (dumping all available information on FSM cells).

8.8. Executing FSM_MAP pass (mapping FSMs to basic logic).

9. Executing OPT pass (performing simple optimizations).

9.1. Executing OPT_EXPR pass (perform const folding).
Optimizing module top.

9.2. Executing OPT_MERGE pass (detect identical cells).
Finding identical cells in module `\top'.
Computing hashes of 3 cells of `\top'.
Finding duplicate cells in `\top'.
Removed a total of 0 cells.

9.3. Executing OPT_MUXTREE pass (detect dead branches in mux trees).
Running muxtree optimizer on module \top..
  Creating internal representation of mux trees.
  No muxes found in this module.
Removed 0 multiplexer ports.

9.4. Executing OPT_REDUCE pass (consolidate $*mux and $reduce_* inputs).
  Optimizing cells in module \top.
Performed a total of 0 changes.

9.5. Executing OPT_MERGE pass (detect identical cells).
Finding identical cells in module `\top'.
Computing hashes of 3 cells of `\top'.
Finding duplicate cells in `\top'.
Removed a total of 0 cells.

9.6. Executing OPT_DFF pass (perform DFF optimizations).

9.7. Executing OPT_CLEAN pass (remove unused cells and wires).
Finding unused cells or wires in module \top..

9.8. Executing OPT_EXPR pass (perform const folding).
Optimizing module top.

9.9. Finished fast OPT passes. (There is nothing left to do.)

10. Executing WREDUCE pass (reducing word size of cells).
Removed top 1 bits (of 17) from port Y of cell top.$mul$rtl/B_dot2_s_w8.v:2$1 ($mul).
Removed top 1 bits (of 17) from port Y of cell top.$mul$rtl/B_dot2_s_w8.v:2$2 ($mul).
Converting cell top.$add$rtl/B_dot2_s_w8.v:2$3 ($add) from unsigned to signed.
Removed top 1 bits (of 17) from port A of cell top.$add$rtl/B_dot2_s_w8.v:2$3 ($add).
Removed top 1 bits (of 17) from port B of cell top.$add$rtl/B_dot2_s_w8.v:2$3 ($add).

11. Executing PEEPOPT pass (run peephole optimizers).

12. Executing OPT_CLEAN pass (remove unused cells and wires).
Finding unused cells or wires in module \top..

13. Executing ALUMACC pass (create $alu and $macc cells).
Extracting $alu and $macc cells in module top:
  creating $macc model for $add$rtl/B_dot2_s_w8.v:2$3 ($add).
  creating $macc model for $mul$rtl/B_dot2_s_w8.v:2$2 ($mul).
  creating $macc model for $mul$rtl/B_dot2_s_w8.v:2$1 ($mul).
  merging $macc model for $mul$rtl/B_dot2_s_w8.v:2$1 into $add$rtl/B_dot2_s_w8.v:2$3.
  merging $macc model for $mul$rtl/B_dot2_s_w8.v:2$2 into $add$rtl/B_dot2_s_w8.v:2$3.
  creating $macc cell for $add$rtl/B_dot2_s_w8.v:2$3: $auto$alumacc.cc:399:replace_macc$4
  created 0 $alu and 1 $macc cells.

14. Executing ARITH_TREE pass.
    CompressorTree::reduce_scheduled: 7 levels, 20 $fa (10 as 4:2), final depth 8

15. Executing SHARE pass (SAT-based resource sharing).
Found 2 cells in module top that may be considered for resource sharing.
  Analyzing resource sharing options for $mul$rtl/B_dot2_s_w8.v:2$1 ($mul):
    Found cell that is never activated: $mul$rtl/B_dot2_s_w8.v:2$1
    Cell is never active. Sharing is pointless, we simply remove it.
  Analyzing resource sharing options for $mul$rtl/B_dot2_s_w8.v:2$2 ($mul):
    Found cell that is never activated: $mul$rtl/B_dot2_s_w8.v:2$2
    Cell is never active. Sharing is pointless, we simply remove it.
Removing 2 cells in module top:
  Removing cell $mul$rtl/B_dot2_s_w8.v:2$2 ($mul).
  Removing cell $mul$rtl/B_dot2_s_w8.v:2$1 ($mul).

16. Executing OPT pass (performing simple optimizations).

16.1. Executing OPT_EXPR pass (perform const folding).
Optimizing module top.
<suppressed ~16 debug messages>

16.2. Executing OPT_MERGE pass (detect identical cells).
Finding identical cells in module `\top'.
Computing hashes of 53 cells of `\top'.
Finding duplicate cells in `\top'.
Removed a total of 0 cells.

16.3. Executing OPT_MUXTREE pass (detect dead branches in mux trees).
Running muxtree optimizer on module \top..
  Creating internal representation of mux trees.
  No muxes found in this module.
Removed 0 multiplexer ports.

16.4. Executing OPT_REDUCE pass (consolidate $*mux and $reduce_* inputs).
  Optimizing cells in module \top.
Performed a total of 0 changes.

16.5. Executing OPT_MERGE pass (detect identical cells).
Finding identical cells in module `\top'.
Computing hashes of 53 cells of `\top'.
Finding duplicate cells in `\top'.
Removed a total of 0 cells.

16.6. Executing OPT_DFF pass (perform DFF optimizations).

16.7. Executing OPT_CLEAN pass (remove unused cells and wires).
Finding unused cells or wires in module \top..
Removed 0 unused cells and 18 unused wires.
<suppressed ~1 debug messages>

16.8. Executing OPT_EXPR pass (perform const folding).
Optimizing module top.

16.9. Rerunning OPT passes. (Maybe there is more to do..)

16.10. Executing OPT_MUXTREE pass (detect dead branches in mux trees).
Running muxtree optimizer on module \top..
  Creating internal representation of mux trees.
  No muxes found in this module.
Removed 0 multiplexer ports.

16.11. Executing OPT_REDUCE pass (consolidate $*mux and $reduce_* inputs).
  Optimizing cells in module \top.
Performed a total of 0 changes.

16.12. Executing OPT_MERGE pass (detect identical cells).
Finding identical cells in module `\top'.
Computing hashes of 53 cells of `\top'.
Finding duplicate cells in `\top'.
Removed a total of 0 cells.

16.13. Executing OPT_DFF pass (perform DFF optimizations).

16.14. Executing OPT_CLEAN pass (remove unused cells and wires).
Finding unused cells or wires in module \top..

16.15. Executing OPT_EXPR pass (perform const folding).
Optimizing module top.

16.16. Finished fast OPT passes. (There is nothing left to do.)

17. Executing MEMORY pass.

17.1. Executing OPT_MEM pass (optimize memories).
Performed a total of 0 transformations.

17.2. Executing OPT_MEM_PRIORITY pass (removing unnecessary memory write priority relations).
Performed a total of 0 transformations.

17.3. Executing OPT_MEM_FEEDBACK pass (finding memory read-to-write feedback paths).

17.4. Executing MEMORY_BMUX2ROM pass (converting muxes to ROMs).

17.5. Executing MEMORY_DFF pass (merging $dff cells to $memrd).

17.6. Executing OPT_CLEAN pass (remove unused cells and wires).
Finding unused cells or wires in module \top..

17.7. Executing MEMORY_SHARE pass (consolidating $memrd/$memwr cells).

17.8. Executing OPT_MEM_WIDEN pass (optimize memories where all ports are wide).
Performed a total of 0 transformations.

17.9. Executing OPT_CLEAN pass (remove unused cells and wires).
Finding unused cells or wires in module \top..

17.10. Executing MEMORY_COLLECT pass (generating $mem cells).

18. Executing OPT_CLEAN pass (remove unused cells and wires).
Finding unused cells or wires in module \top..

19. Executing OPT pass (performing simple optimizations).

19.1. Executing OPT_EXPR pass (perform const folding).
Optimizing module top.
<suppressed ~129 debug messages>

19.2. Executing OPT_MERGE pass (detect identical cells).
Finding identical cells in module `\top'.
Computing hashes of 53 cells of `\top'.
Finding duplicate cells in `\top'.
Removed a total of 0 cells.

19.3. Executing OPT_DFF pass (perform DFF optimizations).

19.4. Executing OPT_CLEAN pass (remove unused cells and wires).
Finding unused cells or wires in module \top..
Removed 0 unused cells and 32 unused wires.
<suppressed ~1 debug messages>

19.5. Finished fast OPT passes.

20. Executing MEMORY_MAP pass (converting memories to logic and flip-flops).

21. Executing OPT pass (performing simple optimizations).

21.1. Executing OPT_EXPR pass (perform const folding).
Optimizing module top.

21.2. Executing OPT_MERGE pass (detect identical cells).
Finding identical cells in module `\top'.
Computing hashes of 53 cells of `\top'.
Finding duplicate cells in `\top'.
Removed a total of 0 cells.

21.3. Executing OPT_MUXTREE pass (detect dead branches in mux trees).
Running muxtree optimizer on module \top..
  Creating internal representation of mux trees.
  No muxes found in this module.
Removed 0 multiplexer ports.

21.4. Executing OPT_REDUCE pass (consolidate $*mux and $reduce_* inputs).
  Optimizing cells in module \top.
Performed a total of 0 changes.

21.5. Executing OPT_MERGE pass (detect identical cells).
Finding identical cells in module `\top'.
Computing hashes of 53 cells of `\top'.
Finding duplicate cells in `\top'.
Removed a total of 0 cells.

21.6. Executing OPT_SHARE pass.

21.7. Executing OPT_DFF pass (perform DFF optimizations).

21.8. Executing OPT_CLEAN pass (remove unused cells and wires).
Finding unused cells or wires in module \top..

21.9. Executing OPT_EXPR pass (perform const folding).
Optimizing module top.

21.10. Finished fast OPT passes. (There is nothing left to do.)

22. Executing TECHMAP pass (map to technology primitives).

22.1. Executing Verilog-2005 frontend: /build/share/techmap.v
Parsing Verilog input from `/build/share/techmap.v' to AST representation.
Generating RTLIL representation for module `\_90_simplemap_bool_ops'.
Generating RTLIL representation for module `\_90_simplemap_reduce_ops'.
Generating RTLIL representation for module `\_90_simplemap_logic_ops'.
Generating RTLIL representation for module `\_90_simplemap_compare_ops'.
Generating RTLIL representation for module `\_90_simplemap_various'.
Generating RTLIL representation for module `\_90_simplemap_registers'.
Generating RTLIL representation for module `\_90_shift_ops_shr_shl_sshl_sshr'.
Generating RTLIL representation for module `\_90_shift_shiftx'.
Generating RTLIL representation for module `\_90_fa'.
Generating RTLIL representation for module `\_90_lcu_brent_kung'.
Generating RTLIL representation for module `\_90_alu'.
Generating RTLIL representation for module `\_90_macc'.
Generating RTLIL representation for module `\_90_alumacc'.
Generating RTLIL representation for module `$__div_mod_u'.
Generating RTLIL representation for module `$__div_mod_trunc'.
Generating RTLIL representation for module `\_90_div'.
Generating RTLIL representation for module `\_90_mod'.
Generating RTLIL representation for module `$__div_mod_floor'.
Generating RTLIL representation for module `\_90_divfloor'.
Generating RTLIL representation for module `\_90_modfloor'.
Generating RTLIL representation for module `\_90_pow'.
Generating RTLIL representation for module `\_90_demux'.
Generating RTLIL representation for module `\_90_lut'.
Generating RTLIL representation for module `$connect'.
Generating RTLIL representation for module `$input_port'.
Successfully finished Verilog frontend.

22.2. Continuing TECHMAP pass.
Using extmapper simplemap for cells of type $and.
Using extmapper simplemap for cells of type $not.
Running "alumacc" on wrapper $extern:wrap:$add:Y_WIDTH=16:B_WIDTH=16:A_WIDTH=16:B_SIGNED=0:A_SIGNED=0:394426c56d1a028ba8fdd5469b163e04011def47.
Using template $extern:wrap:$add:Y_WIDTH=16:B_WIDTH=16:A_WIDTH=16:B_SIGNED=0:A_SIGNED=0:394426c56d1a028ba8fdd5469b163e04011def47 for cells of type $extern:wrap:$add:Y_WIDTH=16:B_WIDTH=16:A_WIDTH=16:B_SIGNED=0:A_SIGNED=0:394426c56d1a028ba8fdd5469b163e04011def47.
Using template $paramod\_90_fa\WIDTH=32'00000000000000000000000000010001 for cells of type $fa.
Using template $paramod$6df0329addda9228fcc2546de2aaf14ad26c98e1\_90_alu for cells of type $alu.
Using extmapper simplemap for cells of type $or.
Using extmapper simplemap for cells of type $xor.
Using template $paramod\_90_fa\WIDTH=32'00000000000000000000000000010000 for cells of type $fa.
Using template $paramod\_90_lcu_brent_kung\WIDTH=32'00000000000000000000000000010000 for cells of type $lcu.
Using extmapper simplemap for cells of type $pos.
Using extmapper simplemap for cells of type $mux.
No more expansions possible.
<suppressed ~458 debug messages>

23. Executing OPT pass (performing simple optimizations).

23.1. Executing OPT_EXPR pass (perform const folding).
Optimizing module top.
<suppressed ~1143 debug messages>

23.2. Executing OPT_MERGE pass (detect identical cells).
Finding identical cells in module `\top'.
Computing hashes of 914 cells of `\top'.
Finding duplicate cells in `\top'.
Removed a total of 0 cells.

23.3. Executing OPT_DFF pass (perform DFF optimizations).

23.4. Executing OPT_CLEAN pass (remove unused cells and wires).
Finding unused cells or wires in module \top..
Removed 30 unused cells and 283 unused wires.
<suppressed ~31 debug messages>

23.5. Finished fast OPT passes.

24. Executing ABC pass (technology mapping using ABC).

24.1. Summary of detected clock domains:
  884 cells in clk={ }, en={ }, arst={ }, srst={ }

24.2. Extracting gate netlist of module `\top' to `<abc-temp-dir>/input.blif'..
No matching clock domain found. Not extracting any FF cells.

24.2.1. Executed ABC.
Extracted 884 gates and 916 wires to a netlist network with 32 inputs and 17 outputs.
Running ABC script: <abc-temp-dir>/abc.script
ABC: UC Berkeley, ABC 1.01 (compiled Sep 21 2026 18:22:00)
ABC: abc 01> empty
ABC: abc 01> source <abc-temp-dir>/abc.script
ABC: + read_blif <abc-temp-dir>/input.blif 
ABC: + read_library <abc-temp-dir>/stdcells.genlib 
ABC: + strash 
ABC: + &get -n 
ABC: + &fraig -x 
ABC: + &put 
ABC: + scorr 
ABC: Warning: The network is combinational (run "fraig" or "fraig_sweep").
ABC: + dc2 
ABC: + dretime 
ABC: + strash 
ABC: + &get -n 
ABC: + &dch -f 
ABC: + &nf 
ABC: + &put 
ABC: + write_blif <abc-temp-dir>/output.blif 
ABC: 
ABC: YOSYS_ABC_DONE 

24.2.2. Re-integrating ABC results.
ABC RESULTS:               AND cells:      161
ABC RESULTS:            ANDNOT cells:        1
ABC RESULTS:               MUX cells:        2
ABC RESULTS:              NAND cells:      368
ABC RESULTS:               NOR cells:        3
ABC RESULTS:               NOT cells:        2
ABC RESULTS:                OR cells:        2
ABC RESULTS:             ORNOT cells:        1
ABC RESULTS:              XNOR cells:       18
ABC RESULTS:               XOR cells:      263
ABC RESULTS:        internal signals:      867
ABC RESULTS:           input signals:       32
ABC RESULTS:          output signals:       17
Removing temp directory.
Removing global temp directory.

25. Executing OPT pass (performing simple optimizations).

25.1. Executing OPT_EXPR pass (perform const folding).
Optimizing module top.

25.2. Executing OPT_MERGE pass (detect identical cells).
Finding identical cells in module `\top'.
Computing hashes of 821 cells of `\top'.
Finding duplicate cells in `\top'.
Removed a total of 0 cells.

25.3. Executing OPT_DFF pass (perform DFF optimizations).

25.4. Executing OPT_CLEAN pass (remove unused cells and wires).
Finding unused cells or wires in module \top..
Removed 0 unused cells and 198 unused wires.
<suppressed ~1 debug messages>

25.5. Finished fast OPT passes.

26. Executing HIERARCHY pass (managing design hierarchy).
Attribute `top' found on module `top'. Setting top module to top.

26.1. Analyzing design hierarchy..
Top module:  \top

26.2. Analyzing design hierarchy..
Top module:  \top
Removed 0 unused modules.

27. Printing statistics.

=== top ===

        +----------Local Count, excluding submodules.
        | 
      809 wires
      853 wire bits
        5 public wires
       49 public wire bits
        5 ports
       49 port bits
      821 cells
        1   $_ANDNOT_
      161   $_AND_
        2   $_MUX_
      368   $_NAND_
        3   $_NOR_
        2   $_NOT_
        1   $_ORNOT_
        2   $_OR_
       18   $_XNOR_
      263   $_XOR_

28. Executing CHECK pass (checking for obvious problems).
Checking module top...
Found and reported 0 problems.

29. Executing AIGMAP pass (map logic to AIG).
Module top: replaced 658 cells with 2757 new cells, skipped 163 cells.
  replaced 8 cell types:
       1 $_ANDNOT_
       2 $_MUX_
     368 $_NAND_
       3 $_NOR_
       1 $_ORNOT_
       2 $_OR_
      18 $_XNOR_
     263 $_XOR_
  not replaced 2 cell types:
     161 $_AND_
       2 $_NOT_

30. Executing OPT_CLEAN pass (remove unused cells and wires).
Finding unused cells or wires in module \top..
Removed 0 unused cells and 658 unused wires.
<suppressed ~1 debug messages>

31. Executing AIGER backend.

End of script. Logfile hash: 7288d7d820, time: 0.67s, user: 0.12s, system: 0.05s, MEM: 22.71 MB peak
Yosys 0.69+ (git sha1 e8db64c60, Release, Clang /usr/bin/clang++ 18.1.3)
Time spent: 57% 1x abc (0 sec), 8% 16x opt_clean (0 sec), ...
