
 /----------------------------------------------------------------------------\
 |  yosys -- Yosys Open SYnthesis Suite                                       |
 |  Copyright (C) 2012 - 2026  Claire Xenia Wolf <claire@yosyshq.com>         |
 |  Distributed under an ISC-like license, type "license" to see terms        |
 \----------------------------------------------------------------------------/
 Yosys 0.69+ (git sha1 e8db64c60, Release, Clang /usr/bin/clang++ 18.1.3)

-- Executing script file `netlists/MAIN/B_mac_s_w32__booth.ys' --

1. Executing Verilog-2005 frontend: rtl/B_mac_s_w32.v
Parsing SystemVerilog input from `rtl/B_mac_s_w32.v' to AST representation.
Generating RTLIL representation for module `\top'.
Successfully finished Verilog frontend.

2. Executing SYNTH pass.

2.1. Executing HIERARCHY pass (managing design hierarchy).

2.1.1. Analyzing design hierarchy..
Top module:  \top

2.1.2. Analyzing design hierarchy..
Top module:  \top
Removed 0 unused modules.

2.2. Executing PROC pass (convert processes to netlists).

2.2.1. Executing PROC_CLEAN pass (remove empty switches from decision trees).
Cleaned up 0 empty switches.

2.2.2. Executing PROC_RMDEAD pass (remove dead branches from decision trees).
Removed a total of 0 dead cases.

2.2.3. Executing PROC_PRUNE pass (remove redundant assignments in processes).
Removed 0 redundant assignments.
Promoted 0 assignments to connections.

2.2.4. Executing PROC_INIT pass (extract init attributes).

2.2.5. Executing PROC_ARST pass (detect async resets in processes).

2.2.6. Executing PROC_ROM pass (convert switches to ROMs).
Converted 0 switches.

2.2.7. Executing PROC_MUX pass (convert decision trees to multiplexers).

2.2.8. Executing PROC_DLATCH pass (convert process syncs to latches).

2.2.9. Executing PROC_DFF pass (convert process syncs to FFs).

2.2.10. Executing PROC_MEMWR pass (convert process memory writes to cells).

2.2.11. Executing PROC_CLEAN pass (remove empty switches from decision trees).
Cleaned up 0 empty switches.

2.2.12. Executing OPT_EXPR pass (perform const folding).
Optimizing module top.

2.3. Executing OPT_EXPR pass (perform const folding).
Optimizing module top.

2.4. Executing CHECK pass (checking for obvious problems).
Checking module top...
Found and reported 0 problems.

2.5. Executing OPT_CLEAN pass (remove unused cells and wires).
Finding unused cells or wires in module \top..
Removed 0 unused cells and 1 unused wires.
<suppressed ~1 debug messages>

2.6. Executing OPT pass (performing simple optimizations).

2.6.1. Executing OPT_EXPR pass (perform const folding).
Optimizing module top.

2.6.2. Executing OPT_MERGE pass (detect identical cells).
Finding identical cells in module `\top'.
Computing hashes of 2 cells of `\top'.
Finding duplicate cells in `\top'.
Removed a total of 0 cells.

2.6.3. Executing OPT_MUXTREE pass (detect dead branches in mux trees).
Running muxtree optimizer on module \top..
  Creating internal representation of mux trees.
  No muxes found in this module.
Removed 0 multiplexer ports.

2.6.4. Executing OPT_REDUCE pass (consolidate $*mux and $reduce_* inputs).
  Optimizing cells in module \top.
Performed a total of 0 changes.

2.6.5. Executing OPT_MERGE pass (detect identical cells).
Finding identical cells in module `\top'.
Computing hashes of 2 cells of `\top'.
Finding duplicate cells in `\top'.
Removed a total of 0 cells.

2.6.6. Executing OPT_DFF pass (perform DFF optimizations).

2.6.7. Executing OPT_CLEAN pass (remove unused cells and wires).
Finding unused cells or wires in module \top..

2.6.8. Executing OPT_EXPR pass (perform const folding).
Optimizing module top.

2.6.9. Finished fast OPT passes. (There is nothing left to do.)

2.7. Executing FSM pass (extract and optimize FSM).

2.7.1. Executing FSM_DETECT pass (finding FSMs in design).

2.7.2. Executing FSM_EXTRACT pass (extracting FSM from design).

2.7.3. Executing FSM_OPT pass (simple optimizations of FSMs).

2.7.4. Executing OPT_CLEAN pass (remove unused cells and wires).
Finding unused cells or wires in module \top..

2.7.5. Executing FSM_OPT pass (simple optimizations of FSMs).

2.7.6. Executing FSM_RECODE pass (re-assigning FSM state encoding).

2.7.7. Executing FSM_INFO pass (dumping all available information on FSM cells).

2.7.8. Executing FSM_MAP pass (mapping FSMs to basic logic).

2.8. Executing OPT pass (performing simple optimizations).

2.8.1. Executing OPT_EXPR pass (perform const folding).
Optimizing module top.

2.8.2. Executing OPT_MERGE pass (detect identical cells).
Finding identical cells in module `\top'.
Computing hashes of 2 cells of `\top'.
Finding duplicate cells in `\top'.
Removed a total of 0 cells.

2.8.3. Executing OPT_MUXTREE pass (detect dead branches in mux trees).
Running muxtree optimizer on module \top..
  Creating internal representation of mux trees.
  No muxes found in this module.
Removed 0 multiplexer ports.

2.8.4. Executing OPT_REDUCE pass (consolidate $*mux and $reduce_* inputs).
  Optimizing cells in module \top.
Performed a total of 0 changes.

2.8.5. Executing OPT_MERGE pass (detect identical cells).
Finding identical cells in module `\top'.
Computing hashes of 2 cells of `\top'.
Finding duplicate cells in `\top'.
Removed a total of 0 cells.

2.8.6. Executing OPT_DFF pass (perform DFF optimizations).

2.8.7. Executing OPT_CLEAN pass (remove unused cells and wires).
Finding unused cells or wires in module \top..

2.8.8. Executing OPT_EXPR pass (perform const folding).
Optimizing module top.

2.8.9. Finished fast OPT passes. (There is nothing left to do.)

2.9. Executing WREDUCE pass (reducing word size of cells).
Removed top 1 bits (of 65) from port Y of cell top.$mul$rtl/B_mac_s_w32.v:2$1 ($mul).
Removed top 1 bits (of 65) from port A of cell top.$add$rtl/B_mac_s_w32.v:2$2 ($add).

2.10. Executing PEEPOPT pass (run peephole optimizers).

2.11. Executing OPT_CLEAN pass (remove unused cells and wires).
Finding unused cells or wires in module \top..

2.12. Executing BOOTH pass (map to Booth multipliers).
Mapping cell $mul$rtl/B_mac_s_w32.v:2$1 to signed Booth multiplier
    CompressorTree::reduce_scheduled: 6 levels, 15 $fa (0 as 4:2), final depth 6
Mapped 1 multipliers.

2.13. Executing ALUMACC pass (create $alu and $macc cells).
Extracting $alu and $macc cells in module top:
  creating $macc model for $add$rtl/B_mac_s_w32.v:2$2 ($add).
  creating $macc model for $auto$booth.cc:402:CreateBoothMult$4498 ($add).
  creating $alu model for $macc $auto$booth.cc:402:CreateBoothMult$4498.
  creating $alu model for $macc $add$rtl/B_mac_s_w32.v:2$2.
  creating $alu cell for $add$rtl/B_mac_s_w32.v:2$2: $auto$alumacc.cc:548:replace_alu$4499
  creating $alu cell for $auto$booth.cc:402:CreateBoothMult$4498: $auto$alumacc.cc:548:replace_alu$4502
  created 2 $alu and 0 $macc cells.

2.14. Executing SHARE pass (SAT-based resource sharing).

2.15. Executing OPT pass (performing simple optimizations).

2.15.1. Executing OPT_EXPR pass (perform const folding).
Optimizing module top.
<suppressed ~1 debug messages>

2.15.2. Executing OPT_MERGE pass (detect identical cells).
Finding identical cells in module `\top'.
Computing hashes of 2209 cells of `\top'.
Finding duplicate cells in `\top'.
Computing hashes of 2193 cells of `\top'.
Finding duplicate cells in `\top'.
<suppressed ~48 debug messages>
Removed a total of 16 cells.

2.15.3. Executing OPT_MUXTREE pass (detect dead branches in mux trees).
Running muxtree optimizer on module \top..
  Creating internal representation of mux trees.
  No muxes found in this module.
Removed 0 multiplexer ports.

2.15.4. Executing OPT_REDUCE pass (consolidate $*mux and $reduce_* inputs).
  Optimizing cells in module \top.
Performed a total of 0 changes.

2.15.5. Executing OPT_MERGE pass (detect identical cells).
Finding identical cells in module `\top'.
Computing hashes of 2193 cells of `\top'.
Finding duplicate cells in `\top'.
Removed a total of 0 cells.

2.15.6. Executing OPT_DFF pass (perform DFF optimizations).

2.15.7. Executing OPT_CLEAN pass (remove unused cells and wires).
Finding unused cells or wires in module \top..
Removed 1 unused cells and 82 unused wires.
<suppressed ~2 debug messages>

2.15.8. Executing OPT_EXPR pass (perform const folding).
Optimizing module top.

2.15.9. Rerunning OPT passes. (Maybe there is more to do..)

2.15.10. Executing OPT_MUXTREE pass (detect dead branches in mux trees).
Running muxtree optimizer on module \top..
  Creating internal representation of mux trees.
  No muxes found in this module.
Removed 0 multiplexer ports.

2.15.11. Executing OPT_REDUCE pass (consolidate $*mux and $reduce_* inputs).
  Optimizing cells in module \top.
Performed a total of 0 changes.

2.15.12. Executing OPT_MERGE pass (detect identical cells).
Finding identical cells in module `\top'.
Computing hashes of 2192 cells of `\top'.
Finding duplicate cells in `\top'.
Removed a total of 0 cells.

2.15.13. Executing OPT_DFF pass (perform DFF optimizations).

2.15.14. Executing OPT_CLEAN pass (remove unused cells and wires).
Finding unused cells or wires in module \top..

2.15.15. Executing OPT_EXPR pass (perform const folding).
Optimizing module top.

2.15.16. Finished fast OPT passes. (There is nothing left to do.)

2.16. Executing MEMORY pass.

2.16.1. Executing OPT_MEM pass (optimize memories).
Performed a total of 0 transformations.

2.16.2. Executing OPT_MEM_PRIORITY pass (removing unnecessary memory write priority relations).
Performed a total of 0 transformations.

2.16.3. Executing OPT_MEM_FEEDBACK pass (finding memory read-to-write feedback paths).

2.16.4. Executing MEMORY_BMUX2ROM pass (converting muxes to ROMs).

2.16.5. Executing MEMORY_DFF pass (merging $dff cells to $memrd).

2.16.6. Executing OPT_CLEAN pass (remove unused cells and wires).
Finding unused cells or wires in module \top..

2.16.7. Executing MEMORY_SHARE pass (consolidating $memrd/$memwr cells).

2.16.8. Executing OPT_MEM_WIDEN pass (optimize memories where all ports are wide).
Performed a total of 0 transformations.

2.16.9. Executing OPT_CLEAN pass (remove unused cells and wires).
Finding unused cells or wires in module \top..

2.16.10. Executing MEMORY_COLLECT pass (generating $mem cells).

2.17. Executing OPT_CLEAN pass (remove unused cells and wires).
Finding unused cells or wires in module \top..

2.18. Executing OPT pass (performing simple optimizations).

2.18.1. Executing OPT_EXPR pass (perform const folding).
Optimizing module top.
<suppressed ~1 debug messages>

2.18.2. Executing OPT_MERGE pass (detect identical cells).
Finding identical cells in module `\top'.
Computing hashes of 2192 cells of `\top'.
Finding duplicate cells in `\top'.
Removed a total of 0 cells.

2.18.3. Executing OPT_DFF pass (perform DFF optimizations).

2.18.4. Executing OPT_CLEAN pass (remove unused cells and wires).
Finding unused cells or wires in module \top..

2.18.5. Finished fast OPT passes.

2.19. Executing MEMORY_MAP pass (converting memories to logic and flip-flops).

2.20. Executing OPT pass (performing simple optimizations).

2.20.1. Executing OPT_EXPR pass (perform const folding).
Optimizing module top.

2.20.2. Executing OPT_MERGE pass (detect identical cells).
Finding identical cells in module `\top'.
Computing hashes of 2192 cells of `\top'.
Finding duplicate cells in `\top'.
Removed a total of 0 cells.

2.20.3. Executing OPT_MUXTREE pass (detect dead branches in mux trees).
Running muxtree optimizer on module \top..
  Creating internal representation of mux trees.
  No muxes found in this module.
Removed 0 multiplexer ports.

2.20.4. Executing OPT_REDUCE pass (consolidate $*mux and $reduce_* inputs).
  Optimizing cells in module \top.
Performed a total of 0 changes.

2.20.5. Executing OPT_MERGE pass (detect identical cells).
Finding identical cells in module `\top'.
Computing hashes of 2192 cells of `\top'.
Finding duplicate cells in `\top'.
Removed a total of 0 cells.

2.20.6. Executing OPT_SHARE pass.

2.20.7. Executing OPT_DFF pass (perform DFF optimizations).

2.20.8. Executing OPT_CLEAN pass (remove unused cells and wires).
Finding unused cells or wires in module \top..

2.20.9. Executing OPT_EXPR pass (perform const folding).
Optimizing module top.

2.20.10. Finished fast OPT passes. (There is nothing left to do.)

2.21. Executing TECHMAP pass (map to technology primitives).

2.21.1. Executing Verilog-2005 frontend: /build/share/techmap.v
Parsing Verilog input from `/build/share/techmap.v' to AST representation.
Generating RTLIL representation for module `\_90_simplemap_bool_ops'.
Generating RTLIL representation for module `\_90_simplemap_reduce_ops'.
Generating RTLIL representation for module `\_90_simplemap_logic_ops'.
Generating RTLIL representation for module `\_90_simplemap_compare_ops'.
Generating RTLIL representation for module `\_90_simplemap_various'.
Generating RTLIL representation for module `\_90_simplemap_registers'.
Generating RTLIL representation for module `\_90_shift_ops_shr_shl_sshl_sshr'.
Generating RTLIL representation for module `\_90_shift_shiftx'.
Generating RTLIL representation for module `\_90_fa'.
Generating RTLIL representation for module `\_90_lcu_brent_kung'.
Generating RTLIL representation for module `\_90_alu'.
Generating RTLIL representation for module `\_90_macc'.
Generating RTLIL representation for module `\_90_alumacc'.
Generating RTLIL representation for module `$__div_mod_u'.
Generating RTLIL representation for module `$__div_mod_trunc'.
Generating RTLIL representation for module `\_90_div'.
Generating RTLIL representation for module `\_90_mod'.
Generating RTLIL representation for module `$__div_mod_floor'.
Generating RTLIL representation for module `\_90_divfloor'.
Generating RTLIL representation for module `\_90_modfloor'.
Generating RTLIL representation for module `\_90_pow'.
Generating RTLIL representation for module `\_90_demux'.
Generating RTLIL representation for module `\_90_lut'.
Generating RTLIL representation for module `$connect'.
Generating RTLIL representation for module `$input_port'.
Successfully finished Verilog frontend.

2.21.2. Continuing TECHMAP pass.
Using template $paramod\_90_fa\WIDTH=32'00000000000000000000000001000000 for cells of type $fa.
Using template $paramod$d2455104d750d99d2c2ad573b55e75e857f021ee\_90_alu for cells of type $alu.
Using template $paramod$eae77c8810a0e9d7d8d00203455be6a44da79b12\_90_alu for cells of type $alu.
Using extmapper simplemap for cells of type $or.
Using extmapper simplemap for cells of type $xor.
Using extmapper simplemap for cells of type $and.
Using template $paramod\_90_fa\WIDTH=32'00000000000000000000000000111111 for cells of type $fa.
Using template $paramod\_90_lcu_brent_kung\WIDTH=32'00000000000000000000000000111111 for cells of type $lcu.
Using extmapper simplemap for cells of type $pos.
Using extmapper simplemap for cells of type $mux.
Using extmapper simplemap for cells of type $not.
Using template $paramod\_90_fa\WIDTH=32'00000000000000000000000001000001 for cells of type $fa.
Using template $paramod\_90_lcu_brent_kung\WIDTH=32'00000000000000000000000001000001 for cells of type $lcu.
No more expansions possible.
<suppressed ~1137 debug messages>

2.22. Executing OPT pass (performing simple optimizations).

2.22.1. Executing OPT_EXPR pass (perform const folding).
Optimizing module top.
<suppressed ~2809 debug messages>

2.22.2. Executing OPT_MERGE pass (detect identical cells).
Finding identical cells in module `\top'.
Computing hashes of 5794 cells of `\top'.
Finding duplicate cells in `\top'.
Computing hashes of 5786 cells of `\top'.
Finding duplicate cells in `\top'.
<suppressed ~24 debug messages>
Removed a total of 8 cells.

2.22.3. Executing OPT_DFF pass (perform DFF optimizations).

2.22.4. Executing OPT_CLEAN pass (remove unused cells and wires).
Finding unused cells or wires in module \top..
Removed 133 unused cells and 795 unused wires.
<suppressed ~134 debug messages>

2.22.5. Finished fast OPT passes.

2.23. Executing ABC pass (technology mapping using ABC).

2.23.1. Summary of detected clock domains:
  5653 cells in clk={ }, en={ }, arst={ }, srst={ }

2.23.2. Extracting gate netlist of module `\top' to `<abc-temp-dir>/input.blif'..
No matching clock domain found. Not extracting any FF cells.

2.23.2.1. Executed ABC.
Extracted 5653 gates and 5781 wires to a netlist network with 128 inputs and 65 outputs.
Running ABC script: <abc-temp-dir>/abc.script
ABC: UC Berkeley, ABC 1.01 (compiled Sep 21 2026 18:22:00)
ABC: abc 01> empty
ABC: abc 01> source <abc-temp-dir>/abc.script
ABC: + read_blif <abc-temp-dir>/input.blif 
ABC: + read_library <abc-temp-dir>/stdcells.genlib 
ABC: + strash 
ABC: + &get -n 
ABC: + &fraig -x 
ABC: + &put 
ABC: + scorr 
ABC: Warning: The network is combinational (run "fraig" or "fraig_sweep").
ABC: + dc2 
ABC: + dretime 
ABC: + strash 
ABC: + &get -n 
ABC: + &dch -f 
ABC: + &nf 
ABC: + &put 
ABC: + write_blif <abc-temp-dir>/output.blif 
ABC: 
ABC: YOSYS_ABC_DONE 

2.23.2.2. Re-integrating ABC results.
ABC RESULTS:               AND cells:      784
ABC RESULTS:            ANDNOT cells:       48
ABC RESULTS:               MUX cells:       84
ABC RESULTS:              NAND cells:     2339
ABC RESULTS:               NOR cells:       18
ABC RESULTS:               NOT cells:        2
ABC RESULTS:                OR cells:      174
ABC RESULTS:             ORNOT cells:      107
ABC RESULTS:              XNOR cells:      648
ABC RESULTS:               XOR cells:     1062
ABC RESULTS:        internal signals:     5588
ABC RESULTS:           input signals:      128
ABC RESULTS:          output signals:       65
Removing temp directory.
Removing global temp directory.

2.24. Executing OPT pass (performing simple optimizations).

2.24.1. Executing OPT_EXPR pass (perform const folding).
Optimizing module top.

2.24.2. Executing OPT_MERGE pass (detect identical cells).
Finding identical cells in module `\top'.
Computing hashes of 5266 cells of `\top'.
Finding duplicate cells in `\top'.
Removed a total of 0 cells.

2.24.3. Executing OPT_DFF pass (perform DFF optimizations).

2.24.4. Executing OPT_CLEAN pass (remove unused cells and wires).
Finding unused cells or wires in module \top..
Removed 0 unused cells and 2355 unused wires.
<suppressed ~1 debug messages>

2.24.5. Finished fast OPT passes.

2.25. Executing HIERARCHY pass (managing design hierarchy).
Attribute `top' found on module `top'. Setting top module to top.

2.25.1. Analyzing design hierarchy..
Top module:  \top

2.25.2. Analyzing design hierarchy..
Top module:  \top
Removed 0 unused modules.

2.26. Printing statistics.

=== top ===

        +----------Local Count, excluding submodules.
        | 
     5205 wires
     5394 wire bits
        4 public wires
      193 public wire bits
        4 ports
      193 port bits
     5266 cells
       48   $_ANDNOT_
      784   $_AND_
       84   $_MUX_
     2339   $_NAND_
       18   $_NOR_
        2   $_NOT_
      107   $_ORNOT_
      174   $_OR_
      648   $_XNOR_
     1062   $_XOR_

2.27. Executing CHECK pass (checking for obvious problems).
Checking module top...
Found and reported 0 problems.

3. Executing AIGMAP pass (map logic to AIG).
Module top: replaced 4480 cells with 19051 new cells, skipped 786 cells.
  replaced 8 cell types:
      48 $_ANDNOT_
      84 $_MUX_
    2339 $_NAND_
      18 $_NOR_
     107 $_ORNOT_
     174 $_OR_
     648 $_XNOR_
    1062 $_XOR_
  not replaced 2 cell types:
     784 $_AND_
       2 $_NOT_

4. Executing OPT_CLEAN pass (remove unused cells and wires).
Finding unused cells or wires in module \top..
Removed 0 unused cells and 4480 unused wires.
<suppressed ~1 debug messages>

5. Executing AIGER backend.

End of script. Logfile hash: f6307461ce, time: 3.37s, user: 1.01s, system: 0.17s, MEM: 44.70 MB peak
Yosys 0.69+ (git sha1 e8db64c60, Release, Clang /usr/bin/clang++ 18.1.3)
Time spent: 60% 1x abc (1 sec), 12% 17x opt_clean (0 sec), ...
