
 /----------------------------------------------------------------------------\
 |  yosys -- Yosys Open SYnthesis Suite                                       |
 |  Copyright (C) 2012 - 2026  Claire Xenia Wolf <claire@yosyshq.com>         |
 |  Distributed under an ISC-like license, type "license" to see terms        |
 \----------------------------------------------------------------------------/
 Yosys 0.69+ (git sha1 e8db64c60, Release, Clang /usr/bin/clang++ 18.1.3)

-- Executing script file `netlists/MAIN/C_msubw_s_w32_y80__tree.ys' --

1. Executing Verilog-2005 frontend: rtl/C_msubw_s_w32_y80.v
Parsing SystemVerilog input from `rtl/C_msubw_s_w32_y80.v' to AST representation.
Generating RTLIL representation for module `\top'.
Successfully finished Verilog frontend.

2. Executing SYNTH pass.

2.1. Executing HIERARCHY pass (managing design hierarchy).

2.1.1. Analyzing design hierarchy..
Top module:  \top

2.1.2. Analyzing design hierarchy..
Top module:  \top
Removed 0 unused modules.

2.2. Executing PROC pass (convert processes to netlists).

2.2.1. Executing PROC_CLEAN pass (remove empty switches from decision trees).
Cleaned up 0 empty switches.

2.2.2. Executing PROC_RMDEAD pass (remove dead branches from decision trees).
Removed a total of 0 dead cases.

2.2.3. Executing PROC_PRUNE pass (remove redundant assignments in processes).
Removed 0 redundant assignments.
Promoted 0 assignments to connections.

2.2.4. Executing PROC_INIT pass (extract init attributes).

2.2.5. Executing PROC_ARST pass (detect async resets in processes).

2.2.6. Executing PROC_ROM pass (convert switches to ROMs).
Converted 0 switches.

2.2.7. Executing PROC_MUX pass (convert decision trees to multiplexers).

2.2.8. Executing PROC_DLATCH pass (convert process syncs to latches).

2.2.9. Executing PROC_DFF pass (convert process syncs to FFs).

2.2.10. Executing PROC_MEMWR pass (convert process memory writes to cells).

2.2.11. Executing PROC_CLEAN pass (remove empty switches from decision trees).
Cleaned up 0 empty switches.

2.2.12. Executing OPT_EXPR pass (perform const folding).
Optimizing module top.

2.3. Executing OPT_EXPR pass (perform const folding).
Optimizing module top.

2.4. Executing CHECK pass (checking for obvious problems).
Checking module top...
Found and reported 0 problems.

2.5. Executing OPT_CLEAN pass (remove unused cells and wires).
Finding unused cells or wires in module \top..
Removed 0 unused cells and 1 unused wires.
<suppressed ~1 debug messages>

2.6. Executing OPT pass (performing simple optimizations).

2.6.1. Executing OPT_EXPR pass (perform const folding).
Optimizing module top.

2.6.2. Executing OPT_MERGE pass (detect identical cells).
Finding identical cells in module `\top'.
Computing hashes of 2 cells of `\top'.
Finding duplicate cells in `\top'.
Removed a total of 0 cells.

2.6.3. Executing OPT_MUXTREE pass (detect dead branches in mux trees).
Running muxtree optimizer on module \top..
  Creating internal representation of mux trees.
  No muxes found in this module.
Removed 0 multiplexer ports.

2.6.4. Executing OPT_REDUCE pass (consolidate $*mux and $reduce_* inputs).
  Optimizing cells in module \top.
Performed a total of 0 changes.

2.6.5. Executing OPT_MERGE pass (detect identical cells).
Finding identical cells in module `\top'.
Computing hashes of 2 cells of `\top'.
Finding duplicate cells in `\top'.
Removed a total of 0 cells.

2.6.6. Executing OPT_DFF pass (perform DFF optimizations).

2.6.7. Executing OPT_CLEAN pass (remove unused cells and wires).
Finding unused cells or wires in module \top..

2.6.8. Executing OPT_EXPR pass (perform const folding).
Optimizing module top.

2.6.9. Finished fast OPT passes. (There is nothing left to do.)

2.7. Executing FSM pass (extract and optimize FSM).

2.7.1. Executing FSM_DETECT pass (finding FSMs in design).

2.7.2. Executing FSM_EXTRACT pass (extracting FSM from design).

2.7.3. Executing FSM_OPT pass (simple optimizations of FSMs).

2.7.4. Executing OPT_CLEAN pass (remove unused cells and wires).
Finding unused cells or wires in module \top..

2.7.5. Executing FSM_OPT pass (simple optimizations of FSMs).

2.7.6. Executing FSM_RECODE pass (re-assigning FSM state encoding).

2.7.7. Executing FSM_INFO pass (dumping all available information on FSM cells).

2.7.8. Executing FSM_MAP pass (mapping FSMs to basic logic).

2.8. Executing OPT pass (performing simple optimizations).

2.8.1. Executing OPT_EXPR pass (perform const folding).
Optimizing module top.

2.8.2. Executing OPT_MERGE pass (detect identical cells).
Finding identical cells in module `\top'.
Computing hashes of 2 cells of `\top'.
Finding duplicate cells in `\top'.
Removed a total of 0 cells.

2.8.3. Executing OPT_MUXTREE pass (detect dead branches in mux trees).
Running muxtree optimizer on module \top..
  Creating internal representation of mux trees.
  No muxes found in this module.
Removed 0 multiplexer ports.

2.8.4. Executing OPT_REDUCE pass (consolidate $*mux and $reduce_* inputs).
  Optimizing cells in module \top.
Performed a total of 0 changes.

2.8.5. Executing OPT_MERGE pass (detect identical cells).
Finding identical cells in module `\top'.
Computing hashes of 2 cells of `\top'.
Finding duplicate cells in `\top'.
Removed a total of 0 cells.

2.8.6. Executing OPT_DFF pass (perform DFF optimizations).

2.8.7. Executing OPT_CLEAN pass (remove unused cells and wires).
Finding unused cells or wires in module \top..

2.8.8. Executing OPT_EXPR pass (perform const folding).
Optimizing module top.

2.8.9. Finished fast OPT passes. (There is nothing left to do.)

2.9. Executing WREDUCE pass (reducing word size of cells).
Removed top 16 bits (of 80) from port Y of cell top.$mul$rtl/C_msubw_s_w32_y80.v:2$1 ($mul).
Removed top 16 bits (of 80) from port B of cell top.$sub$rtl/C_msubw_s_w32_y80.v:2$2 ($sub).

2.10. Executing PEEPOPT pass (run peephole optimizers).

2.11. Executing OPT_CLEAN pass (remove unused cells and wires).
Finding unused cells or wires in module \top..

2.12. Executing ALUMACC pass (create $alu and $macc cells).
Extracting $alu and $macc cells in module top:
  creating $macc model for $sub$rtl/C_msubw_s_w32_y80.v:2$2 ($sub).
  creating $macc model for $mul$rtl/C_msubw_s_w32_y80.v:2$1 ($mul).
  merging $macc model for $mul$rtl/C_msubw_s_w32_y80.v:2$1 into $sub$rtl/C_msubw_s_w32_y80.v:2$2.
  creating $macc cell for $sub$rtl/C_msubw_s_w32_y80.v:2$2: $auto$alumacc.cc:399:replace_macc$3
  created 0 $alu and 1 $macc cells.

2.13. Executing ARITH_TREE pass.
    CompressorTree::reduce_scheduled: 9 levels, 33 $fa (16 as 4:2), final depth 10
    CompressorTree::reduce_scheduled: 1 levels, 1 $fa (0 as 4:2), final depth 1

2.14. Executing SHARE pass (SAT-based resource sharing).

2.15. Executing OPT pass (performing simple optimizations).

2.15.1. Executing OPT_EXPR pass (perform const folding).
Optimizing module top.
<suppressed ~32 debug messages>

2.15.2. Executing OPT_MERGE pass (detect identical cells).
Finding identical cells in module `\top'.
Computing hashes of 102 cells of `\top'.
Finding duplicate cells in `\top'.
Removed a total of 0 cells.

2.15.3. Executing OPT_MUXTREE pass (detect dead branches in mux trees).
Running muxtree optimizer on module \top..
  Creating internal representation of mux trees.
  No muxes found in this module.
Removed 0 multiplexer ports.

2.15.4. Executing OPT_REDUCE pass (consolidate $*mux and $reduce_* inputs).
  Optimizing cells in module \top.
Performed a total of 0 changes.

2.15.5. Executing OPT_MERGE pass (detect identical cells).
Finding identical cells in module `\top'.
Computing hashes of 102 cells of `\top'.
Finding duplicate cells in `\top'.
Removed a total of 0 cells.

2.15.6. Executing OPT_DFF pass (perform DFF optimizations).

2.15.7. Executing OPT_CLEAN pass (remove unused cells and wires).
Finding unused cells or wires in module \top..
Removed 1 unused cells and 33 unused wires.
<suppressed ~2 debug messages>

2.15.8. Executing OPT_EXPR pass (perform const folding).
Optimizing module top.

2.15.9. Rerunning OPT passes. (Maybe there is more to do..)

2.15.10. Executing OPT_MUXTREE pass (detect dead branches in mux trees).
Running muxtree optimizer on module \top..
  Creating internal representation of mux trees.
  No muxes found in this module.
Removed 0 multiplexer ports.

2.15.11. Executing OPT_REDUCE pass (consolidate $*mux and $reduce_* inputs).
  Optimizing cells in module \top.
Performed a total of 0 changes.

2.15.12. Executing OPT_MERGE pass (detect identical cells).
Finding identical cells in module `\top'.
Computing hashes of 101 cells of `\top'.
Finding duplicate cells in `\top'.
Removed a total of 0 cells.

2.15.13. Executing OPT_DFF pass (perform DFF optimizations).

2.15.14. Executing OPT_CLEAN pass (remove unused cells and wires).
Finding unused cells or wires in module \top..

2.15.15. Executing OPT_EXPR pass (perform const folding).
Optimizing module top.

2.15.16. Finished fast OPT passes. (There is nothing left to do.)

2.16. Executing MEMORY pass.

2.16.1. Executing OPT_MEM pass (optimize memories).
Performed a total of 0 transformations.

2.16.2. Executing OPT_MEM_PRIORITY pass (removing unnecessary memory write priority relations).
Performed a total of 0 transformations.

2.16.3. Executing OPT_MEM_FEEDBACK pass (finding memory read-to-write feedback paths).

2.16.4. Executing MEMORY_BMUX2ROM pass (converting muxes to ROMs).

2.16.5. Executing MEMORY_DFF pass (merging $dff cells to $memrd).

2.16.6. Executing OPT_CLEAN pass (remove unused cells and wires).
Finding unused cells or wires in module \top..

2.16.7. Executing MEMORY_SHARE pass (consolidating $memrd/$memwr cells).

2.16.8. Executing OPT_MEM_WIDEN pass (optimize memories where all ports are wide).
Performed a total of 0 transformations.

2.16.9. Executing OPT_CLEAN pass (remove unused cells and wires).
Finding unused cells or wires in module \top..

2.16.10. Executing MEMORY_COLLECT pass (generating $mem cells).

2.17. Executing OPT_CLEAN pass (remove unused cells and wires).
Finding unused cells or wires in module \top..

2.18. Executing OPT pass (performing simple optimizations).

2.18.1. Executing OPT_EXPR pass (perform const folding).
Optimizing module top.
<suppressed ~258 debug messages>

2.18.2. Executing OPT_MERGE pass (detect identical cells).
Finding identical cells in module `\top'.
Computing hashes of 101 cells of `\top'.
Finding duplicate cells in `\top'.
Removed a total of 0 cells.

2.18.3. Executing OPT_DFF pass (perform DFF optimizations).

2.18.4. Executing OPT_CLEAN pass (remove unused cells and wires).
Finding unused cells or wires in module \top..
Removed 0 unused cells and 64 unused wires.
<suppressed ~1 debug messages>

2.18.5. Finished fast OPT passes.

2.19. Executing MEMORY_MAP pass (converting memories to logic and flip-flops).

2.20. Executing OPT pass (performing simple optimizations).

2.20.1. Executing OPT_EXPR pass (perform const folding).
Optimizing module top.

2.20.2. Executing OPT_MERGE pass (detect identical cells).
Finding identical cells in module `\top'.
Computing hashes of 101 cells of `\top'.
Finding duplicate cells in `\top'.
Removed a total of 0 cells.

2.20.3. Executing OPT_MUXTREE pass (detect dead branches in mux trees).
Running muxtree optimizer on module \top..
  Creating internal representation of mux trees.
  No muxes found in this module.
Removed 0 multiplexer ports.

2.20.4. Executing OPT_REDUCE pass (consolidate $*mux and $reduce_* inputs).
  Optimizing cells in module \top.
Performed a total of 0 changes.

2.20.5. Executing OPT_MERGE pass (detect identical cells).
Finding identical cells in module `\top'.
Computing hashes of 101 cells of `\top'.
Finding duplicate cells in `\top'.
Removed a total of 0 cells.

2.20.6. Executing OPT_SHARE pass.

2.20.7. Executing OPT_DFF pass (perform DFF optimizations).

2.20.8. Executing OPT_CLEAN pass (remove unused cells and wires).
Finding unused cells or wires in module \top..

2.20.9. Executing OPT_EXPR pass (perform const folding).
Optimizing module top.

2.20.10. Finished fast OPT passes. (There is nothing left to do.)

2.21. Executing TECHMAP pass (map to technology primitives).

2.21.1. Executing Verilog-2005 frontend: /build/share/techmap.v
Parsing Verilog input from `/build/share/techmap.v' to AST representation.
Generating RTLIL representation for module `\_90_simplemap_bool_ops'.
Generating RTLIL representation for module `\_90_simplemap_reduce_ops'.
Generating RTLIL representation for module `\_90_simplemap_logic_ops'.
Generating RTLIL representation for module `\_90_simplemap_compare_ops'.
Generating RTLIL representation for module `\_90_simplemap_various'.
Generating RTLIL representation for module `\_90_simplemap_registers'.
Generating RTLIL representation for module `\_90_shift_ops_shr_shl_sshl_sshr'.
Generating RTLIL representation for module `\_90_shift_shiftx'.
Generating RTLIL representation for module `\_90_fa'.
Generating RTLIL representation for module `\_90_lcu_brent_kung'.
Generating RTLIL representation for module `\_90_alu'.
Generating RTLIL representation for module `\_90_macc'.
Generating RTLIL representation for module `\_90_alumacc'.
Generating RTLIL representation for module `$__div_mod_u'.
Generating RTLIL representation for module `$__div_mod_trunc'.
Generating RTLIL representation for module `\_90_div'.
Generating RTLIL representation for module `\_90_mod'.
Generating RTLIL representation for module `$__div_mod_floor'.
Generating RTLIL representation for module `\_90_divfloor'.
Generating RTLIL representation for module `\_90_modfloor'.
Generating RTLIL representation for module `\_90_pow'.
Generating RTLIL representation for module `\_90_demux'.
Generating RTLIL representation for module `\_90_lut'.
Generating RTLIL representation for module `$connect'.
Generating RTLIL representation for module `$input_port'.
Successfully finished Verilog frontend.

2.21.2. Continuing TECHMAP pass.
Using extmapper simplemap for cells of type $and.
Using extmapper simplemap for cells of type $not.
Running "alumacc" on wrapper $extern:wrap:$add:Y_WIDTH=79:B_WIDTH=79:A_WIDTH=79:B_SIGNED=0:A_SIGNED=0:394426c56d1a028ba8fdd5469b163e04011def47.
Using template $extern:wrap:$add:Y_WIDTH=79:B_WIDTH=79:A_WIDTH=79:B_SIGNED=0:A_SIGNED=0:394426c56d1a028ba8fdd5469b163e04011def47 for cells of type $extern:wrap:$add:Y_WIDTH=79:B_WIDTH=79:A_WIDTH=79:B_SIGNED=0:A_SIGNED=0:394426c56d1a028ba8fdd5469b163e04011def47.
Using template $paramod\_90_fa\WIDTH=32'00000000000000000000000001010000 for cells of type $fa.
Using template $paramod$843b956ba44a9ae53d2e60f0c110dbb0d05fe52f\_90_alu for cells of type $alu.
Using extmapper simplemap for cells of type $or.
Using extmapper simplemap for cells of type $xor.
Using template $paramod\_90_fa\WIDTH=32'00000000000000000000000001001111 for cells of type $fa.
Using template $paramod\_90_lcu_brent_kung\WIDTH=32'00000000000000000000000001001111 for cells of type $lcu.
Using extmapper simplemap for cells of type $pos.
Using extmapper simplemap for cells of type $mux.
No more expansions possible.
<suppressed ~1311 debug messages>

2.22. Executing OPT pass (performing simple optimizations).

2.22.1. Executing OPT_EXPR pass (perform const folding).
Optimizing module top.
<suppressed ~9322 debug messages>

2.22.2. Executing OPT_MERGE pass (detect identical cells).
Finding identical cells in module `\top'.
Computing hashes of 7450 cells of `\top'.
Finding duplicate cells in `\top'.
Computing hashes of 7438 cells of `\top'.
Finding duplicate cells in `\top'.
<suppressed ~36 debug messages>
Removed a total of 12 cells.

2.22.3. Executing OPT_DFF pass (perform DFF optimizations).

2.22.4. Executing OPT_CLEAN pass (remove unused cells and wires).
Finding unused cells or wires in module \top..
Removed 133 unused cells and 531 unused wires.
<suppressed ~134 debug messages>

2.22.5. Finished fast OPT passes.

2.23. Executing ABC pass (technology mapping using ABC).

2.23.1. Summary of detected clock domains:
  7305 cells in clk={ }, en={ }, arst={ }, srst={ }

2.23.2. Extracting gate netlist of module `\top' to `<abc-temp-dir>/input.blif'..
No matching clock domain found. Not extracting any FF cells.

2.23.2.1. Executed ABC.
Extracted 7305 gates and 7449 wires to a netlist network with 144 inputs and 80 outputs.
Running ABC script: <abc-temp-dir>/abc.script
ABC: UC Berkeley, ABC 1.01 (compiled Sep 21 2026 18:22:00)
ABC: abc 01> empty
ABC: abc 01> source <abc-temp-dir>/abc.script
ABC: + read_blif <abc-temp-dir>/input.blif 
ABC: + read_library <abc-temp-dir>/stdcells.genlib 
ABC: + strash 
ABC: + &get -n 
ABC: + &fraig -x 
ABC: + &put 
ABC: + scorr 
ABC: Warning: The network is combinational (run "fraig" or "fraig_sweep").
ABC: + dc2 
ABC: + dretime 
ABC: + strash 
ABC: + &get -n 
ABC: + &dch -f 
ABC: + &nf 
ABC: + &put 
ABC: + write_blif <abc-temp-dir>/output.blif 
ABC: 
ABC: YOSYS_ABC_DONE 

2.23.2.2. Re-integrating ABC results.
ABC RESULTS:               AND cells:     1281
ABC RESULTS:            ANDNOT cells:       11
ABC RESULTS:               MUX cells:        1
ABC RESULTS:              NAND cells:     3096
ABC RESULTS:               NOR cells:       17
ABC RESULTS:               NOT cells:        1
ABC RESULTS:                OR cells:       44
ABC RESULTS:             ORNOT cells:       27
ABC RESULTS:              XNOR cells:      135
ABC RESULTS:               XOR cells:     2207
ABC RESULTS:        internal signals:     7225
ABC RESULTS:           input signals:      144
ABC RESULTS:          output signals:       80
Removing temp directory.
Removing global temp directory.

2.24. Executing OPT pass (performing simple optimizations).

2.24.1. Executing OPT_EXPR pass (perform const folding).
Optimizing module top.

2.24.2. Executing OPT_MERGE pass (detect identical cells).
Finding identical cells in module `\top'.
Computing hashes of 6820 cells of `\top'.
Finding duplicate cells in `\top'.
Removed a total of 0 cells.

2.24.3. Executing OPT_DFF pass (perform DFF optimizations).

2.24.4. Executing OPT_CLEAN pass (remove unused cells and wires).
Finding unused cells or wires in module \top..
Removed 0 unused cells and 939 unused wires.
<suppressed ~1 debug messages>

2.24.5. Finished fast OPT passes.

2.25. Executing HIERARCHY pass (managing design hierarchy).
Attribute `top' found on module `top'. Setting top module to top.

2.25.1. Analyzing design hierarchy..
Top module:  \top

2.25.2. Analyzing design hierarchy..
Top module:  \top
Removed 0 unused modules.

2.26. Printing statistics.

=== top ===

        +----------Local Count, excluding submodules.
        | 
     6744 wires
     6964 wire bits
        4 public wires
      224 public wire bits
        4 ports
      224 port bits
     6820 cells
       11   $_ANDNOT_
     1281   $_AND_
        1   $_MUX_
     3096   $_NAND_
       17   $_NOR_
        1   $_NOT_
       27   $_ORNOT_
       44   $_OR_
      135   $_XNOR_
     2207   $_XOR_

2.27. Executing CHECK pass (checking for obvious problems).
Checking module top...
Found and reported 0 problems.

3. Executing AIGMAP pass (map logic to AIG).
Module top: replaced 5538 cells with 23058 new cells, skipped 1282 cells.
  replaced 8 cell types:
      11 $_ANDNOT_
       1 $_MUX_
    3096 $_NAND_
      17 $_NOR_
      27 $_ORNOT_
      44 $_OR_
     135 $_XNOR_
    2207 $_XOR_
  not replaced 2 cell types:
    1281 $_AND_
       1 $_NOT_

4. Executing OPT_CLEAN pass (remove unused cells and wires).
Finding unused cells or wires in module \top..
Removed 0 unused cells and 5538 unused wires.
<suppressed ~1 debug messages>

5. Executing AIGER backend.

End of script. Logfile hash: 1c713f7a95, time: 9.94s, user: 1.25s, system: 0.15s, MEM: 54.06 MB peak
Yosys 0.69+ (git sha1 e8db64c60, Release, Clang /usr/bin/clang++ 18.1.3)
Time spent: 79% 1x abc (4 sec), 6% 16x opt_clean (0 sec), ...
