
 /----------------------------------------------------------------------------\
 |  yosys -- Yosys Open SYnthesis Suite                                       |
 |  Copyright (C) 2012 - 2026  Claire Xenia Wolf <claire@yosyshq.com>         |
 |  Distributed under an ISC-like license, type "license" to see terms        |
 \----------------------------------------------------------------------------/
 Yosys 0.68 (git sha1 38e001a6f, Release, GNU /usr/local/bin/wrapped-cc/g++ 11.4.0)

-- Running command `read_verilog STREE_L64.v; synth -flatten -top STREE_L64; dfflibmap -liberty /OpenROAD-flow-scripts/flow/platforms/sky130hd/lib/sky130_fd_sc_hd__tt_025C_1v80.lib -dont_use sky130_fd_sc_hd__probe_p_8 -dont_use sky130_fd_sc_hd__probec_p_8 -dont_use sky130_fd_sc_hd__lpflow_bleeder_1 -dont_use sky130_fd_sc_hd__lpflow_clkbufkapwr_1 -dont_use sky130_fd_sc_hd__lpflow_clkbufkapwr_16 -dont_use sky130_fd_sc_hd__lpflow_clkbufkapwr_2 -dont_use sky130_fd_sc_hd__lpflow_clkbufkapwr_4 -dont_use sky130_fd_sc_hd__lpflow_clkbufkapwr_8 -dont_use sky130_fd_sc_hd__lpflow_clkinvkapwr_1 -dont_use sky130_fd_sc_hd__lpflow_clkinvkapwr_16 -dont_use sky130_fd_sc_hd__lpflow_clkinvkapwr_2 -dont_use sky130_fd_sc_hd__lpflow_clkinvkapwr_4 -dont_use sky130_fd_sc_hd__lpflow_clkinvkapwr_8 -dont_use sky130_fd_sc_hd__lpflow_decapkapwr_12 -dont_use sky130_fd_sc_hd__lpflow_decapkapwr_3 -dont_use sky130_fd_sc_hd__lpflow_decapkapwr_4 -dont_use sky130_fd_sc_hd__lpflow_decapkapwr_6 -dont_use sky130_fd_sc_hd__lpflow_decapkapwr_8 -dont_use sky130_fd_sc_hd__lpflow_inputiso0n_1 -dont_use sky130_fd_sc_hd__lpflow_inputiso0p_1 -dont_use sky130_fd_sc_hd__lpflow_inputiso1n_1 -dont_use sky130_fd_sc_hd__lpflow_inputiso1p_1 -dont_use sky130_fd_sc_hd__lpflow_inputisolatch_1 -dont_use sky130_fd_sc_hd__lpflow_isobufsrc_1 -dont_use sky130_fd_sc_hd__lpflow_isobufsrc_16 -dont_use sky130_fd_sc_hd__lpflow_isobufsrc_2 -dont_use sky130_fd_sc_hd__lpflow_isobufsrc_4 -dont_use sky130_fd_sc_hd__lpflow_isobufsrc_8 -dont_use sky130_fd_sc_hd__lpflow_isobufsrckapwr_16 -dont_use sky130_fd_sc_hd__lpflow_lsbuf_lh_hl_isowell_tap_1 -dont_use sky130_fd_sc_hd__lpflow_lsbuf_lh_hl_isowell_tap_2 -dont_use sky130_fd_sc_hd__lpflow_lsbuf_lh_hl_isowell_tap_4 -dont_use sky130_fd_sc_hd__lpflow_lsbuf_lh_isowell_4 -dont_use sky130_fd_sc_hd__lpflow_lsbuf_lh_isowell_tap_1 -dont_use sky130_fd_sc_hd__lpflow_lsbuf_lh_isowell_tap_2 -dont_use sky130_fd_sc_hd__lpflow_lsbuf_lh_isowell_tap_4 -dont_use sky130_fd_sc_hd__fill_1 -dont_use sky130_fd_sc_hd__fill_2 -dont_use sky130_fd_sc_hd__fill_4 -dont_use sky130_fd_sc_hd__fill_8; abc -liberty /OpenROAD-flow-scripts/flow/platforms/sky130hd/lib/sky130_fd_sc_hd__tt_025C_1v80.lib -dont_use sky130_fd_sc_hd__probe_p_8 -dont_use sky130_fd_sc_hd__probec_p_8 -dont_use sky130_fd_sc_hd__lpflow_bleeder_1 -dont_use sky130_fd_sc_hd__lpflow_clkbufkapwr_1 -dont_use sky130_fd_sc_hd__lpflow_clkbufkapwr_16 -dont_use sky130_fd_sc_hd__lpflow_clkbufkapwr_2 -dont_use sky130_fd_sc_hd__lpflow_clkbufkapwr_4 -dont_use sky130_fd_sc_hd__lpflow_clkbufkapwr_8 -dont_use sky130_fd_sc_hd__lpflow_clkinvkapwr_1 -dont_use sky130_fd_sc_hd__lpflow_clkinvkapwr_16 -dont_use sky130_fd_sc_hd__lpflow_clkinvkapwr_2 -dont_use sky130_fd_sc_hd__lpflow_clkinvkapwr_4 -dont_use sky130_fd_sc_hd__lpflow_clkinvkapwr_8 -dont_use sky130_fd_sc_hd__lpflow_decapkapwr_12 -dont_use sky130_fd_sc_hd__lpflow_decapkapwr_3 -dont_use sky130_fd_sc_hd__lpflow_decapkapwr_4 -dont_use sky130_fd_sc_hd__lpflow_decapkapwr_6 -dont_use sky130_fd_sc_hd__lpflow_decapkapwr_8 -dont_use sky130_fd_sc_hd__lpflow_inputiso0n_1 -dont_use sky130_fd_sc_hd__lpflow_inputiso0p_1 -dont_use sky130_fd_sc_hd__lpflow_inputiso1n_1 -dont_use sky130_fd_sc_hd__lpflow_inputiso1p_1 -dont_use sky130_fd_sc_hd__lpflow_inputisolatch_1 -dont_use sky130_fd_sc_hd__lpflow_isobufsrc_1 -dont_use sky130_fd_sc_hd__lpflow_isobufsrc_16 -dont_use sky130_fd_sc_hd__lpflow_isobufsrc_2 -dont_use sky130_fd_sc_hd__lpflow_isobufsrc_4 -dont_use sky130_fd_sc_hd__lpflow_isobufsrc_8 -dont_use sky130_fd_sc_hd__lpflow_isobufsrckapwr_16 -dont_use sky130_fd_sc_hd__lpflow_lsbuf_lh_hl_isowell_tap_1 -dont_use sky130_fd_sc_hd__lpflow_lsbuf_lh_hl_isowell_tap_2 -dont_use sky130_fd_sc_hd__lpflow_lsbuf_lh_hl_isowell_tap_4 -dont_use sky130_fd_sc_hd__lpflow_lsbuf_lh_isowell_4 -dont_use sky130_fd_sc_hd__lpflow_lsbuf_lh_isowell_tap_1 -dont_use sky130_fd_sc_hd__lpflow_lsbuf_lh_isowell_tap_2 -dont_use sky130_fd_sc_hd__lpflow_lsbuf_lh_isowell_tap_4 -dont_use sky130_fd_sc_hd__fill_1 -dont_use sky130_fd_sc_hd__fill_2 -dont_use sky130_fd_sc_hd__fill_4 -dont_use sky130_fd_sc_hd__fill_8; opt_clean; hilomap -singleton -hicell sky130_fd_sc_hd__conb_1 HI -locell sky130_fd_sc_hd__conb_1 LO; opt_clean -purge; write_verilog -noattr -noexpr -nohex -nodec STREE_L64_gl_raw.v' --

1. Executing Verilog-2005 frontend: STREE_L64.v
Parsing Verilog input from `STREE_L64.v' to AST representation.
Generating RTLIL representation for module `\STREE_L64'.
Successfully finished Verilog frontend.

2. Executing SYNTH pass.

2.1. Executing HIERARCHY pass (managing design hierarchy).

2.1.1. Analyzing design hierarchy..
Top module:  \STREE_L64

2.1.2. Analyzing design hierarchy..
Top module:  \STREE_L64
Removed 0 unused modules.

2.2. Executing PROC pass (convert processes to netlists).

2.2.1. Executing PROC_CLEAN pass (remove empty switches from decision trees).
Cleaned up 0 empty switches.

2.2.2. Executing PROC_RMDEAD pass (remove dead branches from decision trees).
Removed a total of 0 dead cases.

2.2.3. Executing PROC_PRUNE pass (remove redundant assignments in processes).
Removed 0 redundant assignments.
Promoted 131 assignments to connections.

2.2.4. Executing PROC_INIT pass (extract init attributes).

2.2.5. Executing PROC_ARST pass (detect async resets in processes).

2.2.6. Executing PROC_ROM pass (convert switches to ROMs).
Converted 0 switches.

2.2.7. Executing PROC_MUX pass (convert decision trees to multiplexers).
Creating decoders for process `\STREE_L64.$proc$STREE_L64.v:132$565'.
Creating decoders for process `\STREE_L64.$proc$STREE_L64.v:130$563'.
Creating decoders for process `\STREE_L64.$proc$STREE_L64.v:129$555'.
Creating decoders for process `\STREE_L64.$proc$STREE_L64.v:127$546'.
Creating decoders for process `\STREE_L64.$proc$STREE_L64.v:125$544'.
Creating decoders for process `\STREE_L64.$proc$STREE_L64.v:124$536'.
Creating decoders for process `\STREE_L64.$proc$STREE_L64.v:122$527'.
Creating decoders for process `\STREE_L64.$proc$STREE_L64.v:120$518'.
Creating decoders for process `\STREE_L64.$proc$STREE_L64.v:118$509'.
Creating decoders for process `\STREE_L64.$proc$STREE_L64.v:116$507'.
Creating decoders for process `\STREE_L64.$proc$STREE_L64.v:115$499'.
Creating decoders for process `\STREE_L64.$proc$STREE_L64.v:113$490'.
Creating decoders for process `\STREE_L64.$proc$STREE_L64.v:111$481'.
Creating decoders for process `\STREE_L64.$proc$STREE_L64.v:109$472'.
Creating decoders for process `\STREE_L64.$proc$STREE_L64.v:107$463'.
Creating decoders for process `\STREE_L64.$proc$STREE_L64.v:105$454'.
Creating decoders for process `\STREE_L64.$proc$STREE_L64.v:103$445'.
Creating decoders for process `\STREE_L64.$proc$STREE_L64.v:101$436'.
Creating decoders for process `\STREE_L64.$proc$STREE_L64.v:99$434'.
Creating decoders for process `\STREE_L64.$proc$STREE_L64.v:98$426'.
Creating decoders for process `\STREE_L64.$proc$STREE_L64.v:96$417'.
Creating decoders for process `\STREE_L64.$proc$STREE_L64.v:94$408'.
Creating decoders for process `\STREE_L64.$proc$STREE_L64.v:92$399'.
Creating decoders for process `\STREE_L64.$proc$STREE_L64.v:90$390'.
Creating decoders for process `\STREE_L64.$proc$STREE_L64.v:88$381'.
Creating decoders for process `\STREE_L64.$proc$STREE_L64.v:86$372'.
Creating decoders for process `\STREE_L64.$proc$STREE_L64.v:84$363'.
Creating decoders for process `\STREE_L64.$proc$STREE_L64.v:82$354'.
Creating decoders for process `\STREE_L64.$proc$STREE_L64.v:80$345'.
Creating decoders for process `\STREE_L64.$proc$STREE_L64.v:78$336'.
Creating decoders for process `\STREE_L64.$proc$STREE_L64.v:76$327'.
Creating decoders for process `\STREE_L64.$proc$STREE_L64.v:74$318'.
Creating decoders for process `\STREE_L64.$proc$STREE_L64.v:72$309'.
Creating decoders for process `\STREE_L64.$proc$STREE_L64.v:70$300'.
Creating decoders for process `\STREE_L64.$proc$STREE_L64.v:68$291'.
Creating decoders for process `\STREE_L64.$proc$STREE_L64.v:66$289'.
Creating decoders for process `\STREE_L64.$proc$STREE_L64.v:65$281'.
Creating decoders for process `\STREE_L64.$proc$STREE_L64.v:63$272'.
Creating decoders for process `\STREE_L64.$proc$STREE_L64.v:61$263'.
Creating decoders for process `\STREE_L64.$proc$STREE_L64.v:59$254'.
Creating decoders for process `\STREE_L64.$proc$STREE_L64.v:57$245'.
Creating decoders for process `\STREE_L64.$proc$STREE_L64.v:55$236'.
Creating decoders for process `\STREE_L64.$proc$STREE_L64.v:53$227'.
Creating decoders for process `\STREE_L64.$proc$STREE_L64.v:51$218'.
Creating decoders for process `\STREE_L64.$proc$STREE_L64.v:49$209'.
Creating decoders for process `\STREE_L64.$proc$STREE_L64.v:47$200'.
Creating decoders for process `\STREE_L64.$proc$STREE_L64.v:45$191'.
Creating decoders for process `\STREE_L64.$proc$STREE_L64.v:43$182'.
Creating decoders for process `\STREE_L64.$proc$STREE_L64.v:41$173'.
Creating decoders for process `\STREE_L64.$proc$STREE_L64.v:39$164'.
Creating decoders for process `\STREE_L64.$proc$STREE_L64.v:37$155'.
Creating decoders for process `\STREE_L64.$proc$STREE_L64.v:35$146'.
Creating decoders for process `\STREE_L64.$proc$STREE_L64.v:33$137'.
Creating decoders for process `\STREE_L64.$proc$STREE_L64.v:31$128'.
Creating decoders for process `\STREE_L64.$proc$STREE_L64.v:29$119'.
Creating decoders for process `\STREE_L64.$proc$STREE_L64.v:27$110'.
Creating decoders for process `\STREE_L64.$proc$STREE_L64.v:25$101'.
Creating decoders for process `\STREE_L64.$proc$STREE_L64.v:23$92'.
Creating decoders for process `\STREE_L64.$proc$STREE_L64.v:21$83'.
Creating decoders for process `\STREE_L64.$proc$STREE_L64.v:19$74'.
Creating decoders for process `\STREE_L64.$proc$STREE_L64.v:17$65'.
Creating decoders for process `\STREE_L64.$proc$STREE_L64.v:15$56'.
Creating decoders for process `\STREE_L64.$proc$STREE_L64.v:13$47'.
Creating decoders for process `\STREE_L64.$proc$STREE_L64.v:11$38'.
Creating decoders for process `\STREE_L64.$proc$STREE_L64.v:9$29'.
Creating decoders for process `\STREE_L64.$proc$STREE_L64.v:7$20'.
Creating decoders for process `\STREE_L64.$proc$STREE_L64.v:5$11'.
Creating decoders for process `\STREE_L64.$proc$STREE_L64.v:3$2'.

2.2.8. Executing PROC_DLATCH pass (convert process syncs to latches).

2.2.9. Executing PROC_DFF pass (convert process syncs to FFs).
Creating register for signal `\STREE_L64.\s62' using process `\STREE_L64.$proc$STREE_L64.v:132$565'.
  created $dff cell `$procdff$573' with positive edge clock.
Creating register for signal `\STREE_L64.\c62' using process `\STREE_L64.$proc$STREE_L64.v:132$565'.
  created $dff cell `$procdff$574' with positive edge clock.
Creating register for signal `\STREE_L64.\st6' using process `\STREE_L64.$proc$STREE_L64.v:130$563'.
  created $dff cell `$procdff$575' with positive edge clock.
Creating register for signal `\STREE_L64.\s61' using process `\STREE_L64.$proc$STREE_L64.v:129$555'.
  created $dff cell `$procdff$576' with positive edge clock.
Creating register for signal `\STREE_L64.\c61' using process `\STREE_L64.$proc$STREE_L64.v:129$555'.
  created $dff cell `$procdff$577' with positive edge clock.
Creating register for signal `\STREE_L64.\s60' using process `\STREE_L64.$proc$STREE_L64.v:127$546'.
  created $dff cell `$procdff$578' with positive edge clock.
Creating register for signal `\STREE_L64.\c60' using process `\STREE_L64.$proc$STREE_L64.v:127$546'.
  created $dff cell `$procdff$579' with positive edge clock.
Creating register for signal `\STREE_L64.\st5' using process `\STREE_L64.$proc$STREE_L64.v:125$544'.
  created $dff cell `$procdff$580' with positive edge clock.
Creating register for signal `\STREE_L64.\s59' using process `\STREE_L64.$proc$STREE_L64.v:124$536'.
  created $dff cell `$procdff$581' with positive edge clock.
Creating register for signal `\STREE_L64.\c59' using process `\STREE_L64.$proc$STREE_L64.v:124$536'.
  created $dff cell `$procdff$582' with positive edge clock.
Creating register for signal `\STREE_L64.\s58' using process `\STREE_L64.$proc$STREE_L64.v:122$527'.
  created $dff cell `$procdff$583' with positive edge clock.
Creating register for signal `\STREE_L64.\c58' using process `\STREE_L64.$proc$STREE_L64.v:122$527'.
  created $dff cell `$procdff$584' with positive edge clock.
Creating register for signal `\STREE_L64.\s57' using process `\STREE_L64.$proc$STREE_L64.v:120$518'.
  created $dff cell `$procdff$585' with positive edge clock.
Creating register for signal `\STREE_L64.\c57' using process `\STREE_L64.$proc$STREE_L64.v:120$518'.
  created $dff cell `$procdff$586' with positive edge clock.
Creating register for signal `\STREE_L64.\s56' using process `\STREE_L64.$proc$STREE_L64.v:118$509'.
  created $dff cell `$procdff$587' with positive edge clock.
Creating register for signal `\STREE_L64.\c56' using process `\STREE_L64.$proc$STREE_L64.v:118$509'.
  created $dff cell `$procdff$588' with positive edge clock.
Creating register for signal `\STREE_L64.\st4' using process `\STREE_L64.$proc$STREE_L64.v:116$507'.
  created $dff cell `$procdff$589' with positive edge clock.
Creating register for signal `\STREE_L64.\s55' using process `\STREE_L64.$proc$STREE_L64.v:115$499'.
  created $dff cell `$procdff$590' with positive edge clock.
Creating register for signal `\STREE_L64.\c55' using process `\STREE_L64.$proc$STREE_L64.v:115$499'.
  created $dff cell `$procdff$591' with positive edge clock.
Creating register for signal `\STREE_L64.\s54' using process `\STREE_L64.$proc$STREE_L64.v:113$490'.
  created $dff cell `$procdff$592' with positive edge clock.
Creating register for signal `\STREE_L64.\c54' using process `\STREE_L64.$proc$STREE_L64.v:113$490'.
  created $dff cell `$procdff$593' with positive edge clock.
Creating register for signal `\STREE_L64.\s53' using process `\STREE_L64.$proc$STREE_L64.v:111$481'.
  created $dff cell `$procdff$594' with positive edge clock.
Creating register for signal `\STREE_L64.\c53' using process `\STREE_L64.$proc$STREE_L64.v:111$481'.
  created $dff cell `$procdff$595' with positive edge clock.
Creating register for signal `\STREE_L64.\s52' using process `\STREE_L64.$proc$STREE_L64.v:109$472'.
  created $dff cell `$procdff$596' with positive edge clock.
Creating register for signal `\STREE_L64.\c52' using process `\STREE_L64.$proc$STREE_L64.v:109$472'.
  created $dff cell `$procdff$597' with positive edge clock.
Creating register for signal `\STREE_L64.\s51' using process `\STREE_L64.$proc$STREE_L64.v:107$463'.
  created $dff cell `$procdff$598' with positive edge clock.
Creating register for signal `\STREE_L64.\c51' using process `\STREE_L64.$proc$STREE_L64.v:107$463'.
  created $dff cell `$procdff$599' with positive edge clock.
Creating register for signal `\STREE_L64.\s50' using process `\STREE_L64.$proc$STREE_L64.v:105$454'.
  created $dff cell `$procdff$600' with positive edge clock.
Creating register for signal `\STREE_L64.\c50' using process `\STREE_L64.$proc$STREE_L64.v:105$454'.
  created $dff cell `$procdff$601' with positive edge clock.
Creating register for signal `\STREE_L64.\s49' using process `\STREE_L64.$proc$STREE_L64.v:103$445'.
  created $dff cell `$procdff$602' with positive edge clock.
Creating register for signal `\STREE_L64.\c49' using process `\STREE_L64.$proc$STREE_L64.v:103$445'.
  created $dff cell `$procdff$603' with positive edge clock.
Creating register for signal `\STREE_L64.\s48' using process `\STREE_L64.$proc$STREE_L64.v:101$436'.
  created $dff cell `$procdff$604' with positive edge clock.
Creating register for signal `\STREE_L64.\c48' using process `\STREE_L64.$proc$STREE_L64.v:101$436'.
  created $dff cell `$procdff$605' with positive edge clock.
Creating register for signal `\STREE_L64.\st3' using process `\STREE_L64.$proc$STREE_L64.v:99$434'.
  created $dff cell `$procdff$606' with positive edge clock.
Creating register for signal `\STREE_L64.\s47' using process `\STREE_L64.$proc$STREE_L64.v:98$426'.
  created $dff cell `$procdff$607' with positive edge clock.
Creating register for signal `\STREE_L64.\c47' using process `\STREE_L64.$proc$STREE_L64.v:98$426'.
  created $dff cell `$procdff$608' with positive edge clock.
Creating register for signal `\STREE_L64.\s46' using process `\STREE_L64.$proc$STREE_L64.v:96$417'.
  created $dff cell `$procdff$609' with positive edge clock.
Creating register for signal `\STREE_L64.\c46' using process `\STREE_L64.$proc$STREE_L64.v:96$417'.
  created $dff cell `$procdff$610' with positive edge clock.
Creating register for signal `\STREE_L64.\s45' using process `\STREE_L64.$proc$STREE_L64.v:94$408'.
  created $dff cell `$procdff$611' with positive edge clock.
Creating register for signal `\STREE_L64.\c45' using process `\STREE_L64.$proc$STREE_L64.v:94$408'.
  created $dff cell `$procdff$612' with positive edge clock.
Creating register for signal `\STREE_L64.\s44' using process `\STREE_L64.$proc$STREE_L64.v:92$399'.
  created $dff cell `$procdff$613' with positive edge clock.
Creating register for signal `\STREE_L64.\c44' using process `\STREE_L64.$proc$STREE_L64.v:92$399'.
  created $dff cell `$procdff$614' with positive edge clock.
Creating register for signal `\STREE_L64.\s43' using process `\STREE_L64.$proc$STREE_L64.v:90$390'.
  created $dff cell `$procdff$615' with positive edge clock.
Creating register for signal `\STREE_L64.\c43' using process `\STREE_L64.$proc$STREE_L64.v:90$390'.
  created $dff cell `$procdff$616' with positive edge clock.
Creating register for signal `\STREE_L64.\s42' using process `\STREE_L64.$proc$STREE_L64.v:88$381'.
  created $dff cell `$procdff$617' with positive edge clock.
Creating register for signal `\STREE_L64.\c42' using process `\STREE_L64.$proc$STREE_L64.v:88$381'.
  created $dff cell `$procdff$618' with positive edge clock.
Creating register for signal `\STREE_L64.\s41' using process `\STREE_L64.$proc$STREE_L64.v:86$372'.
  created $dff cell `$procdff$619' with positive edge clock.
Creating register for signal `\STREE_L64.\c41' using process `\STREE_L64.$proc$STREE_L64.v:86$372'.
  created $dff cell `$procdff$620' with positive edge clock.
Creating register for signal `\STREE_L64.\s40' using process `\STREE_L64.$proc$STREE_L64.v:84$363'.
  created $dff cell `$procdff$621' with positive edge clock.
Creating register for signal `\STREE_L64.\c40' using process `\STREE_L64.$proc$STREE_L64.v:84$363'.
  created $dff cell `$procdff$622' with positive edge clock.
Creating register for signal `\STREE_L64.\s39' using process `\STREE_L64.$proc$STREE_L64.v:82$354'.
  created $dff cell `$procdff$623' with positive edge clock.
Creating register for signal `\STREE_L64.\c39' using process `\STREE_L64.$proc$STREE_L64.v:82$354'.
  created $dff cell `$procdff$624' with positive edge clock.
Creating register for signal `\STREE_L64.\s38' using process `\STREE_L64.$proc$STREE_L64.v:80$345'.
  created $dff cell `$procdff$625' with positive edge clock.
Creating register for signal `\STREE_L64.\c38' using process `\STREE_L64.$proc$STREE_L64.v:80$345'.
  created $dff cell `$procdff$626' with positive edge clock.
Creating register for signal `\STREE_L64.\s37' using process `\STREE_L64.$proc$STREE_L64.v:78$336'.
  created $dff cell `$procdff$627' with positive edge clock.
Creating register for signal `\STREE_L64.\c37' using process `\STREE_L64.$proc$STREE_L64.v:78$336'.
  created $dff cell `$procdff$628' with positive edge clock.
Creating register for signal `\STREE_L64.\s36' using process `\STREE_L64.$proc$STREE_L64.v:76$327'.
  created $dff cell `$procdff$629' with positive edge clock.
Creating register for signal `\STREE_L64.\c36' using process `\STREE_L64.$proc$STREE_L64.v:76$327'.
  created $dff cell `$procdff$630' with positive edge clock.
Creating register for signal `\STREE_L64.\s35' using process `\STREE_L64.$proc$STREE_L64.v:74$318'.
  created $dff cell `$procdff$631' with positive edge clock.
Creating register for signal `\STREE_L64.\c35' using process `\STREE_L64.$proc$STREE_L64.v:74$318'.
  created $dff cell `$procdff$632' with positive edge clock.
Creating register for signal `\STREE_L64.\s34' using process `\STREE_L64.$proc$STREE_L64.v:72$309'.
  created $dff cell `$procdff$633' with positive edge clock.
Creating register for signal `\STREE_L64.\c34' using process `\STREE_L64.$proc$STREE_L64.v:72$309'.
  created $dff cell `$procdff$634' with positive edge clock.
Creating register for signal `\STREE_L64.\s33' using process `\STREE_L64.$proc$STREE_L64.v:70$300'.
  created $dff cell `$procdff$635' with positive edge clock.
Creating register for signal `\STREE_L64.\c33' using process `\STREE_L64.$proc$STREE_L64.v:70$300'.
  created $dff cell `$procdff$636' with positive edge clock.
Creating register for signal `\STREE_L64.\s32' using process `\STREE_L64.$proc$STREE_L64.v:68$291'.
  created $dff cell `$procdff$637' with positive edge clock.
Creating register for signal `\STREE_L64.\c32' using process `\STREE_L64.$proc$STREE_L64.v:68$291'.
  created $dff cell `$procdff$638' with positive edge clock.
Creating register for signal `\STREE_L64.\st2' using process `\STREE_L64.$proc$STREE_L64.v:66$289'.
  created $dff cell `$procdff$639' with positive edge clock.
Creating register for signal `\STREE_L64.\s31' using process `\STREE_L64.$proc$STREE_L64.v:65$281'.
  created $dff cell `$procdff$640' with positive edge clock.
Creating register for signal `\STREE_L64.\c31' using process `\STREE_L64.$proc$STREE_L64.v:65$281'.
  created $dff cell `$procdff$641' with positive edge clock.
Creating register for signal `\STREE_L64.\s30' using process `\STREE_L64.$proc$STREE_L64.v:63$272'.
  created $dff cell `$procdff$642' with positive edge clock.
Creating register for signal `\STREE_L64.\c30' using process `\STREE_L64.$proc$STREE_L64.v:63$272'.
  created $dff cell `$procdff$643' with positive edge clock.
Creating register for signal `\STREE_L64.\s29' using process `\STREE_L64.$proc$STREE_L64.v:61$263'.
  created $dff cell `$procdff$644' with positive edge clock.
Creating register for signal `\STREE_L64.\c29' using process `\STREE_L64.$proc$STREE_L64.v:61$263'.
  created $dff cell `$procdff$645' with positive edge clock.
Creating register for signal `\STREE_L64.\s28' using process `\STREE_L64.$proc$STREE_L64.v:59$254'.
  created $dff cell `$procdff$646' with positive edge clock.
Creating register for signal `\STREE_L64.\c28' using process `\STREE_L64.$proc$STREE_L64.v:59$254'.
  created $dff cell `$procdff$647' with positive edge clock.
Creating register for signal `\STREE_L64.\s27' using process `\STREE_L64.$proc$STREE_L64.v:57$245'.
  created $dff cell `$procdff$648' with positive edge clock.
Creating register for signal `\STREE_L64.\c27' using process `\STREE_L64.$proc$STREE_L64.v:57$245'.
  created $dff cell `$procdff$649' with positive edge clock.
Creating register for signal `\STREE_L64.\s26' using process `\STREE_L64.$proc$STREE_L64.v:55$236'.
  created $dff cell `$procdff$650' with positive edge clock.
Creating register for signal `\STREE_L64.\c26' using process `\STREE_L64.$proc$STREE_L64.v:55$236'.
  created $dff cell `$procdff$651' with positive edge clock.
Creating register for signal `\STREE_L64.\s25' using process `\STREE_L64.$proc$STREE_L64.v:53$227'.
  created $dff cell `$procdff$652' with positive edge clock.
Creating register for signal `\STREE_L64.\c25' using process `\STREE_L64.$proc$STREE_L64.v:53$227'.
  created $dff cell `$procdff$653' with positive edge clock.
Creating register for signal `\STREE_L64.\s24' using process `\STREE_L64.$proc$STREE_L64.v:51$218'.
  created $dff cell `$procdff$654' with positive edge clock.
Creating register for signal `\STREE_L64.\c24' using process `\STREE_L64.$proc$STREE_L64.v:51$218'.
  created $dff cell `$procdff$655' with positive edge clock.
Creating register for signal `\STREE_L64.\s23' using process `\STREE_L64.$proc$STREE_L64.v:49$209'.
  created $dff cell `$procdff$656' with positive edge clock.
Creating register for signal `\STREE_L64.\c23' using process `\STREE_L64.$proc$STREE_L64.v:49$209'.
  created $dff cell `$procdff$657' with positive edge clock.
Creating register for signal `\STREE_L64.\s22' using process `\STREE_L64.$proc$STREE_L64.v:47$200'.
  created $dff cell `$procdff$658' with positive edge clock.
Creating register for signal `\STREE_L64.\c22' using process `\STREE_L64.$proc$STREE_L64.v:47$200'.
  created $dff cell `$procdff$659' with positive edge clock.
Creating register for signal `\STREE_L64.\s21' using process `\STREE_L64.$proc$STREE_L64.v:45$191'.
  created $dff cell `$procdff$660' with positive edge clock.
Creating register for signal `\STREE_L64.\c21' using process `\STREE_L64.$proc$STREE_L64.v:45$191'.
  created $dff cell `$procdff$661' with positive edge clock.
Creating register for signal `\STREE_L64.\s20' using process `\STREE_L64.$proc$STREE_L64.v:43$182'.
  created $dff cell `$procdff$662' with positive edge clock.
Creating register for signal `\STREE_L64.\c20' using process `\STREE_L64.$proc$STREE_L64.v:43$182'.
  created $dff cell `$procdff$663' with positive edge clock.
Creating register for signal `\STREE_L64.\s19' using process `\STREE_L64.$proc$STREE_L64.v:41$173'.
  created $dff cell `$procdff$664' with positive edge clock.
Creating register for signal `\STREE_L64.\c19' using process `\STREE_L64.$proc$STREE_L64.v:41$173'.
  created $dff cell `$procdff$665' with positive edge clock.
Creating register for signal `\STREE_L64.\s18' using process `\STREE_L64.$proc$STREE_L64.v:39$164'.
  created $dff cell `$procdff$666' with positive edge clock.
Creating register for signal `\STREE_L64.\c18' using process `\STREE_L64.$proc$STREE_L64.v:39$164'.
  created $dff cell `$procdff$667' with positive edge clock.
Creating register for signal `\STREE_L64.\s17' using process `\STREE_L64.$proc$STREE_L64.v:37$155'.
  created $dff cell `$procdff$668' with positive edge clock.
Creating register for signal `\STREE_L64.\c17' using process `\STREE_L64.$proc$STREE_L64.v:37$155'.
  created $dff cell `$procdff$669' with positive edge clock.
Creating register for signal `\STREE_L64.\s16' using process `\STREE_L64.$proc$STREE_L64.v:35$146'.
  created $dff cell `$procdff$670' with positive edge clock.
Creating register for signal `\STREE_L64.\c16' using process `\STREE_L64.$proc$STREE_L64.v:35$146'.
  created $dff cell `$procdff$671' with positive edge clock.
Creating register for signal `\STREE_L64.\s15' using process `\STREE_L64.$proc$STREE_L64.v:33$137'.
  created $dff cell `$procdff$672' with positive edge clock.
Creating register for signal `\STREE_L64.\c15' using process `\STREE_L64.$proc$STREE_L64.v:33$137'.
  created $dff cell `$procdff$673' with positive edge clock.
Creating register for signal `\STREE_L64.\s14' using process `\STREE_L64.$proc$STREE_L64.v:31$128'.
  created $dff cell `$procdff$674' with positive edge clock.
Creating register for signal `\STREE_L64.\c14' using process `\STREE_L64.$proc$STREE_L64.v:31$128'.
  created $dff cell `$procdff$675' with positive edge clock.
Creating register for signal `\STREE_L64.\s13' using process `\STREE_L64.$proc$STREE_L64.v:29$119'.
  created $dff cell `$procdff$676' with positive edge clock.
Creating register for signal `\STREE_L64.\c13' using process `\STREE_L64.$proc$STREE_L64.v:29$119'.
  created $dff cell `$procdff$677' with positive edge clock.
Creating register for signal `\STREE_L64.\s12' using process `\STREE_L64.$proc$STREE_L64.v:27$110'.
  created $dff cell `$procdff$678' with positive edge clock.
Creating register for signal `\STREE_L64.\c12' using process `\STREE_L64.$proc$STREE_L64.v:27$110'.
  created $dff cell `$procdff$679' with positive edge clock.
Creating register for signal `\STREE_L64.\s11' using process `\STREE_L64.$proc$STREE_L64.v:25$101'.
  created $dff cell `$procdff$680' with positive edge clock.
Creating register for signal `\STREE_L64.\c11' using process `\STREE_L64.$proc$STREE_L64.v:25$101'.
  created $dff cell `$procdff$681' with positive edge clock.
Creating register for signal `\STREE_L64.\s10' using process `\STREE_L64.$proc$STREE_L64.v:23$92'.
  created $dff cell `$procdff$682' with positive edge clock.
Creating register for signal `\STREE_L64.\c10' using process `\STREE_L64.$proc$STREE_L64.v:23$92'.
  created $dff cell `$procdff$683' with positive edge clock.
Creating register for signal `\STREE_L64.\s9' using process `\STREE_L64.$proc$STREE_L64.v:21$83'.
  created $dff cell `$procdff$684' with positive edge clock.
Creating register for signal `\STREE_L64.\c9' using process `\STREE_L64.$proc$STREE_L64.v:21$83'.
  created $dff cell `$procdff$685' with positive edge clock.
Creating register for signal `\STREE_L64.\s8' using process `\STREE_L64.$proc$STREE_L64.v:19$74'.
  created $dff cell `$procdff$686' with positive edge clock.
Creating register for signal `\STREE_L64.\c8' using process `\STREE_L64.$proc$STREE_L64.v:19$74'.
  created $dff cell `$procdff$687' with positive edge clock.
Creating register for signal `\STREE_L64.\s7' using process `\STREE_L64.$proc$STREE_L64.v:17$65'.
  created $dff cell `$procdff$688' with positive edge clock.
Creating register for signal `\STREE_L64.\c7' using process `\STREE_L64.$proc$STREE_L64.v:17$65'.
  created $dff cell `$procdff$689' with positive edge clock.
Creating register for signal `\STREE_L64.\s6' using process `\STREE_L64.$proc$STREE_L64.v:15$56'.
  created $dff cell `$procdff$690' with positive edge clock.
Creating register for signal `\STREE_L64.\c6' using process `\STREE_L64.$proc$STREE_L64.v:15$56'.
  created $dff cell `$procdff$691' with positive edge clock.
Creating register for signal `\STREE_L64.\s5' using process `\STREE_L64.$proc$STREE_L64.v:13$47'.
  created $dff cell `$procdff$692' with positive edge clock.
Creating register for signal `\STREE_L64.\c5' using process `\STREE_L64.$proc$STREE_L64.v:13$47'.
  created $dff cell `$procdff$693' with positive edge clock.
Creating register for signal `\STREE_L64.\s4' using process `\STREE_L64.$proc$STREE_L64.v:11$38'.
  created $dff cell `$procdff$694' with positive edge clock.
Creating register for signal `\STREE_L64.\c4' using process `\STREE_L64.$proc$STREE_L64.v:11$38'.
  created $dff cell `$procdff$695' with positive edge clock.
Creating register for signal `\STREE_L64.\s3' using process `\STREE_L64.$proc$STREE_L64.v:9$29'.
  created $dff cell `$procdff$696' with positive edge clock.
Creating register for signal `\STREE_L64.\c3' using process `\STREE_L64.$proc$STREE_L64.v:9$29'.
  created $dff cell `$procdff$697' with positive edge clock.
Creating register for signal `\STREE_L64.\s2' using process `\STREE_L64.$proc$STREE_L64.v:7$20'.
  created $dff cell `$procdff$698' with positive edge clock.
Creating register for signal `\STREE_L64.\c2' using process `\STREE_L64.$proc$STREE_L64.v:7$20'.
  created $dff cell `$procdff$699' with positive edge clock.
Creating register for signal `\STREE_L64.\s1' using process `\STREE_L64.$proc$STREE_L64.v:5$11'.
  created $dff cell `$procdff$700' with positive edge clock.
Creating register for signal `\STREE_L64.\c1' using process `\STREE_L64.$proc$STREE_L64.v:5$11'.
  created $dff cell `$procdff$701' with positive edge clock.
Creating register for signal `\STREE_L64.\s0' using process `\STREE_L64.$proc$STREE_L64.v:3$2'.
  created $dff cell `$procdff$702' with positive edge clock.
Creating register for signal `\STREE_L64.\c0' using process `\STREE_L64.$proc$STREE_L64.v:3$2'.
  created $dff cell `$procdff$703' with positive edge clock.

2.2.10. Executing PROC_MEMWR pass (convert process memory writes to cells).

2.2.11. Executing PROC_CLEAN pass (remove empty switches from decision trees).
Removing empty process `STREE_L64.$proc$STREE_L64.v:132$565'.
Removing empty process `STREE_L64.$proc$STREE_L64.v:130$563'.
Removing empty process `STREE_L64.$proc$STREE_L64.v:129$555'.
Removing empty process `STREE_L64.$proc$STREE_L64.v:127$546'.
Removing empty process `STREE_L64.$proc$STREE_L64.v:125$544'.
Removing empty process `STREE_L64.$proc$STREE_L64.v:124$536'.
Removing empty process `STREE_L64.$proc$STREE_L64.v:122$527'.
Removing empty process `STREE_L64.$proc$STREE_L64.v:120$518'.
Removing empty process `STREE_L64.$proc$STREE_L64.v:118$509'.
Removing empty process `STREE_L64.$proc$STREE_L64.v:116$507'.
Removing empty process `STREE_L64.$proc$STREE_L64.v:115$499'.
Removing empty process `STREE_L64.$proc$STREE_L64.v:113$490'.
Removing empty process `STREE_L64.$proc$STREE_L64.v:111$481'.
Removing empty process `STREE_L64.$proc$STREE_L64.v:109$472'.
Removing empty process `STREE_L64.$proc$STREE_L64.v:107$463'.
Removing empty process `STREE_L64.$proc$STREE_L64.v:105$454'.
Removing empty process `STREE_L64.$proc$STREE_L64.v:103$445'.
Removing empty process `STREE_L64.$proc$STREE_L64.v:101$436'.
Removing empty process `STREE_L64.$proc$STREE_L64.v:99$434'.
Removing empty process `STREE_L64.$proc$STREE_L64.v:98$426'.
Removing empty process `STREE_L64.$proc$STREE_L64.v:96$417'.
Removing empty process `STREE_L64.$proc$STREE_L64.v:94$408'.
Removing empty process `STREE_L64.$proc$STREE_L64.v:92$399'.
Removing empty process `STREE_L64.$proc$STREE_L64.v:90$390'.
Removing empty process `STREE_L64.$proc$STREE_L64.v:88$381'.
Removing empty process `STREE_L64.$proc$STREE_L64.v:86$372'.
Removing empty process `STREE_L64.$proc$STREE_L64.v:84$363'.
Removing empty process `STREE_L64.$proc$STREE_L64.v:82$354'.
Removing empty process `STREE_L64.$proc$STREE_L64.v:80$345'.
Removing empty process `STREE_L64.$proc$STREE_L64.v:78$336'.
Removing empty process `STREE_L64.$proc$STREE_L64.v:76$327'.
Removing empty process `STREE_L64.$proc$STREE_L64.v:74$318'.
Removing empty process `STREE_L64.$proc$STREE_L64.v:72$309'.
Removing empty process `STREE_L64.$proc$STREE_L64.v:70$300'.
Removing empty process `STREE_L64.$proc$STREE_L64.v:68$291'.
Removing empty process `STREE_L64.$proc$STREE_L64.v:66$289'.
Removing empty process `STREE_L64.$proc$STREE_L64.v:65$281'.
Removing empty process `STREE_L64.$proc$STREE_L64.v:63$272'.
Removing empty process `STREE_L64.$proc$STREE_L64.v:61$263'.
Removing empty process `STREE_L64.$proc$STREE_L64.v:59$254'.
Removing empty process `STREE_L64.$proc$STREE_L64.v:57$245'.
Removing empty process `STREE_L64.$proc$STREE_L64.v:55$236'.
Removing empty process `STREE_L64.$proc$STREE_L64.v:53$227'.
Removing empty process `STREE_L64.$proc$STREE_L64.v:51$218'.
Removing empty process `STREE_L64.$proc$STREE_L64.v:49$209'.
Removing empty process `STREE_L64.$proc$STREE_L64.v:47$200'.
Removing empty process `STREE_L64.$proc$STREE_L64.v:45$191'.
Removing empty process `STREE_L64.$proc$STREE_L64.v:43$182'.
Removing empty process `STREE_L64.$proc$STREE_L64.v:41$173'.
Removing empty process `STREE_L64.$proc$STREE_L64.v:39$164'.
Removing empty process `STREE_L64.$proc$STREE_L64.v:37$155'.
Removing empty process `STREE_L64.$proc$STREE_L64.v:35$146'.
Removing empty process `STREE_L64.$proc$STREE_L64.v:33$137'.
Removing empty process `STREE_L64.$proc$STREE_L64.v:31$128'.
Removing empty process `STREE_L64.$proc$STREE_L64.v:29$119'.
Removing empty process `STREE_L64.$proc$STREE_L64.v:27$110'.
Removing empty process `STREE_L64.$proc$STREE_L64.v:25$101'.
Removing empty process `STREE_L64.$proc$STREE_L64.v:23$92'.
Removing empty process `STREE_L64.$proc$STREE_L64.v:21$83'.
Removing empty process `STREE_L64.$proc$STREE_L64.v:19$74'.
Removing empty process `STREE_L64.$proc$STREE_L64.v:17$65'.
Removing empty process `STREE_L64.$proc$STREE_L64.v:15$56'.
Removing empty process `STREE_L64.$proc$STREE_L64.v:13$47'.
Removing empty process `STREE_L64.$proc$STREE_L64.v:11$38'.
Removing empty process `STREE_L64.$proc$STREE_L64.v:9$29'.
Removing empty process `STREE_L64.$proc$STREE_L64.v:7$20'.
Removing empty process `STREE_L64.$proc$STREE_L64.v:5$11'.
Removing empty process `STREE_L64.$proc$STREE_L64.v:3$2'.
Cleaned up 0 empty switches.

2.2.12. Executing OPT_EXPR pass (perform const folding).
Optimizing module STREE_L64.

2.3. Executing CHECK pass (checking for obvious problems).
Checking module STREE_L64...
Found and reported 0 problems.

2.4. Executing FLATTEN pass (flatten design).

2.5. Executing OPT_EXPR pass (perform const folding).
Optimizing module STREE_L64.

2.6. Executing OPT_CLEAN pass (remove unused cells and wires).
Finding unused cells or wires in module \STREE_L64..
Removed 0 unused cells and 194 unused wires.
<suppressed ~1 debug messages>

2.7. Executing CHECK pass (checking for obvious problems).
Checking module STREE_L64...
Found and reported 0 problems.

2.8. Executing OPT pass (performing simple optimizations).

2.8.1. Executing OPT_EXPR pass (perform const folding).
Optimizing module STREE_L64.

2.8.2. Executing OPT_MERGE pass (detect identical cells).
Finding identical cells in module `\STREE_L64'.
Computing hashes of 635 cells of `\STREE_L64'.
Finding duplicate cells in `\STREE_L64'.
Removed a total of 0 cells.

2.8.3. Executing OPT_MUXTREE pass (detect dead branches in mux trees).
Running muxtree optimizer on module \STREE_L64..
  Creating internal representation of mux trees.
  Evaluating internal representation of mux trees.
  Analyzing evaluation results.
Removed 0 multiplexer ports.
<suppressed ~126 debug messages>

2.8.4. Executing OPT_REDUCE pass (consolidate $*mux and $reduce_* inputs).
  Optimizing cells in module \STREE_L64.
Performed a total of 0 changes.

2.8.5. Executing OPT_MERGE pass (detect identical cells).
Finding identical cells in module `\STREE_L64'.
Computing hashes of 635 cells of `\STREE_L64'.
Finding duplicate cells in `\STREE_L64'.
Removed a total of 0 cells.

2.8.6. Executing OPT_DFF pass (perform DFF optimizations).

2.8.7. Executing OPT_CLEAN pass (remove unused cells and wires).
Finding unused cells or wires in module \STREE_L64..

2.8.8. Executing OPT_EXPR pass (perform const folding).
Optimizing module STREE_L64.

2.8.9. Finished fast OPT passes. (There is nothing left to do.)

2.9. Executing FSM pass (extract and optimize FSM).

2.9.1. Executing FSM_DETECT pass (finding FSMs in design).

2.9.2. Executing FSM_EXTRACT pass (extracting FSM from design).

2.9.3. Executing FSM_OPT pass (simple optimizations of FSMs).

2.9.4. Executing OPT_CLEAN pass (remove unused cells and wires).
Finding unused cells or wires in module \STREE_L64..

2.9.5. Executing FSM_OPT pass (simple optimizations of FSMs).

2.9.6. Executing FSM_RECODE pass (re-assigning FSM state encoding).

2.9.7. Executing FSM_INFO pass (dumping all available information on FSM cells).

2.9.8. Executing FSM_MAP pass (mapping FSMs to basic logic).

2.10. Executing OPT pass (performing simple optimizations).

2.10.1. Executing OPT_EXPR pass (perform const folding).
Optimizing module STREE_L64.

2.10.2. Executing OPT_MERGE pass (detect identical cells).
Finding identical cells in module `\STREE_L64'.
Computing hashes of 635 cells of `\STREE_L64'.
Finding duplicate cells in `\STREE_L64'.
Removed a total of 0 cells.

2.10.3. Executing OPT_MUXTREE pass (detect dead branches in mux trees).
Running muxtree optimizer on module \STREE_L64..
  Creating internal representation of mux trees.
  Evaluating internal representation of mux trees.
  Analyzing evaluation results.
Removed 0 multiplexer ports.
<suppressed ~126 debug messages>

2.10.4. Executing OPT_REDUCE pass (consolidate $*mux and $reduce_* inputs).
  Optimizing cells in module \STREE_L64.
Performed a total of 0 changes.

2.10.5. Executing OPT_MERGE pass (detect identical cells).
Finding identical cells in module `\STREE_L64'.
Computing hashes of 635 cells of `\STREE_L64'.
Finding duplicate cells in `\STREE_L64'.
Removed a total of 0 cells.

2.10.6. Executing OPT_DFF pass (perform DFF optimizations).

2.10.7. Executing OPT_CLEAN pass (remove unused cells and wires).
Finding unused cells or wires in module \STREE_L64..

2.10.8. Executing OPT_EXPR pass (perform const folding).
Optimizing module STREE_L64.

2.10.9. Finished fast OPT passes. (There is nothing left to do.)

2.11. Executing WREDUCE pass (reducing word size of cells).

2.12. Executing PEEPOPT pass (run peephole optimizers).

2.13. Executing OPT_CLEAN pass (remove unused cells and wires).
Finding unused cells or wires in module \STREE_L64..

2.14. Executing ALUMACC pass (create $alu and $macc cells).
Extracting $alu and $macc cells in module STREE_L64:
  created 0 $alu and 0 $macc cells.

2.15. Executing SHARE pass (SAT-based resource sharing).

2.16. Executing OPT pass (performing simple optimizations).

2.16.1. Executing OPT_EXPR pass (perform const folding).
Optimizing module STREE_L64.

2.16.2. Executing OPT_MERGE pass (detect identical cells).
Finding identical cells in module `\STREE_L64'.
Computing hashes of 635 cells of `\STREE_L64'.
Finding duplicate cells in `\STREE_L64'.
Removed a total of 0 cells.

2.16.3. Executing OPT_MUXTREE pass (detect dead branches in mux trees).
Running muxtree optimizer on module \STREE_L64..
  Creating internal representation of mux trees.
  Evaluating internal representation of mux trees.
  Analyzing evaluation results.
Removed 0 multiplexer ports.
<suppressed ~126 debug messages>

2.16.4. Executing OPT_REDUCE pass (consolidate $*mux and $reduce_* inputs).
  Optimizing cells in module \STREE_L64.
Performed a total of 0 changes.

2.16.5. Executing OPT_MERGE pass (detect identical cells).
Finding identical cells in module `\STREE_L64'.
Computing hashes of 635 cells of `\STREE_L64'.
Finding duplicate cells in `\STREE_L64'.
Removed a total of 0 cells.

2.16.6. Executing OPT_DFF pass (perform DFF optimizations).

2.16.7. Executing OPT_CLEAN pass (remove unused cells and wires).
Finding unused cells or wires in module \STREE_L64..

2.16.8. Executing OPT_EXPR pass (perform const folding).
Optimizing module STREE_L64.

2.16.9. Finished fast OPT passes. (There is nothing left to do.)

2.17. Executing MEMORY pass.

2.17.1. Executing OPT_MEM pass (optimize memories).
Performed a total of 0 transformations.

2.17.2. Executing OPT_MEM_PRIORITY pass (removing unnecessary memory write priority relations).
Performed a total of 0 transformations.

2.17.3. Executing OPT_MEM_FEEDBACK pass (finding memory read-to-write feedback paths).

2.17.4. Executing MEMORY_BMUX2ROM pass (converting muxes to ROMs).

2.17.5. Executing MEMORY_DFF pass (merging $dff cells to $memrd).

2.17.6. Executing OPT_CLEAN pass (remove unused cells and wires).
Finding unused cells or wires in module \STREE_L64..

2.17.7. Executing MEMORY_SHARE pass (consolidating $memrd/$memwr cells).

2.17.8. Executing OPT_MEM_WIDEN pass (optimize memories where all ports are wide).
Performed a total of 0 transformations.

2.17.9. Executing OPT_CLEAN pass (remove unused cells and wires).
Finding unused cells or wires in module \STREE_L64..

2.17.10. Executing MEMORY_COLLECT pass (generating $mem cells).

2.18. Executing OPT_CLEAN pass (remove unused cells and wires).
Finding unused cells or wires in module \STREE_L64..

2.19. Executing OPT pass (performing simple optimizations).

2.19.1. Executing OPT_EXPR pass (perform const folding).
Optimizing module STREE_L64.

2.19.2. Executing OPT_MERGE pass (detect identical cells).
Finding identical cells in module `\STREE_L64'.
Computing hashes of 635 cells of `\STREE_L64'.
Finding duplicate cells in `\STREE_L64'.
Removed a total of 0 cells.

2.19.3. Executing OPT_DFF pass (perform DFF optimizations).

2.19.4. Executing OPT_CLEAN pass (remove unused cells and wires).
Finding unused cells or wires in module \STREE_L64..

2.19.5. Finished fast OPT passes.

2.20. Executing MEMORY_MAP pass (converting memories to logic and flip-flops).

2.21. Executing OPT pass (performing simple optimizations).

2.21.1. Executing OPT_EXPR pass (perform const folding).
Optimizing module STREE_L64.

2.21.2. Executing OPT_MERGE pass (detect identical cells).
Finding identical cells in module `\STREE_L64'.
Computing hashes of 635 cells of `\STREE_L64'.
Finding duplicate cells in `\STREE_L64'.
Removed a total of 0 cells.

2.21.3. Executing OPT_MUXTREE pass (detect dead branches in mux trees).
Running muxtree optimizer on module \STREE_L64..
  Creating internal representation of mux trees.
  Evaluating internal representation of mux trees.
  Analyzing evaluation results.
Removed 0 multiplexer ports.
<suppressed ~126 debug messages>

2.21.4. Executing OPT_REDUCE pass (consolidate $*mux and $reduce_* inputs).
  Optimizing cells in module \STREE_L64.
Performed a total of 0 changes.

2.21.5. Executing OPT_MERGE pass (detect identical cells).
Finding identical cells in module `\STREE_L64'.
Computing hashes of 635 cells of `\STREE_L64'.
Finding duplicate cells in `\STREE_L64'.
Removed a total of 0 cells.

2.21.6. Executing OPT_SHARE pass.

2.21.7. Executing OPT_DFF pass (perform DFF optimizations).

2.21.8. Executing OPT_CLEAN pass (remove unused cells and wires).
Finding unused cells or wires in module \STREE_L64..

2.21.9. Executing OPT_EXPR pass (perform const folding).
Optimizing module STREE_L64.

2.21.10. Finished fast OPT passes. (There is nothing left to do.)

2.22. Executing TECHMAP pass (map to technology primitives).

2.22.1. Executing Verilog-2005 frontend: /usr/local/bin/../share/yosys/techmap.v
Parsing Verilog input from `/usr/local/bin/../share/yosys/techmap.v' to AST representation.
Generating RTLIL representation for module `\_90_simplemap_bool_ops'.
Generating RTLIL representation for module `\_90_simplemap_reduce_ops'.
Generating RTLIL representation for module `\_90_simplemap_logic_ops'.
Generating RTLIL representation for module `\_90_simplemap_compare_ops'.
Generating RTLIL representation for module `\_90_simplemap_various'.
Generating RTLIL representation for module `\_90_simplemap_registers'.
Generating RTLIL representation for module `\_90_shift_ops_shr_shl_sshl_sshr'.
Generating RTLIL representation for module `\_90_shift_shiftx'.
Generating RTLIL representation for module `\_90_fa'.
Generating RTLIL representation for module `\_90_lcu_brent_kung'.
Generating RTLIL representation for module `\_90_alu'.
Generating RTLIL representation for module `\_90_macc'.
Generating RTLIL representation for module `\_90_alumacc'.
Generating RTLIL representation for module `$__div_mod_u'.
Generating RTLIL representation for module `$__div_mod_trunc'.
Generating RTLIL representation for module `\_90_div'.
Generating RTLIL representation for module `\_90_mod'.
Generating RTLIL representation for module `$__div_mod_floor'.
Generating RTLIL representation for module `\_90_divfloor'.
Generating RTLIL representation for module `\_90_modfloor'.
Generating RTLIL representation for module `\_90_pow'.
Generating RTLIL representation for module `\_90_demux'.
Generating RTLIL representation for module `\_90_lut'.
Generating RTLIL representation for module `$connect'.
Generating RTLIL representation for module `$input_port'.
Successfully finished Verilog frontend.

2.22.2. Continuing TECHMAP pass.
Using extmapper simplemap for cells of type $mux.
Using extmapper simplemap for cells of type $xor.
Using extmapper simplemap for cells of type $and.
Using extmapper simplemap for cells of type $or.
Using extmapper simplemap for cells of type $dff.
No more expansions possible.
<suppressed ~712 debug messages>

2.23. Executing OPT pass (performing simple optimizations).

2.23.1. Executing OPT_EXPR pass (perform const folding).
Optimizing module STREE_L64.

2.23.2. Executing OPT_MERGE pass (detect identical cells).
Finding identical cells in module `\STREE_L64'.
Computing hashes of 635 cells of `\STREE_L64'.
Finding duplicate cells in `\STREE_L64'.
Removed a total of 0 cells.

2.23.3. Executing OPT_DFF pass (perform DFF optimizations).

2.23.4. Executing OPT_CLEAN pass (remove unused cells and wires).
Finding unused cells or wires in module \STREE_L64..

2.23.5. Finished fast OPT passes.

2.24. Executing ABC pass (technology mapping using ABC).

2.24.1. Extracting gate netlist of module `\STREE_L64' to `<abc-temp-dir>/input.blif'..

2.24.1.1. Executed ABC.
Extracted 504 gates and 700 wires to a netlist network with 195 inputs and 126 outputs.
Running ABC script: <abc-temp-dir>/abc.script
ABC: UC Berkeley, ABC 1.01 (compiled 0 0)
ABC: abc 01> empty
ABC: abc 01> source <abc-temp-dir>/abc.script
ABC: + read_blif <abc-temp-dir>/input.blif 
ABC: + read_library <abc-temp-dir>/stdcells.genlib 
ABC: + strash 
ABC: + &get -n 
ABC: + &fraig -x 
ABC: + &put 
ABC: + scorr 
ABC: Warning: The network is combinational (run "fraig" or "fraig_sweep").
ABC: + dc2 
ABC: + dretime 
ABC: + strash 
ABC: + &get -n 
ABC: + &dch -f 
ABC: + &nf 
ABC: + &put 
ABC: + write_blif <abc-temp-dir>/output.blif 
ABC: 
ABC: YOSYS_ABC_DONE 

2.24.1.2. Re-integrating ABC results.
ABC RESULTS:            ANDNOT cells:       63
ABC RESULTS:              NAND cells:      252
ABC RESULTS:                OR cells:       63
ABC RESULTS:              XNOR cells:       63
ABC RESULTS:        internal signals:      379
ABC RESULTS:           input signals:      195
ABC RESULTS:          output signals:      126
Removing temp directory.
Removing global temp directory.

2.25. Executing OPT pass (performing simple optimizations).

2.25.1. Executing OPT_EXPR pass (perform const folding).
Optimizing module STREE_L64.

2.25.2. Executing OPT_MERGE pass (detect identical cells).
Finding identical cells in module `\STREE_L64'.
Computing hashes of 572 cells of `\STREE_L64'.
Finding duplicate cells in `\STREE_L64'.
Removed a total of 0 cells.

2.25.3. Executing OPT_DFF pass (perform DFF optimizations).

2.25.4. Executing OPT_CLEAN pass (remove unused cells and wires).
Finding unused cells or wires in module \STREE_L64..
Removed 0 unused cells and 699 unused wires.
<suppressed ~64 debug messages>

2.25.5. Finished fast OPT passes.

2.26. Executing HIERARCHY pass (managing design hierarchy).
Attribute `top' found on module `STREE_L64'. Setting top module to STREE_L64.

2.26.1. Analyzing design hierarchy..
Top module:  \STREE_L64

2.26.2. Analyzing design hierarchy..
Top module:  \STREE_L64
Removed 0 unused modules.

2.27. Printing statistics.

=== STREE_L64 ===

        +----------Local Count, excluding submodules.
        | 
      576 wires
      639 wire bits
      135 public wires
      198 public wire bits
        4 ports
       67 port bits
      572 cells
       63   $_ANDNOT_
      131   $_DFF_P_
      252   $_NAND_
       63   $_OR_
       63   $_XNOR_

2.28. Executing CHECK pass (checking for obvious problems).
Checking module STREE_L64...
Found and reported 0 problems.

3. Executing DFFLIBMAP pass (mapping DFF cells to sequential cells from liberty file).
  cell sky130_fd_sc_hd__dfxtp_1 (noninv, pins=3, area=20.02) is a direct match for cell type $_DFF_P_.
  cell sky130_fd_sc_hd__dfrtn_1 (noninv, pins=4, area=25.02) is a direct match for cell type $_DFF_NN0_.
  cell sky130_fd_sc_hd__dfrtp_1 (noninv, pins=4, area=25.02) is a direct match for cell type $_DFF_PN0_.
  cell sky130_fd_sc_hd__dfstp_2 (noninv, pins=4, area=26.28) is a direct match for cell type $_DFF_PN1_.
  cell sky130_fd_sc_hd__edfxtp_1 (noninv, pins=4, area=30.03) is a direct match for cell type $_DFFE_PP_.
  cell sky130_fd_sc_hd__dfbbn_1 (noninv, pins=6, area=32.53) is a direct match for cell type $_DFFSR_NNN_.
  cell sky130_fd_sc_hd__dfbbp_1 (noninv, pins=6, area=32.53) is a direct match for cell type $_DFFSR_PNN_.
  final dff cell mappings:
    unmapped dff cell: $_DFF_N_
    \sky130_fd_sc_hd__dfxtp_1 _DFF_P_ (.CLK( C), .D( D), .Q( Q));
    \sky130_fd_sc_hd__dfrtn_1 _DFF_NN0_ (.CLK_N( C), .D( D), .Q( Q), .RESET_B( R));
    unmapped dff cell: $_DFF_NN1_
    unmapped dff cell: $_DFF_NP0_
    unmapped dff cell: $_DFF_NP1_
    \sky130_fd_sc_hd__dfrtp_1 _DFF_PN0_ (.CLK( C), .D( D), .Q( Q), .RESET_B( R));
    \sky130_fd_sc_hd__dfstp_2 _DFF_PN1_ (.CLK( C), .D( D), .Q( Q), .SET_B( R));
    unmapped dff cell: $_DFF_PP0_
    unmapped dff cell: $_DFF_PP1_
    unmapped dff cell: $_DFFE_NN_
    unmapped dff cell: $_DFFE_NP_
    unmapped dff cell: $_DFFE_PN_
    \sky130_fd_sc_hd__edfxtp_1 _DFFE_PP_ (.CLK( C), .D( D), .DE( E), .Q( Q));
    \sky130_fd_sc_hd__dfbbn_1 _DFFSR_NNN_ (.CLK_N( C), .D( D), .Q( Q), .Q_N(~Q), .RESET_B( R), .SET_B( S));
    unmapped dff cell: $_DFFSR_NNP_
    unmapped dff cell: $_DFFSR_NPN_
    unmapped dff cell: $_DFFSR_NPP_
    \sky130_fd_sc_hd__dfbbp_1 _DFFSR_PNN_ (.CLK( C), .D( D), .Q( Q), .Q_N(~Q), .RESET_B( R), .SET_B( S));
    unmapped dff cell: $_DFFSR_PNP_
    unmapped dff cell: $_DFFSR_PPN_
    unmapped dff cell: $_DFFSR_PPP_

3.1. Executing DFFLEGALIZE pass (convert FFs to types supported by the target).
<suppressed ~24 debug messages>
Mapping DFF cells in module `\STREE_L64':
  mapped 131 $_DFF_P_ cells to \sky130_fd_sc_hd__dfxtp_1 cells.

4. Executing ABC pass (technology mapping using ABC).

4.1. Extracting gate netlist of module `\STREE_L64' to `<abc-temp-dir>/input.blif'..

4.1.1. Executed ABC.
Extracted 441 gates and 636 wires to a netlist network with 195 inputs and 126 outputs.
Running ABC script: <abc-temp-dir>/abc.script
ABC: UC Berkeley, ABC 1.01 (compiled 0 0)
ABC: abc 01> empty
ABC: abc 01> source <abc-temp-dir>/abc.script
ABC: + read_blif <abc-temp-dir>/input.blif 
ABC: + read_scl /tmp/yosys-liberty-scl-cache/yosys_merged_f352e82c.scl 
ABC: Warning: Detected 9 multi-output cells (for example, "sky130_fd_sc_hd__fa_1").
ABC: + strash 
ABC: + &get -n 
ABC: + &fraig -x 
ABC: + &put 
ABC: + scorr 
ABC: Warning: The network is combinational (run "fraig" or "fraig_sweep").
ABC: + dc2 
ABC: + dretime 
ABC: + strash 
ABC: + &get -n 
ABC: + &dch -f 
ABC: + &nf 
ABC: + &put 
ABC: + write_blif <abc-temp-dir>/output.blif 
ABC: 
ABC: YOSYS_ABC_DONE 

4.1.2. Re-integrating ABC results.
ABC RESULTS:   sky130_fd_sc_hd__maj3_1 cells:       63
ABC RESULTS:   sky130_fd_sc_hd__nor2b_1 cells:       63
ABC RESULTS:   sky130_fd_sc_hd__xor3_1 cells:       63
ABC RESULTS:        internal signals:      315
ABC RESULTS:           input signals:      195
ABC RESULTS:          output signals:      126
Removing temp directory.
Removing global temp directory.

5. Executing OPT_CLEAN pass (remove unused cells and wires).
Finding unused cells or wires in module \STREE_L64..
Removed 0 unused cells and 636 unused wires.
<suppressed ~1 debug messages>

6. Executing HILOMAP pass (mapping to constant drivers).

7. Executing OPT_CLEAN pass (remove unused cells and wires).
Finding unused cells or wires in module \STREE_L64..
Removed 0 unused cells and 1 unused wires.
<suppressed ~1 debug messages>

8. Executing Verilog backend.
Dumping module `\STREE_L64'.

End of script. Logfile hash: 993c66f040, time: 0.81s, user: 0.27s, system: 0.02s, MEM: 53.21 MB peak
Yosys 0.68 (git sha1 38e001a6f, Release, GNU /usr/local/bin/wrapped-cc/g++ 11.4.0)
Time spent: 72% 2x abc (0 sec), 11% 1x dfflibmap (0 sec), ...
