OpenROAD unknown 
Features included (+) or not (-): -GPU +GUI -Python
This program is licensed under the BSD-3 license. See the LICENSE file for details.
Components of this program may be licensed under more restrictive licenses which must be honored.
[INFO ORD-0030] Using 1 thread(s).
SIGNOFF_WS corner=ss setup=-1.3771725981825966e-9 hold=3.47258333199818e-10
SIGNOFF_SETUP_PATH_BEGIN
Startpoint: stt1_ff (rising edge-triggered flip-flop clocked by clk)
Endpoint: row8/_462_ (rising edge-triggered flip-flop clocked by clk)
Path Group: clk
Path Type: max

Fanout       Cap      Slew     Delay      Time   Description
-------------------------------------------------------------------------------------
                              0.0000    0.0000   clock clk (rise edge)
                              1.8186    1.8186   clock network delay (propagated)
                    0.0871    0.0000    1.8186 ^ stt1_ff/CLK (sky130_fd_sc_hd__dfxtp_4)
    27    0.3108    1.3554    1.6298    3.4484 ^ stt1_ff/Q (sky130_fd_sc_hd__dfxtp_4)
                                                 st_tree (net)
    47    0.2009    0.8655    1.2068    4.6552 ^ place2545/X (sky130_fd_sc_hd__buf_4)
                                                 net2545 (net)
     2    0.0083    0.2107    0.4235    5.0788 v row8/_306_/Y (sky130_fd_sc_hd__nor2b_1)
                                                 row8/_165_ (net)
     1    0.0049    0.1605    0.8420    5.9207 v row8/_307_/X (sky130_fd_sc_hd__maj3_1)
                                                 row8/_015_ (net)
                    0.1605    0.0002    5.9209 v row8/_462_/D (sky130_fd_sc_hd__dfxtp_1)
                                        5.9209   data arrival time

                              3.0000    3.0000   clock clk (rise edge)
                              1.8449    4.8449   clock network delay (propagated)
                              0.0000    4.8449   clock reconvergence pessimism
                                        4.8449 ^ row8/_462_/CLK (sky130_fd_sc_hd__dfxtp_1)
                             -0.3012    4.5438   library setup time
                                        4.5438   data required time
-------------------------------------------------------------------------------------
                                        4.5438   data required time
                                       -5.9209   data arrival time
-------------------------------------------------------------------------------------
                                       -1.3772   slack (VIOLATED)


SIGNOFF_SETUP_PATH_END
SIGNOFF_HOLD_PATH_BEGIN
Startpoint: x[35] (input port clocked by clk)
Endpoint: ng35/_7_ (rising edge-triggered flip-flop clocked by clk)
Path Group: clk
Path Type: min

    Delay      Time   Description
-------------------------------------------------------------
   0.0000    0.0000   clock clk (rise edge)
   0.0000    0.0000   clock network delay (propagated)
   0.0000    0.0000 ^ input external delay
   0.0000    0.0000 ^ x[35] (in)
                      x[35] (net)
   1.0638    1.0638 ^ hold3042/X (sky130_fd_sc_hd__dlygate4sd3_1)
                      net3042 (net)
   1.0051    2.0689 ^ input30/X (sky130_fd_sc_hd__clkdlybuf4s50_1)
                      net30 (net)
   0.0005    2.0694 ^ ng35/_7_/D (sky130_fd_sc_hd__dfxtp_1)
             2.0694   data arrival time

   0.0000    0.0000   clock clk (rise edge)
   1.8438    1.8438   clock network delay (propagated)
   0.0000    1.8438   clock reconvergence pessimism
             1.8438 ^ ng35/_7_/CLK (sky130_fd_sc_hd__dfxtp_1)
  -0.1217    1.7221   library hold time
             1.7221   data required time
-------------------------------------------------------------
             1.7221   data required time
            -2.0694   data arrival time
-------------------------------------------------------------
             0.3473   slack (MET)


SIGNOFF_HOLD_PATH_END
SIGNOFF_PROG_WS setup=-1.6620571585690413e-10
SIGNOFF_PROG_PATH_BEGIN
Startpoint: ng23/_8_ (rising edge-triggered flip-flop clocked by clk)
Endpoint: row59/_485_ (rising edge-triggered flip-flop clocked by clk)
Path Group: clk
Path Type: max

Fanout       Cap      Slew     Delay      Time   Description
-------------------------------------------------------------------------------------
                              0.0000    0.0000   clock clk (rise edge)
                              1.7951    1.7951   clock network delay (propagated)
                    0.0865    0.0000    1.7951 ^ ng23/_8_/CLK (sky130_fd_sc_hd__dfxtp_1)
     1    0.0027    0.0671    0.6295    2.4245 ^ ng23/_8_/Q (sky130_fd_sc_hd__dfxtp_1)
                                                 ln23 (net)
     2    0.0280    0.1391    0.2588    2.6833 ^ place2877/X (sky130_fd_sc_hd__buf_4)
                                                 net2877 (net)
     3    0.0541    0.2481    0.3666    3.0499 ^ place2876/X (sky130_fd_sc_hd__buf_4)
                                                 net2876 (net)
     4    0.0255    0.2078    0.3941    3.4441 ^ lt_ln23_s3/Z (LTAPB2)
                                                 pgm_ln23_s3 (net)
     2    0.0113    0.2251    0.3192    3.7632 ^ vs_59_23/Z (VSITE_BUF)
                                                 lf_59_23 (net)
     1    0.0088    0.1747    0.9463    4.7095 v row59/_344_/X (sky130_fd_sc_hd__xor3_1)
                                                 row59/_065_ (net)
                    0.1747    0.0004    4.7098 v row59/_485_/D (sky130_fd_sc_hd__dfxtp_1)
                                        4.7098   data arrival time

                              3.0000    3.0000   clock clk (rise edge)
                              1.8511    4.8511   clock network delay (propagated)
                              0.0000    4.8511   clock reconvergence pessimism
                                        4.8511 ^ row59/_485_/CLK (sky130_fd_sc_hd__dfxtp_1)
                             -0.3075    4.5436   library setup time
                                        4.5436   data required time
-------------------------------------------------------------------------------------
                                        4.5436   data required time
                                       -4.7098   data arrival time
-------------------------------------------------------------------------------------
                                       -0.1662   slack (VIOLATED)


SIGNOFF_PROG_PATH_END
SIGNOFF_SLEW tap_input_max=0.276214 tap_input_pin=lt_lp45_s3/A site_input_max=0.291925 site_input_pin=vs_32_0/A
SIGNOFF_SPINE_DRIVERS sky130_fd_sc_hd__buf_4 512
