OpenROAD unknown 
Features included (+) or not (-): -GPU +GUI -Python
This program is licensed under the BSD-3 license. See the LICENSE file for details.
Components of this program may be licensed under more restrictive licenses which must be honored.
[INFO ORD-0030] Using 1 thread(s).
SIGNOFF_WS corner=ss setup=-6.006900754584876e-9 hold=2.6152247034616494e-10
SIGNOFF_SETUP_PATH_BEGIN
Startpoint: ln_17/_1_ (rising edge-triggered flip-flop clocked by clk)
Endpoint: row61/_660_ (rising edge-triggered flip-flop clocked by clk)
Path Group: clk
Path Type: max

Fanout       Cap      Slew     Delay      Time   Description
-------------------------------------------------------------------------------------
                              0.0000    0.0000   clock clk (rise edge)
                              1.7863    1.7863   clock network delay (propagated)
                    0.0870    0.0000    1.7863 ^ ln_17/_1_/CLK (sky130_fd_sc_hd__dfxtp_1)
     1    0.0034    0.0770    0.6385    2.4248 ^ ln_17/_1_/Q (sky130_fd_sc_hd__dfxtp_1)
                                                 lp17 (net)
     2    0.0580    0.2637    0.3536    2.7784 ^ place6755/X (sky130_fd_sc_hd__buf_4)
                                                 net6755 (net)
     1    0.0027    0.0813    0.1753    2.9537 v ln_17/_0_/Y (sky130_fd_sc_hd__clkinv_1)
                                                 ln17 (net)
     1    0.0578    0.1512    0.3440    3.2976 v place6392/X (sky130_fd_sc_hd__buf_4)
                                                 net6392 (net)
    64    0.2247    0.1998    0.4166    3.7143 v lt_ln17/Z (LTAPBW12)
                                                 pgm_ln17 (net)
     2    0.0109    0.1344    0.2917    4.0060 v vs_61_17/Z (VSITE_BUF)
                                                 lf_61_17 (net)
     1    0.0046    0.1203    0.2534    4.2594 v row61/_303_/Y (sky130_fd_sc_hd__xnor2_1)
                                                 row61/_032_ (net)
     2    0.0138    0.5456    0.5080    4.7675 ^ row61/_305_/Y (sky130_fd_sc_hd__xnor2_1)
                                                 row61/_034_ (net)
     1    0.0048    0.2522    0.3806    5.1481 ^ row61/_306_/Y (sky130_fd_sc_hd__xnor2_1)
                                                 row61/_035_ (net)
     2    0.0085    0.1736    0.2527    5.4008 v row61/_309_/Y (sky130_fd_sc_hd__xnor2_1)
                                                 row61/_038_ (net)
     2    0.0093    0.1992    0.8821    6.2829 v row61/_314_/X (sky130_fd_sc_hd__maj3_1)
                                                 row61/_043_ (net)
     3    0.0100    0.1974    0.3604    6.6433 v row61/_317_/Y (sky130_fd_sc_hd__xnor2_1)
                                                 row61/_046_ (net)
     2    0.0607    2.8716    2.2356    8.8788 ^ row61/_318_/Y (sky130_fd_sc_hd__nor3_1)
                                                 row61/g16_6[3] (net)
     1    0.0486    0.8459    1.4025   10.2813 v row61/_320_/Y (sky130_fd_sc_hd__nor2_1)
                                                 row61/g16_6[2] (net)
                    0.8459    0.0033   10.2846 v row61/_660_/D (sky130_fd_sc_hd__dfxtp_2)
                                       10.2846   data arrival time

                              3.0000    3.0000   clock clk (rise edge)
                              1.8685    4.8685   clock network delay (propagated)
                              0.0000    4.8685   clock reconvergence pessimism
                                        4.8685 ^ row61/_660_/CLK (sky130_fd_sc_hd__dfxtp_2)
                             -0.5907    4.2777   library setup time
                                        4.2777   data required time
-------------------------------------------------------------------------------------
                                        4.2777   data required time
                                      -10.2846   data arrival time
-------------------------------------------------------------------------------------
                                       -6.0069   slack (VIOLATED)


SIGNOFF_SETUP_PATH_END
SIGNOFF_HOLD_PATH_BEGIN
Startpoint: x[30] (input port clocked by clk)
Endpoint: ln_30/_1_ (rising edge-triggered flip-flop clocked by clk)
Path Group: clk
Path Type: min

    Delay      Time   Description
-------------------------------------------------------------
   0.0000    0.0000   clock clk (rise edge)
   0.0000    0.0000   clock network delay (propagated)
   0.0000    0.0000 ^ input external delay
   0.0000    0.0000 ^ x[30] (in)
                      x[30] (net)
   1.0866    1.0866 ^ hold7876/X (sky130_fd_sc_hd__dlygate4sd3_1)
                      net7876 (net)
   0.9091    1.9957 ^ input25/X (sky130_fd_sc_hd__clkdlybuf4s50_1)
                      net25 (net)
   0.0005    1.9962 ^ ln_30/_1_/D (sky130_fd_sc_hd__dfxtp_1)
             1.9962   data arrival time

   0.0000    0.0000   clock clk (rise edge)
   1.8240    1.8240   clock network delay (propagated)
   0.0000    1.8240   clock reconvergence pessimism
             1.8240 ^ ln_30/_1_/CLK (sky130_fd_sc_hd__dfxtp_1)
  -0.0893    1.7347   library hold time
             1.7347   data required time
-------------------------------------------------------------
             1.7347   data required time
            -1.9962   data arrival time
-------------------------------------------------------------
             0.2615   slack (MET)


SIGNOFF_HOLD_PATH_END
SIGNOFF_PROG_WS setup=-6.006900754584876e-9
SIGNOFF_PROG_PATH_BEGIN
Startpoint: ln_17/_1_ (rising edge-triggered flip-flop clocked by clk)
Endpoint: row61/_660_ (rising edge-triggered flip-flop clocked by clk)
Path Group: clk
Path Type: max

Fanout       Cap      Slew     Delay      Time   Description
-------------------------------------------------------------------------------------
                              0.0000    0.0000   clock clk (rise edge)
                              1.7863    1.7863   clock network delay (propagated)
                    0.0870    0.0000    1.7863 ^ ln_17/_1_/CLK (sky130_fd_sc_hd__dfxtp_1)
     1    0.0034    0.0770    0.6385    2.4248 ^ ln_17/_1_/Q (sky130_fd_sc_hd__dfxtp_1)
                                                 lp17 (net)
     2    0.0580    0.2637    0.3536    2.7784 ^ place6755/X (sky130_fd_sc_hd__buf_4)
                                                 net6755 (net)
     1    0.0027    0.0813    0.1753    2.9537 v ln_17/_0_/Y (sky130_fd_sc_hd__clkinv_1)
                                                 ln17 (net)
     1    0.0578    0.1512    0.3440    3.2976 v place6392/X (sky130_fd_sc_hd__buf_4)
                                                 net6392 (net)
    64    0.2247    0.1998    0.4166    3.7143 v lt_ln17/Z (LTAPBW12)
                                                 pgm_ln17 (net)
     2    0.0109    0.1344    0.2917    4.0060 v vs_61_17/Z (VSITE_BUF)
                                                 lf_61_17 (net)
     1    0.0046    0.1203    0.2534    4.2594 v row61/_303_/Y (sky130_fd_sc_hd__xnor2_1)
                                                 row61/_032_ (net)
     2    0.0138    0.5456    0.5080    4.7675 ^ row61/_305_/Y (sky130_fd_sc_hd__xnor2_1)
                                                 row61/_034_ (net)
     1    0.0048    0.2522    0.3806    5.1481 ^ row61/_306_/Y (sky130_fd_sc_hd__xnor2_1)
                                                 row61/_035_ (net)
     2    0.0085    0.1736    0.2527    5.4008 v row61/_309_/Y (sky130_fd_sc_hd__xnor2_1)
                                                 row61/_038_ (net)
     2    0.0093    0.1992    0.8821    6.2829 v row61/_314_/X (sky130_fd_sc_hd__maj3_1)
                                                 row61/_043_ (net)
     3    0.0100    0.1974    0.3604    6.6433 v row61/_317_/Y (sky130_fd_sc_hd__xnor2_1)
                                                 row61/_046_ (net)
     2    0.0607    2.8716    2.2356    8.8788 ^ row61/_318_/Y (sky130_fd_sc_hd__nor3_1)
                                                 row61/g16_6[3] (net)
     1    0.0486    0.8459    1.4025   10.2813 v row61/_320_/Y (sky130_fd_sc_hd__nor2_1)
                                                 row61/g16_6[2] (net)
                    0.8459    0.0033   10.2846 v row61/_660_/D (sky130_fd_sc_hd__dfxtp_2)
                                       10.2846   data arrival time

                              3.0000    3.0000   clock clk (rise edge)
                              1.8685    4.8685   clock network delay (propagated)
                              0.0000    4.8685   clock reconvergence pessimism
                                        4.8685 ^ row61/_660_/CLK (sky130_fd_sc_hd__dfxtp_2)
                             -0.5907    4.2777   library setup time
                                        4.2777   data required time
-------------------------------------------------------------------------------------
                                        4.2777   data required time
                                      -10.2846   data arrival time
-------------------------------------------------------------------------------------
                                       -6.0069   slack (VIOLATED)


SIGNOFF_PROG_PATH_END
SIGNOFF_SLEW tap_input_max=0.400845 tap_input_pin=lt_lp27/A site_input_max=0.432567 site_input_pin=vs_62_28/A
SIGNOFF_SPINE_DRIVERS sky130_fd_sc_hd__buf_4 92 sky130_fd_sc_hd__clkinv_1 1 sky130_fd_sc_hd__dfxtp_1 35
