
 /----------------------------------------------------------------------------\
 |  yosys -- Yosys Open SYnthesis Suite                                       |
 |  Copyright (C) 2012 - 2026  Claire Xenia Wolf <claire@yosyshq.com>         |
 |  Distributed under an ISC-like license, type "license" to see terms        |
 \----------------------------------------------------------------------------/
 Yosys 0.69+ (git sha1 e8db64c60, Release, Clang /usr/bin/clang++ 18.1.3)

-- Executing script file `/tmp/passwitness-script.ys' --

1. Executing RTLIL frontend.
Input filename: /workspace/out/fma-localized-patched-package/localization/checkpoints/006_techmap.rtlil
Renaming module \fma_impl to \passwitness_candidate.

2. Executing HIERARCHY pass (managing design hierarchy).

2.1. Analyzing design hierarchy..
Top module:  \passwitness_candidate

2.2. Analyzing design hierarchy..
Top module:  \passwitness_candidate
Removed 0 unused modules.

3. Executing Verilog-2005 frontend: /workspace/fixtures/signed_fma_bug/source.v
Parsing SystemVerilog input from `/workspace/fixtures/signed_fma_bug/source.v' to AST representation.
Generating RTLIL representation for module `\fma_impl'.
Successfully finished Verilog frontend.

4. Executing Verilog-2005 frontend: /workspace/out/fma-localized-patched-package/localization/checkpoint-miter.v
Parsing Verilog input from `/workspace/out/fma-localized-patched-package/localization/checkpoint-miter.v' to AST representation.
Generating RTLIL representation for module `\passwitness_miter'.
Successfully finished Verilog frontend.

5. Executing HIERARCHY pass (managing design hierarchy).

5.1. Analyzing design hierarchy..
Top module:  \passwitness_miter
Used module:     \passwitness_candidate
Used module:     \fma_impl

5.2. Analyzing design hierarchy..
Top module:  \passwitness_miter
Used module:     \passwitness_candidate
Used module:     \fma_impl
Removed 0 unused modules.

6. Executing PREP pass.

6.1. Executing HIERARCHY pass (managing design hierarchy).

6.1.1. Analyzing design hierarchy..
Top module:  \passwitness_miter
Used module:     \passwitness_candidate
Used module:     \fma_impl

6.1.2. Analyzing design hierarchy..
Top module:  \passwitness_miter
Used module:     \passwitness_candidate
Used module:     \fma_impl
Removed 0 unused modules.

6.2. Executing PROC pass (convert processes to netlists).

6.2.1. Executing PROC_CLEAN pass (remove empty switches from decision trees).
Cleaned up 0 empty switches.

6.2.2. Executing PROC_RMDEAD pass (remove dead branches from decision trees).
Removed a total of 0 dead cases.

6.2.3. Executing PROC_PRUNE pass (remove redundant assignments in processes).
Removed 0 redundant assignments.
Promoted 0 assignments to connections.

6.2.4. Executing PROC_INIT pass (extract init attributes).

6.2.5. Executing PROC_ARST pass (detect async resets in processes).

6.2.6. Executing PROC_ROM pass (convert switches to ROMs).
Converted 0 switches.

6.2.7. Executing PROC_MUX pass (convert decision trees to multiplexers).

6.2.8. Executing PROC_DLATCH pass (convert process syncs to latches).

6.2.9. Executing PROC_DFF pass (convert process syncs to FFs).

6.2.10. Executing PROC_MEMWR pass (convert process memory writes to cells).

6.2.11. Executing PROC_CLEAN pass (remove empty switches from decision trees).
Cleaned up 0 empty switches.

6.2.12. Executing OPT_EXPR pass (perform const folding).
Optimizing module passwitness_miter.
Optimizing module fma_impl.
Optimizing module passwitness_candidate.
<suppressed ~3 debug messages>

6.3. Executing FUTURE pass.

6.4. Executing OPT_EXPR pass (perform const folding).
Optimizing module passwitness_miter.
Optimizing module fma_impl.
Optimizing module passwitness_candidate.

6.5. Executing CHECK pass (checking for obvious problems).
Checking module passwitness_miter...
Checking module fma_impl...
Checking module passwitness_candidate...
Found and reported 0 problems.

6.6. Executing OPT_CLEAN pass (remove unused cells and wires).
Finding unused cells or wires in module \passwitness_miter..
Finding unused cells or wires in module \fma_impl..
Finding unused cells or wires in module \passwitness_candidate..
Removed 0 unused cells and 5 unused wires.
<suppressed ~3 debug messages>

6.7. Executing OPT pass (performing simple optimizations).

6.7.1. Executing OPT_EXPR pass (perform const folding).
Optimizing module passwitness_miter.
Optimizing module fma_impl.
Optimizing module passwitness_candidate.

6.7.2. Executing OPT_MERGE pass (detect identical cells).
Finding identical cells in module `\passwitness_miter'.
Computing hashes of 4 cells of `\passwitness_miter'.
Finding duplicate cells in `\passwitness_miter'.
Finding identical cells in module `\fma_impl'.
Computing hashes of 3 cells of `\fma_impl'.
Finding duplicate cells in `\fma_impl'.
Finding identical cells in module `\passwitness_candidate'.
Computing hashes of 243 cells of `\passwitness_candidate'.
Finding duplicate cells in `\passwitness_candidate'.
Computing hashes of 236 cells of `\passwitness_candidate'.
Finding duplicate cells in `\passwitness_candidate'.
Computing hashes of 226 cells of `\passwitness_candidate'.
Finding duplicate cells in `\passwitness_candidate'.
Computing hashes of 216 cells of `\passwitness_candidate'.
Finding duplicate cells in `\passwitness_candidate'.
Computing hashes of 213 cells of `\passwitness_candidate'.
Finding duplicate cells in `\passwitness_candidate'.
Computing hashes of 206 cells of `\passwitness_candidate'.
Finding duplicate cells in `\passwitness_candidate'.
Computing hashes of 205 cells of `\passwitness_candidate'.
Finding duplicate cells in `\passwitness_candidate'.
<suppressed ~114 debug messages>
Removed a total of 38 cells.

6.7.3. Executing OPT_MUXTREE pass (detect dead branches in mux trees).
Running muxtree optimizer on module \passwitness_miter..
  Creating internal representation of mux trees.
  No muxes found in this module.
Running muxtree optimizer on module \fma_impl..
  Creating internal representation of mux trees.
  No muxes found in this module.
Running muxtree optimizer on module \passwitness_candidate..
  Creating internal representation of mux trees.
  No muxes found in this module.
Removed 0 multiplexer ports.

6.7.4. Executing OPT_REDUCE pass (consolidate $*mux and $reduce_* inputs).
  Optimizing cells in module \passwitness_miter.
  Optimizing cells in module \fma_impl.
  Optimizing cells in module \passwitness_candidate.
Performed a total of 0 changes.

6.7.5. Executing OPT_MERGE pass (detect identical cells).
Finding identical cells in module `\passwitness_miter'.
Computing hashes of 4 cells of `\passwitness_miter'.
Finding duplicate cells in `\passwitness_miter'.
Finding identical cells in module `\fma_impl'.
Computing hashes of 3 cells of `\fma_impl'.
Finding duplicate cells in `\fma_impl'.
Finding identical cells in module `\passwitness_candidate'.
Computing hashes of 205 cells of `\passwitness_candidate'.
Finding duplicate cells in `\passwitness_candidate'.
Removed a total of 0 cells.

6.7.6. Executing OPT_CLEAN pass (remove unused cells and wires).
Finding unused cells or wires in module \passwitness_miter..
Finding unused cells or wires in module \fma_impl..
Finding unused cells or wires in module \passwitness_candidate..

6.7.7. Executing OPT_EXPR pass (perform const folding).
Optimizing module passwitness_miter.
Optimizing module fma_impl.
Optimizing module passwitness_candidate.
<suppressed ~12 debug messages>

6.7.8. Rerunning OPT passes. (Maybe there is more to do..)

6.7.9. Executing OPT_MUXTREE pass (detect dead branches in mux trees).
Running muxtree optimizer on module \passwitness_miter..
  Creating internal representation of mux trees.
  No muxes found in this module.
Running muxtree optimizer on module \fma_impl..
  Creating internal representation of mux trees.
  No muxes found in this module.
Running muxtree optimizer on module \passwitness_candidate..
  Creating internal representation of mux trees.
  No muxes found in this module.
Removed 0 multiplexer ports.

6.7.10. Executing OPT_REDUCE pass (consolidate $*mux and $reduce_* inputs).
  Optimizing cells in module \passwitness_miter.
  Optimizing cells in module \fma_impl.
  Optimizing cells in module \passwitness_candidate.
Performed a total of 0 changes.

6.7.11. Executing OPT_MERGE pass (detect identical cells).
Finding identical cells in module `\passwitness_miter'.
Computing hashes of 4 cells of `\passwitness_miter'.
Finding duplicate cells in `\passwitness_miter'.
Finding identical cells in module `\fma_impl'.
Computing hashes of 3 cells of `\fma_impl'.
Finding duplicate cells in `\fma_impl'.
Finding identical cells in module `\passwitness_candidate'.
Computing hashes of 193 cells of `\passwitness_candidate'.
Finding duplicate cells in `\passwitness_candidate'.
Removed a total of 0 cells.

6.7.12. Executing OPT_CLEAN pass (remove unused cells and wires).
Finding unused cells or wires in module \passwitness_miter..
Finding unused cells or wires in module \fma_impl..
Finding unused cells or wires in module \passwitness_candidate..
Removed 0 unused cells and 3 unused wires.
<suppressed ~1 debug messages>

6.7.13. Executing OPT_EXPR pass (perform const folding).
Optimizing module passwitness_miter.
Optimizing module fma_impl.
Optimizing module passwitness_candidate.

6.7.14. Rerunning OPT passes. (Maybe there is more to do..)

6.7.15. Executing OPT_MUXTREE pass (detect dead branches in mux trees).
Running muxtree optimizer on module \passwitness_miter..
  Creating internal representation of mux trees.
  No muxes found in this module.
Running muxtree optimizer on module \fma_impl..
  Creating internal representation of mux trees.
  No muxes found in this module.
Running muxtree optimizer on module \passwitness_candidate..
  Creating internal representation of mux trees.
  No muxes found in this module.
Removed 0 multiplexer ports.

6.7.16. Executing OPT_REDUCE pass (consolidate $*mux and $reduce_* inputs).
  Optimizing cells in module \passwitness_miter.
  Optimizing cells in module \fma_impl.
  Optimizing cells in module \passwitness_candidate.
Performed a total of 0 changes.

6.7.17. Executing OPT_MERGE pass (detect identical cells).
Finding identical cells in module `\passwitness_miter'.
Computing hashes of 4 cells of `\passwitness_miter'.
Finding duplicate cells in `\passwitness_miter'.
Finding identical cells in module `\fma_impl'.
Computing hashes of 3 cells of `\fma_impl'.
Finding duplicate cells in `\fma_impl'.
Finding identical cells in module `\passwitness_candidate'.
Computing hashes of 193 cells of `\passwitness_candidate'.
Finding duplicate cells in `\passwitness_candidate'.
Removed a total of 0 cells.

6.7.18. Executing OPT_CLEAN pass (remove unused cells and wires).
Finding unused cells or wires in module \passwitness_miter..
Finding unused cells or wires in module \fma_impl..
Finding unused cells or wires in module \passwitness_candidate..

6.7.19. Executing OPT_EXPR pass (perform const folding).
Optimizing module passwitness_miter.
Optimizing module fma_impl.
Optimizing module passwitness_candidate.

6.7.20. Finished fast OPT passes. (There is nothing left to do.)

6.8. Executing WREDUCE pass (reducing word size of cells).
Removed top 16 bits (of 20) from port A of cell fma_impl.$mul$/workspace/fixtures/signed_fma_bug/source.v:9$1355 ($mul).
Removed top 21 bits (of 24) from port B of cell fma_impl.$mul$/workspace/fixtures/signed_fma_bug/source.v:9$1355 ($mul).
Removed top 17 bits (of 24) from port Y of cell fma_impl.$mul$/workspace/fixtures/signed_fma_bug/source.v:9$1355 ($mul).
Removed top 16 bits (of 20) from port A of cell fma_impl.$mul$/workspace/fixtures/signed_fma_bug/source.v:10$1356 ($mul).
Removed top 22 bits (of 24) from port B of cell fma_impl.$mul$/workspace/fixtures/signed_fma_bug/source.v:10$1356 ($mul).
Removed top 18 bits (of 24) from port Y of cell fma_impl.$mul$/workspace/fixtures/signed_fma_bug/source.v:10$1356 ($mul).
Converting cell fma_impl.$add$/workspace/fixtures/signed_fma_bug/source.v:11$1357 ($add) from unsigned to signed.
Removed top 13 bits (of 20) from port A of cell fma_impl.$add$/workspace/fixtures/signed_fma_bug/source.v:11$1357 ($add).
Removed top 14 bits (of 20) from port B of cell fma_impl.$add$/workspace/fixtures/signed_fma_bug/source.v:11$1357 ($add).
Removed top 12 bits (of 20) from port Y of cell fma_impl.$add$/workspace/fixtures/signed_fma_bug/source.v:11$1357 ($add).

6.9. Executing OPT_CLEAN pass (remove unused cells and wires).
Finding unused cells or wires in module \passwitness_miter..
Finding unused cells or wires in module \fma_impl..
Finding unused cells or wires in module \passwitness_candidate..
Removed 0 unused cells and 2 unused wires.
<suppressed ~1 debug messages>

6.10. Executing MEMORY_COLLECT pass (generating $mem cells).

6.11. Executing OPT pass (performing simple optimizations).

6.11.1. Executing OPT_EXPR pass (perform const folding).
Optimizing module passwitness_miter.
Optimizing module fma_impl.
Optimizing module passwitness_candidate.

6.11.2. Executing OPT_MERGE pass (detect identical cells).
Finding identical cells in module `\passwitness_miter'.
Computing hashes of 4 cells of `\passwitness_miter'.
Finding duplicate cells in `\passwitness_miter'.
Finding identical cells in module `\fma_impl'.
Computing hashes of 3 cells of `\fma_impl'.
Finding duplicate cells in `\fma_impl'.
Finding identical cells in module `\passwitness_candidate'.
Computing hashes of 193 cells of `\passwitness_candidate'.
Finding duplicate cells in `\passwitness_candidate'.
Removed a total of 0 cells.

6.11.3. Executing OPT_CLEAN pass (remove unused cells and wires).
Finding unused cells or wires in module \passwitness_miter..
Finding unused cells or wires in module \fma_impl..
Finding unused cells or wires in module \passwitness_candidate..

6.11.4. Finished fast OPT passes.

6.12. Executing SORT pass.

6.13. Printing statistics.

=== fma_impl ===

        +----------Local Count, excluding submodules.
        | 
        7 wires
      108 wire bits
        7 public wires
      108 public wire bits
        3 ports
       28 port bits
        3 cells
        1   $add
        2   $mul

=== passwitness_candidate ===

        +----------Local Count, excluding submodules.
        | 
       80 wires
      688 wire bits
        7 public wires
      108 public wire bits
        3 ports
       28 port bits
      193 cells
       84   $_AND_
       13   $_NOT_
       30   $_OR_
       66   $_XOR_

=== passwitness_miter ===

        +----------Local Count, excluding submodules.
        | 
        6 wires
       69 wire bits
        5 public wires
       49 public wire bits
        5 ports
       49 port bits
        2 cells
        1   $reduce_or
        1   $xor
        2 submodules
        1   fma_impl
        1   passwitness_candidate

=== design hierarchy ===

        +----------Count including submodules.
        | 
      198 passwitness_miter
        3 fma_impl
      193 passwitness_candidate

        +----------Count including submodules.
        | 
       93 wires
      865 wire bits
       19 public wires
      265 public wire bits
       11 ports
      105 port bits
        - memories
        - memory bits
        - processes
      198 cells
       84   $_AND_
       13   $_NOT_
       30   $_OR_
       66   $_XOR_
        1   $add
        2   $mul
        1   $reduce_or
        1   $xor
        2 submodules
        1   fma_impl
        1   passwitness_candidate

6.14. Executing CHECK pass (checking for obvious problems).
Checking module fma_impl...
Checking module passwitness_candidate...
Checking module passwitness_miter...
Found and reported 0 problems.

7. Executing FLATTEN pass (flatten design).
Deleting now unused module fma_impl.
Deleting now unused module passwitness_candidate.
<suppressed ~2 debug messages>

8. Executing OPT pass (performing simple optimizations).

8.1. Executing OPT_EXPR pass (perform const folding).
Optimizing module passwitness_miter.
<suppressed ~2 debug messages>

8.2. Executing OPT_MERGE pass (detect identical cells).
Finding identical cells in module `\passwitness_miter'.
Computing hashes of 200 cells of `\passwitness_miter'.
Finding duplicate cells in `\passwitness_miter'.
Removed a total of 0 cells.

8.3. Executing OPT_MUXTREE pass (detect dead branches in mux trees).
Running muxtree optimizer on module \passwitness_miter..
  Creating internal representation of mux trees.
  No muxes found in this module.
Removed 0 multiplexer ports.

8.4. Executing OPT_REDUCE pass (consolidate $*mux and $reduce_* inputs).
  Optimizing cells in module \passwitness_miter.
Performed a total of 0 changes.

8.5. Executing OPT_MERGE pass (detect identical cells).
Finding identical cells in module `\passwitness_miter'.
Computing hashes of 200 cells of `\passwitness_miter'.
Finding duplicate cells in `\passwitness_miter'.
Removed a total of 0 cells.

8.6. Executing OPT_DFF pass (perform DFF optimizations).

8.7. Executing OPT_CLEAN pass (remove unused cells and wires).
Finding unused cells or wires in module \passwitness_miter..

8.8. Executing OPT_EXPR pass (perform const folding).
Optimizing module passwitness_miter.

8.9. Finished fast OPT passes. (There is nothing left to do.)

9. Executing SAT pass (solving SAT problems in the circuit).
Using SAT solver `minisat`.

Setting up SAT problem:
Final constraint equation: { } = { }
Import def constraint for this timestep: \a
Import def constraint for this timestep: \b
Imported 200 cells to SAT database.
Import proof-constraint: \mismatch = 1'0
Final proof equation: \mismatch = 1'0
Import show expression: \a
Import show expression: \b
Import show expression: \candidate_y
Import show expression: \mismatch
Import show expression: \reference_y

Solving problem with 3994 variables and 10596 clauses..
SAT proof finished - no model found: SUCCESS!

                  /$$$$$$      /$$$$$$$$     /$$$$$$$    
                 /$$__  $$    | $$_____/    | $$__  $$   
                | $$  \ $$    | $$          | $$  \ $$   
                | $$  | $$    | $$$$$       | $$  | $$   
                | $$  | $$    | $$__/       | $$  | $$   
                | $$/$$ $$    | $$          | $$  | $$   
                |  $$$$$$/ /$$| $$$$$$$$ /$$| $$$$$$$//$$
                 \____ $$$|__/|________/|__/|_______/|__/
                       \__/                              

End of script. Logfile hash: b1f70063ad, time: 0.07s, user: 0.06s, system: 0.01s, MEM: 19.48 MB peak
Yosys 0.69+ (git sha1 e8db64c60, Release, Clang /usr/bin/clang++ 18.1.3)
Time spent: 36% 1x sat (0 sec), 13% 9x opt_expr (0 sec), ...
