
 /----------------------------------------------------------------------------\
 |  yosys -- Yosys Open SYnthesis Suite                                       |
 |  Copyright (C) 2012 - 2026  Claire Xenia Wolf <claire@yosyshq.com>         |
 |  Distributed under an ISC-like license, type "license" to see terms        |
 \----------------------------------------------------------------------------/
 Yosys 0.69+ (git sha1 e8db64c60, Release, Clang /usr/bin/clang++ 18.1.3)

-- Executing script file `/tmp/passwitness-script.ys' --

1. Executing Verilog-2005 frontend: /workspace/fixtures/signed_fma_bug/source.v
Parsing SystemVerilog input from `/workspace/fixtures/signed_fma_bug/source.v' to AST representation.
Generating RTLIL representation for module `\fma_impl'.
Successfully finished Verilog frontend.

2. Executing HIERARCHY pass (managing design hierarchy).

2.1. Analyzing design hierarchy..
Top module:  \fma_impl

2.2. Analyzing design hierarchy..
Top module:  \fma_impl
Removed 0 unused modules.

3. Executing RTLIL backend.
Output filename: /workspace/out/fma-localized-patched-package/localization/checkpoints/000_elaborated.rtlil

4. Executing PROC pass (convert processes to netlists).

4.1. Executing PROC_CLEAN pass (remove empty switches from decision trees).
Cleaned up 0 empty switches.

4.2. Executing PROC_RMDEAD pass (remove dead branches from decision trees).
Removed a total of 0 dead cases.

4.3. Executing PROC_PRUNE pass (remove redundant assignments in processes).
Removed 0 redundant assignments.
Promoted 0 assignments to connections.

4.4. Executing PROC_INIT pass (extract init attributes).

4.5. Executing PROC_ARST pass (detect async resets in processes).

4.6. Executing PROC_ROM pass (convert switches to ROMs).
Converted 0 switches.

4.7. Executing PROC_MUX pass (convert decision trees to multiplexers).

4.8. Executing PROC_DLATCH pass (convert process syncs to latches).

4.9. Executing PROC_DFF pass (convert process syncs to FFs).

4.10. Executing PROC_MEMWR pass (convert process memory writes to cells).

4.11. Executing PROC_CLEAN pass (remove empty switches from decision trees).
Cleaned up 0 empty switches.

4.12. Executing OPT_EXPR pass (perform const folding).
Optimizing module fma_impl.

5. Executing CHECK pass (checking for obvious problems).
Checking module fma_impl...
Found and reported 0 problems.

6. Executing RTLIL backend.
Output filename: /workspace/out/fma-localized-patched-package/localization/checkpoints/001_proc.rtlil

7. Executing FLATTEN pass (flatten design).

8. Executing OPT_EXPR pass (perform const folding).
Optimizing module fma_impl.
<suppressed ~2 debug messages>

9. Executing CHECK pass (checking for obvious problems).
Checking module fma_impl...
Found and reported 0 problems.

10. Executing OPT_CLEAN pass (remove unused cells and wires).
Finding unused cells or wires in module \fma_impl..
Removed 0 unused cells and 1 unused wires.
<suppressed ~1 debug messages>

11. Executing OPT pass (performing simple optimizations).

11.1. Executing OPT_EXPR pass (perform const folding).
Optimizing module fma_impl.

11.2. Executing OPT_MERGE pass (detect identical cells).
Finding identical cells in module `\fma_impl'.
Computing hashes of 3 cells of `\fma_impl'.
Finding duplicate cells in `\fma_impl'.
Removed a total of 0 cells.

11.3. Executing OPT_MUXTREE pass (detect dead branches in mux trees).
Running muxtree optimizer on module \fma_impl..
  Creating internal representation of mux trees.
  No muxes found in this module.
Removed 0 multiplexer ports.

11.4. Executing OPT_REDUCE pass (consolidate $*mux and $reduce_* inputs).
  Optimizing cells in module \fma_impl.
Performed a total of 0 changes.

11.5. Executing OPT_MERGE pass (detect identical cells).
Finding identical cells in module `\fma_impl'.
Computing hashes of 3 cells of `\fma_impl'.
Finding duplicate cells in `\fma_impl'.
Removed a total of 0 cells.

11.6. Executing OPT_DFF pass (perform DFF optimizations).

11.7. Executing OPT_CLEAN pass (remove unused cells and wires).
Finding unused cells or wires in module \fma_impl..

11.8. Executing OPT_EXPR pass (perform const folding).
Optimizing module fma_impl.

11.9. Finished fast OPT passes. (There is nothing left to do.)

12. Executing FSM pass (extract and optimize FSM).

12.1. Executing FSM_DETECT pass (finding FSMs in design).

12.2. Executing FSM_EXTRACT pass (extracting FSM from design).

12.3. Executing FSM_OPT pass (simple optimizations of FSMs).

12.4. Executing OPT_CLEAN pass (remove unused cells and wires).
Finding unused cells or wires in module \fma_impl..

12.5. Executing FSM_OPT pass (simple optimizations of FSMs).

12.6. Executing FSM_RECODE pass (re-assigning FSM state encoding).

12.7. Executing FSM_INFO pass (dumping all available information on FSM cells).

12.8. Executing FSM_MAP pass (mapping FSMs to basic logic).

13. Executing OPT pass (performing simple optimizations).

13.1. Executing OPT_EXPR pass (perform const folding).
Optimizing module fma_impl.

13.2. Executing OPT_MERGE pass (detect identical cells).
Finding identical cells in module `\fma_impl'.
Computing hashes of 3 cells of `\fma_impl'.
Finding duplicate cells in `\fma_impl'.
Removed a total of 0 cells.

13.3. Executing OPT_MUXTREE pass (detect dead branches in mux trees).
Running muxtree optimizer on module \fma_impl..
  Creating internal representation of mux trees.
  No muxes found in this module.
Removed 0 multiplexer ports.

13.4. Executing OPT_REDUCE pass (consolidate $*mux and $reduce_* inputs).
  Optimizing cells in module \fma_impl.
Performed a total of 0 changes.

13.5. Executing OPT_MERGE pass (detect identical cells).
Finding identical cells in module `\fma_impl'.
Computing hashes of 3 cells of `\fma_impl'.
Finding duplicate cells in `\fma_impl'.
Removed a total of 0 cells.

13.6. Executing OPT_DFF pass (perform DFF optimizations).

13.7. Executing OPT_CLEAN pass (remove unused cells and wires).
Finding unused cells or wires in module \fma_impl..

13.8. Executing OPT_EXPR pass (perform const folding).
Optimizing module fma_impl.

13.9. Finished fast OPT passes. (There is nothing left to do.)

14. Executing RTLIL backend.
Output filename: /workspace/out/fma-localized-patched-package/localization/checkpoints/002_opt.rtlil

15. Executing WREDUCE pass (reducing word size of cells).
Removed top 16 bits (of 20) from port A of cell fma_impl.$mul$/workspace/fixtures/signed_fma_bug/source.v:9$1 ($mul).
Removed top 21 bits (of 24) from port B of cell fma_impl.$mul$/workspace/fixtures/signed_fma_bug/source.v:9$1 ($mul).
Removed top 17 bits (of 24) from port Y of cell fma_impl.$mul$/workspace/fixtures/signed_fma_bug/source.v:9$1 ($mul).
Removed top 16 bits (of 20) from port A of cell fma_impl.$mul$/workspace/fixtures/signed_fma_bug/source.v:10$2 ($neg).
Removed top 4 bits (of 23) from port Y of cell fma_impl.$mul$/workspace/fixtures/signed_fma_bug/source.v:10$2 ($neg).
Removed top 13 bits (of 20) from port A of cell fma_impl.$add$/workspace/fixtures/signed_fma_bug/source.v:11$3 ($add).

16. Executing PEEPOPT pass (run peephole optimizers).

17. Executing OPT_CLEAN pass (remove unused cells and wires).
Finding unused cells or wires in module \fma_impl..
Removed 0 unused cells and 2 unused wires.
<suppressed ~1 debug messages>

18. Executing RTLIL backend.
Output filename: /workspace/out/fma-localized-patched-package/localization/checkpoints/003_wreduce.rtlil

19. Executing ALUMACC pass (create $alu and $macc cells).
Extracting $alu and $macc cells in module fma_impl:
  creating $macc model for $add$/workspace/fixtures/signed_fma_bug/source.v:11$3 ($add).
  creating $macc model for $mul$/workspace/fixtures/signed_fma_bug/source.v:10$2 ($neg).
  creating $macc model for $mul$/workspace/fixtures/signed_fma_bug/source.v:9$1 ($mul).
  merging $macc model for $mul$/workspace/fixtures/signed_fma_bug/source.v:9$1 into $add$/workspace/fixtures/signed_fma_bug/source.v:11$3.
  creating $macc cell for $mul$/workspace/fixtures/signed_fma_bug/source.v:10$2: $auto$alumacc.cc:399:replace_macc$4
  creating $macc cell for $add$/workspace/fixtures/signed_fma_bug/source.v:11$3: $auto$alumacc.cc:399:replace_macc$5
  created 0 $alu and 2 $macc cells.

20. Executing RTLIL backend.
Output filename: /workspace/out/fma-localized-patched-package/localization/checkpoints/004_alumacc.rtlil

21. Executing ARITH_TREE pass.
    CompressorTree::reduce_scheduled: 3 levels, 6 $fa (3 as 4:2), final depth 4

22. Executing RTLIL backend.
Output filename: /workspace/out/fma-localized-patched-package/localization/checkpoints/005_arith_tree.rtlil

23. Executing SHARE pass (SAT-based resource sharing).

24. Executing OPT pass (performing simple optimizations).

24.1. Executing OPT_EXPR pass (perform const folding).
Optimizing module fma_impl.
<suppressed ~11 debug messages>

24.2. Executing OPT_MERGE pass (detect identical cells).
Finding identical cells in module `\fma_impl'.
Computing hashes of 10 cells of `\fma_impl'.
Finding duplicate cells in `\fma_impl'.
Removed a total of 0 cells.

24.3. Executing OPT_MUXTREE pass (detect dead branches in mux trees).
Running muxtree optimizer on module \fma_impl..
  Creating internal representation of mux trees.
  No muxes found in this module.
Removed 0 multiplexer ports.

24.4. Executing OPT_REDUCE pass (consolidate $*mux and $reduce_* inputs).
  Optimizing cells in module \fma_impl.
Performed a total of 0 changes.

24.5. Executing OPT_MERGE pass (detect identical cells).
Finding identical cells in module `\fma_impl'.
Computing hashes of 10 cells of `\fma_impl'.
Finding duplicate cells in `\fma_impl'.
Removed a total of 0 cells.

24.6. Executing OPT_DFF pass (perform DFF optimizations).

24.7. Executing OPT_CLEAN pass (remove unused cells and wires).
Finding unused cells or wires in module \fma_impl..
Removed 1 unused cells and 11 unused wires.
<suppressed ~2 debug messages>

24.8. Executing OPT_EXPR pass (perform const folding).
Optimizing module fma_impl.

24.9. Rerunning OPT passes. (Maybe there is more to do..)

24.10. Executing OPT_MUXTREE pass (detect dead branches in mux trees).
Running muxtree optimizer on module \fma_impl..
  Creating internal representation of mux trees.
  No muxes found in this module.
Removed 0 multiplexer ports.

24.11. Executing OPT_REDUCE pass (consolidate $*mux and $reduce_* inputs).
  Optimizing cells in module \fma_impl.
Performed a total of 0 changes.

24.12. Executing OPT_MERGE pass (detect identical cells).
Finding identical cells in module `\fma_impl'.
Computing hashes of 9 cells of `\fma_impl'.
Finding duplicate cells in `\fma_impl'.
Removed a total of 0 cells.

24.13. Executing OPT_DFF pass (perform DFF optimizations).

24.14. Executing OPT_CLEAN pass (remove unused cells and wires).
Finding unused cells or wires in module \fma_impl..

24.15. Executing OPT_EXPR pass (perform const folding).
Optimizing module fma_impl.

24.16. Finished fast OPT passes. (There is nothing left to do.)

25. Executing MEMORY pass.

25.1. Executing OPT_MEM pass (optimize memories).
Performed a total of 0 transformations.

25.2. Executing OPT_MEM_PRIORITY pass (removing unnecessary memory write priority relations).
Performed a total of 0 transformations.

25.3. Executing OPT_MEM_FEEDBACK pass (finding memory read-to-write feedback paths).

25.4. Executing MEMORY_BMUX2ROM pass (converting muxes to ROMs).

25.5. Executing MEMORY_DFF pass (merging $dff cells to $memrd).

25.6. Executing OPT_CLEAN pass (remove unused cells and wires).
Finding unused cells or wires in module \fma_impl..

25.7. Executing MEMORY_SHARE pass (consolidating $memrd/$memwr cells).

25.8. Executing OPT_MEM_WIDEN pass (optimize memories where all ports are wide).
Performed a total of 0 transformations.

25.9. Executing OPT_CLEAN pass (remove unused cells and wires).
Finding unused cells or wires in module \fma_impl..

25.10. Executing MEMORY_COLLECT pass (generating $mem cells).

26. Executing OPT_CLEAN pass (remove unused cells and wires).
Finding unused cells or wires in module \fma_impl..

27. Executing OPT pass (performing simple optimizations).

27.1. Executing OPT_EXPR pass (perform const folding).
Optimizing module fma_impl.
<suppressed ~9 debug messages>

27.2. Executing OPT_MERGE pass (detect identical cells).
Finding identical cells in module `\fma_impl'.
Computing hashes of 9 cells of `\fma_impl'.
Finding duplicate cells in `\fma_impl'.
Removed a total of 0 cells.

27.3. Executing OPT_DFF pass (perform DFF optimizations).

27.4. Executing OPT_CLEAN pass (remove unused cells and wires).
Finding unused cells or wires in module \fma_impl..
Removed 0 unused cells and 1 unused wires.
<suppressed ~1 debug messages>

27.5. Finished fast OPT passes.

28. Executing MEMORY_MAP pass (converting memories to logic and flip-flops).

29. Executing OPT pass (performing simple optimizations).

29.1. Executing OPT_EXPR pass (perform const folding).
Optimizing module fma_impl.

29.2. Executing OPT_MERGE pass (detect identical cells).
Finding identical cells in module `\fma_impl'.
Computing hashes of 9 cells of `\fma_impl'.
Finding duplicate cells in `\fma_impl'.
Removed a total of 0 cells.

29.3. Executing OPT_MUXTREE pass (detect dead branches in mux trees).
Running muxtree optimizer on module \fma_impl..
  Creating internal representation of mux trees.
  No muxes found in this module.
Removed 0 multiplexer ports.

29.4. Executing OPT_REDUCE pass (consolidate $*mux and $reduce_* inputs).
  Optimizing cells in module \fma_impl.
Performed a total of 0 changes.

29.5. Executing OPT_MERGE pass (detect identical cells).
Finding identical cells in module `\fma_impl'.
Computing hashes of 9 cells of `\fma_impl'.
Finding duplicate cells in `\fma_impl'.
Removed a total of 0 cells.

29.6. Executing OPT_SHARE pass.

29.7. Executing OPT_DFF pass (perform DFF optimizations).

29.8. Executing OPT_CLEAN pass (remove unused cells and wires).
Finding unused cells or wires in module \fma_impl..

29.9. Executing OPT_EXPR pass (perform const folding).
Optimizing module fma_impl.

29.10. Finished fast OPT passes. (There is nothing left to do.)

30. Executing TECHMAP pass (map to technology primitives).

30.1. Executing Verilog-2005 frontend: /build/share/techmap.v
Parsing Verilog input from `/build/share/techmap.v' to AST representation.
Generating RTLIL representation for module `\_90_simplemap_bool_ops'.
Generating RTLIL representation for module `\_90_simplemap_reduce_ops'.
Generating RTLIL representation for module `\_90_simplemap_logic_ops'.
Generating RTLIL representation for module `\_90_simplemap_compare_ops'.
Generating RTLIL representation for module `\_90_simplemap_various'.
Generating RTLIL representation for module `\_90_simplemap_registers'.
Generating RTLIL representation for module `\_90_shift_ops_shr_shl_sshl_sshr'.
Generating RTLIL representation for module `\_90_shift_shiftx'.
Generating RTLIL representation for module `\_90_fa'.
Generating RTLIL representation for module `\_90_lcu_brent_kung'.
Generating RTLIL representation for module `\_90_alu'.
Generating RTLIL representation for module `\_90_macc'.
Generating RTLIL representation for module `\_90_alumacc'.
Generating RTLIL representation for module `$__div_mod_u'.
Generating RTLIL representation for module `$__div_mod_trunc'.
Generating RTLIL representation for module `\_90_div'.
Generating RTLIL representation for module `\_90_mod'.
Generating RTLIL representation for module `$__div_mod_floor'.
Generating RTLIL representation for module `\_90_divfloor'.
Generating RTLIL representation for module `\_90_modfloor'.
Generating RTLIL representation for module `\_90_pow'.
Generating RTLIL representation for module `\_90_demux'.
Generating RTLIL representation for module `\_90_lut'.
Generating RTLIL representation for module `$connect'.
Generating RTLIL representation for module `$input_port'.
Successfully finished Verilog frontend.

30.2. Continuing TECHMAP pass.
Using extmapper simplemap for cells of type $not.
Running "alumacc" on wrapper $extern:wrap:$add:Y_WIDTH=19:B_WIDTH=19:A_WIDTH=19:B_SIGNED=0:A_SIGNED=0:394426c56d1a028ba8fdd5469b163e04011def47.
Using template $extern:wrap:$add:Y_WIDTH=19:B_WIDTH=19:A_WIDTH=19:B_SIGNED=0:A_SIGNED=0:394426c56d1a028ba8fdd5469b163e04011def47 for cells of type $extern:wrap:$add:Y_WIDTH=19:B_WIDTH=19:A_WIDTH=19:B_SIGNED=0:A_SIGNED=0:394426c56d1a028ba8fdd5469b163e04011def47.
Using template $paramod\_90_fa\WIDTH=32'00000000000000000000000000010100 for cells of type $fa.
Using extmapper maccmap for cells of type $macc_v2.
  sub \b (4 bits, signed)
Using template $paramod$4e6ee5eb737cf7428f8e246e911ae1dac9ae2979\_90_alu for cells of type $alu.
Using extmapper simplemap for cells of type $or.
Using extmapper simplemap for cells of type $xor.
Using extmapper simplemap for cells of type $and.
Using template $paramod\_90_fa\WIDTH=32'00000000000000000000000000010011 for cells of type $fa.
Using template $paramod\_90_lcu_brent_kung\WIDTH=32'00000000000000000000000000010011 for cells of type $lcu.
Using extmapper simplemap for cells of type $pos.
Using extmapper simplemap for cells of type $mux.
No more expansions possible.
<suppressed ~444 debug messages>

31. Executing OPT pass (performing simple optimizations).

31.1. Executing OPT_EXPR pass (perform const folding).
Optimizing module fma_impl.
<suppressed ~804 debug messages>

31.2. Executing OPT_MERGE pass (detect identical cells).
Finding identical cells in module `\fma_impl'.
Computing hashes of 292 cells of `\fma_impl'.
Finding duplicate cells in `\fma_impl'.
Computing hashes of 277 cells of `\fma_impl'.
Finding duplicate cells in `\fma_impl'.
Computing hashes of 271 cells of `\fma_impl'.
Finding duplicate cells in `\fma_impl'.
Computing hashes of 269 cells of `\fma_impl'.
Finding duplicate cells in `\fma_impl'.
<suppressed ~69 debug messages>
Removed a total of 23 cells.

31.3. Executing OPT_DFF pass (perform DFF optimizations).

31.4. Executing OPT_CLEAN pass (remove unused cells and wires).
Finding unused cells or wires in module \fma_impl..
Removed 23 unused cells and 231 unused wires.
<suppressed ~24 debug messages>

31.5. Finished fast OPT passes.

32. Executing RTLIL backend.
Output filename: /workspace/out/fma-localized-patched-package/localization/checkpoints/006_techmap.rtlil

33. Executing ABC pass (technology mapping using ABC).

33.1. Summary of detected clock domains:
  246 cells in clk={ }, en={ }, arst={ }, srst={ }

33.2. Extracting gate netlist of module `\fma_impl' to `<abc-temp-dir>/input.blif'..
No matching clock domain found. Not extracting any FF cells.

33.2.1. Executed ABC.
Extracted 246 gates and 254 wires to a netlist network with 8 inputs and 19 outputs.
Running ABC script: <abc-temp-dir>/abc.script
ABC: UC Berkeley, ABC 1.01 (compiled Sep 21 2026 18:22:00)
ABC: abc 01> empty
ABC: abc 01> source <abc-temp-dir>/abc.script
ABC: + read_blif <abc-temp-dir>/input.blif 
ABC: + read_library <abc-temp-dir>/stdcells.genlib 
ABC: + strash 
ABC: + &get -n 
ABC: + &fraig -x 
ABC: + &put 
ABC: + scorr 
ABC: Warning: The network is combinational (run "fraig" or "fraig_sweep").
ABC: + dc2 
ABC: + dretime 
ABC: + strash 
ABC: + &get -n 
ABC: + &dch -f 
ABC: + &nf 
ABC: + &put 
ABC: + write_blif <abc-temp-dir>/output.blif 
ABC: 
ABC: YOSYS_ABC_DONE 

33.2.2. Re-integrating ABC results.
ABC RESULTS:               AND cells:       24
ABC RESULTS:            ANDNOT cells:        1
ABC RESULTS:               MUX cells:        4
ABC RESULTS:              NAND cells:       14
ABC RESULTS:               NOR cells:        1
ABC RESULTS:                OR cells:        5
ABC RESULTS:             ORNOT cells:        2
ABC RESULTS:              XNOR cells:        9
ABC RESULTS:               XOR cells:       10
ABC RESULTS:        internal signals:      227
ABC RESULTS:           input signals:        8
ABC RESULTS:          output signals:       19
Removing temp directory.
Removing global temp directory.

34. Executing OPT pass (performing simple optimizations).

34.1. Executing OPT_EXPR pass (perform const folding).
Optimizing module fma_impl.

34.2. Executing OPT_MERGE pass (detect identical cells).
Finding identical cells in module `\fma_impl'.
Computing hashes of 70 cells of `\fma_impl'.
Finding duplicate cells in `\fma_impl'.
Computing hashes of 57 cells of `\fma_impl'.
Finding duplicate cells in `\fma_impl'.
<suppressed ~39 debug messages>
Removed a total of 13 cells.

34.3. Executing OPT_DFF pass (perform DFF optimizations).

34.4. Executing OPT_CLEAN pass (remove unused cells and wires).
Finding unused cells or wires in module \fma_impl..
Removed 0 unused cells and 106 unused wires.
<suppressed ~1 debug messages>

34.5. Finished fast OPT passes.

35. Executing HIERARCHY pass (managing design hierarchy).
Attribute `top' found on module `fma_impl'. Setting top module to fma_impl.

35.1. Analyzing design hierarchy..
Top module:  \fma_impl

35.2. Analyzing design hierarchy..
Top module:  \fma_impl
Removed 0 unused modules.

36. Printing statistics.

=== fma_impl ===

        +----------Local Count, excluding submodules.
        | 
       58 wires
      159 wire bits
        7 public wires
      108 public wire bits
        3 ports
       28 port bits
       57 cells
        1   $_ANDNOT_
       11   $_AND_
        4   $_MUX_
       14   $_NAND_
        1   $_NOR_
        2   $_ORNOT_
        5   $_OR_
        9   $_XNOR_
       10   $_XOR_

37. Executing CHECK pass (checking for obvious problems).
Checking module fma_impl...
Found and reported 0 problems.

38. Executing RTLIL backend.
Output filename: /workspace/out/fma-localized-patched-package/localization/checkpoints/007_abc.rtlil

End of script. Logfile hash: fd814eeb1b, time: 0.15s, user: 0.05s, system: 0.03s, MEM: 20.40 MB peak
Yosys 0.69+ (git sha1 e8db64c60, Release, Clang /usr/bin/clang++ 18.1.3)
Time spent: 47% 1x abc (0 sec), 10% 3x read_verilog (0 sec), ...
