### FILE netlists/CONTROL/A_mul_u_w8__booth_pre_folded.aig
### ARGS -mul -dyn -p -c
### TIMEOUT 60
### START 2026-09-24T11:45:02-07:00
██▓▓░░░░░░░░░░░░░░░░░░░░░░░░░░░░░░░░░  Trace  ░░░░░░░░░░░░░░░░░░░░░░░░░░░░░░░░▓▓██
║ [Build]   compiled on: Apr 13 2026 at 16:17:50
║           built as: Release version
║ [Options] file: /data/netlists/CONTROL/A_mul_u_w8__booth_pre_folded.aig
║           mode: mul
║           sign: unsigned
║           method: dyn
║           phase optimization: enabled
║           conflict detection: enabled
║           progress steps: enabled
║
██░░ traverse_reverse_topological using dyn
║ [iter. step/nr. gates] #SP, #Cache
║ [1/680] 80, 0 
║ [2/680] 80, 0 
║ [3/680] 80, 0 
║ [4/680] 80, 0 
║ [5/680] 80, 0 
║ [6/680] 80, 0 
║ [7/680] 80, 0 
║ [8/680] 80, 0 
║ [9/680] 80, 0 
║ [10/680] 80, 0 
║ [11/680] 80, 0 
║ [12/680] 80, 0 
║ [13/680] 80, 0 
║ [14/680] 80, 0 
║ [15/680] 80, 0 
║ [16/680] 80, 0 
║ [17/681] 81, 0 
║ [18/681] 82, 0 
║ [19/681] 83, 0 
║ [20/681] 83, 0 
║ [21/681] 84, 0 
║ [22/681] 85, 0 
║ [23/681] 85, 0 
║ [24/681] 86, 0 
║ [25/681] 87, 0 
║ [26/681] 87, 0 
║ [27/681] 88, 0 
║ [28/681] 88, 0 
║ [29/681] 89, 0 
║ [30/681] 89, 0 
║ [31/681] 90, 0 
║ [32/681] 91, 0 
║ [33/681] 92, 0 
║ [34/681] 92, 0 
║ [35/681] 93, 0 
║ [36/681] 93, 0 
║ [37/681] 94, 0 
║ [38/681] 94, 0 
║ [39/681] 95, 0 
║ [40/681] 96, 0 
║ [41/681] 97, 0 
║ [42/681] 98, 0 
║ [43/681] 98, 0 
║ [44/681] 99, 0 
║ [45/681] 100, 0 
║ [46/681] 100, 0 
║ [47/681] 101, 0 
║ [48/681] 102, 0 
║ [49/681] 102, 0 
║ [50/681] 103, 0 
║ [51/681] 104, 0 
║ [52/681] 104, 0 
║ [53/681] 105, 0 
║ [54/681] 106, 0 
║ [55/681] 106, 0 
║ [56/681] 106, 0 
║ [57/681] 107, 0 
║ [58/681] 107, 0 
║ [59/681] 107, 0 
║ [60/681] 108, 0 
║ [61/681] 108, 0 
║ [62/681] 109, 0 
║ [63/681] 110, 0 
║ [64/681] 110, 0 
║ [65/681] 110, 0 
║ [66/681] 111, 0 
║ [67/681] 112, 0 
║ [68/681] 112, 0 
║ [69/681] 112, 0 
║ [70/681] 113, 0 
║ [71/681] 113, 0 
║ [72/681] 114, 0 
║ [73/681] 115, 0 
║ [74/681] 116, 0 
║ [75/681] 117, 0 
║ [76/681] 118, 0 
║ [77/681] 119, 0 
║ [78/681] 119, 0 
║ [79/681] 119, 0 
║ [80/681] 119, 0 
║ [81/681] 120, 0 
║ [82/681] 120, 0 
║ [83/681] 119, 0 
║ [84/681] 119, 0 
║ [85/681] 120, 0 
║ [86/681] 119, 0 
║ [87/681] 118, 0 
║ [88/681] 120, 0 
║ [89/681] 119, 0 
║ [90/681] 122, 0 
║ [91/681] 122, 0 
║ [92/681] 124, 0 
║ [93/681] 123, 0 
║ [94/681] 126, 0 
║ [95/681] 127, 0 
║ [96/681] 126, 0 
║ [97/681] 126, 0 
║ [98/681] 122, 0 
║ [99/681] 123, 0 
║ [100/681] 123, 0 
║ [101/681] 123, 0 
║ [102/681] 124, 0 
║ [103/681] 124, 0 
║ [104/681] 118, 0 
║ [105/681] 118, 0 
║ [106/681] 119, 0 
║ [107/681] 117, 0 
║ [108/681] 117, 0 
║ [109/681] 117, 0 
║ [110/681] 118, 0 
║ [111/681] 119, 0 
║ [112/681] 117, 0 
║ [113/681] 118, 0 
║ [114/681] 119, 0 
║ [115/681] 117, 0 
║ [116/681] 118, 0 
║ [117/681] 118, 0 
║ [118/681] 119, 0 
║ [119/681] 119, 0 
║ [120/681] 119, 0 
║ [121/681] 120, 0 
║ [122/681] 121, 0 
║ [123/681] 119, 0 
║ [124/681] 120, 0 
║ [125/681] 120, 0 
║ [126/681] 121, 0 
║ [127/681] 121, 0 
║ [128/681] 121, 0 
║ [129/681] 122, 0 
║ [130/681] 123, 0 
║ [131/681] 122, 0 
║ [132/681] 122, 0 
║ [133/681] 122, 0 
║ [134/681] 123, 0 
║ [135/681] 124, 0 
║ [136/681] 122, 0 
║ [137/681] 122, 0 
║ [138/681] 122, 0 
║ [139/681] 123, 0 
║ [140/681] 124, 0 
║ [141/681] 122, 0 
║ [142/681] 123, 0 
║ [143/681] 124, 0 
║ [144/681] 122, 0 
║ [145/681] 123, 0 
║ [146/681] 123, 0 
║ [147/681] 123, 0 
║ [148/681] 124, 0 
║ [149/681] 124, 0 
║ [150/681] 124, 0 
║ [151/681] 125, 0 
║ [152/681] 125, 0 
║ [153/681] 126, 0 
║ [154/681] 125, 0 
║ [155/681] 126, 0 
║ [156/681] 126, 0 
║ [157/681] 127, 0 
║ [158/681] 126, 0 
║ [159/681] 127, 0 
║ [160/681] 128, 0 
║ [161/681] 126, 0 
║ [162/681] 126, 0 
║ [163/681] 125, 0 
║ [164/681] 126, 0 
║ [165/681] 126, 0 
║ [166/681] 126, 0 
║ [167/681] 127, 0 
║ [168/681] 127, 0 
║ [169/681] 128, 0 
║ [170/681] 129, 0 
║ [171/681] 128, 0 
║ [172/681] 129, 0 
║ [173/681] 131, 0 
║ [174/681] 131, 0 
║ [175/681] 131, 0 
║ [176/681] 133, 0 
║ [177/681] 132, 0 
║ [178/681] 134, 0 
║ [179/681] 130, 0 
║ [180/681] 131, 0 
║ [181/681] 131, 0 
║ [182/681] 131, 0 
║ [183/681] 132, 0 
║ [184/681] 132, 0 
║ [185/681] 126, 0 
║ [186/681] 123, 0 
║ [187/681] 124, 0 
║ [188/681] 122, 0 
║ [189/681] 122, 0 
║ [190/681] 122, 0 
║ [191/681] 123, 0 
║ [192/681] 124, 0 
║ [193/681] 122, 0 
║ [194/681] 123, 0 
║ [195/681] 123, 0 
║ [196/681] 124, 0 
║ [197/681] 124, 0 
║ [198/681] 125, 0 
║ [199/681] 124, 0 
║ [200/681] 125, 0 
║ [201/681] 125, 0 
║ [202/681] 126, 0 
║ [203/681] 127, 0 
║ [204/681] 127, 0 
║ [205/681] 127, 0 
║ [206/681] 128, 0 
║ [207/681] 129, 0 
║ [208/681] 129, 0 
║ [209/681] 129, 0 
║ [210/681] 130, 0 
║ [211/681] 129, 0 
║ [212/681] 129, 0 
║ [213/681] 129, 0 
║ [214/681] 130, 0 
║ [215/681] 131, 0 
║ [216/681] 129, 0 
║ [217/681] 130, 0 
║ [218/681] 130, 0 
║ [219/681] 130, 0 
║ [220/681] 131, 0 
║ [221/681] 131, 0 
║ [222/681] 132, 0 
║ [223/681] 130, 0 
║ [224/681] 128, 0 
║ [225/681] 126, 0 
║ [226/681] 124, 0 
║ [227/681] 122, 0 
║ [228/681] 123, 0 
║ [229/681] 123, 0 
║ [230/681] 124, 0 
║ [231/681] 124, 0 
║ [232/681] 125, 0 
║ [233/681] 126, 0 
║ [234/681] 126, 0 
║ [235/681] 127, 0 
║ [236/681] 127, 0 
║ [237/681] 125, 0 
║ [238/681] 126, 0 
║ [239/681] 127, 0 
║ [240/681] 125, 0 
║ [241/681] 126, 0 
║ [242/681] 126, 0 
║ [243/681] 127, 0 
║ [244/681] 129, 0 
║ [245/681] 129, 0 
║ [246/681] 128, 0 
║ [247/681] 129, 0 
║ [248/681] 127, 0 
║ [249/681] 127, 0 
║ [250/681] 125, 0 
║ [251/681] 123, 0 
║ [252/681] 121, 0 
║ [253/681] 122, 0 
║ [254/681] 122, 0 
║ [255/681] 123, 0 
║ [256/681] 123, 0 
║ [257/681] 124, 0 
║ [258/681] 125, 0 
║ [259/681] 124, 0 
║ [260/681] 125, 0 
║ [261/681] 125, 0 
║ [262/681] 125, 0 
║ [263/681] 126, 0 
║ [264/681] 127, 0 
║ [265/681] 125, 0 
║ [266/681] 126, 0 
║ [267/681] 124, 0 
║ [268/681] 124, 0 
║ [269/681] 125, 0 
║ [270/681] 125, 0 
║ [271/681] 126, 0 
║ [272/681] 127, 0 
║ [273/681] 126, 0 
║ [274/681] 127, 0 
║ [275/681] 126, 0 
║ [276/681] 127, 0 
║ [277/681] 125, 0 
║ [278/681] 125, 0 
║ [279/681] 126, 0 
║ [280/681] 125, 0 
║ [281/681] 125, 0 
║ [282/681] 125, 0 
║ [283/681] 123, 0 
║ [284/681] 124, 0 
║ [285/681] 124, 0 
║ [286/681] 122, 0 
║ [287/681] 123, 0 
║ [288/681] 123, 0 
║ [289/681] 123, 0 
║ [290/681] 123, 0 
║ [291/681] 121, 0 
║ [292/681] 122, 0 
║ [293/681] 122, 0 
║ [294/681] 123, 0 
║ [295/681] 124, 0 
║ [296/681] 124, 0 
║ [297/681] 125, 0 
║ [298/681] 124, 0 
║ [299/681] 124, 0 
║ [300/681] 124, 0 
║ [301/681] 125, 0 
║ [302/681] 125, 0 
║ [303/681] 126, 0 
║ [304/681] 125, 0 
║ [305/681] 125, 0 
║ [306/681] 126, 0 
║ [307/681] 126, 0 
║ [308/681] 127, 0 
║ [309/681] 128, 0 
║ [310/681] 126, 0 
║ [311/681] 127, 0 
║ [312/681] 127, 0 
║ [313/681] 128, 0 
║ [314/681] 127, 0 
║ [315/681] 128, 0 
║ [316/681] 129, 0 
║ [317/681] 127, 0 
║ [318/681] 128, 0 
║ [319/681] 127, 0 
║ [320/681] 127, 0 
║ [321/681] 127, 0 
║ [322/681] 128, 0 
║ [323/681] 128, 0 
║ [324/681] 127, 0 
║ [325/681] 127, 0 
║ [326/681] 128, 0 
║ [327/681] 126, 0 
║ [328/681] 126, 0 
║ [329/681] 127, 0 
║ [330/681] 126, 0 
║ [331/681] 127, 0 
║ [332/681] 128, 0 
║ [333/681] 129, 0 
║ [334/681] 128, 0 
║ [335/681] 129, 0 
║ [336/681] 130, 0 
║ [337/681] 128, 0 
║ [338/681] 128, 0 
║ [339/681] 129, 0 
║ [340/681] 129, 0 
║ [341/681] 130, 0 
║ [342/681] 131, 0 
║ [343/681] 131, 0 
║ [344/681] 132, 0 
║ [345/681] 133, 0 
║ [346/681] 132, 0 
║ [347/681] 133, 0 
║ [348/681] 134, 0 
║ [349/681] 133, 0 
║ [350/681] 133, 0 
║ [351/681] 133, 0 
║ [352/681] 135, 0 
║ [353/681] 135, 0 
║ [354/681] 133, 0 
║ [355/681] 135, 0 
║ [356/681] 135, 0 
║ [357/681] 133, 0 
║ [358/681] 135, 0 
║ [359/681] 135, 0 
║ [360/681] 136, 0 
║ [361/681] 138, 0 
║ [362/681] 138, 0 
║ [363/681] 138, 0 
║ [364/681] 140, 0 
║ [365/681] 140, 0 
║ [366/681] 140, 0 
║ [367/681] 142, 0 
║ [368/681] 142, 0 
║ [369/681] 140, 0 
║ [370/681] 142, 0 
║ [371/681] 142, 0 
║ [372/681] 140, 0 
║ [373/681] 142, 0 
║ [374/681] 142, 0 
║ [375/681] 142, 0 
║ [376/681] 143, 0 
║ [377/681] 141, 0 
║ [378/681] 139, 0 
║ [379/681] 139, 0 
║ [380/681] 137, 0 
║ [381/681] 138, 0 
║ [382/681] 138, 0 
║ [383/681] 139, 0 
║ [384/681] 140, 0 
║ [385/681] 138, 0 
║ [386/681] 139, 0 
║ [387/681] 137, 0 
║ [388/681] 137, 0 
║ [389/681] 138, 0 
║ [390/681] 137, 0 
║ [391/681] 137, 0 
║ [392/681] 138, 0 
║ [393/681] 139, 0 
║ [394/681] 138, 0 
║ [395/681] 139, 0 
║ [396/681] 140, 0 
║ [397/681] 138, 0 
║ [398/681] 139, 0 
║ [399/681] 138, 0 
║ [400/681] 139, 0 
║ [401/681] 139, 0 
║ [402/681] 139, 0 
║ [403/681] 139, 0 
║ [404/681] 140, 0 
║ [405/681] 141, 0 
║ [406/681] 141, 0 
║ [407/681] 142, 0 
║ [408/681] 143, 0 
║ [409/681] 141, 0 
║ [410/681] 142, 0 
║ [411/681] 143, 0 
║ [412/681] 141, 0 
║ [413/681] 141, 0 
║ [414/681] 142, 0 
║ [415/681] 142, 0 
║ [416/681] 143, 0 
║ [417/681] 144, 0 
║ [418/681] 142, 0 
║ [419/681] 143, 0 
║ [420/681] 144, 0 
║ [421/681] 142, 0 
║ [422/681] 142, 0 
║ [423/681] 143, 0 
║ [424/681] 141, 0 
║ [425/681] 141, 0 
║ [426/681] 142, 0 
║ [427/681] 141, 0 
║ [428/681] 142, 0 
║ [429/681] 143, 0 
║ [430/681] 142, 0 
║ [431/681] 142, 0 
║ [432/681] 142, 0 
║ [433/681] 142, 0 
║ [434/681] 143, 0 
║ [435/681] 142, 0 
║ [436/681] 143, 0 
║ [437/681] 143, 0 
║ [438/681] 144, 0 
║ [439/681] 141, 0 
║ [440/681] 139, 0 
║ [441/681] 139, 0 
║ [442/681] 140, 0 
║ [443/681] 141, 0 
║ [444/681] 139, 0 
║ [445/681] 140, 0 
║ [446/681] 141, 0 
║ [447/681] 140, 0 
║ [448/681] 141, 0 
║ [449/681] 142, 0 
║ [450/681] 141, 0 
║ [451/681] 142, 0 
║ [452/681] 143, 0 
║ [453/681] 143, 0 
║ [454/681] 144, 0 
║ [455/681] 142, 0 
║ [456/681] 142, 0 
║ [457/681] 143, 0 
║ [458/681] 142, 0 
║ [459/681] 143, 0 
║ [460/681] 144, 0 
║ [461/681] 142, 0 
║ [462/681] 142, 0 
║ [463/681] 141, 0 
║ [464/681] 142, 0 
║ [465/681] 140, 0 
║ [466/681] 140, 0 
║ [467/681] 141, 0 
║ [468/681] 142, 0 
║ [469/681] 141, 0 
║ [470/681] 142, 0 
║ [471/681] 143, 0 
║ [472/681] 142, 0 
║ [473/681] 143, 0 
║ [474/681] 142, 0 
║ [475/681] 143, 0 
║ [476/681] 143, 0 
║ [477/681] 143, 0 
║ [478/681] 144, 0 
║ [479/681] 145, 0 
║ [480/681] 146, 0 
║ [481/681] 145, 0 
║ [482/681] 146, 0 
║ [483/681] 146, 0 
║ [484/681] 146, 0 
║ [485/681] 146, 0 
║ [486/681] 146, 0 
║ [487/681] 147, 0 
║ [488/681] 146, 0 
║ [489/681] 147, 0 
║ [490/681] 148, 0 
║ [491/681] 146, 0 
║ [492/681] 146, 0 
║ [493/681] 145, 0 
║ [494/681] 146, 0 
║ [495/681] 144, 0 
║ [496/681] 144, 0 
║ [497/681] 145, 0 
║ [498/681] 144, 0 
║ [499/681] 145, 0 
║ [500/681] 144, 0 
║ [501/681] 145, 0 
║ [502/681] 144, 0 
║ [503/681] 145, 0 
║ [504/681] 146, 0 
║ [505/681] 145, 0 
║ [506/681] 146, 0 
║ [507/681] 147, 0 
║ [508/681] 146, 0 
║ [509/681] 147, 0 
║ [510/681] 148, 0 
║ [511/681] 147, 0 
║ [512/681] 147, 0 
║ [513/681] 147, 0 
║ [514/681] 146, 0 
║ [515/681] 147, 0 
║ [516/681] 148, 0 
║ [517/681] 147, 0 
║ [518/681] 146, 0 
║ [519/681] 147, 0 
║ [520/681] 148, 0 
║ [521/681] 147, 0 
║ [522/681] 148, 0 
║ [523/681] 149, 0 
║ [524/681] 148, 0 
║ [525/681] 149, 0 
║ [526/681] 148, 0 
║ [527/681] 149, 0 
║ [528/681] 150, 0 
║ [529/681] 149, 0 
║ [530/681] 148, 0 
║ [531/681] 149, 0 
║ [532/681] 149, 0 
║ [533/681] 149, 0 
║ [534/681] 149, 0 
║ [535/681] 151, 0 
║ [536/681] 151, 0 
║ [537/681] 151, 0 
║ [538/681] 153, 0 
║ [539/681] 153, 0 
║ [540/681] 153, 0 
║ [541/681] 155, 0 
║ [542/681] 155, 0 
║ [543/681] 155, 0 
║ [544/681] 157, 0 
║ [545/681] 157, 0 
║ [546/681] 157, 0 
║ [547/681] 159, 0 
║ [548/681] 159, 0 
║ [549/681] 159, 0 
║ [550/681] 161, 0 
║ [551/681] 161, 0 
║ [552/681] 161, 0 
║ [553/681] 163, 0 
║ [554/681] 163, 0 
║ [555/681] 163, 0 
║ [556/681] 165, 0 
║ [557/681] 165, 0 
║ [558/681] 163, 0 
║ [559/681] 165, 0 
║ [560/681] 165, 0 
║ [561/681] 165, 0 
║ [562/681] 167, 0 
║ [563/681] 167, 0 
║ [564/681] 167, 0 
║ [565/681] 169, 0 
║ [566/681] 169, 0 
║ [567/681] 169, 0 
║ [568/681] 171, 0 
║ [569/681] 171, 0 
║ [570/681] 171, 0 
║ [571/681] 173, 0 
║ [572/681] 173, 0 
║ [573/681] 171, 0 
║ [574/681] 173, 0 
║ [575/681] 173, 0 
║ [576/681] 173, 0 
║ [577/681] 175, 0 
║ [578/681] 175, 0 
║ [579/681] 175, 0 
║ [580/681] 175, 0 
║ [581/681] 176, 0 
║ [582/681] 175, 0 
║ [583/681] 176, 0 
║ [584/681] 175, 0 
║ [585/681] 176, 0 
║ [586/681] 174, 0 
║ [587/681] 174, 0 
║ [588/681] 174, 0 
║ [589/681] 175, 0 
║ [590/681] 176, 0 
║ [591/681] 174, 0 
║ [592/681] 173, 0 
║ [593/681] 173, 0 
║ [594/681] 174, 0 
║ [595/681] 174, 0 
║ [596/681] 172, 0 
║ [597/681] 173, 0 
║ [598/681] 171, 0 
║ [599/681] 172, 0 
║ [600/681] 172, 0 
║ [601/681] 173, 0 
║ [602/681] 172, 0 
║ [603/681] 172, 0 
║ [604/681] 171, 0 
║ [605/681] 170, 0 
║ [606/681] 169, 0 
║ [607/681] 169, 0 
║ [608/681] 170, 0 
║ [609/681] 171, 0 
║ [610/681] 171, 0 
║ [611/681] 172, 0 
║ [612/681] 173, 0 
║ [613/681] 174, 0 
║ [614/681] 174, 0 
║ [615/681] 174, 0 
║ [616/681] 172, 0 
║ [617/681] 173, 0 
║ [618/681] 172, 0 
║ [619/681] 173, 0 
║ [620/681] 171, 0 
║ [621/681] 171, 0 
║ [622/681] 171, 0 
║ [623/681] 172, 0 
║ [624/681] 173, 0 
║ [625/681] 172, 0 
║ [626/681] 173, 0 
║ [627/681] 172, 0 
║ [628/681] 173, 0 
║ [629/681] 173, 0 
║ [630/681] 174, 0 
║ [631/681] 173, 0 
║ [632/681] 171, 0 
║ [633/681] 171, 0 
║ [634/681] 170, 0 
║ [635/681] 171, 0 
║ [636/681] 170, 0 
║ [637/681] 170, 0 
║ [638/681] 170, 0 
║ [639/681] 171, 0 
║ [640/681] 171, 0 
║ [641/681] 171, 0 
║ [642/681] 171, 0 
║ [643/681] 172, 0 
║ [644/681] 173, 0 
║ [645/681] 172, 0 
║ [646/681] 168, 0 
║ [647/681] 169, 0 
║ [648/681] 169, 0 
║ [649/681] 169, 0 
║ [650/681] 171, 0 
║ [651/681] 171, 0 
║ [652/681] 171, 0 
║ [653/681] 171, 0 
║ [654/681] 171, 0 
║ [655/681] 171, 0 
║ [656/681] 171, 0 
║ [657/681] 179, 0 
║ [658/681] 171, 0 
║ [659/681] 171, 0 
║ [660/681] 168, 0 
║ [661/681] 168, 0 
║ [662/681] 152, 0 
║ [663/681] 160, 0 
║ [664/681] 152, 0 
║ [665/681] 136, 0 
║ [666/681] 144, 0 
║ [667/681] 136, 0 
║ [668/681] 120, 0 
║ [669/681] 128, 0 
║ [670/681] 120, 0 
║ [671/681] 104, 0 
║ [672/681] 112, 0 
║ [673/681] 104, 0 
║ [674/681] 72, 0 
║ [675/681] 80, 0 
║ [676/681] 72, 0 
║ [677/681] 40, 0 
║ [678/681] 40, 0 
║ [679/681] 40, 0 
║ [680/681] 0, 0 
╚═ Result: Correct
╔═ Final Report
║ Trace compiled on: Apr 13 2026 at 16:17:30 (release build)
║ 
╠═ Program modes
║ Circuit mode: mul
║ Traversal method: dyn
║ Debug mode: Y
║ 
╠═ General Information
║ Circuit path: /data/netlists/CONTROL/A_mul_u_w8__booth_pre_folded.aig
║ Maximum polynomial : 179
║ Number of iteration: 678
║ Elapsed time: 0.32492 (in seconds)
║ Number and-gates : 664
║ Substitution steps : 680
║ Number of removed conflicts : 402
║ Total calculated conflicts : 14240
║ Conflict calculation time: 0.0460278 (in seconds)
║ Number of negated nodes : 63
╚═ Process complete
	Command being timed: "/opt/trace/trace /data/netlists/CONTROL/A_mul_u_w8__booth_pre_folded.aig -mul -dyn -p -c"
	User time (seconds): 0.08
	System time (seconds): 0.02
	Percent of CPU this job got: 27%
	Elapsed (wall clock) time (h:mm:ss or m:ss): 0m 0.40s
	Average shared text size (kbytes): 0
	Average unshared data size (kbytes): 0
	Average stack size (kbytes): 0
	Average total size (kbytes): 0
	Maximum resident set size (kbytes): 21952
	Average resident set size (kbytes): 0
	Major (requiring I/O) page faults: 0
	Minor (reclaiming a frame) page faults: 788
	Voluntary context switches: 16
	Involuntary context switches: 301
	Swaps: 0
	File system inputs: 3
	File system outputs: 0
	Socket messages sent: 0
	Socket messages received: 0
	Signals delivered: 0
	Page size (bytes): 4096
	Exit status: 0
### TRACE_EXIT 0
### CGROUP_MEMORY_PEAK_BYTES 5423104
### DOCKER_EXIT 0
### WALL_SECONDS 2.17
### END 2026-09-24T11:45:05-07:00
