### FILE netlists/MAIN/A_mul_u_w16__booth.aig
### ARGS -mul -dyn -p -c
### TIMEOUT 60
### START 2026-09-24T11:45:05-07:00
██▓▓░░░░░░░░░░░░░░░░░░░░░░░░░░░░░░░░░  Trace  ░░░░░░░░░░░░░░░░░░░░░░░░░░░░░░░░▓▓██
║ [Build]   compiled on: Apr 13 2026 at 16:17:50
║           built as: Release version
║ [Options] file: /data/netlists/MAIN/A_mul_u_w16__booth.aig
║           mode: mul
║           sign: unsigned
║           method: dyn
║           phase optimization: enabled
║           conflict detection: enabled
║           progress steps: enabled
║
██░░ traverse_reverse_topological using dyn
║ [iter. step/nr. gates] #SP, #Cache
║ [1/2321] 288, 0 
║ [2/2321] 289, 0 
║ [3/2321] 289, 0 
║ [4/2321] 289, 0 
║ [5/2321] 289, 0 
║ [6/2321] 289, 0 
║ [7/2321] 289, 0 
║ [8/2321] 289, 0 
║ [9/2321] 289, 0 
║ [10/2321] 289, 0 
║ [11/2321] 289, 0 
║ [12/2321] 289, 0 
║ [13/2321] 289, 0 
║ [14/2321] 289, 0 
║ [15/2321] 289, 0 
║ [16/2321] 289, 0 
║ [17/2321] 289, 0 
║ [18/2321] 289, 0 
║ [19/2321] 289, 0 
║ [20/2321] 289, 0 
║ [21/2321] 289, 0 
║ [22/2321] 289, 0 
║ [23/2321] 289, 0 
║ [24/2321] 289, 0 
║ [25/2321] 289, 0 
║ [26/2321] 289, 0 
║ [27/2321] 289, 0 
║ [28/2321] 289, 0 
║ [29/2321] 289, 0 
║ [30/2321] 289, 0 
║ [31/2321] 289, 0 
║ [32/2321] 289, 0 
║ [33/2322] 287, 0 
║ [34/2322] 288, 0 
║ [35/2322] 288, 0 
║ [36/2322] 289, 0 
║ [37/2322] 289, 0 
║ [38/2322] 290, 0 
║ [39/2322] 291, 0 
║ [40/2322] 291, 0 
║ [41/2322] 292, 0 
║ [42/2322] 293, 0 
║ [43/2322] 293, 0 
║ [44/2322] 294, 0 
║ [45/2322] 295, 0 
║ [46/2322] 296, 0 
║ [47/2322] 296, 0 
║ [48/2322] 297, 0 
║ [49/2322] 298, 0 
║ [50/2322] 298, 0 
║ [51/2322] 299, 0 
║ [52/2322] 300, 0 
║ [53/2322] 300, 0 
║ [54/2322] 301, 0 
║ [55/2322] 302, 0 
║ [56/2322] 302, 0 
║ [57/2322] 303, 0 
║ [58/2322] 303, 0 
║ [59/2322] 304, 0 
║ [60/2322] 305, 0 
║ [61/2322] 305, 0 
║ [62/2322] 306, 0 
║ [63/2322] 307, 0 
║ [64/2322] 307, 0 
║ [65/2322] 308, 0 
║ [66/2322] 309, 0 
║ [67/2322] 309, 0 
║ [68/2322] 310, 0 
║ [69/2322] 310, 0 
║ [70/2322] 311, 0 
║ [71/2322] 311, 0 
║ [72/2322] 312, 0 
║ [73/2322] 313, 0 
║ [74/2322] 313, 0 
║ [75/2322] 314, 0 
║ [76/2322] 315, 0 
║ [77/2322] 316, 0 
║ [78/2322] 316, 0 
║ [79/2322] 317, 0 
║ [80/2322] 317, 0 
║ [81/2322] 318, 0 
║ [82/2322] 319, 0 
║ [83/2322] 319, 0 
║ [84/2322] 320, 0 
║ [85/2322] 321, 0 
║ [86/2322] 321, 0 
║ [87/2322] 322, 0 
║ [88/2322] 323, 0 
║ [89/2322] 323, 0 
║ [90/2322] 324, 0 
║ [91/2322] 322, 0 
║ [92/2322] 323, 0 
║ [93/2322] 323, 0 
║ [94/2322] 324, 0 
║ [95/2322] 324, 0 
║ [96/2322] 325, 0 
║ [97/2322] 326, 0 
║ [98/2322] 326, 0 
║ [99/2322] 327, 0 
║ [100/2322] 328, 0 
║ [101/2322] 329, 0 
║ [102/2322] 329, 0 
║ [103/2322] 330, 0 
║ [104/2322] 331, 0 
║ [105/2322] 331, 0 
║ [106/2322] 332, 0 
║ [107/2322] 333, 0 
║ [108/2322] 333, 0 
║ [109/2322] 334, 0 
║ [110/2322] 334, 0 
║ [111/2322] 335, 0 
║ [112/2322] 336, 0 
║ [113/2322] 336, 0 
║ [114/2322] 337, 0 
║ [115/2322] 338, 0 
║ [116/2322] 338, 0 
║ [117/2322] 339, 0 
║ [118/2322] 340, 0 
║ [119/2322] 340, 0 
║ [120/2322] 340, 0 
║ [121/2322] 341, 0 
║ [122/2322] 341, 0 
║ [123/2322] 342, 0 
║ [124/2322] 343, 0 
║ [125/2322] 344, 0 
║ [126/2322] 344, 0 
║ [127/2322] 344, 0 
║ [128/2322] 345, 0 
║ [129/2322] 345, 0 
║ [130/2322] 346, 0 
║ [131/2322] 346, 0 
║ [132/2322] 347, 0 
║ [133/2322] 348, 0 
║ [134/2322] 348, 0 
║ [135/2322] 348, 0 
║ [136/2322] 349, 0 
║ [137/2322] 350, 0 
║ [138/2322] 350, 0 
║ [139/2322] 350, 0 
║ [140/2322] 351, 0 
║ [141/2322] 351, 0 
║ [142/2322] 349, 0 
║ [143/2322] 349, 0 
║ [144/2322] 350, 0 
║ [145/2322] 349, 0 
║ [146/2322] 349, 0 
║ [147/2322] 350, 0 
║ [148/2322] 350, 0 
║ [149/2322] 348, 0 
║ [150/2322] 348, 0 
║ [151/2322] 349, 0 
║ [152/2322] 350, 0 
║ [153/2322] 348, 0 
║ [154/2322] 349, 0 
║ [155/2322] 348, 0 
║ [156/2322] 349, 0 
║ [157/2322] 349, 0 
║ [158/2322] 347, 0 
║ [159/2322] 348, 0 
║ [160/2322] 347, 0 
║ [161/2322] 348, 0 
║ [162/2322] 348, 0 
║ [163/2322] 346, 0 
║ [164/2322] 346, 0 
║ [165/2322] 347, 0 
║ [166/2322] 347, 0 
║ [167/2322] 345, 0 
║ [168/2322] 346, 0 
║ [169/2322] 347, 0 
║ [170/2322] 348, 0 
║ [171/2322] 348, 0 
║ [172/2322] 348, 0 
║ [173/2322] 346, 0 
║ [174/2322] 347, 0 
║ [175/2322] 346, 0 
║ [176/2322] 347, 0 
║ [177/2322] 346, 0 
║ [178/2322] 346, 0 
║ [179/2322] 346, 0 
║ [180/2322] 347, 0 
║ [181/2322] 347, 0 
║ [182/2322] 345, 0 
║ [183/2322] 346, 0 
║ [184/2322] 345, 0 
║ [185/2322] 345, 0 
║ [186/2322] 346, 0 
║ [187/2322] 345, 0 
║ [188/2322] 345, 0 
║ [189/2322] 345, 0 
║ [190/2322] 345, 0 
║ [191/2322] 345, 0 
║ [192/2322] 346, 0 
║ [193/2322] 347, 0 
║ [194/2322] 348, 0 
║ [195/2322] 349, 0 
║ [196/2322] 347, 0 
║ [197/2322] 346, 0 
║ [198/2322] 346, 0 
║ [199/2322] 347, 0 
║ [200/2322] 347, 0 
║ [201/2322] 347, 0 
║ [202/2322] 348, 0 
║ [203/2322] 348, 0 
║ [204/2322] 346, 0 
║ [205/2322] 344, 0 
║ [206/2322] 345, 0 
║ [207/2322] 346, 0 
║ [208/2322] 344, 0 
║ [209/2322] 345, 0 
║ [210/2322] 346, 0 
║ [211/2322] 347, 0 
║ [212/2322] 347, 0 
║ [213/2322] 345, 0 
║ [214/2322] 345, 0 
║ [215/2322] 345, 0 
║ [216/2322] 346, 0 
║ [217/2322] 346, 0 
║ [218/2322] 346, 0 
║ [219/2322] 346, 0 
║ [220/2322] 347, 0 
║ [221/2322] 347, 0 
║ [222/2322] 345, 0 
║ [223/2322] 346, 0 
║ [224/2322] 345, 0 
║ [225/2322] 346, 0 
║ [226/2322] 346, 0 
║ [227/2322] 347, 0 
║ [228/2322] 349, 0 
║ [229/2322] 349, 0 
║ [230/2322] 349, 0 
║ [231/2322] 349, 0 
║ [232/2322] 350, 0 
║ [233/2322] 349, 0 
║ [234/2322] 347, 0 
║ [235/2322] 348, 0 
║ [236/2322] 349, 0 
║ [237/2322] 347, 0 
║ [238/2322] 347, 0 
║ [239/2322] 347, 0 
║ [240/2322] 348, 0 
║ [241/2322] 349, 0 
║ [242/2322] 349, 0 
║ [243/2322] 350, 0 
║ [244/2322] 348, 0 
║ [245/2322] 348, 0 
║ [246/2322] 349, 0 
║ [247/2322] 350, 0 
║ [248/2322] 348, 0 
║ [249/2322] 349, 0 
║ [250/2322] 349, 0 
║ [251/2322] 349, 0 
║ [252/2322] 350, 0 
║ [253/2322] 351, 0 
║ [254/2322] 349, 0 
║ [255/2322] 350, 0 
║ [256/2322] 350, 0 
║ [257/2322] 350, 0 
║ [258/2322] 351, 0 
║ [259/2322] 352, 0 
║ [260/2322] 350, 0 
║ [261/2322] 350, 0 
║ [262/2322] 351, 0 
║ [263/2322] 351, 0 
║ [264/2322] 351, 0 
║ [265/2322] 352, 0 
║ [266/2322] 352, 0 
║ [267/2322] 353, 0 
║ [268/2322] 354, 0 
║ [269/2322] 354, 0 
║ [270/2322] 355, 0 
║ [271/2322] 356, 0 
║ [272/2322] 356, 0 
║ [273/2322] 357, 0 
║ [274/2322] 357, 0 
║ [275/2322] 355, 0 
║ [276/2322] 356, 0 
║ [277/2322] 357, 0 
║ [278/2322] 355, 0 
║ [279/2322] 356, 0 
║ [280/2322] 356, 0 
║ [281/2322] 357, 0 
║ [282/2322] 358, 0 
║ [283/2322] 358, 0 
║ [284/2322] 358, 0 
║ [285/2322] 359, 0 
║ [286/2322] 360, 0 
║ [287/2322] 359, 0 
║ [288/2322] 360, 0 
║ [289/2322] 359, 0 
║ [290/2322] 360, 0 
║ [291/2322] 360, 0 
║ [292/2322] 358, 0 
║ [293/2322] 359, 0 
║ [294/2322] 358, 0 
║ [295/2322] 358, 0 
║ [296/2322] 356, 0 
║ [297/2322] 357, 0 
║ [298/2322] 358, 0 
║ [299/2322] 356, 0 
║ [300/2322] 357, 0 
║ [301/2322] 358, 0 
║ [302/2322] 356, 0 
║ [303/2322] 357, 0 
║ [304/2322] 358, 0 
║ [305/2322] 359, 0 
║ [306/2322] 357, 0 
║ [307/2322] 357, 0 
║ [308/2322] 358, 0 
║ [309/2322] 358, 0 
║ [310/2322] 356, 0 
║ [311/2322] 357, 0 
║ [312/2322] 358, 0 
║ [313/2322] 356, 0 
║ [314/2322] 356, 0 
║ [315/2322] 357, 0 
║ [316/2322] 356, 0 
║ [317/2322] 357, 0 
║ [318/2322] 357, 0 
║ [319/2322] 358, 0 
║ [320/2322] 358, 0 
║ [321/2322] 357, 0 
║ [322/2322] 357, 0 
║ [323/2322] 358, 0 
║ [324/2322] 357, 0 
║ [325/2322] 356, 0 
║ [326/2322] 357, 0 
║ [327/2322] 358, 0 
║ [328/2322] 358, 0 
║ [329/2322] 356, 0 
║ [330/2322] 356, 0 
║ [331/2322] 357, 0 
║ [332/2322] 357, 0 
║ [333/2322] 358, 0 
║ [334/2322] 359, 0 
║ [335/2322] 357, 0 
║ [336/2322] 357, 0 
║ [337/2322] 358, 0 
║ [338/2322] 358, 0 
║ [339/2322] 359, 0 
║ [340/2322] 359, 0 
║ [341/2322] 360, 0 
║ [342/2322] 360, 0 
║ [343/2322] 360, 0 
║ [344/2322] 361, 0 
║ [345/2322] 362, 0 
║ [346/2322] 360, 0 
║ [347/2322] 361, 0 
║ [348/2322] 362, 0 
║ [349/2322] 363, 0 
║ [350/2322] 364, 0 
║ [351/2322] 362, 0 
║ [352/2322] 362, 0 
║ [353/2322] 363, 0 
║ [354/2322] 363, 0 
║ [355/2322] 361, 0 
║ [356/2322] 362, 0 
║ [357/2322] 362, 0 
║ [358/2322] 363, 0 
║ [359/2322] 362, 0 
║ [360/2322] 363, 0 
║ [361/2322] 364, 0 
║ [362/2322] 365, 0 
║ [363/2322] 365, 0 
║ [364/2322] 364, 0 
║ [365/2322] 364, 0 
║ [366/2322] 365, 0 
║ [367/2322] 365, 0 
║ [368/2322] 366, 0 
║ [369/2322] 367, 0 
║ [370/2322] 367, 0 
║ [371/2322] 368, 0 
║ [372/2322] 368, 0 
║ [373/2322] 368, 0 
║ [374/2322] 367, 0 
║ [375/2322] 367, 0 
║ [376/2322] 368, 0 
║ [377/2322] 369, 0 
║ [378/2322] 369, 0 
║ [379/2322] 367, 0 
║ [380/2322] 368, 0 
║ [381/2322] 369, 0 
║ [382/2322] 368, 0 
║ [383/2322] 369, 0 
║ [384/2322] 370, 0 
║ [385/2322] 368, 0 
║ [386/2322] 370, 0 
║ [387/2322] 370, 0 
║ [388/2322] 371, 0 
║ [389/2322] 369, 0 
║ [390/2322] 368, 0 
║ [391/2322] 367, 0 
║ [392/2322] 367, 0 
║ [393/2322] 368, 0 
║ [394/2322] 369, 0 
║ [395/2322] 367, 0 
║ [396/2322] 368, 0 
║ [397/2322] 369, 0 
║ [398/2322] 367, 0 
║ [399/2322] 368, 0 
║ [400/2322] 368, 0 
║ [401/2322] 369, 0 
║ [402/2322] 370, 0 
║ [403/2322] 368, 0 
║ [404/2322] 369, 0 
║ [405/2322] 367, 0 
║ [406/2322] 367, 0 
║ [407/2322] 368, 0 
║ [408/2322] 369, 0 
║ [409/2322] 369, 0 
║ [410/2322] 369, 0 
║ [411/2322] 370, 0 
║ [412/2322] 371, 0 
║ [413/2322] 369, 0 
║ [414/2322] 370, 0 
║ [415/2322] 370, 0 
║ [416/2322] 370, 0 
║ [417/2322] 371, 0 
║ [418/2322] 372, 0 
║ [419/2322] 370, 0 
║ [420/2322] 371, 0 
║ [421/2322] 371, 0 
║ [422/2322] 372, 0 
║ [423/2322] 373, 0 
║ [424/2322] 371, 0 
║ [425/2322] 372, 0 
║ [426/2322] 373, 0 
║ [427/2322] 371, 0 
║ [428/2322] 371, 0 
║ [429/2322] 372, 0 
║ [430/2322] 373, 0 
║ [431/2322] 373, 0 
║ [432/2322] 374, 0 
║ [433/2322] 374, 0 
║ [434/2322] 373, 0 
║ [435/2322] 374, 0 
║ [436/2322] 375, 0 
║ [437/2322] 373, 0 
║ [438/2322] 373, 0 
║ [439/2322] 371, 0 
║ [440/2322] 371, 0 
║ [441/2322] 371, 0 
║ [442/2322] 372, 0 
║ [443/2322] 373, 0 
║ [444/2322] 371, 0 
║ [445/2322] 372, 0 
║ [446/2322] 372, 0 
║ [447/2322] 373, 0 
║ [448/2322] 372, 0 
║ [449/2322] 373, 0 
║ [450/2322] 373, 0 
║ [451/2322] 373, 0 
║ [452/2322] 373, 0 
║ [453/2322] 374, 0 
║ [454/2322] 375, 0 
║ [455/2322] 376, 0 
║ [456/2322] 374, 0 
║ [457/2322] 375, 0 
║ [458/2322] 375, 0 
║ [459/2322] 373, 0 
║ [460/2322] 374, 0 
║ [461/2322] 375, 0 
║ [462/2322] 375, 0 
║ [463/2322] 376, 0 
║ [464/2322] 376, 0 
║ [465/2322] 374, 0 
║ [466/2322] 374, 0 
║ [467/2322] 374, 0 
║ [468/2322] 374, 0 
║ [469/2322] 375, 0 
║ [470/2322] 374, 0 
║ [471/2322] 375, 0 
║ [472/2322] 374, 0 
║ [473/2322] 375, 0 
║ [474/2322] 375, 0 
║ [475/2322] 376, 0 
║ [476/2322] 376, 0 
║ [477/2322] 376, 0 
║ [478/2322] 376, 0 
║ [479/2322] 376, 0 
║ [480/2322] 377, 0 
║ [481/2322] 377, 0 
║ [482/2322] 375, 0 
║ [483/2322] 376, 0 
║ [484/2322] 375, 0 
║ [485/2322] 376, 0 
║ [486/2322] 375, 0 
║ [487/2322] 375, 0 
║ [488/2322] 375, 0 
║ [489/2322] 375, 0 
║ [490/2322] 375, 0 
║ [491/2322] 376, 0 
║ [492/2322] 377, 0 
║ [493/2322] 375, 0 
║ [494/2322] 376, 0 
║ [495/2322] 376, 0 
║ [496/2322] 377, 0 
║ [497/2322] 378, 0 
║ [498/2322] 378, 0 
║ [499/2322] 378, 0 
║ [500/2322] 379, 0 
║ [501/2322] 379, 0 
║ [502/2322] 380, 0 
║ [503/2322] 381, 0 
║ [504/2322] 381, 0 
║ [505/2322] 379, 0 
║ [506/2322] 380, 0 
║ [507/2322] 381, 0 
║ [508/2322] 379, 0 
║ [509/2322] 380, 0 
║ [510/2322] 379, 0 
║ [511/2322] 380, 0 
║ [512/2322] 380, 0 
║ [513/2322] 380, 0 
║ [514/2322] 380, 0 
║ [515/2322] 381, 0 
║ [516/2322] 382, 0 
║ [517/2322] 380, 0 
║ [518/2322] 381, 0 
║ [519/2322] 382, 0 
║ [520/2322] 380, 0 
║ [521/2322] 381, 0 
║ [522/2322] 379, 0 
║ [523/2322] 379, 0 
║ [524/2322] 380, 0 
║ [525/2322] 380, 0 
║ [526/2322] 380, 0 
║ [527/2322] 381, 0 
║ [528/2322] 382, 0 
║ [529/2322] 380, 0 
║ [530/2322] 380, 0 
║ [531/2322] 378, 0 
║ [532/2322] 379, 0 
║ [533/2322] 380, 0 
║ [534/2322] 378, 0 
║ [535/2322] 379, 0 
║ [536/2322] 379, 0 
║ [537/2322] 379, 0 
║ [538/2322] 380, 0 
║ [539/2322] 381, 0 
║ [540/2322] 379, 0 
║ [541/2322] 380, 0 
║ [542/2322] 380, 0 
║ [543/2322] 380, 0 
║ [544/2322] 381, 0 
║ [545/2322] 381, 0 
║ [546/2322] 382, 0 
║ [547/2322] 383, 0 
║ [548/2322] 383, 0 
║ [549/2322] 383, 0 
║ [550/2322] 384, 0 
║ [551/2322] 385, 0 
║ [552/2322] 383, 0 
║ [553/2322] 384, 0 
║ [554/2322] 384, 0 
║ [555/2322] 384, 0 
║ [556/2322] 385, 0 
║ [557/2322] 386, 0 
║ [558/2322] 384, 0 
║ [559/2322] 385, 0 
║ [560/2322] 386, 0 
║ [561/2322] 384, 0 
║ [562/2322] 385, 0 
║ [563/2322] 385, 0 
║ [564/2322] 385, 0 
║ [565/2322] 386, 0 
║ [566/2322] 387, 0 
║ [567/2322] 385, 0 
║ [568/2322] 386, 0 
║ [569/2322] 386, 0 
║ [570/2322] 386, 0 
║ [571/2322] 387, 0 
║ [572/2322] 387, 0 
║ [573/2322] 387, 0 
║ [574/2322] 388, 0 
║ [575/2322] 387, 0 
║ [576/2322] 388, 0 
║ [577/2322] 388, 0 
║ [578/2322] 388, 0 
║ [579/2322] 389, 0 
║ [580/2322] 388, 0 
║ [581/2322] 388, 0 
║ [582/2322] 389, 0 
║ [583/2322] 389, 0 
║ [584/2322] 389, 0 
║ [585/2322] 390, 0 
║ [586/2322] 390, 0 
║ [587/2322] 391, 0 
║ [588/2322] 392, 0 
║ [589/2322] 393, 0 
║ [590/2322] 394, 0 
║ [591/2322] 392, 0 
║ [592/2322] 393, 0 
║ [593/2322] 394, 0 
║ [594/2322] 392, 0 
║ [595/2322] 392, 0 
║ [596/2322] 393, 0 
║ [597/2322] 393, 0 
║ [598/2322] 393, 0 
║ [599/2322] 394, 0 
║ [600/2322] 394, 0 
║ [601/2322] 395, 0 
║ [602/2322] 395, 0 
║ [603/2322] 395, 0 
║ [604/2322] 396, 0 
║ [605/2322] 397, 0 
║ [606/2322] 396, 0 
║ [607/2322] 397, 0 
║ [608/2322] 395, 0 
║ [609/2322] 395, 0 
║ [610/2322] 396, 0 
║ [611/2322] 396, 0 
║ [612/2322] 396, 0 
║ [613/2322] 396, 0 
║ [614/2322] 397, 0 
║ [615/2322] 396, 0 
║ [616/2322] 397, 0 
║ [617/2322] 396, 0 
║ [618/2322] 397, 0 
║ [619/2322] 398, 0 
║ [620/2322] 396, 0 
║ [621/2322] 396, 0 
║ [622/2322] 397, 0 
║ [623/2322] 398, 0 
║ [624/2322] 396, 0 
║ [625/2322] 396, 0 
║ [626/2322] 397, 0 
║ [627/2322] 397, 0 
║ [628/2322] 397, 0 
║ [629/2322] 398, 0 
║ [630/2322] 398, 0 
║ [631/2322] 399, 0 
║ [632/2322] 400, 0 
║ [633/2322] 401, 0 
║ [634/2322] 399, 0 
║ [635/2322] 401, 0 
║ [636/2322] 401, 0 
║ [637/2322] 402, 0 
║ [638/2322] 402, 0 
║ [639/2322] 402, 0 
║ [640/2322] 401, 0 
║ [641/2322] 402, 0 
║ [642/2322] 400, 0 
║ [643/2322] 400, 0 
║ [644/2322] 401, 0 
║ [645/2322] 401, 0 
║ [646/2322] 402, 0 
║ [647/2322] 403, 0 
║ [648/2322] 404, 0 
║ [649/2322] 402, 0 
║ [650/2322] 403, 0 
║ [651/2322] 404, 0 
║ [652/2322] 402, 0 
║ [653/2322] 403, 0 
║ [654/2322] 403, 0 
║ [655/2322] 404, 0 
║ [656/2322] 405, 0 
║ [657/2322] 405, 0 
║ [658/2322] 405, 0 
║ [659/2322] 403, 0 
║ [660/2322] 404, 0 
║ [661/2322] 404, 0 
║ [662/2322] 405, 0 
║ [663/2322] 403, 0 
║ [664/2322] 403, 0 
║ [665/2322] 404, 0 
║ [666/2322] 405, 0 
║ [667/2322] 403, 0 
║ [668/2322] 404, 0 
║ [669/2322] 405, 0 
║ [670/2322] 403, 0 
║ [671/2322] 404, 0 
║ [672/2322] 405, 0 
║ [673/2322] 403, 0 
║ [674/2322] 404, 0 
║ [675/2322] 404, 0 
║ [676/2322] 405, 0 
║ [677/2322] 405, 0 
║ [678/2322] 405, 0 
║ [679/2322] 406, 0 
║ [680/2322] 404, 0 
║ [681/2322] 404, 0 
║ [682/2322] 405, 0 
║ [683/2322] 405, 0 
║ [684/2322] 406, 0 
║ [685/2322] 407, 0 
║ [686/2322] 405, 0 
║ [687/2322] 406, 0 
║ [688/2322] 406, 0 
║ [689/2322] 407, 0 
║ [690/2322] 408, 0 
║ [691/2322] 406, 0 
║ [692/2322] 406, 0 
║ [693/2322] 406, 0 
║ [694/2322] 407, 0 
║ [695/2322] 407, 0 
║ [696/2322] 408, 0 
║ [697/2322] 409, 0 
║ [698/2322] 407, 0 
║ [699/2322] 407, 0 
║ [700/2322] 408, 0 
║ [701/2322] 409, 0 
║ [702/2322] 410, 0 
║ [703/2322] 408, 0 
║ [704/2322] 409, 0 
║ [705/2322] 410, 0 
║ [706/2322] 410, 0 
║ [707/2322] 411, 0 
║ [708/2322] 412, 0 
║ [709/2322] 413, 0 
║ [710/2322] 414, 0 
║ [711/2322] 415, 0 
║ [712/2322] 415, 0 
║ [713/2322] 416, 0 
║ [714/2322] 416, 0 
║ [715/2322] 414, 0 
║ [716/2322] 415, 0 
║ [717/2322] 415, 0 
║ [718/2322] 416, 0 
║ [719/2322] 416, 0 
║ [720/2322] 417, 0 
║ [721/2322] 417, 0 
║ [722/2322] 417, 0 
║ [723/2322] 418, 0 
║ [724/2322] 419, 0 
║ [725/2322] 418, 0 
║ [726/2322] 419, 0 
║ [727/2322] 419, 0 
║ [728/2322] 419, 0 
║ [729/2322] 418, 0 
║ [730/2322] 419, 0 
║ [731/2322] 420, 0 
║ [732/2322] 421, 0 
║ [733/2322] 422, 0 
║ [734/2322] 422, 0 
║ [735/2322] 420, 0 
║ [736/2322] 420, 0 
║ [737/2322] 421, 0 
║ [738/2322] 421, 0 
║ [739/2322] 422, 0 
║ [740/2322] 422, 0 
║ [741/2322] 422, 0 
║ [742/2322] 422, 0 
║ [743/2322] 423, 0 
║ [744/2322] 423, 0 
║ [745/2322] 423, 0 
║ [746/2322] 423, 0 
║ [747/2322] 423, 0 
║ [748/2322] 423, 0 
║ [749/2322] 424, 0 
║ [750/2322] 423, 0 
║ [751/2322] 424, 0 
║ [752/2322] 425, 0 
║ [753/2322] 423, 0 
║ [754/2322] 423, 0 
║ [755/2322] 422, 0 
║ [756/2322] 423, 0 
║ [757/2322] 422, 0 
║ [758/2322] 423, 0 
║ [759/2322] 423, 0 
║ [760/2322] 423, 0 
║ [761/2322] 424, 0 
║ [762/2322] 425, 0 
║ [763/2322] 425, 0 
║ [764/2322] 423, 0 
║ [765/2322] 424, 0 
║ [766/2322] 425, 0 
║ [767/2322] 423, 0 
║ [768/2322] 424, 0 
║ [769/2322] 425, 0 
║ [770/2322] 423, 0 
║ [771/2322] 424, 0 
║ [772/2322] 424, 0 
║ [773/2322] 425, 0 
║ [774/2322] 425, 0 
║ [775/2322] 425, 0 
║ [776/2322] 426, 0 
║ [777/2322] 425, 0 
║ [778/2322] 426, 0 
║ [779/2322] 426, 0 
║ [780/2322] 426, 0 
║ [781/2322] 426, 0 
║ [782/2322] 427, 0 
║ [783/2322] 426, 0 
║ [784/2322] 426, 0 
║ [785/2322] 427, 0 
║ [786/2322] 428, 0 
║ [787/2322] 426, 0 
║ [788/2322] 426, 0 
║ [789/2322] 425, 0 
║ [790/2322] 426, 0 
║ [791/2322] 427, 0 
║ [792/2322] 425, 0 
║ [793/2322] 426, 0 
║ [794/2322] 427, 0 
║ [795/2322] 428, 0 
║ [796/2322] 429, 0 
║ [797/2322] 430, 0 
║ [798/2322] 431, 0 
║ [799/2322] 429, 0 
║ [800/2322] 427, 0 
║ [801/2322] 427, 0 
║ [802/2322] 425, 0 
║ [803/2322] 426, 0 
║ [804/2322] 426, 0 
║ [805/2322] 427, 0 
║ [806/2322] 428, 0 
║ [807/2322] 426, 0 
║ [808/2322] 427, 0 
║ [809/2322] 427, 0 
║ [810/2322] 428, 0 
║ [811/2322] 427, 0 
║ [812/2322] 428, 0 
║ [813/2322] 429, 0 
║ [814/2322] 427, 0 
║ [815/2322] 428, 0 
║ [816/2322] 428, 0 
║ [817/2322] 429, 0 
║ [818/2322] 430, 0 
║ [819/2322] 428, 0 
║ [820/2322] 429, 0 
║ [821/2322] 429, 0 
║ [822/2322] 429, 0 
║ [823/2322] 430, 0 
║ [824/2322] 430, 0 
║ [825/2322] 431, 0 
║ [826/2322] 429, 0 
║ [827/2322] 429, 0 
║ [828/2322] 429, 0 
║ [829/2322] 431, 0 
║ [830/2322] 432, 0 
║ [831/2322] 432, 0 
║ [832/2322] 433, 0 
║ [833/2322] 434, 0 
║ [834/2322] 432, 0 
║ [835/2322] 435, 0 
║ [836/2322] 435, 0 
║ [837/2322] 436, 0 
║ [838/2322] 437, 0 
║ [839/2322] 438, 0 
║ [840/2322] 439, 0 
║ [841/2322] 437, 0 
║ [842/2322] 436, 0 
║ [843/2322] 434, 0 
║ [844/2322] 434, 0 
║ [845/2322] 435, 0 
║ [846/2322] 436, 0 
║ [847/2322] 437, 0 
║ [848/2322] 437, 0 
║ [849/2322] 438, 0 
║ [850/2322] 438, 0 
║ [851/2322] 436, 0 
║ [852/2322] 436, 0 
║ [853/2322] 436, 0 
║ [854/2322] 437, 0 
║ [855/2322] 437, 0 
║ [856/2322] 438, 0 
║ [857/2322] 438, 0 
║ [858/2322] 438, 0 
║ [859/2322] 437, 0 
║ [860/2322] 437, 0 
║ [861/2322] 437, 0 
║ [862/2322] 438, 0 
║ [863/2322] 439, 0 
║ [864/2322] 439, 0 
║ [865/2322] 440, 0 
║ [866/2322] 440, 0 
║ [867/2322] 438, 0 
║ [868/2322] 439, 0 
║ [869/2322] 440, 0 
║ [870/2322] 438, 0 
║ [871/2322] 438, 0 
║ [872/2322] 439, 0 
║ [873/2322] 439, 0 
║ [874/2322] 440, 0 
║ [875/2322] 440, 0 
║ [876/2322] 441, 0 
║ [877/2322] 440, 0 
║ [878/2322] 441, 0 
║ [879/2322] 441, 0 
║ [880/2322] 441, 0 
║ [881/2322] 441, 0 
║ [882/2322] 441, 0 
║ [883/2322] 441, 0 
║ [884/2322] 440, 0 
║ [885/2322] 440, 0 
║ [886/2322] 441, 0 
║ [887/2322] 439, 0 
║ [888/2322] 439, 0 
║ [889/2322] 440, 0 
║ [890/2322] 441, 0 
║ [891/2322] 442, 0 
║ [892/2322] 442, 0 
║ [893/2322] 443, 0 
║ [894/2322] 443, 0 
║ [895/2322] 443, 0 
║ [896/2322] 441, 0 
║ [897/2322] 442, 0 
║ [898/2322] 443, 0 
║ [899/2322] 441, 0 
║ [900/2322] 441, 0 
║ [901/2322] 442, 0 
║ [902/2322] 442, 0 
║ [903/2322] 443, 0 
║ [904/2322] 443, 0 
║ [905/2322] 444, 0 
║ [906/2322] 442, 0 
║ [907/2322] 442, 0 
║ [908/2322] 443, 0 
║ [909/2322] 443, 0 
║ [910/2322] 443, 0 
║ [911/2322] 443, 0 
║ [912/2322] 444, 0 
║ [913/2322] 445, 0 
║ [914/2322] 443, 0 
║ [915/2322] 444, 0 
║ [916/2322] 445, 0 
║ [917/2322] 443, 0 
║ [918/2322] 444, 0 
║ [919/2322] 445, 0 
║ [920/2322] 443, 0 
║ [921/2322] 443, 0 
║ [922/2322] 444, 0 
║ [923/2322] 444, 0 
║ [924/2322] 445, 0 
║ [925/2322] 446, 0 
║ [926/2322] 447, 0 
║ [927/2322] 445, 0 
║ [928/2322] 446, 0 
║ [929/2322] 447, 0 
║ [930/2322] 445, 0 
║ [931/2322] 446, 0 
║ [932/2322] 444, 0 
║ [933/2322] 444, 0 
║ [934/2322] 445, 0 
║ [935/2322] 445, 0 
║ [936/2322] 446, 0 
║ [937/2322] 444, 0 
║ [938/2322] 445, 0 
║ [939/2322] 445, 0 
║ [940/2322] 446, 0 
║ [941/2322] 446, 0 
║ [942/2322] 444, 0 
║ [943/2322] 445, 0 
║ [944/2322] 446, 0 
║ [945/2322] 446, 0 
║ [946/2322] 446, 0 
║ [947/2322] 447, 0 
║ [948/2322] 447, 0 
║ [949/2322] 448, 0 
║ [950/2322] 446, 0 
║ [951/2322] 447, 0 
║ [952/2322] 447, 0 
║ [953/2322] 447, 0 
║ [954/2322] 448, 0 
║ [955/2322] 448, 0 
║ [956/2322] 449, 0 
║ [957/2322] 449, 0 
║ [958/2322] 449, 0 
║ [959/2322] 449, 0 
║ [960/2322] 449, 0 
║ [961/2322] 450, 0 
║ [962/2322] 448, 0 
║ [963/2322] 447, 0 
║ [964/2322] 448, 0 
║ [965/2322] 448, 0 
║ [966/2322] 448, 0 
║ [967/2322] 449, 0 
║ [968/2322] 450, 0 
║ [969/2322] 451, 0 
║ [970/2322] 449, 0 
║ [971/2322] 450, 0 
║ [972/2322] 450, 0 
║ [973/2322] 451, 0 
║ [974/2322] 452, 0 
║ [975/2322] 452, 0 
║ [976/2322] 453, 0 
║ [977/2322] 453, 0 
║ [978/2322] 453, 0 
║ [979/2322] 453, 0 
║ [980/2322] 453, 0 
║ [981/2322] 454, 0 
║ [982/2322] 454, 0 
║ [983/2322] 455, 0 
║ [984/2322] 455, 0 
║ [985/2322] 453, 0 
║ [986/2322] 453, 0 
║ [987/2322] 454, 0 
║ [988/2322] 454, 0 
║ [989/2322] 452, 0 
║ [990/2322] 453, 0 
║ [991/2322] 452, 0 
║ [992/2322] 453, 0 
║ [993/2322] 453, 0 
║ [994/2322] 451, 0 
║ [995/2322] 452, 0 
║ [996/2322] 451, 0 
║ [997/2322] 451, 0 
║ [998/2322] 451, 0 
║ [999/2322] 452, 0 
║ [1000/2322] 452, 0 
║ [1001/2322] 450, 0 
║ [1002/2322] 451, 0 
║ [1003/2322] 450, 0 
║ [1004/2322] 450, 0 
║ [1005/2322] 450, 0 
║ [1006/2322] 451, 0 
║ [1007/2322] 452, 0 
║ [1008/2322] 450, 0 
║ [1009/2322] 451, 0 
║ [1010/2322] 451, 0 
║ [1011/2322] 449, 0 
║ [1012/2322] 450, 0 
║ [1013/2322] 449, 0 
║ [1014/2322] 449, 0 
║ [1015/2322] 449, 0 
║ [1016/2322] 450, 0 
║ [1017/2322] 450, 0 
║ [1018/2322] 448, 0 
║ [1019/2322] 448, 0 
║ [1020/2322] 448, 0 
║ [1021/2322] 449, 0 
║ [1022/2322] 450, 0 
║ [1023/2322] 448, 0 
║ [1024/2322] 449, 0 
║ [1025/2322] 448, 0 
║ [1026/2322] 449, 0 
║ [1027/2322] 449, 0 
║ [1028/2322] 447, 0 
║ [1029/2322] 448, 0 
║ [1030/2322] 447, 0 
║ [1031/2322] 448, 0 
║ [1032/2322] 448, 0 
║ [1033/2322] 449, 0 
║ [1034/2322] 450, 0 
║ [1035/2322] 450, 0 
║ [1036/2322] 450, 0 
║ [1037/2322] 450, 0 
║ [1038/2322] 450, 0 
║ [1039/2322] 451, 0 
║ [1040/2322] 449, 0 
║ [1041/2322] 449, 0 
║ [1042/2322] 447, 0 
║ [1043/2322] 445, 0 
║ [1044/2322] 445, 0 
║ [1045/2322] 446, 0 
║ [1046/2322] 445, 0 
║ [1047/2322] 445, 0 
║ [1048/2322] 445, 0 
║ [1049/2322] 446, 0 
║ [1050/2322] 446, 0 
║ [1051/2322] 447, 0 
║ [1052/2322] 448, 0 
║ [1053/2322] 447, 0 
║ [1054/2322] 448, 0 
║ [1055/2322] 448, 0 
║ [1056/2322] 449, 0 
║ [1057/2322] 449, 0 
║ [1058/2322] 449, 0 
║ [1059/2322] 449, 0 
║ [1060/2322] 450, 0 
║ [1061/2322] 449, 0 
║ [1062/2322] 449, 0 
║ [1063/2322] 448, 0 
║ [1064/2322] 448, 0 
║ [1065/2322] 447, 0 
║ [1066/2322] 447, 0 
║ [1067/2322] 447, 0 
║ [1068/2322] 448, 0 
║ [1069/2322] 447, 0 
║ [1070/2322] 447, 0 
║ [1071/2322] 447, 0 
║ [1072/2322] 448, 0 
║ [1073/2322] 447, 0 
║ [1074/2322] 448, 0 
║ [1075/2322] 448, 0 
║ [1076/2322] 449, 0 
║ [1077/2322] 449, 0 
║ [1078/2322] 450, 0 
║ [1079/2322] 450, 0 
║ [1080/2322] 450, 0 
║ [1081/2322] 451, 0 
║ [1082/2322] 452, 0 
║ [1083/2322] 450, 0 
║ [1084/2322] 450, 0 
║ [1085/2322] 449, 0 
║ [1086/2322] 449, 0 
║ [1087/2322] 447, 0 
║ [1088/2322] 448, 0 
║ [1089/2322] 448, 0 
║ [1090/2322] 449, 0 
║ [1091/2322] 450, 0 
║ [1092/2322] 450, 0 
║ [1093/2322] 451, 0 
║ [1094/2322] 452, 0 
║ [1095/2322] 452, 0 
║ [1096/2322] 452, 0 
║ [1097/2322] 453, 0 
║ [1098/2322] 453, 0 
║ [1099/2322] 454, 0 
║ [1100/2322] 455, 0 
║ [1101/2322] 455, 0 
║ [1102/2322] 455, 0 
║ [1103/2322] 456, 0 
║ [1104/2322] 455, 0 
║ [1105/2322] 456, 0 
║ [1106/2322] 456, 0 
║ [1107/2322] 457, 0 
║ [1108/2322] 458, 0 
║ [1109/2322] 457, 0 
║ [1110/2322] 457, 0 
║ [1111/2322] 455, 0 
║ [1112/2322] 453, 0 
║ [1113/2322] 454, 0 
║ [1114/2322] 455, 0 
║ [1115/2322] 453, 0 
║ [1116/2322] 454, 0 
║ [1117/2322] 454, 0 
║ [1118/2322] 454, 0 
║ [1119/2322] 455, 0 
║ [1120/2322] 455, 0 
║ [1121/2322] 456, 0 
║ [1122/2322] 457, 0 
║ [1123/2322] 457, 0 
║ [1124/2322] 458, 0 
║ [1125/2322] 459, 0 
║ [1126/2322] 459, 0 
║ [1127/2322] 459, 0 
║ [1128/2322] 460, 0 
║ [1129/2322] 461, 0 
║ [1130/2322] 459, 0 
║ [1131/2322] 460, 0 
║ [1132/2322] 460, 0 
║ [1133/2322] 461, 0 
║ [1134/2322] 460, 0 
║ [1135/2322] 461, 0 
║ [1136/2322] 461, 0 
║ [1137/2322] 461, 0 
║ [1138/2322] 461, 0 
║ [1139/2322] 461, 0 
║ [1140/2322] 459, 0 
║ [1141/2322] 457, 0 
║ [1142/2322] 457, 0 
║ [1143/2322] 455, 0 
║ [1144/2322] 456, 0 
║ [1145/2322] 456, 0 
║ [1146/2322] 457, 0 
║ [1147/2322] 457, 0 
║ [1148/2322] 458, 0 
║ [1149/2322] 459, 0 
║ [1150/2322] 458, 0 
║ [1151/2322] 458, 0 
║ [1152/2322] 459, 0 
║ [1153/2322] 458, 0 
║ [1154/2322] 459, 0 
║ [1155/2322] 459, 0 
║ [1156/2322] 460, 0 
║ [1157/2322] 458, 0 
║ [1158/2322] 458, 0 
║ [1159/2322] 458, 0 
║ [1160/2322] 458, 0 
║ [1161/2322] 458, 0 
║ [1162/2322] 458, 0 
║ [1163/2322] 459, 0 
║ [1164/2322] 460, 0 
║ [1165/2322] 461, 0 
║ [1166/2322] 459, 0 
║ [1167/2322] 460, 0 
║ [1168/2322] 460, 0 
║ [1169/2322] 461, 0 
║ [1170/2322] 462, 0 
║ [1171/2322] 460, 0 
║ [1172/2322] 461, 0 
║ [1173/2322] 462, 0 
║ [1174/2322] 460, 0 
║ [1175/2322] 461, 0 
║ [1176/2322] 461, 0 
║ [1177/2322] 462, 0 
║ [1178/2322] 462, 0 
║ [1179/2322] 462, 0 
║ [1180/2322] 462, 0 
║ [1181/2322] 463, 0 
║ [1182/2322] 461, 0 
║ [1183/2322] 461, 0 
║ [1184/2322] 462, 0 
║ [1185/2322] 463, 0 
║ [1186/2322] 463, 0 
║ [1187/2322] 464, 0 
║ [1188/2322] 465, 0 
║ [1189/2322] 466, 0 
║ [1190/2322] 464, 0 
║ [1191/2322] 465, 0 
║ [1192/2322] 463, 0 
║ [1193/2322] 463, 0 
║ [1194/2322] 463, 0 
║ [1195/2322] 464, 0 
║ [1196/2322] 463, 0 
║ [1197/2322] 464, 0 
║ [1198/2322] 465, 0 
║ [1199/2322] 463, 0 
║ [1200/2322] 464, 0 
║ [1201/2322] 464, 0 
║ [1202/2322] 465, 0 
║ [1203/2322] 466, 0 
║ [1204/2322] 464, 0 
║ [1205/2322] 464, 0 
║ [1206/2322] 465, 0 
║ [1207/2322] 465, 0 
║ [1208/2322] 466, 0 
║ [1209/2322] 464, 0 
║ [1210/2322] 464, 0 
║ [1211/2322] 464, 0 
║ [1212/2322] 465, 0 
║ [1213/2322] 464, 0 
║ [1214/2322] 465, 0 
║ [1215/2322] 466, 0 
║ [1216/2322] 467, 0 
║ [1217/2322] 465, 0 
║ [1218/2322] 466, 0 
║ [1219/2322] 467, 0 
║ [1220/2322] 465, 0 
║ [1221/2322] 465, 0 
║ [1222/2322] 465, 0 
║ [1223/2322] 465, 0 
║ [1224/2322] 466, 0 
║ [1225/2322] 466, 0 
║ [1226/2322] 467, 0 
║ [1227/2322] 468, 0 
║ [1228/2322] 468, 0 
║ [1229/2322] 468, 0 
║ [1230/2322] 469, 0 
║ [1231/2322] 469, 0 
║ [1232/2322] 470, 0 
║ [1233/2322] 471, 0 
║ [1234/2322] 472, 0 
║ [1235/2322] 473, 0 
║ [1236/2322] 474, 0 
║ [1237/2322] 472, 0 
║ [1238/2322] 472, 0 
║ [1239/2322] 470, 0 
║ [1240/2322] 468, 0 
║ [1241/2322] 469, 0 
║ [1242/2322] 469, 0 
║ [1243/2322] 470, 0 
║ [1244/2322] 471, 0 
║ [1245/2322] 469, 0 
║ [1246/2322] 470, 0 
║ [1247/2322] 470, 0 
║ [1248/2322] 471, 0 
║ [1249/2322] 471, 0 
║ [1250/2322] 471, 0 
║ [1251/2322] 472, 0 
║ [1252/2322] 472, 0 
║ [1253/2322] 472, 0 
║ [1254/2322] 473, 0 
║ [1255/2322] 473, 0 
║ [1256/2322] 473, 0 
║ [1257/2322] 474, 0 
║ [1258/2322] 474, 0 
║ [1259/2322] 474, 0 
║ [1260/2322] 475, 0 
║ [1261/2322] 475, 0 
║ [1262/2322] 475, 0 
║ [1263/2322] 476, 0 
║ [1264/2322] 476, 0 
║ [1265/2322] 476, 0 
║ [1266/2322] 477, 0 
║ [1267/2322] 477, 0 
║ [1268/2322] 478, 0 
║ [1269/2322] 478, 0 
║ [1270/2322] 479, 0 
║ [1271/2322] 480, 0 
║ [1272/2322] 478, 0 
║ [1273/2322] 478, 0 
║ [1274/2322] 479, 0 
║ [1275/2322] 478, 0 
║ [1276/2322] 479, 0 
║ [1277/2322] 480, 0 
║ [1278/2322] 478, 0 
║ [1279/2322] 479, 0 
║ [1280/2322] 479, 0 
║ [1281/2322] 479, 0 
║ [1282/2322] 479, 0 
║ [1283/2322] 480, 0 
║ [1284/2322] 479, 0 
║ [1285/2322] 480, 0 
║ [1286/2322] 481, 0 
║ [1287/2322] 479, 0 
║ [1288/2322] 480, 0 
║ [1289/2322] 481, 0 
║ [1290/2322] 479, 0 
║ [1291/2322] 480, 0 
║ [1292/2322] 480, 0 
║ [1293/2322] 481, 0 
║ [1294/2322] 481, 0 
║ [1295/2322] 481, 0 
║ [1296/2322] 482, 0 
║ [1297/2322] 482, 0 
║ [1298/2322] 482, 0 
║ [1299/2322] 482, 0 
║ [1300/2322] 482, 0 
║ [1301/2322] 483, 0 
║ [1302/2322] 484, 0 
║ [1303/2322] 482, 0 
║ [1304/2322] 483, 0 
║ [1305/2322] 481, 0 
║ [1306/2322] 481, 0 
║ [1307/2322] 482, 0 
║ [1308/2322] 481, 0 
║ [1309/2322] 482, 0 
║ [1310/2322] 481, 0 
║ [1311/2322] 481, 0 
║ [1312/2322] 482, 0 
║ [1313/2322] 482, 0 
║ [1314/2322] 482, 0 
║ [1315/2322] 483, 0 
║ [1316/2322] 481, 0 
║ [1317/2322] 481, 0 
║ [1318/2322] 481, 0 
║ [1319/2322] 482, 0 
║ [1320/2322] 482, 0 
║ [1321/2322] 483, 0 
║ [1322/2322] 483, 0 
║ [1323/2322] 484, 0 
║ [1324/2322] 485, 0 
║ [1325/2322] 485, 0 
║ [1326/2322] 486, 0 
║ [1327/2322] 487, 0 
║ [1328/2322] 488, 0 
║ [1329/2322] 489, 0 
║ [1330/2322] 487, 0 
║ [1331/2322] 487, 0 
║ [1332/2322] 490, 0 
║ [1333/2322] 491, 0 
║ [1334/2322] 492, 0 
║ [1335/2322] 490, 0 
║ [1336/2322] 491, 0 
║ [1337/2322] 490, 0 
║ [1338/2322] 491, 0 
║ [1339/2322] 489, 0 
║ [1340/2322] 489, 0 
║ [1341/2322] 489, 0 
║ [1342/2322] 489, 0 
║ [1343/2322] 489, 0 
║ [1344/2322] 490, 0 
║ [1345/2322] 488, 0 
║ [1346/2322] 487, 0 
║ [1347/2322] 488, 0 
║ [1348/2322] 489, 0 
║ [1349/2322] 490, 0 
║ [1350/2322] 491, 0 
║ [1351/2322] 489, 0 
║ [1352/2322] 490, 0 
║ [1353/2322] 491, 0 
║ [1354/2322] 489, 0 
║ [1355/2322] 487, 0 
║ [1356/2322] 488, 0 
║ [1357/2322] 489, 0 
║ [1358/2322] 487, 0 
║ [1359/2322] 488, 0 
║ [1360/2322] 489, 0 
║ [1361/2322] 490, 0 
║ [1362/2322] 491, 0 
║ [1363/2322] 489, 0 
║ [1364/2322] 490, 0 
║ [1365/2322] 490, 0 
║ [1366/2322] 490, 0 
║ [1367/2322] 491, 0 
║ [1368/2322] 491, 0 
║ [1369/2322] 489, 0 
║ [1370/2322] 490, 0 
║ [1371/2322] 490, 0 
║ [1372/2322] 491, 0 
║ [1373/2322] 492, 0 
║ [1374/2322] 490, 0 
║ [1375/2322] 491, 0 
║ [1376/2322] 491, 0 
║ [1377/2322] 492, 0 
║ [1378/2322] 493, 0 
║ [1379/2322] 494, 0 
║ [1380/2322] 494, 0 
║ [1381/2322] 494, 0 
║ [1382/2322] 495, 0 
║ [1383/2322] 495, 0 
║ [1384/2322] 495, 0 
║ [1385/2322] 495, 0 
║ [1386/2322] 493, 0 
║ [1387/2322] 493, 0 
║ [1388/2322] 493, 0 
║ [1389/2322] 493, 0 
║ [1390/2322] 496, 0 
║ [1391/2322] 497, 0 
║ [1392/2322] 497, 0 
║ [1393/2322] 498, 0 
║ [1394/2322] 498, 0 
║ [1395/2322] 499, 0 
║ [1396/2322] 499, 0 
║ [1397/2322] 499, 0 
║ [1398/2322] 500, 0 
║ [1399/2322] 500, 0 
║ [1400/2322] 500, 0 
║ [1401/2322] 500, 0 
║ [1402/2322] 500, 0 
║ [1403/2322] 500, 0 
║ [1404/2322] 501, 0 
║ [1405/2322] 502, 0 
║ [1406/2322] 502, 0 
║ [1407/2322] 500, 0 
║ [1408/2322] 501, 0 
║ [1409/2322] 502, 0 
║ [1410/2322] 503, 0 
║ [1411/2322] 503, 0 
║ [1412/2322] 501, 0 
║ [1413/2322] 502, 0 
║ [1414/2322] 503, 0 
║ [1415/2322] 501, 0 
║ [1416/2322] 502, 0 
║ [1417/2322] 502, 0 
║ [1418/2322] 503, 0 
║ [1419/2322] 503, 0 
║ [1420/2322] 504, 0 
║ [1421/2322] 505, 0 
║ [1422/2322] 503, 0 
║ [1423/2322] 504, 0 
║ [1424/2322] 504, 0 
║ [1425/2322] 504, 0 
║ [1426/2322] 505, 0 
║ [1427/2322] 505, 0 
║ [1428/2322] 506, 0 
║ [1429/2322] 506, 0 
║ [1430/2322] 507, 0 
║ [1431/2322] 508, 0 
║ [1432/2322] 506, 0 
║ [1433/2322] 507, 0 
║ [1434/2322] 505, 0 
║ [1435/2322] 505, 0 
║ [1436/2322] 506, 0 
║ [1437/2322] 506, 0 
║ [1438/2322] 506, 0 
║ [1439/2322] 506, 0 
║ [1440/2322] 506, 0 
║ [1441/2322] 507, 0 
║ [1442/2322] 507, 0 
║ [1443/2322] 508, 0 
║ [1444/2322] 509, 0 
║ [1445/2322] 510, 0 
║ [1446/2322] 510, 0 
║ [1447/2322] 513, 0 
║ [1448/2322] 511, 0 
║ [1449/2322] 511, 0 
║ [1450/2322] 512, 0 
║ [1451/2322] 512, 0 
║ [1452/2322] 513, 0 
║ [1453/2322] 513, 0 
║ [1454/2322] 514, 0 
║ [1455/2322] 514, 0 
║ [1456/2322] 514, 0 
║ [1457/2322] 515, 0 
║ [1458/2322] 516, 0 
║ [1459/2322] 514, 0 
║ [1460/2322] 513, 0 
║ [1461/2322] 514, 0 
║ [1462/2322] 515, 0 
║ [1463/2322] 513, 0 
║ [1464/2322] 513, 0 
║ [1465/2322] 514, 0 
║ [1466/2322] 515, 0 
║ [1467/2322] 513, 0 
║ [1468/2322] 514, 0 
║ [1469/2322] 514, 0 
║ [1470/2322] 515, 0 
║ [1471/2322] 515, 0 
║ [1472/2322] 516, 0 
║ [1473/2322] 515, 0 
║ [1474/2322] 516, 0 
║ [1475/2322] 514, 0 
║ [1476/2322] 514, 0 
║ [1477/2322] 514, 0 
║ [1478/2322] 514, 0 
║ [1479/2322] 513, 0 
║ [1480/2322] 513, 0 
║ [1481/2322] 514, 0 
║ [1482/2322] 514, 0 
║ [1483/2322] 515, 0 
║ [1484/2322] 516, 0 
║ [1485/2322] 517, 0 
║ [1486/2322] 518, 0 
║ [1487/2322] 518, 0 
║ [1488/2322] 516, 0 
║ [1489/2322] 514, 0 
║ [1490/2322] 515, 0 
║ [1491/2322] 514, 0 
║ [1492/2322] 515, 0 
║ [1493/2322] 515, 0 
║ [1494/2322] 516, 0 
║ [1495/2322] 516, 0 
║ [1496/2322] 517, 0 
║ [1497/2322] 517, 0 
║ [1498/2322] 518, 0 
║ [1499/2322] 518, 0 
║ [1500/2322] 518, 0 
║ [1501/2322] 516, 0 
║ [1502/2322] 514, 0 
║ [1503/2322] 514, 0 
║ [1504/2322] 514, 0 
║ [1505/2322] 514, 0 
║ [1506/2322] 515, 0 
║ [1507/2322] 513, 0 
║ [1508/2322] 513, 0 
║ [1509/2322] 513, 0 
║ [1510/2322] 514, 0 
║ [1511/2322] 515, 0 
║ [1512/2322] 513, 0 
║ [1513/2322] 514, 0 
║ [1514/2322] 514, 0 
║ [1515/2322] 515, 0 
║ [1516/2322] 516, 0 
║ [1517/2322] 516, 0 
║ [1518/2322] 517, 0 
║ [1519/2322] 518, 0 
║ [1520/2322] 516, 0 
║ [1521/2322] 517, 0 
║ [1522/2322] 516, 0 
║ [1523/2322] 517, 0 
║ [1524/2322] 515, 0 
║ [1525/2322] 515, 0 
║ [1526/2322] 515, 0 
║ [1527/2322] 516, 0 
║ [1528/2322] 516, 0 
║ [1529/2322] 517, 0 
║ [1530/2322] 518, 0 
║ [1531/2322] 516, 0 
║ [1532/2322] 516, 0 
║ [1533/2322] 517, 0 
║ [1534/2322] 517, 0 
║ [1535/2322] 517, 0 
║ [1536/2322] 517, 0 
║ [1537/2322] 518, 0 
║ [1538/2322] 519, 0 
║ [1539/2322] 517, 0 
║ [1540/2322] 518, 0 
║ [1541/2322] 519, 0 
║ [1542/2322] 517, 0 
║ [1543/2322] 518, 0 
║ [1544/2322] 518, 0 
║ [1545/2322] 519, 0 
║ [1546/2322] 518, 0 
║ [1547/2322] 518, 0 
║ [1548/2322] 519, 0 
║ [1549/2322] 518, 0 
║ [1550/2322] 519, 0 
║ [1551/2322] 519, 0 
║ [1552/2322] 519, 0 
║ [1553/2322] 520, 0 
║ [1554/2322] 520, 0 
║ [1555/2322] 520, 0 
║ [1556/2322] 520, 0 
║ [1557/2322] 520, 0 
║ [1558/2322] 521, 0 
║ [1559/2322] 521, 0 
║ [1560/2322] 521, 0 
║ [1561/2322] 520, 0 
║ [1562/2322] 521, 0 
║ [1563/2322] 522, 0 
║ [1564/2322] 520, 0 
║ [1565/2322] 520, 0 
║ [1566/2322] 523, 0 
║ [1567/2322] 524, 0 
║ [1568/2322] 523, 0 
║ [1569/2322] 523, 0 
║ [1570/2322] 524, 0 
║ [1571/2322] 525, 0 
║ [1572/2322] 523, 0 
║ [1573/2322] 524, 0 
║ [1574/2322] 524, 0 
║ [1575/2322] 523, 0 
║ [1576/2322] 523, 0 
║ [1577/2322] 524, 0 
║ [1578/2322] 523, 0 
║ [1579/2322] 524, 0 
║ [1580/2322] 525, 0 
║ [1581/2322] 523, 0 
║ [1582/2322] 523, 0 
║ [1583/2322] 524, 0 
║ [1584/2322] 524, 0 
║ [1585/2322] 525, 0 
║ [1586/2322] 526, 0 
║ [1587/2322] 526, 0 
║ [1588/2322] 526, 0 
║ [1589/2322] 527, 0 
║ [1590/2322] 528, 0 
║ [1591/2322] 526, 0 
║ [1592/2322] 526, 0 
║ [1593/2322] 527, 0 
║ [1594/2322] 528, 0 
║ [1595/2322] 526, 0 
║ [1596/2322] 527, 0 
║ [1597/2322] 527, 0 
║ [1598/2322] 528, 0 
║ [1599/2322] 529, 0 
║ [1600/2322] 527, 0 
║ [1601/2322] 528, 0 
║ [1602/2322] 526, 0 
║ [1603/2322] 526, 0 
║ [1604/2322] 526, 0 
║ [1605/2322] 527, 0 
║ [1606/2322] 527, 0 
║ [1607/2322] 528, 0 
║ [1608/2322] 529, 0 
║ [1609/2322] 527, 0 
║ [1610/2322] 528, 0 
║ [1611/2322] 529, 0 
║ [1612/2322] 527, 0 
║ [1613/2322] 528, 0 
║ [1614/2322] 528, 0 
║ [1615/2322] 528, 0 
║ [1616/2322] 529, 0 
║ [1617/2322] 529, 0 
║ [1618/2322] 529, 0 
║ [1619/2322] 529, 0 
║ [1620/2322] 530, 0 
║ [1621/2322] 530, 0 
║ [1622/2322] 530, 0 
║ [1623/2322] 532, 0 
║ [1624/2322] 532, 0 
║ [1625/2322] 532, 0 
║ [1626/2322] 535, 0 
║ [1627/2322] 535, 0 
║ [1628/2322] 538, 0 
║ [1629/2322] 539, 0 
║ [1630/2322] 540, 0 
║ [1631/2322] 538, 0 
║ [1632/2322] 539, 0 
║ [1633/2322] 537, 0 
║ [1634/2322] 537, 0 
║ [1635/2322] 538, 0 
║ [1636/2322] 538, 0 
║ [1637/2322] 539, 0 
║ [1638/2322] 540, 0 
║ [1639/2322] 538, 0 
║ [1640/2322] 539, 0 
║ [1641/2322] 539, 0 
║ [1642/2322] 540, 0 
║ [1643/2322] 541, 0 
║ [1644/2322] 539, 0 
║ [1645/2322] 539, 0 
║ [1646/2322] 540, 0 
║ [1647/2322] 540, 0 
║ [1648/2322] 540, 0 
║ [1649/2322] 538, 0 
║ [1650/2322] 538, 0 
║ [1651/2322] 539, 0 
║ [1652/2322] 539, 0 
║ [1653/2322] 539, 0 
║ [1654/2322] 541, 0 
║ [1655/2322] 541, 0 
║ [1656/2322] 544, 0 
║ [1657/2322] 544, 0 
║ [1658/2322] 547, 0 
║ [1659/2322] 548, 0 
║ [1660/2322] 548, 0 
║ [1661/2322] 549, 0 
║ [1662/2322] 550, 0 
║ [1663/2322] 550, 0 
║ [1664/2322] 550, 0 
║ [1665/2322] 548, 0 
║ [1666/2322] 549, 0 
║ [1667/2322] 550, 0 
║ [1668/2322] 551, 0 
║ [1669/2322] 551, 0 
║ [1670/2322] 552, 0 
║ [1671/2322] 552, 0 
║ [1672/2322] 550, 0 
║ [1673/2322] 550, 0 
║ [1674/2322] 550, 0 
║ [1675/2322] 551, 0 
║ [1676/2322] 551, 0 
║ [1677/2322] 552, 0 
║ [1678/2322] 552, 0 
║ [1679/2322] 552, 0 
║ [1680/2322] 552, 0 
║ [1681/2322] 553, 0 
║ [1682/2322] 553, 0 
║ [1683/2322] 554, 0 
║ [1684/2322] 555, 0 
║ [1685/2322] 553, 0 
║ [1686/2322] 554, 0 
║ [1687/2322] 552, 0 
║ [1688/2322] 552, 0 
║ [1689/2322] 553, 0 
║ [1690/2322] 553, 0 
║ [1691/2322] 553, 0 
║ [1692/2322] 554, 0 
║ [1693/2322] 555, 0 
║ [1694/2322] 555, 0 
║ [1695/2322] 556, 0 
║ [1696/2322] 556, 0 
║ [1697/2322] 554, 0 
║ [1698/2322] 554, 0 
║ [1699/2322] 555, 0 
║ [1700/2322] 555, 0 
║ [1701/2322] 556, 0 
║ [1702/2322] 554, 0 
║ [1703/2322] 554, 0 
║ [1704/2322] 554, 0 
║ [1705/2322] 555, 0 
║ [1706/2322] 556, 0 
║ [1707/2322] 554, 0 
║ [1708/2322] 555, 0 
║ [1709/2322] 556, 0 
║ [1710/2322] 554, 0 
║ [1711/2322] 555, 0 
║ [1712/2322] 555, 0 
║ [1713/2322] 556, 0 
║ [1714/2322] 557, 0 
║ [1715/2322] 558, 0 
║ [1716/2322] 559, 0 
║ [1717/2322] 557, 0 
║ [1718/2322] 558, 0 
║ [1719/2322] 556, 0 
║ [1720/2322] 556, 0 
║ [1721/2322] 556, 0 
║ [1722/2322] 554, 0 
║ [1723/2322] 555, 0 
║ [1724/2322] 555, 0 
║ [1725/2322] 556, 0 
║ [1726/2322] 557, 0 
║ [1727/2322] 555, 0 
║ [1728/2322] 556, 0 
║ [1729/2322] 557, 0 
║ [1730/2322] 555, 0 
║ [1731/2322] 556, 0 
║ [1732/2322] 556, 0 
║ [1733/2322] 557, 0 
║ [1734/2322] 557, 0 
║ [1735/2322] 558, 0 
║ [1736/2322] 558, 0 
║ [1737/2322] 558, 0 
║ [1738/2322] 556, 0 
║ [1739/2322] 556, 0 
║ [1740/2322] 556, 0 
║ [1741/2322] 556, 0 
║ [1742/2322] 559, 0 
║ [1743/2322] 559, 0 
║ [1744/2322] 560, 0 
║ [1745/2322] 560, 0 
║ [1746/2322] 560, 0 
║ [1747/2322] 560, 0 
║ [1748/2322] 561, 0 
║ [1749/2322] 561, 0 
║ [1750/2322] 561, 0 
║ [1751/2322] 564, 0 
║ [1752/2322] 564, 0 
║ [1753/2322] 565, 0 
║ [1754/2322] 564, 0 
║ [1755/2322] 564, 0 
║ [1756/2322] 563, 0 
║ [1757/2322] 564, 0 
║ [1758/2322] 565, 0 
║ [1759/2322] 563, 0 
║ [1760/2322] 564, 0 
║ [1761/2322] 564, 0 
║ [1762/2322] 565, 0 
║ [1763/2322] 565, 0 
║ [1764/2322] 565, 0 
║ [1765/2322] 565, 0 
║ [1766/2322] 566, 0 
║ [1767/2322] 566, 0 
║ [1768/2322] 562, 0 
║ [1769/2322] 565, 0 
║ [1770/2322] 561, 0 
║ [1771/2322] 561, 0 
║ [1772/2322] 562, 0 
║ [1773/2322] 556, 0 
║ [1774/2322] 556, 0 
║ [1775/2322] 550, 0 
║ [1776/2322] 551, 0 
║ [1777/2322] 551, 0 
║ [1778/2322] 545, 0 
║ [1779/2322] 545, 0 
║ [1780/2322] 546, 0 
║ [1781/2322] 546, 0 
║ [1782/2322] 540, 0 
║ [1783/2322] 541, 0 
║ [1784/2322] 542, 0 
║ [1785/2322] 543, 0 
║ [1786/2322] 543, 0 
║ [1787/2322] 537, 0 
║ [1788/2322] 537, 0 
║ [1789/2322] 531, 0 
║ [1790/2322] 531, 0 
║ [1791/2322] 525, 0 
║ [1792/2322] 526, 0 
║ [1793/2322] 524, 0 
║ [1794/2322] 520, 0 
║ [1795/2322] 521, 0 
║ [1796/2322] 519, 0 
║ [1797/2322] 513, 0 
║ [1798/2322] 513, 0 
║ [1799/2322] 508, 0 
║ [1800/2322] 510, 0 
║ [1801/2322] 510, 0 
║ [1802/2322] 510, 0 
║ [1803/2322] 512, 0 
║ [1804/2322] 512, 0 
║ [1805/2322] 512, 0 
║ [1806/2322] 514, 0 
║ [1807/2322] 515, 0 
║ [1808/2322] 515, 0 
║ [1809/2322] 517, 0 
║ [1810/2322] 517, 0 
║ [1811/2322] 517, 0 
║ [1812/2322] 519, 0 
║ [1813/2322] 519, 0 
║ [1814/2322] 519, 0 
║ [1815/2322] 521, 0 
║ [1816/2322] 521, 0 
║ [1817/2322] 521, 0 
║ [1818/2322] 523, 0 
║ [1819/2322] 522, 0 
║ [1820/2322] 524, 0 
║ [1821/2322] 524, 0 
║ [1822/2322] 524, 0 
║ [1823/2322] 526, 0 
║ [1824/2322] 526, 0 
║ [1825/2322] 526, 0 
║ [1826/2322] 528, 0 
║ [1827/2322] 530, 0 
║ [1828/2322] 530, 0 
║ [1829/2322] 532, 0 
║ [1830/2322] 532, 0 
║ [1831/2322] 532, 0 
║ [1832/2322] 534, 0 
║ [1833/2322] 534, 0 
║ [1834/2322] 534, 0 
║ [1835/2322] 536, 0 
║ [1836/2322] 536, 0 
║ [1837/2322] 536, 0 
║ [1838/2322] 538, 0 
║ [1839/2322] 538, 0 
║ [1840/2322] 538, 0 
║ [1841/2322] 540, 0 
║ [1842/2322] 540, 0 
║ [1843/2322] 540, 0 
║ [1844/2322] 542, 0 
║ [1845/2322] 542, 0 
║ [1846/2322] 542, 0 
║ [1847/2322] 540, 0 
║ [1848/2322] 542, 0 
║ [1849/2322] 542, 0 
║ [1850/2322] 542, 0 
║ [1851/2322] 544, 0 
║ [1852/2322] 544, 0 
║ [1853/2322] 544, 0 
║ [1854/2322] 546, 0 
║ [1855/2322] 546, 0 
║ [1856/2322] 546, 0 
║ [1857/2322] 548, 0 
║ [1858/2322] 548, 0 
║ [1859/2322] 548, 0 
║ [1860/2322] 550, 0 
║ [1861/2322] 551, 0 
║ [1862/2322] 553, 0 
║ [1863/2322] 553, 0 
║ [1864/2322] 553, 0 
║ [1865/2322] 555, 0 
║ [1866/2322] 555, 0 
║ [1867/2322] 555, 0 
║ [1868/2322] 557, 0 
║ [1869/2322] 557, 0 
║ [1870/2322] 557, 0 
║ [1871/2322] 559, 0 
║ [1872/2322] 559, 0 
║ [1873/2322] 559, 0 
║ [1874/2322] 561, 0 
║ [1875/2322] 561, 0 
║ [1876/2322] 561, 0 
║ [1877/2322] 563, 0 
║ [1878/2322] 563, 0 
║ [1879/2322] 563, 0 
║ [1880/2322] 565, 0 
║ [1881/2322] 565, 0 
║ [1882/2322] 565, 0 
║ [1883/2322] 567, 0 
║ [1884/2322] 567, 0 
║ [1885/2322] 567, 0 
║ [1886/2322] 569, 0 
║ [1887/2322] 569, 0 
║ [1888/2322] 569, 0 
║ [1889/2322] 567, 0 
║ [1890/2322] 569, 0 
║ [1891/2322] 569, 0 
║ [1892/2322] 569, 0 
║ [1893/2322] 571, 0 
║ [1894/2322] 571, 0 
║ [1895/2322] 571, 0 
║ [1896/2322] 573, 0 
║ [1897/2322] 573, 0 
║ [1898/2322] 573, 0 
║ [1899/2322] 575, 0 
║ [1900/2322] 575, 0 
║ [1901/2322] 575, 0 
║ [1902/2322] 577, 0 
║ [1903/2322] 577, 0 
║ [1904/2322] 577, 0 
║ [1905/2322] 579, 0 
║ [1906/2322] 579, 0 
║ [1907/2322] 579, 0 
║ [1908/2322] 581, 0 
║ [1909/2322] 581, 0 
║ [1910/2322] 581, 0 
║ [1911/2322] 583, 0 
║ [1912/2322] 583, 0 
║ [1913/2322] 583, 0 
║ [1914/2322] 585, 0 
║ [1915/2322] 585, 0 
║ [1916/2322] 585, 0 
║ [1917/2322] 587, 0 
║ [1918/2322] 587, 0 
║ [1919/2322] 586, 0 
║ [1920/2322] 585, 0 
║ [1921/2322] 587, 0 
║ [1922/2322] 587, 0 
║ [1923/2322] 587, 0 
║ [1924/2322] 589, 0 
║ [1925/2322] 589, 0 
║ [1926/2322] 589, 0 
║ [1927/2322] 591, 0 
║ [1928/2322] 591, 0 
║ [1929/2322] 591, 0 
║ [1930/2322] 593, 0 
║ [1931/2322] 593, 0 
║ [1932/2322] 595, 0 
║ [1933/2322] 595, 0 
║ [1934/2322] 595, 0 
║ [1935/2322] 593, 0 
║ [1936/2322] 591, 0 
║ [1937/2322] 589, 0 
║ [1938/2322] 589, 0 
║ [1939/2322] 590, 0 
║ [1940/2322] 588, 0 
║ [1941/2322] 589, 0 
║ [1942/2322] 589, 0 
║ [1943/2322] 590, 0 
║ [1944/2322] 589, 0 
║ [1945/2322] 590, 0 
║ [1946/2322] 591, 0 
║ [1947/2322] 589, 0 
║ [1948/2322] 590, 0 
║ [1949/2322] 590, 0 
║ [1950/2322] 591, 0 
║ [1951/2322] 592, 0 
║ [1952/2322] 590, 0 
║ [1953/2322] 590, 0 
║ [1954/2322] 590, 0 
║ [1955/2322] 590, 0 
║ [1956/2322] 592, 0 
║ [1957/2322] 595, 0 
║ [1958/2322] 596, 0 
║ [1959/2322] 598, 0 
║ [1960/2322] 598, 0 
║ [1961/2322] 598, 0 
║ [1962/2322] 595, 0 
║ [1963/2322] 597, 0 
║ [1964/2322] 597, 0 
║ [1965/2322] 597, 0 
║ [1966/2322] 599, 0 
║ [1967/2322] 599, 0 
║ [1968/2322] 599, 0 
║ [1969/2322] 601, 0 
║ [1970/2322] 601, 0 
║ [1971/2322] 601, 0 
║ [1972/2322] 603, 0 
║ [1973/2322] 603, 0 
║ [1974/2322] 605, 0 
║ [1975/2322] 605, 0 
║ [1976/2322] 605, 0 
║ [1977/2322] 607, 0 
║ [1978/2322] 607, 0 
║ [1979/2322] 607, 0 
║ [1980/2322] 609, 0 
║ [1981/2322] 609, 0 
║ [1982/2322] 609, 0 
║ [1983/2322] 611, 0 
║ [1984/2322] 611, 0 
║ [1985/2322] 611, 0 
║ [1986/2322] 611, 0 
║ [1987/2322] 614, 0 
║ [1988/2322] 616, 0 
║ [1989/2322] 616, 0 
║ [1990/2322] 616, 0 
║ [1991/2322] 618, 0 
║ [1992/2322] 618, 0 
║ [1993/2322] 618, 0 
║ [1994/2322] 620, 0 
║ [1995/2322] 620, 0 
║ [1996/2322] 620, 0 
║ [1997/2322] 622, 0 
║ [1998/2322] 622, 0 
║ [1999/2322] 622, 0 
║ [2000/2322] 624, 0 
║ [2001/2322] 624, 0 
║ [2002/2322] 624, 0 
║ [2003/2322] 626, 0 
║ [2004/2322] 626, 0 
║ [2005/2322] 626, 0 
║ [2006/2322] 628, 0 
║ [2007/2322] 628, 0 
║ [2008/2322] 628, 0 
║ [2009/2322] 630, 0 
║ [2010/2322] 630, 0 
║ [2011/2322] 630, 0 
║ [2012/2322] 632, 0 
║ [2013/2322] 632, 0 
║ [2014/2322] 632, 0 
║ [2015/2322] 634, 0 
║ [2016/2322] 634, 0 
║ [2017/2322] 634, 0 
║ [2018/2322] 635, 0 
║ [2019/2322] 635, 0 
║ [2020/2322] 637, 0 
║ [2021/2322] 637, 0 
║ [2022/2322] 637, 0 
║ [2023/2322] 639, 0 
║ [2024/2322] 639, 0 
║ [2025/2322] 639, 0 
║ [2026/2322] 639, 0 
║ [2027/2322] 641, 0 
║ [2028/2322] 641, 0 
║ [2029/2322] 641, 0 
║ [2030/2322] 643, 0 
║ [2031/2322] 643, 0 
║ [2032/2322] 643, 0 
║ [2033/2322] 645, 0 
║ [2034/2322] 645, 0 
║ [2035/2322] 645, 0 
║ [2036/2322] 647, 0 
║ [2037/2322] 647, 0 
║ [2038/2322] 647, 0 
║ [2039/2322] 649, 0 
║ [2040/2322] 649, 0 
║ [2041/2322] 649, 0 
║ [2042/2322] 651, 0 
║ [2043/2322] 651, 0 
║ [2044/2322] 651, 0 
║ [2045/2322] 653, 0 
║ [2046/2322] 653, 0 
║ [2047/2322] 653, 0 
║ [2048/2322] 655, 0 
║ [2049/2322] 655, 0 
║ [2050/2322] 655, 0 
║ [2051/2322] 657, 0 
║ [2052/2322] 657, 0 
║ [2053/2322] 657, 0 
║ [2054/2322] 659, 0 
║ [2055/2322] 659, 0 
║ [2056/2322] 659, 0 
║ [2057/2322] 661, 0 
║ [2058/2322] 661, 0 
║ [2059/2322] 661, 0 
║ [2060/2322] 663, 0 
║ [2061/2322] 663, 0 
║ [2062/2322] 663, 0 
║ [2063/2322] 665, 0 
║ [2064/2322] 665, 0 
║ [2065/2322] 665, 0 
║ [2066/2322] 667, 0 
║ [2067/2322] 667, 0 
║ [2068/2322] 667, 0 
║ [2069/2322] 669, 0 
║ [2070/2322] 669, 0 
║ [2071/2322] 669, 0 
║ [2072/2322] 671, 0 
║ [2073/2322] 671, 0 
║ [2074/2322] 671, 0 
║ [2075/2322] 673, 0 
║ [2076/2322] 673, 0 
║ [2077/2322] 673, 0 
║ [2078/2322] 675, 0 
║ [2079/2322] 675, 0 
║ [2080/2322] 675, 0 
║ [2081/2322] 677, 0 
║ [2082/2322] 677, 0 
║ [2083/2322] 677, 0 
║ [2084/2322] 679, 0 
║ [2085/2322] 679, 0 
║ [2086/2322] 679, 0 
║ [2087/2322] 681, 0 
║ [2088/2322] 681, 0 
║ [2089/2322] 681, 0 
║ [2090/2322] 683, 0 
║ [2091/2322] 683, 0 
║ [2092/2322] 683, 0 
║ [2093/2322] 685, 0 
║ [2094/2322] 685, 0 
║ [2095/2322] 685, 0 
║ [2096/2322] 687, 0 
║ [2097/2322] 687, 0 
║ [2098/2322] 687, 0 
║ [2099/2322] 689, 0 
║ [2100/2322] 689, 0 
║ [2101/2322] 689, 0 
║ [2102/2322] 691, 0 
║ [2103/2322] 691, 0 
║ [2104/2322] 691, 0 
║ [2105/2322] 693, 0 
║ [2106/2322] 693, 0 
║ [2107/2322] 693, 0 
║ [2108/2322] 695, 0 
║ [2109/2322] 695, 0 
║ [2110/2322] 695, 0 
║ [2111/2322] 697, 0 
║ [2112/2322] 697, 0 
║ [2113/2322] 697, 0 
║ [2114/2322] 699, 0 
║ [2115/2322] 699, 0 
║ [2116/2322] 699, 0 
║ [2117/2322] 701, 0 
║ [2118/2322] 701, 0 
║ [2119/2322] 701, 0 
║ [2120/2322] 701, 0 
║ [2121/2322] 703, 0 
║ [2122/2322] 703, 0 
║ [2123/2322] 703, 0 
║ [2124/2322] 708, 0 
║ [2125/2322] 711, 0 
║ [2126/2322] 711, 0 
║ [2127/2322] 716, 0 
║ [2128/2322] 716, 0 
║ [2129/2322] 719, 0 
║ [2130/2322] 726, 0 
║ [2131/2322] 726, 0 
║ [2132/2322] 718, 0 
║ [2133/2322] 719, 0 
║ [2134/2322] 720, 0 
║ [2135/2322] 723, 0 
║ [2136/2322] 723, 0 
║ [2137/2322] 723, 0 
║ [2138/2322] 706, 0 
║ [2139/2322] 697, 0 
║ [2140/2322] 698, 0 
║ [2141/2322] 697, 0 
║ [2142/2322] 698, 0 
║ [2143/2322] 696, 0 
║ [2144/2322] 695, 0 
║ [2145/2322] 695, 0 
║ [2146/2322] 694, 0 
║ [2147/2322] 694, 0 
║ [2148/2322] 695, 0 
║ [2149/2322] 696, 0 
║ [2150/2322] 697, 0 
║ [2151/2322] 698, 0 
║ [2152/2322] 696, 0 
║ [2153/2322] 694, 0 
║ [2154/2322] 694, 0 
║ [2155/2322] 695, 0 
║ [2156/2322] 696, 0 
║ [2157/2322] 696, 0 
║ [2158/2322] 697, 0 
║ [2159/2322] 697, 0 
║ [2160/2322] 698, 0 
║ [2161/2322] 698, 0 
║ [2162/2322] 700, 0 
║ [2163/2322] 700, 0 
║ [2164/2322] 699, 0 
║ [2165/2322] 699, 0 
║ [2166/2322] 699, 0 
║ [2167/2322] 699, 0 
║ [2168/2322] 701, 0 
║ [2169/2322] 701, 0 
║ [2170/2322] 701, 0 
║ [2171/2322] 702, 0 
║ [2172/2322] 702, 0 
║ [2173/2322] 702, 0 
║ [2174/2322] 703, 0 
║ [2175/2322] 703, 0 
║ [2176/2322] 703, 0 
║ [2177/2322] 687, 0 
║ [2178/2322] 688, 0 
║ [2179/2322] 688, 0 
║ [2180/2322] 689, 0 
║ [2181/2322] 690, 0 
║ [2182/2322] 690, 0 
║ [2183/2322] 688, 0 
║ [2184/2322] 688, 0 
║ [2185/2322] 689, 0 
║ [2186/2322] 690, 0 
║ [2187/2322] 690, 0 
║ [2188/2322] 692, 0 
║ [2189/2322] 692, 0 
║ [2190/2322] 692, 0 
║ [2191/2322] 691, 0 
║ [2192/2322] 693, 0 
║ [2193/2322] 693, 0 
║ [2194/2322] 693, 0 
║ [2195/2322] 695, 0 
║ [2196/2322] 695, 0 
║ [2197/2322] 695, 0 
║ [2198/2322] 690, 0 
║ [2199/2322] 691, 0 
║ [2200/2322] 690, 0 
║ [2201/2322] 689, 0 
║ [2202/2322] 690, 0 
║ [2203/2322] 689, 0 
║ [2204/2322] 689, 0 
║ [2205/2322] 687, 0 
║ [2206/2322] 688, 0 
║ [2207/2322] 687, 0 
║ [2208/2322] 687, 0 
║ [2209/2322] 688, 0 
║ [2210/2322] 688, 0 
║ [2211/2322] 689, 0 
║ [2212/2322] 690, 0 
║ [2213/2322] 688, 0 
║ [2214/2322] 688, 0 
║ [2215/2322] 689, 0 
║ [2216/2322] 689, 0 
║ [2217/2322] 689, 0 
║ [2218/2322] 691, 0 
║ [2219/2322] 691, 0 
║ [2220/2322] 694, 0 
║ [2221/2322] 694, 0 
║ [2222/2322] 694, 0 
║ [2223/2322] 695, 0 
║ [2224/2322] 695, 0 
║ [2225/2322] 696, 0 
║ [2226/2322] 697, 0 
║ [2227/2322] 696, 0 
║ [2228/2322] 696, 0 
║ [2229/2322] 693, 0 
║ [2230/2322] 690, 0 
║ [2231/2322] 687, 0 
║ [2232/2322] 687, 0 
║ [2233/2322] 682, 0 
║ [2234/2322] 684, 0 
║ [2235/2322] 684, 0 
║ [2236/2322] 684, 0 
║ [2237/2322] 685, 0 
║ [2238/2322] 685, 0 
║ [2239/2322] 685, 0 
║ [2240/2322] 685, 0 
║ [2241/2322] 686, 0 
║ [2242/2322] 685, 0 
║ [2243/2322] 683, 0 
║ [2244/2322] 684, 0 
║ [2245/2322] 684, 0 
║ [2246/2322] 684, 0 
║ [2247/2322] 686, 0 
║ [2248/2322] 686, 0 
║ [2249/2322] 686, 0 
║ [2250/2322] 687, 0 
║ [2251/2322] 687, 0 
║ [2252/2322] 687, 0 
║ [2253/2322] 689, 0 
║ [2254/2322] 689, 0 
║ [2255/2322] 689, 0 
║ [2256/2322] 689, 0 
║ [2257/2322] 690, 0 
║ [2258/2322] 689, 0 
║ [2259/2322] 689, 0 
║ [2260/2322] 689, 0 
║ [2261/2322] 690, 0 
║ [2262/2322] 691, 0 
║ [2263/2322] 690, 0 
║ [2264/2322] 689, 0 
║ [2265/2322] 690, 0 
║ [2266/2322] 690, 0 
║ [2267/2322] 690, 0 
║ [2268/2322] 690, 0 
║ [2269/2322] 689, 0 
║ [2270/2322] 688, 0 
║ [2271/2322] 690, 0 
║ [2272/2322] 690, 0 
║ [2273/2322] 690, 0 
║ [2274/2322] 692, 0 
║ [2275/2322] 692, 0 
║ [2276/2322] 692, 0 
║ [2277/2322] 694, 0 
║ [2278/2322] 694, 0 
║ [2279/2322] 694, 0 
║ [2280/2322] 709, 0 
║ [2281/2322] 694, 0 
║ [2282/2322] 709, 0 
║ [2283/2322] 724, 0 
║ [2284/2322] 709, 0 
║ [2285/2322] 724, 0 
║ [2286/2322] 739, 0 
║ [2287/2322] 724, 0 
║ [2288/2322] 739, 0 
║ [2289/2322] 754, 0 
║ [2290/2322] 724, 0 
║ [2291/2322] 739, 0 
║ [2292/2322] 754, 0 
║ [2293/2322] 739, 0 
║ [2294/2322] 754, 0 
║ [2295/2322] 769, 0 
║ [2296/2322] 754, 0 
║ [2297/2322] 769, 0 
║ [2298/2322] 767, 0 
║ [2299/2322] 767, 0 
║ [2300/2322] 799, 0 
║ [2301/2322] 815, 0 
║ [2302/2322] 767, 0 
║ [2303/2322] 735, 0 
║ [2304/2322] 735, 0 
║ [2305/2322] 686, 0 
║ [2306/2322] 684, 0 
║ [2307/2322] 684, 0 
║ [2308/2322] 682, 0 
║ [2309/2322] 682, 0 
║ [2310/2322] 680, 0 
║ [2311/2322] 680, 0 
║ [2312/2322] 678, 0 
║ [2313/2322] 678, 0 
║ [2314/2322] 633, 0 
║ [2315/2322] 630, 0 
║ [2316/2322] 550, 0 
║ [2317/2322] 440, 0 
║ [2318/2322] 330, 0 
║ [2319/2322] 220, 0 
║ [2320/2322] 110, 0 
║ [2321/2322] 0, 0 
╚═ Result: Correct
╔═ Final Report
║ Trace compiled on: Apr 13 2026 at 16:17:30 (release build)
║ 
╠═ Program modes
║ Circuit mode: mul
║ Traversal method: dyn
║ Debug mode: Y
║ 
╠═ General Information
║ Circuit path: /data/netlists/MAIN/A_mul_u_w16__booth.aig
║ Maximum polynomial : 815
║ Number of iteration: 2319
║ Elapsed time: 1.02998 (in seconds)
║ Number and-gates : 2289
║ Substitution steps : 2321
║ Number of removed conflicts : 1262
║ Total calculated conflicts : 45330
║ Conflict calculation time: 0.239125 (in seconds)
║ Number of negated nodes : 330
╚═ Process complete
	Command being timed: "/opt/trace/trace /data/netlists/MAIN/A_mul_u_w16__booth.aig -mul -dyn -p -c"
	User time (seconds): 0.78
	System time (seconds): 0.02
	Percent of CPU this job got: 61%
	Elapsed (wall clock) time (h:mm:ss or m:ss): 0m 1.31s
	Average shared text size (kbytes): 0
	Average unshared data size (kbytes): 0
	Average stack size (kbytes): 0
	Average total size (kbytes): 0
	Maximum resident set size (kbytes): 48368
	Average resident set size (kbytes): 0
	Major (requiring I/O) page faults: 0
	Minor (reclaiming a frame) page faults: 2625
	Voluntary context switches: 15
	Involuntary context switches: 162
	Swaps: 0
	File system inputs: 12
	File system outputs: 0
	Socket messages sent: 0
	Socket messages received: 0
	Signals delivered: 0
	Page size (bytes): 4096
	Exit status: 0
### TRACE_EXIT 0
### CGROUP_MEMORY_PEAK_BYTES 11669504
### DOCKER_EXIT 0
### WALL_SECONDS 2.96
### END 2026-09-24T11:45:08-07:00
