/usr/bin/python3 /OpenROAD-flow-scripts/flow/scripts/run_command.py --log /tmp/wh/logs/asap7/aes/base/c6.log --tee -- /OpenROAD-flow-scripts/tools/install/OpenROAD/bin/openroad -exit -no_init -threads 8  -no_splash  /w/experiments/scripts/c6/c6_treat.tcl
source /OpenROAD-flow-scripts/flow/platforms/asap7/liberty_suppressions.tcl
read_liberty /OpenROAD-flow-scripts/flow/platforms/asap7/lib/NLDM/asap7sc7p5t_AO_RVT_FF_nldm_211120.lib.gz
read_liberty /OpenROAD-flow-scripts/flow/platforms/asap7/lib/NLDM/asap7sc7p5t_INVBUF_RVT_FF_nldm_220122.lib.gz
read_liberty /OpenROAD-flow-scripts/flow/platforms/asap7/lib/NLDM/asap7sc7p5t_OA_RVT_FF_nldm_211120.lib.gz
read_liberty /OpenROAD-flow-scripts/flow/platforms/asap7/lib/NLDM/asap7sc7p5t_SIMPLE_RVT_FF_nldm_211120.lib.gz
read_liberty /OpenROAD-flow-scripts/flow/platforms/asap7/lib/NLDM/asap7sc7p5t_SEQ_RVT_FF_nldm_220123.lib
read_db /tmp/wh/results/asap7/aes/base/3_place.odb
read_sdc /tmp/wh/results/asap7/aes/base/3_place.sdc
source /OpenROAD-flow-scripts/flow/platforms/asap7/setRC.tcl
[INFO RMP-0059] Resynthesis: starting tuning algorithm, Worst slack is -2.9377722e-11
Derived GENLIB library "asap7sc7p5t_AO_RVT_FF_nldm_211120" with 169 gates.
[INFO RMP-0052] Resynthesis: starting simulated annealing
[INFO RMP-0053] Initial temperature: 4.4254608e-10, worst slack: -1.6877114e-10
[INFO RMP-0054] Iteration: 10, temperature: 4.0271694e-10, best worst slack: -1.6737842e-10
[INFO RMP-0054] Iteration: 20, temperature: 3.5846232e-10, best worst slack: -1.5801058e-10
[INFO RMP-0054] Iteration: 30, temperature: 3.1420772e-10, best worst slack: -1.5048979e-10
[INFO RMP-0054] Iteration: 40, temperature: 2.6995312e-10, best worst slack: -1.1821974e-10
[INFO RMP-0054] Iteration: 50, temperature: 2.256985e-10, best worst slack: -1.06977566e-10
[INFO RMP-0054] Iteration: 60, temperature: 1.8144389e-10, best worst slack: -1.06977566e-10
[INFO RMP-0054] Iteration: 70, temperature: 1.3718929e-10, best worst slack: -1.06977566e-10
[INFO RMP-0054] Iteration: 80, temperature: 9.2934674e-11, best worst slack: -1.01316955e-10
[INFO RMP-0054] Iteration: 90, temperature: 4.868007e-11, best worst slack: -8.878567e-11
[INFO RMP-0054] Iteration: 100, temperature: 4.425461e-12, best worst slack: -8.878567e-11
[INFO RMP-0067] Resynthesis: End of slack tuning, applying ABC operations
[INFO RMP-0068] Resynthesis: Worst slack is -8.878567e-11
[INFO RSZ-0100] Repair move sequence: UnbufferMove SizeUpMove SwapPinsMove BufferMove CloneMove SplitLoadMove 
[INFO RSZ-0094] Found 223 endpoints with setup violations.
[INFO RSZ-0099] Repairing 223 out of 223 (100.00%) violating endpoints...
   Iter   | Removed | Resized | Inserted | Cloned |  Pin  |   Area   |    WNS   |   StTNS    |   EnTNS    |  Viol  |  Worst  
          | Buffers |  Gates  | Buffers  |  Gates | Swaps |          |          |            |            | Endpts | St/EnPt 
------------------------------------------------------------------------------------------------------------------------------
       0* |       0 |       0 |        0 |      0 |     0 |    +0.0% |  -88.786 |    -4670.1 |    -9245.3 |    223 | u1694/D
[WARNING RSZ-0075] makeBufferedNet failed for driver u556/QN
[WARNING RSZ-0075] makeBufferedNet failed for driver u1197/QN
[WARNING RSZ-0075] makeBufferedNet failed for driver u556/QN
[WARNING RSZ-0075] makeBufferedNet failed for driver u565/QN
[WARNING RSZ-0075] makeBufferedNet failed for driver u556/QN
[WARNING RSZ-0075] makeBufferedNet failed for driver u136/QN
[WARNING RSZ-0075] makeBufferedNet failed for driver u1085/QN
[WARNING RSZ-0075] makeBufferedNet failed for driver u976/QN
[WARNING RSZ-0075] makeBufferedNet failed for driver u565/QN
[WARNING RSZ-0075] makeBufferedNet failed for driver u136/QN
[WARNING RSZ-0075] makeBufferedNet failed for driver u970/QN
[WARNING RSZ-0075] makeBufferedNet failed for driver u1085/QN
[WARNING RSZ-0075] makeBufferedNet failed for driver u1085/QN
[WARNING RSZ-0075] makeBufferedNet failed for driver u682/QN
[WARNING RSZ-0075] makeBufferedNet failed for driver u253/QN
[WARNING RSZ-0075] makeBufferedNet failed for driver u967/QN
[WARNING RSZ-0075] makeBufferedNet failed for driver u976/QN
[WARNING RSZ-0075] makeBufferedNet failed for driver u1085/QN
[WARNING RSZ-0075] makeBufferedNet failed for driver u745/QN
[WARNING RSZ-0075] makeBufferedNet failed for driver u322/QN
[WARNING RSZ-0075] makeBufferedNet failed for driver u1795/QN
[WARNING RSZ-0075] makeBufferedNet failed for driver u5995/QN
[WARNING RSZ-0075] makeBufferedNet failed for driver u1085/QN
[WARNING RSZ-0075] makeBufferedNet failed for driver cut_2351803/Y
[WARNING RSZ-0075] makeBufferedNet failed for driver u5576/QN
[WARNING RSZ-0075] makeBufferedNet failed for driver u967/QN
[WARNING RSZ-0075] makeBufferedNet failed for driver u1085/QN
[WARNING RSZ-0075] makeBufferedNet failed for driver u253/QN
[WARNING RSZ-0075] makeBufferedNet failed for driver u5572/QN
[WARNING RSZ-0075] makeBufferedNet failed for driver u373/QN
[WARNING RSZ-0075] makeBufferedNet failed for driver u136/QN
[WARNING RSZ-0075] makeBufferedNet failed for driver u5158/QN
[WARNING RSZ-0075] makeBufferedNet failed for driver u682/QN
[WARNING RSZ-0075] makeBufferedNet failed for driver u565/QN
[WARNING RSZ-0075] makeBufferedNet failed for driver u322/QN
[WARNING RSZ-0075] makeBufferedNet failed for driver u5576/QN
[WARNING RSZ-0075] makeBufferedNet failed for driver u1197/QN
[WARNING RSZ-0075] makeBufferedNet failed for driver u1197/QN
[WARNING RSZ-0075] makeBufferedNet failed for driver u145/QN
[WARNING RSZ-0075] makeBufferedNet failed for driver u5572/QN
[WARNING RSZ-0075] makeBufferedNet failed for driver u5995/QN
[WARNING RSZ-0075] makeBufferedNet failed for driver u745/QN
[WARNING RSZ-0075] makeBufferedNet failed for driver u5572/QN
[WARNING RSZ-0075] makeBufferedNet failed for driver u136/QN
[WARNING RSZ-0075] makeBufferedNet failed for driver u5574/QN
[WARNING RSZ-0075] makeBufferedNet failed for driver u556/QN
[WARNING RSZ-0075] makeBufferedNet failed for driver u136/QN
[WARNING RSZ-0075] makeBufferedNet failed for driver u5158/QN
[WARNING RSZ-0075] makeBufferedNet failed for driver u564/QN
[WARNING RSZ-0075] makeBufferedNet failed for driver u5576/QN
[WARNING RSZ-0075] makeBufferedNet failed for driver u6414/QN
[WARNING RSZ-0075] makeBufferedNet failed for driver cut_2350043/Y
[WARNING RSZ-0075] makeBufferedNet failed for driver u1085/QN
[WARNING RSZ-0075] makeBufferedNet failed for driver u1197/QN
[WARNING RSZ-0075] makeBufferedNet failed for driver u976/QN
[WARNING RSZ-0075] makeBufferedNet failed for driver u786/QN
[WARNING RSZ-0075] makeBufferedNet failed for driver u967/QN
[WARNING RSZ-0075] makeBufferedNet failed for driver u1197/QN
[WARNING RSZ-0075] makeBufferedNet failed for driver u5158/QN
[WARNING RSZ-0075] makeBufferedNet failed for driver u565/QN
[WARNING RSZ-0075] makeBufferedNet failed for driver u1085/QN
[WARNING RSZ-0075] makeBufferedNet failed for driver u1085/QN
[WARNING RSZ-0075] makeBufferedNet failed for driver u1085/QN
[WARNING RSZ-0075] makeBufferedNet failed for driver u1085/QN
[WARNING RSZ-0075] makeBufferedNet failed for driver cut_2350418/Y
[WARNING RSZ-0075] makeBufferedNet failed for driver u682/QN
[WARNING RSZ-0075] makeBufferedNet failed for driver u1085/QN
[WARNING RSZ-0075] makeBufferedNet failed for driver u136/QN
[WARNING RSZ-0075] makeBufferedNet failed for driver u136/QN
[WARNING RSZ-0075] makeBufferedNet failed for driver u976/QN
[WARNING RSZ-0075] makeBufferedNet failed for driver u1197/QN
[WARNING RSZ-0075] makeBufferedNet failed for driver u682/QN
[WARNING RSZ-0075] makeBufferedNet failed for driver u564/QN
[WARNING RSZ-0075] makeBufferedNet failed for driver u745/QN
[WARNING RSZ-0075] makeBufferedNet failed for driver u745/QN
[WARNING RSZ-0075] makeBufferedNet failed for driver cut_2350390/Y
[WARNING RSZ-0075] makeBufferedNet failed for driver cut_2350391/Y
[WARNING RSZ-0075] makeBufferedNet failed for driver u1085/QN
[WARNING RSZ-0075] makeBufferedNet failed for driver u5576/QN
[WARNING RSZ-0075] makeBufferedNet failed for driver cut_2349375/Y
[WARNING RSZ-0075] makeBufferedNet failed for driver u5574/QN
[WARNING RSZ-0075] makeBufferedNet failed for driver u322/QN
[WARNING RSZ-0075] makeBufferedNet failed for driver u322/QN
[WARNING RSZ-0075] makeBufferedNet failed for driver u1085/QN
[WARNING RSZ-0075] makeBufferedNet failed for driver u5574/QN
[WARNING RSZ-0075] makeBufferedNet failed for driver u1197/QN
[WARNING RSZ-0075] makeBufferedNet failed for driver split5888/Y
[WARNING RSZ-0075] makeBufferedNet failed for driver u1197/QN
[WARNING RSZ-0075] makeBufferedNet failed for driver split5888/Y
[WARNING RSZ-0075] makeBufferedNet failed for driver u1197/QN
[WARNING RSZ-0075] makeBufferedNet failed for driver split5888/Y
[WARNING RSZ-0075] makeBufferedNet failed for driver u1197/QN
[WARNING RSZ-0075] makeBufferedNet failed for driver split5888/Y
[WARNING RSZ-0075] makeBufferedNet failed for driver u1085/QN
[WARNING RSZ-0075] makeBufferedNet failed for driver u1085/QN
[WARNING RSZ-0075] makeBufferedNet failed for driver u1085/QN
[WARNING RSZ-0075] makeBufferedNet failed for driver u1085/QN
[WARNING RSZ-0075] makeBufferedNet failed for driver u1085/QN
[WARNING RSZ-0075] makeBufferedNet failed for driver u1085/QN
[WARNING RSZ-0075] makeBufferedNet failed for driver u1085/QN
[WARNING RSZ-0075] makeBufferedNet failed for driver split5873/Y
[WARNING RSZ-0075] makeBufferedNet failed for driver u1085/QN
[WARNING RSZ-0075] makeBufferedNet failed for driver cut_2350991/Y
[WARNING RSZ-0075] makeBufferedNet failed for driver u1085/QN
[WARNING RSZ-0075] makeBufferedNet failed for driver cut_2350991/Y
[WARNING RSZ-0075] makeBufferedNet failed for driver cut_2350995/Y
[WARNING RSZ-0075] makeBufferedNet failed for driver cut_2350491/Y
[WARNING RSZ-0075] makeBufferedNet failed for driver u1085/QN
[WARNING RSZ-0075] makeBufferedNet failed for driver cut_2350991/Y
[WARNING RSZ-0075] makeBufferedNet failed for driver cut_2350995/Y
[WARNING RSZ-0075] makeBufferedNet failed for driver u1085/QN
[WARNING RSZ-0075] makeBufferedNet failed for driver cut_2350991/Y
[WARNING RSZ-0075] makeBufferedNet failed for driver cut_2350995/Y
[WARNING RSZ-0075] makeBufferedNet failed for driver u1085/QN
[WARNING RSZ-0075] makeBufferedNet failed for driver u1085/QN
[WARNING RSZ-0075] makeBufferedNet failed for driver cut_2350995/Y
[WARNING RSZ-0075] makeBufferedNet failed for driver cut_2350991/Y
[WARNING RSZ-0075] makeBufferedNet failed for driver cut_2350491/Y
[WARNING RSZ-0075] makeBufferedNet failed for driver u1085/QN
[WARNING RSZ-0075] makeBufferedNet failed for driver cut_2350995/Y
[WARNING RSZ-0075] makeBufferedNet failed for driver cut_2350991/Y
[WARNING RSZ-0075] makeBufferedNet failed for driver cut_2350491/Y
[WARNING RSZ-0075] makeBufferedNet failed for driver u1085/QN
[WARNING RSZ-0075] makeBufferedNet failed for driver cut_2350995/Y
[WARNING RSZ-0075] makeBufferedNet failed for driver cut_2350991/Y
[WARNING RSZ-0075] makeBufferedNet failed for driver cut_2350491/Y
[WARNING RSZ-0075] makeBufferedNet failed for driver u1085/QN
[WARNING RSZ-0075] makeBufferedNet failed for driver cut_2350995/Y
[WARNING RSZ-0075] makeBufferedNet failed for driver cut_2350991/Y
[WARNING RSZ-0075] makeBufferedNet failed for driver cut_2350491/Y
[WARNING RSZ-0075] makeBufferedNet failed for driver cut_2350990/Y
[WARNING RSZ-0075] makeBufferedNet failed for driver u1085/QN
[WARNING RSZ-0075] makeBufferedNet failed for driver cut_2350995/Y
[WARNING RSZ-0075] makeBufferedNet failed for driver cut_2350991/Y
[WARNING RSZ-0075] makeBufferedNet failed for driver cut_2350491/Y
[WARNING RSZ-0075] makeBufferedNet failed for driver cut_2350990/Y
[WARNING RSZ-0075] makeBufferedNet failed for driver u1085/QN
[WARNING RSZ-0075] makeBufferedNet failed for driver cut_2350995/Y
[WARNING RSZ-0075] makeBufferedNet failed for driver cut_2350991/Y
[WARNING RSZ-0075] makeBufferedNet failed for driver cut_2350491/Y
[WARNING RSZ-0075] makeBufferedNet failed for driver cut_2350990/Y
[WARNING RSZ-0075] makeBufferedNet failed for driver u1085/QN
[WARNING RSZ-0075] makeBufferedNet failed for driver cut_2350995/Y
[WARNING RSZ-0075] makeBufferedNet failed for driver cut_2350991/Y
[WARNING RSZ-0075] makeBufferedNet failed for driver cut_2350491/Y
[WARNING RSZ-0075] makeBufferedNet failed for driver cut_2350990/Y
[WARNING RSZ-0075] makeBufferedNet failed for driver u1390/QN
[WARNING RSZ-0075] makeBufferedNet failed for driver u1390/QN
[WARNING RSZ-0075] makeBufferedNet failed for driver u1384/QN
[WARNING RSZ-0075] makeBufferedNet failed for driver u564/QN
[WARNING RSZ-0075] makeBufferedNet failed for driver u564/QN
[WARNING RSZ-0075] makeBufferedNet failed for driver cut_2349108/Y
[WARNING RSZ-0075] makeBufferedNet failed for driver cut_2348852/Y
[WARNING RSZ-0075] makeBufferedNet failed for driver cut_2348854/Y
[WARNING RSZ-0075] makeBufferedNet failed for driver cut_2348573/Y
[WARNING RSZ-0075] makeBufferedNet failed for driver u564/QN
[WARNING RSZ-0075] makeBufferedNet failed for driver cut_2349108/Y
[WARNING RSZ-0075] makeBufferedNet failed for driver cut_2348852/Y
[WARNING RSZ-0075] makeBufferedNet failed for driver cut_2348854/Y
[WARNING RSZ-0075] makeBufferedNet failed for driver u564/QN
[WARNING RSZ-0075] makeBufferedNet failed for driver cut_2349108/Y
[WARNING RSZ-0075] makeBufferedNet failed for driver cut_2348852/Y
[WARNING RSZ-0075] makeBufferedNet failed for driver cut_2348854/Y
[WARNING RSZ-0075] makeBufferedNet failed for driver u1390/QN
[WARNING RSZ-0075] makeBufferedNet failed for driver u564/QN
[WARNING RSZ-0075] makeBufferedNet failed for driver cut_2349108/Y
[WARNING RSZ-0075] makeBufferedNet failed for driver cut_2348852/Y
[WARNING RSZ-0075] makeBufferedNet failed for driver cut_2348854/Y
[WARNING RSZ-0075] makeBufferedNet failed for driver u1390/QN
[WARNING RSZ-0075] makeBufferedNet failed for driver u1384/QN
[WARNING RSZ-0075] makeBufferedNet failed for driver u565/QN
[WARNING RSZ-0075] makeBufferedNet failed for driver u564/QN
[WARNING RSZ-0075] makeBufferedNet failed for driver cut_2349108/Y
[WARNING RSZ-0075] makeBufferedNet failed for driver cut_2348852/Y
[WARNING RSZ-0075] makeBufferedNet failed for driver cut_2348854/Y
[WARNING RSZ-0075] makeBufferedNet failed for driver cut_2348582/Y
[WARNING RSZ-0075] makeBufferedNet failed for driver cut_2348573/Y
[WARNING RSZ-0075] makeBufferedNet failed for driver u1389/QN
[WARNING RSZ-0075] makeBufferedNet failed for driver u1390/QN
[WARNING RSZ-0075] makeBufferedNet failed for driver u1390/QN
[WARNING RSZ-0075] makeBufferedNet failed for driver u1390/QN
[WARNING RSZ-0075] makeBufferedNet failed for driver cut_2351139/Y
[WARNING RSZ-0075] makeBufferedNet failed for driver u1390/QN
[WARNING RSZ-0075] makeBufferedNet failed for driver u1390/QN
[WARNING RSZ-0075] makeBufferedNet failed for driver u1390/QN
[WARNING RSZ-0075] makeBufferedNet failed for driver cut_2351156/Y
[WARNING RSZ-0075] makeBufferedNet failed for driver cut_2351877/Y
[WARNING RSZ-0075] makeBufferedNet failed for driver u1390/QN
[WARNING RSZ-0075] makeBufferedNet failed for driver cut_2351156/Y
[WARNING RSZ-0075] makeBufferedNet failed for driver u970/QN
[WARNING RSZ-0075] makeBufferedNet failed for driver u970/QN
[WARNING RSZ-0075] makeBufferedNet failed for driver cut_2351510/Y
[WARNING RSZ-0075] makeBufferedNet failed for driver cut_2350497/Y
[WARNING RSZ-0075] makeBufferedNet failed for driver u976/QN
[WARNING RSZ-0075] makeBufferedNet failed for driver u970/QN
[WARNING RSZ-0075] makeBufferedNet failed for driver cut_2351510/Y
[WARNING RSZ-0075] makeBufferedNet failed for driver u136/QN
[WARNING RSZ-0075] makeBufferedNet failed for driver u373/QN
[WARNING RSZ-0075] makeBufferedNet failed for driver u136/QN
[WARNING RSZ-0075] makeBufferedNet failed for driver u322/QN
[WARNING RSZ-0075] makeBufferedNet failed for driver u136/QN
[WARNING RSZ-0075] makeBufferedNet failed for driver cut_2346673/Y
[WARNING RSZ-0075] makeBufferedNet failed for driver u136/QN
[WARNING RSZ-0075] makeBufferedNet failed for driver u136/QN
[WARNING RSZ-0075] makeBufferedNet failed for driver u322/QN
[WARNING RSZ-0075] makeBufferedNet failed for driver u136/QN
[WARNING RSZ-0075] makeBufferedNet failed for driver cut_2346657/Y
[WARNING RSZ-0075] makeBufferedNet failed for driver u136/QN
[WARNING RSZ-0075] makeBufferedNet failed for driver u322/QN
[WARNING RSZ-0075] makeBufferedNet failed for driver u136/QN
[WARNING RSZ-0075] makeBufferedNet failed for driver u136/QN
[WARNING RSZ-0075] makeBufferedNet failed for driver u322/QN
[WARNING RSZ-0075] makeBufferedNet failed for driver u322/QN
[WARNING RSZ-0075] makeBufferedNet failed for driver u322/QN
[WARNING RSZ-0075] makeBufferedNet failed for driver cut_2346650/Y
[WARNING RSZ-0075] makeBufferedNet failed for driver u322/QN
[WARNING RSZ-0075] makeBufferedNet failed for driver cut_2346650/Y
[WARNING RSZ-0075] makeBufferedNet failed for driver u322/QN
[WARNING RSZ-0075] makeBufferedNet failed for driver cut_2346650/Y
[WARNING RSZ-0075] makeBufferedNet failed for driver u322/QN
[WARNING RSZ-0075] makeBufferedNet failed for driver cut_2346713/Y
[WARNING RSZ-0075] makeBufferedNet failed for driver cut_2346650/Y
[WARNING RSZ-0075] makeBufferedNet failed for driver u322/QN
[WARNING RSZ-0075] makeBufferedNet failed for driver u322/QN
[WARNING RSZ-0075] makeBufferedNet failed for driver u322/QN
[WARNING RSZ-0075] makeBufferedNet failed for driver cut_2346657/Y
[WARNING RSZ-0075] makeBufferedNet failed for driver u322/QN
[WARNING RSZ-0075] makeBufferedNet failed for driver cut_2346657/Y
[WARNING RSZ-0075] makeBufferedNet failed for driver cut_2346659/Y
[WARNING RSZ-0075] makeBufferedNet failed for driver u322/QN
[WARNING RSZ-0075] makeBufferedNet failed for driver cut_2346713/Y
[WARNING RSZ-0075] makeBufferedNet failed for driver cut_2346650/Y
[WARNING RSZ-0075] makeBufferedNet failed for driver u322/QN
[WARNING RSZ-0075] makeBufferedNet failed for driver u322/QN
[WARNING RSZ-0075] makeBufferedNet failed for driver cut_2346713/Y
[WARNING RSZ-0075] makeBufferedNet failed for driver cut_2346650/Y
[WARNING RSZ-0075] makeBufferedNet failed for driver u322/QN
[WARNING RSZ-0075] makeBufferedNet failed for driver cut_2346713/Y
[WARNING RSZ-0075] makeBufferedNet failed for driver cut_2346650/Y
[WARNING RSZ-0075] makeBufferedNet failed for driver u322/QN
[WARNING RSZ-0075] makeBufferedNet failed for driver cut_2346713/Y
[WARNING RSZ-0075] makeBufferedNet failed for driver cut_2346650/Y
[WARNING RSZ-0075] makeBufferedNet failed for driver cut_2346683/Y
[WARNING RSZ-0075] makeBufferedNet failed for driver u136/QN
[WARNING RSZ-0075] makeBufferedNet failed for driver cut_2346673/Y
[WARNING RSZ-0075] makeBufferedNet failed for driver u136/QN
[WARNING RSZ-0075] makeBufferedNet failed for driver cut_2346690/Y
[WARNING RSZ-0075] makeBufferedNet failed for driver u322/QN
[WARNING RSZ-0075] makeBufferedNet failed for driver cut_2346713/Y
[WARNING RSZ-0075] makeBufferedNet failed for driver cut_2346650/Y
[WARNING RSZ-0075] makeBufferedNet failed for driver cut_2346683/Y
[WARNING RSZ-0075] makeBufferedNet failed for driver u136/QN
[WARNING RSZ-0075] makeBufferedNet failed for driver split5871/Y
[WARNING RSZ-0075] makeBufferedNet failed for driver u322/QN
[WARNING RSZ-0075] makeBufferedNet failed for driver cut_2346713/Y
[WARNING RSZ-0075] makeBufferedNet failed for driver cut_2346650/Y
[WARNING RSZ-0075] makeBufferedNet failed for driver cut_2346683/Y
[WARNING RSZ-0075] makeBufferedNet failed for driver u322/QN
[WARNING RSZ-0075] makeBufferedNet failed for driver split5886/Y
[WARNING RSZ-0075] makeBufferedNet failed for driver u322/QN
[WARNING RSZ-0075] makeBufferedNet failed for driver split5886/Y
[WARNING RSZ-0075] makeBufferedNet failed for driver u322/QN
[WARNING RSZ-0075] makeBufferedNet failed for driver cut_2346657/Y
[WARNING RSZ-0075] makeBufferedNet failed for driver cut_2346659/Y
[WARNING RSZ-0075] makeBufferedNet failed for driver u1197/QN
[WARNING RSZ-0075] makeBufferedNet failed for driver split5888/Y
[WARNING RSZ-0075] makeBufferedNet failed for driver u1085/QN
[WARNING RSZ-0075] makeBufferedNet failed for driver u1085/QN
[WARNING RSZ-0075] makeBufferedNet failed for driver u1085/QN
[WARNING RSZ-0075] makeBufferedNet failed for driver split5873/Y
[WARNING RSZ-0075] makeBufferedNet failed for driver u1085/QN
[WARNING RSZ-0075] makeBufferedNet failed for driver u1085/QN
[WARNING RSZ-0075] makeBufferedNet failed for driver cut_2350991/Y
[WARNING RSZ-0075] makeBufferedNet failed for driver cut_2350995/Y
[WARNING RSZ-0075] makeBufferedNet failed for driver cut_2350491/Y
[WARNING RSZ-0075] makeBufferedNet failed for driver u1085/QN
[WARNING RSZ-0075] makeBufferedNet failed for driver cut_2350991/Y
[WARNING RSZ-0075] makeBufferedNet failed for driver cut_2350995/Y
[WARNING RSZ-0075] makeBufferedNet failed for driver u1085/QN
[WARNING RSZ-0075] makeBufferedNet failed for driver cut_2350991/Y
[WARNING RSZ-0075] makeBufferedNet failed for driver cut_2350995/Y
[WARNING RSZ-0075] makeBufferedNet failed for driver u1085/QN
[WARNING RSZ-0075] makeBufferedNet failed for driver u1085/QN
[WARNING RSZ-0075] makeBufferedNet failed for driver cut_2350991/Y
[WARNING RSZ-0075] makeBufferedNet failed for driver cut_2350995/Y
[WARNING RSZ-0075] makeBufferedNet failed for driver cut_2350491/Y
[WARNING RSZ-0075] makeBufferedNet failed for driver u1085/QN
[WARNING RSZ-0075] makeBufferedNet failed for driver cut_2350991/Y
[WARNING RSZ-0075] makeBufferedNet failed for driver cut_2350995/Y
[WARNING RSZ-0075] makeBufferedNet failed for driver cut_2350491/Y
[WARNING RSZ-0075] makeBufferedNet failed for driver u1085/QN
[WARNING RSZ-0075] makeBufferedNet failed for driver cut_2350991/Y
[WARNING RSZ-0075] makeBufferedNet failed for driver cut_2350995/Y
[WARNING RSZ-0075] makeBufferedNet failed for driver cut_2350491/Y
[WARNING RSZ-0075] makeBufferedNet failed for driver u1085/QN
[WARNING RSZ-0075] makeBufferedNet failed for driver cut_2350991/Y
[WARNING RSZ-0075] makeBufferedNet failed for driver cut_2350995/Y
[WARNING RSZ-0075] makeBufferedNet failed for driver cut_2350491/Y
[WARNING RSZ-0075] makeBufferedNet failed for driver u1085/QN
[WARNING RSZ-0075] makeBufferedNet failed for driver cut_2350991/Y
[WARNING RSZ-0075] makeBufferedNet failed for driver cut_2350995/Y
[WARNING RSZ-0075] makeBufferedNet failed for driver cut_2350491/Y
[WARNING RSZ-0075] makeBufferedNet failed for driver u1085/QN
[WARNING RSZ-0075] makeBufferedNet failed for driver cut_2350991/Y
[WARNING RSZ-0075] makeBufferedNet failed for driver cut_2350995/Y
[WARNING RSZ-0075] makeBufferedNet failed for driver cut_2350491/Y
[WARNING RSZ-0075] makeBufferedNet failed for driver u1085/QN
[WARNING RSZ-0075] makeBufferedNet failed for driver cut_2350995/Y
[WARNING RSZ-0075] makeBufferedNet failed for driver cut_2350991/Y
[WARNING RSZ-0075] makeBufferedNet failed for driver cut_2350491/Y
[WARNING RSZ-0075] makeBufferedNet failed for driver u1085/QN
[WARNING RSZ-0075] makeBufferedNet failed for driver cut_2350995/Y
[WARNING RSZ-0075] makeBufferedNet failed for driver cut_2350991/Y
[WARNING RSZ-0075] makeBufferedNet failed for driver cut_2350491/Y
[WARNING RSZ-0075] makeBufferedNet failed for driver cut_2350990/Y
[WARNING RSZ-0075] makeBufferedNet failed for driver u1085/QN
[WARNING RSZ-0075] makeBufferedNet failed for driver cut_2350995/Y
[WARNING RSZ-0075] makeBufferedNet failed for driver cut_2350991/Y
[WARNING RSZ-0075] makeBufferedNet failed for driver cut_2350491/Y
[WARNING RSZ-0075] makeBufferedNet failed for driver cut_2350990/Y
[WARNING RSZ-0075] makeBufferedNet failed for driver u1085/QN
[WARNING RSZ-0075] makeBufferedNet failed for driver cut_2350995/Y
[WARNING RSZ-0075] makeBufferedNet failed for driver cut_2350991/Y
[WARNING RSZ-0075] makeBufferedNet failed for driver cut_2350491/Y
[WARNING RSZ-0075] makeBufferedNet failed for driver cut_2350990/Y
[WARNING RSZ-0075] makeBufferedNet failed for driver u3064/QN
[WARNING RSZ-0075] makeBufferedNet failed for driver u3064/QN
[WARNING RSZ-0075] makeBufferedNet failed for driver u3066/QN
[WARNING RSZ-0075] makeBufferedNet failed for driver u1795/QN
[WARNING RSZ-0075] makeBufferedNet failed for driver u3060/QN
[WARNING RSZ-0075] makeBufferedNet failed for driver u1085/QN
[WARNING RSZ-0075] makeBufferedNet failed for driver u1085/QN
[WARNING RSZ-0075] makeBufferedNet failed for driver u1085/QN
[WARNING RSZ-0075] makeBufferedNet failed for driver u1085/QN
[WARNING RSZ-0075] makeBufferedNet failed for driver cut_2350993/Y
[WARNING RSZ-0075] makeBufferedNet failed for driver u1085/QN
[WARNING RSZ-0075] makeBufferedNet failed for driver u1085/QN
[WARNING RSZ-0075] makeBufferedNet failed for driver cut_2350995/Y
[WARNING RSZ-0075] makeBufferedNet failed for driver cut_2350991/Y
[WARNING RSZ-0075] makeBufferedNet failed for driver cut_2350491/Y
[WARNING RSZ-0075] makeBufferedNet failed for driver u1085/QN
[WARNING RSZ-0075] makeBufferedNet failed for driver cut_2350995/Y
[WARNING RSZ-0075] makeBufferedNet failed for driver cut_2350991/Y
[WARNING RSZ-0075] makeBufferedNet failed for driver cut_2350491/Y
[WARNING RSZ-0075] makeBufferedNet failed for driver u1085/QN
[WARNING RSZ-0075] makeBufferedNet failed for driver cut_2350995/Y
[WARNING RSZ-0075] makeBufferedNet failed for driver cut_2350991/Y
[WARNING RSZ-0075] makeBufferedNet failed for driver cut_2350491/Y
[WARNING RSZ-0075] makeBufferedNet failed for driver cut_2350990/Y
[WARNING RSZ-0075] makeBufferedNet failed for driver u322/QN
[WARNING RSZ-0075] makeBufferedNet failed for driver u136/QN
[WARNING RSZ-0075] makeBufferedNet failed for driver u322/QN
[WARNING RSZ-0075] makeBufferedNet failed for driver u322/QN
[WARNING RSZ-0075] makeBufferedNet failed for driver u322/QN
[WARNING RSZ-0075] makeBufferedNet failed for driver u136/QN
[WARNING RSZ-0075] makeBufferedNet failed for driver u322/QN
[WARNING RSZ-0075] makeBufferedNet failed for driver u322/QN
[WARNING RSZ-0075] makeBufferedNet failed for driver u136/QN
[WARNING RSZ-0075] makeBufferedNet failed for driver u322/QN
[WARNING RSZ-0075] makeBufferedNet failed for driver split5886/Y
[WARNING RSZ-0075] makeBufferedNet failed for driver u322/QN
[WARNING RSZ-0075] makeBufferedNet failed for driver u136/QN
[WARNING RSZ-0075] makeBufferedNet failed for driver u322/QN
[WARNING RSZ-0075] makeBufferedNet failed for driver u322/QN
[WARNING RSZ-0075] makeBufferedNet failed for driver u136/QN
[WARNING RSZ-0075] makeBufferedNet failed for driver u136/QN
[WARNING RSZ-0075] makeBufferedNet failed for driver cut_2346690/Y
[WARNING RSZ-0075] makeBufferedNet failed for driver cut_2346691/Y
[WARNING RSZ-0075] makeBufferedNet failed for driver cut_2346679/Y
[WARNING RSZ-0075] makeBufferedNet failed for driver u322/QN
[WARNING RSZ-0075] makeBufferedNet failed for driver split5886/Y
[WARNING RSZ-0075] makeBufferedNet failed for driver u253/QN
[WARNING RSZ-0075] makeBufferedNet failed for driver u556/QN
[WARNING RSZ-0075] makeBufferedNet failed for driver u682/QN
[WARNING RSZ-0075] makeBufferedNet failed for driver u745/QN
[WARNING RSZ-0075] makeBufferedNet failed for driver u682/QN
[WARNING RSZ-0075] makeBufferedNet failed for driver u556/QN
[WARNING RSZ-0075] makeBufferedNet failed for driver cut_2350381/Y
[WARNING RSZ-0075] makeBufferedNet failed for driver u786/QN
[WARNING RSZ-0075] makeBufferedNet failed for driver u682/QN
[WARNING RSZ-0075] makeBufferedNet failed for driver cut_2350418/Y
[WARNING RSZ-0075] makeBufferedNet failed for driver u556/QN
[WARNING RSZ-0075] makeBufferedNet failed for driver cut_2350381/Y
[WARNING RSZ-0075] makeBufferedNet failed for driver cut_2346800/Y
[WARNING RSZ-0075] makeBufferedNet failed for driver u556/QN
[WARNING RSZ-0075] makeBufferedNet failed for driver cut_2350381/Y
[WARNING RSZ-0075] makeBufferedNet failed for driver u556/QN
[WARNING RSZ-0075] makeBufferedNet failed for driver cut_2350381/Y
[WARNING RSZ-0075] makeBufferedNet failed for driver cut_2350423/Y
[WARNING RSZ-0075] makeBufferedNet failed for driver u556/QN
[WARNING RSZ-0075] makeBufferedNet failed for driver u786/QN
[WARNING RSZ-0075] makeBufferedNet failed for driver cut_2350407/Y
[WARNING RSZ-0075] makeBufferedNet failed for driver u682/QN
[WARNING RSZ-0075] makeBufferedNet failed for driver cut_2350380/Y
[WARNING RSZ-0075] makeBufferedNet failed for driver cut_2350381/Y
[WARNING RSZ-0075] makeBufferedNet failed for driver cut_2350352/Y
[WARNING RSZ-0075] makeBufferedNet failed for driver u682/QN
[WARNING RSZ-0075] makeBufferedNet failed for driver cut_2350418/Y
[WARNING RSZ-0075] makeBufferedNet failed for driver u682/QN
[WARNING RSZ-0075] makeBufferedNet failed for driver cut_2350380/Y
[WARNING RSZ-0075] makeBufferedNet failed for driver cut_2350381/Y
[WARNING RSZ-0075] makeBufferedNet failed for driver cut_2350352/Y
[WARNING RSZ-0075] makeBufferedNet failed for driver u682/QN
[WARNING RSZ-0075] makeBufferedNet failed for driver u682/QN
[WARNING RSZ-0075] makeBufferedNet failed for driver u682/QN
[WARNING RSZ-0075] makeBufferedNet failed for driver u682/QN
[WARNING RSZ-0075] makeBufferedNet failed for driver split5930/Y
[WARNING RSZ-0075] makeBufferedNet failed for driver cut_2350381/Y
[WARNING RSZ-0075] makeBufferedNet failed for driver cut_2350423/Y
[WARNING RSZ-0075] makeBufferedNet failed for driver cut_2350382/Y
[WARNING RSZ-0075] makeBufferedNet failed for driver cut_2350422/Y
[WARNING RSZ-0075] makeBufferedNet failed for driver u682/QN
[WARNING RSZ-0075] makeBufferedNet failed for driver split5930/Y
[WARNING RSZ-0075] makeBufferedNet failed for driver cut_2350381/Y
[WARNING RSZ-0075] makeBufferedNet failed for driver cut_2350423/Y
[WARNING RSZ-0075] makeBufferedNet failed for driver cut_2350382/Y
[WARNING RSZ-0075] makeBufferedNet failed for driver cut_2350422/Y
[WARNING RSZ-0075] makeBufferedNet failed for driver u745/QN
[WARNING RSZ-0075] makeBufferedNet failed for driver cut_2350467/Y
[WARNING RSZ-0075] makeBufferedNet failed for driver cut_2350446/Y
[WARNING RSZ-0075] makeBufferedNet failed for driver u556/QN
[WARNING RSZ-0075] makeBufferedNet failed for driver u556/QN
[WARNING RSZ-0075] makeBufferedNet failed for driver cut_2350380/Y
[WARNING RSZ-0075] makeBufferedNet failed for driver cut_2350381/Y
[WARNING RSZ-0075] makeBufferedNet failed for driver cut_2350423/Y
[WARNING RSZ-0075] makeBufferedNet failed for driver cut_2350382/Y
[WARNING RSZ-0075] makeBufferedNet failed for driver cut_2350422/Y
[WARNING RSZ-0075] makeBufferedNet failed for driver u556/QN
[WARNING RSZ-0075] makeBufferedNet failed for driver cut_2350380/Y
[WARNING RSZ-0075] makeBufferedNet failed for driver cut_2350381/Y
[WARNING RSZ-0075] makeBufferedNet failed for driver cut_2350423/Y
[WARNING RSZ-0075] makeBufferedNet failed for driver cut_2350382/Y
[WARNING RSZ-0075] makeBufferedNet failed for driver cut_2350422/Y
[WARNING RSZ-0075] makeBufferedNet failed for driver u556/QN
[WARNING RSZ-0075] makeBufferedNet failed for driver cut_2350380/Y
[WARNING RSZ-0075] makeBufferedNet failed for driver cut_2350381/Y
[WARNING RSZ-0075] makeBufferedNet failed for driver cut_2350423/Y
[WARNING RSZ-0075] makeBufferedNet failed for driver cut_2350382/Y
[WARNING RSZ-0075] makeBufferedNet failed for driver cut_2350422/Y
[WARNING RSZ-0075] makeBufferedNet failed for driver u556/QN
[WARNING RSZ-0075] makeBufferedNet failed for driver cut_2350380/Y
[WARNING RSZ-0075] makeBufferedNet failed for driver cut_2350381/Y
[WARNING RSZ-0075] makeBufferedNet failed for driver cut_2350423/Y
[WARNING RSZ-0075] makeBufferedNet failed for driver cut_2350382/Y
[WARNING RSZ-0075] makeBufferedNet failed for driver cut_2350422/Y
[WARNING RSZ-0075] makeBufferedNet failed for driver u556/QN
[WARNING RSZ-0075] makeBufferedNet failed for driver cut_2350380/Y
[WARNING RSZ-0075] makeBufferedNet failed for driver cut_2350381/Y
[WARNING RSZ-0075] makeBufferedNet failed for driver cut_2350423/Y
[WARNING RSZ-0075] makeBufferedNet failed for driver cut_2350382/Y
[WARNING RSZ-0075] makeBufferedNet failed for driver cut_2350422/Y
[WARNING RSZ-0075] makeBufferedNet failed for driver u556/QN
[WARNING RSZ-0075] makeBufferedNet failed for driver cut_2350380/Y
[WARNING RSZ-0075] makeBufferedNet failed for driver cut_2350381/Y
[WARNING RSZ-0075] makeBufferedNet failed for driver cut_2350423/Y
[WARNING RSZ-0075] makeBufferedNet failed for driver cut_2350382/Y
[WARNING RSZ-0075] makeBufferedNet failed for driver cut_2350422/Y
[WARNING RSZ-0075] makeBufferedNet failed for driver u1085/QN
[WARNING RSZ-0075] makeBufferedNet failed for driver u1085/QN
[WARNING RSZ-0075] makeBufferedNet failed for driver u1085/QN
[WARNING RSZ-0075] makeBufferedNet failed for driver cut_2350991/Y
[WARNING RSZ-0075] makeBufferedNet failed for driver cut_2350995/Y
[WARNING RSZ-0075] makeBufferedNet failed for driver cut_2350491/Y
[WARNING RSZ-0075] makeBufferedNet failed for driver u1085/QN
[WARNING RSZ-0075] makeBufferedNet failed for driver cut_2350991/Y
[WARNING RSZ-0075] makeBufferedNet failed for driver cut_2350995/Y
[WARNING RSZ-0075] makeBufferedNet failed for driver cut_2350491/Y
[WARNING RSZ-0075] makeBufferedNet failed for driver u1085/QN
[WARNING RSZ-0075] makeBufferedNet failed for driver cut_2350991/Y
[WARNING RSZ-0075] makeBufferedNet failed for driver cut_2350995/Y
[WARNING RSZ-0075] makeBufferedNet failed for driver cut_2350491/Y
[WARNING RSZ-0075] makeBufferedNet failed for driver u1085/QN
[WARNING RSZ-0075] makeBufferedNet failed for driver cut_2350991/Y
[WARNING RSZ-0075] makeBufferedNet failed for driver cut_2350995/Y
[WARNING RSZ-0075] makeBufferedNet failed for driver cut_2350491/Y
[WARNING RSZ-0075] makeBufferedNet failed for driver u1085/QN
[WARNING RSZ-0075] makeBufferedNet failed for driver u1085/QN
[WARNING RSZ-0075] makeBufferedNet failed for driver cut_2350995/Y
[WARNING RSZ-0075] makeBufferedNet failed for driver cut_2350991/Y
[WARNING RSZ-0075] makeBufferedNet failed for driver cut_2350491/Y
[WARNING RSZ-0075] makeBufferedNet failed for driver u1085/QN
[WARNING RSZ-0075] makeBufferedNet failed for driver cut_2350995/Y
[WARNING RSZ-0075] makeBufferedNet failed for driver cut_2350991/Y
[WARNING RSZ-0075] makeBufferedNet failed for driver cut_2350491/Y
[WARNING RSZ-0075] makeBufferedNet failed for driver u1085/QN
[WARNING RSZ-0075] makeBufferedNet failed for driver u1085/QN
[WARNING RSZ-0075] makeBufferedNet failed for driver cut_2350995/Y
[WARNING RSZ-0075] makeBufferedNet failed for driver cut_2350991/Y
[WARNING RSZ-0075] makeBufferedNet failed for driver cut_2350491/Y
[WARNING RSZ-0075] makeBufferedNet failed for driver cut_2350990/Y
[WARNING RSZ-0075] makeBufferedNet failed for driver u1085/QN
[WARNING RSZ-0075] makeBufferedNet failed for driver cut_2350995/Y
[WARNING RSZ-0075] makeBufferedNet failed for driver cut_2350991/Y
[WARNING RSZ-0075] makeBufferedNet failed for driver cut_2350491/Y
[WARNING RSZ-0075] makeBufferedNet failed for driver cut_2350990/Y
[WARNING RSZ-0075] makeBufferedNet failed for driver u1085/QN
[WARNING RSZ-0075] makeBufferedNet failed for driver cut_2350995/Y
[WARNING RSZ-0075] makeBufferedNet failed for driver cut_2350991/Y
[WARNING RSZ-0075] makeBufferedNet failed for driver cut_2350491/Y
[WARNING RSZ-0075] makeBufferedNet failed for driver cut_2350990/Y
[WARNING RSZ-0075] makeBufferedNet failed for driver u1085/QN
[WARNING RSZ-0075] makeBufferedNet failed for driver cut_2350995/Y
[WARNING RSZ-0075] makeBufferedNet failed for driver cut_2350991/Y
[WARNING RSZ-0075] makeBufferedNet failed for driver cut_2350491/Y
[WARNING RSZ-0075] makeBufferedNet failed for driver cut_2350990/Y
[WARNING RSZ-0075] makeBufferedNet failed for driver u976/QN
[WARNING RSZ-0075] makeBufferedNet failed for driver u970/QN
[WARNING RSZ-0075] makeBufferedNet failed for driver cut_2349358/Y
[WARNING RSZ-0075] makeBufferedNet failed for driver u970/QN
[WARNING RSZ-0075] makeBufferedNet failed for driver cut_2349358/Y
[WARNING RSZ-0075] makeBufferedNet failed for driver u970/QN
[WARNING RSZ-0075] makeBufferedNet failed for driver cut_2349358/Y
[WARNING RSZ-0075] makeBufferedNet failed for driver u970/QN
[WARNING RSZ-0075] makeBufferedNet failed for driver cut_2349358/Y
[WARNING RSZ-0075] makeBufferedNet failed for driver cut_2350350/Y
[WARNING RSZ-0075] makeBufferedNet failed for driver u970/QN
[WARNING RSZ-0075] makeBufferedNet failed for driver cut_2349358/Y
[WARNING RSZ-0075] makeBufferedNet failed for driver cut_2350350/Y
[WARNING RSZ-0075] makeBufferedNet failed for driver u970/QN
[WARNING RSZ-0075] makeBufferedNet failed for driver cut_2349358/Y
[WARNING RSZ-0075] makeBufferedNet failed for driver cut_2350350/Y
[WARNING RSZ-0075] makeBufferedNet failed for driver u1197/QN
[WARNING RSZ-0075] makeBufferedNet failed for driver cut_2351112/Y
[WARNING RSZ-0075] makeBufferedNet failed for driver u1197/QN
[WARNING RSZ-0075] makeBufferedNet failed for driver u1085/QN
[WARNING RSZ-0075] makeBufferedNet failed for driver u1085/QN
[WARNING RSZ-0075] makeBufferedNet failed for driver u1197/QN
[WARNING RSZ-0075] makeBufferedNet failed for driver split5888/Y
[WARNING RSZ-0075] makeBufferedNet failed for driver u1197/QN
[WARNING RSZ-0075] makeBufferedNet failed for driver split5888/Y
[WARNING RSZ-0075] makeBufferedNet failed for driver u1085/QN
[WARNING RSZ-0075] makeBufferedNet failed for driver u1197/QN
[WARNING RSZ-0075] makeBufferedNet failed for driver split5888/Y
[WARNING RSZ-0075] makeBufferedNet failed for driver u1197/QN
[WARNING RSZ-0075] makeBufferedNet failed for driver split5888/Y
[WARNING RSZ-0075] makeBufferedNet failed for driver u1197/QN
[WARNING RSZ-0075] makeBufferedNet failed for driver split5888/Y
[WARNING RSZ-0075] makeBufferedNet failed for driver u1085/QN
[WARNING RSZ-0075] makeBufferedNet failed for driver u967/QN
[WARNING RSZ-0075] makeBufferedNet failed for driver u1085/QN
[WARNING RSZ-0075] makeBufferedNet failed for driver u1085/QN
[WARNING RSZ-0075] makeBufferedNet failed for driver u1085/QN
[WARNING RSZ-0075] makeBufferedNet failed for driver u1085/QN
[WARNING RSZ-0075] makeBufferedNet failed for driver cut_2350991/Y
[WARNING RSZ-0075] makeBufferedNet failed for driver cut_2351087/Y
[WARNING RSZ-0075] makeBufferedNet failed for driver cut_2350491/Y
[WARNING RSZ-0075] makeBufferedNet failed for driver u1085/QN
[WARNING RSZ-0075] makeBufferedNet failed for driver cut_2350991/Y
[WARNING RSZ-0075] makeBufferedNet failed for driver cut_2351087/Y
[WARNING RSZ-0075] makeBufferedNet failed for driver cut_2350491/Y
[WARNING RSZ-0075] makeBufferedNet failed for driver u1085/QN
[WARNING RSZ-0075] makeBufferedNet failed for driver cut_2350991/Y
[WARNING RSZ-0075] makeBufferedNet failed for driver cut_2350995/Y
[WARNING RSZ-0075] makeBufferedNet failed for driver u1085/QN
[WARNING RSZ-0075] makeBufferedNet failed for driver u1085/QN
[WARNING RSZ-0075] makeBufferedNet failed for driver cut_2350995/Y
[WARNING RSZ-0075] makeBufferedNet failed for driver cut_2350991/Y
[WARNING RSZ-0075] makeBufferedNet failed for driver cut_2350491/Y
[WARNING RSZ-0075] makeBufferedNet failed for driver u1085/QN
[WARNING RSZ-0075] makeBufferedNet failed for driver u1085/QN
[WARNING RSZ-0075] makeBufferedNet failed for driver cut_2350995/Y
[WARNING RSZ-0075] makeBufferedNet failed for driver cut_2350991/Y
[WARNING RSZ-0075] makeBufferedNet failed for driver cut_2350491/Y
[WARNING RSZ-0075] makeBufferedNet failed for driver u1085/QN
[WARNING RSZ-0075] makeBufferedNet failed for driver u1085/QN
[WARNING RSZ-0075] makeBufferedNet failed for driver u1085/QN
[WARNING RSZ-0075] makeBufferedNet failed for driver u1085/QN
[WARNING RSZ-0075] makeBufferedNet failed for driver cut_2350995/Y
[WARNING RSZ-0075] makeBufferedNet failed for driver cut_2350991/Y
[WARNING RSZ-0075] makeBufferedNet failed for driver cut_2350491/Y
[WARNING RSZ-0075] makeBufferedNet failed for driver u1085/QN
[WARNING RSZ-0075] makeBufferedNet failed for driver cut_2350995/Y
[WARNING RSZ-0075] makeBufferedNet failed for driver cut_2350991/Y
[WARNING RSZ-0075] makeBufferedNet failed for driver cut_2350491/Y
[WARNING RSZ-0075] makeBufferedNet failed for driver u1085/QN
[WARNING RSZ-0075] makeBufferedNet failed for driver cut_2350991/Y
[WARNING RSZ-0075] makeBufferedNet failed for driver u1085/QN
[WARNING RSZ-0075] makeBufferedNet failed for driver cut_2350491/Y
[WARNING RSZ-0075] makeBufferedNet failed for driver cut_2351803/Y
[WARNING RSZ-0075] makeBufferedNet failed for driver u1085/QN
[WARNING RSZ-0075] makeBufferedNet failed for driver cut_2350491/Y
[WARNING RSZ-0075] makeBufferedNet failed for driver cut_2351803/Y
[WARNING RSZ-0075] makeBufferedNet failed for driver u1197/QN
[WARNING RSZ-0075] makeBufferedNet failed for driver split5888/Y
[WARNING RSZ-0075] makeBufferedNet failed for driver u1085/QN
[WARNING RSZ-0075] makeBufferedNet failed for driver cut_2350491/Y
[WARNING RSZ-0075] makeBufferedNet failed for driver u1085/QN
[WARNING RSZ-0075] makeBufferedNet failed for driver cut_2350995/Y
[WARNING RSZ-0075] makeBufferedNet failed for driver cut_2350991/Y
[WARNING RSZ-0075] makeBufferedNet failed for driver cut_2350491/Y
[WARNING RSZ-0075] makeBufferedNet failed for driver u1085/QN
[WARNING RSZ-0075] makeBufferedNet failed for driver cut_2350995/Y
[WARNING RSZ-0075] makeBufferedNet failed for driver cut_2350991/Y
[WARNING RSZ-0075] makeBufferedNet failed for driver cut_2350491/Y
[WARNING RSZ-0075] makeBufferedNet failed for driver cut_2351042/Y
[WARNING RSZ-0075] makeBufferedNet failed for driver cut_2350990/Y
[WARNING RSZ-0075] makeBufferedNet failed for driver u1085/QN
[WARNING RSZ-0075] makeBufferedNet failed for driver cut_2350995/Y
[WARNING RSZ-0075] makeBufferedNet failed for driver cut_2350991/Y
[WARNING RSZ-0075] makeBufferedNet failed for driver cut_2350491/Y
[WARNING RSZ-0075] makeBufferedNet failed for driver cut_2351042/Y
[WARNING RSZ-0075] makeBufferedNet failed for driver cut_2350990/Y
[WARNING RSZ-0075] makeBufferedNet failed for driver u1085/QN
[WARNING RSZ-0075] makeBufferedNet failed for driver cut_2350993/Y
[WARNING RSZ-0075] makeBufferedNet failed for driver u1085/QN
[WARNING RSZ-0075] makeBufferedNet failed for driver cut_2350995/Y
[WARNING RSZ-0075] makeBufferedNet failed for driver u1197/QN
[WARNING RSZ-0075] makeBufferedNet failed for driver split5888/Y
[WARNING RSZ-0075] makeBufferedNet failed for driver u1197/QN
[WARNING RSZ-0075] makeBufferedNet failed for driver u1085/QN
[WARNING RSZ-0075] makeBufferedNet failed for driver cut_2350491/Y
[WARNING RSZ-0075] makeBufferedNet failed for driver u1085/QN
[WARNING RSZ-0075] makeBufferedNet failed for driver cut_2350995/Y
[WARNING RSZ-0075] makeBufferedNet failed for driver cut_2350991/Y
[WARNING RSZ-0075] makeBufferedNet failed for driver cut_2350491/Y
[WARNING RSZ-0075] makeBufferedNet failed for driver cut_2351042/Y
[WARNING RSZ-0075] makeBufferedNet failed for driver cut_2350990/Y
[WARNING RSZ-0075] makeBufferedNet failed for driver u1085/QN
[WARNING RSZ-0075] makeBufferedNet failed for driver cut_2350995/Y
[WARNING RSZ-0075] makeBufferedNet failed for driver cut_2350991/Y
[WARNING RSZ-0075] makeBufferedNet failed for driver cut_2350491/Y
[WARNING RSZ-0075] makeBufferedNet failed for driver cut_2351042/Y
[WARNING RSZ-0075] makeBufferedNet failed for driver cut_2350990/Y
[WARNING RSZ-0075] makeBufferedNet failed for driver u1085/QN
[WARNING RSZ-0075] makeBufferedNet failed for driver u1085/QN
[WARNING RSZ-0075] makeBufferedNet failed for driver cut_2350995/Y
[WARNING RSZ-0075] makeBufferedNet failed for driver cut_2350991/Y
[WARNING RSZ-0075] makeBufferedNet failed for driver cut_2350491/Y
[WARNING RSZ-0075] makeBufferedNet failed for driver cut_2351042/Y
[WARNING RSZ-0075] makeBufferedNet failed for driver cut_2350990/Y
[WARNING RSZ-0075] makeBufferedNet failed for driver u1085/QN
[WARNING RSZ-0075] makeBufferedNet failed for driver cut_2350991/Y
[WARNING RSZ-0075] makeBufferedNet failed for driver cut_2350491/Y
[WARNING RSZ-0075] makeBufferedNet failed for driver u1085/QN
[WARNING RSZ-0075] makeBufferedNet failed for driver cut_2350995/Y
[WARNING RSZ-0075] makeBufferedNet failed for driver cut_2350991/Y
[WARNING RSZ-0075] makeBufferedNet failed for driver cut_2350491/Y
[WARNING RSZ-0075] makeBufferedNet failed for driver cut_2351042/Y
[WARNING RSZ-0075] makeBufferedNet failed for driver cut_2350990/Y
[WARNING RSZ-0075] makeBufferedNet failed for driver u1390/QN
[WARNING RSZ-0075] makeBufferedNet failed for driver cut_2351204/Y
[WARNING RSZ-0075] makeBufferedNet failed for driver u1390/QN
[WARNING RSZ-0075] makeBufferedNet failed for driver cut_2351204/Y
[WARNING RSZ-0075] makeBufferedNet failed for driver u1390/QN
[WARNING RSZ-0075] makeBufferedNet failed for driver cut_2351204/Y
[WARNING RSZ-0075] makeBufferedNet failed for driver cut_2351298/Y
[WARNING RSZ-0075] makeBufferedNet failed for driver u1390/QN
[WARNING RSZ-0075] makeBufferedNet failed for driver cut_2351204/Y
[WARNING RSZ-0075] makeBufferedNet failed for driver cut_2351299/Y
[WARNING RSZ-0075] makeBufferedNet failed for driver cut_2351298/Y
[WARNING RSZ-0075] makeBufferedNet failed for driver u5995/QN
[WARNING RSZ-0075] makeBufferedNet failed for driver cut_2352664/Y
[WARNING RSZ-0075] makeBufferedNet failed for driver u5158/QN
[WARNING RSZ-0075] makeBufferedNet failed for driver u5996/QN
[WARNING RSZ-0075] makeBufferedNet failed for driver u5158/QN
[WARNING RSZ-0075] makeBufferedNet failed for driver cut_2349670/Y
[WARNING RSZ-0075] makeBufferedNet failed for driver u5158/QN
[WARNING RSZ-0075] makeBufferedNet failed for driver cut_2353744/Y
[WARNING RSZ-0075] makeBufferedNet failed for driver u5995/QN
[WARNING RSZ-0075] makeBufferedNet failed for driver u5572/QN
[WARNING RSZ-0075] makeBufferedNet failed for driver u5572/QN
[WARNING RSZ-0075] makeBufferedNet failed for driver u5572/QN
[WARNING RSZ-0075] makeBufferedNet failed for driver u5990/QN
[WARNING RSZ-0075] makeBufferedNet failed for driver u5990/QN
[WARNING RSZ-0075] makeBufferedNet failed for driver u5158/QN
[WARNING RSZ-0075] makeBufferedNet failed for driver cut_2353744/Y
[WARNING RSZ-0075] makeBufferedNet failed for driver u5158/QN
[WARNING RSZ-0075] makeBufferedNet failed for driver cut_2349778/Y
[WARNING RSZ-0075] makeBufferedNet failed for driver cut_2353744/Y
[WARNING RSZ-0075] makeBufferedNet failed for driver u5158/QN
[WARNING RSZ-0075] makeBufferedNet failed for driver cut_2349778/Y
[WARNING RSZ-0075] makeBufferedNet failed for driver cut_2353744/Y
[WARNING RSZ-0075] makeBufferedNet failed for driver u5996/QN
[WARNING RSZ-0075] makeBufferedNet failed for driver u5572/QN
[WARNING RSZ-0075] makeBufferedNet failed for driver u5158/QN
[WARNING RSZ-0075] makeBufferedNet failed for driver u5995/QN
[WARNING RSZ-0075] makeBufferedNet failed for driver u5576/QN
[WARNING RSZ-0075] makeBufferedNet failed for driver u5158/QN
[WARNING RSZ-0075] makeBufferedNet failed for driver cut_2353744/Y
[WARNING RSZ-0075] makeBufferedNet failed for driver cut_2349778/Y
[WARNING RSZ-0075] makeBufferedNet failed for driver cut_2349670/Y
[WARNING RSZ-0075] makeBufferedNet failed for driver u5158/QN
[WARNING RSZ-0075] makeBufferedNet failed for driver cut_2353744/Y
[WARNING RSZ-0075] makeBufferedNet failed for driver cut_2349778/Y
[WARNING RSZ-0075] makeBufferedNet failed for driver cut_2349670/Y
[WARNING RSZ-0075] makeBufferedNet failed for driver cut_2352429/Y
[WARNING RSZ-0075] makeBufferedNet failed for driver u5161/QN
[WARNING RSZ-0075] makeBufferedNet failed for driver u5574/QN
[WARNING RSZ-0075] makeBufferedNet failed for driver u5995/QN
[WARNING RSZ-0075] makeBufferedNet failed for driver u5576/QN
[WARNING RSZ-0075] makeBufferedNet failed for driver u5996/QN
[WARNING RSZ-0075] makeBufferedNet failed for driver cut_2349953/Y
[WARNING RSZ-0075] makeBufferedNet failed for driver u5576/QN
[WARNING RSZ-0075] makeBufferedNet failed for driver u5995/QN
[WARNING RSZ-0075] makeBufferedNet failed for driver u5995/QN
[WARNING RSZ-0075] makeBufferedNet failed for driver cut_2349951/Y
[WARNING RSZ-0075] makeBufferedNet failed for driver cut_2349915/Y
[WARNING RSZ-0075] makeBufferedNet failed for driver u5571/QN
[WARNING RSZ-0075] makeBufferedNet failed for driver u5572/QN
[WARNING RSZ-0075] makeBufferedNet failed for driver u5995/QN
[WARNING RSZ-0075] makeBufferedNet failed for driver u5996/QN
[WARNING RSZ-0075] makeBufferedNet failed for driver u5995/QN
[WARNING RSZ-0075] makeBufferedNet failed for driver u5995/QN
[WARNING RSZ-0075] makeBufferedNet failed for driver cut_2349951/Y
[WARNING RSZ-0075] makeBufferedNet failed for driver cut_2349915/Y
[WARNING RSZ-0075] makeBufferedNet failed for driver cut_2349873/Y
[WARNING RSZ-0075] makeBufferedNet failed for driver cut_2349811/Y
[WARNING RSZ-0075] makeBufferedNet failed for driver u5995/QN
[WARNING RSZ-0075] makeBufferedNet failed for driver split5881/Y
[WARNING RSZ-0075] makeBufferedNet failed for driver u5995/QN
[WARNING RSZ-0075] makeBufferedNet failed for driver u5995/QN
[WARNING RSZ-0075] makeBufferedNet failed for driver cut_2349951/Y
[WARNING RSZ-0075] makeBufferedNet failed for driver cut_2349915/Y
[WARNING RSZ-0075] makeBufferedNet failed for driver cut_2349873/Y
[WARNING RSZ-0075] makeBufferedNet failed for driver u5995/QN
[WARNING RSZ-0075] makeBufferedNet failed for driver split5881/Y
[WARNING RSZ-0075] makeBufferedNet failed for driver u5995/QN
[WARNING RSZ-0075] makeBufferedNet failed for driver u5995/QN
[WARNING RSZ-0075] makeBufferedNet failed for driver cut_2349873/Y
[WARNING RSZ-0075] makeBufferedNet failed for driver u5158/QN
[WARNING RSZ-0075] makeBufferedNet failed for driver cut_2353744/Y
[WARNING RSZ-0075] makeBufferedNet failed for driver cut_2349727/Y
[WARNING RSZ-0075] makeBufferedNet failed for driver u5158/QN
[WARNING RSZ-0075] makeBufferedNet failed for driver u5995/QN
[WARNING RSZ-0075] makeBufferedNet failed for driver cut_2349951/Y
[WARNING RSZ-0075] makeBufferedNet failed for driver cut_2349915/Y
[WARNING RSZ-0075] makeBufferedNet failed for driver cut_2349873/Y
[WARNING RSZ-0075] makeBufferedNet failed for driver u5995/QN
[WARNING RSZ-0075] makeBufferedNet failed for driver cut_2349951/Y
[WARNING RSZ-0075] makeBufferedNet failed for driver cut_2349915/Y
[WARNING RSZ-0075] makeBufferedNet failed for driver cut_2349873/Y
[WARNING RSZ-0075] makeBufferedNet failed for driver cut_2349874/Y
[WARNING RSZ-0075] makeBufferedNet failed for driver u5574/QN
[WARNING RSZ-0075] makeBufferedNet failed for driver u5572/QN
[WARNING RSZ-0075] makeBufferedNet failed for driver u5995/QN
[WARNING RSZ-0075] makeBufferedNet failed for driver cut_2349951/Y
[WARNING RSZ-0075] makeBufferedNet failed for driver cut_2349915/Y
[WARNING RSZ-0075] makeBufferedNet failed for driver cut_2349873/Y
[WARNING RSZ-0075] makeBufferedNet failed for driver cut_2349874/Y
[WARNING RSZ-0075] makeBufferedNet failed for driver cut_2349811/Y
[WARNING RSZ-0075] makeBufferedNet failed for driver u5995/QN
[WARNING RSZ-0075] makeBufferedNet failed for driver u5996/QN
[WARNING RSZ-0075] makeBufferedNet failed for driver u5158/QN
[WARNING RSZ-0075] makeBufferedNet failed for driver cut_2353744/Y
[WARNING RSZ-0075] makeBufferedNet failed for driver cut_2349778/Y
[WARNING RSZ-0075] makeBufferedNet failed for driver cut_2349670/Y
[WARNING RSZ-0075] makeBufferedNet failed for driver cut_2352429/Y
[WARNING RSZ-0075] makeBufferedNet failed for driver u5995/QN
[WARNING RSZ-0075] makeBufferedNet failed for driver cut_2349873/Y
[WARNING RSZ-0075] makeBufferedNet failed for driver cut_2349874/Y
[WARNING RSZ-0075] makeBufferedNet failed for driver cut_2349811/Y
[WARNING RSZ-0075] makeBufferedNet failed for driver u5995/QN
[WARNING RSZ-0075] makeBufferedNet failed for driver split5881/Y
[WARNING RSZ-0075] makeBufferedNet failed for driver cut_2349995/Y
[WARNING RSZ-0075] makeBufferedNet failed for driver cut_2349899/Y
[WARNING RSZ-0075] makeBufferedNet failed for driver u5995/QN
[WARNING RSZ-0075] makeBufferedNet failed for driver split5881/Y
[WARNING RSZ-0075] makeBufferedNet failed for driver cut_2349995/Y
[WARNING RSZ-0075] makeBufferedNet failed for driver cut_2349899/Y
[WARNING RSZ-0075] makeBufferedNet failed for driver cut_2349900/Y
[WARNING RSZ-0075] makeBufferedNet failed for driver u5995/QN
[WARNING RSZ-0075] makeBufferedNet failed for driver split5881/Y
[WARNING RSZ-0075] makeBufferedNet failed for driver cut_2349995/Y
[WARNING RSZ-0075] makeBufferedNet failed for driver cut_2349899/Y
[WARNING RSZ-0075] makeBufferedNet failed for driver cut_2349900/Y
[WARNING RSZ-0075] makeBufferedNet failed for driver u5995/QN
[WARNING RSZ-0075] makeBufferedNet failed for driver split5881/Y
[WARNING RSZ-0075] makeBufferedNet failed for driver cut_2349995/Y
[WARNING RSZ-0075] makeBufferedNet failed for driver cut_2349899/Y
[WARNING RSZ-0075] makeBufferedNet failed for driver cut_2349900/Y
[WARNING RSZ-0075] makeBufferedNet failed for driver cut_2352673/Y
[WARNING RSZ-0075] makeBufferedNet failed for driver u5995/QN
[WARNING RSZ-0075] makeBufferedNet failed for driver split5881/Y
[WARNING RSZ-0075] makeBufferedNet failed for driver cut_2349995/Y
[WARNING RSZ-0075] makeBufferedNet failed for driver cut_2349899/Y
[WARNING RSZ-0075] makeBufferedNet failed for driver cut_2349900/Y
[WARNING RSZ-0075] makeBufferedNet failed for driver cut_2352673/Y
[WARNING RSZ-0075] makeBufferedNet failed for driver u5995/QN
[WARNING RSZ-0075] makeBufferedNet failed for driver split5881/Y
[WARNING RSZ-0075] makeBufferedNet failed for driver cut_2349995/Y
[WARNING RSZ-0075] makeBufferedNet failed for driver cut_2349899/Y
[WARNING RSZ-0075] makeBufferedNet failed for driver cut_2349900/Y
[WARNING RSZ-0075] makeBufferedNet failed for driver cut_2352673/Y
[WARNING RSZ-0075] makeBufferedNet failed for driver u5995/QN
[WARNING RSZ-0075] makeBufferedNet failed for driver split5881/Y
[WARNING RSZ-0075] makeBufferedNet failed for driver cut_2349995/Y
[WARNING RSZ-0075] makeBufferedNet failed for driver cut_2349899/Y
[WARNING RSZ-0075] makeBufferedNet failed for driver cut_2349900/Y
[WARNING RSZ-0075] makeBufferedNet failed for driver cut_2352673/Y
[WARNING RSZ-0075] makeBufferedNet failed for driver u5995/QN
[WARNING RSZ-0075] makeBufferedNet failed for driver split5881/Y
[WARNING RSZ-0075] makeBufferedNet failed for driver cut_2349995/Y
[WARNING RSZ-0075] makeBufferedNet failed for driver cut_2349899/Y
[WARNING RSZ-0075] makeBufferedNet failed for driver cut_2349900/Y
[WARNING RSZ-0075] makeBufferedNet failed for driver cut_2352673/Y
[WARNING RSZ-0075] makeBufferedNet failed for driver u1085/QN
[WARNING RSZ-0075] makeBufferedNet failed for driver u1085/QN
[WARNING RSZ-0075] makeBufferedNet failed for driver u1085/QN
[WARNING RSZ-0075] makeBufferedNet failed for driver cut_2350995/Y
[WARNING RSZ-0075] makeBufferedNet failed for driver cut_2350991/Y
[WARNING RSZ-0075] makeBufferedNet failed for driver cut_2350491/Y
[WARNING RSZ-0075] makeBufferedNet failed for driver u1085/QN
[WARNING RSZ-0075] makeBufferedNet failed for driver cut_2350995/Y
[WARNING RSZ-0075] makeBufferedNet failed for driver cut_2350991/Y
[WARNING RSZ-0075] makeBufferedNet failed for driver u1085/QN
[WARNING RSZ-0075] makeBufferedNet failed for driver cut_2350995/Y
[WARNING RSZ-0075] makeBufferedNet failed for driver cut_2350991/Y
[WARNING RSZ-0075] makeBufferedNet failed for driver u1085/QN
[WARNING RSZ-0075] makeBufferedNet failed for driver cut_2350995/Y
[WARNING RSZ-0075] makeBufferedNet failed for driver cut_2350991/Y
[WARNING RSZ-0075] makeBufferedNet failed for driver cut_2350491/Y
[WARNING RSZ-0075] makeBufferedNet failed for driver u1085/QN
[WARNING RSZ-0075] makeBufferedNet failed for driver cut_2350995/Y
[WARNING RSZ-0075] makeBufferedNet failed for driver cut_2350991/Y
[WARNING RSZ-0075] makeBufferedNet failed for driver cut_2350491/Y
[WARNING RSZ-0075] makeBufferedNet failed for driver u1085/QN
[WARNING RSZ-0075] makeBufferedNet failed for driver cut_2350995/Y
[WARNING RSZ-0075] makeBufferedNet failed for driver cut_2350991/Y
[WARNING RSZ-0075] makeBufferedNet failed for driver cut_2350491/Y
[WARNING RSZ-0075] makeBufferedNet failed for driver u1085/QN
[WARNING RSZ-0075] makeBufferedNet failed for driver cut_2350995/Y
[WARNING RSZ-0075] makeBufferedNet failed for driver cut_2350991/Y
[WARNING RSZ-0075] makeBufferedNet failed for driver cut_2350491/Y
[WARNING RSZ-0075] makeBufferedNet failed for driver u1085/QN
[WARNING RSZ-0075] makeBufferedNet failed for driver cut_2350995/Y
[WARNING RSZ-0075] makeBufferedNet failed for driver cut_2350991/Y
[WARNING RSZ-0075] makeBufferedNet failed for driver cut_2350491/Y
[WARNING RSZ-0075] makeBufferedNet failed for driver u1085/QN
[WARNING RSZ-0075] makeBufferedNet failed for driver cut_2350995/Y
[WARNING RSZ-0075] makeBufferedNet failed for driver cut_2350991/Y
[WARNING RSZ-0075] makeBufferedNet failed for driver cut_2350491/Y
[WARNING RSZ-0075] makeBufferedNet failed for driver cut_2350990/Y
[WARNING RSZ-0075] makeBufferedNet failed for driver u1085/QN
[WARNING RSZ-0075] makeBufferedNet failed for driver cut_2350995/Y
[WARNING RSZ-0075] makeBufferedNet failed for driver cut_2350991/Y
[WARNING RSZ-0075] makeBufferedNet failed for driver cut_2350491/Y
[WARNING RSZ-0075] makeBufferedNet failed for driver cut_2350990/Y
[WARNING RSZ-0075] makeBufferedNet failed for driver u1085/QN
[WARNING RSZ-0075] makeBufferedNet failed for driver cut_2350995/Y
[WARNING RSZ-0075] makeBufferedNet failed for driver cut_2350991/Y
[WARNING RSZ-0075] makeBufferedNet failed for driver cut_2350491/Y
[WARNING RSZ-0075] makeBufferedNet failed for driver cut_2350990/Y
[WARNING RSZ-0075] makeBufferedNet failed for driver u1085/QN
[WARNING RSZ-0075] makeBufferedNet failed for driver cut_2350995/Y
[WARNING RSZ-0075] makeBufferedNet failed for driver cut_2350991/Y
[WARNING RSZ-0075] makeBufferedNet failed for driver cut_2350491/Y
[WARNING RSZ-0075] makeBufferedNet failed for driver cut_2350990/Y
[WARNING RSZ-0075] makeBufferedNet failed for driver u1085/QN
[WARNING RSZ-0075] makeBufferedNet failed for driver cut_2350995/Y
[WARNING RSZ-0075] makeBufferedNet failed for driver cut_2350991/Y
[WARNING RSZ-0075] makeBufferedNet failed for driver cut_2350491/Y
[WARNING RSZ-0075] makeBufferedNet failed for driver cut_2350990/Y
[WARNING RSZ-0075] makeBufferedNet failed for driver u1085/QN
[WARNING RSZ-0075] makeBufferedNet failed for driver cut_2350995/Y
[WARNING RSZ-0075] makeBufferedNet failed for driver cut_2350991/Y
[WARNING RSZ-0075] makeBufferedNet failed for driver cut_2350491/Y
[WARNING RSZ-0075] makeBufferedNet failed for driver cut_2350990/Y
[WARNING RSZ-0075] makeBufferedNet failed for driver u682/QN
[WARNING RSZ-0075] makeBufferedNet failed for driver u556/QN
[WARNING RSZ-0075] makeBufferedNet failed for driver u556/QN
[WARNING RSZ-0075] makeBufferedNet failed for driver u556/QN
[WARNING RSZ-0075] makeBufferedNet failed for driver u682/QN
[WARNING RSZ-0075] makeBufferedNet failed for driver u556/QN
[WARNING RSZ-0075] makeBufferedNet failed for driver u682/QN
[WARNING RSZ-0075] makeBufferedNet failed for driver cut_2350426/Y
[WARNING RSZ-0075] makeBufferedNet failed for driver u745/QN
[WARNING RSZ-0075] makeBufferedNet failed for driver u556/QN
[WARNING RSZ-0075] makeBufferedNet failed for driver u786/QN
[WARNING RSZ-0075] makeBufferedNet failed for driver u745/QN
[WARNING RSZ-0075] makeBufferedNet failed for driver u556/QN
[WARNING RSZ-0075] makeBufferedNet failed for driver u682/QN
[WARNING RSZ-0075] makeBufferedNet failed for driver u682/QN
[WARNING RSZ-0075] makeBufferedNet failed for driver u146/QN
[WARNING RSZ-0075] makeBufferedNet failed for driver u146/QN
[WARNING RSZ-0075] makeBufferedNet failed for driver u565/QN
[WARNING RSZ-0075] makeBufferedNet failed for driver cut_2348596/Y
[WARNING RSZ-0075] makeBufferedNet failed for driver u147/QN
[WARNING RSZ-0075] makeBufferedNet failed for driver u147/QN
[WARNING RSZ-0075] makeBufferedNet failed for driver u147/QN
[WARNING RSZ-0075] makeBufferedNet failed for driver cut_2346648/Y
[WARNING RSZ-0075] makeBufferedNet failed for driver u147/QN
[WARNING RSZ-0075] makeBufferedNet failed for driver cut_2346648/Y
[WARNING RSZ-0075] makeBufferedNet failed for driver u145/QN
[WARNING RSZ-0075] makeBufferedNet failed for driver cut_2346648/Y
[WARNING RSZ-0075] makeBufferedNet failed for driver u145/QN
[WARNING RSZ-0075] makeBufferedNet failed for driver cut_2346648/Y
[WARNING RSZ-0075] makeBufferedNet failed for driver cut_2346647/Y
[WARNING RSZ-0075] makeBufferedNet failed for driver u146/QN
[WARNING RSZ-0075] makeBufferedNet failed for driver u147/QN
[WARNING RSZ-0075] makeBufferedNet failed for driver cut_2346648/Y
[WARNING RSZ-0075] makeBufferedNet failed for driver cut_2346647/Y
[WARNING RSZ-0075] makeBufferedNet failed for driver cut_2346158/Y
[WARNING RSZ-0075] makeBufferedNet failed for driver u565/QN
[WARNING RSZ-0075] makeBufferedNet failed for driver cut_2348596/Y
[WARNING RSZ-0075] makeBufferedNet failed for driver u565/QN
[WARNING RSZ-0075] makeBufferedNet failed for driver cut_2348596/Y
[WARNING RSZ-0075] makeBufferedNet failed for driver u565/QN
[WARNING RSZ-0075] makeBufferedNet failed for driver cut_2348596/Y
[WARNING RSZ-0075] makeBufferedNet failed for driver cut_2348826/Y
[WARNING RSZ-0075] makeBufferedNet failed for driver u564/QN
[WARNING RSZ-0075] makeBufferedNet failed for driver u564/QN
[WARNING RSZ-0075] makeBufferedNet failed for driver cut_2348608/Y
[WARNING RSZ-0075] makeBufferedNet failed for driver u564/QN
[WARNING RSZ-0075] makeBufferedNet failed for driver u565/QN
[WARNING RSZ-0075] makeBufferedNet failed for driver cut_2348596/Y
[WARNING RSZ-0075] makeBufferedNet failed for driver u565/QN
[WARNING RSZ-0075] makeBufferedNet failed for driver u745/QN
[WARNING RSZ-0075] makeBufferedNet failed for driver cut_2350467/Y
[WARNING RSZ-0075] makeBufferedNet failed for driver cut_2350446/Y
[WARNING RSZ-0075] makeBufferedNet failed for driver u745/QN
[WARNING RSZ-0075] makeBufferedNet failed for driver u745/QN
[WARNING RSZ-0075] makeBufferedNet failed for driver cut_2350467/Y
[WARNING RSZ-0075] makeBufferedNet failed for driver u682/QN
[WARNING RSZ-0075] makeBufferedNet failed for driver cut_2350418/Y
[WARNING RSZ-0075] makeBufferedNet failed for driver u745/QN
[WARNING RSZ-0075] makeBufferedNet failed for driver u745/QN
[WARNING RSZ-0075] makeBufferedNet failed for driver cut_2350467/Y
[WARNING RSZ-0075] makeBufferedNet failed for driver u682/QN
[WARNING RSZ-0075] makeBufferedNet failed for driver cut_2350418/Y
[WARNING RSZ-0075] makeBufferedNet failed for driver u745/QN
[WARNING RSZ-0075] makeBufferedNet failed for driver cut_2350974/Y
[WARNING RSZ-0075] makeBufferedNet failed for driver u745/QN
[WARNING RSZ-0075] makeBufferedNet failed for driver cut_2350467/Y
[WARNING RSZ-0075] makeBufferedNet failed for driver cut_2350357/Y
[WARNING RSZ-0075] makeBufferedNet failed for driver u745/QN
[WARNING RSZ-0075] makeBufferedNet failed for driver cut_2350467/Y
[WARNING RSZ-0075] makeBufferedNet failed for driver u745/QN
[WARNING RSZ-0075] makeBufferedNet failed for driver cut_2350467/Y
[WARNING RSZ-0075] makeBufferedNet failed for driver cut_2350357/Y
[WARNING RSZ-0075] makeBufferedNet failed for driver u745/QN
[WARNING RSZ-0075] makeBufferedNet failed for driver u745/QN
[WARNING RSZ-0075] makeBufferedNet failed for driver cut_2350467/Y
[WARNING RSZ-0075] makeBufferedNet failed for driver cut_2350357/Y
[WARNING RSZ-0075] makeBufferedNet failed for driver u745/QN
[WARNING RSZ-0075] makeBufferedNet failed for driver cut_2350467/Y
[WARNING RSZ-0075] makeBufferedNet failed for driver cut_2350445/Y
[WARNING RSZ-0075] makeBufferedNet failed for driver cut_2350357/Y
[WARNING RSZ-0075] makeBufferedNet failed for driver cut_2350358/Y
[WARNING RSZ-0075] makeBufferedNet failed for driver u745/QN
[WARNING RSZ-0075] makeBufferedNet failed for driver u745/QN
[WARNING RSZ-0075] makeBufferedNet failed for driver u745/QN
[WARNING RSZ-0075] makeBufferedNet failed for driver cut_2350974/Y
[WARNING RSZ-0075] makeBufferedNet failed for driver u682/QN
[WARNING RSZ-0075] makeBufferedNet failed for driver cut_2350418/Y
[WARNING RSZ-0075] makeBufferedNet failed for driver split5874/Y
[WARNING RSZ-0075] makeBufferedNet failed for driver u682/QN
[WARNING RSZ-0075] makeBufferedNet failed for driver cut_2350418/Y
[WARNING RSZ-0075] makeBufferedNet failed for driver cut_2350925/Y
[WARNING RSZ-0075] makeBufferedNet failed for driver split5874/Y
[WARNING RSZ-0075] makeBufferedNet failed for driver u745/QN
[WARNING RSZ-0075] makeBufferedNet failed for driver u745/QN
[WARNING RSZ-0075] makeBufferedNet failed for driver cut_2350445/Y
[WARNING RSZ-0075] makeBufferedNet failed for driver cut_2350357/Y
[WARNING RSZ-0075] makeBufferedNet failed for driver cut_2350358/Y
[WARNING RSZ-0075] makeBufferedNet failed for driver u5158/QN
[WARNING RSZ-0075] makeBufferedNet failed for driver cut_2352556/Y
[WARNING RSZ-0075] makeBufferedNet failed for driver u5158/QN
[WARNING RSZ-0075] makeBufferedNet failed for driver cut_2352556/Y
[WARNING RSZ-0075] makeBufferedNet failed for driver u5158/QN
[WARNING RSZ-0075] makeBufferedNet failed for driver cut_2352556/Y
[WARNING RSZ-0075] makeBufferedNet failed for driver u5158/QN
[WARNING RSZ-0075] makeBufferedNet failed for driver cut_2352556/Y
[WARNING RSZ-0075] makeBufferedNet failed for driver u5158/QN
[WARNING RSZ-0075] makeBufferedNet failed for driver cut_2352556/Y
[WARNING RSZ-0075] makeBufferedNet failed for driver cut_2349741/Y
[WARNING RSZ-0075] makeBufferedNet failed for driver u6408/QN
[WARNING RSZ-0075] makeBufferedNet failed for driver u6414/QN
[WARNING RSZ-0075] makeBufferedNet failed for driver cut_2350043/Y
[WARNING RSZ-0075] makeBufferedNet failed for driver u5158/QN
[WARNING RSZ-0075] makeBufferedNet failed for driver cut_2352556/Y
[WARNING RSZ-0075] makeBufferedNet failed for driver cut_2349685/Y
[WARNING RSZ-0075] makeBufferedNet failed for driver u5158/QN
[WARNING RSZ-0075] makeBufferedNet failed for driver cut_2352556/Y
[WARNING RSZ-0075] makeBufferedNet failed for driver cut_2349685/Y
[WARNING RSZ-0075] makeBufferedNet failed for driver u5158/QN
[WARNING RSZ-0075] makeBufferedNet failed for driver cut_2352556/Y
[WARNING RSZ-0075] makeBufferedNet failed for driver cut_2349685/Y
[WARNING RSZ-0075] makeBufferedNet failed for driver cut_2349670/Y
[WARNING RSZ-0075] makeBufferedNet failed for driver u5158/QN
[WARNING RSZ-0075] makeBufferedNet failed for driver cut_2352556/Y
[WARNING RSZ-0075] makeBufferedNet failed for driver cut_2349685/Y
[WARNING RSZ-0075] makeBufferedNet failed for driver cut_2349670/Y
[WARNING RSZ-0075] makeBufferedNet failed for driver cut_2349741/Y
[WARNING RSZ-0075] makeBufferedNet failed for driver u5160/QN
[WARNING RSZ-0075] makeBufferedNet failed for driver u5574/QN
[WARNING RSZ-0075] makeBufferedNet failed for driver u5572/QN
[WARNING RSZ-0075] makeBufferedNet failed for driver split5941/Y
[WARNING RSZ-0075] makeBufferedNet failed for driver u5158/QN
[WARNING RSZ-0075] makeBufferedNet failed for driver cut_2352556/Y
[WARNING RSZ-0075] makeBufferedNet failed for driver cut_2349685/Y
[WARNING RSZ-0075] makeBufferedNet failed for driver u6414/QN
[WARNING RSZ-0075] makeBufferedNet failed for driver cut_2350043/Y
[WARNING RSZ-0075] makeBufferedNet failed for driver cut_2350036/Y
[WARNING RSZ-0075] makeBufferedNet failed for driver u6414/QN
[WARNING RSZ-0075] makeBufferedNet failed for driver u5576/QN
[WARNING RSZ-0075] makeBufferedNet failed for driver u5576/QN
[WARNING RSZ-0075] makeBufferedNet failed for driver u5158/QN
[WARNING RSZ-0075] makeBufferedNet failed for driver u5576/QN
[WARNING RSZ-0075] makeBufferedNet failed for driver u5576/QN
[WARNING RSZ-0075] makeBufferedNet failed for driver cut_2349447/Y
[WARNING RSZ-0075] message limit (1000) reached. This message will no longer print.
     999* |       0 |     445 |       80 |     16 |    49 |    +1.2% |  -15.792 |     -142.1 |     -150.1 |    223 | u1500/D
    final |       0 |     463 |       80 |     16 |    49 |    +1.2% |  -15.644 |     -117.9 |     -107.7 |     19 | u1199/D
------------------------------------------------------------------------------------------------------------------------------
[INFO RSZ-0045] Inserted 80 buffers, 68 to split loads.
[INFO RSZ-0051] Resized 463 instances: 463 up, 0 up match, 0 down, 0 VT
[INFO RSZ-0043] Swapped pins on 49 instances.
[INFO RSZ-0049] Cloned 16 instances.
[WARNING RSZ-0062] Unable to repair all setup violations.
[INFO RSZ-0505] Runtime: 31.92s
C6_DONE mode=annealing_repair seed=2
Elapsed time: 11:55.63[h:]min:sec. CPU time: user 684.78 sys 29.40 (99%). Peak memory: 381068KB.
make_exit=0
