======== ABC command line "read_lib -w /home/user/all-the-info/13_FABLE_5_1_SCIENTIFIC_DISCOVERY/experiments/inputs/lib/sky130_fd_sc_hd__tt_025C_1v80.lib; read_aiger design.aig; strash; dch; map -D 3408.14; topo; stime -p; print_stats; write_blif mapped_iso_n128.blif; cec design.aig"
Parsing finished successfully.  Parsing time =     0.11 sec
Scl_LibertyReadGenlib() skipped cell "sky130_fd_sc_hd__decap_12" without logic function.
Scl_LibertyReadGenlib() skipped cell "sky130_fd_sc_hd__decap_3" without logic function.
Scl_LibertyReadGenlib() skipped cell "sky130_fd_sc_hd__decap_4" without logic function.
Scl_LibertyReadGenlib() skipped cell "sky130_fd_sc_hd__decap_6" without logic function.
Scl_LibertyReadGenlib() skipped cell "sky130_fd_sc_hd__decap_8" without logic function.
Scl_LibertyReadGenlib() skipped sequential cell "sky130_fd_sc_hd__dfbbn_1".
Scl_LibertyReadGenlib() skipped sequential cell "sky130_fd_sc_hd__dfbbn_2".
Scl_LibertyReadGenlib() skipped sequential cell "sky130_fd_sc_hd__dfbbp_1".
Scl_LibertyReadGenlib() skipped sequential cell "sky130_fd_sc_hd__dfrbp_1".
Scl_LibertyReadGenlib() skipped sequential cell "sky130_fd_sc_hd__dfrbp_2".
Scl_LibertyReadGenlib() skipped sequential cell "sky130_fd_sc_hd__dfrtn_1".
Scl_LibertyReadGenlib() skipped sequential cell "sky130_fd_sc_hd__dfrtp_1".
Scl_LibertyReadGenlib() skipped sequential cell "sky130_fd_sc_hd__dfrtp_2".
Scl_LibertyReadGenlib() skipped sequential cell "sky130_fd_sc_hd__dfrtp_4".
Scl_LibertyReadGenlib() skipped sequential cell "sky130_fd_sc_hd__dfsbp_1".
Scl_LibertyReadGenlib() skipped sequential cell "sky130_fd_sc_hd__dfsbp_2".
Scl_LibertyReadGenlib() skipped sequential cell "sky130_fd_sc_hd__dfstp_1".
Scl_LibertyReadGenlib() skipped sequential cell "sky130_fd_sc_hd__dfstp_2".
Scl_LibertyReadGenlib() skipped sequential cell "sky130_fd_sc_hd__dfstp_4".
Scl_LibertyReadGenlib() skipped sequential cell "sky130_fd_sc_hd__dfxbp_1".
Scl_LibertyReadGenlib() skipped sequential cell "sky130_fd_sc_hd__dfxbp_2".
Scl_LibertyReadGenlib() skipped sequential cell "sky130_fd_sc_hd__dfxtp_1".
Scl_LibertyReadGenlib() skipped sequential cell "sky130_fd_sc_hd__dfxtp_2".
Scl_LibertyReadGenlib() skipped sequential cell "sky130_fd_sc_hd__dfxtp_4".
Scl_LibertyReadGenlib() skipped cell "sky130_fd_sc_hd__diode_2" without logic function.
Scl_LibertyReadGenlib() skipped cell "sky130_fd_sc_hd__dlclkp_1" without logic function.
Scl_LibertyReadGenlib() skipped cell "sky130_fd_sc_hd__dlclkp_2" without logic function.
Scl_LibertyReadGenlib() skipped cell "sky130_fd_sc_hd__dlclkp_4" without logic function.
Scl_LibertyReadGenlib() skipped sequential cell "sky130_fd_sc_hd__dlrbn_1".
Scl_LibertyReadGenlib() skipped sequential cell "sky130_fd_sc_hd__dlrbn_2".
Scl_LibertyReadGenlib() skipped sequential cell "sky130_fd_sc_hd__dlrbp_1".
Scl_LibertyReadGenlib() skipped sequential cell "sky130_fd_sc_hd__dlrbp_2".
Scl_LibertyReadGenlib() skipped sequential cell "sky130_fd_sc_hd__dlrtn_1".
Scl_LibertyReadGenlib() skipped sequential cell "sky130_fd_sc_hd__dlrtn_2".
Scl_LibertyReadGenlib() skipped sequential cell "sky130_fd_sc_hd__dlrtn_4".
Scl_LibertyReadGenlib() skipped sequential cell "sky130_fd_sc_hd__dlrtp_1".
Scl_LibertyReadGenlib() skipped sequential cell "sky130_fd_sc_hd__dlrtp_2".
Scl_LibertyReadGenlib() skipped sequential cell "sky130_fd_sc_hd__dlrtp_4".
Scl_LibertyReadGenlib() skipped sequential cell "sky130_fd_sc_hd__dlxbn_1".
Scl_LibertyReadGenlib() skipped sequential cell "sky130_fd_sc_hd__dlxbn_2".
Scl_LibertyReadGenlib() skipped sequential cell "sky130_fd_sc_hd__dlxbp_1".
Scl_LibertyReadGenlib() skipped sequential cell "sky130_fd_sc_hd__dlxtn_1".
Scl_LibertyReadGenlib() skipped sequential cell "sky130_fd_sc_hd__dlxtn_2".
Scl_LibertyReadGenlib() skipped sequential cell "sky130_fd_sc_hd__dlxtn_4".
Scl_LibertyReadGenlib() skipped sequential cell "sky130_fd_sc_hd__dlxtp_1".
Scl_LibertyReadGenlib() skipped three-state cell "sky130_fd_sc_hd__ebufn_1".
Scl_LibertyReadGenlib() skipped three-state cell "sky130_fd_sc_hd__ebufn_2".
Scl_LibertyReadGenlib() skipped three-state cell "sky130_fd_sc_hd__ebufn_4".
Scl_LibertyReadGenlib() skipped three-state cell "sky130_fd_sc_hd__ebufn_8".
Scl_LibertyReadGenlib() skipped sequential cell "sky130_fd_sc_hd__edfxbp_1".
Scl_LibertyReadGenlib() skipped sequential cell "sky130_fd_sc_hd__edfxtp_1".
Scl_LibertyReadGenlib() skipped three-state cell "sky130_fd_sc_hd__einvn_0".
Scl_LibertyReadGenlib() skipped three-state cell "sky130_fd_sc_hd__einvn_1".
Scl_LibertyReadGenlib() skipped three-state cell "sky130_fd_sc_hd__einvn_2".
Scl_LibertyReadGenlib() skipped three-state cell "sky130_fd_sc_hd__einvn_4".
Scl_LibertyReadGenlib() skipped three-state cell "sky130_fd_sc_hd__einvn_8".
Scl_LibertyReadGenlib() skipped three-state cell "sky130_fd_sc_hd__einvp_1".
Scl_LibertyReadGenlib() skipped three-state cell "sky130_fd_sc_hd__einvp_2".
Scl_LibertyReadGenlib() skipped three-state cell "sky130_fd_sc_hd__einvp_4".
Scl_LibertyReadGenlib() skipped three-state cell "sky130_fd_sc_hd__einvp_8".
Scl_LibertyReadGenlib() skipped cell "sky130_fd_sc_hd__lpflow_bleeder_1" without logic function.
Scl_LibertyReadGenlib() skipped cell "sky130_fd_sc_hd__lpflow_decapkapwr_12" without logic function.
Scl_LibertyReadGenlib() skipped cell "sky130_fd_sc_hd__lpflow_decapkapwr_3" without logic function.
Scl_LibertyReadGenlib() skipped cell "sky130_fd_sc_hd__lpflow_decapkapwr_4" without logic function.
Scl_LibertyReadGenlib() skipped cell "sky130_fd_sc_hd__lpflow_decapkapwr_6" without logic function.
Scl_LibertyReadGenlib() skipped cell "sky130_fd_sc_hd__lpflow_decapkapwr_8" without logic function.
Scl_LibertyReadGenlib() skipped sequential cell "sky130_fd_sc_hd__lpflow_inputisolatch_1".
Scl_LibertyReadGenlib() skipped sequential cell "sky130_fd_sc_hd__sdfbbn_1".
Scl_LibertyReadGenlib() skipped sequential cell "sky130_fd_sc_hd__sdfbbn_2".
Scl_LibertyReadGenlib() skipped sequential cell "sky130_fd_sc_hd__sdfbbp_1".
Scl_LibertyReadGenlib() skipped sequential cell "sky130_fd_sc_hd__sdfrbp_1".
Scl_LibertyReadGenlib() skipped sequential cell "sky130_fd_sc_hd__sdfrbp_2".
Scl_LibertyReadGenlib() skipped sequential cell "sky130_fd_sc_hd__sdfrtn_1".
Scl_LibertyReadGenlib() skipped sequential cell "sky130_fd_sc_hd__sdfrtp_1".
Scl_LibertyReadGenlib() skipped sequential cell "sky130_fd_sc_hd__sdfrtp_2".
Scl_LibertyReadGenlib() skipped sequential cell "sky130_fd_sc_hd__sdfrtp_4".
Scl_LibertyReadGenlib() skipped sequential cell "sky130_fd_sc_hd__sdfsbp_1".
Scl_LibertyReadGenlib() skipped sequential cell "sky130_fd_sc_hd__sdfsbp_2".
Scl_LibertyReadGenlib() skipped sequential cell "sky130_fd_sc_hd__sdfstp_1".
Scl_LibertyReadGenlib() skipped sequential cell "sky130_fd_sc_hd__sdfstp_2".
Scl_LibertyReadGenlib() skipped sequential cell "sky130_fd_sc_hd__sdfstp_4".
Scl_LibertyReadGenlib() skipped sequential cell "sky130_fd_sc_hd__sdfxbp_1".
Scl_LibertyReadGenlib() skipped sequential cell "sky130_fd_sc_hd__sdfxbp_2".
Scl_LibertyReadGenlib() skipped sequential cell "sky130_fd_sc_hd__sdfxtp_1".
Scl_LibertyReadGenlib() skipped sequential cell "sky130_fd_sc_hd__sdfxtp_2".
Scl_LibertyReadGenlib() skipped sequential cell "sky130_fd_sc_hd__sdfxtp_4".
Scl_LibertyReadGenlib() skipped cell "sky130_fd_sc_hd__sdlclkp_1" without logic function.
Scl_LibertyReadGenlib() skipped cell "sky130_fd_sc_hd__sdlclkp_2" without logic function.
Scl_LibertyReadGenlib() skipped cell "sky130_fd_sc_hd__sdlclkp_4" without logic function.
Scl_LibertyReadGenlib() skipped sequential cell "sky130_fd_sc_hd__sedfxbp_1".
Scl_LibertyReadGenlib() skipped sequential cell "sky130_fd_sc_hd__sedfxbp_2".
Scl_LibertyReadGenlib() skipped sequential cell "sky130_fd_sc_hd__sedfxtp_1".
Scl_LibertyReadGenlib() skipped sequential cell "sky130_fd_sc_hd__sedfxtp_2".
Scl_LibertyReadGenlib() skipped sequential cell "sky130_fd_sc_hd__sedfxtp_4".
Library "sky130_fd_sc_hd__tt_025C_1v80" from "/home/user/all-the-info/13_FABLE_5_1_SCIENTIFIC_DISCOVERY/experiments/inputs/lib/sky130_fd_sc_hd__tt_025C_1v80.lib" has 334 cells (94 skipped: 63 seq; 13 tri-state; 18 no func; 0 dont_use; 0 with 2 outputs; 0 with 3+ outputs).  Time =     0.22 sec
Memory =   19.81 MB. Time =     0.22 sec
Warning: Detected 9 multi-output cells (for example, "sky130_fd_sc_hd__fa_1").
WireLoad = "none"  [1;33mGates =   3550[0m (  9.7 %)   [1;32mCap =  4.9 ff[0m (  1.4 %)   [1;36mArea =    18383.88[0m ( 90.3 %)   [1;35mDelay =  4705.01 ps[0m  (  2.9 %)               
Path  0 --      72 : 0    2 pi                         A =   0.00  Df =   0.0   -0.0 ps  S =   0.0 ps  Cin =  0.0 ff  Cout =   4.0 ff  Cmax =   0.0 ff  G =    0  
Path  1 --     735 : 2    3 sky130_fd_sc_hd__and2_2    A =   7.51  Df = 176.1  -45.3 ps  S =  56.3 ps  Cin =  1.5 ff  Cout =   6.8 ff  Cmax = 303.0 ff  G =  438  
Path  2 --     935 : 2    2 sky130_fd_sc_hd__nor2_1    A =   3.75  Df = 472.0 -144.3 ps  S = 152.7 ps  Cin =  2.4 ff  Cout =   7.2 ff  Cmax =  86.1 ff  G =  297  
Path  3 --     942 : 3    3 sky130_fd_sc_hd__xor3_4    A =  27.53  Df = 915.1 -158.9 ps  S =  94.8 ps  Cin =  3.7 ff  Cout =   4.9 ff  Cmax = 506.3 ff  G =  128  
Path  4 --     947 : 3    5 sky130_fd_sc_hd__nand3b_1  A =   7.51  Df =1141.8 -111.3 ps  S = 147.6 ps  Cin =  2.0 ff  Cout =  11.4 ff  Cmax = 143.7 ff  G =  543  
Path  5 --     954 : 3    1 sky130_fd_sc_hd__and3_2    A =   7.51  Df =1383.7  -10.4 ps  S =  40.9 ps  Cin =  1.5 ff  Cout =   1.8 ff  Cmax = 309.5 ff  G =  114  
Path  6 --     983 : 3    4 sky130_fd_sc_hd__o21ai_0   A =   5.00  Df =1627.9 -131.8 ps  S = 297.7 ps  Cin =  1.7 ff  Cout =   8.6 ff  Cmax =  50.4 ff  G =  492  
Path  7 --     994 : 3    2 sky130_fd_sc_hd__a21oi_1   A =   5.00  Df =1740.3  -82.4 ps  S = 123.1 ps  Cin =  2.3 ff  Cout =   3.6 ff  Cmax =  74.2 ff  G =  148  
Path  8 --    1049 : 3    4 sky130_fd_sc_hd__o21ai_0   A =   5.00  Df =2029.1  -63.0 ps  S = 299.6 ps  Cin =  1.7 ff  Cout =   8.7 ff  Cmax =  50.4 ff  G =  495  
Path  9 --    1059 : 3    2 sky130_fd_sc_hd__a21oi_1   A =   5.00  Df =2148.0  -10.2 ps  S = 136.5 ps  Cin =  2.3 ff  Cout =   4.3 ff  Cmax =  74.2 ff  G =  177  
Path 10 --    1061 : 4    4 sky130_fd_sc_hd__o22ai_1   A =   6.26  Df =2368.0  -23.2 ps  S = 239.8 ps  Cin =  2.4 ff  Cout =   8.7 ff  Cmax =  73.3 ff  G =  356  
Path 11 --    1069 : 3    2 sky130_fd_sc_hd__a21oi_1   A =   5.00  Df =2504.6  -27.8 ps  S = 136.8 ps  Cin =  2.3 ff  Cout =   4.3 ff  Cmax =  74.2 ff  G =  177  
Path 12 --    1095 : 3    4 sky130_fd_sc_hd__o21ai_0   A =   5.00  Df =2823.9 -151.5 ps  S = 396.5 ps  Cin =  1.7 ff  Cout =  12.1 ff  Cmax =  50.4 ff  G =  683  
Path 13 --    1395 : 3    2 sky130_fd_sc_hd__xnor3_4   A =  26.28  Df =3381.4 -253.5 ps  S =  97.1 ps  Cin =  3.7 ff  Cout =   6.0 ff  Cmax = 554.8 ff  G =  154  
Path 14 --    1413 : 3    1 sky130_fd_sc_hd__xor3_4    A =  27.53  Df =3694.6 -339.6 ps  S =  87.6 ps  Cin =  3.7 ff  Cout =   2.4 ff  Cmax = 506.3 ff  G =   62  
Path 15 --    1415 : 2    3 sky130_fd_sc_hd__nand2_1   A =   3.75  Df =3795.5 -373.2 ps  S =  83.7 ps  Cin =  2.3 ff  Cout =   7.3 ff  Cmax = 166.6 ff  G =  304  
Path 16 --    1727 : 3    4 sky130_fd_sc_hd__a21oi_1   A =   5.00  Df =3911.3  -12.2 ps  S = 257.0 ps  Cin =  2.3 ff  Cout =  10.6 ff  Cmax =  74.2 ff  G =  434  
Path 17 --    2703 : 4    3 sky130_fd_sc_hd__o211ai_1  A =   7.51  Df =4143.1  -64.1 ps  S = 227.0 ps  Cin =  2.3 ff  Cout =   7.2 ff  Cmax =  74.2 ff  G =  296  
Path 18 --    3773 : 3    3 sky130_fd_sc_hd__nand3_1   A =   5.00  Df =4281.8  -80.4 ps  S = 113.7 ps  Cin =  2.4 ff  Cout =   7.2 ff  Cmax = 146.5 ff  G =  298  
Path 19 --    3974 : 3    2 sky130_fd_sc_hd__a21oi_1   A =   5.00  Df =4458.1 -174.7 ps  S = 149.4 ps  Cin =  2.3 ff  Cout =   5.0 ff  Cmax =  74.2 ff  G =  201  
Path 20 --    3977 : 3    2 sky130_fd_sc_hd__o21bai_1  A =   7.51  Df =4548.5 -110.9 ps  S = 147.0 ps  Cin =  2.1 ff  Cout =   4.9 ff  Cmax =  77.8 ff  G =  225  
Path 21 --    3993 : 4    1 sky130_fd_sc_hd__o2bb2ai_1 A =   8.76  Df =4670.9 -110.3 ps  S =  99.8 ps  Cin =  2.4 ff  Cout =   2.4 ff  Cmax =  76.0 ff  G =   96  
Path 22 --    3996 : 2    1 sky130_fd_sc_hd__nand2_1   A =   3.75  Df =4705.0  -51.2 ps  S =  24.2 ps  Cin =  2.3 ff  Cout =   0.0 ff  Cmax = 166.6 ff  G =    0  
Start-point = pi071.  End-point = po15.
[1;37mdesign                        :[0m i/o =  430/   16  lat =    0  nd =  3550  edge =   8555  area =18374.59  delay =3407.78  lev = 38
Networks are equivalent.  Time =     0.64 sec

rc=0 wall=1.5
