OpenROAD unknown 
Features included (+) or not (-): -GPU +GUI -Python
This program is licensed under the BSD-3 license. See the LICENSE file for details.
Components of this program may be licensed under more restrictive licenses which must be honored.
[INFO ORD-0030] Using 2 thread(s).
G2: removed 34696 base nets (all base wiring is at or below met3)
G2: programmable nets 512, pins 4162
[WARNING GRT-0300] Timing is not available, setting critical nets percentage to 0.
[INFO GRT-0020] Min routing layer: met4
[INFO GRT-0021] Max routing layer: met5
[INFO GRT-0022] Global adjustment: 0%
[INFO GRT-0023] Grid origin: (0, 0)
[INFO GRT-0088] Layer li1     Track-Pitch = 0.4600  line-2-Via Pitch: 0.3400
[INFO GRT-0088] Layer met1    Track-Pitch = 0.3400  line-2-Via Pitch: 0.3400
[INFO GRT-0088] Layer met2    Track-Pitch = 0.4600  line-2-Via Pitch: 0.3500
[INFO GRT-0088] Layer met3    Track-Pitch = 0.6800  line-2-Via Pitch: 0.6150
[INFO GRT-0088] Layer met4    Track-Pitch = 0.9200  line-2-Via Pitch: 1.0400
[INFO GRT-0088] Layer met5    Track-Pitch = 3.4000  line-2-Via Pitch: 3.1100
[INFO GRT-0003] Macros: 0
[INFO GRT-0004] Blockages: 0
[INFO GRT-0019] Found 0 clock nets.
[INFO GRT-0001] Minimum degree: 3
[INFO GRT-0002] Maximum degree: 14

[INFO GRT-0053] Routing resources analysis:
          Routing      Original      Derated      Resource
Layer     Direction    Resources     Resources    Reduction (%)
---------------------------------------------------------------
li1        Vertical            0             0          0.00%
met1       Horizontal          0             0          0.00%
met2       Vertical            0             0          0.00%
met3       Horizontal          0             0          0.00%
met4       Vertical        54491         54491          0.00%
met5       Horizontal      17388         17388          0.00%
---------------------------------------------------------------

[INFO GRT-0101] Running extra iterations to remove congestion.
[INFO GRT-0102] Start extra iteration 1/30
[INFO GRT-0102] Start extra iteration 2/30
[INFO GRT-0102] Start extra iteration 3/30
[INFO GRT-0197] Via related to pin nodes: 330
[INFO GRT-0198] Via related Steiner nodes: 39
[INFO GRT-0199] Via filling finished.
[INFO GRT-0111] Final number of vias: 467
[INFO GRT-0112] Final usage 3D: 11057

[INFO GRT-0096] Final congestion report:
Layer         Resource        Demand        Usage (%)    Max H / Max V / Total Congestion
---------------------------------------------------------------------------------------
li1                  0             0            0.00%             0 /  0 /  0
met1                 0             0            0.00%             0 /  0 /  0
met2                 0             0            0.00%             0 /  0 /  0
met3                 0             0            0.00%             0 /  0 /  0
met4             54491          9471           17.38%             0 /  0 /  0
met5             17388           185            1.06%             0 /  0 /  0
---------------------------------------------------------------------------------------
Total            71879          9656           13.43%             0 /  0 /  0

[INFO GRT-0018] Total wirelength: 92156 um
[INFO GRT-0014] Routed nets: 512
[INFO GRT-0303] Global routing runtime = 00:00:00
[INFO DRT-0149] Reading tech and libs.
[WARNING DRT-0349] LEF58_ENCLOSURE with no CUTCLASS is not supported. Skipping for layer mcon
[WARNING DRT-0349] LEF58_ENCLOSURE with no CUTCLASS is not supported. Skipping for layer mcon
[WARNING DRT-0349] LEF58_ENCLOSURE with no CUTCLASS is not supported. Skipping for layer via
[WARNING DRT-0349] LEF58_ENCLOSURE with no CUTCLASS is not supported. Skipping for layer via
[WARNING DRT-0349] LEF58_ENCLOSURE with no CUTCLASS is not supported. Skipping for layer via2
[WARNING DRT-0349] LEF58_ENCLOSURE with no CUTCLASS is not supported. Skipping for layer via2
[WARNING DRT-0349] LEF58_ENCLOSURE with no CUTCLASS is not supported. Skipping for layer via3
[WARNING DRT-0349] LEF58_ENCLOSURE with no CUTCLASS is not supported. Skipping for layer via3
[WARNING DRT-0349] LEF58_ENCLOSURE with no CUTCLASS is not supported. Skipping for layer via4
[WARNING DRT-0349] LEF58_ENCLOSURE with no CUTCLASS is not supported. Skipping for layer via4

Units:                1000
Number of layers:     13
Number of macros:     446
Number of vias:       25
Number of viarulegen: 25

[INFO DRT-0150] Reading design.

Design:                   top
Die area:                 ( 0 0 ) ( 643380 643380 )
Number of track patterns: 12
Number of DEF vias:       0
Number of components:     63626
Number of terminals:      0
Number of snets:          2
Number of nets:           512

[INFO DRT-0167] List of default vias:
  Layer via4
    default via: M4M5_PR
[INFO DRT-0162] Library cell analysis.
[INFO DRT-0163] Instance analysis.
[INFO DRT-0164] Number of unique instances = 214.
[INFO DRT-0168] Init region query.
[INFO DRT-0024]   Complete FR_MASTERSLICE.
[INFO DRT-0024]   Complete Fr_VIA.
[INFO DRT-0024]   Complete li1.
[INFO DRT-0024]   Complete mcon.
[INFO DRT-0024]   Complete met1.
[INFO DRT-0024]   Complete via.
[INFO DRT-0024]   Complete met2.
[INFO DRT-0024]   Complete via2.
[INFO DRT-0024]   Complete met3.
[INFO DRT-0024]   Complete via3.
[INFO DRT-0024]   Complete met4.
[INFO DRT-0024]   Complete via4.
[INFO DRT-0024]   Complete met5.
[INFO DRT-0033] FR_MASTERSLICE shape region query size = 0.
[INFO DRT-0033] FR_VIA shape region query size = 0.
[INFO DRT-0033] li1 shape region query size = 972489.
[INFO DRT-0033] mcon shape region query size = 640658.
[INFO DRT-0033] met1 shape region query size = 171942.
[INFO DRT-0033] via shape region query size = 0.
[INFO DRT-0033] met2 shape region query size = 5056.
[INFO DRT-0033] via2 shape region query size = 0.
[INFO DRT-0033] met3 shape region query size = 5056.
[INFO DRT-0033] via3 shape region query size = 0.
[INFO DRT-0033] met4 shape region query size = 5056.
[INFO DRT-0033] via4 shape region query size = 0.
[INFO DRT-0033] met5 shape region query size = 0.
[INFO DRT-0165] Start pin access.
[INFO DRT-0076]   Complete 1000 pins.
[INFO DRT-0078]   Complete 1346 pins.
[INFO DRT-0079]   Complete 100 unique inst patterns.
[INFO DRT-0079]   Complete 200 unique inst patterns.
[INFO DRT-0081]   Complete 214 unique inst patterns.
[INFO DRT-0084]   Complete 4162 groups.
#scanned instances     = 63626
#unique  instances     = 214
#stdCellGenAp          = 40
#stdCellValidPlanarAp  = 40
#stdCellValidViaAp     = 0
#stdCellPinNoAp        = 0
#stdCellPinCnt         = 4162
#instTermValidViaApCnt = 0
#macroGenAp            = 0
#macroValidPlanarAp    = 0
#macroValidViaAp       = 0
#macroNoAp             = 0
[INFO DRT-0166] Complete pin access.
[INFO DRT-0267] cpu time = 00:00:00, elapsed time = 00:00:00, memory = 446.38 (MB), peak = 451.97 (MB)

[INFO DRT-0157] Number of guides:     4070

[INFO DRT-0169] Post process guides.
[INFO DRT-0176] GCELLGRID X 0 DO 93 STEP 6900 ;
[INFO DRT-0177] GCELLGRID Y 0 DO 93 STEP 6900 ;
[INFO DRT-0028]   Complete FR_MASTERSLICE.
[INFO DRT-0028]   Complete Fr_VIA.
[INFO DRT-0028]   Complete li1.
[INFO DRT-0028]   Complete mcon.
[INFO DRT-0028]   Complete met1.
[INFO DRT-0028]   Complete via.
[INFO DRT-0028]   Complete met2.
[INFO DRT-0028]   Complete via2.
[INFO DRT-0028]   Complete met3.
[INFO DRT-0028]   Complete via3.
[INFO DRT-0028]   Complete met4.
[INFO DRT-0028]   Complete via4.
[INFO DRT-0028]   Complete met5.
[INFO DRT-0178] Init guide query.
[INFO DRT-0035]   Complete FR_MASTERSLICE (guide).
[INFO DRT-0035]   Complete Fr_VIA (guide).
[INFO DRT-0035]   Complete li1 (guide).
[INFO DRT-0035]   Complete mcon (guide).
[INFO DRT-0035]   Complete met1 (guide).
[INFO DRT-0035]   Complete via (guide).
[INFO DRT-0035]   Complete met2 (guide).
[INFO DRT-0035]   Complete via2 (guide).
[INFO DRT-0035]   Complete met3 (guide).
[INFO DRT-0035]   Complete via3 (guide).
[INFO DRT-0035]   Complete met4 (guide).
[INFO DRT-0035]   Complete via4 (guide).
[INFO DRT-0035]   Complete met5 (guide).
[INFO DRT-0036] FR_MASTERSLICE guide region query size = 0.
[INFO DRT-0036] FR_VIA guide region query size = 0.
[INFO DRT-0036] li1 guide region query size = 0.
[INFO DRT-0036] mcon guide region query size = 0.
[INFO DRT-0036] met1 guide region query size = 0.
[INFO DRT-0036] via guide region query size = 0.
[INFO DRT-0036] met2 guide region query size = 0.
[INFO DRT-0036] via2 guide region query size = 0.
[INFO DRT-0036] met3 guide region query size = 0.
[INFO DRT-0036] via3 guide region query size = 0.
[INFO DRT-0036] met4 guide region query size = 3665.
[INFO DRT-0036] via4 guide region query size = 0.
[INFO DRT-0036] met5 guide region query size = 169.
[INFO DRT-0179] Init gr pin query.
[INFO DRT-0267] cpu time = 00:00:00, elapsed time = 00:00:00, memory = 446.57 (MB), peak = 451.97 (MB)
[INFO DRT-0245] skipped writing guide updates to database.
[INFO DRT-0181] Start track assignment.
[INFO DRT-0184] Done with 3665 vertical wires in 2 frboxes and 169 horizontal wires in 2 frboxes.
[INFO DRT-0186] Done with 1688 vertical wires in 2 frboxes and 0 horizontal wires in 2 frboxes.
[INFO DRT-0182] Complete track assignment.
[INFO DRT-0267] cpu time = 00:00:03, elapsed time = 00:00:01, memory = 610.66 (MB), peak = 610.28 (MB)
[INFO DRT-0187] Start routing data preparation.
[INFO DRT-0267] cpu time = 00:00:00, elapsed time = 00:00:00, memory = 610.72 (MB), peak = 610.28 (MB)
[INFO DRT-0194] Start detail routing.
[INFO DRT-0195] Start 0th optimization iteration.
    Completing 10% with 0 violations.
    elapsed time = 00:00:02, memory = 780.28 (MB).
    Completing 20% with 0 violations.
    elapsed time = 00:00:05, memory = 1145.99 (MB).
    Completing 30% with 206 violations.
    elapsed time = 00:00:08, memory = 962.98 (MB).
    Completing 40% with 206 violations.
    elapsed time = 00:00:10, memory = 972.76 (MB).
    Completing 50% with 206 violations.
    elapsed time = 00:00:13, memory = 1222.92 (MB).
    Completing 60% with 385 violations.
    elapsed time = 00:00:16, memory = 944.73 (MB).
    Completing 70% with 385 violations.
    elapsed time = 00:00:18, memory = 1137.41 (MB).
    Completing 80% with 520 violations.
    elapsed time = 00:00:21, memory = 1006.92 (MB).
    Completing 90% with 520 violations.
    elapsed time = 00:00:23, memory = 984.89 (MB).
    Completing 100% with 623 violations.
    elapsed time = 00:00:25, memory = 1013.05 (MB).
[INFO DRT-0199]   Number of violations = 769.
Viol/Layer        met4   met5
Metal Spacing       19      0
Recheck            145      1
Short              604      0
[INFO DRT-0267] cpu time = 00:00:49, elapsed time = 00:00:25, memory = 962.92 (MB), peak = 1282.40 (MB)
Total wire length = 71962 um.
Total wire length on LAYER li1 = 0 um.
Total wire length on LAYER met1 = 0 um.
Total wire length on LAYER met2 = 0 um.
Total wire length on LAYER met3 = 0 um.
Total wire length on LAYER met4 = 71858 um.
Total wire length on LAYER met5 = 103 um.
Total number of vias = 42.
Up-via summary (total 42):

---------------------
 FR_MASTERSLICE     0
            li1     0
           met1     0
           met2     0
           met3     0
           met4    42
---------------------
               42


[INFO DRT-0195] Start 1st optimization iteration.
    Completing 10% with 769 violations.
    elapsed time = 00:00:02, memory = 960.36 (MB).
    Completing 20% with 769 violations.
    elapsed time = 00:00:05, memory = 1105.30 (MB).
    Completing 30% with 698 violations.
    elapsed time = 00:00:07, memory = 1026.46 (MB).
    Completing 40% with 698 violations.
    elapsed time = 00:00:10, memory = 1026.78 (MB).
    Completing 50% with 698 violations.
    elapsed time = 00:00:12, memory = 1219.98 (MB).
    Completing 60% with 581 violations.
    elapsed time = 00:00:15, memory = 1057.34 (MB).
    Completing 70% with 581 violations.
    elapsed time = 00:00:18, memory = 1130.98 (MB).
    Completing 80% with 482 violations.
    elapsed time = 00:00:21, memory = 1063.02 (MB).
    Completing 90% with 482 violations.
    elapsed time = 00:00:23, memory = 1063.02 (MB).
    Completing 100% with 372 violations.
    elapsed time = 00:00:26, memory = 1086.98 (MB).
[INFO DRT-0199]   Number of violations = 372.
Viol/Layer        met4
Metal Spacing       11
Short              361
[INFO DRT-0267] cpu time = 00:00:49, elapsed time = 00:00:26, memory = 1082.93 (MB), peak = 1282.40 (MB)
Total wire length = 72400 um.
Total wire length on LAYER li1 = 0 um.
Total wire length on LAYER met1 = 0 um.
Total wire length on LAYER met2 = 0 um.
Total wire length on LAYER met3 = 0 um.
Total wire length on LAYER met4 = 72393 um.
Total wire length on LAYER met5 = 7 um.
Total number of vias = 2.
Up-via summary (total 2):

--------------------
 FR_MASTERSLICE    0
            li1    0
           met1    0
           met2    0
           met3    0
           met4    2
--------------------
               2


[INFO DRT-0195] Start 2nd optimization iteration.
    Completing 10% with 372 violations.
    elapsed time = 00:00:01, memory = 1084.11 (MB).
    Completing 20% with 372 violations.
    elapsed time = 00:00:02, memory = 1084.11 (MB).
    Completing 30% with 349 violations.
    elapsed time = 00:00:04, memory = 1001.12 (MB).
    Completing 40% with 349 violations.
    elapsed time = 00:00:06, memory = 1001.23 (MB).
    Completing 50% with 349 violations.
    elapsed time = 00:00:09, memory = 1111.24 (MB).
    Completing 60% with 326 violations.
    elapsed time = 00:00:11, memory = 1027.97 (MB).
    Completing 70% with 326 violations.
    elapsed time = 00:00:13, memory = 1027.97 (MB).
    Completing 80% with 306 violations.
    elapsed time = 00:00:15, memory = 1021.94 (MB).
    Completing 90% with 306 violations.
    elapsed time = 00:00:17, memory = 1021.94 (MB).
    Completing 100% with 276 violations.
    elapsed time = 00:00:20, memory = 1015.25 (MB).
[INFO DRT-0199]   Number of violations = 276.
Viol/Layer        met4
Metal Spacing        7
Short              269
[INFO DRT-0267] cpu time = 00:00:38, elapsed time = 00:00:20, memory = 1032.24 (MB), peak = 1282.40 (MB)
Total wire length = 71890 um.
Total wire length on LAYER li1 = 0 um.
Total wire length on LAYER met1 = 0 um.
Total wire length on LAYER met2 = 0 um.
Total wire length on LAYER met3 = 0 um.
Total wire length on LAYER met4 = 71890 um.
Total wire length on LAYER met5 = 0 um.
Total number of vias = 0.
Up-via summary (total 0):

--------------------
 FR_MASTERSLICE    0
            li1    0
           met1    0
           met2    0
           met3    0
           met4    0
--------------------
               0


[INFO DRT-0195] Start 3rd optimization iteration.
    Completing 10% with 276 violations.
    elapsed time = 00:00:02, memory = 1033.26 (MB).
    Completing 20% with 276 violations.
    elapsed time = 00:00:04, memory = 1034.26 (MB).
    Completing 30% with 225 violations.
    elapsed time = 00:00:06, memory = 1083.23 (MB).
    Completing 40% with 225 violations.
    elapsed time = 00:00:08, memory = 1069.24 (MB).
    Completing 50% with 225 violations.
    elapsed time = 00:00:09, memory = 1063.24 (MB).
    Completing 60% with 194 violations.
    elapsed time = 00:00:12, memory = 1013.24 (MB).
    Completing 70% with 194 violations.
    elapsed time = 00:00:14, memory = 1019.46 (MB).
    Completing 80% with 159 violations.
    elapsed time = 00:00:16, memory = 1029.89 (MB).
    Completing 90% with 159 violations.
    elapsed time = 00:00:17, memory = 1025.92 (MB).
    Completing 100% with 127 violations.
    elapsed time = 00:00:19, memory = 1005.92 (MB).
[INFO DRT-0199]   Number of violations = 127.
Viol/Layer        met4
Metal Spacing        3
Short              124
[INFO DRT-0267] cpu time = 00:00:37, elapsed time = 00:00:19, memory = 1010.92 (MB), peak = 1282.40 (MB)
Total wire length = 73145 um.
Total wire length on LAYER li1 = 0 um.
Total wire length on LAYER met1 = 0 um.
Total wire length on LAYER met2 = 0 um.
Total wire length on LAYER met3 = 0 um.
Total wire length on LAYER met4 = 72957 um.
Total wire length on LAYER met5 = 188 um.
Total number of vias = 67.
Up-via summary (total 67):

---------------------
 FR_MASTERSLICE     0
            li1     0
           met1     0
           met2     0
           met3     0
           met4    67
---------------------
               67


[INFO DRT-0195] Start 4th optimization iteration.
    Completing 10% with 127 violations.
    elapsed time = 00:00:01, memory = 1012.57 (MB).
    Completing 20% with 127 violations.
    elapsed time = 00:00:01, memory = 1012.57 (MB).
    Completing 30% with 113 violations.
    elapsed time = 00:00:03, memory = 997.47 (MB).
    Completing 40% with 113 violations.
    elapsed time = 00:00:05, memory = 995.59 (MB).
    Completing 50% with 113 violations.
    elapsed time = 00:00:06, memory = 991.78 (MB).
    Completing 60% with 92 violations.
    elapsed time = 00:00:07, memory = 987.78 (MB).
    Completing 70% with 92 violations.
    elapsed time = 00:00:08, memory = 987.78 (MB).
    Completing 80% with 84 violations.
    elapsed time = 00:00:10, memory = 987.78 (MB).
    Completing 90% with 84 violations.
    elapsed time = 00:00:11, memory = 987.78 (MB).
    Completing 100% with 78 violations.
    elapsed time = 00:00:12, memory = 985.78 (MB).
[INFO DRT-0199]   Number of violations = 78.
Viol/Layer        met4
Metal Spacing        1
Short               77
[INFO DRT-0267] cpu time = 00:00:23, elapsed time = 00:00:12, memory = 985.09 (MB), peak = 1282.40 (MB)
Total wire length = 73289 um.
Total wire length on LAYER li1 = 0 um.
Total wire length on LAYER met1 = 0 um.
Total wire length on LAYER met2 = 0 um.
Total wire length on LAYER met3 = 0 um.
Total wire length on LAYER met4 = 73024 um.
Total wire length on LAYER met5 = 265 um.
Total number of vias = 96.
Up-via summary (total 96):

---------------------
 FR_MASTERSLICE     0
            li1     0
           met1     0
           met2     0
           met3     0
           met4    96
---------------------
               96


[INFO DRT-0195] Start 5th guides tiles iteration.
    Completing 10% with 78 violations.
    elapsed time = 00:00:00, memory = 989.48 (MB).
    Completing 20% with 78 violations.
    elapsed time = 00:00:01, memory = 984.99 (MB).
    Completing 30% with 78 violations.
    elapsed time = 00:00:01, memory = 984.99 (MB).
    Completing 40% with 78 violations.
    elapsed time = 00:00:02, memory = 984.99 (MB).
    Completing 50% with 78 violations.
    elapsed time = 00:00:02, memory = 984.99 (MB).
    Completing 60% with 78 violations.
    elapsed time = 00:00:02, memory = 984.99 (MB).
    Completing 70% with 49 violations.
    elapsed time = 00:00:03, memory = 979.00 (MB).
    Completing 80% with 49 violations.
    elapsed time = 00:00:03, memory = 979.00 (MB).
    Completing 90% with 49 violations.
    elapsed time = 00:00:03, memory = 979.00 (MB).
    Completing 100% with 33 violations.
    elapsed time = 00:00:04, memory = 977.33 (MB).
[INFO DRT-0199]   Number of violations = 33.
Viol/Layer        met4
Metal Spacing        1
Short               32
[INFO DRT-0267] cpu time = 00:00:07, elapsed time = 00:00:04, memory = 977.86 (MB), peak = 1282.40 (MB)
Total wire length = 73502 um.
Total wire length on LAYER li1 = 0 um.
Total wire length on LAYER met1 = 0 um.
Total wire length on LAYER met2 = 0 um.
Total wire length on LAYER met3 = 0 um.
Total wire length on LAYER met4 = 73028 um.
Total wire length on LAYER met5 = 473 um.
Total number of vias = 171.
Up-via summary (total 171):

----------------------
 FR_MASTERSLICE      0
            li1      0
           met1      0
           met2      0
           met3      0
           met4    171
----------------------
               171


[INFO DRT-0195] Start 6th guides tiles iteration.
    Completing 10% with 33 violations.
    elapsed time = 00:00:00, memory = 982.72 (MB).
    Completing 20% with 33 violations.
    elapsed time = 00:00:00, memory = 976.72 (MB).
    Completing 30% with 33 violations.
    elapsed time = 00:00:00, memory = 976.72 (MB).
    Completing 40% with 33 violations.
    elapsed time = 00:00:00, memory = 976.93 (MB).
    Completing 50% with 33 violations.
    elapsed time = 00:00:00, memory = 976.93 (MB).
    Completing 60% with 33 violations.
    elapsed time = 00:00:00, memory = 976.93 (MB).
    Completing 70% with 33 violations.
    elapsed time = 00:00:01, memory = 976.93 (MB).
    Completing 80% with 33 violations.
    elapsed time = 00:00:01, memory = 976.93 (MB).
    Completing 90% with 33 violations.
    elapsed time = 00:00:01, memory = 976.93 (MB).
    Completing 100% with 24 violations.
    elapsed time = 00:00:01, memory = 976.93 (MB).
[INFO DRT-0199]   Number of violations = 24.
Viol/Layer        met4
Metal Spacing        2
Short               22
[INFO DRT-0267] cpu time = 00:00:03, elapsed time = 00:00:01, memory = 1000.93 (MB), peak = 1282.40 (MB)
Total wire length = 73553 um.
Total wire length on LAYER li1 = 0 um.
Total wire length on LAYER met1 = 0 um.
Total wire length on LAYER met2 = 0 um.
Total wire length on LAYER met3 = 0 um.
Total wire length on LAYER met4 = 73007 um.
Total wire length on LAYER met5 = 546 um.
Total number of vias = 192.
Up-via summary (total 192):

----------------------
 FR_MASTERSLICE      0
            li1      0
           met1      0
           met2      0
           met3      0
           met4    192
----------------------
               192


[INFO DRT-0195] Start 7th guides tiles iteration.
    Completing 10% with 24 violations.
    elapsed time = 00:00:00, memory = 1000.93 (MB).
    Completing 20% with 24 violations.
    elapsed time = 00:00:00, memory = 1000.97 (MB).
    Completing 30% with 24 violations.
    elapsed time = 00:00:00, memory = 1000.97 (MB).
    Completing 40% with 24 violations.
    elapsed time = 00:00:00, memory = 1000.97 (MB).
    Completing 50% with 24 violations.
    elapsed time = 00:00:00, memory = 1000.97 (MB).
    Completing 60% with 24 violations.
    elapsed time = 00:00:00, memory = 1000.97 (MB).
    Completing 70% with 24 violations.
    elapsed time = 00:00:00, memory = 1001.11 (MB).
    Completing 80% with 24 violations.
    elapsed time = 00:00:00, memory = 1001.11 (MB).
    Completing 90% with 24 violations.
    elapsed time = 00:00:01, memory = 1001.11 (MB).
    Completing 100% with 20 violations.
    elapsed time = 00:00:01, memory = 1001.11 (MB).
[INFO DRT-0199]   Number of violations = 20.
Viol/Layer        met4
Short               20
[INFO DRT-0267] cpu time = 00:00:02, elapsed time = 00:00:01, memory = 1001.11 (MB), peak = 1282.40 (MB)
Total wire length = 73565 um.
Total wire length on LAYER li1 = 0 um.
Total wire length on LAYER met1 = 0 um.
Total wire length on LAYER met2 = 0 um.
Total wire length on LAYER met3 = 0 um.
Total wire length on LAYER met4 = 73014 um.
Total wire length on LAYER met5 = 551 um.
Total number of vias = 192.
Up-via summary (total 192):

----------------------
 FR_MASTERSLICE      0
            li1      0
           met1      0
           met2      0
           met3      0
           met4    192
----------------------
               192


[INFO DRT-0195] Start 8th guides tiles iteration.
    Completing 10% with 20 violations.
    elapsed time = 00:00:00, memory = 1001.11 (MB).
    Completing 20% with 20 violations.
    elapsed time = 00:00:00, memory = 1001.11 (MB).
    Completing 30% with 20 violations.
    elapsed time = 00:00:00, memory = 1001.11 (MB).
    Completing 40% with 20 violations.
    elapsed time = 00:00:00, memory = 1001.11 (MB).
    Completing 50% with 20 violations.
    elapsed time = 00:00:00, memory = 1001.11 (MB).
    Completing 60% with 20 violations.
    elapsed time = 00:00:00, memory = 1002.11 (MB).
    Completing 70% with 20 violations.
    elapsed time = 00:00:00, memory = 1002.11 (MB).
    Completing 80% with 20 violations.
    elapsed time = 00:00:00, memory = 1002.11 (MB).
    Completing 90% with 20 violations.
    elapsed time = 00:00:00, memory = 1002.11 (MB).
    Completing 100% with 17 violations.
    elapsed time = 00:00:00, memory = 1002.11 (MB).
[INFO DRT-0199]   Number of violations = 17.
Viol/Layer        met4
Metal Spacing        1
Short               16
[INFO DRT-0267] cpu time = 00:00:01, elapsed time = 00:00:01, memory = 1002.11 (MB), peak = 1282.40 (MB)
Total wire length = 73532 um.
Total wire length on LAYER li1 = 0 um.
Total wire length on LAYER met1 = 0 um.
Total wire length on LAYER met2 = 0 um.
Total wire length on LAYER met3 = 0 um.
Total wire length on LAYER met4 = 72959 um.
Total wire length on LAYER met5 = 573 um.
Total number of vias = 200.
Up-via summary (total 200):

----------------------
 FR_MASTERSLICE      0
            li1      0
           met1      0
           met2      0
           met3      0
           met4    200
----------------------
               200


[INFO DRT-0195] Start 9th guides tiles iteration.
    Completing 10% with 17 violations.
    elapsed time = 00:00:00, memory = 1002.11 (MB).
    Completing 20% with 17 violations.
    elapsed time = 00:00:00, memory = 1002.11 (MB).
    Completing 30% with 17 violations.
    elapsed time = 00:00:00, memory = 1002.11 (MB).
    Completing 40% with 17 violations.
    elapsed time = 00:00:00, memory = 1002.11 (MB).
    Completing 50% with 17 violations.
    elapsed time = 00:00:00, memory = 1002.11 (MB).
    Completing 60% with 17 violations.
    elapsed time = 00:00:00, memory = 1002.11 (MB).
    Completing 70% with 17 violations.
    elapsed time = 00:00:00, memory = 1002.11 (MB).
    Completing 80% with 17 violations.
    elapsed time = 00:00:00, memory = 1002.11 (MB).
    Completing 90% with 17 violations.
    elapsed time = 00:00:00, memory = 1002.11 (MB).
    Completing 100% with 16 violations.
    elapsed time = 00:00:00, memory = 1002.11 (MB).
[INFO DRT-0199]   Number of violations = 16.
Viol/Layer        met4
Short               16
[INFO DRT-0267] cpu time = 00:00:01, elapsed time = 00:00:01, memory = 1002.11 (MB), peak = 1282.40 (MB)
Total wire length = 73546 um.
Total wire length on LAYER li1 = 0 um.
Total wire length on LAYER met1 = 0 um.
Total wire length on LAYER met2 = 0 um.
Total wire length on LAYER met3 = 0 um.
Total wire length on LAYER met4 = 72973 um.
Total wire length on LAYER met5 = 573 um.
Total number of vias = 200.
Up-via summary (total 200):

----------------------
 FR_MASTERSLICE      0
            li1      0
           met1      0
           met2      0
           met3      0
           met4    200
----------------------
               200


[INFO DRT-0195] Start 10th guides tiles iteration.
    Completing 10% with 16 violations.
    elapsed time = 00:00:00, memory = 1002.11 (MB).
    Completing 20% with 16 violations.
    elapsed time = 00:00:00, memory = 1002.11 (MB).
    Completing 30% with 16 violations.
    elapsed time = 00:00:00, memory = 1002.11 (MB).
    Completing 40% with 16 violations.
    elapsed time = 00:00:00, memory = 1002.11 (MB).
    Completing 50% with 16 violations.
    elapsed time = 00:00:00, memory = 1002.11 (MB).
    Completing 60% with 16 violations.
    elapsed time = 00:00:00, memory = 1002.11 (MB).
    Completing 70% with 16 violations.
    elapsed time = 00:00:00, memory = 1002.11 (MB).
    Completing 80% with 16 violations.
    elapsed time = 00:00:00, memory = 1002.11 (MB).
    Completing 90% with 16 violations.
    elapsed time = 00:00:00, memory = 1002.11 (MB).
    Completing 100% with 5 violations.
    elapsed time = 00:00:00, memory = 1002.11 (MB).
[INFO DRT-0199]   Number of violations = 5.
Viol/Layer        met4
Short                5
[INFO DRT-0267] cpu time = 00:00:01, elapsed time = 00:00:00, memory = 1002.11 (MB), peak = 1282.40 (MB)
Total wire length = 73573 um.
Total wire length on LAYER li1 = 0 um.
Total wire length on LAYER met1 = 0 um.
Total wire length on LAYER met2 = 0 um.
Total wire length on LAYER met3 = 0 um.
Total wire length on LAYER met4 = 72940 um.
Total wire length on LAYER met5 = 633 um.
Total number of vias = 220.
Up-via summary (total 220):

----------------------
 FR_MASTERSLICE      0
            li1      0
           met1      0
           met2      0
           met3      0
           met4    220
----------------------
               220


[INFO DRT-0195] Start 11th guides tiles iteration.
    Completing 20% with 5 violations.
    elapsed time = 00:00:00, memory = 1002.11 (MB).
    Completing 40% with 5 violations.
    elapsed time = 00:00:00, memory = 1002.11 (MB).
    Completing 60% with 5 violations.
    elapsed time = 00:00:00, memory = 1002.11 (MB).
    Completing 80% with 5 violations.
    elapsed time = 00:00:00, memory = 1002.11 (MB).
    Completing 100% with 2 violations.
    elapsed time = 00:00:00, memory = 1002.11 (MB).
[INFO DRT-0199]   Number of violations = 2.
Viol/Layer        met4
Short                2
[INFO DRT-0267] cpu time = 00:00:00, elapsed time = 00:00:00, memory = 1002.11 (MB), peak = 1282.40 (MB)
Total wire length = 73593 um.
Total wire length on LAYER li1 = 0 um.
Total wire length on LAYER met1 = 0 um.
Total wire length on LAYER met2 = 0 um.
Total wire length on LAYER met3 = 0 um.
Total wire length on LAYER met4 = 72942 um.
Total wire length on LAYER met5 = 650 um.
Total number of vias = 228.
Up-via summary (total 228):

----------------------
 FR_MASTERSLICE      0
            li1      0
           met1      0
           met2      0
           met3      0
           met4    228
----------------------
               228


[INFO DRT-0195] Start 12th guides tiles iteration.
    Completing 50% with 2 violations.
    elapsed time = 00:00:00, memory = 1002.11 (MB).
    Completing 100% with 1 violations.
    elapsed time = 00:00:00, memory = 1002.11 (MB).
[INFO DRT-0199]   Number of violations = 1.
Viol/Layer        met4
Short                1
[INFO DRT-0267] cpu time = 00:00:00, elapsed time = 00:00:00, memory = 1002.11 (MB), peak = 1282.40 (MB)
Total wire length = 73594 um.
Total wire length on LAYER li1 = 0 um.
Total wire length on LAYER met1 = 0 um.
Total wire length on LAYER met2 = 0 um.
Total wire length on LAYER met3 = 0 um.
Total wire length on LAYER met4 = 72934 um.
Total wire length on LAYER met5 = 660 um.
Total number of vias = 232.
Up-via summary (total 232):

----------------------
 FR_MASTERSLICE      0
            li1      0
           met1      0
           met2      0
           met3      0
           met4    232
----------------------
               232


[INFO DRT-0195] Start 13th guides tiles iteration.
    Completing 100% with 1 violations.
    elapsed time = 00:00:00, memory = 1002.11 (MB).
[INFO DRT-0199]   Number of violations = 1.
Viol/Layer        met4
Short                1
[INFO DRT-0267] cpu time = 00:00:00, elapsed time = 00:00:00, memory = 1002.11 (MB), peak = 1282.40 (MB)
Total wire length = 73593 um.
Total wire length on LAYER li1 = 0 um.
Total wire length on LAYER met1 = 0 um.
Total wire length on LAYER met2 = 0 um.
Total wire length on LAYER met3 = 0 um.
Total wire length on LAYER met4 = 72933 um.
Total wire length on LAYER met5 = 660 um.
Total number of vias = 232.
Up-via summary (total 232):

----------------------
 FR_MASTERSLICE      0
            li1      0
           met1      0
           met2      0
           met3      0
           met4    232
----------------------
               232


[INFO DRT-0195] Start 14th stubborn tiles iteration.
    Completing 10% with 1 violations.
    elapsed time = 00:00:00, memory = 1004.11 (MB).
    Completing 20% with 1 violations.
    elapsed time = 00:00:01, memory = 1004.93 (MB).
    Completing 30% with 1 violations.
    elapsed time = 00:00:01, memory = 1006.28 (MB).
    Completing 40% with 1 violations.
    elapsed time = 00:00:02, memory = 1006.28 (MB).
    Completing 50% with 1 violations.
    elapsed time = 00:00:03, memory = 1006.28 (MB).
    Completing 60% with 1 violations.
    elapsed time = 00:00:03, memory = 993.69 (MB).
    Completing 70% with 1 violations.
    elapsed time = 00:00:04, memory = 1033.23 (MB).
    Completing 80% with 1 violations.
    elapsed time = 00:00:04, memory = 1096.06 (MB).
    Completing 90% with 1 violations.
    elapsed time = 00:00:05, memory = 1179.61 (MB).
    Completing 100% with 0 violations.
    elapsed time = 00:00:06, memory = 1137.86 (MB).
[INFO DRT-0199]   Number of violations = 0.
[INFO DRT-0267] cpu time = 00:00:12, elapsed time = 00:00:06, memory = 1153.55 (MB), peak = 1282.40 (MB)
Total wire length = 73586 um.
Total wire length on LAYER li1 = 0 um.
Total wire length on LAYER met1 = 0 um.
Total wire length on LAYER met2 = 0 um.
Total wire length on LAYER met3 = 0 um.
Total wire length on LAYER met4 = 72921 um.
Total wire length on LAYER met5 = 665 um.
Total number of vias = 234.
Up-via summary (total 234):

----------------------
 FR_MASTERSLICE      0
            li1      0
           met1      0
           met2      0
           met3      0
           met4    234
----------------------
               234


[INFO DRT-0198] Complete detail routing.
Total wire length = 73586 um.
Total wire length on LAYER li1 = 0 um.
Total wire length on LAYER met1 = 0 um.
Total wire length on LAYER met2 = 0 um.
Total wire length on LAYER met3 = 0 um.
Total wire length on LAYER met4 = 72921 um.
Total wire length on LAYER met5 = 665 um.
Total number of vias = 234.
Up-via summary (total 234):

----------------------
 FR_MASTERSLICE      0
            li1      0
           met1      0
           met2      0
           met3      0
           met4    234
----------------------
               234


[INFO DRT-0267] cpu time = 00:03:50, elapsed time = 00:02:02, memory = 1153.68 (MB), peak = 1282.40 (MB)

[INFO DRT-0180] Post processing.
[INFO DRT-0501] Runtime: 125.32s
G2_RESULT drc=0
[INFO ANT-0002] Found 0 net violations.
[INFO ANT-0001] Found 0 pin violations.
