OpenROAD unknown 
Features included (+) or not (-): -GPU +GUI -Python
This program is licensed under the BSD-3 license. See the LICENSE file for details.
Components of this program may be licensed under more restrictive licenses which must be honored.
[INFO ORD-0030] Using 1 thread(s).
SIGNOFF_WS corner=tt setup=8.290301778401954e-10 hold=8.146350261029056e-11
SIGNOFF_SETUP_PATH_BEGIN
Startpoint: row24/_378_ (rising edge-triggered flip-flop clocked by clk)
Endpoint: y[24] (output port clocked by clk)
Path Group: clk
Path Type: max

Fanout       Cap      Slew     Delay      Time   Description
-------------------------------------------------------------------------------------
                              0.0000    0.0000   clock clk (rise edge)
                              1.0731    1.0731   clock network delay (propagated)
                    0.0644    0.0000    1.0731 ^ row24/_378_/CLK (sky130_fd_sc_hd__dfxtp_1)
     1    0.0044    0.0541    0.3177    1.3908 ^ row24/_378_/Q (sky130_fd_sc_hd__dfxtp_1)
                                                 net82 (net)
     1    0.0479    0.4615    0.7703    2.1611 ^ output82/X (sky130_fd_sc_hd__clkdlybuf4s50_1)
                                                 y[24] (net)
                    0.4617    0.0099    2.1710 ^ y[24] (out)
                                        2.1710   data arrival time

                              3.0000    3.0000   clock clk (rise edge)
                              0.0000    3.0000   clock network delay (propagated)
                              0.0000    3.0000   clock reconvergence pessimism
                              0.0000    3.0000   output external delay
                                        3.0000   data required time
-------------------------------------------------------------------------------------
                                        3.0000   data required time
                                       -2.1710   data arrival time
-------------------------------------------------------------------------------------
                                        0.8290   slack (MET)


SIGNOFF_SETUP_PATH_END
SIGNOFF_HOLD_PATH_BEGIN
Startpoint: x[26] (input port clocked by clk)
Endpoint: ng26/_7_ (rising edge-triggered flip-flop clocked by clk)
Path Group: clk
Path Type: min

    Delay      Time   Description
-------------------------------------------------------------
   0.0000    0.0000   clock clk (rise edge)
   0.0000    0.0000   clock network delay (propagated)
   0.0000    0.0000 v input external delay
   0.0000    0.0000 v x[26] (in)
                      x[26] (net)
   0.5935    0.5935 v hold2211/X (sky130_fd_sc_hd__dlygate4sd3_1)
                      net2211 (net)
   0.5005    1.0940 v input20/X (sky130_fd_sc_hd__clkdlybuf4s50_1)
                      net20 (net)
   0.0002    1.0942 v ng26/_7_/D (sky130_fd_sc_hd__dfxtp_1)
             1.0942   data arrival time

   0.0000    0.0000   clock clk (rise edge)
   1.0882    1.0882   clock network delay (propagated)
   0.0000    1.0882   clock reconvergence pessimism
             1.0882 ^ ng26/_7_/CLK (sky130_fd_sc_hd__dfxtp_1)
  -0.0755    1.0127   library hold time
             1.0127   data required time
-------------------------------------------------------------
             1.0127   data required time
            -1.0942   data arrival time
-------------------------------------------------------------
             0.0815   slack (MET)


SIGNOFF_HOLD_PATH_END
SIGNOFF_PROG_WS setup=1.4245946644564356e-9
SIGNOFF_PROG_PATH_BEGIN
Startpoint: ng21/_8_ (rising edge-triggered flip-flop clocked by clk)
Endpoint: row21/_487_ (rising edge-triggered flip-flop clocked by clk)
Path Group: clk
Path Type: max

Fanout       Cap      Slew     Delay      Time   Description
-------------------------------------------------------------------------------------
                              0.0000    0.0000   clock clk (rise edge)
                              1.0634    1.0634   clock network delay (propagated)
                    0.0583    0.0000    1.0634 ^ ng21/_8_/CLK (sky130_fd_sc_hd__dfxtp_1)
     1    0.0029    0.0412    0.3048    1.3682 ^ ng21/_8_/Q (sky130_fd_sc_hd__dfxtp_1)
                                                 ln21 (net)
     1    0.0536    0.1537    0.1832    1.5514 ^ place2172/X (sky130_fd_sc_hd__buf_4)
                                                 net2172 (net)
    64    0.2324    0.2634    0.3082    1.8596 ^ lt_ln21/Z (LTAPBW12)
                                                 pgm_ln21 (net)
     2    0.0155    0.1870    0.2301    2.0896 ^ vs_21_21/Z (VSITE_BUF)
                                                 lf_21_21 (net)
     1    0.0023    0.0702    0.4279    2.5175 v row21/_347_/X (sky130_fd_sc_hd__xor3_1)
                                                 row21/_064_ (net)
                    0.0702    0.0001    2.5176 v row21/_487_/D (sky130_fd_sc_hd__dfxtp_1)
                                        2.5176   data arrival time

                              3.0000    3.0000   clock clk (rise edge)
                              1.0609    4.0609   clock network delay (propagated)
                              0.0000    4.0609   clock reconvergence pessimism
                                        4.0609 ^ row21/_487_/CLK (sky130_fd_sc_hd__dfxtp_1)
                             -0.1187    3.9422   library setup time
                                        3.9422   data required time
-------------------------------------------------------------------------------------
                                        3.9422   data required time
                                       -2.5176   data arrival time
-------------------------------------------------------------------------------------
                                        1.4246   slack (MET)


SIGNOFF_PROG_PATH_END
SIGNOFF_SLEW tap_input_max=0.212372 tap_input_pin=lt_lp3/A site_input_max=0.266310 site_input_pin=vs_63_28/A
SIGNOFF_SPINE_DRIVERS sky130_fd_sc_hd__buf_4 83 sky130_fd_sc_hd__dfxtp_1 45
