OpenROAD unknown 
Features included (+) or not (-): -GPU +GUI -Python
This program is licensed under the BSD-3 license. See the LICENSE file for details.
Components of this program may be licensed under more restrictive licenses which must be honored.
[INFO ORD-0030] Using 1 thread(s).
SIGNOFF_WS corner=ff setup=-1.1546457123756682e-9 hold=-2.2243540342969936e-11
SIGNOFF_SETUP_PATH_BEGIN
Startpoint: ln_56/_1_ (rising edge-triggered flip-flop clocked by clk)
Endpoint: row5/_638_ (rising edge-triggered flip-flop clocked by clk)
Path Group: clk
Path Type: max

Fanout       Cap      Slew     Delay      Time   Description
-------------------------------------------------------------------------------------
                              0.0000    0.0000   clock clk (rise edge)
                              0.7382    0.7382   clock network delay (propagated)
                    0.0501    0.0000    0.7382 ^ ln_56/_1_/CLK (sky130_fd_sc_hd__dfxtp_1)
     6    0.1751    1.2189    1.0058    1.7439 ^ ln_56/_1_/Q (sky130_fd_sc_hd__dfxtp_1)
                                                 lp56 (net)
     4    0.1035    0.6916    0.7694    2.5133 v ln_56/_0_/Y (sky130_fd_sc_hd__clkinv_1)
                                                 ln56 (net)
     2    0.0150    0.0469    0.3110    2.8243 v lt_ln56_s0/Z (LTAP2)
                                                 pgm_ln56_s0 (net)
     2    0.0135    0.0569    0.0957    2.9200 v vs_5_56/Z (VSITE_BUF)
                                                 lf_5_56 (net)
     1    0.0140    0.2257    0.2157    3.1357 ^ row5/_463_/X (sky130_fd_sc_hd__xor2_1)
                                                 row5/_178_ (net)
     2    0.0156    0.1027    0.1127    3.2483 v row5/_465_/Y (sky130_fd_sc_hd__xnor2_1)
                                                 row5/_180_ (net)
     1    0.0081    0.0890    0.1281    3.3764 v row5/_467_/X (sky130_fd_sc_hd__xor2_1)
                                                 row5/_182_ (net)
     2    0.0120    0.2097    0.2032    3.5796 ^ row5/_470_/Y (sky130_fd_sc_hd__xnor2_1)
                                                 row5/_185_ (net)
     1    0.0098    0.1662    0.1593    3.7390 ^ row5/_471_/X (sky130_fd_sc_hd__xor2_1)
                                                 row5/_186_ (net)
     2    0.0167    0.0926    0.1086    3.8475 v row5/_472_/Y (sky130_fd_sc_hd__xnor2_1)
                                                 row5/_187_ (net)
    17    0.1499    1.3251    0.9675    4.8150 ^ row5/_548_/Y (sky130_fd_sc_hd__xnor2_2)
                                                 row5/g56_6[0] (net)
                    1.3270    0.0411    4.8561 ^ row5/_638_/D (sky130_fd_sc_hd__dfxtp_1)
                                        4.8561   data arrival time

                              3.0000    3.0000   clock clk (rise edge)
                              0.7378    3.7378   clock network delay (propagated)
                              0.0000    3.7378   clock reconvergence pessimism
                                        3.7378 ^ row5/_638_/CLK (sky130_fd_sc_hd__dfxtp_1)
                             -0.0364    3.7014   library setup time
                                        3.7014   data required time
-------------------------------------------------------------------------------------
                                        3.7014   data required time
                                       -4.8561   data arrival time
-------------------------------------------------------------------------------------
                                       -1.1546   slack (VIOLATED)


SIGNOFF_SETUP_PATH_END
SIGNOFF_HOLD_PATH_BEGIN
Startpoint: x[35] (input port clocked by clk)
Endpoint: ln_35/_1_ (rising edge-triggered flip-flop clocked by clk)
Path Group: clk
Path Type: min

    Delay      Time   Description
-------------------------------------------------------------
   0.0000    0.0000   clock clk (rise edge)
   0.0000    0.0000   clock network delay (propagated)
   0.0000    0.0000 v input external delay
   0.0000    0.0000 v x[35] (in)
                      x[35] (net)
   0.3669    0.3669 v hold7289/X (sky130_fd_sc_hd__dlygate4sd3_1)
                      net7289 (net)
   0.3252    0.6921 v input30/X (sky130_fd_sc_hd__clkdlybuf4s50_1)
                      net30 (net)
   0.0007    0.6928 v ln_35/_1_/D (sky130_fd_sc_hd__dfxtp_1)
             0.6928   data arrival time

   0.0000    0.0000   clock clk (rise edge)
   0.7686    0.7686   clock network delay (propagated)
   0.0000    0.7686   clock reconvergence pessimism
             0.7686 ^ ln_35/_1_/CLK (sky130_fd_sc_hd__dfxtp_1)
  -0.0535    0.7151   library hold time
             0.7151   data required time
-------------------------------------------------------------
             0.7151   data required time
            -0.6928   data arrival time
-------------------------------------------------------------
            -0.0222   slack (VIOLATED)


SIGNOFF_HOLD_PATH_END
SIGNOFF_PROG_WS setup=-1.1546457123756682e-9
SIGNOFF_PROG_PATH_BEGIN
Startpoint: ln_56/_1_ (rising edge-triggered flip-flop clocked by clk)
Endpoint: row5/_638_ (rising edge-triggered flip-flop clocked by clk)
Path Group: clk
Path Type: max

Fanout       Cap      Slew     Delay      Time   Description
-------------------------------------------------------------------------------------
                              0.0000    0.0000   clock clk (rise edge)
                              0.7382    0.7382   clock network delay (propagated)
                    0.0501    0.0000    0.7382 ^ ln_56/_1_/CLK (sky130_fd_sc_hd__dfxtp_1)
     6    0.1751    1.2189    1.0058    1.7439 ^ ln_56/_1_/Q (sky130_fd_sc_hd__dfxtp_1)
                                                 lp56 (net)
     4    0.1035    0.6916    0.7694    2.5133 v ln_56/_0_/Y (sky130_fd_sc_hd__clkinv_1)
                                                 ln56 (net)
     2    0.0150    0.0469    0.3110    2.8243 v lt_ln56_s0/Z (LTAP2)
                                                 pgm_ln56_s0 (net)
     2    0.0135    0.0569    0.0957    2.9200 v vs_5_56/Z (VSITE_BUF)
                                                 lf_5_56 (net)
     1    0.0140    0.2257    0.2157    3.1357 ^ row5/_463_/X (sky130_fd_sc_hd__xor2_1)
                                                 row5/_178_ (net)
     2    0.0156    0.1027    0.1127    3.2483 v row5/_465_/Y (sky130_fd_sc_hd__xnor2_1)
                                                 row5/_180_ (net)
     1    0.0081    0.0890    0.1281    3.3764 v row5/_467_/X (sky130_fd_sc_hd__xor2_1)
                                                 row5/_182_ (net)
     2    0.0120    0.2097    0.2032    3.5796 ^ row5/_470_/Y (sky130_fd_sc_hd__xnor2_1)
                                                 row5/_185_ (net)
     1    0.0098    0.1662    0.1593    3.7390 ^ row5/_471_/X (sky130_fd_sc_hd__xor2_1)
                                                 row5/_186_ (net)
     2    0.0167    0.0926    0.1086    3.8475 v row5/_472_/Y (sky130_fd_sc_hd__xnor2_1)
                                                 row5/_187_ (net)
    17    0.1499    1.3251    0.9675    4.8150 ^ row5/_548_/Y (sky130_fd_sc_hd__xnor2_2)
                                                 row5/g56_6[0] (net)
                    1.3270    0.0411    4.8561 ^ row5/_638_/D (sky130_fd_sc_hd__dfxtp_1)
                                        4.8561   data arrival time

                              3.0000    3.0000   clock clk (rise edge)
                              0.7378    3.7378   clock network delay (propagated)
                              0.0000    3.7378   clock reconvergence pessimism
                                        3.7378 ^ row5/_638_/CLK (sky130_fd_sc_hd__dfxtp_1)
                             -0.0364    3.7014   library setup time
                                        3.7014   data required time
-------------------------------------------------------------------------------------
                                        3.7014   data required time
                                       -4.8561   data arrival time
-------------------------------------------------------------------------------------
                                       -1.1546   slack (VIOLATED)


SIGNOFF_PROG_PATH_END
SIGNOFF_SLEW tap_input_max=1.473649 tap_input_pin=lt_lp59_s0/A site_input_max=0.089494 site_input_pin=vs_16_59/A
SIGNOFF_SPINE_DRIVERS sky130_fd_sc_hd__clkinv_1 256 sky130_fd_sc_hd__dfxtp_1 256
