OpenROAD unknown 
Features included (+) or not (-): -GPU +GUI -Python
This program is licensed under the BSD-3 license. See the LICENSE file for details.
Components of this program may be licensed under more restrictive licenses which must be honored.
[INFO ORD-0030] Using 1 thread(s).
SIGNOFF_WS corner=ss setup=-8.753062274990953e-9 hold=2.241193897134508e-10
SIGNOFF_SETUP_PATH_BEGIN
Startpoint: ln_56/_1_ (rising edge-triggered flip-flop clocked by clk)
Endpoint: row5/_638_ (rising edge-triggered flip-flop clocked by clk)
Path Group: clk
Path Type: max

Fanout       Cap      Slew     Delay      Time   Description
-------------------------------------------------------------------------------------
                              0.0000    0.0000   clock clk (rise edge)
                              1.7912    1.7912   clock network delay (propagated)
                    0.0980    0.0000    1.7912 ^ ln_56/_1_/CLK (sky130_fd_sc_hd__dfxtp_1)
     6    0.1751    2.5415    2.3913    4.1825 ^ ln_56/_1_/Q (sky130_fd_sc_hd__dfxtp_1)
                                                 lp56 (net)
     4    0.1036    1.6871    2.3369    6.5194 v ln_56/_0_/Y (sky130_fd_sc_hd__clkinv_1)
                                                 ln56 (net)
     2    0.0149    0.0993    0.8826    7.4020 v lt_ln56_s0/Z (LTAP2)
                                                 pgm_ln56_s0 (net)
     2    0.0133    0.1593    0.2621    7.6641 v vs_5_56/Z (VSITE_BUF)
                                                 lf_5_56 (net)
     1    0.0139    0.5045    0.5259    8.1900 ^ row5/_463_/X (sky130_fd_sc_hd__xor2_1)
                                                 row5/_178_ (net)
     2    0.0157    0.2857    0.4308    8.6208 v row5/_465_/Y (sky130_fd_sc_hd__xnor2_1)
                                                 row5/_180_ (net)
     1    0.0080    0.2281    0.3907    9.0115 v row5/_467_/X (sky130_fd_sc_hd__xor2_1)
                                                 row5/_182_ (net)
     2    0.0117    0.4747    0.5011    9.5126 ^ row5/_470_/Y (sky130_fd_sc_hd__xnor2_1)
                                                 row5/_185_ (net)
     1    0.0097    0.3777    0.5213   10.0339 ^ row5/_471_/X (sky130_fd_sc_hd__xor2_1)
                                                 row5/_186_ (net)
     2    0.0170    0.3046    0.3976   10.4315 v row5/_472_/Y (sky130_fd_sc_hd__xnor2_1)
                                                 row5/_187_ (net)
    17    0.1529    2.8689    2.2519   12.6834 ^ row5/_548_/Y (sky130_fd_sc_hd__xnor2_2)
                                                 row5/g56_6[0] (net)
                    2.8698    0.0428   12.7262 ^ row5/_638_/D (sky130_fd_sc_hd__dfxtp_1)
                                       12.7262   data arrival time

                              3.0000    3.0000   clock clk (rise edge)
                              1.7803    4.7803   clock network delay (propagated)
                              0.0000    4.7803   clock reconvergence pessimism
                                        4.7803 ^ row5/_638_/CLK (sky130_fd_sc_hd__dfxtp_1)
                             -0.8072    3.9731   library setup time
                                        3.9731   data required time
-------------------------------------------------------------------------------------
                                        3.9731   data required time
                                      -12.7262   data arrival time
-------------------------------------------------------------------------------------
                                       -8.7531   slack (VIOLATED)


SIGNOFF_SETUP_PATH_END
SIGNOFF_HOLD_PATH_BEGIN
Startpoint: x[35] (input port clocked by clk)
Endpoint: ln_35/_1_ (rising edge-triggered flip-flop clocked by clk)
Path Group: clk
Path Type: min

    Delay      Time   Description
-------------------------------------------------------------
   0.0000    0.0000   clock clk (rise edge)
   0.0000    0.0000   clock network delay (propagated)
   0.0000    0.0000 ^ input external delay
   0.0000    0.0000 ^ x[35] (in)
                      x[35] (net)
   1.0561    1.0561 ^ hold7289/X (sky130_fd_sc_hd__dlygate4sd3_1)
                      net7289 (net)
   0.9201    1.9762 ^ input30/X (sky130_fd_sc_hd__clkdlybuf4s50_1)
                      net30 (net)
   0.0007    1.9770 ^ ln_35/_1_/D (sky130_fd_sc_hd__dfxtp_1)
             1.9770   data arrival time

   0.0000    0.0000   clock clk (rise edge)
   1.8498    1.8498   clock network delay (propagated)
   0.0000    1.8498   clock reconvergence pessimism
             1.8498 ^ ln_35/_1_/CLK (sky130_fd_sc_hd__dfxtp_1)
  -0.0970    1.7528   library hold time
             1.7528   data required time
-------------------------------------------------------------
             1.7528   data required time
            -1.9770   data arrival time
-------------------------------------------------------------
             0.2241   slack (MET)


SIGNOFF_HOLD_PATH_END
SIGNOFF_PROG_WS setup=-8.753062274990953e-9
SIGNOFF_PROG_PATH_BEGIN
Startpoint: ln_56/_1_ (rising edge-triggered flip-flop clocked by clk)
Endpoint: row5/_638_ (rising edge-triggered flip-flop clocked by clk)
Path Group: clk
Path Type: max

Fanout       Cap      Slew     Delay      Time   Description
-------------------------------------------------------------------------------------
                              0.0000    0.0000   clock clk (rise edge)
                              1.7912    1.7912   clock network delay (propagated)
                    0.0980    0.0000    1.7912 ^ ln_56/_1_/CLK (sky130_fd_sc_hd__dfxtp_1)
     6    0.1751    2.5415    2.3913    4.1825 ^ ln_56/_1_/Q (sky130_fd_sc_hd__dfxtp_1)
                                                 lp56 (net)
     4    0.1036    1.6871    2.3369    6.5194 v ln_56/_0_/Y (sky130_fd_sc_hd__clkinv_1)
                                                 ln56 (net)
     2    0.0149    0.0993    0.8826    7.4020 v lt_ln56_s0/Z (LTAP2)
                                                 pgm_ln56_s0 (net)
     2    0.0133    0.1593    0.2621    7.6641 v vs_5_56/Z (VSITE_BUF)
                                                 lf_5_56 (net)
     1    0.0139    0.5045    0.5259    8.1900 ^ row5/_463_/X (sky130_fd_sc_hd__xor2_1)
                                                 row5/_178_ (net)
     2    0.0157    0.2857    0.4308    8.6208 v row5/_465_/Y (sky130_fd_sc_hd__xnor2_1)
                                                 row5/_180_ (net)
     1    0.0080    0.2281    0.3907    9.0115 v row5/_467_/X (sky130_fd_sc_hd__xor2_1)
                                                 row5/_182_ (net)
     2    0.0117    0.4747    0.5011    9.5126 ^ row5/_470_/Y (sky130_fd_sc_hd__xnor2_1)
                                                 row5/_185_ (net)
     1    0.0097    0.3777    0.5213   10.0339 ^ row5/_471_/X (sky130_fd_sc_hd__xor2_1)
                                                 row5/_186_ (net)
     2    0.0170    0.3046    0.3976   10.4315 v row5/_472_/Y (sky130_fd_sc_hd__xnor2_1)
                                                 row5/_187_ (net)
    17    0.1529    2.8689    2.2519   12.6834 ^ row5/_548_/Y (sky130_fd_sc_hd__xnor2_2)
                                                 row5/g56_6[0] (net)
                    2.8698    0.0428   12.7262 ^ row5/_638_/D (sky130_fd_sc_hd__dfxtp_1)
                                       12.7262   data arrival time

                              3.0000    3.0000   clock clk (rise edge)
                              1.7803    4.7803   clock network delay (propagated)
                              0.0000    4.7803   clock reconvergence pessimism
                                        4.7803 ^ row5/_638_/CLK (sky130_fd_sc_hd__dfxtp_1)
                             -0.8072    3.9731   library setup time
                                        3.9731   data required time
-------------------------------------------------------------------------------------
                                        3.9731   data required time
                                      -12.7262   data arrival time
-------------------------------------------------------------------------------------
                                       -8.7531   slack (VIOLATED)


SIGNOFF_PROG_PATH_END
SIGNOFF_SLEW tap_input_max=3.081105 tap_input_pin=lt_lp59_s0/A site_input_max=0.191027 site_input_pin=vs_16_59/A
SIGNOFF_SPINE_DRIVERS sky130_fd_sc_hd__clkinv_1 256 sky130_fd_sc_hd__dfxtp_1 256
