mkdir -p /work/orfs/results/sky130hd/ubp3_n32_u75/base/
echo 20.0 > /work/orfs/results/sky130hd/ubp3_n32_u75/base/clock_period.txt
/OpenROAD-flow-scripts/flow/scripts/synth.sh /OpenROAD-flow-scripts/flow/scripts/synth_canonicalize.tcl /work/orfs/logs/sky130hd/ubp3_n32_u75/base/1_1_yosys_canonicalize.log
exec cp /work/ubp3_n32/netlist.v /work/orfs/results/sky130hd/ubp3_n32_u75/base/1_2_yosys.v
exec touch -r /work/ubp3_n32/netlist.v /work/orfs/results/sky130hd/ubp3_n32_u75/base/1_2_yosys.v
Elapsed time: 0:00.07[h:]min:sec. CPU time: user 0.02 sys 0.02 (61%). Peak memory: 26744KB.
Log                       Ext     Elapsed/s Peak Memory/MB sha1sum result [0:20)
1_1_yosys_canonicalize                    0             26                  N/A
/OpenROAD-flow-scripts/flow/scripts/synth.sh /OpenROAD-flow-scripts/flow/scripts/synth.tcl /work/orfs/logs/sky130hd/ubp3_n32_u75/base/1_2_yosys.log
exec cp /work/ubp3_n32/netlist.v /work/orfs/results/sky130hd/ubp3_n32_u75/base/1_2_yosys.v
exec touch -r /work/ubp3_n32/netlist.v /work/orfs/results/sky130hd/ubp3_n32_u75/base/1_2_yosys.v
Elapsed time: 0:00.07[h:]min:sec. CPU time: user 0.03 sys 0.01 (62%). Peak memory: 27056KB.
Log                       Ext     Elapsed/s Peak Memory/MB sha1sum result [0:20)
1_2_yosys                 .v              0             26 1973723d9da6c3948213
cp /work/ubp3_n32/constraint.sdc /work/orfs/results/sky130hd/ubp3_n32_u75/base/1_2_yosys.sdc
touch -r /work/ubp3_n32/constraint.sdc /work/orfs/results/sky130hd/ubp3_n32_u75/base/1_2_yosys.sdc
OpenROAD unknown 
Features included (+) or not (-): -GPU +GUI -Python
This program is licensed under the BSD-3 license. See the LICENSE file for details.
Components of this program may be licensed under more restrictive licenses which must be honored.
[INFO ORD-0030] Using 2 thread(s).
mkdir -p /work/orfs/objects/sky130hd/ubp3_n32_u75/base
/OpenROAD-flow-scripts/flow/scripts/flow.sh 1_synth synth_odb
Running synth_odb.tcl, stage 1_synth
read_liberty /OpenROAD-flow-scripts/flow/platforms/sky130hd/lib/sky130_fd_sc_hd__tt_025C_1v80.lib
[INFO ODB-0227] LEF file: /OpenROAD-flow-scripts/flow/platforms/sky130hd/lef/sky130_fd_sc_hd.tlef, created 13 layers, 25 vias
[INFO ODB-0227] LEF file: /OpenROAD-flow-scripts/flow/platforms/sky130hd/lef/sky130_fd_sc_hd_merged.lef, created 441 library cells
link_design top
read_sdc /work/orfs/results/sky130hd/ubp3_n32_u75/base/1_2_yosys.sdc
source /OpenROAD-flow-scripts/flow/platforms/sky130hd/setRC.tcl
Design area 139262 um^2 100% utilization.
write_db /work/orfs/results/sky130hd/ubp3_n32_u75/base/1_synth.odb
write_sdc -no_timestamp /work/orfs/results/sky130hd/ubp3_n32_u75/base/1_synth.sdc
Warning: master sky130_ef_sc_hd__decap_12 has signal pins but no liberty cell
Elapsed time: 0:01.21[h:]min:sec. CPU time: user 0.68 sys 0.10 (64%). Peak memory: 142840KB.
Log                       Ext     Elapsed/s Peak Memory/MB sha1sum result [0:20)
1_synth                   .odb            1            139 53662c37944eeafda88f
1_synth                   .sdc                             c5167e321845919ca71b
/OpenROAD-flow-scripts/flow/scripts/flow.sh 2_1_floorplan floorplan
Running floorplan.tcl, stage 2_1_floorplan
read_liberty /OpenROAD-flow-scripts/flow/platforms/sky130hd/lib/sky130_fd_sc_hd__tt_025C_1v80.lib
read_db /work/orfs/results/sky130hd/ubp3_n32_u75/base/1_synth.odb
read_sdc /work/orfs/results/sky130hd/ubp3_n32_u75/base/1_synth.sdc
source /OpenROAD-flow-scripts/flow/platforms/sky130hd/setRC.tcl
Master sky130_ef_sc_hd__decap_12 is loaded but not used in the design

==========================================================================
Floorplan check_setup
--------------------------------------------------------------------------
number instances in verilog is 14888
initialize_floorplan -utilization 75 -aspect_ratio 1 -core_space 2 -site unithd
[INFO IFP-0107] Defining die area using utilization: 75.00% and aspect ratio: 1.
[WARNING IFP-0028] Core area lower left (2.000, 2.000) snapped to (2.300, 2.720).
[INFO IFP-0001] Added 158 rows of 936 site unithd.
[INFO IFP-0100] Die BBox:  (  0.000  0.000 ) ( 434.910 434.910 ) um
[INFO IFP-0101] Core BBox: (  2.300  2.720 ) ( 432.860 432.480 ) um
[INFO IFP-0102] Core area:                       185037.466 um^2
[INFO IFP-0103] Total instances area:            139262.314 um^2
[INFO IFP-0104] Effective utilization:                0.753
[INFO IFP-0105] Number of instances:                  14888
source /OpenROAD-flow-scripts/flow/platforms/sky130hd/make_tracks.tcl
source /OpenROAD-flow-scripts/flow/platforms/sky130hd/fastroute.tcl
set_dont_use "sky130_fd_sc_hd__probe_p_8 sky130_fd_sc_hd__probec_p_8 sky130_fd_sc_hd__lpflow_bleeder_1 sky130_fd_sc_hd__lpflow_clkbufkapwr_1 sky130_fd_sc_hd__lpflow_clkbufkapwr_16 sky130_fd_sc_hd__lpflow_clkbufkapwr_2 sky130_fd_sc_hd__lpflow_clkbufkapwr_4 sky130_fd_sc_hd__lpflow_clkbufkapwr_8 sky130_fd_sc_hd__lpflow_clkinvkapwr_1 sky130_fd_sc_hd__lpflow_clkinvkapwr_16 sky130_fd_sc_hd__lpflow_clkinvkapwr_2 sky130_fd_sc_hd__lpflow_clkinvkapwr_4 sky130_fd_sc_hd__lpflow_clkinvkapwr_8 sky130_fd_sc_hd__lpflow_decapkapwr_12 sky130_fd_sc_hd__lpflow_decapkapwr_3 sky130_fd_sc_hd__lpflow_decapkapwr_4 sky130_fd_sc_hd__lpflow_decapkapwr_6 sky130_fd_sc_hd__lpflow_decapkapwr_8 sky130_fd_sc_hd__lpflow_inputiso0n_1 sky130_fd_sc_hd__lpflow_inputiso0p_1 sky130_fd_sc_hd__lpflow_inputiso1n_1 sky130_fd_sc_hd__lpflow_inputiso1p_1 sky130_fd_sc_hd__lpflow_inputisolatch_1 sky130_fd_sc_hd__lpflow_isobufsrc_1 sky130_fd_sc_hd__lpflow_isobufsrc_16 sky130_fd_sc_hd__lpflow_isobufsrc_2 sky130_fd_sc_hd__lpflow_isobufsrc_4 sky130_fd_sc_hd__lpflow_isobufsrc_8 sky130_fd_sc_hd__lpflow_isobufsrckapwr_16 sky130_fd_sc_hd__lpflow_lsbuf_lh_hl_isowell_tap_1 sky130_fd_sc_hd__lpflow_lsbuf_lh_hl_isowell_tap_2 sky130_fd_sc_hd__lpflow_lsbuf_lh_hl_isowell_tap_4 sky130_fd_sc_hd__lpflow_lsbuf_lh_isowell_4 sky130_fd_sc_hd__lpflow_lsbuf_lh_isowell_tap_1 sky130_fd_sc_hd__lpflow_lsbuf_lh_isowell_tap_2 sky130_fd_sc_hd__lpflow_lsbuf_lh_isowell_tap_4"
repair_tie_fanout -separation 0 sky130_fd_sc_hd__tt_025C_1v80/sky130_fd_sc_hd__conb_1/LO
[INFO RSZ-0042] Inserted 430 tie sky130_fd_sc_hd__conb_1 instances.
repair_tie_fanout -separation 0 sky130_fd_sc_hd__tt_025C_1v80/sky130_fd_sc_hd__conb_1/HI
repair_timing -setup_margin 0 -hold_margin 0 -repair_tns 100 -match_cell_footprint -setup -skip_last_gasp -sequence unbuffer,sizeup,swap,vt_swap -verbose
[WARNING EST-0027] no estimated parasitics. Using wire load models.
[INFO RSZ-0100] Repair move sequence: UnbufferMove SizeUpMove SwapPinsMove 
[INFO RSZ-0098] No setup violations found
[INFO RSZ-0505] Runtime: 0.16s
Default units for flow
 time 1ns
 capacitance 1pF
 resistance 1kohm
 voltage 1v
 current 1mA
 power 1nW
 distance 1um
   Layer   | Unit Resistance | Unit Capacitance 
           |       (kohm/um) |          (pF/um)
------------------------------------------------
       li1 |        7.18e-02 |         1.50e-04
      met1 |        1.21e-03 |         1.72e-04
      met2 |        1.22e-03 |         1.36e-04
      met3 |        1.66e-04 |         2.15e-04
      met4 |        1.68e-04 |         1.48e-04
      met5 |        1.84e-05 |         1.54e-04
------------------------------------------------

   Layer   | Via Resistance 
           |         (kohm) 
----------------------------
      mcon |       9.25e-03 
       via |       4.50e-03 
      via2 |       3.37e-03 
      via3 |       3.77e-04 
      via4 |       5.80e-06 
----------------------------
Report metrics stage 2, floorplan final...

==========================================================================
floorplan final report_design_area
--------------------------------------------------------------------------
Design area 140756 um^2 76% utilization.
write_db /work/orfs/results/sky130hd/ubp3_n32_u75/base/2_1_floorplan.odb
write_sdc -no_timestamp /work/orfs/results/sky130hd/ubp3_n32_u75/base/2_1_floorplan.sdc
Elapsed time: 0:02.45[h:]min:sec. CPU time: user 1.56 sys 0.11 (67%). Peak memory: 194100KB.
Log                       Ext     Elapsed/s Peak Memory/MB sha1sum result [0:20)
2_1_floorplan             .odb            2            189 7a77570fe960f05d80f0
2_1_floorplan             .sdc                             c5167e321845919ca71b
/OpenROAD-flow-scripts/flow/scripts/flow.sh 2_2_floorplan_macro macro_place
Running macro_place.tcl, stage 2_2_floorplan_macro
read_liberty /OpenROAD-flow-scripts/flow/platforms/sky130hd/lib/sky130_fd_sc_hd__tt_025C_1v80.lib
read_db /work/orfs/results/sky130hd/ubp3_n32_u75/base/2_1_floorplan.odb
read_sdc /work/orfs/results/sky130hd/ubp3_n32_u75/base/2_1_floorplan.sdc
source /OpenROAD-flow-scripts/flow/platforms/sky130hd/setRC.tcl
No macros found: Skipping macro_placement
Design area 140756 um^2 76% utilization.
write_db /work/orfs/results/sky130hd/ubp3_n32_u75/base/2_2_floorplan_macro.odb
Elapsed time: 0:00.92[h:]min:sec. CPU time: user 0.51 sys 0.08 (63%). Peak memory: 124936KB.
Log                       Ext     Elapsed/s Peak Memory/MB sha1sum result [0:20)
2_2_floorplan_macro       .odb            0            122 7a77570fe960f05d80f0
/OpenROAD-flow-scripts/flow/scripts/flow.sh 2_3_floorplan_tapcell tapcell
Running tapcell.tcl, stage 2_3_floorplan_tapcell
read_liberty /OpenROAD-flow-scripts/flow/platforms/sky130hd/lib/sky130_fd_sc_hd__tt_025C_1v80.lib
read_db /work/orfs/results/sky130hd/ubp3_n32_u75/base/2_2_floorplan_macro.odb
read_sdc /work/orfs/results/sky130hd/ubp3_n32_u75/base/2_1_floorplan.sdc
source /OpenROAD-flow-scripts/flow/platforms/sky130hd/setRC.tcl
[INFO TAP-0005] Inserted 2480 tapcells.
Design area 143859 um^2 78% utilization.
write_db /work/orfs/results/sky130hd/ubp3_n32_u75/base/2_3_floorplan_tapcell.odb
Elapsed time: 0:00.90[h:]min:sec. CPU time: user 0.53 sys 0.06 (66%). Peak memory: 124596KB.
Log                       Ext     Elapsed/s Peak Memory/MB sha1sum result [0:20)
2_3_floorplan_tapcell     .odb            0            121 3f69922c41f3d1e6efea
/OpenROAD-flow-scripts/flow/scripts/flow.sh 2_4_floorplan_pdn pdn
Running pdn.tcl, stage 2_4_floorplan_pdn
read_liberty /OpenROAD-flow-scripts/flow/platforms/sky130hd/lib/sky130_fd_sc_hd__tt_025C_1v80.lib
read_db /work/orfs/results/sky130hd/ubp3_n32_u75/base/2_3_floorplan_tapcell.odb
read_sdc /work/orfs/results/sky130hd/ubp3_n32_u75/base/2_1_floorplan.sdc
source /OpenROAD-flow-scripts/flow/platforms/sky130hd/setRC.tcl
[WARNING PDN-1051] No instances found for grid (CORE_macro_grid_1).
[WARNING PDN-1051] No instances found for grid (CORE_macro_grid_2).
[INFO PDN-0001] Inserting grid: grid
[INFO PDN-0500] Runtime: 0.16s
Design area 143859 um^2 78% utilization.
write_db /work/orfs/results/sky130hd/ubp3_n32_u75/base/2_4_floorplan_pdn.odb
Elapsed time: 0:01.54[h:]min:sec. CPU time: user 0.89 sys 0.08 (63%). Peak memory: 133100KB.
Log                       Ext     Elapsed/s Peak Memory/MB sha1sum result [0:20)
2_4_floorplan_pdn         .odb            1            129 02d1e412defff5ff0002
cp /work/orfs/results/sky130hd/ubp3_n32_u75/base/2_4_floorplan_pdn.odb /work/orfs/results/sky130hd/ubp3_n32_u75/base/2_floorplan.odb
cp /work/orfs/results/sky130hd/ubp3_n32_u75/base/2_1_floorplan.sdc /work/orfs/results/sky130hd/ubp3_n32_u75/base/2_floorplan.sdc
/OpenROAD-flow-scripts/flow/scripts/flow.sh 3_1_place_gp_skip_io global_place_skip_io
Running global_place_skip_io.tcl, stage 3_1_place_gp_skip_io
read_liberty /OpenROAD-flow-scripts/flow/platforms/sky130hd/lib/sky130_fd_sc_hd__tt_025C_1v80.lib
read_db /work/orfs/results/sky130hd/ubp3_n32_u75/base/2_floorplan.odb
read_sdc /work/orfs/results/sky130hd/ubp3_n32_u75/base/2_floorplan.sdc
source /OpenROAD-flow-scripts/flow/platforms/sky130hd/setRC.tcl
global_placement -skip_io -density 0.6 -pad_left 0 -pad_right 0
[INFO GPL-0001] ---- Initialize GPL Main Data Structures
[INFO GPL-0002] DBU: 1000
[INFO GPL-0003] SiteSize: (  0.460  2.720 ) um
[INFO GPL-0004] CoreBBox: (  2.300  2.720 ) ( 432.860 432.480 ) um
[INFO GPL-0016] Core area:                  185037.466 um^2
[INFO GPL-0036] Movable instances area:     140756.246 um^2
[INFO GPL-0037] Total instances area:       143859.222 um^2
[INFO GPL-0035] Pin density area adjust:      4674.182 um^2
[INFO GPL-0032] ---- Initialize Region: Top-level
[INFO GPL-0006] Number of instances:             17766
[INFO GPL-0007] Movable instances:               15286
[INFO GPL-0008] Fixed instances:                  2480
[INFO GPL-0009] Dummy instances:                     0
[INFO GPL-0010] Number of nets:                  15542
[INFO GPL-0011] Number of pins:                  51546
[INFO GPL-0012] Die BBox:       (  0.000  0.000 ) ( 434.910 434.910 ) um
[INFO GPL-0013] Placement BBox: (  2.300  2.720 ) ( 432.860 432.480 ) um
[INFO GPL-0014] Region name: top-level.
[INFO GPL-0015] Region area:                185037.466 um^2
[INFO GPL-0017] Fixed instances area:         3102.976 um^2
[INFO GPL-0018] Movable instances area:     145430.428 um^2
[INFO GPL-0019] Utilization:                    79.936 %
[INFO GPL-0020] Standard cells area:        145430.428 um^2
[INFO GPL-0021] Large instances area:            0.000 um^2
[INFO GPL-0005] ---- Execute Conjugate Gradient Initial Placement.
[INFO GPL-0051] Source of initial instance position counters:
	Odb location = 0	Core center = 15286	Region center = 0
[INFO GPL-0033] ---- Initialize Nesterov Region: Top-level
[WARNING GPL-0302] Target density 0.6000 is too low for the available free area.
Automatically adjusting to uniform density 0.8000.
[INFO GPL-0023] Placement target density:       0.8000
[INFO GPL-0024] Movable insts average area:      9.514 um^2
[INFO GPL-0025] Ideal bin area:                 11.892 um^2
[INFO GPL-0026] Ideal bin count:                 15559
[INFO GPL-0027] Total bin area:             185037.466 um^2
[INFO GPL-0028] Bin count (X, Y):          64 ,     64
[INFO GPL-0029] Bin size (W * H):       6.728 *  6.715 um
[INFO GPL-0030] Number of bins:                   4096
[INFO GPL-0084] ---- Execute Nesterov Global Placement.
[INFO GPL-0031] HPWL: Half-Perimeter Wirelength
Iteration | Overflow |     HPWL (um) |  HPWL(%) |   Penalty | Group
---------------------------------------------------------------
        0 |   0.9990 |  3.518698e+04 |   +0.00% |  2.79e-15 |      
       10 |   0.9980 |  2.638636e+04 |  -25.01% |  4.55e-15 |      
       20 |   0.9980 |  2.551777e+04 |   -3.29% |  7.41e-15 |      
       30 |   0.9980 |  2.521638e+04 |   -1.18% |  1.21e-14 |      
       40 |   0.9973 |  2.522039e+04 |   +0.02% |  1.97e-14 |      
       50 |   0.9970 |  2.538975e+04 |   +0.67% |  3.20e-14 |      
       60 |   0.9970 |  2.559876e+04 |   +0.82% |  5.22e-14 |      
       70 |   0.9970 |  2.582728e+04 |   +0.89% |  8.50e-14 |      
       80 |   0.9970 |  2.615842e+04 |   +1.28% |  1.38e-13 |      
       90 |   0.9970 |  2.680580e+04 |   +2.47% |  2.26e-13 |      
      100 |   0.9964 |  2.817036e+04 |   +5.09% |  3.67e-13 |      
      110 |   0.9960 |  3.081784e+04 |   +9.40% |  5.98e-13 |      
      120 |   0.9951 |  3.532703e+04 |  +14.63% |  9.74e-13 |      
      130 |   0.9935 |  4.206383e+04 |  +19.07% |  1.58e-12 |      
      140 |   0.9891 |  5.201929e+04 |  +23.67% |  2.58e-12 |      
      150 |   0.9815 |  6.855273e+04 |  +31.78% |  4.19e-12 |      
      160 |   0.9647 |  9.667884e+04 |  +41.03% |  6.81e-12 |      
      170 |   0.9410 |  1.236608e+05 |  +27.91% |  1.11e-11 |      
      180 |   0.9151 |  1.412888e+05 |  +14.26% |  1.80e-11 |      
      190 |   0.8910 |  1.606300e+05 |  +13.69% |  2.92e-11 |      
      200 |   0.8607 |  1.892051e+05 |  +17.79% |  4.75e-11 |      
      210 |   0.8239 |  2.199685e+05 |  +16.26% |  7.71e-11 |      
      220 |   0.7820 |  2.472342e+05 |  +12.40% |  1.25e-10 |      
      230 |   0.7383 |  2.725632e+05 |  +10.24% |  2.03e-10 |      
      240 |   0.6899 |  2.979438e+05 |   +9.31% |  3.30e-10 |      
      250 |   0.6400 |  3.225951e+05 |   +8.27% |  5.36e-10 |      
      260 |   0.5807 |  3.466889e+05 |   +7.47% |  8.71e-10 |      
      270 |   0.5154 |  3.684545e+05 |   +6.28% |  1.42e-09 |      
      280 |   0.4398 |  3.925071e+05 |   +6.53% |  2.30e-09 |      
      290 |   0.3689 |  4.152286e+05 |   +5.79% |  3.74e-09 |      
      300 |   0.3323 |  4.267805e+05 |   +2.78% |  5.78e-09 |      
      310 |   0.3036 |  4.261496e+05 |   -0.15% |  8.52e-09 |      
      320 |   0.2800 |  4.189368e+05 |   -1.69% |  1.25e-08 |      
      330 |   0.2540 |  4.271126e+05 |   +1.95% |  1.85e-08 |      
      340 |   0.2314 |  4.276362e+05 |   +0.12% |  2.72e-08 |      
      350 |   0.2126 |  4.231537e+05 |   -1.05% |  4.01e-08 |      
      360 |   0.1889 |  4.250343e+05 |   +0.44% |  5.90e-08 |      
      370 |   0.1700 |  4.238290e+05 |   -0.28% |  8.70e-08 |      
      380 |   0.1511 |  4.237837e+05 |   -0.01% |  1.28e-07 |      
      390 |   0.1319 |  4.232097e+05 |   -0.14% |  1.89e-07 |      
      400 |   0.1132 |  4.229265e+05 |   -0.07% |  2.78e-07 |      
      409 |   0.0999 |  4.229408e+05 |          |  4.10e-07 |      
---------------------------------------------------------------
[INFO GPL-1001] Global placement finished at iteration 409
[INFO GPL-1002] Placed Cell Area            145430.4280
[INFO GPL-1003] Available Free Area         181934.4896
[INFO GPL-1004] Minimum Feasible Density        0.8000 (cell_area / free_area)
[INFO GPL-1006]   Suggested Target Densities:
[INFO GPL-1007]     - For 90% usage of free space: 0.8882
[INFO GPL-1008]     - For 80% usage of free space: 0.9992
[INFO GPL-1014] Final placement area: 145430.43 (+0.00%)
[INFO GPL-1018] Final HPWL (um): 423219.78
Took 5 seconds: global_placement -skip_io -density 0.6 -pad_left 0 -pad_right 0
Design area 143859 um^2 78% utilization.
write_db /work/orfs/results/sky130hd/ubp3_n32_u75/base/3_1_place_gp_skip_io.odb
Elapsed time: 0:06.43[h:]min:sec. CPU time: user 3.30 sys 0.20 (54%). Peak memory: 152724KB.
Log                       Ext     Elapsed/s Peak Memory/MB sha1sum result [0:20)
3_1_place_gp_skip_io      .odb            6            149 c0a1f44b5ac674018366
/OpenROAD-flow-scripts/flow/scripts/flow.sh 3_2_place_iop io_placement
Running io_placement.tcl, stage 3_2_place_iop
read_liberty /OpenROAD-flow-scripts/flow/platforms/sky130hd/lib/sky130_fd_sc_hd__tt_025C_1v80.lib
read_db /work/orfs/results/sky130hd/ubp3_n32_u75/base/3_1_place_gp_skip_io.odb
read_sdc /work/orfs/results/sky130hd/ubp3_n32_u75/base/2_floorplan.sdc
source /OpenROAD-flow-scripts/flow/platforms/sky130hd/setRC.tcl
place_pins -hor_layers met3 -ver_layers met2
Found 0 macro blocks.
Using 2 tracks default min distance between IO pins.
[INFO PPL-0001] Number of available slots 1574
[INFO PPL-0002] Number of I/O             672
[INFO PPL-0003] Number of I/O w/sink      672
[INFO PPL-0004] Number of I/O w/o sink    0
[INFO PPL-0005] Slots per section         200
[INFO PPL-0008] Successfully assigned pins to sections.
[INFO PPL-0012] I/O nets HPWL: 98005.21 um.
Design area 143859 um^2 78% utilization.
write_db /work/orfs/results/sky130hd/ubp3_n32_u75/base/3_2_place_iop.odb
Elapsed time: 0:01.21[h:]min:sec. CPU time: user 0.56 sys 0.06 (51%). Peak memory: 129612KB.
Log                       Ext     Elapsed/s Peak Memory/MB sha1sum result [0:20)
3_2_place_iop             .odb            1            126 5d1c4672c0ea9bc2d5a6
/OpenROAD-flow-scripts/flow/scripts/flow.sh 3_3_place_gp global_place
Running global_place.tcl, stage 3_3_place_gp
read_liberty /OpenROAD-flow-scripts/flow/platforms/sky130hd/lib/sky130_fd_sc_hd__tt_025C_1v80.lib
read_db /work/orfs/results/sky130hd/ubp3_n32_u75/base/3_2_place_iop.odb
read_sdc /work/orfs/results/sky130hd/ubp3_n32_u75/base/2_floorplan.sdc
source /OpenROAD-flow-scripts/flow/platforms/sky130hd/setRC.tcl
[INFO RSZ-0026] Removed 0 buffers.
Perform port buffering...
[INFO RSZ-0027] Inserted 256 sky130_fd_sc_hd__clkdlybuf4s50_1 input buffers.
[INFO RSZ-0028] Inserted 416 sky130_fd_sc_hd__clkdlybuf4s50_1 output buffers.
global_placement -density 0.6 -pad_left 0 -pad_right 0 -routability_driven -timing_driven -force_center_initial_place -min_phi_coef 0.95 -max_phi_coef 1.05
[INFO GPL-0001] ---- Initialize GPL Main Data Structures
[INFO GPL-0002] DBU: 1000
[INFO GPL-0003] SiteSize: (  0.460  2.720 ) um
[INFO GPL-0004] CoreBBox: (  2.300  2.720 ) ( 432.860 432.480 ) um
[INFO GPL-0016] Core area:                  185037.466 um^2
[INFO GPL-0036] Movable instances area:     147482.698 um^2
[INFO GPL-0037] Total instances area:       150585.674 um^2
[INFO GPL-0035] Pin density area adjust:      6553.923 um^2
[INFO GPL-0032] ---- Initialize Region: Top-level
[INFO GPL-0006] Number of instances:             18438
[INFO GPL-0007] Movable instances:               15958
[INFO GPL-0008] Fixed instances:                  2480
[INFO GPL-0009] Dummy instances:                     0
[INFO GPL-0010] Number of nets:                  16214
[INFO GPL-0011] Number of pins:                  53562
[INFO GPL-0012] Die BBox:       (  0.000  0.000 ) ( 434.910 434.910 ) um
[INFO GPL-0013] Placement BBox: (  2.300  2.720 ) ( 432.860 432.480 ) um
[INFO GPL-0014] Region name: top-level.
[INFO GPL-0015] Region area:                185037.466 um^2
[INFO GPL-0017] Fixed instances area:         3102.976 um^2
[INFO GPL-0018] Movable instances area:     154036.620 um^2
[INFO GPL-0019] Utilization:                    84.666 %
[INFO GPL-0020] Standard cells area:        154036.620 um^2
[INFO GPL-0021] Large instances area:            0.000 um^2
[INFO GPL-0005] ---- Execute Conjugate Gradient Initial Placement.
[INFO GPL-0051] Source of initial instance position counters:
	Odb location = 0	Core center = 15958	Region center = 0
[InitialPlace]  Iter: 1 conjugate gradient residual: 0.00000048 HPWL: 572622830
[InitialPlace]  Iter: 2 conjugate gradient residual: 0.00000012 HPWL: 333397514
[InitialPlace]  Iter: 3 conjugate gradient residual: 0.00000011 HPWL: 333121109
[InitialPlace]  Iter: 4 conjugate gradient residual: 0.00000012 HPWL: 333765808
[InitialPlace]  Iter: 5 conjugate gradient residual: 0.00000009 HPWL: 333914421
[INFO GPL-0033] ---- Initialize Nesterov Region: Top-level
[WARNING GPL-0302] Target density 0.6000 is too low for the available free area.
Automatically adjusting to uniform density 0.8500.
[INFO GPL-0023] Placement target density:       0.8500
[INFO GPL-0024] Movable insts average area:      9.653 um^2
[INFO GPL-0025] Ideal bin area:                 11.356 um^2
[INFO GPL-0026] Ideal bin count:                 16294
[INFO GPL-0027] Total bin area:             185037.466 um^2
[INFO GPL-0028] Bin count (X, Y):          64 ,     64
[INFO GPL-0029] Bin size (W * H):       6.728 *  6.715 um
[INFO GPL-0030] Number of bins:                   4096
[INFO GPL-0084] ---- Execute Nesterov Global Placement.
[INFO GPL-0031] HPWL: Half-Perimeter Wirelength
Iteration | Overflow |     HPWL (um) |  HPWL(%) |   Penalty | Group
---------------------------------------------------------------
        0 |   0.9510 |  2.248004e+05 |   +0.00% |  2.16e-15 |      
       10 |   0.8304 |  3.163466e+05 |  +40.72% |  3.49e-15 |      
       20 |   0.7658 |  3.499316e+05 |  +10.62% |  5.66e-15 |      
       30 |   0.7357 |  3.619250e+05 |   +3.43% |  9.20e-15 |      
       40 |   0.7261 |  3.672660e+05 |   +1.48% |  1.50e-14 |      
       50 |   0.7256 |  3.684338e+05 |   +0.32% |  2.44e-14 |      
       60 |   0.7277 |  3.672783e+05 |   -0.31% |  3.97e-14 |      
       70 |   0.7295 |  3.653578e+05 |   -0.52% |  6.47e-14 |      
       80 |   0.7306 |  3.639767e+05 |   -0.38% |  1.05e-13 |      
       90 |   0.7308 |  3.637284e+05 |   -0.07% |  1.72e-13 |      
      100 |   0.7296 |  3.645109e+05 |   +0.22% |  2.80e-13 |      
      110 |   0.7279 |  3.655661e+05 |   +0.29% |  4.55e-13 |      
      120 |   0.7270 |  3.661946e+05 |   +0.17% |  7.42e-13 |      
      130 |   0.7270 |  3.662734e+05 |   +0.02% |  1.21e-12 |      
      140 |   0.7272 |  3.661041e+05 |   -0.05% |  1.97e-12 |      
      150 |   0.7268 |  3.661734e+05 |   +0.02% |  3.21e-12 |      
      160 |   0.7252 |  3.670356e+05 |   +0.24% |  5.22e-12 |      
      170 |   0.7216 |  3.690134e+05 |   +0.54% |  8.50e-12 |      
      180 |   0.7163 |  3.721277e+05 |   +0.84% |  1.38e-11 |      
      190 |   0.7083 |  3.763961e+05 |   +1.15% |  2.25e-11 |      
      200 |   0.6972 |  3.819852e+05 |   +1.48% |  3.67e-11 |      
      210 |   0.6823 |  3.892782e+05 |   +1.91% |  5.97e-11 |      
      220 |   0.6620 |  3.984732e+05 |   +2.36% |  9.72e-11 |      
      230 |   0.6350 |  4.090152e+05 |   +2.65% |  1.58e-10 |      
[INFO GPL-0100] Timing-driven iteration 1/2, virtual: false.
[INFO GPL-0101]    Iter: 231, overflow: 0.635, keep resizer changes at: 1, HPWL: 409015241
Iteration |   Area    | Resized | Buffers | Nets repaired | Remaining
---------------------------------------------------------------------
        0 |     +0.0% |       0 |       0 |             0 |     16644
    final |     +0.7% |      61 |      48 |            61 |         0
---------------------------------------------------------------------
[INFO RSZ-0034] Found 61 slew violations.
[INFO RSZ-0035] Found 3 fanout violations.
[INFO RSZ-0036] Found 1 capacitance violations.
[INFO RSZ-0039] Resized 61 instances.
[INFO RSZ-0038] Inserted 48 buffers in 61 nets.
   Iter   |    Area   | Removed | Inserted |   Pins
          |           | Buffers | Buffers  | Remaining
-------------------------------------------------------
        0 |     +0.0% |       0 |        0 |     15494
     1500 |     +0.0% |       0 |        0 |     13994
     3000 |     +0.0% |       0 |        0 |     12494
     4500 |     +0.0% |       0 |        0 |     10994
     6000 |     +0.0% |       0 |        1 |      9494
     7500 |     +0.0% |       1 |        3 |      7994
     9000 |     +0.0% |       6 |       16 |      6494
    10500 |     +0.0% |      10 |       24 |      4994
    12000 |     +0.1% |      15 |       42 |      3494
    13500 |     +0.0% |      26 |       60 |      1994
    15000 |     -0.0% |      38 |       77 |       494
    final |     +0.4% |      48 |      185 |         0
-------------------------------------------------------
[INFO GPL-0106] Timing-driven: worst slack 9.140825e-09
[INFO GPL-0107] Timing-driven: repair_design delta area: 1608.543 um^2 (+1.04%)
[INFO GPL-0108] Timing-driven: repair_design, gpl delta gcells: 185 (+1.16%)
[INFO GPL-0109] Timing-driven: repair_design, gcells created: 233, deleted: 48
[INFO GPL-0110] Timing-driven: new target density: 0.85884136
Iteration | Overflow |     HPWL (um) |  HPWL(%) |   Penalty | Group
---------------------------------------------------------------
      240 |   0.6040 |  4.263963e+05 |   +4.25% |  2.57e-10 |      
[INFO GPL-0038] Routability snapshot saved at iter = 243
      242 |   0.5991 |  4.280794e+05 |          |           |      
      250 |   0.5797 |  4.336679e+05 |   +1.71% |  4.19e-10 |      
      260 |   0.5463 |  4.422848e+05 |   +1.99% |  6.81e-10 |      
      270 |   0.4934 |  4.524491e+05 |   +2.30% |  1.11e-09 |      
      280 |   0.4177 |  4.597750e+05 |   +1.62% |  1.80e-09 |      
      290 |   0.3462 |  4.619775e+05 |   +0.48% |  2.94e-09 |      
      300 |   0.3177 |  4.715737e+05 |   +2.08% |  4.37e-09 |      
[INFO GPL-0040] Routability iteration: 1
[INFO GPL-0088] Tiles the placer can act on: 3100 of 3969 (78.11%)
[INFO GPL-0041] Total routing overflow: 466.2131
[INFO GPL-0042] Number of overflowed tiles: 1117 (36.03%)
[INFO GPL-0043] Average top 0.5% routing congestion: 2.7612
[INFO GPL-0044] Average top 1.0% routing congestion: 2.6069
[INFO GPL-0045] Average top 2.0% routing congestion: 2.4136
[INFO GPL-0046] Average top 5.0% routing congestion: 2.1534
[INFO GPL-0047] Routability iteration weighted routing congestion: 2.6841
[INFO GPL-0048] Routing congestion (2.6841) lower than previous minimum (1e+30). Updating minimum.
[INFO GPL-0099] Routability inflation trimmed to 8.31% of what this iteration asked for; 25.00% of the 30.00% budget still unspent.
[INFO GPL-0086] Inflated area:                7674.119 um^2 (+4.93%)
[INFO GPL-0052] Placement target density:       0.8588
[INFO GPL-0076] Removing fillers, count: Before: 64, After: 0 (-100.00%)
[INFO GPL-0077] Filler area (um^2)     : Before: 607.696, After: 0.000 (-100.00%)
[INFO GPL-0078] Removed fillers count: 64, area removed: 598.933 um^2. Remaining area to be compensated by modifying density: 7075.186 um^2
[INFO GPL-0079] New target density: 0.89768183
[INFO GPL-0058] White space area:           181934.490 um^2 (+0.00%)
[INFO GPL-0059] Movable instances area:     163319.284 um^2 (+4.52%)
[INFO GPL-0060] Total filler area:               0.000 um^2 (-100.00%)
[INFO GPL-0061] Total non-inflated area:    163319.282 um^2 (+4.52%)
[INFO GPL-0062] Total inflated area:        170993.401 um^2 (+4.31%)
[INFO GPL-0063] New Target Density:             0.8977
[INFO GPL-0087] Routability end iteration: increase inflation and revert back to snapshot.
Iteration | Overflow |     HPWL (um) |  HPWL(%) |   Penalty | Group
---------------------------------------------------------------
      310 |   0.5990 |  4.304467e+05 |   +0.00% |  3.22e-10 |      
      320 |   0.5709 |  4.394894e+05 |   +2.10% |  4.73e-10 |      
      330 |   0.5328 |  4.484406e+05 |   +2.04% |  6.97e-10 |      
      340 |   0.4853 |  4.550753e+05 |   +1.48% |  1.03e-09 |      
      350 |   0.4303 |  4.578311e+05 |   +0.61% |  1.51e-09 |      
      360 |   0.3767 |  4.579646e+05 |   +0.03% |  2.23e-09 |      
      370 |   0.3440 |  4.636778e+05 |   +1.25% |  3.28e-09 |      
      380 |   0.3081 |  4.743525e+05 |   +2.30% |  4.82e-09 |      
[INFO GPL-0040] Routability iteration: 2
[INFO GPL-0088] Tiles the placer can act on: 3146 of 3969 (79.26%)
[INFO GPL-0041] Total routing overflow: 442.1581
[INFO GPL-0042] Number of overflowed tiles: 1083 (34.42%)
[INFO GPL-0043] Average top 0.5% routing congestion: 2.6587
[INFO GPL-0044] Average top 1.0% routing congestion: 2.4731
[INFO GPL-0045] Average top 2.0% routing congestion: 2.2921
[INFO GPL-0046] Average top 5.0% routing congestion: 2.0632
[INFO GPL-0047] Routability iteration weighted routing congestion: 2.5659
[INFO GPL-0048] Routing congestion (2.5659) lower than previous minimum (2.684). Updating minimum.
[INFO GPL-0099] Routability inflation trimmed to 8.18% of what this iteration asked for; 20.02% of the 30.00% budget still unspent.
[INFO GPL-0086] Inflated area:                7671.952 um^2 (+4.70%)
[INFO GPL-0052] Placement target density:       0.8977
[INFO GPL-0076] Removing fillers, count: Before: 0, After: 0 (+0.00%)
[INFO GPL-0077] Filler area (um^2)     : Before: 0.000, After: 0.000 (+0.00%)
[INFO GPL-0078] Removed fillers count: 0, area removed: 0.000 um^2. Remaining area to be compensated by modifying density: 7671.952 um^2
[INFO GPL-0079] New target density: 0.9398506
[INFO GPL-0058] White space area:           181934.490 um^2 (+0.00%)
[INFO GPL-0059] Movable instances area:     170991.239 um^2 (+4.70%)
[INFO GPL-0060] Total filler area:               0.000 um^2 (+0.00%)
[INFO GPL-0061] Total non-inflated area:    170991.234 um^2 (+4.70%)
[INFO GPL-0062] Total inflated area:        178663.186 um^2 (+4.49%)
[INFO GPL-0063] New Target Density:             0.9399
[INFO GPL-0087] Routability end iteration: increase inflation and revert back to snapshot.
Iteration | Overflow |     HPWL (um) |  HPWL(%) |   Penalty | Group
---------------------------------------------------------------
      390 |   0.5938 |  4.353415e+05 |   +0.00% |  3.75e-10 |      
      400 |   0.5571 |  4.468493e+05 |   +2.64% |  5.52e-10 |      
      410 |   0.5100 |  4.559280e+05 |   +2.03% |  8.13e-10 |      
      420 |   0.4579 |  4.602640e+05 |   +0.95% |  1.20e-09 |      
      430 |   0.4053 |  4.602621e+05 |   -0.00% |  1.76e-09 |      
      440 |   0.3636 |  4.625502e+05 |   +0.50% |  2.60e-09 |      
      450 |   0.3305 |  4.724956e+05 |   +2.15% |  3.82e-09 |      
[INFO GPL-0040] Routability iteration: 3
[INFO GPL-0088] Tiles the placer can act on: 3133 of 3969 (78.94%)
[INFO GPL-0041] Total routing overflow: 420.3383
[INFO GPL-0042] Number of overflowed tiles: 1109 (35.40%)
[INFO GPL-0043] Average top 0.5% routing congestion: 2.4435
[INFO GPL-0044] Average top 1.0% routing congestion: 2.3461
[INFO GPL-0045] Average top 2.0% routing congestion: 2.2109
[INFO GPL-0046] Average top 5.0% routing congestion: 1.9822
[INFO GPL-0047] Routability iteration weighted routing congestion: 2.3948
[INFO GPL-0048] Routing congestion (2.3948) lower than previous minimum (2.566). Updating minimum.
[INFO GPL-0099] Routability inflation trimmed to 7.90% of what this iteration asked for; 15.04% of the 30.00% budget still unspent.
[INFO GPL-0086] Inflated area:                7671.997 um^2 (+4.49%)
[INFO GPL-0052] Placement target density:       0.9399
[INFO GPL-0076] Removing fillers, count: Before: 0, After: 0 (+0.00%)
[INFO GPL-0077] Filler area (um^2)     : Before: 0.000, After: 0.000 (+0.00%)
[INFO GPL-0078] Removed fillers count: 0, area removed: 0.000 um^2. Remaining area to be compensated by modifying density: 7671.996 um^2
[INFO GPL-0079] New target density: 0.98201954
[INFO GPL-0058] White space area:           181934.490 um^2 (+0.00%)
[INFO GPL-0059] Movable instances area:     178663.227 um^2 (+4.49%)
[INFO GPL-0060] Total filler area:               0.000 um^2 (+0.00%)
[INFO GPL-0061] Total non-inflated area:    178663.230 um^2 (+4.49%)
[INFO GPL-0062] Total inflated area:        186335.227 um^2 (+4.29%)
[INFO GPL-0063] New Target Density:             0.9820
[INFO GPL-0087] Routability end iteration: increase inflation and revert back to snapshot.
Iteration | Overflow |     HPWL (um) |  HPWL(%) |   Penalty | Group
---------------------------------------------------------------
      460 |   0.6154 |  4.287705e+05 |   +0.00% |  2.98e-10 |      
      470 |   0.5838 |  4.422249e+05 |   +3.14% |  4.38e-10 |      
      480 |   0.5360 |  4.553242e+05 |   +2.96% |  6.44e-10 |      
      490 |   0.4838 |  4.622200e+05 |   +1.51% |  9.49e-10 |      
      500 |   0.4323 |  4.634052e+05 |   +0.26% |  1.40e-09 |      
      510 |   0.3872 |  4.635489e+05 |   +0.03% |  2.06e-09 |      
      520 |   0.3532 |  4.700387e+05 |   +1.40% |  3.03e-09 |      
      530 |   0.3160 |  4.806275e+05 |   +2.25% |  4.46e-09 |      
[INFO GPL-0040] Routability iteration: 4
[INFO GPL-0088] Tiles the placer can act on: 3145 of 3969 (79.24%)
[INFO GPL-0041] Total routing overflow: 401.2203
[INFO GPL-0042] Number of overflowed tiles: 1124 (35.74%)
[INFO GPL-0043] Average top 0.5% routing congestion: 2.3648
[INFO GPL-0044] Average top 1.0% routing congestion: 2.2404
[INFO GPL-0045] Average top 2.0% routing congestion: 2.1055
[INFO GPL-0046] Average top 5.0% routing congestion: 1.9003
[INFO GPL-0047] Routability iteration weighted routing congestion: 2.3026
[INFO GPL-0048] Routing congestion (2.3026) lower than previous minimum (2.395). Updating minimum.
[INFO GPL-0099] Routability inflation trimmed to 7.72% of what this iteration asked for; 10.06% of the 30.00% budget still unspent.
[INFO GPL-0086] Inflated area:                7672.680 um^2 (+4.29%)
[INFO GPL-0052] Placement target density:       0.9820
[INFO GPL-0076] Removing fillers, count: Before: 0, After: 0 (+0.00%)
[INFO GPL-0077] Filler area (um^2)     : Before: 0.000, After: 0.000 (+0.00%)
[INFO GPL-0078] Removed fillers count: 0, area removed: 0.000 um^2. Remaining area to be compensated by modifying density: 7672.680 um^2
[INFO GPL-0079] New target density: 1.0241923
[INFO GPL-0053] Target density 1.0242 exceeds the maximum allowed 0.9900.
[INFO GPL-0055] Reverting inflation values and target density from the iteration with minimum observed routing congestion.
[INFO GPL-0056] Minimum observed routing congestion: 2.3026
[INFO GPL-0057] Target density at minimum routing congestion: 0.9820
[INFO GPL-0080] Restoring 0 previously removed fillers.
[INFO GPL-0089] Routability finished. Reverting to minimal observed routing congestion, could not reach target.
Iteration | Overflow |     HPWL (um) |  HPWL(%) |   Penalty | Group
---------------------------------------------------------------
      540 |   0.6048 |  4.338386e+05 |   +0.00% |  3.47e-10 |      
      550 |   0.5665 |  4.478755e+05 |   +3.24% |  5.11e-10 |      
      560 |   0.5154 |  4.589024e+05 |   +2.46% |  7.52e-10 |      
      570 |   0.4626 |  4.632952e+05 |   +0.96% |  1.11e-09 |      
      580 |   0.4135 |  4.629795e+05 |   -0.07% |  1.63e-09 |      
      590 |   0.3722 |  4.649481e+05 |   +0.43% |  2.40e-09 |      
      600 |   0.3383 |  4.742733e+05 |   +2.01% |  3.54e-09 |      
      610 |   0.3029 |  4.838510e+05 |   +2.02% |  5.21e-09 |      
      620 |   0.2749 |  4.877005e+05 |   +0.80% |  7.67e-09 |      
      630 |   0.2602 |  4.859720e+05 |   -0.35% |  1.13e-08 |      
      640 |   0.2396 |  4.803273e+05 |   -1.16% |  1.66e-08 |      
      650 |   0.2229 |  4.804150e+05 |   +0.02% |  2.45e-08 |      
      660 |   0.2019 |  4.863257e+05 |   +1.23% |  3.61e-08 |      
[INFO GPL-0100] Timing-driven iteration 2/2, virtual: false.
[INFO GPL-0101]    Iter: 666, overflow: 0.194, keep resizer changes at: 1, HPWL: 487320302
Iteration |   Area    | Resized | Buffers | Nets repaired | Remaining
---------------------------------------------------------------------
        0 |     +0.0% |       0 |       0 |             0 |     16829
    final |     +0.7% |      72 |      33 |            72 |         0
---------------------------------------------------------------------
[INFO RSZ-0034] Found 73 slew violations.
[INFO RSZ-0036] Found 3 capacitance violations.
[INFO RSZ-0039] Resized 72 instances.
[INFO RSZ-0038] Inserted 33 buffers in 72 nets.
   Iter   |    Area   | Removed | Inserted |   Pins
          |           | Buffers | Buffers  | Remaining
-------------------------------------------------------
        0 |     +0.0% |       0 |        0 |     15494
     1500 |     +0.0% |       0 |        0 |     13994
     3000 |     +0.0% |       0 |        0 |     12494
     4500 |     +0.0% |       0 |        0 |     10994
     6000 |     +0.0% |       1 |        2 |      9494
     7500 |     +0.0% |       5 |       11 |      7994
     9000 |     +0.1% |      23 |       54 |      6494
    10500 |     +0.3% |      34 |      101 |      4994
    12000 |     +0.4% |      57 |      158 |      3494
    13500 |     +0.7% |      85 |      247 |      1994
    15000 |     +0.8% |     109 |      311 |       494
    final |     +1.4% |     218 |      542 |         0
-------------------------------------------------------
[INFO GPL-0106] Timing-driven: worst slack 9.210947e-09
[INFO GPL-0107] Timing-driven: repair_design delta area: 2935.578 um^2 (+1.64%)
[INFO GPL-0108] Timing-driven: repair_design, gpl delta gcells: 357 (+2.21%)
[INFO GPL-0109] Timing-driven: repair_design, gcells created: 575, deleted: 218
[INFO GPL-0110] Timing-driven: new target density: 0.99815494
Iteration | Overflow |     HPWL (um) |  HPWL(%) |   Penalty | Group
---------------------------------------------------------------
      670 |   0.1776 |  4.915947e+05 |   +1.08% |  5.31e-08 |      
      680 |   0.1616 |  4.886126e+05 |   -0.61% |  7.83e-08 |      
      690 |   0.1446 |  4.893017e+05 |   +0.14% |  1.15e-07 |      
      700 |   0.1284 |  4.879557e+05 |   -0.28% |  1.70e-07 |      
      710 |   0.1125 |  4.870879e+05 |   -0.18% |  2.50e-07 |      
      718 |   0.0998 |  4.864241e+05 |          |  3.54e-07 |      
---------------------------------------------------------------
[INFO GPL-1001] Global placement finished at iteration 718
[INFO GPL-1017] Routability mode iteration count: 364
[INFO GPL-1005] Routability final weighted congestion: 1.7809
[INFO GPL-1002] Placed Cell Area            181598.8085
[INFO GPL-1003] Available Free Area         181934.4896
[INFO GPL-1004] Minimum Feasible Density        0.8500 (cell_area / free_area)
[INFO GPL-1006]   Suggested Target Densities:
[INFO GPL-1007]     - For 90% usage of free space: 1.1091
[INFO GPL-1008]     - For 80% usage of free space: 1.2477
[INFO GPL-1011] Original area (um^2): 154036.62
[INFO GPL-1012] Total routability artificial inflation: 23018.07 (+14.94%)
[INFO GPL-1013] Total timing-driven delta area: 4544.12 (+2.95%)
[INFO GPL-1014] Final placement area: 181598.81 (+17.89%)
[INFO GPL-1018] Final HPWL (um): 486711.46
Took 34 seconds: global_placement -density 0.6 -pad_left 0 -pad_right 0 -routability_driven -timing_driven -force_center_initial_place -min_phi_coef 0.95 -max_phi_coef 1.05
estimate_parasitics -placement
Report metrics stage 3, global place...

==========================================================================
global place report_design_area
--------------------------------------------------------------------------
Design area 155438 um^2 84% utilization.
write_db /work/orfs/results/sky130hd/ubp3_n32_u75/base/3_3_place_gp.odb
Elapsed time: 0:38.91[h:]min:sec. CPU time: user 21.74 sys 0.99 (58%). Peak memory: 467072KB.
Log                       Ext     Elapsed/s Peak Memory/MB sha1sum result [0:20)
3_3_place_gp              .odb           38            456 43b34e3954b51e1640c2
/OpenROAD-flow-scripts/flow/scripts/flow.sh 3_4_place_resized resize
Running resize.tcl, stage 3_4_place_resized
read_liberty /OpenROAD-flow-scripts/flow/platforms/sky130hd/lib/sky130_fd_sc_hd__tt_025C_1v80.lib
read_db /work/orfs/results/sky130hd/ubp3_n32_u75/base/3_3_place_gp.odb
read_sdc /work/orfs/results/sky130hd/ubp3_n32_u75/base/2_floorplan.sdc
source /OpenROAD-flow-scripts/flow/platforms/sky130hd/setRC.tcl
estimate_parasitics -placement
Perform buffer insertion and gate resizing...
repair_design -verbose -match_cell_footprint
Iteration |   Area    | Resized | Buffers | Nets repaired | Remaining
---------------------------------------------------------------------
        0 |     +0.0% |       0 |       0 |             0 |     17186
     1000 |     +0.0% |       0 |       0 |             0 |     16186
     2000 |     +0.0% |       0 |       0 |             0 |     15186
     3000 |     +0.0% |       0 |       0 |             0 |     14186
     4000 |     +0.0% |       0 |       0 |             0 |     13186
     5000 |     +0.0% |       0 |       0 |             0 |     12186
     6000 |     +0.0% |       0 |       0 |             0 |     11186
     7000 |     +0.0% |       0 |       0 |             0 |     10186
     8000 |     +0.0% |       0 |       0 |             0 |      9186
     9000 |     +0.0% |       0 |       0 |             0 |      8186
    10000 |     +0.0% |       0 |       0 |             0 |      7186
    11000 |     +0.0% |       0 |       0 |             0 |      6186
    12000 |     +0.0% |       0 |       0 |             0 |      5186
    13000 |     +0.0% |       0 |       0 |             0 |      4186
    14000 |     +0.0% |       0 |       0 |             0 |      3186
    15000 |     +0.0% |       0 |       0 |             0 |      2186
    16000 |     +0.0% |       0 |       0 |             0 |      1186
    17000 |     +0.0% |       0 |       0 |             0 |       186
    final |     +0.0% |       0 |       0 |             0 |         0
---------------------------------------------------------------------
[INFO RSZ-0504] Runtime: 3.29s
Floating nets: 
Report metrics stage 3, resizer...
No registers in design

==========================================================================
resizer report_design_area
--------------------------------------------------------------------------
Design area 155438 um^2 84% utilization.
Instance count before 18980, after 18980
Pin count before 54404, after 54404
write_db /work/orfs/results/sky130hd/ubp3_n32_u75/base/3_4_place_resized.odb
Elapsed time: 0:09.28[h:]min:sec. CPU time: user 4.90 sys 0.13 (54%). Peak memory: 203932KB.
Log                       Ext     Elapsed/s Peak Memory/MB sha1sum result [0:20)
3_4_place_resized         .odb            9            199 43b34e3954b51e1640c2
/OpenROAD-flow-scripts/flow/scripts/flow.sh 3_5_place_dp detail_place
Running detail_place.tcl, stage 3_5_place_dp
read_liberty /OpenROAD-flow-scripts/flow/platforms/sky130hd/lib/sky130_fd_sc_hd__tt_025C_1v80.lib
read_db /work/orfs/results/sky130hd/ubp3_n32_u75/base/3_4_place_resized.odb
read_sdc /work/orfs/results/sky130hd/ubp3_n32_u75/base/2_floorplan.sdc
source /OpenROAD-flow-scripts/flow/platforms/sky130hd/setRC.tcl
detailed_placement
[INFO DPL-0006] Core area: 185037.47 um^2
[INFO DPL-0007] Movable instances area: 152334.85 um^2
[INFO DPL-0008] Fixed instances area within core: 3102.98 um^2
[INFO DPL-0009] Utilization: 84.0%
[INFO DPL-0005] Diamond search max displacement: +/- 500 sites horizontally, +/- 100 rows vertically.
[INFO DPL-1102] Legalizing using negotiation legalizer.
[INFO DPL-1103] Negotiation base search window: +/-20 sites horizontally, +/-5 rows vertically 
	Automatic search window extension enabled.
	Search window extendable up to the max displacement cap of +/-500 sites, +/-100 rows near walls.
[INFO DPL-1104] NegotiationLegalizer DRC penalty: 5.
[INFO DPL-0392] Negotiation cell height distribution (1 unique row-count(s)):
[INFO DPL-0393]   height 1 row(s): 18980 cells
          |      Total |  Illegal |  Illegal
Iteration | Violations |    Cells |    Sites
---------------------------------------------
        0 |      27970 |      5768 |     21626
        1 |      10113 |      1839 |      8115
        2 |       7736 |      1204 |      6430
        3 |       6351 |       965 |      5281
        4 |       5722 |       814 |      4761
        5 |       4867 |       673 |      4104
        6 |       4261 |       609 |      3580
        7 |       3476 |       500 |      2892
        8 |       2935 |       443 |      2486
        9 |       2661 |       391 |      2255
       10 |       2381 |       353 |      1974
       20 |        827 |       127 |       700
       30 |        501 |        71 |       427
       40 |        218 |        30 |       173
       50 |         89 |        15 |        74
       60 |         71 |        11 |        60
       70 |         49 |         9 |        40
       80 |         15 |         3 |        12
       90 |         16 |         2 |        14
      100 |          6 |         2 |         4
[WARNING DPL-0700] Negotiation phase 1: violations stuck at 6 for 3 consecutive iterations.
Using old diamond search for 2 remaining illegal cells.
diamond recovery: recovered 2/2 stuck cells.
Negotiation phase 2: isolation point active, 1000 iterations.
      400 |          0 |         0 |         0
Negotiation phase 2 converged at iteration 0.
[INFO DPL-0500] Runtime: 6.72s
Detailed Placement Analysis
---------------------------------
legalizer            negotiation
total moves               34614
total displacement      72545.5 u
average displacement        3.8 u
max displacement          110.1 u
original HPWL          486711.5 u
legalized HPWL         562886.5 u
delta HPWL                   16 %

Took 6 seconds: detailed_placement
improve_placement -max_displacement "5 1"
Detailed placement improvement.
[INFO DPL-0401] Setting random seed to 1.
[INFO DPL-0402] Setting maximum displacement 5 1 to 13600 2720 units.
[INFO DPL-0320] Collected 3152 fixed cells.
[INFO DPL-0318] Collected 16500 single height cells.
[INFO DPL-0321] Collected 0 wide cells.
[INFO DPL-0322] Image (2300, 2720) - (432860, 432480)
[INFO DPL-0310] Assigned 16500 cells into segments.  Movement in X-direction is 0.000000, movement in Y-direction is 0.000000.
[INFO DPL-0313] Found 0 cells in wrong regions.
[INFO DPL-0315] Found 0 row alignment problems.
[INFO DPL-0314] Found 0 site alignment problems.
[INFO DPL-0311] Found 0 overlaps between adjacent cells.
[INFO DPL-0312] Found 0 edge spacing violations and 0 padding violations.
[INFO DPL-0303] Running algorithm for independent set matching.
[INFO DPL-0300] Set matching objective is wirelength.
[INFO DPL-0301] Pass   1 of matching; objective is 5.628454e+08.
[INFO DPL-0302] End of matching; objective is 5.603377e+08, improvement is 0.45 percent.
[INFO DPL-0303] Running algorithm for global swaps.
[INFO DPL-0306] Pass   1 of global swaps; hpwl is 5.520031e+08.
[INFO DPL-0306] Pass   2 of global swaps; hpwl is 5.504171e+08.
[INFO DPL-0307] End of global swaps; objective is 5.504171e+08, improvement is 1.77 percent.
[INFO DPL-0303] Running algorithm for vertical swaps.
[INFO DPL-0308] Pass   1 of vertical swaps; hpwl is 5.487214e+08.
[INFO DPL-0309] End of vertical swaps; objective is 5.487214e+08, improvement is 0.31 percent.
[INFO DPL-0303] Running algorithm for reordering.
[INFO DPL-0304] Pass   1 of reordering; objective is 5.446643e+08.
[INFO DPL-0305] End of reordering; objective is 5.446643e+08, improvement is 0.74 percent.
[INFO DPL-0303] Running algorithm for random improvement.
[INFO DPL-0324] Random improver is using random generator.
[INFO DPL-0325] Random improver is using hpwl objective.
[INFO DPL-0326] Random improver cost string is (a).
[INFO DPL-0332] End of pass, Generator random called 330000 times.
[INFO DPL-0335] Generator random, Cumulative attempts 330000, swaps 78622, moves 18343 since last reset.
[INFO DPL-0333] End of pass, Objective hpwl, Initial cost 5.446643e+08, Scratch cost 5.388643e+08, Incremental cost 5.388643e+08, Mismatch? N
[INFO DPL-0338] End of pass, Total cost is 5.388643e+08.
[INFO DPL-0327] Pass   1 of random improver; improvement in cost is 1.06 percent.
[INFO DPL-0332] End of pass, Generator random called 330000 times.
[INFO DPL-0335] Generator random, Cumulative attempts 660000, swaps 154916, moves 37121 since last reset.
[INFO DPL-0333] End of pass, Objective hpwl, Initial cost 5.388643e+08, Scratch cost 5.372979e+08, Incremental cost 5.372979e+08, Mismatch? N
[INFO DPL-0338] End of pass, Total cost is 5.372979e+08.
[INFO DPL-0327] Pass   2 of random improver; improvement in cost is 0.29 percent.
[INFO DPL-0328] End of random improver; improvement is 1.352462 percent.
[INFO DPL-0380] Cell flipping.
[INFO DPL-0382] Changed 0 cell orientations for row compatibility.
[INFO DPL-0383] Performed 4661 cell flips.
[INFO DPL-0384] End of flipping; objective is 5.289072e+08, improvement is 1.56 percent.
[INFO DPL-0313] Found 0 cells in wrong regions.
[INFO DPL-0315] Found 0 row alignment problems.
[INFO DPL-0314] Found 0 site alignment problems.
[INFO DPL-0311] Found 0 overlaps between adjacent cells.
[INFO DPL-0312] Found 0 edge spacing violations and 0 padding violations.
Place Optimization Analysis
---------------------------------
total attempts           990000
relocated cells           10545
total displacement      45005.8 u
average displacement        4.3 u
max displacement           16.1 u
original HPWL          562886.5 u
improved HPWL          528747.0 u
delta HPWL                   -6 %

Took 10 seconds: improve_placement -max_displacement "5 1"
optimize_mirroring
[INFO DPL-0020] Mirrored 736 instances
[INFO DPL-0021] HPWL before          528747.0 u
[INFO DPL-0022] HPWL after           528597.4 u
[INFO DPL-0023] HPWL delta               -0.0 %
[INFO FLW-0012] Placement violations .
estimate_parasitics -placement
Report metrics stage 3, detailed place...
No registers in design

==========================================================================
detailed place report_design_area
--------------------------------------------------------------------------
Design area 155438 um^2 84% utilization.
write_db /work/orfs/results/sky130hd/ubp3_n32_u75/base/3_5_place_dp.odb
write_sdc -no_timestamp /work/orfs/results/sky130hd/ubp3_n32_u75/base/3_place.sdc
Elapsed time: 0:23.94[h:]min:sec. CPU time: user 14.12 sys 0.13 (59%). Peak memory: 209092KB.
Log                       Ext     Elapsed/s Peak Memory/MB sha1sum result [0:20)
3_5_place_dp              .odb           23            204 205146a3248c4a9602de
cp /work/orfs/results/sky130hd/ubp3_n32_u75/base/3_5_place_dp.odb /work/orfs/results/sky130hd/ubp3_n32_u75/base/3_place.odb
/OpenROAD-flow-scripts/flow/scripts/flow.sh 4_1_cts cts
Running cts.tcl, stage 4_1_cts
read_liberty /OpenROAD-flow-scripts/flow/platforms/sky130hd/lib/sky130_fd_sc_hd__tt_025C_1v80.lib
read_db /work/orfs/results/sky130hd/ubp3_n32_u75/base/3_place.odb
read_sdc /work/orfs/results/sky130hd/ubp3_n32_u75/base/3_place.sdc
source /OpenROAD-flow-scripts/flow/platforms/sky130hd/setRC.tcl
clock_tree_synthesis -sink_clustering_enable -repair_clock_nets
[INFO CTS-0050] Root buffer is sky130_fd_sc_hd__clkbuf_16.
[INFO CTS-0051] Sink buffer is sky130_fd_sc_hd__clkbuf_16.
[INFO CTS-0052] The following clock buffers will be used for CTS:
                    sky130_fd_sc_hd__clkbuf_16
[INFO CTS-0049] Characterization buffer is sky130_fd_sc_hd__clkbuf_16.
[WARNING CTS-0083] No clock nets have been found.
[INFO CTS-0008] TritonCTS found 0 clock nets.
[WARNING CTS-0082] No valid clock nets in the design.
[INFO CTS-0500] Runtime: 1.66s
estimate_parasitics -placement
detailed_placement
[INFO DPL-0006] Core area: 185037.47 um^2
[INFO DPL-0007] Movable instances area: 152334.85 um^2
[INFO DPL-0008] Fixed instances area within core: 3102.98 um^2
[INFO DPL-0009] Utilization: 84.0%
[INFO DPL-0005] Diamond search max displacement: +/- 500 sites horizontally, +/- 100 rows vertically.
[INFO DPL-1102] Legalizing using negotiation legalizer.
[INFO DPL-1103] Negotiation base search window: +/-20 sites horizontally, +/-5 rows vertically 
	Automatic search window extension enabled.
	Search window extendable up to the max displacement cap of +/-500 sites, +/-100 rows near walls.
[INFO DPL-1104] NegotiationLegalizer DRC penalty: 5.
[INFO DPL-0392] Negotiation cell height distribution (1 unique row-count(s)):
[INFO DPL-0393]   height 1 row(s): 18980 cells
[INFO DPL-0500] Runtime: 0.20s
Detailed Placement Analysis
---------------------------------
legalizer            negotiation
total moves                   0
total displacement      14796.4 u
average displacement        0.8 u
max displacement           10.1 u
original HPWL          528597.4 u
legalized HPWL         537419.4 u
delta HPWL                    2 %

estimate_parasitics -placement
Warning: master sky130_ef_sc_hd__decap_12 has signal pins but no liberty cell
repair_timing -setup_margin 0 -hold_margin 0 -repair_tns 100 -match_cell_footprint -verbose
[INFO RSZ-0100] Repair move sequence: UnbufferMove SizeUpMove SwapPinsMove BufferMove CloneMove SplitLoadMove 
[INFO RSZ-0098] No setup violations found
[INFO RSZ-0505] Runtime: 1.67s
[INFO RSZ-0033] No hold violations found.
[INFO RSZ-0506] Runtime: 0.27s
Warning: master sky130_ef_sc_hd__decap_12 has signal pins but no liberty cell
Repair timing output passed lec test
detailed_placement
[INFO DPL-0006] Core area: 185037.47 um^2
[INFO DPL-0007] Movable instances area: 152334.85 um^2
[INFO DPL-0008] Fixed instances area within core: 3102.98 um^2
[INFO DPL-0009] Utilization: 84.0%
[INFO DPL-0005] Diamond search max displacement: +/- 500 sites horizontally, +/- 100 rows vertically.
[INFO DPL-1102] Legalizing using negotiation legalizer.
[INFO DPL-1103] Negotiation base search window: +/-20 sites horizontally, +/-5 rows vertically 
	Automatic search window extension enabled.
	Search window extendable up to the max displacement cap of +/-500 sites, +/-100 rows near walls.
[INFO DPL-1104] NegotiationLegalizer DRC penalty: 5.
[INFO DPL-0392] Negotiation cell height distribution (1 unique row-count(s)):
[INFO DPL-0393]   height 1 row(s): 18980 cells
[INFO DPL-0500] Runtime: 0.25s
Detailed Placement Analysis
---------------------------------
legalizer            negotiation
total moves                   0
total displacement          0.0 u
average displacement        0.0 u
max displacement            0.0 u
original HPWL          537419.4 u
legalized HPWL         537419.4 u
delta HPWL                    0 %

estimate_parasitics -placement
Report metrics stage 4, cts final...
No registers in design

==========================================================================
cts final report_design_area
--------------------------------------------------------------------------
Design area 155438 um^2 84% utilization.
write_db /work/orfs/results/sky130hd/ubp3_n32_u75/base/4_1_cts.odb
write_sdc -no_timestamp /work/orfs/results/sky130hd/ubp3_n32_u75/base/4_cts.sdc
Elapsed time: 0:16.10[h:]min:sec. CPU time: user 8.65 sys 0.20 (54%). Peak memory: 239420KB.
Log                       Ext     Elapsed/s Peak Memory/MB sha1sum result [0:20)
4_1_cts                   .odb           16            233 dff80995ee33ee447f2d
cp /work/orfs/results/sky130hd/ubp3_n32_u75/base/4_1_cts.odb /work/orfs/results/sky130hd/ubp3_n32_u75/base/4_cts.odb
/OpenROAD-flow-scripts/flow/scripts/flow.sh 5_1_grt global_route
Running global_route.tcl, stage 5_1_grt
read_liberty /OpenROAD-flow-scripts/flow/platforms/sky130hd/lib/sky130_fd_sc_hd__tt_025C_1v80.lib
read_db /work/orfs/results/sky130hd/ubp3_n32_u75/base/4_cts.odb
read_sdc /work/orfs/results/sky130hd/ubp3_n32_u75/base/4_cts.sdc
source /OpenROAD-flow-scripts/flow/platforms/sky130hd/setRC.tcl
pin_access
[INFO DRT-0149] Reading tech and libs.
[WARNING DRT-0349] LEF58_ENCLOSURE with no CUTCLASS is not supported. Skipping for layer mcon
[WARNING DRT-0349] LEF58_ENCLOSURE with no CUTCLASS is not supported. Skipping for layer mcon
[WARNING DRT-0349] LEF58_ENCLOSURE with no CUTCLASS is not supported. Skipping for layer via
[WARNING DRT-0349] LEF58_ENCLOSURE with no CUTCLASS is not supported. Skipping for layer via
[WARNING DRT-0349] LEF58_ENCLOSURE with no CUTCLASS is not supported. Skipping for layer via2
[WARNING DRT-0349] LEF58_ENCLOSURE with no CUTCLASS is not supported. Skipping for layer via2
[WARNING DRT-0349] LEF58_ENCLOSURE with no CUTCLASS is not supported. Skipping for layer via3
[WARNING DRT-0349] LEF58_ENCLOSURE with no CUTCLASS is not supported. Skipping for layer via3
[WARNING DRT-0349] LEF58_ENCLOSURE with no CUTCLASS is not supported. Skipping for layer via4
[WARNING DRT-0349] LEF58_ENCLOSURE with no CUTCLASS is not supported. Skipping for layer via4

Units:                1000
Number of layers:     13
Number of macros:     441
Number of vias:       29
Number of viarulegen: 25

[INFO DRT-0150] Reading design.

Design:                   top
Die area:                 ( 0 0 ) ( 434910 434910 )
Number of track patterns: 12
Number of DEF vias:       0
Number of components:     18980
Number of terminals:      674
Number of snets:          2
Number of nets:           16756

[INFO DRT-0167] List of default vias:
  Layer via
    default via: M1M2_PR
  Layer via2
    default via: M2M3_PR
  Layer via3
    default via: M3M4_PR
  Layer via4
    default via: M4M5_PR
[INFO DRT-0162] Library cell analysis.
[INFO DRT-0163] Instance analysis.
[INFO DRT-0164] Number of unique instances = 91.
[INFO DRT-0168] Init region query.
[INFO DRT-0024]   Complete FR_MASTERSLICE.
[INFO DRT-0024]   Complete Fr_VIA.
[INFO DRT-0024]   Complete li1.
[INFO DRT-0024]   Complete mcon.
[INFO DRT-0024]   Complete met1.
[INFO DRT-0024]   Complete via.
[INFO DRT-0024]   Complete met2.
[INFO DRT-0024]   Complete via2.
[INFO DRT-0024]   Complete met3.
[INFO DRT-0024]   Complete via3.
[INFO DRT-0024]   Complete met4.
[INFO DRT-0024]   Complete via4.
[INFO DRT-0024]   Complete met5.
[INFO DRT-0033] FR_MASTERSLICE shape region query size = 0.
[INFO DRT-0033] FR_VIA shape region query size = 0.
[INFO DRT-0033] li1 shape region query size = 471388.
[INFO DRT-0033] mcon shape region query size = 258496.
[INFO DRT-0033] met1 shape region query size = 55078.
[INFO DRT-0033] via shape region query size = 12325.
[INFO DRT-0033] met2 shape region query size = 7767.
[INFO DRT-0033] via2 shape region query size = 9860.
[INFO DRT-0033] met3 shape region query size = 7695.
[INFO DRT-0033] via3 shape region query size = 9860.
[INFO DRT-0033] met4 shape region query size = 2977.
[INFO DRT-0033] via4 shape region query size = 481.
[INFO DRT-0033] met5 shape region query size = 543.
[INFO DRT-0165] Start pin access.
[INFO DRT-0078]   Complete 686 pins.
[INFO DRT-0081]   Complete 91 unique inst patterns.
[INFO DRT-0084]   Complete 8157 groups.
#scanned instances     = 18980
#unique  instances     = 91
#stdCellGenAp          = 2528
#stdCellValidPlanarAp  = 18
#stdCellValidViaAp     = 1915
#stdCellPinNoAp        = 0
#stdCellPinCnt         = 53974
#instTermValidViaApCnt = 0
#macroGenAp            = 0
#macroValidPlanarAp    = 0
#macroValidViaAp       = 0
#macroNoAp             = 0
[INFO DRT-0166] Complete pin access.
[INFO DRT-0267] cpu time = 00:03:43, elapsed time = 00:05:50, memory = 215.50 (MB), peak = 215.28 (MB)
Took 351 seconds: pin_access
global_route -congestion_report_file /work/orfs/reports/sky130hd/ubp3_n32_u75/base/congestion.rpt -congestion_iterations 30 -congestion_report_iter_step 5 -verbose
[INFO GRT-0020] Min routing layer: met1
[INFO GRT-0021] Max routing layer: met5
[INFO GRT-0022] Global adjustment: 0%
[INFO GRT-0023] Grid origin: (0, 0)
[INFO GRT-0088] Layer li1     Track-Pitch = 0.4600  line-2-Via Pitch: 0.3400
[INFO GRT-0088] Layer met1    Track-Pitch = 0.3400  line-2-Via Pitch: 0.3400
[INFO GRT-0088] Layer met2    Track-Pitch = 0.4600  line-2-Via Pitch: 0.3500
[INFO GRT-0088] Layer met3    Track-Pitch = 0.6800  line-2-Via Pitch: 0.6150
[INFO GRT-0088] Layer met4    Track-Pitch = 0.9200  line-2-Via Pitch: 1.0400
[INFO GRT-0088] Layer met5    Track-Pitch = 3.4000  line-2-Via Pitch: 3.1100
[INFO GRT-0003] Macros: 0
[INFO GRT-0004] Blockages: 24351
[INFO GRT-0019] Found 0 clock nets.
[INFO GRT-0001] Minimum degree: 2
[INFO GRT-0002] Maximum degree: 36

[INFO GRT-0053] Routing resources analysis:
          Routing      Original      Derated      Resource
Layer     Direction    Resources     Resources    Reduction (%)
---------------------------------------------------------------
li1        Vertical            0             0          0.00%
met1       Horizontal      60136         46485          22.70%
met2       Vertical        50654         38936          23.13%
met3       Horizontal      37665         29574          21.48%
met4       Vertical        25110         17856          28.89%
met5       Horizontal       5518          3968          28.09%
---------------------------------------------------------------

[INFO GRT-0101] Running extra iterations to remove congestion.
[INFO GRT-0102] Start extra iteration 1/30
[INFO GRT-0102] Start extra iteration 2/30
[INFO GRT-0102] Start extra iteration 3/30
[INFO GRT-0102] Start extra iteration 4/30
[INFO GRT-0102] Start extra iteration 5/30
[INFO GRT-0102] Start extra iteration 6/30
[INFO GRT-0102] Start extra iteration 7/30
[INFO GRT-0102] Start extra iteration 8/30
[INFO GRT-0102] Start extra iteration 9/30
[INFO GRT-0102] Start extra iteration 10/30
[INFO GRT-0102] Start extra iteration 11/30
[INFO GRT-0102] Start extra iteration 12/30
[INFO GRT-0102] Start extra iteration 13/30
[INFO GRT-0102] Start extra iteration 14/30
[INFO GRT-0102] Start extra iteration 15/30
[INFO GRT-0102] Start extra iteration 16/30
[INFO GRT-0102] Start extra iteration 17/30
[INFO GRT-0102] Start extra iteration 18/30
[INFO GRT-0102] Start extra iteration 19/30
[INFO GRT-0102] Start extra iteration 20/30
[INFO GRT-0102] Start extra iteration 21/30
[INFO GRT-0102] Start extra iteration 22/30
[INFO GRT-0102] Start extra iteration 23/30
[INFO GRT-0102] Start extra iteration 24/30
[INFO GRT-0102] Start extra iteration 25/30
[INFO GRT-0102] Start extra iteration 26/30
[INFO GRT-0102] Start extra iteration 27/30
[INFO GRT-0102] Start extra iteration 28/30
[INFO GRT-0102] Start extra iteration 29/30
[INFO GRT-0102] Start extra iteration 30/30
[INFO GRT-0197] Via related to pin nodes: 89738
[INFO GRT-0198] Via related Steiner nodes: 1579
[INFO GRT-0199] Via filling finished.
[INFO GRT-0111] Final number of vias: 117605
[INFO GRT-0112] Final usage 3D: 445880

[INFO GRT-0096] Final congestion report:
Layer         Resource        Demand        Usage (%)    Max H / Max V / Total Congestion
---------------------------------------------------------------------------------------
li1                  0             0            0.00%             0 /  0 /  0
met1             46485         34608           74.45%             0 /  0 /  0
met2             38936         33325           85.59%             0 /  1 / 14
met3             29574         13347           45.13%             0 /  0 /  0
met4             17856         11445           64.10%             0 /  1 / 10
met5              3968           340            8.57%             0 /  0 /  0
---------------------------------------------------------------------------------------
Total           136819         93065           68.02%             0 /  2 / 24

[INFO GRT-0018] Total wirelength: 915015 um
[INFO GRT-0014] Routed nets: 16441
[WARNING GRT-0704] Try reduce the layer adjustment from 20% to 13%
[ERROR GRT-0116] Global routing finished with congestion. Check the congestion regions in the DRC Viewer.
write_db /work/orfs/results/sky130hd/ubp3_n32_u75/base/5_1_grt-failed.odb
GRT-0116
    while executing
"error $errMsg"
    (procedure "run_global_route_and_catch_failures" line 7)
    invoked from within
"run_global_route_and_catch_failures {*}$all_args"
    (procedure "do_global_route" line 10)
    invoked from within
"do_global_route $res_aware $use_cugr"
    (procedure "global_route_helper" line 50)
    invoked from within
"global_route_helper"
    (file "/OpenROAD-flow-scripts/flow/scripts/global_route.tcl" line 175)
Elapsed time: 6:33.69[h:]min:sec. CPU time: user 250.48 sys 0.54 (63%). Peak memory: 416688KB.
make[1]: *** [Makefile:613: do-5_1_grt] Error 1
make: *** [Makefile:613: /work/orfs/results/sky130hd/ubp3_n32_u75/base/5_1_grt.odb] Error 2
