OpenROAD unknown 
Features included (+) or not (-): -GPU +GUI -Python
This program is licensed under the BSD-3 license. See the LICENSE file for details.
Components of this program may be licensed under more restrictive licenses which must be honored.
[INFO ORD-0030] Using 1 thread(s).
SIGNOFF_WS corner=ff setup=1.6049996887090856e-9 hold=1.3025791556486865e-10
SIGNOFF_SETUP_PATH_BEGIN
Startpoint: row29/_126_ (rising edge-triggered flip-flop clocked by clk)
Endpoint: y[29] (output port clocked by clk)
Path Group: clk
Path Type: max

Fanout       Cap      Slew     Delay      Time   Description
-------------------------------------------------------------------------------------
                              0.0000    0.0000   clock clk (rise edge)
                              0.6824    0.6824   clock network delay (propagated)
                    0.0427    0.0000    0.6824 ^ row29/_126_/CLK (sky130_fd_sc_hd__dfxtp_1)
     1    0.0060    0.0504    0.2035    0.8859 ^ row29/_126_/Q (sky130_fd_sc_hd__dfxtp_1)
                                                 net86 (net)
     1    0.0402    0.2930    0.5022    1.3881 ^ output87/X (sky130_fd_sc_hd__clkdlybuf4s50_1)
                                                 y[29] (net)
                    0.2932    0.0069    1.3950 ^ y[29] (out)
                                        1.3950   data arrival time

                              3.0000    3.0000   clock clk (rise edge)
                              0.0000    3.0000   clock network delay (propagated)
                              0.0000    3.0000   clock reconvergence pessimism
                              0.0000    3.0000   output external delay
                                        3.0000   data required time
-------------------------------------------------------------------------------------
                                        3.0000   data required time
                                       -1.3950   data arrival time
-------------------------------------------------------------------------------------
                                        1.6050   slack (MET)


SIGNOFF_SETUP_PATH_END
SIGNOFF_HOLD_PATH_BEGIN
Startpoint: x[5] (input port clocked by clk)
Endpoint: gen1/_122_ (rising edge-triggered flip-flop clocked by clk)
Path Group: clk
Path Type: min

    Delay      Time   Description
-------------------------------------------------------------
   0.0000    0.0000   clock clk (rise edge)
   0.0000    0.0000   clock network delay (propagated)
   0.0000    0.0000 v input external delay
   0.0000    0.0000 v x[5] (in)
                      x[5] (net)
   0.3518    0.3518 v hold378/X (sky130_fd_sc_hd__dlygate4sd3_1)
                      net377 (net)
   0.3907    0.7426 v input58/X (sky130_fd_sc_hd__clkdlybuf4s50_1)
                      net57 (net)
   0.0006    0.7432 v gen1/_122_/D (sky130_fd_sc_hd__dfxtp_1)
             0.7432   data arrival time

   0.0000    0.0000   clock clk (rise edge)
   0.6945    0.6945   clock network delay (propagated)
   0.0000    0.6945   clock reconvergence pessimism
             0.6945 ^ gen1/_122_/CLK (sky130_fd_sc_hd__dfxtp_1)
  -0.0816    0.6129   library hold time
             0.6129   data required time
-------------------------------------------------------------
             0.6129   data required time
            -0.7432   data arrival time
-------------------------------------------------------------
             0.1303   slack (MET)


SIGNOFF_HOLD_PATH_END
SIGNOFF_PROG_WS setup=1.792331394412372e-9
SIGNOFF_PROG_PATH_BEGIN
Startpoint: ng11_4/_8_ (rising edge-triggered flip-flop clocked by clk)
Endpoint: row23/_162_ (rising edge-triggered flip-flop clocked by clk)
Path Group: clk
Path Type: max

Fanout       Cap      Slew     Delay      Time   Description
-------------------------------------------------------------------------------------
                              0.0000    0.0000   clock clk (rise edge)
                              0.7086    0.7086   clock network delay (propagated)
                    0.0496    0.0000    0.7086 ^ ng11_4/_8_/CLK (sky130_fd_sc_hd__dfxtp_1)
     4    0.0887    0.6171    0.5930    1.3015 ^ ng11_4/_8_/Q (sky130_fd_sc_hd__dfxtp_1)
                                                 pn11_4 (net)
     1    0.0052    0.0367    0.1093    1.4108 ^ lt_pn11_4_s1/Z (LTAP2)
                                                 pgm_pn11_4_s1 (net)
     2    0.0123    0.1126    0.1088    1.5196 ^ vs_23_11/Z (VSITE_BUF)
                                                 lf_23_11 (net)
     1    0.0150    0.1035    0.2869    1.8065 v row23/_110_/X (sky130_fd_sc_hd__xor3_1)
                                                 row23/_037_ (net)
                    0.1035    0.0006    1.8071 v row23/_162_/D (sky130_fd_sc_hd__dfxtp_1)
                                        1.8071   data arrival time

                              3.0000    3.0000   clock clk (rise edge)
                              0.6935    3.6935   clock network delay (propagated)
                              0.0000    3.6935   clock reconvergence pessimism
                                        3.6935 ^ row23/_162_/CLK (sky130_fd_sc_hd__dfxtp_1)
                             -0.0941    3.5994   library setup time
                                        3.5994   data required time
-------------------------------------------------------------------------------------
                                        3.5994   data required time
                                       -1.8071   data arrival time
-------------------------------------------------------------------------------------
                                        1.7923   slack (MET)


SIGNOFF_PROG_PATH_END
SIGNOFF_SLEW tap_input_max=0.767902 tap_input_pin=lt_pn12_5_s0/A site_input_max=0.085662 site_input_pin=vs_47_9/A
SIGNOFF_SPINE_DRIVERS sky130_fd_sc_hd__dfxtp_1 2192
