OpenROAD unknown 
Features included (+) or not (-): -GPU +GUI -Python
This program is licensed under the BSD-3 license. See the LICENSE file for details.
Components of this program may be licensed under more restrictive licenses which must be honored.
[INFO ORD-0030] Using 1 thread(s).
SIGNOFF_WS corner=tt setup=9.641494269629902e-10 hold=2.5966628847129414e-10
SIGNOFF_SETUP_PATH_BEGIN
Startpoint: row47/_126_ (rising edge-triggered flip-flop clocked by clk)
Endpoint: y[47] (output port clocked by clk)
Path Group: clk
Path Type: max

Fanout       Cap      Slew     Delay      Time   Description
-------------------------------------------------------------------------------------
                              0.0000    0.0000   clock clk (rise edge)
                              0.9975    0.9975   clock network delay (propagated)
                    0.0581    0.0000    0.9975 ^ row47/_126_/CLK (sky130_fd_sc_hd__dfxtp_1)
     2    0.0340    0.3199    0.5031    1.5006 ^ row47/_126_/Q (sky130_fd_sc_hd__dfxtp_1)
                                                 net106 (net)
     1    0.0012    0.0337    0.5353    2.0358 ^ output107/X (sky130_fd_sc_hd__clkdlybuf4s50_1)
                                                 y[47] (net)
                    0.0337    0.0000    2.0359 ^ y[47] (out)
                                        2.0359   data arrival time

                              3.0000    3.0000   clock clk (rise edge)
                              0.0000    3.0000   clock network delay (propagated)
                              0.0000    3.0000   clock reconvergence pessimism
                              0.0000    3.0000   output external delay
                                        3.0000   data required time
-------------------------------------------------------------------------------------
                                        3.0000   data required time
                                       -2.0359   data arrival time
-------------------------------------------------------------------------------------
                                        0.9641   slack (MET)


SIGNOFF_SETUP_PATH_END
SIGNOFF_HOLD_PATH_BEGIN
Startpoint: x[5] (input port clocked by clk)
Endpoint: gen1/_122_ (rising edge-triggered flip-flop clocked by clk)
Path Group: clk
Path Type: min

    Delay      Time   Description
-------------------------------------------------------------
   0.0000    0.0000   clock clk (rise edge)
   0.0000    0.0000   clock network delay (propagated)
   0.0000    0.0000 v input external delay
   0.0000    0.0000 v x[5] (in)
                      x[5] (net)
   0.5337    0.5337 v hold378/X (sky130_fd_sc_hd__dlygate4sd3_1)
                      net377 (net)
   0.5817    1.1154 v input58/X (sky130_fd_sc_hd__clkdlybuf4s50_1)
                      net57 (net)
   0.0006    1.1161 v gen1/_122_/D (sky130_fd_sc_hd__dfxtp_1)
             1.1161   data arrival time

   0.0000    0.0000   clock clk (rise edge)
   0.9830    0.9830   clock network delay (propagated)
   0.0000    0.9830   clock reconvergence pessimism
             0.9830 ^ gen1/_122_/CLK (sky130_fd_sc_hd__dfxtp_1)
  -0.1266    0.8564   library hold time
             0.8564   data required time
-------------------------------------------------------------
             0.8564   data required time
            -1.1161   data arrival time
-------------------------------------------------------------
             0.2597   slack (MET)


SIGNOFF_HOLD_PATH_END
SIGNOFF_PROG_WS setup=1.0779961368001523e-9
SIGNOFF_PROG_PATH_BEGIN
Startpoint: ng11_4/_8_ (rising edge-triggered flip-flop clocked by clk)
Endpoint: row23/_162_ (rising edge-triggered flip-flop clocked by clk)
Path Group: clk
Path Type: max

Fanout       Cap      Slew     Delay      Time   Description
-------------------------------------------------------------------------------------
                              0.0000    0.0000   clock clk (rise edge)
                              1.0050    1.0050   clock network delay (propagated)
                    0.0641    0.0000    1.0050 ^ ng11_4/_8_/CLK (sky130_fd_sc_hd__dfxtp_1)
     4    0.0886    0.8202    0.8483    1.8533 ^ ng11_4/_8_/Q (sky130_fd_sc_hd__dfxtp_1)
                                                 pn11_4 (net)
     1    0.0051    0.0488    0.2476    2.1009 ^ lt_pn11_4_s1/Z (LTAP2)
                                                 pgm_pn11_4_s1 (net)
     2    0.0122    0.1497    0.1564    2.2574 ^ vs_23_11/Z (VSITE_BUF)
                                                 lf_23_11 (net)
     1    0.0149    0.1274    0.5039    2.7613 v row23/_110_/X (sky130_fd_sc_hd__xor3_1)
                                                 row23/_037_ (net)
                    0.1274    0.0006    2.7619 v row23/_162_/D (sky130_fd_sc_hd__dfxtp_1)
                                        2.7619   data arrival time

                              3.0000    3.0000   clock clk (rise edge)
                              0.9830    3.9830   clock network delay (propagated)
                              0.0000    3.9830   clock reconvergence pessimism
                                        3.9830 ^ row23/_162_/CLK (sky130_fd_sc_hd__dfxtp_1)
                             -0.1431    3.8399   library setup time
                                        3.8399   data required time
-------------------------------------------------------------------------------------
                                        3.8399   data required time
                                       -2.7619   data arrival time
-------------------------------------------------------------------------------------
                                        1.0780   slack (MET)


SIGNOFF_PROG_PATH_END
SIGNOFF_SLEW tap_input_max=1.013561 tap_input_pin=lt_pn12_5_s0/A site_input_max=0.114054 site_input_pin=vs_47_9/A
SIGNOFF_SPINE_DRIVERS sky130_fd_sc_hd__dfxtp_1 2192
