OpenROAD unknown 
Features included (+) or not (-): -GPU +GUI -Python
This program is licensed under the BSD-3 license. See the LICENSE file for details.
Components of this program may be licensed under more restrictive licenses which must be honored.
[INFO ORD-0030] Using 1 thread(s).
SIGNOFF_WS corner=ff setup=1.5968063538096544e-9 hold=9.57626755671015e-11
SIGNOFF_SETUP_PATH_BEGIN
Startpoint: row34/_126_ (rising edge-triggered flip-flop clocked by clk)
Endpoint: y[34] (output port clocked by clk)
Path Group: clk
Path Type: max

Fanout       Cap      Slew     Delay      Time   Description
-------------------------------------------------------------------------------------
                              0.0000    0.0000   clock clk (rise edge)
                              0.6971    0.6971   clock network delay (propagated)
                    0.0458    0.0000    0.6971 ^ row34/_126_/CLK (sky130_fd_sc_hd__dfxtp_1)
     1    0.0030    0.0308    0.1896    0.8867 ^ row34/_126_/Q (sky130_fd_sc_hd__dfxtp_1)
                                                 net92 (net)
     1    0.0428    0.3111    0.5091    1.3958 ^ output93/X (sky130_fd_sc_hd__clkdlybuf4s50_1)
                                                 y[34] (net)
                    0.3114    0.0074    1.4032 ^ y[34] (out)
                                        1.4032   data arrival time

                              3.0000    3.0000   clock clk (rise edge)
                              0.0000    3.0000   clock network delay (propagated)
                              0.0000    3.0000   clock reconvergence pessimism
                              0.0000    3.0000   output external delay
                                        3.0000   data required time
-------------------------------------------------------------------------------------
                                        3.0000   data required time
                                       -1.4032   data arrival time
-------------------------------------------------------------------------------------
                                        1.5968   slack (MET)


SIGNOFF_SETUP_PATH_END
SIGNOFF_HOLD_PATH_BEGIN
Startpoint: start (input port clocked by clk)
Endpoint: gen1/_111_ (rising edge-triggered flip-flop clocked by clk)
Path Group: clk
Path Type: min

    Delay      Time   Description
-------------------------------------------------------------
   0.0000    0.0000   clock clk (rise edge)
   0.0000    0.0000   clock network delay (propagated)
   0.0000    0.0000 v input external delay
   0.0000    0.0000 v start (in)
                      start (net)
   0.3516    0.3516 v hold3149/X (sky130_fd_sc_hd__dlygate4sd3_1)
                      net3148 (net)
   0.1842    0.5357 v input2/X (sky130_fd_sc_hd__buf_2)
                      net1 (net)
   0.1598    0.6956 ^ gen1/_069_/Y (sky130_fd_sc_hd__nor2_1)
                      gen1/_034_ (net)
   0.0432    0.7388 v gen1/_071_/Y (sky130_fd_sc_hd__xnor2_1)
                      gen1/_004_ (net)
   0.0001    0.7388 v gen1/_111_/D (sky130_fd_sc_hd__dfxtp_1)
             0.7388   data arrival time

   0.0000    0.0000   clock clk (rise edge)
   0.6789    0.6789   clock network delay (propagated)
   0.0000    0.6789   clock reconvergence pessimism
             0.6789 ^ gen1/_111_/CLK (sky130_fd_sc_hd__dfxtp_1)
  -0.0359    0.6431   library hold time
             0.6431   data required time
-------------------------------------------------------------
             0.6431   data required time
            -0.7388   data arrival time
-------------------------------------------------------------
             0.0958   slack (MET)


SIGNOFF_HOLD_PATH_END
SIGNOFF_PROG_WS setup=1.8549541902501687e-9
SIGNOFF_PROG_PATH_BEGIN
Startpoint: ng9_4/_8_ (rising edge-triggered flip-flop clocked by clk)
Endpoint: row36/_164_ (rising edge-triggered flip-flop clocked by clk)
Path Group: clk
Path Type: max

Fanout       Cap      Slew     Delay      Time   Description
-------------------------------------------------------------------------------------
                              0.0000    0.0000   clock clk (rise edge)
                              0.6897    0.6897   clock network delay (propagated)
                    0.0464    0.0000    0.6897 ^ ng9_4/_8_/CLK (sky130_fd_sc_hd__dfxtp_1)
     1    0.0058    0.0489    0.2036    0.8933 ^ ng9_4/_8_/Q (sky130_fd_sc_hd__dfxtp_1)
                                                 pn9_4 (net)
     4    0.0789    0.1657    0.1699    1.0632 ^ place2591/X (sky130_fd_sc_hd__buf_4)
                                                 net2590 (net)
     1    0.0041    0.0269    0.0919    1.1551 ^ lt_pn9_4_s2/Z (LTAPB2)
                                                 pgm_pn9_4_s2 (net)
     2    0.0328    0.2872    0.2241    1.3792 ^ vs_36_9/Z (VSITE_BUF)
                                                 lf_36_9 (net)
     1    0.0239    0.1319    0.3483    1.7275 v row36/_113_/X (sky130_fd_sc_hd__xor3_1)
                                                 row36/_036_ (net)
                    0.1319    0.0023    1.7297 v row36/_164_/D (sky130_fd_sc_hd__dfxtp_1)
                                        1.7297   data arrival time

                              3.0000    3.0000   clock clk (rise edge)
                              0.6888    3.6888   clock network delay (propagated)
                              0.0000    3.6888   clock reconvergence pessimism
                                        3.6888 ^ row36/_164_/CLK (sky130_fd_sc_hd__dfxtp_1)
                             -0.1041    3.5847   library setup time
                                        3.5847   data required time
-------------------------------------------------------------------------------------
                                        3.5847   data required time
                                       -1.7297   data arrival time
-------------------------------------------------------------------------------------
                                        1.8550   slack (MET)


SIGNOFF_PROG_PATH_END
SIGNOFF_SLEW tap_input_max=0.228918 tap_input_pin=lt_pn16_10_s3/A site_input_max=0.127354 site_input_pin=vs_16_21/A
SIGNOFF_SPINE_DRIVERS sky130_fd_sc_hd__buf_4 2069 sky130_fd_sc_hd__dfxtp_1 123
