OpenROAD unknown 
Features included (+) or not (-): -GPU +GUI -Python
This program is licensed under the BSD-3 license. See the LICENSE file for details.
Components of this program may be licensed under more restrictive licenses which must be honored.
[INFO ORD-0030] Using 1 thread(s).
SIGNOFF_WS corner=tt setup=8.677452090211091e-10 hold=2.0771429021237964e-10
SIGNOFF_SETUP_PATH_BEGIN
Startpoint: stt3_ff (rising edge-triggered flip-flop clocked by clk)
Endpoint: row40/_153_ (rising edge-triggered flip-flop clocked by clk)
Path Group: clk
Path Type: max

Fanout       Cap      Slew     Delay      Time   Description
-------------------------------------------------------------------------------------
                              0.0000    0.0000   clock clk (rise edge)
                              0.9701    0.9701   clock network delay (propagated)
                    0.0636    0.0000    0.9701 ^ stt3_ff/CLK (sky130_fd_sc_hd__dfxtp_4)
    25    0.2572    0.7127    0.8187    1.7888 ^ stt3_ff/Q (sky130_fd_sc_hd__dfxtp_4)
                                                 st_tree (net)
    36    0.1906    0.2239    0.3432    2.1320 ^ place2558/X (sky130_fd_sc_hd__buf_12)
                                                 net2557 (net)
    23    0.1116    0.3071    0.3596    2.4916 ^ place2556/X (sky130_fd_sc_hd__buf_4)
                                                 net2555 (net)
     2    0.0080    0.0911    0.1335    2.6251 v row40/_093_/Y (sky130_fd_sc_hd__nor2b_1)
                                                 row40/_052_ (net)
     1    0.0024    0.0611    0.3548    2.9799 v row40/_094_/X (sky130_fd_sc_hd__maj3_1)
                                                 row40/_001_ (net)
                    0.0611    0.0001    2.9800 v row40/_153_/D (sky130_fd_sc_hd__dfxtp_1)
                                        2.9800   data arrival time

                              3.0000    3.0000   clock clk (rise edge)
                              0.9621    3.9621   clock network delay (propagated)
                              0.0000    3.9621   clock reconvergence pessimism
                                        3.9621 ^ row40/_153_/CLK (sky130_fd_sc_hd__dfxtp_1)
                             -0.1144    3.8477   library setup time
                                        3.8477   data required time
-------------------------------------------------------------------------------------
                                        3.8477   data required time
                                       -2.9800   data arrival time
-------------------------------------------------------------------------------------
                                        0.8677   slack (MET)


SIGNOFF_SETUP_PATH_END
SIGNOFF_HOLD_PATH_BEGIN
Startpoint: start (input port clocked by clk)
Endpoint: gen5/_121_ (rising edge-triggered flip-flop clocked by clk)
Path Group: clk
Path Type: min

    Delay      Time   Description
-------------------------------------------------------------
   0.0000    0.0000   clock clk (rise edge)
   0.0000    0.0000   clock network delay (propagated)
   0.0000    0.0000 v input external delay
   0.0000    0.0000 v start (in)
                      start (net)
   0.5330    0.5330 v hold3149/X (sky130_fd_sc_hd__dlygate4sd3_1)
                      net3148 (net)
   0.2778    0.8108 v input2/X (sky130_fd_sc_hd__buf_2)
                      net1 (net)
   0.2893    1.1001 v place3146/X (sky130_fd_sc_hd__buf_4)
                      net3145 (net)
   0.0022    1.1023 v gen5/_121_/D (sky130_fd_sc_hd__dfxtp_1)
             1.1023   data arrival time

   0.0000    0.0000   clock clk (rise edge)
   0.9589    0.9589   clock network delay (propagated)
   0.0000    0.9589   clock reconvergence pessimism
             0.9589 ^ gen5/_121_/CLK (sky130_fd_sc_hd__dfxtp_1)
  -0.0643    0.8946   library hold time
             0.8946   data required time
-------------------------------------------------------------
             0.8946   data required time
            -1.1023   data arrival time
-------------------------------------------------------------
             0.2077   slack (MET)


SIGNOFF_HOLD_PATH_END
SIGNOFF_PROG_WS setup=1.1939098598645614e-9
SIGNOFF_PROG_PATH_BEGIN
Startpoint: ng9_4/_8_ (rising edge-triggered flip-flop clocked by clk)
Endpoint: row36/_164_ (rising edge-triggered flip-flop clocked by clk)
Path Group: clk
Path Type: max

Fanout       Cap      Slew     Delay      Time   Description
-------------------------------------------------------------------------------------
                              0.0000    0.0000   clock clk (rise edge)
                              0.9740    0.9740   clock network delay (propagated)
                    0.0601    0.0000    0.9740 ^ ng9_4/_8_/CLK (sky130_fd_sc_hd__dfxtp_1)
     1    0.0058    0.0659    0.3251    1.2991 ^ ng9_4/_8_/Q (sky130_fd_sc_hd__dfxtp_1)
                                                 pn9_4 (net)
     4    0.0786    0.2191    0.2433    1.5423 ^ place2591/X (sky130_fd_sc_hd__buf_4)
                                                 net2590 (net)
     1    0.0041    0.0366    0.1534    1.6957 ^ lt_pn9_4_s2/Z (LTAPB2)
                                                 pgm_pn9_4_s2 (net)
     2    0.0326    0.3826    0.3111    2.0068 ^ vs_36_9/Z (VSITE_BUF)
                                                 lf_36_9 (net)
     1    0.0238    0.1651    0.6116    2.6184 v row36/_113_/X (sky130_fd_sc_hd__xor3_1)
                                                 row36/_036_ (net)
                    0.1651    0.0023    2.6206 v row36/_164_/D (sky130_fd_sc_hd__dfxtp_1)
                                        2.6206   data arrival time

                              3.0000    3.0000   clock clk (rise edge)
                              0.9736    3.9736   clock network delay (propagated)
                              0.0000    3.9736   clock reconvergence pessimism
                                        3.9736 ^ row36/_164_/CLK (sky130_fd_sc_hd__dfxtp_1)
                             -0.1590    3.8146   library setup time
                                        3.8146   data required time
-------------------------------------------------------------------------------------
                                        3.8146   data required time
                                       -2.6206   data arrival time
-------------------------------------------------------------------------------------
                                        1.1939   slack (MET)


SIGNOFF_PROG_PATH_END
SIGNOFF_SLEW tap_input_max=0.302763 tap_input_pin=lt_pn16_10_s3/A site_input_max=0.166945 site_input_pin=vs_16_21/A
SIGNOFF_SPINE_DRIVERS sky130_fd_sc_hd__buf_4 2069 sky130_fd_sc_hd__dfxtp_1 123
