mkdir -p /work/orfs/results/sky130hd/g3_pc_n64_u75/base/
echo 3.0 > /work/orfs/results/sky130hd/g3_pc_n64_u75/base/clock_period.txt
/OpenROAD-flow-scripts/flow/scripts/synth.sh /OpenROAD-flow-scripts/flow/scripts/synth_canonicalize.tcl /work/orfs/logs/sky130hd/g3_pc_n64_u75/base/1_1_yosys_canonicalize.log
exec cp /work/pc_n64/netlist.v /work/orfs/results/sky130hd/g3_pc_n64_u75/base/1_2_yosys.v
exec touch -r /work/pc_n64/netlist.v /work/orfs/results/sky130hd/g3_pc_n64_u75/base/1_2_yosys.v
Elapsed time: 0:00.29[h:]min:sec. CPU time: user 0.05 sys 0.01 (17%). Peak memory: 26796KB.
Log                       Ext     Elapsed/s Peak Memory/MB sha1sum result [0:20)
1_1_yosys_canonicalize                    0             26                  N/A
/OpenROAD-flow-scripts/flow/scripts/synth.sh /OpenROAD-flow-scripts/flow/scripts/synth.tcl /work/orfs/logs/sky130hd/g3_pc_n64_u75/base/1_2_yosys.log
exec cp /work/pc_n64/netlist.v /work/orfs/results/sky130hd/g3_pc_n64_u75/base/1_2_yosys.v
exec touch -r /work/pc_n64/netlist.v /work/orfs/results/sky130hd/g3_pc_n64_u75/base/1_2_yosys.v
Elapsed time: 0:00.07[h:]min:sec. CPU time: user 0.04 sys 0.02 (97%). Peak memory: 27000KB.
Log                       Ext     Elapsed/s Peak Memory/MB sha1sum result [0:20)
1_2_yosys                 .v              0             26 77ffbda0f02c544b9baf
cp /work/pc_n64/constraint.sdc /work/orfs/results/sky130hd/g3_pc_n64_u75/base/1_2_yosys.sdc
touch -r /work/pc_n64/constraint.sdc /work/orfs/results/sky130hd/g3_pc_n64_u75/base/1_2_yosys.sdc
OpenROAD unknown 
Features included (+) or not (-): -GPU +GUI -Python
This program is licensed under the BSD-3 license. See the LICENSE file for details.
Components of this program may be licensed under more restrictive licenses which must be honored.
[INFO ORD-0030] Using 2 thread(s).
mkdir -p /work/orfs/objects/sky130hd/g3_pc_n64_u75/base
/OpenROAD-flow-scripts/flow/scripts/flow.sh 1_synth synth_odb
Running synth_odb.tcl, stage 1_synth
read_liberty /OpenROAD-flow-scripts/flow/platforms/sky130hd/lib/sky130_fd_sc_hd__tt_025C_1v80.lib
[INFO ODB-0227] LEF file: /OpenROAD-flow-scripts/flow/platforms/sky130hd/lef/sky130_fd_sc_hd.tlef, created 13 layers, 25 vias
[INFO ODB-0227] LEF file: /OpenROAD-flow-scripts/flow/platforms/sky130hd/lef/sky130_fd_sc_hd_merged.lef, created 441 library cells
link_design top
read_sdc /work/orfs/results/sky130hd/g3_pc_n64_u75/base/1_2_yosys.sdc
source /OpenROAD-flow-scripts/flow/platforms/sky130hd/setRC.tcl
Design area 216071 um^2 100% utilization.
write_db /work/orfs/results/sky130hd/g3_pc_n64_u75/base/1_synth.odb
write_sdc -no_timestamp /work/orfs/results/sky130hd/g3_pc_n64_u75/base/1_synth.sdc
Warning: master sky130_ef_sc_hd__decap_12 has signal pins but no liberty cell
Elapsed time: 0:01.46[h:]min:sec. CPU time: user 1.02 sys 0.41 (97%). Peak memory: 151548KB.
Log                       Ext     Elapsed/s Peak Memory/MB sha1sum result [0:20)
1_synth                   .odb            1            147 dde31c6c9b7b3e10b828
1_synth                   .sdc                             3cafb83be852b96459ae
/OpenROAD-flow-scripts/flow/scripts/flow.sh 2_1_floorplan floorplan
Running floorplan.tcl, stage 2_1_floorplan
read_liberty /OpenROAD-flow-scripts/flow/platforms/sky130hd/lib/sky130_fd_sc_hd__tt_025C_1v80.lib
read_db /work/orfs/results/sky130hd/g3_pc_n64_u75/base/1_synth.odb
read_sdc /work/orfs/results/sky130hd/g3_pc_n64_u75/base/1_synth.sdc
source /OpenROAD-flow-scripts/flow/platforms/sky130hd/setRC.tcl
Master sky130_ef_sc_hd__decap_12 is loaded but not used in the design

==========================================================================
Floorplan check_setup
--------------------------------------------------------------------------
number instances in verilog is 19466
initialize_floorplan -utilization 75 -aspect_ratio 1 -core_space 2 -site unithd
[INFO IFP-0107] Defining die area using utilization: 75.00% and aspect ratio: 1.
[WARNING IFP-0028] Core area lower left (2.000, 2.000) snapped to (2.300, 2.720).
[INFO IFP-0001] Added 197 rows of 1166 site unithd.
[INFO IFP-0100] Die BBox:  (  0.000  0.000 ) ( 540.745 540.745 ) um
[INFO IFP-0101] Core BBox: (  2.300  2.720 ) ( 538.660 538.560 ) um
[INFO IFP-0102] Core area:                       287403.142 um^2
[INFO IFP-0103] Total instances area:            216070.979 um^2
[INFO IFP-0104] Effective utilization:                0.752
[INFO IFP-0105] Number of instances:                  19466
source /OpenROAD-flow-scripts/flow/platforms/sky130hd/make_tracks.tcl
source /OpenROAD-flow-scripts/flow/platforms/sky130hd/fastroute.tcl
set_dont_use "sky130_fd_sc_hd__probe_p_8 sky130_fd_sc_hd__probec_p_8 sky130_fd_sc_hd__lpflow_bleeder_1 sky130_fd_sc_hd__lpflow_clkbufkapwr_1 sky130_fd_sc_hd__lpflow_clkbufkapwr_16 sky130_fd_sc_hd__lpflow_clkbufkapwr_2 sky130_fd_sc_hd__lpflow_clkbufkapwr_4 sky130_fd_sc_hd__lpflow_clkbufkapwr_8 sky130_fd_sc_hd__lpflow_clkinvkapwr_1 sky130_fd_sc_hd__lpflow_clkinvkapwr_16 sky130_fd_sc_hd__lpflow_clkinvkapwr_2 sky130_fd_sc_hd__lpflow_clkinvkapwr_4 sky130_fd_sc_hd__lpflow_clkinvkapwr_8 sky130_fd_sc_hd__lpflow_decapkapwr_12 sky130_fd_sc_hd__lpflow_decapkapwr_3 sky130_fd_sc_hd__lpflow_decapkapwr_4 sky130_fd_sc_hd__lpflow_decapkapwr_6 sky130_fd_sc_hd__lpflow_decapkapwr_8 sky130_fd_sc_hd__lpflow_inputiso0n_1 sky130_fd_sc_hd__lpflow_inputiso0p_1 sky130_fd_sc_hd__lpflow_inputiso1n_1 sky130_fd_sc_hd__lpflow_inputiso1p_1 sky130_fd_sc_hd__lpflow_inputisolatch_1 sky130_fd_sc_hd__lpflow_isobufsrc_1 sky130_fd_sc_hd__lpflow_isobufsrc_16 sky130_fd_sc_hd__lpflow_isobufsrc_2 sky130_fd_sc_hd__lpflow_isobufsrc_4 sky130_fd_sc_hd__lpflow_isobufsrc_8 sky130_fd_sc_hd__lpflow_isobufsrckapwr_16 sky130_fd_sc_hd__lpflow_lsbuf_lh_hl_isowell_tap_1 sky130_fd_sc_hd__lpflow_lsbuf_lh_hl_isowell_tap_2 sky130_fd_sc_hd__lpflow_lsbuf_lh_hl_isowell_tap_4 sky130_fd_sc_hd__lpflow_lsbuf_lh_isowell_4 sky130_fd_sc_hd__lpflow_lsbuf_lh_isowell_tap_1 sky130_fd_sc_hd__lpflow_lsbuf_lh_isowell_tap_2 sky130_fd_sc_hd__lpflow_lsbuf_lh_isowell_tap_4"
repair_tie_fanout -separation 0 sky130_fd_sc_hd__tt_025C_1v80/sky130_fd_sc_hd__conb_1/LO
[INFO RSZ-0042] Inserted 3492 tie sky130_fd_sc_hd__conb_1 instances.
repair_tie_fanout -separation 0 sky130_fd_sc_hd__tt_025C_1v80/sky130_fd_sc_hd__conb_1/HI
[INFO RSZ-0042] Inserted 158 tie sky130_fd_sc_hd__conb_1 instances.
repair_timing -setup_margin 0 -hold_margin 0 -repair_tns 100 -match_cell_footprint -setup -skip_last_gasp -sequence unbuffer,sizeup,swap,vt_swap -verbose
[WARNING EST-0027] no estimated parasitics. Using wire load models.
[INFO RSZ-0100] Repair move sequence: UnbufferMove SizeUpMove SwapPinsMove 
[INFO RSZ-0094] Found 2240 endpoints with setup violations.
[INFO RSZ-0099] Repairing 2240 out of 2240 (100.00%) violating endpoints...
   Iter   | Removed | Resized | Inserted | Cloned |  Pin  |   Area   |    WNS   |    TNS     |  Viol  |  Worst
          | Buffers |  Gates  | Buffers  |  Gates | Swaps |          |          |            | Endpts | Endpoint
------------------------------------------------------------------------------------------------------------------------------
       0* |       0 |       0 |        0 |      0 |     0 |    +0.0% |  -54.920 |   -86359.7 |   2240 | row0/_528_/D
      10* |       0 |       2 |        0 |      0 |     7 |    +0.0% |  -16.661 |   -25057.0 |   2240 | row15/_528_/D
      20* |       0 |       2 |        0 |      0 |    17 |    +0.0% |  -16.660 |   -25026.1 |   2240 | row24/_528_/D
      30* |       0 |       2 |        0 |      0 |    27 |    +0.0% |  -16.660 |   -24995.2 |   2240 | row33/_528_/D
      40* |       0 |       2 |        0 |      0 |    37 |    +0.0% |  -16.659 |   -24964.4 |   2240 | row42/_528_/D
      50* |       0 |       2 |        0 |      0 |    47 |    +0.0% |  -16.659 |   -24933.5 |   2240 | row51/_528_/D
      60* |       0 |       2 |        0 |      0 |    57 |    +0.0% |  -16.658 |   -24902.6 |   2240 | row60/_528_/D
      70* |       0 |       5 |        0 |      0 |    64 |    +0.0% |  -16.444 |   -24879.7 |   2240 | row11/_528_/D
      80* |       0 |      15 |        0 |      0 |    64 |    +0.0% |  -16.444 |   -24875.2 |   2240 | row20/_528_/D
      90* |       0 |      25 |        0 |      0 |    64 |    +0.1% |  -16.444 |   -24870.8 |   2240 | row3/_528_/D
     100* |       0 |      35 |        0 |      0 |    64 |    +0.1% |  -16.444 |   -24866.4 |   2240 | row39/_528_/D
     110* |       0 |      45 |        0 |      0 |    64 |    +0.1% |  -16.444 |   -24861.9 |   2240 | row48/_528_/D
     118* |       0 |       3 |        0 |      0 |    64 |    +0.0% |  -16.444 |   -24880.6 |   2240 | row56/_528_/D
     120* |       0 |       4 |        0 |      0 |    64 |    +0.0% |  -16.444 |   -24880.1 |   2240 | row56/_528_/D
     130* |       0 |       6 |        0 |      0 |    72 |    +0.0% |  -16.444 |   -24878.9 |   2240 | row56/_528_/D
     132* |       0 |       6 |        0 |      0 |    74 |    +0.0% |  -16.444 |   -24878.4 |   2240 | row56/_528_/D
     140* |       0 |       9 |        0 |      0 |    78 |    +0.0% |  -16.444 |   -24877.2 |   2240 | row56/_528_/D
     146* |       0 |       9 |        0 |      0 |    84 |    +0.0% |  -16.444 |   -24876.3 |   2240 | row56/_528_/D
     150* |       0 |      10 |        0 |      0 |    86 |    +0.0% |  -16.444 |   -24876.0 |   2240 | row56/_528_/D
     160* |       0 |      12 |        0 |      0 |    94 |    +0.0% |  -16.444 |   -24874.2 |   2240 | row56/_528_/D
     160* |       0 |      12 |        0 |      0 |    94 |    +0.0% |  -16.444 |   -24874.2 |   2240 | row56/_528_/D
     170* |       0 |      15 |        0 |      0 |   100 |    +0.0% |  -16.444 |   -24872.8 |   2240 | row56/_528_/D
     174* |       0 |      15 |        0 |      0 |   104 |    +0.0% |  -16.444 |   -24872.1 |   2240 | row56/_528_/D
     180* |       0 |      17 |        0 |      0 |   107 |    +0.0% |  -16.444 |   -24871.1 |   2240 | row56/_528_/D
     188* |       0 |      18 |        0 |      0 |   114 |    +0.0% |  -16.444 |   -24869.9 |   2240 | row56/_528_/D
     190* |       0 |      19 |        0 |      0 |   114 |    +0.0% |  -16.444 |   -24869.5 |   2240 | row56/_528_/D
     200* |       0 |      21 |        0 |      0 |   122 |    +0.0% |  -16.444 |   -24868.2 |   2240 | row56/_528_/D
     202* |       0 |      21 |        0 |      0 |   124 |    +0.0% |  -16.444 |   -24867.8 |   2240 | row56/_528_/D
     210* |       0 |      24 |        0 |      0 |   128 |    +0.0% |  -16.444 |   -24866.5 |   2240 | row56/_528_/D
     216* |       0 |      24 |        0 |      0 |   134 |    +0.0% |  -16.444 |   -24865.7 |   2240 | row56/_528_/D
     220* |       0 |      25 |        0 |      0 |   136 |    +0.0% |  -16.444 |   -24865.4 |   2240 | row56/_528_/D
     230* |       0 |      27 |        0 |      0 |   144 |    +0.0% |  -16.444 |   -24863.6 |   2240 | row56/_528_/D
     230* |       0 |      27 |        0 |      0 |   144 |    +0.0% |  -16.444 |   -24863.6 |   2240 | row56/_528_/D
     240* |       0 |      30 |        0 |      0 |   150 |    +0.0% |  -16.444 |   -24862.2 |   2240 | row56/_528_/D
     244* |       0 |      30 |        0 |      0 |   154 |    +0.0% |  -16.444 |   -24861.4 |   2240 | row56/_528_/D
     250* |       0 |      32 |        0 |      0 |   157 |    +0.0% |  -16.444 |   -24860.5 |   2240 | row56/_528_/D
     258* |       0 |      33 |        0 |      0 |   164 |    +0.0% |  -16.444 |   -24859.3 |   2240 | row56/_528_/D
     260* |       0 |      34 |        0 |      0 |   164 |    +0.0% |  -16.444 |   -24858.9 |   2240 | row56/_528_/D
     270* |       0 |      36 |        0 |      0 |   172 |    +0.0% |  -16.444 |   -24857.6 |   2240 | row56/_528_/D
     272* |       0 |      36 |        0 |      0 |   174 |    +0.0% |  -16.444 |   -24857.2 |   2240 | row56/_528_/D
     280* |       0 |      39 |        0 |      0 |   178 |    +0.0% |  -16.444 |   -24855.9 |   2240 | row56/_528_/D
     286* |       0 |      39 |        0 |      0 |   184 |    +0.0% |  -16.444 |   -24855.1 |   2240 | row56/_528_/D
     290* |       0 |      40 |        0 |      0 |   186 |    +0.1% |  -16.444 |   -24854.7 |   2240 | row56/_528_/D
     300* |       0 |      42 |        0 |      0 |   194 |    +0.1% |  -16.444 |   -24852.9 |   2240 | row56/_528_/D
     300* |       0 |      42 |        0 |      0 |   194 |    +0.1% |  -16.444 |   -24852.9 |   2240 | row56/_528_/D
     310* |       0 |      45 |        0 |      0 |   200 |    +0.1% |  -16.444 |   -24851.5 |   2240 | row56/_528_/D
     314* |       0 |      45 |        0 |      0 |   204 |    +0.1% |  -16.444 |   -24850.8 |   2240 | row56/_528_/D
     320* |       0 |      47 |        0 |      0 |   207 |    +0.1% |  -16.444 |   -24849.9 |   2240 | row56/_528_/D
     328* |       0 |      48 |        0 |      0 |   214 |    +0.1% |  -16.444 |   -24848.7 |   2240 | row56/_528_/D
     330* |       0 |      49 |        0 |      0 |   214 |    +0.1% |  -16.444 |   -24848.2 |   2240 | row56/_528_/D
     340* |       0 |      51 |        0 |      0 |   222 |    +0.1% |  -16.444 |   -24847.0 |   2240 | row56/_528_/D
     342* |       0 |      51 |        0 |      0 |   224 |    +0.1% |  -16.444 |   -24846.6 |   2240 | row56/_528_/D
     350* |       0 |      54 |        0 |      0 |   228 |    +0.1% |  -16.444 |   -24845.3 |   2240 | row56/_528_/D
     356* |       0 |      54 |        0 |      0 |   234 |    +0.1% |  -16.444 |   -24844.4 |   2240 | row56/_528_/D
     360* |       0 |      55 |        0 |      0 |   236 |    +0.1% |  -16.444 |   -24844.1 |   2240 | row56/_528_/D
     370* |       0 |      57 |        0 |      0 |   244 |    +0.1% |  -16.444 |   -24842.3 |   2240 | row56/_528_/D
     370* |       0 |      57 |        0 |      0 |   244 |    +0.1% |  -16.444 |   -24842.3 |   2240 | row56/_528_/D
     380* |       0 |      60 |        0 |      0 |   250 |    +0.1% |  -16.444 |   -24840.9 |   2240 | row56/_528_/D
     384* |       0 |      60 |        0 |      0 |   254 |    +0.1% |  -16.444 |   -24840.2 |   2240 | row56/_528_/D
     390* |       0 |      62 |        0 |      0 |   257 |    +0.1% |  -16.444 |   -24839.3 |   2240 | row56/_528_/D
     398* |       0 |      63 |        0 |      0 |   264 |    +0.1% |  -16.444 |   -24838.1 |   2240 | row56/_528_/D
     400* |       0 |      64 |        0 |      0 |   264 |    +0.1% |  -16.444 |   -24837.6 |   2240 | row56/_528_/D
     410* |       0 |      66 |        0 |      0 |   272 |    +0.1% |  -16.444 |   -24836.4 |   2240 | row56/_528_/D
     412* |       0 |      66 |        0 |      0 |   274 |    +0.1% |  -16.444 |   -24835.9 |   2240 | row56/_528_/D
     420* |       0 |      69 |        0 |      0 |   278 |    +0.1% |  -16.444 |   -24834.7 |   2240 | row56/_528_/D
     426* |       0 |      69 |        0 |      0 |   284 |    +0.1% |  -16.444 |   -24833.8 |   2240 | row56/_528_/D
     430* |       0 |      70 |        0 |      0 |   286 |    +0.1% |  -16.444 |   -24833.5 |   2240 | row56/_528_/D
     440* |       0 |      72 |        0 |      0 |   294 |    +0.1% |  -16.444 |   -24831.7 |   2240 | row56/_528_/D
     440* |       0 |      72 |        0 |      0 |   294 |    +0.1% |  -16.444 |   -24831.7 |   2240 | row56/_528_/D
     450* |       0 |      75 |        0 |      0 |   300 |    +0.1% |  -16.444 |   -24830.3 |   2240 | row56/_528_/D
     454* |       0 |      75 |        0 |      0 |   304 |    +0.1% |  -16.444 |   -24829.6 |   2240 | row56/_528_/D
     460* |       0 |      77 |        0 |      0 |   307 |    +0.1% |  -16.444 |   -24828.7 |   2240 | row56/_528_/D
     468* |       0 |      78 |        0 |      0 |   314 |    +0.1% |  -16.444 |   -24827.4 |   2240 | row56/_528_/D
     470* |       0 |      79 |        0 |      0 |   314 |    +0.1% |  -16.444 |   -24827.0 |   2240 | row56/_528_/D
     480* |       0 |      81 |        0 |      0 |   322 |    +0.1% |  -16.444 |   -24825.7 |   2240 | row56/_528_/D
     482* |       0 |      81 |        0 |      0 |   324 |    +0.1% |  -16.444 |   -24825.3 |   2240 | row56/_528_/D
     490* |       0 |      84 |        0 |      0 |   328 |    +0.1% |  -16.444 |   -24824.0 |   2240 | row56/_528_/D
     496* |       0 |      84 |        0 |      0 |   334 |    +0.1% |  -16.444 |   -24823.2 |   2240 | row56/_528_/D
     500* |       0 |      85 |        0 |      0 |   336 |    +0.1% |  -16.444 |   -24822.9 |   2240 | row56/_528_/D
     510* |       0 |      87 |        0 |      0 |   344 |    +0.1% |  -16.444 |   -24821.1 |   2240 | row56/_528_/D
     510* |       0 |      87 |        0 |      0 |   344 |    +0.1% |  -16.444 |   -24821.1 |   2240 | row56/_528_/D
     520* |       0 |      90 |        0 |      0 |   350 |    +0.1% |  -16.444 |   -24819.7 |   2240 | row56/_528_/D
     524* |       0 |      90 |        0 |      0 |   354 |    +0.1% |  -16.444 |   -24818.9 |   2240 | row56/_528_/D
     530* |       0 |      92 |        0 |      0 |   357 |    +0.1% |  -16.444 |   -24818.0 |   2240 | row56/_528_/D
     538* |       0 |      93 |        0 |      0 |   364 |    +0.1% |  -16.444 |   -24816.8 |   2240 | row56/_528_/D
     540* |       0 |      94 |        0 |      0 |   364 |    +0.1% |  -16.444 |   -24816.4 |   2240 | row56/_528_/D
     550* |       0 |      96 |        0 |      0 |   372 |    +0.1% |  -16.444 |   -24815.1 |   2240 | row56/_528_/D
     552* |       0 |      96 |        0 |      0 |   374 |    +0.1% |  -16.444 |   -24814.7 |   2240 | row56/_528_/D
     560* |       0 |      99 |        0 |      0 |   378 |    +0.1% |  -16.444 |   -24813.4 |   2240 | row56/_528_/D
     566* |       0 |      99 |        0 |      0 |   384 |    +0.1% |  -16.444 |   -24812.6 |   2240 | row56/_528_/D
     570* |       0 |     100 |        0 |      0 |   386 |    +0.1% |  -16.444 |   -24812.2 |   2240 | row56/_528_/D
     580* |       0 |     102 |        0 |      0 |   394 |    +0.1% |  -16.444 |   -24810.4 |   2240 | row56/_528_/D
     580* |       0 |     102 |        0 |      0 |   394 |    +0.1% |  -16.444 |   -24810.4 |   2240 | row56/_528_/D
     590* |       0 |     105 |        0 |      0 |   400 |    +0.1% |  -16.444 |   -24809.0 |   2240 | row56/_528_/D
     594* |       0 |     105 |        0 |      0 |   404 |    +0.1% |  -16.444 |   -24808.3 |   2240 | row56/_528_/D
     600* |       0 |     107 |        0 |      0 |   407 |    +0.1% |  -16.444 |   -24807.4 |   2240 | row56/_528_/D
     608* |       0 |     108 |        0 |      0 |   414 |    +0.1% |  -16.444 |   -24806.2 |   2240 | row56/_528_/D
     610* |       0 |     109 |        0 |      0 |   414 |    +0.1% |  -16.444 |   -24805.8 |   2240 | row56/_528_/D
     620* |       0 |     111 |        0 |      0 |   422 |    +0.1% |  -16.444 |   -24804.5 |   2240 | row56/_528_/D
     622* |       0 |     111 |        0 |      0 |   424 |    +0.1% |  -16.444 |   -24804.1 |   2240 | row56/_528_/D
     630* |       0 |     114 |        0 |      0 |   428 |    +0.1% |  -16.444 |   -24802.8 |   2240 | row56/_528_/D
     636* |       0 |     114 |        0 |      0 |   434 |    +0.1% |  -16.444 |   -24801.9 |   2240 | row56/_528_/D
     640* |       0 |     115 |        0 |      0 |   436 |    +0.1% |  -16.444 |   -24801.6 |   2240 | row56/_528_/D
     650* |       0 |     117 |        0 |      0 |   444 |    +0.1% |  -16.444 |   -24799.8 |   2240 | row56/_528_/D
     650* |       0 |     117 |        0 |      0 |   444 |    +0.1% |  -16.444 |   -24799.8 |   2240 | row56/_528_/D
     660* |       0 |     120 |        0 |      0 |   450 |    +0.2% |  -16.444 |   -24798.4 |   2240 | row56/_528_/D
     664* |       0 |     120 |        0 |      0 |   454 |    +0.2% |  -16.444 |   -24797.7 |   2240 | row56/_528_/D
     670* |       0 |     122 |        0 |      0 |   457 |    +0.2% |  -16.444 |   -24796.8 |   2240 | row56/_528_/D
     678* |       0 |     123 |        0 |      0 |   464 |    +0.2% |  -16.444 |   -24795.6 |   2240 | row56/_528_/D
     680* |       0 |     124 |        0 |      0 |   464 |    +0.2% |  -16.444 |   -24795.1 |   2240 | row56/_528_/D
     690* |       0 |     126 |        0 |      0 |   472 |    +0.2% |  -16.444 |   -24793.9 |   2240 | row56/_528_/D
     692* |       0 |     126 |        0 |      0 |   474 |    +0.2% |  -16.444 |   -24793.4 |   2240 | row56/_528_/D
     700* |       0 |     129 |        0 |      0 |   478 |    +0.2% |  -16.444 |   -24792.2 |   2240 | row56/_528_/D
     706* |       0 |     129 |        0 |      0 |   484 |    +0.2% |  -16.444 |   -24791.3 |   2240 | row56/_528_/D
     710* |       0 |     130 |        0 |      0 |   486 |    +0.2% |  -16.444 |   -24791.0 |   2240 | row56/_528_/D
     720* |       0 |     132 |        0 |      0 |   494 |    +0.2% |  -16.444 |   -24789.2 |   2240 | row56/_528_/D
     720* |       0 |     132 |        0 |      0 |   494 |    +0.2% |  -16.444 |   -24789.2 |   2240 | row56/_528_/D
     730* |       0 |     135 |        0 |      0 |   500 |    +0.2% |  -16.444 |   -24787.8 |   2240 | row56/_528_/D
     734* |       0 |     135 |        0 |      0 |   504 |    +0.2% |  -16.444 |   -24787.1 |   2240 | row56/_528_/D
     740* |       0 |     137 |        0 |      0 |   507 |    +0.2% |  -16.444 |   -24786.2 |   2240 | row56/_528_/D
     748* |       0 |     138 |        0 |      0 |   514 |    +0.2% |  -16.444 |   -24784.9 |   2240 | row56/_528_/D
     750* |       0 |     139 |        0 |      0 |   514 |    +0.2% |  -16.444 |   -24784.5 |   2240 | row56/_528_/D
     760* |       0 |     141 |        0 |      0 |   522 |    +0.2% |  -16.444 |   -24783.2 |   2240 | row56/_528_/D
     762* |       0 |     141 |        0 |      0 |   524 |    +0.2% |  -16.444 |   -24782.8 |   2240 | row56/_528_/D
     770* |       0 |     144 |        0 |      0 |   528 |    +0.2% |  -16.444 |   -24781.5 |   2240 | row56/_528_/D
     776* |       0 |     144 |        0 |      0 |   534 |    +0.2% |  -16.444 |   -24780.7 |   2240 | row56/_528_/D
     780* |       0 |     145 |        0 |      0 |   536 |    +0.2% |  -16.444 |   -24780.4 |   2240 | row56/_528_/D
     790* |       0 |     147 |        0 |      0 |   544 |    +0.2% |  -16.444 |   -24778.6 |   2240 | row56/_528_/D
     790* |       0 |     147 |        0 |      0 |   544 |    +0.2% |  -16.444 |   -24778.6 |   2240 | row56/_528_/D
     800* |       0 |     150 |        0 |      0 |   550 |    +0.2% |  -16.444 |   -24777.2 |   2240 | row56/_528_/D
     804* |       0 |     150 |        0 |      0 |   554 |    +0.2% |  -16.444 |   -24776.4 |   2240 | row56/_528_/D
     810* |       0 |     152 |        0 |      0 |   557 |    +0.2% |  -16.444 |   -24775.5 |   2240 | row56/_528_/D
     818* |       0 |     153 |        0 |      0 |   564 |    +0.2% |  -16.444 |   -24774.3 |   2240 | row56/_528_/D
     820* |       0 |     154 |        0 |      0 |   564 |    +0.2% |  -16.444 |   -24773.9 |   2240 | row56/_528_/D
     830* |       0 |     156 |        0 |      0 |   572 |    +0.2% |  -16.444 |   -24772.6 |   2240 | row56/_528_/D
     832* |       0 |     156 |        0 |      0 |   574 |    +0.2% |  -16.444 |   -24772.2 |   2240 | row56/_528_/D
     840* |       0 |     159 |        0 |      0 |   578 |    +0.2% |  -16.444 |   -24770.9 |   2240 | row57/_528_/D
     846* |       0 |     159 |        0 |      0 |   584 |    +0.2% |  -16.444 |   -24770.1 |   2240 | row57/_528_/D
     850* |       0 |     160 |        0 |      0 |   586 |    +0.2% |  -16.444 |   -24769.8 |   2240 | row58/_528_/D
     860* |       0 |     162 |        0 |      0 |   594 |    +0.2% |  -16.444 |   -24768.0 |   2240 | row58/_528_/D
     860* |       0 |     162 |        0 |      0 |   594 |    +0.2% |  -16.444 |   -24768.0 |   2240 | row58/_528_/D
     870* |       0 |     165 |        0 |      0 |   600 |    +0.2% |  -16.444 |   -24766.6 |   2240 | row59/_528_/D
     874* |       0 |     165 |        0 |      0 |   604 |    +0.2% |  -16.444 |   -24765.8 |   2240 | row59/_528_/D
     880* |       0 |     167 |        0 |      0 |   607 |    +0.2% |  -16.444 |   -24764.9 |   2240 | row6/_528_/D
     888* |       0 |     168 |        0 |      0 |   614 |    +0.2% |  -16.444 |   -24763.7 |   2240 | row6/_528_/D
     890* |       0 |     169 |        0 |      0 |   614 |    +0.2% |  -16.444 |   -24763.3 |   2240 | row60/_528_/D
     900* |       0 |     171 |        0 |      0 |   622 |    +0.2% |  -16.444 |   -24762.0 |   2240 | row60/_528_/D
     902* |       0 |     171 |        0 |      0 |   624 |    +0.2% |  -16.444 |   -24761.6 |   2240 | row60/_528_/D
     910* |       0 |     174 |        0 |      0 |   628 |    +0.2% |  -16.444 |   -24760.3 |   2240 | row61/_528_/D
     916* |       0 |     174 |        0 |      0 |   634 |    +0.2% |  -16.444 |   -24759.5 |   2240 | row61/_528_/D
     920* |       0 |     175 |        0 |      0 |   636 |    +0.2% |  -16.444 |   -24759.1 |   2240 | row62/_528_/D
     930* |       0 |     177 |        0 |      0 |   644 |    +0.2% |  -16.444 |   -24757.3 |   2240 | row62/_528_/D
     930* |       0 |     177 |        0 |      0 |   644 |    +0.2% |  -16.444 |   -24757.3 |   2240 | row62/_528_/D
     940* |       0 |     180 |        0 |      0 |   650 |    +0.2% |  -16.444 |   -24755.9 |   2240 | row63/_528_/D
     944* |       0 |     180 |        0 |      0 |   654 |    +0.2% |  -16.444 |   -24755.2 |   2240 | row63/_528_/D
     950* |       0 |     182 |        0 |      0 |   657 |    +0.2% |  -16.444 |   -24754.3 |   2240 | row7/_528_/D
     958* |       0 |     183 |        0 |      0 |   664 |    +0.2% |  -16.444 |   -24753.1 |   2240 | row7/_528_/D
     960* |       0 |     184 |        0 |      0 |   664 |    +0.2% |  -16.444 |   -24752.6 |   2240 | row8/_528_/D
     970* |       0 |     186 |        0 |      0 |   672 |    +0.2% |  -16.444 |   -24751.4 |   2240 | row8/_528_/D
     972* |       0 |     186 |        0 |      0 |   674 |    +0.2% |  -16.444 |   -24751.0 |   2240 | row8/_528_/D
     980* |       0 |     189 |        0 |      0 |   678 |    +0.2% |  -16.444 |   -24749.7 |   2240 | row9/_528_/D
     986* |       0 |     189 |        0 |      0 |   684 |    +0.2% |  -16.444 |   -24748.8 |   2240 | row9/_528_/D
     990* |       0 |     190 |        0 |      0 |   686 |    +0.2% |  -16.319 |   -24748.5 |   2240 | row9/_528_/D
    1000* |       0 |     192 |        0 |      0 |   694 |    +0.2% |  -16.273 |   -24746.7 |   2240 | row0/_528_/D
    1000* |       0 |     192 |        0 |      0 |   694 |    +0.2% |  -16.273 |   -24746.7 |   2240 | row0/_528_/D
    1010* |       0 |     194 |        0 |      0 |   701 |    +0.2% |  -16.188 |   -24745.7 |   2240 | row0/_528_/D
    1013* |       0 |     194 |        0 |      0 |   704 |    +0.2% |  -16.121 |   -24745.1 |   2240 | row0/_528_/D
    1015* |       0 |     194 |        0 |      0 |   704 |    +0.2% |  -16.121 |   -24745.1 |   2240 | row0/_528_/D
    1017* |       0 |     194 |        0 |      0 |   704 |    +0.2% |  -16.121 |   -24745.1 |   2240 | row0/_528_/D
    1019* |       0 |     194 |        0 |      0 |   704 |    +0.2% |  -16.121 |   -24745.1 |   2240 | row0/_528_/D
    1020* |       0 |     194 |        0 |      0 |   704 |    +0.2% |  -16.121 |   -24745.1 |   2240 | row0/_528_/D
    1021* |       0 |     194 |        0 |      0 |   704 |    +0.2% |  -16.121 |   -24745.1 |   2240 | row0/_528_/D
    1023* |       0 |     194 |        0 |      0 |   704 |    +0.2% |  -16.121 |   -24745.1 |   2240 | row0/_528_/D
    1025* |       0 |     194 |        0 |      0 |   704 |    +0.2% |  -16.121 |   -24745.1 |   2240 | row0/_528_/D
    1027* |       0 |     194 |        0 |      0 |   704 |    +0.2% |  -16.121 |   -24745.1 |   2240 | row0/_528_/D
    1029* |       0 |     194 |        0 |      0 |   704 |    +0.2% |  -16.121 |   -24745.1 |   2240 | row0/_528_/D
    1030* |       0 |     194 |        0 |      0 |   704 |    +0.2% |  -16.121 |   -24745.1 |   2240 | row0/_528_/D
    1031* |       0 |     194 |        0 |      0 |   704 |    +0.2% |  -16.121 |   -24745.1 |   2240 | row0/_528_/D
    1033* |       0 |     194 |        0 |      0 |   704 |    +0.2% |  -16.121 |   -24745.1 |   2240 | row0/_528_/D
    1035* |       0 |     194 |        0 |      0 |   704 |    +0.2% |  -16.121 |   -24745.1 |   2240 | row0/_528_/D
    1037* |       0 |     194 |        0 |      0 |   704 |    +0.2% |  -16.121 |   -24745.1 |   2240 | row0/_528_/D
    1039* |       0 |     194 |        0 |      0 |   704 |    +0.2% |  -16.121 |   -24745.1 |   2240 | row0/_528_/D
    1040* |       0 |     194 |        0 |      0 |   704 |    +0.2% |  -16.121 |   -24745.1 |   2240 | row0/_528_/D
    1041* |       0 |     194 |        0 |      0 |   704 |    +0.2% |  -16.121 |   -24745.1 |   2240 | row0/_528_/D
    1043* |       0 |     194 |        0 |      0 |   704 |    +0.2% |  -16.121 |   -24745.1 |   2240 | row0/_528_/D
    1045* |       0 |     194 |        0 |      0 |   704 |    +0.2% |  -16.121 |   -24745.1 |   2240 | row0/_528_/D
    1047* |       0 |     194 |        0 |      0 |   704 |    +0.2% |  -16.121 |   -24745.1 |   2240 | row0/_528_/D
    1049* |       0 |     194 |        0 |      0 |   704 |    +0.2% |  -16.121 |   -24745.1 |   2240 | row0/_528_/D
    1050* |       0 |     194 |        0 |      0 |   704 |    +0.2% |  -16.121 |   -24745.1 |   2240 | row0/_528_/D
    1051* |       0 |     194 |        0 |      0 |   704 |    +0.2% |  -16.121 |   -24745.1 |   2240 | row0/_528_/D
    1053* |       0 |     194 |        0 |      0 |   704 |    +0.2% |  -16.121 |   -24745.1 |   2240 | row0/_528_/D
    1055* |       0 |     194 |        0 |      0 |   704 |    +0.2% |  -16.121 |   -24745.1 |   2240 | row0/_528_/D
    1057* |       0 |     194 |        0 |      0 |   704 |    +0.2% |  -16.121 |   -24745.1 |   2240 | row0/_528_/D
    1059* |       0 |     194 |        0 |      0 |   704 |    +0.2% |  -16.121 |   -24745.1 |   2240 | row0/_528_/D
    1060* |       0 |     194 |        0 |      0 |   704 |    +0.2% |  -16.121 |   -24745.1 |   2240 | row0/_528_/D
    1061* |       0 |     194 |        0 |      0 |   704 |    +0.2% |  -16.121 |   -24745.1 |   2240 | row0/_528_/D
    1063* |       0 |     194 |        0 |      0 |   704 |    +0.2% |  -16.121 |   -24745.1 |   2240 | row0/_528_/D
    1065* |       0 |     194 |        0 |      0 |   704 |    +0.2% |  -16.121 |   -24745.1 |   2240 | row0/_528_/D
    1067* |       0 |     194 |        0 |      0 |   704 |    +0.2% |  -16.121 |   -24745.1 |   2240 | row0/_528_/D
    1069* |       0 |     194 |        0 |      0 |   704 |    +0.2% |  -16.121 |   -24745.1 |   2240 | row0/_528_/D
    1070* |       0 |     194 |        0 |      0 |   704 |    +0.2% |  -16.121 |   -24745.1 |   2240 | row0/_528_/D
    1071* |       0 |     194 |        0 |      0 |   704 |    +0.2% |  -16.121 |   -24745.1 |   2240 | row0/_528_/D
    1073* |       0 |     194 |        0 |      0 |   704 |    +0.2% |  -16.121 |   -24745.1 |   2240 | row0/_528_/D
    1075* |       0 |     194 |        0 |      0 |   704 |    +0.2% |  -16.121 |   -24745.1 |   2240 | row0/_528_/D
    1077* |       0 |     194 |        0 |      0 |   704 |    +0.2% |  -16.121 |   -24745.1 |   2240 | row0/_528_/D
    1079* |       0 |     194 |        0 |      0 |   704 |    +0.2% |  -16.121 |   -24745.1 |   2240 | row0/_528_/D
    1080* |       0 |     194 |        0 |      0 |   704 |    +0.2% |  -16.121 |   -24745.1 |   2240 | row0/_528_/D
    1081* |       0 |     194 |        0 |      0 |   704 |    +0.2% |  -16.121 |   -24745.1 |   2240 | row0/_528_/D
    1083* |       0 |     194 |        0 |      0 |   704 |    +0.2% |  -16.121 |   -24745.1 |   2240 | row0/_528_/D
    1085* |       0 |     194 |        0 |      0 |   704 |    +0.2% |  -16.121 |   -24745.1 |   2240 | row0/_528_/D
    1087* |       0 |     194 |        0 |      0 |   704 |    +0.2% |  -16.121 |   -24745.1 |   2240 | row0/_528_/D
    1089* |       0 |     194 |        0 |      0 |   704 |    +0.2% |  -16.121 |   -24745.1 |   2240 | row0/_528_/D
    1090* |       0 |     194 |        0 |      0 |   704 |    +0.2% |  -16.121 |   -24745.1 |   2240 | row0/_528_/D
    1091* |       0 |     194 |        0 |      0 |   704 |    +0.2% |  -16.121 |   -24745.1 |   2240 | row0/_528_/D
    1093* |       0 |     194 |        0 |      0 |   704 |    +0.2% |  -16.121 |   -24745.1 |   2240 | row0/_528_/D
    1095* |       0 |     194 |        0 |      0 |   704 |    +0.2% |  -16.121 |   -24745.1 |   2240 | row0/_528_/D
    1097* |       0 |     194 |        0 |      0 |   704 |    +0.2% |  -16.121 |   -24745.1 |   2240 | row0/_528_/D
    1099* |       0 |     194 |        0 |      0 |   704 |    +0.2% |  -16.121 |   -24745.1 |   2240 | row0/_528_/D
    1100* |       0 |     194 |        0 |      0 |   704 |    +0.2% |  -16.121 |   -24745.1 |   2240 | row0/_528_/D
    1100* |       0 |     194 |        0 |      0 |   704 |    +0.2% |  -16.121 |   -24745.1 |   2240 | row0/_528_/D
    1102* |       0 |     194 |        0 |      0 |   704 |    +0.2% |  -16.121 |   -24745.1 |   2240 | row0/_528_/D
    1104* |       0 |     194 |        0 |      0 |   704 |    +0.2% |  -16.121 |   -24745.1 |   2240 | row0/_528_/D
    1106* |       0 |     194 |        0 |      0 |   704 |    +0.2% |  -16.121 |   -24745.1 |   2240 | row0/_528_/D
    1108* |       0 |     194 |        0 |      0 |   704 |    +0.2% |  -16.121 |   -24745.1 |   2240 | row0/_528_/D
    1110* |       0 |     194 |        0 |      0 |   705 |    +0.2% |  -16.121 |   -24745.1 |   2240 | row0/_528_/D
    1110* |       0 |     194 |        0 |      0 |   704 |    +0.2% |  -16.121 |   -24745.1 |   2240 | row0/_528_/D
    1112* |       0 |     194 |        0 |      0 |   704 |    +0.2% |  -16.121 |   -24745.1 |   2240 | row0/_528_/D
    1114* |       0 |     194 |        0 |      0 |   704 |    +0.2% |  -16.121 |   -24745.1 |   2240 | row0/_528_/D
    1116* |       0 |     194 |        0 |      0 |   704 |    +0.2% |  -16.121 |   -24745.1 |   2240 | row0/_528_/D
    1118* |       0 |     194 |        0 |      0 |   704 |    +0.2% |  -16.121 |   -24745.1 |   2240 | row0/_528_/D
    1120* |       0 |     194 |        0 |      0 |   705 |    +0.2% |  -16.121 |   -24745.1 |   2240 | row0/_528_/D
    1120* |       0 |     194 |        0 |      0 |   704 |    +0.2% |  -16.121 |   -24745.1 |   2240 | row0/_528_/D
    1122* |       0 |     194 |        0 |      0 |   704 |    +0.2% |  -16.121 |   -24745.1 |   2240 | row0/_528_/D
    1124* |       0 |     194 |        0 |      0 |   704 |    +0.2% |  -16.121 |   -24745.1 |   2240 | row0/_528_/D
    1126* |       0 |     194 |        0 |      0 |   704 |    +0.2% |  -16.121 |   -24745.1 |   2240 | row0/_528_/D
    1128* |       0 |     194 |        0 |      0 |   704 |    +0.2% |  -16.121 |   -24745.1 |   2240 | row0/_528_/D
    1130* |       0 |     194 |        0 |      0 |   705 |    +0.2% |  -16.121 |   -24745.1 |   2240 | row0/_528_/D
    1130* |       0 |     194 |        0 |      0 |   704 |    +0.2% |  -16.121 |   -24745.1 |   2240 | row0/_528_/D
    1132* |       0 |     194 |        0 |      0 |   704 |    +0.2% |  -16.121 |   -24745.1 |   2240 | row0/_528_/D
    1134* |       0 |     194 |        0 |      0 |   704 |    +0.2% |  -16.121 |   -24745.1 |   2240 | row0/_528_/D
    1136* |       0 |     194 |        0 |      0 |   704 |    +0.2% |  -16.121 |   -24745.1 |   2240 | row0/_528_/D
    1138* |       0 |     194 |        0 |      0 |   704 |    +0.2% |  -16.121 |   -24745.1 |   2240 | row0/_528_/D
    1139* |       0 |     194 |        0 |      0 |   704 |    +0.2% |  -16.121 |   -24745.1 |   2240 | row0/_528_/D
    1140* |       0 |     194 |        0 |      0 |   704 |    +0.2% |  -16.121 |   -24745.1 |   2240 | row0/_528_/D
    1140* |       0 |     194 |        0 |      0 |   704 |    +0.2% |  -16.121 |   -24745.1 |   2240 | row0/_528_/D
    1141* |       0 |     194 |        0 |      0 |   704 |    +0.2% |  -16.121 |   -24745.1 |   2240 | row0/_528_/D
    1142* |       0 |     194 |        0 |      0 |   704 |    +0.2% |  -16.121 |   -24745.1 |   2240 | row0/_528_/D
    1143* |       0 |     194 |        0 |      0 |   704 |    +0.2% |  -16.121 |   -24745.1 |   2240 | row0/_528_/D
    1144* |       0 |     194 |        0 |      0 |   704 |    +0.2% |  -16.121 |   -24745.1 |   2240 | row0/_528_/D
    1145* |       0 |     194 |        0 |      0 |   704 |    +0.2% |  -16.121 |   -24745.1 |   2240 | row0/_528_/D
    1146* |       0 |     194 |        0 |      0 |   704 |    +0.2% |  -16.121 |   -24745.1 |   2240 | row0/_528_/D
    1147* |       0 |     194 |        0 |      0 |   704 |    +0.2% |  -16.121 |   -24745.1 |   2240 | row0/_528_/D
    1148* |       0 |     194 |        0 |      0 |   704 |    +0.2% |  -16.121 |   -24745.1 |   2240 | row0/_528_/D
    1149* |       0 |     194 |        0 |      0 |   704 |    +0.2% |  -16.121 |   -24745.1 |   2240 | row0/_528_/D
    1150* |       0 |     194 |        0 |      0 |   704 |    +0.2% |  -16.121 |   -24745.1 |   2240 | row0/_528_/D
    1150* |       0 |     194 |        0 |      0 |   704 |    +0.2% |  -16.121 |   -24745.1 |   2240 | row0/_528_/D
    1151* |       0 |     194 |        0 |      0 |   704 |    +0.2% |  -16.121 |   -24745.1 |   2240 | row0/_528_/D
    1152* |       0 |     194 |        0 |      0 |   704 |    +0.2% |  -16.121 |   -24745.1 |   2240 | row0/_528_/D
    1153* |       0 |     194 |        0 |      0 |   704 |    +0.2% |  -16.121 |   -24745.1 |   2240 | row0/_528_/D
    1154* |       0 |     194 |        0 |      0 |   704 |    +0.2% |  -16.121 |   -24745.1 |   2240 | row0/_528_/D
    1155* |       0 |     194 |        0 |      0 |   704 |    +0.2% |  -16.121 |   -24745.1 |   2240 | row0/_528_/D
    1156* |       0 |     194 |        0 |      0 |   704 |    +0.2% |  -16.121 |   -24745.1 |   2240 | row0/_528_/D
    1157* |       0 |     194 |        0 |      0 |   704 |    +0.2% |  -16.121 |   -24745.1 |   2240 | row0/_528_/D
    1158* |       0 |     194 |        0 |      0 |   704 |    +0.2% |  -16.121 |   -24745.1 |   2240 | row0/_528_/D
    1159* |       0 |     194 |        0 |      0 |   704 |    +0.2% |  -16.121 |   -24745.1 |   2240 | row0/_528_/D
    1160* |       0 |     194 |        0 |      0 |   704 |    +0.2% |  -16.121 |   -24745.1 |   2240 | row0/_528_/D
    1160* |       0 |     194 |        0 |      0 |   704 |    +0.2% |  -16.121 |   -24745.1 |   2240 | row0/_528_/D
    1161* |       0 |     194 |        0 |      0 |   704 |    +0.2% |  -16.121 |   -24745.1 |   2240 | row0/_528_/D
    1162* |       0 |     194 |        0 |      0 |   704 |    +0.2% |  -16.121 |   -24745.1 |   2240 | row0/_528_/D
    1163* |       0 |     194 |        0 |      0 |   704 |    +0.2% |  -16.121 |   -24745.1 |   2240 | row0/_528_/D
    1164* |       0 |     194 |        0 |      0 |   704 |    +0.2% |  -16.121 |   -24745.1 |   2240 | row0/_528_/D
    1165* |       0 |     194 |        0 |      0 |   704 |    +0.2% |  -16.121 |   -24745.1 |   2240 | row0/_528_/D
    1166* |       0 |     194 |        0 |      0 |   704 |    +0.2% |  -16.121 |   -24745.1 |   2240 | row0/_528_/D
    1167* |       0 |     194 |        0 |      0 |   704 |    +0.2% |  -16.121 |   -24745.1 |   2240 | row0/_528_/D
    1168* |       0 |     194 |        0 |      0 |   704 |    +0.2% |  -16.121 |   -24745.1 |   2240 | row0/_528_/D
    1169* |       0 |     194 |        0 |      0 |   704 |    +0.2% |  -16.121 |   -24745.1 |   2240 | row0/_528_/D
    1170* |       0 |     194 |        0 |      0 |   704 |    +0.2% |  -16.121 |   -24745.1 |   2240 | row0/_528_/D
    1170* |       0 |     194 |        0 |      0 |   704 |    +0.2% |  -16.121 |   -24745.1 |   2240 | row0/_528_/D
    1171* |       0 |     194 |        0 |      0 |   704 |    +0.2% |  -16.121 |   -24745.1 |   2240 | row0/_528_/D
    1172* |       0 |     194 |        0 |      0 |   704 |    +0.2% |  -16.121 |   -24745.1 |   2240 | row0/_528_/D
    1173* |       0 |     194 |        0 |      0 |   704 |    +0.2% |  -16.121 |   -24745.1 |   2240 | row0/_528_/D
    1174* |       0 |     194 |        0 |      0 |   704 |    +0.2% |  -16.121 |   -24745.1 |   2240 | row0/_528_/D
    1175* |       0 |     194 |        0 |      0 |   704 |    +0.2% |  -16.121 |   -24745.1 |   2240 | row0/_528_/D
    1176* |       0 |     194 |        0 |      0 |   704 |    +0.2% |  -16.121 |   -24745.1 |   2240 | row0/_528_/D
    1177* |       0 |     194 |        0 |      0 |   704 |    +0.2% |  -16.121 |   -24745.1 |   2240 | row0/_528_/D
    1178* |       0 |     194 |        0 |      0 |   704 |    +0.2% |  -16.121 |   -24745.1 |   2240 | row0/_528_/D
    1179* |       0 |     194 |        0 |      0 |   704 |    +0.2% |  -16.121 |   -24745.1 |   2240 | row0/_528_/D
    1180* |       0 |     194 |        0 |      0 |   704 |    +0.2% |  -16.121 |   -24745.1 |   2240 | row0/_528_/D
    1180* |       0 |     194 |        0 |      0 |   704 |    +0.2% |  -16.121 |   -24745.1 |   2240 | row0/_528_/D
    1181* |       0 |     194 |        0 |      0 |   704 |    +0.2% |  -16.121 |   -24745.1 |   2240 | row0/_528_/D
    1182* |       0 |     194 |        0 |      0 |   704 |    +0.2% |  -16.121 |   -24745.1 |   2240 | row0/_528_/D
    1183* |       0 |     194 |        0 |      0 |   704 |    +0.2% |  -16.121 |   -24745.1 |   2240 | row0/_528_/D
    1184* |       0 |     194 |        0 |      0 |   704 |    +0.2% |  -16.121 |   -24745.1 |   2240 | row0/_528_/D
    1185* |       0 |     194 |        0 |      0 |   704 |    +0.2% |  -16.121 |   -24745.1 |   2240 | row0/_528_/D
    1186* |       0 |     194 |        0 |      0 |   704 |    +0.2% |  -16.121 |   -24745.1 |   2240 | row0/_528_/D
    1187* |       0 |     194 |        0 |      0 |   704 |    +0.2% |  -16.121 |   -24745.1 |   2240 | row0/_528_/D
    1188* |       0 |     194 |        0 |      0 |   704 |    +0.2% |  -16.121 |   -24745.1 |   2240 | row0/_528_/D
    1189* |       0 |     194 |        0 |      0 |   704 |    +0.2% |  -16.121 |   -24745.1 |   2240 | row0/_528_/D
    1190* |       0 |     194 |        0 |      0 |   704 |    +0.2% |  -16.121 |   -24745.1 |   2240 | row0/_528_/D
    1190* |       0 |     194 |        0 |      0 |   704 |    +0.2% |  -16.121 |   -24745.1 |   2240 | row0/_528_/D
    1191* |       0 |     194 |        0 |      0 |   704 |    +0.2% |  -16.121 |   -24745.1 |   2240 | row0/_528_/D
    1192* |       0 |     194 |        0 |      0 |   704 |    +0.2% |  -16.121 |   -24745.1 |   2240 | row0/_528_/D
    1193* |       0 |     194 |        0 |      0 |   704 |    +0.2% |  -16.121 |   -24745.1 |   2240 | row0/_528_/D
    1194* |       0 |     194 |        0 |      0 |   704 |    +0.2% |  -16.121 |   -24745.1 |   2240 | row0/_528_/D
    1195* |       0 |     194 |        0 |      0 |   704 |    +0.2% |  -16.121 |   -24745.1 |   2240 | row0/_528_/D
    1196* |       0 |     194 |        0 |      0 |   704 |    +0.2% |  -16.121 |   -24745.1 |   2240 | row0/_528_/D
    1197* |       0 |     194 |        0 |      0 |   704 |    +0.2% |  -16.121 |   -24745.1 |   2240 | row0/_528_/D
    1198* |       0 |     194 |        0 |      0 |   704 |    +0.2% |  -16.121 |   -24745.1 |   2240 | row0/_528_/D
    1199* |       0 |     194 |        0 |      0 |   704 |    +0.2% |  -16.121 |   -24745.1 |   2240 | row0/_528_/D
    1200* |       0 |     194 |        0 |      0 |   704 |    +0.2% |  -16.121 |   -24745.1 |   2240 | row0/_528_/D
    1200* |       0 |     194 |        0 |      0 |   704 |    +0.2% |  -16.121 |   -24745.1 |   2240 | row0/_528_/D
    1200* |       0 |     194 |        0 |      0 |   704 |    +0.2% |  -16.121 |   -24745.1 |   2240 | row0/_528_/D
    final |       0 |     194 |        0 |      0 |   704 |    +0.2% |  -16.121 |   -24745.1 |   2240 | row0/_528_/D
------------------------------------------------------------------------------------------------------------------------------
[INFO RSZ-0051] Resized 194 instances: 194 up, 0 up match, 0 down, 0 VT
[INFO RSZ-0043] Swapped pins on 704 instances.
[WARNING RSZ-0062] Unable to repair all setup violations.
[INFO RSZ-0505] Runtime: 34.40s
Took 34 seconds: repair_timing -setup_margin 0 -hold_margin 0 -repair_tns 100 -match_cell_footprint -setup -skip_last_gasp -sequence unbuffer,sizeup,swap,vt_swap -verbose
Default units for flow
 time 1ns
 capacitance 1pF
 resistance 1kohm
 voltage 1v
 current 1mA
 power 1nW
 distance 1um
   Layer   | Unit Resistance | Unit Capacitance 
           |       (kohm/um) |          (pF/um)
------------------------------------------------
       li1 |        7.18e-02 |         1.50e-04
      met1 |        1.21e-03 |         1.72e-04
      met2 |        1.22e-03 |         1.36e-04
      met3 |        1.66e-04 |         2.15e-04
      met4 |        1.68e-04 |         1.48e-04
      met5 |        1.84e-05 |         1.54e-04
------------------------------------------------

   Layer   | Via Resistance 
           |         (kohm) 
----------------------------
      mcon |       9.25e-03 
       via |       4.50e-03 
      via2 |       3.37e-03 
      via3 |       3.77e-04 
      via4 |       5.80e-06 
----------------------------
Report metrics stage 2, floorplan final...

==========================================================================
floorplan final report_design_area
--------------------------------------------------------------------------
Design area 230092 um^2 80% utilization.
write_db /work/orfs/results/sky130hd/g3_pc_n64_u75/base/2_1_floorplan.odb
write_sdc -no_timestamp /work/orfs/results/sky130hd/g3_pc_n64_u75/base/2_1_floorplan.sdc
Elapsed time: 0:37.54[h:]min:sec. CPU time: user 43.99 sys 4.65 (129%). Peak memory: 215368KB.
Log                       Ext     Elapsed/s Peak Memory/MB sha1sum result [0:20)
2_1_floorplan             .odb           37            210 50f7347df9f0aa2fe953
2_1_floorplan             .sdc                             3cafb83be852b96459ae
/OpenROAD-flow-scripts/flow/scripts/flow.sh 2_2_floorplan_macro macro_place
Running macro_place.tcl, stage 2_2_floorplan_macro
read_liberty /OpenROAD-flow-scripts/flow/platforms/sky130hd/lib/sky130_fd_sc_hd__tt_025C_1v80.lib
read_db /work/orfs/results/sky130hd/g3_pc_n64_u75/base/2_1_floorplan.odb
read_sdc /work/orfs/results/sky130hd/g3_pc_n64_u75/base/2_1_floorplan.sdc
source /OpenROAD-flow-scripts/flow/platforms/sky130hd/setRC.tcl
No macros found: Skipping macro_placement
Design area 230092 um^2 80% utilization.
write_db /work/orfs/results/sky130hd/g3_pc_n64_u75/base/2_2_floorplan_macro.odb
Elapsed time: 0:00.66[h:]min:sec. CPU time: user 0.54 sys 0.11 (98%). Peak memory: 133680KB.
Log                       Ext     Elapsed/s Peak Memory/MB sha1sum result [0:20)
2_2_floorplan_macro       .odb            0            130 50f7347df9f0aa2fe953
/OpenROAD-flow-scripts/flow/scripts/flow.sh 2_3_floorplan_tapcell tapcell
Running tapcell.tcl, stage 2_3_floorplan_tapcell
read_liberty /OpenROAD-flow-scripts/flow/platforms/sky130hd/lib/sky130_fd_sc_hd__tt_025C_1v80.lib
read_db /work/orfs/results/sky130hd/g3_pc_n64_u75/base/2_2_floorplan_macro.odb
read_sdc /work/orfs/results/sky130hd/g3_pc_n64_u75/base/2_1_floorplan.sdc
source /OpenROAD-flow-scripts/flow/platforms/sky130hd/setRC.tcl
[INFO TAP-0005] Inserted 3781 tapcells.
Design area 234823 um^2 82% utilization.
write_db /work/orfs/results/sky130hd/g3_pc_n64_u75/base/2_3_floorplan_tapcell.odb
Elapsed time: 0:00.61[h:]min:sec. CPU time: user 0.52 sys 0.08 (97%). Peak memory: 132752KB.
Log                       Ext     Elapsed/s Peak Memory/MB sha1sum result [0:20)
2_3_floorplan_tapcell     .odb            0            129 8780fb9459e3e08efdd5
/OpenROAD-flow-scripts/flow/scripts/flow.sh 2_4_floorplan_pdn pdn
Running pdn.tcl, stage 2_4_floorplan_pdn
read_liberty /OpenROAD-flow-scripts/flow/platforms/sky130hd/lib/sky130_fd_sc_hd__tt_025C_1v80.lib
read_db /work/orfs/results/sky130hd/g3_pc_n64_u75/base/2_3_floorplan_tapcell.odb
read_sdc /work/orfs/results/sky130hd/g3_pc_n64_u75/base/2_1_floorplan.sdc
source /OpenROAD-flow-scripts/flow/platforms/sky130hd/setRC.tcl
[WARNING PDN-1051] No instances found for grid (CORE_macro_grid_1).
[WARNING PDN-1051] No instances found for grid (CORE_macro_grid_2).
[INFO PDN-0001] Inserting grid: grid
[INFO PDN-0500] Runtime: 0.13s
Design area 234823 um^2 82% utilization.
write_db /work/orfs/results/sky130hd/g3_pc_n64_u75/base/2_4_floorplan_pdn.odb
Elapsed time: 0:01.18[h:]min:sec. CPU time: user 1.04 sys 0.11 (98%). Peak memory: 144080KB.
Log                       Ext     Elapsed/s Peak Memory/MB sha1sum result [0:20)
2_4_floorplan_pdn         .odb            1            140 e4ee56ba7b7cb5e9513b
cp /work/orfs/results/sky130hd/g3_pc_n64_u75/base/2_4_floorplan_pdn.odb /work/orfs/results/sky130hd/g3_pc_n64_u75/base/2_floorplan.odb
cp /work/orfs/results/sky130hd/g3_pc_n64_u75/base/2_1_floorplan.sdc /work/orfs/results/sky130hd/g3_pc_n64_u75/base/2_floorplan.sdc
/OpenROAD-flow-scripts/flow/scripts/flow.sh 3_1_place_gp_skip_io global_place_skip_io
Running global_place_skip_io.tcl, stage 3_1_place_gp_skip_io
read_liberty /OpenROAD-flow-scripts/flow/platforms/sky130hd/lib/sky130_fd_sc_hd__tt_025C_1v80.lib
read_db /work/orfs/results/sky130hd/g3_pc_n64_u75/base/2_floorplan.odb
read_sdc /work/orfs/results/sky130hd/g3_pc_n64_u75/base/2_floorplan.sdc
source /OpenROAD-flow-scripts/flow/platforms/sky130hd/setRC.tcl
global_placement -skip_io -density 0.6 -pad_left 0 -pad_right 0
[INFO GPL-0001] ---- Initialize GPL Main Data Structures
[INFO GPL-0002] DBU: 1000
[INFO GPL-0003] SiteSize: (  0.460  2.720 ) um
[INFO GPL-0004] CoreBBox: (  2.300  2.720 ) ( 538.660 538.560 ) um
[INFO GPL-0016] Core area:                  287403.142 um^2
[INFO GPL-0036] Movable instances area:     230091.926 um^2
[INFO GPL-0037] Total instances area:       234822.714 um^2
[INFO GPL-0035] Pin density area adjust:     13185.106 um^2
[INFO GPL-0032] ---- Initialize Region: Top-level
[INFO GPL-0006] Number of instances:             26832
[INFO GPL-0007] Movable instances:               23051
[INFO GPL-0008] Fixed instances:                  3781
[INFO GPL-0009] Dummy instances:                     0
[INFO GPL-0010] Number of nets:                  23117
[INFO GPL-0011] Number of pins:                  71069
[INFO GPL-0012] Die BBox:       (  0.000  0.000 ) ( 540.745 540.745 ) um
[INFO GPL-0013] Placement BBox: (  2.300  2.720 ) ( 538.660 538.560 ) um
[INFO GPL-0014] Region name: top-level.
[INFO GPL-0015] Region area:                287403.142 um^2
[INFO GPL-0017] Fixed instances area:         4730.787 um^2
[INFO GPL-0018] Movable instances area:     243277.032 um^2
[INFO GPL-0019] Utilization:                    86.063 %
[INFO GPL-0020] Standard cells area:        243277.032 um^2
[INFO GPL-0021] Large instances area:            0.000 um^2
[INFO GPL-0005] ---- Execute Conjugate Gradient Initial Placement.
[INFO GPL-0051] Source of initial instance position counters:
	Odb location = 0	Core center = 23051	Region center = 0
[INFO GPL-0033] ---- Initialize Nesterov Region: Top-level
[WARNING GPL-0302] Target density 0.6000 is too low for the available free area.
Automatically adjusting to uniform density 0.8700.
[INFO GPL-0023] Placement target density:       0.8700
[INFO GPL-0024] Movable insts average area:     10.554 um^2
[INFO GPL-0025] Ideal bin area:                 12.131 um^2
[INFO GPL-0026] Ideal bin count:                 23691
[INFO GPL-0027] Total bin area:             287403.142 um^2
[INFO GPL-0028] Bin count (X, Y):         128 ,    128
[INFO GPL-0029] Bin size (W * H):       4.190 *  4.186 um
[INFO GPL-0030] Number of bins:                  16384
[INFO GPL-0084] ---- Execute Nesterov Global Placement.
[INFO GPL-0031] HPWL: Half-Perimeter Wirelength
Iteration | Overflow |     HPWL (um) |  HPWL(%) |   Penalty | Group
---------------------------------------------------------------
        0 |   0.9993 |  5.482175e+04 |   +0.00% |  9.41e-16 |      
       10 |   0.9990 |  4.091004e+04 |  -25.38% |  1.53e-15 |      
       20 |   0.9988 |  3.919001e+04 |   -4.20% |  2.50e-15 |      
       30 |   0.9987 |  3.860075e+04 |   -1.50% |  4.07e-15 |      
       40 |   0.9985 |  3.838694e+04 |   -0.55% |  6.63e-15 |      
       50 |   0.9984 |  3.833708e+04 |   -0.13% |  1.08e-14 |      
       60 |   0.9983 |  3.835704e+04 |   +0.05% |  1.76e-14 |      
       70 |   0.9982 |  3.845001e+04 |   +0.24% |  2.86e-14 |      
       80 |   0.9980 |  3.874173e+04 |   +0.76% |  4.67e-14 |      
       90 |   0.9978 |  3.963922e+04 |   +2.32% |  7.60e-14 |      
      100 |   0.9974 |  4.220408e+04 |   +6.47% |  1.24e-13 |      
      110 |   0.9964 |  4.712016e+04 |  +11.65% |  2.01e-13 |      
      120 |   0.9947 |  5.453998e+04 |  +15.75% |  3.28e-13 |      
      130 |   0.9924 |  6.499563e+04 |  +19.17% |  5.34e-13 |      
      140 |   0.9886 |  7.850464e+04 |  +20.78% |  8.68e-13 |      
      150 |   0.9827 |  9.505762e+04 |  +21.09% |  1.41e-12 |      
      160 |   0.9734 |  1.147097e+05 |  +20.67% |  2.29e-12 |      
      170 |   0.9584 |  1.367771e+05 |  +19.24% |  3.73e-12 |      
      180 |   0.9351 |  1.601458e+05 |  +17.09% |  6.06e-12 |      
      190 |   0.9025 |  1.842808e+05 |  +15.07% |  9.84e-12 |      
      200 |   0.8587 |  2.069036e+05 |  +12.28% |  1.60e-11 |      
      210 |   0.8087 |  2.243054e+05 |   +8.41% |  2.60e-11 |      
      220 |   0.7617 |  2.370605e+05 |   +5.69% |  4.23e-11 |      
      230 |   0.7168 |  2.505146e+05 |   +5.68% |  6.88e-11 |      
      240 |   0.6737 |  2.630788e+05 |   +5.02% |  1.12e-10 |      
      250 |   0.6217 |  2.722046e+05 |   +3.47% |  1.82e-10 |      
      260 |   0.5876 |  2.776859e+05 |   +2.01% |  2.96e-10 |      
      270 |   0.5518 |  2.876100e+05 |   +3.57% |  4.82e-10 |      
      280 |   0.5205 |  2.918241e+05 |   +1.47% |  7.85e-10 |      
      290 |   0.4998 |  2.885123e+05 |   -1.13% |  1.28e-09 |      
      300 |   0.4735 |  2.912059e+05 |   +0.93% |  2.08e-09 |      
      310 |   0.4350 |  2.943263e+05 |   +1.07% |  3.39e-09 |      
      320 |   0.4016 |  2.994113e+05 |   +1.73% |  5.52e-09 |      
      330 |   0.3771 |  2.935673e+05 |   -1.95% |  8.98e-09 |      
      340 |   0.3407 |  2.902139e+05 |   -1.14% |  1.43e-08 |      
      350 |   0.3170 |  2.841376e+05 |   -2.09% |  2.11e-08 |      
      360 |   0.2893 |  2.779668e+05 |   -2.17% |  3.11e-08 |      
      370 |   0.2592 |  2.736750e+05 |   -1.54% |  4.58e-08 |      
      380 |   0.2302 |  2.698715e+05 |   -1.39% |  6.75e-08 |      
      390 |   0.2048 |  2.670675e+05 |   -1.04% |  9.95e-08 |      
      400 |   0.1811 |  2.651044e+05 |   -0.74% |  1.47e-07 |      
      410 |   0.1586 |  2.643048e+05 |   -0.30% |  2.16e-07 |      
      420 |   0.1385 |  2.636495e+05 |   -0.25% |  3.18e-07 |      
      430 |   0.1205 |  2.634136e+05 |   -0.09% |  4.69e-07 |      
      440 |   0.1047 |  2.633875e+05 |   -0.01% |  6.90e-07 |      
      444 |   0.0991 |  2.635658e+05 |          |  8.38e-07 |      
---------------------------------------------------------------
[INFO GPL-1001] Global placement finished at iteration 444
[INFO GPL-1002] Placed Cell Area            243277.0323
[INFO GPL-1003] Available Free Area         282672.3552
[INFO GPL-1004] Minimum Feasible Density        0.8700 (cell_area / free_area)
[INFO GPL-1006]   Suggested Target Densities:
[INFO GPL-1007]     - For 90% usage of free space: 0.9563
[INFO GPL-1008]     - For 80% usage of free space: 1.0758
[INFO GPL-1014] Final placement area: 243277.03 (+0.00%)
[INFO GPL-1018] Final HPWL (um): 264623.68
Design area 234823 um^2 82% utilization.
write_db /work/orfs/results/sky130hd/g3_pc_n64_u75/base/3_1_place_gp_skip_io.odb
Elapsed time: 0:04.87[h:]min:sec. CPU time: user 6.64 sys 0.36 (143%). Peak memory: 172512KB.
Log                       Ext     Elapsed/s Peak Memory/MB sha1sum result [0:20)
3_1_place_gp_skip_io      .odb            4            168 3138cd7866ee979ae0af
/OpenROAD-flow-scripts/flow/scripts/flow.sh 3_2_place_iop io_placement
Running io_placement.tcl, stage 3_2_place_iop
read_liberty /OpenROAD-flow-scripts/flow/platforms/sky130hd/lib/sky130_fd_sc_hd__tt_025C_1v80.lib
read_db /work/orfs/results/sky130hd/g3_pc_n64_u75/base/3_1_place_gp_skip_io.odb
read_sdc /work/orfs/results/sky130hd/g3_pc_n64_u75/base/2_floorplan.sdc
source /OpenROAD-flow-scripts/flow/platforms/sky130hd/setRC.tcl
place_pins -hor_layers met3 -ver_layers met2
Found 0 macro blocks.
Using 2 tracks default min distance between IO pins.
[INFO PPL-0001] Number of available slots 1960
[INFO PPL-0002] Number of I/O             194
[INFO PPL-0003] Number of I/O w/sink      194
[INFO PPL-0004] Number of I/O w/o sink    0
[INFO PPL-0005] Slots per section         200
[INFO PPL-0008] Successfully assigned pins to sections.
[INFO PPL-0012] I/O nets HPWL: 16281.87 um.
Design area 234823 um^2 82% utilization.
write_db /work/orfs/results/sky130hd/g3_pc_n64_u75/base/3_2_place_iop.odb
Elapsed time: 0:00.62[h:]min:sec. CPU time: user 0.52 sys 0.08 (97%). Peak memory: 138756KB.
Log                       Ext     Elapsed/s Peak Memory/MB sha1sum result [0:20)
3_2_place_iop             .odb            0            135 a30b2371dd3282e0e6a3
/OpenROAD-flow-scripts/flow/scripts/flow.sh 3_3_place_gp global_place
Running global_place.tcl, stage 3_3_place_gp
read_liberty /OpenROAD-flow-scripts/flow/platforms/sky130hd/lib/sky130_fd_sc_hd__tt_025C_1v80.lib
read_db /work/orfs/results/sky130hd/g3_pc_n64_u75/base/3_2_place_iop.odb
read_sdc /work/orfs/results/sky130hd/g3_pc_n64_u75/base/2_floorplan.sdc
source /OpenROAD-flow-scripts/flow/platforms/sky130hd/setRC.tcl
[INFO RSZ-0026] Removed 0 buffers.
Perform port buffering...
[INFO RSZ-0027] Inserted 65 sky130_fd_sc_hd__clkdlybuf4s50_1 input buffers.
[INFO RSZ-0028] Inserted 128 sky130_fd_sc_hd__clkdlybuf4s50_1 output buffers.
global_placement -density 0.6 -pad_left 0 -pad_right 0 -routability_driven -timing_driven -force_center_initial_place -min_phi_coef 0.95 -max_phi_coef 1.05
[INFO GPL-0001] ---- Initialize GPL Main Data Structures
[INFO GPL-0002] DBU: 1000
[INFO GPL-0003] SiteSize: (  0.460  2.720 ) um
[INFO GPL-0004] CoreBBox: (  2.300  2.720 ) ( 538.660 538.560 ) um
[INFO GPL-0016] Core area:                  287403.142 um^2
[INFO GPL-0036] Movable instances area:     232023.779 um^2
[INFO GPL-0037] Total instances area:       236754.566 um^2
[INFO GPL-0035] Pin density area adjust:     13454.238 um^2
[INFO GPL-0032] ---- Initialize Region: Top-level
[INFO GPL-0006] Number of instances:             27025
[INFO GPL-0007] Movable instances:               23244
[INFO GPL-0008] Fixed instances:                  3781
[INFO GPL-0009] Dummy instances:                     0
[INFO GPL-0010] Number of nets:                  23310
[INFO GPL-0011] Number of pins:                  71649
[INFO GPL-0012] Die BBox:       (  0.000  0.000 ) ( 540.745 540.745 ) um
[INFO GPL-0013] Placement BBox: (  2.300  2.720 ) ( 538.660 538.560 ) um
[INFO GPL-0014] Region name: top-level.
[INFO GPL-0015] Region area:                287403.142 um^2
[INFO GPL-0017] Fixed instances area:         4730.787 um^2
[INFO GPL-0018] Movable instances area:     245478.017 um^2
[INFO GPL-0019] Utilization:                    86.842 %
[INFO GPL-0020] Standard cells area:        245478.017 um^2
[INFO GPL-0021] Large instances area:            0.000 um^2
[INFO GPL-0005] ---- Execute Conjugate Gradient Initial Placement.
[INFO GPL-0051] Source of initial instance position counters:
	Odb location = 0	Core center = 23244	Region center = 0
[InitialPlace]  Iter: 1 conjugate gradient residual: 0.00038695 HPWL: 460658849
[InitialPlace]  Iter: 2 conjugate gradient residual: 0.00030747 HPWL: 281481411
[InitialPlace]  Iter: 3 conjugate gradient residual: 0.00025941 HPWL: 283674779
[InitialPlace]  Iter: 4 conjugate gradient residual: 0.00026253 HPWL: 284582264
[InitialPlace]  Iter: 5 conjugate gradient residual: 0.00017982 HPWL: 284988418
[InitialPlace]  Iter: 6 conjugate gradient residual: 0.00016657 HPWL: 285171208
[InitialPlace]  Iter: 7 conjugate gradient residual: 0.00015227 HPWL: 285249342
[InitialPlace]  Iter: 8 conjugate gradient residual: 0.00016218 HPWL: 285300364
[InitialPlace]  Iter: 9 conjugate gradient residual: 0.00013963 HPWL: 285306175
[InitialPlace]  Iter: 10 conjugate gradient residual: 0.00013377 HPWL: 285341977
[InitialPlace]  Iter: 11 conjugate gradient residual: 0.00011620 HPWL: 285309900
[InitialPlace]  Iter: 12 conjugate gradient residual: 0.00013235 HPWL: 285327375
[InitialPlace]  Iter: 13 conjugate gradient residual: 0.00011949 HPWL: 285315937
[InitialPlace]  Iter: 14 conjugate gradient residual: 0.00011657 HPWL: 285328074
[InitialPlace]  Iter: 15 conjugate gradient residual: 0.00010801 HPWL: 285301705
[InitialPlace]  Iter: 16 conjugate gradient residual: 0.00011369 HPWL: 285314011
[InitialPlace]  Iter: 17 conjugate gradient residual: 0.00010699 HPWL: 285283750
[InitialPlace]  Iter: 18 conjugate gradient residual: 0.00010340 HPWL: 285293609
[InitialPlace]  Iter: 19 conjugate gradient residual: 0.00009565 HPWL: 285259070
[InitialPlace]  Iter: 20 conjugate gradient residual: 0.00009534 HPWL: 285283014
[INFO GPL-0033] ---- Initialize Nesterov Region: Top-level
[WARNING GPL-0302] Target density 0.6000 is too low for the available free area.
Automatically adjusting to uniform density 0.8700.
[INFO GPL-0023] Placement target density:       0.8700
[INFO GPL-0024] Movable insts average area:     10.561 um^2
[INFO GPL-0025] Ideal bin area:                 12.139 um^2
[INFO GPL-0026] Ideal bin count:                 23676
[INFO GPL-0027] Total bin area:             287403.142 um^2
[INFO GPL-0028] Bin count (X, Y):         128 ,    128
[INFO GPL-0029] Bin size (W * H):       4.190 *  4.186 um
[INFO GPL-0030] Number of bins:                  16384
[INFO GPL-0084] ---- Execute Nesterov Global Placement.
[INFO GPL-0031] HPWL: Half-Perimeter Wirelength
Iteration | Overflow |     HPWL (um) |  HPWL(%) |   Penalty | Group
---------------------------------------------------------------
        0 |   0.9848 |  1.105131e+05 |   +0.00% |  1.70e-16 |      
       10 |   0.9498 |  1.404790e+05 |  +27.12% |  2.75e-16 |      
       20 |   0.9330 |  1.521212e+05 |   +8.29% |  4.48e-16 |      
       30 |   0.9169 |  1.619761e+05 |   +6.48% |  7.29e-16 |      
       40 |   0.9026 |  1.697992e+05 |   +4.83% |  1.19e-15 |      
       50 |   0.8924 |  1.735389e+05 |   +2.20% |  1.93e-15 |      
       60 |   0.8857 |  1.742814e+05 |   +0.43% |  3.15e-15 |      
       70 |   0.8806 |  1.740056e+05 |   -0.16% |  5.12e-15 |      
       80 |   0.8758 |  1.743718e+05 |   +0.21% |  8.35e-15 |      
       90 |   0.8716 |  1.755794e+05 |   +0.69% |  1.36e-14 |      
      100 |   0.8690 |  1.767315e+05 |   +0.66% |  2.21e-14 |      
      110 |   0.8678 |  1.772294e+05 |   +0.28% |  3.61e-14 |      
      120 |   0.8676 |  1.772304e+05 |   +0.00% |  5.87e-14 |      
      130 |   0.8681 |  1.768328e+05 |   -0.22% |  9.57e-14 |      
      140 |   0.8691 |  1.762770e+05 |   -0.31% |  1.56e-13 |      
      150 |   0.8703 |  1.757977e+05 |   -0.27% |  2.54e-13 |      
      160 |   0.8710 |  1.755657e+05 |   -0.13% |  4.13e-13 |      
      170 |   0.8706 |  1.758851e+05 |   +0.18% |  6.73e-13 |      
      180 |   0.8685 |  1.771555e+05 |   +0.72% |  1.10e-12 |      
      190 |   0.8630 |  1.797370e+05 |   +1.46% |  1.79e-12 |      
      200 |   0.8543 |  1.839837e+05 |   +2.36% |  2.91e-12 |      
      210 |   0.8418 |  1.901474e+05 |   +3.35% |  4.73e-12 |      
      220 |   0.8232 |  1.984597e+05 |   +4.37% |  7.70e-12 |      
      230 |   0.7918 |  2.088120e+05 |   +5.22% |  1.25e-11 |      
      240 |   0.7519 |  2.200751e+05 |   +5.39% |  2.04e-11 |      
      250 |   0.7106 |  2.309657e+05 |   +4.95% |  3.32e-11 |      
      260 |   0.6694 |  2.394405e+05 |   +3.67% |  5.40e-11 |      
      270 |   0.6364 |  2.447696e+05 |   +2.23% |  8.79e-11 |      
[INFO GPL-0100] Timing-driven iteration 1/2, virtual: false.
[INFO GPL-0101]    Iter: 272, overflow: 0.633, keep resizer changes at: 1, HPWL: 245097926
Iteration |   Area    | Resized | Buffers | Nets repaired | Remaining
---------------------------------------------------------------------
        0 |     +0.0% |       0 |       0 |             0 |     26960
    final |     +1.2% |     154 |     171 |           125 |         0
---------------------------------------------------------------------
[INFO RSZ-0034] Found 125 slew violations.
[INFO RSZ-0035] Found 16 fanout violations.
[INFO RSZ-0039] Resized 154 instances.
[INFO RSZ-0038] Inserted 171 buffers in 125 nets.
   Iter   |    Area   | Removed | Inserted |   Pins
          |           | Buffers | Buffers  | Remaining
-------------------------------------------------------
        0 |     +0.0% |       0 |        0 |     18348
     1800 |     +1.1% |       0 |      361 |     16548
     3600 |     +2.3% |       0 |      718 |     14748
     5400 |     +3.4% |       0 |     1088 |     12948
     7200 |     +4.3% |       0 |     1364 |     11148
     9000 |     +5.9% |       0 |     1869 |      9348
    10800 |     +8.0% |       0 |     2551 |      7548
    12600 |    +10.1% |       0 |     3207 |      5748
    14400 |    +11.1% |       0 |     3547 |      3948
    16200 |    +12.7% |      40 |     4043 |      2148
    18000 |    +12.7% |      40 |     4043 |       348
    final |    +13.7% |     171 |     4496 |         0
-------------------------------------------------------
[INFO GPL-0106] Timing-driven: worst slack -2.923465e-09
[INFO GPL-0107] Timing-driven: repair_design delta area: 35686.074 um^2 (+14.54%)
[INFO GPL-0108] Timing-driven: repair_design, gpl delta gcells: 4496 (+19.34%)
[INFO GPL-0109] Timing-driven: repair_design, gcells created: 4667, deleted: 171
[INFO GPL-0110] Timing-driven: new target density: 0.9962454
[INFO GPL-0038] Routability snapshot saved at iter = 280
      279 |   0.5993 |  3.208026e+05 |          |           |      
Iteration | Overflow |     HPWL (um) |  HPWL(%) |   Penalty | Group
---------------------------------------------------------------
      280 |   0.5962 |  3.225004e+05 |  +31.76% |  1.42e-10 |      
      290 |   0.5738 |  3.301048e+05 |   +2.36% |  2.31e-10 |      
      300 |   0.5544 |  3.348264e+05 |   +1.43% |  3.76e-10 |      
      310 |   0.5276 |  3.415354e+05 |   +2.00% |  6.12e-10 |      
      320 |   0.4947 |  3.502846e+05 |   +2.56% |  9.97e-10 |      
      330 |   0.4602 |  3.594663e+05 |   +2.62% |  1.62e-09 |      
      340 |   0.4261 |  3.659602e+05 |   +1.81% |  2.64e-09 |      
      350 |   0.3956 |  3.698102e+05 |   +1.05% |  4.30e-09 |      
      360 |   0.3671 |  3.708956e+05 |   +0.29% |  7.00e-09 |      
      370 |   0.3439 |  3.716606e+05 |   +0.21% |  1.13e-08 |      
      380 |   0.3194 |  3.776483e+05 |   +1.61% |  1.66e-08 |      
      390 |   0.3034 |  3.760825e+05 |   -0.41% |  2.45e-08 |      
[INFO GPL-0040] Routability iteration: 1
[WARNING GRT-0281] Net clk has a large fanout of 2314 terminals.
[INFO GPL-0088] Tiles the placer can act on: 5254 of 6084 (86.36%)
[INFO GPL-0041] Total routing overflow: 17.5463
[INFO GPL-0042] Number of overflowed tiles: 116 (2.21%)
[INFO GPL-0043] Average top 0.5% routing congestion: 1.3426
[INFO GPL-0044] Average top 1.0% routing congestion: 1.2577
[INFO GPL-0045] Average top 2.0% routing congestion: 1.1643
[INFO GPL-0046] Average top 5.0% routing congestion: 1.0271
[INFO GPL-0047] Routability iteration weighted routing congestion: 1.3001
[INFO GPL-0048] Routing congestion (1.3001) lower than previous minimum (1e+30). Updating minimum.
[INFO GPL-0086] Inflated area:                7056.358 um^2 (+2.51%)
[INFO GPL-0052] Placement target density:       0.9962
[INFO GPL-0076] Removing fillers, count: Before: 42, After: 0 (-100.00%)
[INFO GPL-0077] Filler area (um^2)     : Before: 446.937, After: 0.000 (-100.00%)
[INFO GPL-0078] Removed fillers count: 42, area removed: 442.313 um^2. Remaining area to be compensated by modifying density: 6614.045 um^2
[INFO GPL-0079] New target density: 1.0196272
[INFO GPL-0053] Target density 1.0196 exceeds the maximum allowed 0.9900.
[INFO GPL-0055] Reverting inflation values and target density from the iteration with minimum observed routing congestion.
[INFO GPL-0056] Minimum observed routing congestion: 1.3001
[INFO GPL-0057] Target density at minimum routing congestion: 0.9962
[INFO GPL-0080] Restoring 42 previously removed fillers.
[INFO GPL-0081] Number of fillers before restoration 0 and after 42 . Relative change: +0.00%%
[INFO GPL-0082] Total filler area before restoration 0.00 and after 442.31 (um^2). Relative change: +0.00%%
[INFO GPL-0089] Routability finished. Reverting to minimal observed routing congestion, could not reach target.
Iteration | Overflow |     HPWL (um) |  HPWL(%) |   Penalty | Group
---------------------------------------------------------------
      400 |   0.5799 |  3.284275e+05 |   +0.00% |  1.86e-10 |      
      410 |   0.5646 |  3.317618e+05 |   +1.02% |  2.74e-10 |      
      420 |   0.5465 |  3.355062e+05 |   +1.13% |  4.04e-10 |      
      430 |   0.5269 |  3.408989e+05 |   +1.61% |  5.94e-10 |      
      440 |   0.5005 |  3.482219e+05 |   +2.15% |  8.75e-10 |      
      450 |   0.4713 |  3.544575e+05 |   +1.79% |  1.29e-09 |      
      460 |   0.4460 |  3.580955e+05 |   +1.03% |  1.90e-09 |      
      470 |   0.4241 |  3.601568e+05 |   +0.58% |  2.79e-09 |      
      480 |   0.4001 |  3.616421e+05 |   +0.41% |  4.12e-09 |      
      490 |   0.3764 |  3.632283e+05 |   +0.44% |  6.06e-09 |      
      500 |   0.3588 |  3.678387e+05 |   +1.27% |  8.93e-09 |      
      510 |   0.3386 |  3.717042e+05 |   +1.05% |  1.31e-08 |      
      520 |   0.3156 |  3.710427e+05 |   -0.18% |  1.94e-08 |      
      530 |   0.2863 |  3.704311e+05 |   -0.16% |  2.85e-08 |      
      540 |   0.2612 |  3.707923e+05 |   +0.10% |  4.20e-08 |      
      550 |   0.2340 |  3.707638e+05 |   -0.01% |  6.19e-08 |      
      560 |   0.2105 |  3.704050e+05 |   -0.10% |  9.12e-08 |      
[INFO GPL-0100] Timing-driven iteration 2/2, virtual: false.
[INFO GPL-0101]    Iter: 567, overflow: 0.195, keep resizer changes at: 1, HPWL: 370735310
Iteration |   Area    | Resized | Buffers | Nets repaired | Remaining
---------------------------------------------------------------------
        0 |     +0.0% |       0 |       0 |             0 |     31456
    final |     +0.0% |       0 |       0 |             0 |         0
---------------------------------------------------------------------
   Iter   |    Area   | Removed | Inserted |   Pins
          |           | Buffers | Buffers  | Remaining
-------------------------------------------------------
        0 |     +0.0% |       0 |        0 |     18348
     1800 |     +0.2% |     361 |      424 |     16548
     3600 |     +0.2% |     718 |      795 |     14748
     5400 |     +0.5% |    1088 |     1279 |     12948
     7200 |     +0.6% |    1364 |     1599 |     11148
     9000 |     +0.7% |    1869 |     2117 |      9348
    10800 |     +0.7% |    2551 |     2787 |      7548
    12600 |     +0.6% |    3207 |     3418 |      5748
    14400 |     +0.4% |    3547 |     3684 |      3948
    16200 |     +1.0% |    4043 |     4250 |      2148
    18000 |     +1.0% |    4043 |     4250 |       348
    final |     +2.0% |    4496 |     4886 |         0
-------------------------------------------------------
[INFO GPL-0106] Timing-driven: worst slack -2.5223315e-09
[INFO GPL-0107] Timing-driven: repair_design delta area: 5442.720 um^2 (+1.94%)
[INFO GPL-0108] Timing-driven: repair_design, gpl delta gcells: 390 (+1.41%)
[INFO GPL-0109] Timing-driven: repair_design, gcells created: 4886, deleted: 4496
[INFO GPL-0110] Timing-driven: new target density: 1.0154835
Iteration | Overflow |     HPWL (um) |  HPWL(%) |   Penalty | Group
---------------------------------------------------------------
      570 |   0.1837 |  4.194960e+05 |  +13.25% |  1.34e-07 |      
      580 |   0.1624 |  4.020871e+05 |   -4.15% |  1.97e-07 |      
      590 |   0.1438 |  3.992737e+05 |   -0.70% |  2.90e-07 |      
      600 |   0.1245 |  3.976072e+05 |   -0.42% |  4.28e-07 |      
      610 |   0.1077 |  3.964072e+05 |   -0.30% |  6.30e-07 |      
      616 |   0.0988 |  3.959844e+05 |          |  8.26e-07 |      
---------------------------------------------------------------
[INFO GPL-1001] Global placement finished at iteration 616
[INFO GPL-1017] Routability mode iteration count: 245
[INFO GPL-1005] Routability final weighted congestion: 1.0471
[INFO GPL-1002] Placed Cell Area            286606.8126
[INFO GPL-1003] Available Free Area         282672.3552
[INFO GPL-1004] Minimum Feasible Density        0.8700 (cell_area / free_area)
[INFO GPL-1006]   Suggested Target Densities:
[INFO GPL-1007]     - For 90% usage of free space: 1.1266
[INFO GPL-1008]     - For 80% usage of free space: 1.2674
[INFO GPL-1011] Original area (um^2): 245478.02
[INFO GPL-1012] Total routability artificial inflation: 0.00 (+0.00%)
[INFO GPL-1013] Total timing-driven delta area: 41128.80 (+16.75%)
[INFO GPL-1014] Final placement area: 286606.81 (+16.75%)
[INFO GPL-1018] Final HPWL (um): 397119.50
Took 31 seconds: global_placement -density 0.6 -pad_left 0 -pad_right 0 -routability_driven -timing_driven -force_center_initial_place -min_phi_coef 0.95 -max_phi_coef 1.05
estimate_parasitics -placement
Report metrics stage 3, global place...

==========================================================================
global place report_design_area
--------------------------------------------------------------------------
Design area 277770 um^2 97% utilization.
write_db /work/orfs/results/sky130hd/g3_pc_n64_u75/base/3_3_place_gp.odb
Elapsed time: 0:35.64[h:]min:sec. CPU time: user 38.01 sys 3.22 (115%). Peak memory: 446160KB.
Log                       Ext     Elapsed/s Peak Memory/MB sha1sum result [0:20)
3_3_place_gp              .odb           35            435 65f556f9529e907fb6de
/OpenROAD-flow-scripts/flow/scripts/flow.sh 3_4_place_resized resize
Running resize.tcl, stage 3_4_place_resized
read_liberty /OpenROAD-flow-scripts/flow/platforms/sky130hd/lib/sky130_fd_sc_hd__tt_025C_1v80.lib
read_db /work/orfs/results/sky130hd/g3_pc_n64_u75/base/3_3_place_gp.odb
read_sdc /work/orfs/results/sky130hd/g3_pc_n64_u75/base/2_floorplan.sdc
source /OpenROAD-flow-scripts/flow/platforms/sky130hd/setRC.tcl
estimate_parasitics -placement
Perform buffer insertion and gate resizing...
repair_design -verbose -match_cell_footprint
Iteration |   Area    | Resized | Buffers | Nets repaired | Remaining
---------------------------------------------------------------------
        0 |     +0.0% |       0 |       0 |             0 |     31846
     1000 |     +0.0% |       0 |       0 |             0 |     30846
     2000 |     +0.0% |       0 |       0 |             0 |     29846
     3000 |     +0.0% |       0 |       0 |             0 |     28846
     4000 |     +0.0% |       0 |       0 |             0 |     27846
     5000 |     +0.0% |       0 |       0 |             0 |     26846
     6000 |     +0.0% |       0 |       0 |             0 |     25846
     7000 |     +0.0% |       0 |       0 |             0 |     24846
     8000 |     +0.0% |       0 |       0 |             0 |     23846
     9000 |     +0.0% |       0 |       0 |             0 |     22846
    10000 |     +0.0% |       0 |       0 |             0 |     21846
    11000 |     +0.0% |       0 |       0 |             0 |     20846
    12000 |     +0.0% |       0 |       0 |             0 |     19846
    13000 |     +0.0% |       0 |       0 |             0 |     18846
    14000 |     +0.0% |       0 |       0 |             0 |     17846
    15000 |     +0.0% |       0 |       0 |             0 |     16846
    16000 |     +0.0% |       0 |       0 |             0 |     15846
    17000 |     +0.0% |       0 |       0 |             0 |     14846
    18000 |     +0.0% |       0 |       0 |             0 |     13846
    19000 |     +0.0% |       0 |       0 |             0 |     12846
    20000 |     +0.0% |       0 |       0 |             0 |     11846
    21000 |     +0.0% |       0 |       0 |             0 |     10846
    22000 |     +0.0% |       0 |       0 |             0 |      9846
    23000 |     +0.0% |       0 |       0 |             0 |      8846
    24000 |     +0.0% |       0 |       0 |             0 |      7846
    25000 |     +0.0% |       0 |       0 |             0 |      6846
    26000 |     +0.0% |       0 |       0 |             0 |      5846
    27000 |     +0.0% |       0 |       0 |             0 |      4846
    28000 |     +0.0% |       0 |       0 |             0 |      3846
    29000 |     +0.0% |       0 |       0 |             0 |      2846
    30000 |     +0.0% |       0 |       0 |             0 |      1846
    31000 |     +0.0% |       0 |       0 |             0 |       846
    final |     +0.0% |       0 |       0 |             0 |         0
---------------------------------------------------------------------
[INFO RSZ-0504] Runtime: 2.31s
Floating nets: 
Report metrics stage 3, resizer...

==========================================================================
resizer report_design_area
--------------------------------------------------------------------------
Design area 277770 um^2 97% utilization.
Instance count before 31911, after 31911
Pin count before 84877, after 84877
write_db /work/orfs/results/sky130hd/g3_pc_n64_u75/base/3_4_place_resized.odb
Elapsed time: 0:09.45[h:]min:sec. CPU time: user 10.36 sys 0.49 (114%). Peak memory: 234840KB.
Log                       Ext     Elapsed/s Peak Memory/MB sha1sum result [0:20)
3_4_place_resized         .odb            9            229 65f556f9529e907fb6de
/OpenROAD-flow-scripts/flow/scripts/flow.sh 3_5_place_dp detail_place
Running detail_place.tcl, stage 3_5_place_dp
read_liberty /OpenROAD-flow-scripts/flow/platforms/sky130hd/lib/sky130_fd_sc_hd__tt_025C_1v80.lib
read_db /work/orfs/results/sky130hd/g3_pc_n64_u75/base/3_4_place_resized.odb
read_sdc /work/orfs/results/sky130hd/g3_pc_n64_u75/base/2_floorplan.sdc
source /OpenROAD-flow-scripts/flow/platforms/sky130hd/setRC.tcl
detailed_placement
[INFO DPL-0006] Core area: 287403.14 um^2
[INFO DPL-0007] Movable instances area: 273039.37 um^2
[INFO DPL-0008] Fixed instances area within core: 4730.79 um^2
[INFO DPL-0009] Utilization: 96.6%
[INFO DPL-0005] Diamond search max displacement: +/- 500 sites horizontally, +/- 100 rows vertically.
[INFO DPL-1102] Legalizing using negotiation legalizer.
[INFO DPL-1103] Negotiation base search window: +/-20 sites horizontally, +/-5 rows vertically 
	Automatic search window extension enabled.
	Search window extendable up to the max displacement cap of +/-500 sites, +/-100 rows near walls.
[INFO DPL-1104] NegotiationLegalizer DRC penalty: 5.
[INFO DPL-0392] Negotiation cell height distribution (1 unique row-count(s)):
[INFO DPL-0393]   height 1 row(s): 31911 cells
          |      Total |  Illegal |  Illegal
Iteration | Violations |    Cells |    Sites
---------------------------------------------
        0 |      54661 |     11567 |     42377
        1 |      39367 |      6457 |     32205
        2 |      35733 |      4925 |     30202
        3 |      30966 |      3940 |     26216
        4 |      27238 |      3436 |     23175
        5 |      24581 |      3129 |     20774
        6 |      23087 |      2901 |     19511
        7 |      21356 |      2746 |     17860
        8 |      19337 |      2535 |     16316
        9 |      17293 |      2331 |     14599
       10 |      16980 |      2246 |     14155
       20 |      10102 |      1534 |      8445
       30 |       7607 |      1253 |      6264
       40 |       6573 |      1085 |      5440
       50 |       5573 |       971 |      4584
       60 |       4745 |       873 |      3863
       70 |       4168 |       762 |      3391
       80 |       3726 |       696 |      3030
       90 |       3604 |       688 |      2916
      100 |       2839 |       541 |      2298
      110 |       2662 |       470 |      2183
      120 |       2215 |       447 |      1768
      130 |       2127 |       425 |      1699
      140 |       1882 |       380 |      1493
      150 |       1547 |       329 |      1218
      160 |       1508 |       300 |      1208
      170 |       1322 |       280 |      1042
      180 |       1280 |       272 |      1008
      190 |       1120 |       254 |       866
      200 |       1258 |       280 |       978
      210 |       1019 |       223 |       796
      220 |        962 |       204 |       758
      230 |        974 |       210 |       764
      240 |       1044 |       208 |       836
      250 |        858 |       170 |       688
      260 |        774 |       188 |       586
      270 |        832 |       184 |       648
      280 |        808 |       154 |       654
      290 |        648 |       150 |       498
      300 |        580 |       136 |       444
      310 |        577 |       133 |       444
      320 |        718 |       142 |       576
      330 |        621 |       139 |       476
      340 |        474 |       106 |       368
      350 |        501 |       109 |       392
      360 |        398 |        96 |       302
      370 |        405 |        83 |       322
      380 |        274 |        54 |       220
      390 |        242 |        52 |       190
      399 |        177 |        49 |       128
Negotiation phase 2: isolation point active, 1000 iterations.
      400 |        177 |        47 |       130
      410 |        234 |        46 |       188
      420 |        140 |        36 |       104
      430 |        111 |        23 |        88
      440 |         96 |        28 |        68
      450 |         59 |        15 |        44
      460 |         50 |        12 |        38
      470 |         86 |        14 |        72
      480 |         25 |         5 |        20
      490 |         38 |         4 |        34
      500 |         16 |         2 |        14
      510 |         12 |         2 |        10
      520 |         20 |         6 |        14
      527 |         22 |         4 |        18
[WARNING DPL-0702] Negotiation phase 2: violations stuck at 22 for 3 consecutive iterations. Using diamond search for 4 remaining illegal cells.
diamond recovery: recovered 2/4 stuck cells.
[WARNING DPL-0701] NegotiationLegalizer did not fully converge. Violations remain: 2
[INFO DPL-0500] Runtime: 73.46s
Detailed Placement Analysis
---------------------------------
legalizer            negotiation
total moves              282318
total displacement     208557.3 u
average displacement        6.5 u
max displacement          264.4 u
original HPWL          397119.5 u
legalized HPWL         673693.4 u
delta HPWL                   70 %

Took 73 seconds: detailed_placement
improve_placement -max_displacement "5 1"
Detailed placement improvement.
[INFO DPL-0401] Setting random seed to 1.
[INFO DPL-0402] Setting maximum displacement 5 1 to 13600 2720 units.
[INFO DPL-0320] Collected 3975 fixed cells.
[INFO DPL-0318] Collected 28130 single height cells.
[INFO DPL-0321] Collected 0 wide cells.
[INFO DPL-0322] Image (2300, 2720) - (538660, 538560)
[INFO DPL-0310] Assigned 28130 cells into segments.  Movement in X-direction is 0.000000, movement in Y-direction is 0.000000.
[WARNING DPL-0200] Unexpected displacement during legalization.
[INFO DPL-0313] Found 0 cells in wrong regions.
[INFO DPL-0315] Found 0 row alignment problems.
[INFO DPL-0314] Found 4 site alignment problems.
[INFO DPL-0311] Found 2 overlaps between adjacent cells.
Violation in row14/_291_
Violation in row14/_290_
Violation in row14/place9813
Violation in row14/_372_
[INFO DPL-0312] Found 4 edge spacing violations and 1 padding violations.
[WARNING DPL-0201] Placement check failure during legalization.
[INFO DPL-0303] Running algorithm for independent set matching.
[INFO DPL-0300] Set matching objective is wirelength.
[INFO DPL-0301] Pass   1 of matching; objective is 6.737663e+08.
[INFO DPL-0301] Pass   2 of matching; objective is 6.597601e+08.
[INFO DPL-0302] End of matching; objective is 6.595073e+08, improvement is 2.12 percent.
[INFO DPL-0303] Running algorithm for global swaps.
[INFO DPL-0306] Pass   1 of global swaps; hpwl is 6.414824e+08.
[INFO DPL-0306] Pass   2 of global swaps; hpwl is 6.381651e+08.
[INFO DPL-0307] End of global swaps; objective is 6.381651e+08, improvement is 3.24 percent.
[INFO DPL-0303] Running algorithm for vertical swaps.
[INFO DPL-0308] Pass   1 of vertical swaps; hpwl is 6.358193e+08.
[INFO DPL-0309] End of vertical swaps; objective is 6.358193e+08, improvement is 0.37 percent.
[INFO DPL-0303] Running algorithm for reordering.
[INFO DPL-0304] Pass   1 of reordering; objective is 6.121007e+08.
[INFO DPL-0304] Pass   2 of reordering; objective is 6.089118e+08.
[INFO DPL-0305] End of reordering; objective is 6.089118e+08, improvement is 4.23 percent.
[INFO DPL-0303] Running algorithm for random improvement.
[INFO DPL-0324] Random improver is using random generator.
[INFO DPL-0325] Random improver is using hpwl objective.
[INFO DPL-0326] Random improver cost string is (a).
[INFO DPL-0332] End of pass, Generator random called 562600 times.
[INFO DPL-0335] Generator random, Cumulative attempts 562600, swaps 94880, moves  1487 since last reset.
[INFO DPL-0333] End of pass, Objective hpwl, Initial cost 6.078475e+08, Scratch cost 5.932700e+08, Incremental cost 5.932700e+08, Mismatch? N
[INFO DPL-0338] End of pass, Total cost is 5.932700e+08.
[INFO DPL-0327] Pass   1 of random improver; improvement in cost is 2.40 percent.
[INFO DPL-0332] End of pass, Generator random called 562600 times.
[INFO DPL-0335] Generator random, Cumulative attempts 1125200, swaps 187607, moves  3344 since last reset.
[INFO DPL-0333] End of pass, Objective hpwl, Initial cost 5.932700e+08, Scratch cost 5.892383e+08, Incremental cost 5.892383e+08, Mismatch? N
[INFO DPL-0338] End of pass, Total cost is 5.892383e+08.
[INFO DPL-0327] Pass   2 of random improver; improvement in cost is 0.68 percent.
[INFO DPL-0328] End of random improver; improvement is 3.061496 percent.
[INFO DPL-0380] Cell flipping.
[INFO DPL-0382] Changed 0 cell orientations for row compatibility.
[INFO DPL-0383] Performed 9639 cell flips.
[INFO DPL-0384] End of flipping; objective is 5.722290e+08, improvement is 3.06 percent.
[INFO DPL-0313] Found 0 cells in wrong regions.
[INFO DPL-0315] Found 0 row alignment problems.
[INFO DPL-0314] Found 4 site alignment problems.
[INFO DPL-0311] Found 2 overlaps between adjacent cells.
Violation in row14/_291_
Violation in row14/_290_
Violation in row14/place9813
Violation in row14/_372_
[INFO DPL-0312] Found 4 edge spacing violations and 1 padding violations.
Place Optimization Analysis
---------------------------------
total attempts          1687800
relocated cells           20075
total displacement     103525.5 u
average displacement        5.2 u
max displacement           16.1 u
original HPWL          673693.4 u
improved HPWL          571945.9 u
delta HPWL                  -15 %

Took 10 seconds: improve_placement -max_displacement "5 1"
optimize_mirroring
[INFO DPL-0020] Mirrored 1239 instances
[INFO DPL-0021] HPWL before          571945.9 u
[INFO DPL-0022] HPWL after           571366.6 u
[INFO DPL-0023] HPWL delta               -0.1 %
[WARNING DPL-0006] Site aligned check failed (4).
 row14/_290_
 row14/_291_
 row14/_372_
 row14/place9813
[ERROR DPL-0033] detailed placement checks failed during check placement.
write_db /work/orfs/results/sky130hd/g3_pc_n64_u75/base/3_5_place_dp-failed.odb
DPL-0033
    while executing
"error $errMsg"
    invoked from within
"if { $result != 0 } {
  orfs_write_db $::env(RESULTS_DIR)/3_5_place_dp-failed.odb
  error $errMsg
}"
    (file "/OpenROAD-flow-scripts/flow/scripts/detail_place.tcl" line 35)
Elapsed time: 1:24.37[h:]min:sec. CPU time: user 83.32 sys 0.13 (98%). Peak memory: 197624KB.
make[1]: *** [Makefile:531: do-3_5_place_dp] Error 1
make: *** [Makefile:531: /work/orfs/results/sky130hd/g3_pc_n64_u75/base/3_5_place_dp.odb] Error 2
