OpenROAD unknown 
Features included (+) or not (-): -GPU +GUI -Python
This program is licensed under the BSD-3 license. See the LICENSE file for details.
Components of this program may be licensed under more restrictive licenses which must be honored.
[INFO ORD-0030] Using 1 thread(s).
SIGNOFF_WS corner=tt setup=7.899838561087336e-10 hold=3.2080027523306853e-10
SIGNOFF_SETUP_PATH_BEGIN
Startpoint: stt3_ff (rising edge-triggered flip-flop clocked by clk)
Endpoint: row47/_153_ (rising edge-triggered flip-flop clocked by clk)
Path Group: clk
Path Type: max

Fanout       Cap      Slew     Delay      Time   Description
-------------------------------------------------------------------------------------
                              0.0000    0.0000   clock clk (rise edge)
                              0.9750    0.9750   clock network delay (propagated)
                    0.0593    0.0000    0.9750 ^ stt3_ff/CLK (sky130_fd_sc_hd__dfxtp_4)
    23    0.3190    0.8850    0.9132    1.8883 ^ stt3_ff/Q (sky130_fd_sc_hd__dfxtp_4)
                                                 st_tree (net)
    40    0.1998    0.5414    0.6033    2.4916 ^ place2496/X (sky130_fd_sc_hd__buf_4)
                                                 net2495 (net)
     2    0.0091    0.1318    0.1802    2.6717 v row47/_093_/Y (sky130_fd_sc_hd__nor2b_1)
                                                 row47/_052_ (net)
     1    0.0050    0.0766    0.3890    3.0608 v row47/_094_/X (sky130_fd_sc_hd__maj3_1)
                                                 row47/_001_ (net)
                    0.0766    0.0002    3.0610 v row47/_153_/D (sky130_fd_sc_hd__dfxtp_1)
                                        3.0610   data arrival time

                              3.0000    3.0000   clock clk (rise edge)
                              0.9711    3.9711   clock network delay (propagated)
                              0.0000    3.9711   clock reconvergence pessimism
                                        3.9711 ^ row47/_153_/CLK (sky130_fd_sc_hd__dfxtp_1)
                             -0.1202    3.8510   library setup time
                                        3.8510   data required time
-------------------------------------------------------------------------------------
                                        3.8510   data required time
                                       -3.0610   data arrival time
-------------------------------------------------------------------------------------
                                        0.7900   slack (MET)


SIGNOFF_SETUP_PATH_END
SIGNOFF_HOLD_PATH_BEGIN
Startpoint: gen1/_113_ (rising edge-triggered flip-flop clocked by clk)
Endpoint: gen1/_092_ (rising edge-triggered flip-flop clocked by clk)
Path Group: clk
Path Type: min

    Delay      Time   Description
-------------------------------------------------------------
   0.0000    0.0000   clock clk (rise edge)
   0.9607    0.9607   clock network delay (propagated)
   0.0000    0.9607 ^ gen1/_113_/CLK (sky130_fd_sc_hd__dfxtp_1)
   0.2981    1.2588 ^ gen1/_113_/Q (sky130_fd_sc_hd__dfxtp_1)
                      gen1/g3 (net)
   0.0000    1.2589 ^ gen1/_092_/D (sky130_fd_sc_hd__dfxtp_1)
             1.2589   data arrival time

   0.0000    0.0000   clock clk (rise edge)
   0.9649    0.9649   clock network delay (propagated)
   0.0000    0.9649   clock reconvergence pessimism
             0.9649 ^ gen1/_092_/CLK (sky130_fd_sc_hd__dfxtp_1)
  -0.0268    0.9381   library hold time
             0.9381   data required time
-------------------------------------------------------------
             0.9381   data required time
            -1.2589   data arrival time
-------------------------------------------------------------
             0.3208   slack (MET)


SIGNOFF_HOLD_PATH_END
SIGNOFF_PROG_WS setup=1.2270620075582883e-9
SIGNOFF_PROG_PATH_BEGIN
Startpoint: ng11_8/_7_ (rising edge-triggered flip-flop clocked by clk)
Endpoint: row31/_162_ (rising edge-triggered flip-flop clocked by clk)
Path Group: clk
Path Type: max

Fanout       Cap      Slew     Delay      Time   Description
-------------------------------------------------------------------------------------
                              0.0000    0.0000   clock clk (rise edge)
                              0.9853    0.9853   clock network delay (propagated)
                    0.0607    0.0000    0.9853 ^ ng11_8/_7_/CLK (sky130_fd_sc_hd__dfxtp_1)
     2    0.0199    0.1923    0.4160    1.4013 ^ ng11_8/_7_/Q (sky130_fd_sc_hd__dfxtp_1)
                                                 pp11_8 (net)
     3    0.0620    0.1748    0.2491    1.6504 ^ place3198/X (sky130_fd_sc_hd__buf_4)
                                                 net3197 (net)
     2    0.0224    0.1157    0.2145    1.8649 ^ lt_pp11_8_s1/Z (LTAPB2)
                                                 pgm_pp11_8_s1 (net)
     2    0.0211    0.2518    0.2453    2.1101 ^ vs_31_11/Z (VSITE_BUF)
                                                 lf_31_11 (net)
     1    0.0088    0.0994    0.5018    2.6119 v row31/_110_/X (sky130_fd_sc_hd__xor3_1)
                                                 row31/_037_ (net)
                    0.0995    0.0004    2.6123 v row31/_162_/D (sky130_fd_sc_hd__dfxtp_1)
                                        2.6123   data arrival time

                              3.0000    3.0000   clock clk (rise edge)
                              0.9707    3.9707   clock network delay (propagated)
                              0.0000    3.9707   clock reconvergence pessimism
                                        3.9707 ^ row31/_162_/CLK (sky130_fd_sc_hd__dfxtp_1)
                             -0.1314    3.8394   library setup time
                                        3.8394   data required time
-------------------------------------------------------------------------------------
                                        3.8394   data required time
                                       -2.6123   data arrival time
-------------------------------------------------------------------------------------
                                        1.2271   slack (MET)


SIGNOFF_PROG_PATH_END
SIGNOFF_SLEW tap_input_max=0.307258 tap_input_pin=lt_pn10_3_s3/A site_input_max=0.176981 site_input_pin=vs_16_21/A
SIGNOFF_SPINE_DRIVERS sky130_fd_sc_hd__buf_4 1972 sky130_fd_sc_hd__dfxtp_1 218 sky130_fd_sc_hd__buf_2 2
