OpenROAD unknown 
Features included (+) or not (-): -GPU +GUI -Python
This program is licensed under the BSD-3 license. See the LICENSE file for details.
Components of this program may be licensed under more restrictive licenses which must be honored.
[INFO ORD-0030] Using 1 thread(s).
SIGNOFF_WS corner=ss setup=-1.3977476953641599e-9 hold=6.512809180847512e-10
SIGNOFF_SETUP_PATH_BEGIN
Startpoint: stt3_ff (rising edge-triggered flip-flop clocked by clk)
Endpoint: row47/_153_ (rising edge-triggered flip-flop clocked by clk)
Path Group: clk
Path Type: max

Fanout       Cap      Slew     Delay      Time   Description
-------------------------------------------------------------------------------------
                              0.0000    0.0000   clock clk (rise edge)
                              1.6504    1.6504   clock network delay (propagated)
                    0.0900    0.0000    1.6504 ^ stt3_ff/CLK (sky130_fd_sc_hd__dfxtp_4)
    23    0.3174    1.3877    1.6348    3.2852 ^ stt3_ff/Q (sky130_fd_sc_hd__dfxtp_4)
                                                 st_tree (net)
    40    0.1994    0.8520    1.2015    4.4867 ^ place2496/X (sky130_fd_sc_hd__buf_4)
                                                 net2495 (net)
     2    0.0090    0.2154    0.4127    4.8994 v row47/_093_/Y (sky130_fd_sc_hd__nor2b_1)
                                                 row47/_052_ (net)
     1    0.0049    0.1605    0.8437    5.7431 v row47/_094_/X (sky130_fd_sc_hd__maj3_1)
                                                 row47/_001_ (net)
                    0.1605    0.0002    5.7433 v row47/_153_/D (sky130_fd_sc_hd__dfxtp_1)
                                        5.7433   data arrival time

                              3.0000    3.0000   clock clk (rise edge)
                              1.6452    4.6452   clock network delay (propagated)
                              0.0000    4.6452   clock reconvergence pessimism
                                        4.6452 ^ row47/_153_/CLK (sky130_fd_sc_hd__dfxtp_1)
                             -0.2996    4.3456   library setup time
                                        4.3456   data required time
-------------------------------------------------------------------------------------
                                        4.3456   data required time
                                       -5.7433   data arrival time
-------------------------------------------------------------------------------------
                                       -1.3977   slack (VIOLATED)


SIGNOFF_SETUP_PATH_END
SIGNOFF_HOLD_PATH_BEGIN
Startpoint: stt2_ff (rising edge-triggered flip-flop clocked by clk)
Endpoint: stt3_ff (rising edge-triggered flip-flop clocked by clk)
Path Group: clk
Path Type: min

    Delay      Time   Description
-------------------------------------------------------------
   0.0000    0.0000   clock clk (rise edge)
   1.6504    1.6504   clock network delay (propagated)
   0.0000    1.6504 ^ stt2_ff/CLK (sky130_fd_sc_hd__dfxtp_1)
   0.5755    2.2259 v stt2_ff/Q (sky130_fd_sc_hd__dfxtp_1)
                      stt2 (net)
   0.0001    2.2260 v stt3_ff/D (sky130_fd_sc_hd__dfxtp_4)
             2.2260   data arrival time

   0.0000    0.0000   clock clk (rise edge)
   1.6504    1.6504   clock network delay (propagated)
   0.0000    1.6504   clock reconvergence pessimism
             1.6504 ^ stt3_ff/CLK (sky130_fd_sc_hd__dfxtp_4)
  -0.0757    1.5747   library hold time
             1.5747   data required time
-------------------------------------------------------------
             1.5747   data required time
            -2.2260   data arrival time
-------------------------------------------------------------
             0.6513   slack (MET)


SIGNOFF_HOLD_PATH_END
SIGNOFF_PROG_WS setup=-4.375166895442817e-10
SIGNOFF_PROG_PATH_BEGIN
Startpoint: ng11_8/_7_ (rising edge-triggered flip-flop clocked by clk)
Endpoint: row31/_162_ (rising edge-triggered flip-flop clocked by clk)
Path Group: clk
Path Type: max

Fanout       Cap      Slew     Delay      Time   Description
-------------------------------------------------------------------------------------
                              0.0000    0.0000   clock clk (rise edge)
                              1.6655    1.6655   clock network delay (propagated)
                    0.0919    0.0000    1.6655 ^ ng11_8/_7_/CLK (sky130_fd_sc_hd__dfxtp_1)
     2    0.0199    0.3051    0.8125    2.4780 ^ ng11_8/_7_/Q (sky130_fd_sc_hd__dfxtp_1)
                                                 pp11_8 (net)
     3    0.0619    0.2811    0.4617    2.9397 ^ place3198/X (sky130_fd_sc_hd__buf_4)
                                                 net3197 (net)
     2    0.0223    0.1839    0.3870    3.3267 ^ lt_pp11_8_s1/Z (LTAPB2)
                                                 pgm_pp11_8_s1 (net)
     2    0.0210    0.4020    0.4350    3.7617 ^ vs_31_11/Z (VSITE_BUF)
                                                 lf_31_11 (net)
     1    0.0087    0.1737    1.0126    4.7743 v row31/_110_/X (sky130_fd_sc_hd__xor3_1)
                                                 row31/_037_ (net)
                    0.1737    0.0004    4.7747 v row31/_162_/D (sky130_fd_sc_hd__dfxtp_1)
                                        4.7747   data arrival time

                              3.0000    3.0000   clock clk (rise edge)
                              1.6443    4.6443   clock network delay (propagated)
                              0.0000    4.6443   clock reconvergence pessimism
                                        4.6443 ^ row31/_162_/CLK (sky130_fd_sc_hd__dfxtp_1)
                             -0.3071    4.3372   library setup time
                                        4.3372   data required time
-------------------------------------------------------------------------------------
                                        4.3372   data required time
                                       -4.7747   data arrival time
-------------------------------------------------------------------------------------
                                       -0.4375   slack (VIOLATED)


SIGNOFF_PROG_PATH_END
SIGNOFF_SLEW tap_input_max=0.486318 tap_input_pin=lt_pn10_3_s3/A site_input_max=0.278850 site_input_pin=vs_16_21/A
SIGNOFF_SPINE_DRIVERS sky130_fd_sc_hd__buf_4 1972 sky130_fd_sc_hd__dfxtp_1 218 sky130_fd_sc_hd__buf_2 2
