
 /----------------------------------------------------------------------------\
 |  yosys -- Yosys Open SYnthesis Suite                                       |
 |  Copyright (C) 2012 - 2026  Claire Xenia Wolf <claire@yosyshq.com>         |
 |  Distributed under an ISC-like license, type "license" to see terms        |
 \----------------------------------------------------------------------------/
 Yosys 0.69 (git sha1 9f75ca1f9, Release, Clang /workspace/YoWASP/yosys/wasi-sdk-33.0-x86_64-linux/share/cmake/../..//bin/clang++ 22.1.0)

-- Running command `read_verilog rtl.v; synth -flatten -top top -noabc; aigmap; opt_clean; write_aiger -ascii -symbols design.aag; write_aiger -symbols design.aig' --

1. Executing Verilog-2005 frontend: rtl.v
Parsing Verilog input from `rtl.v' to AST representation.
Generating RTLIL representation for module `\top'.
Successfully finished Verilog frontend.

2. Executing SYNTH pass.

2.1. Executing HIERARCHY pass (managing design hierarchy).

2.1.1. Analyzing design hierarchy..
Top module:  \top

2.1.2. Analyzing design hierarchy..
Top module:  \top
Removed 0 unused modules.

2.2. Executing PROC pass (convert processes to netlists).

2.2.1. Executing PROC_CLEAN pass (remove empty switches from decision trees).
Cleaned up 0 empty switches.

2.2.2. Executing PROC_RMDEAD pass (remove dead branches from decision trees).
Removed a total of 0 dead cases.

2.2.3. Executing PROC_PRUNE pass (remove redundant assignments in processes).
Removed 0 redundant assignments.
Promoted 0 assignments to connections.

2.2.4. Executing PROC_INIT pass (extract init attributes).

2.2.5. Executing PROC_ARST pass (detect async resets in processes).

2.2.6. Executing PROC_ROM pass (convert switches to ROMs).
Converted 0 switches.

2.2.7. Executing PROC_MUX pass (convert decision trees to multiplexers).

2.2.8. Executing PROC_DLATCH pass (convert process syncs to latches).

2.2.9. Executing PROC_DFF pass (convert process syncs to FFs).

2.2.10. Executing PROC_MEMWR pass (convert process memory writes to cells).

2.2.11. Executing PROC_CLEAN pass (remove empty switches from decision trees).
Cleaned up 0 empty switches.

2.2.12. Executing OPT_EXPR pass (perform const folding).
Optimizing module top.

2.3. Executing CHECK pass (checking for obvious problems).
Checking module top...
Found and reported 0 problems.

2.4. Executing FLATTEN pass (flatten design).

2.5. Executing OPT_EXPR pass (perform const folding).
Optimizing module top.

2.6. Executing OPT_CLEAN pass (remove unused cells and wires).
Finding unused cells or wires in module \top..
Removed 0 unused cells and 10 unused wires.
<suppressed ~1 debug messages>

2.7. Executing CHECK pass (checking for obvious problems).
Checking module top...
Found and reported 0 problems.

2.8. Executing OPT pass (performing simple optimizations).

2.8.1. Executing OPT_EXPR pass (perform const folding).
Optimizing module top.

2.8.2. Executing OPT_MERGE pass (detect identical cells).
Finding identical cells in module `\top'.
Computing hashes of 10 cells of `\top'.
Finding duplicate cells in `\top'.
Removed a total of 0 cells.

2.8.3. Executing OPT_MUXTREE pass (detect dead branches in mux trees).
Running muxtree optimizer on module \top..
  Creating internal representation of mux trees.
  No muxes found in this module.
Removed 0 multiplexer ports.

2.8.4. Executing OPT_REDUCE pass (consolidate $*mux and $reduce_* inputs).
  Optimizing cells in module \top.
Performed a total of 0 changes.

2.8.5. Executing OPT_MERGE pass (detect identical cells).
Finding identical cells in module `\top'.
Computing hashes of 10 cells of `\top'.
Finding duplicate cells in `\top'.
Removed a total of 0 cells.

2.8.6. Executing OPT_DFF pass (perform DFF optimizations).

2.8.7. Executing OPT_CLEAN pass (remove unused cells and wires).
Finding unused cells or wires in module \top..

2.8.8. Executing OPT_EXPR pass (perform const folding).
Optimizing module top.

2.8.9. Finished fast OPT passes. (There is nothing left to do.)

2.9. Executing FSM pass (extract and optimize FSM).

2.9.1. Executing FSM_DETECT pass (finding FSMs in design).

2.9.2. Executing FSM_EXTRACT pass (extracting FSM from design).

2.9.3. Executing FSM_OPT pass (simple optimizations of FSMs).

2.9.4. Executing OPT_CLEAN pass (remove unused cells and wires).
Finding unused cells or wires in module \top..

2.9.5. Executing FSM_OPT pass (simple optimizations of FSMs).

2.9.6. Executing FSM_RECODE pass (re-assigning FSM state encoding).

2.9.7. Executing FSM_INFO pass (dumping all available information on FSM cells).

2.9.8. Executing FSM_MAP pass (mapping FSMs to basic logic).

2.10. Executing OPT pass (performing simple optimizations).

2.10.1. Executing OPT_EXPR pass (perform const folding).
Optimizing module top.

2.10.2. Executing OPT_MERGE pass (detect identical cells).
Finding identical cells in module `\top'.
Computing hashes of 10 cells of `\top'.
Finding duplicate cells in `\top'.
Removed a total of 0 cells.

2.10.3. Executing OPT_MUXTREE pass (detect dead branches in mux trees).
Running muxtree optimizer on module \top..
  Creating internal representation of mux trees.
  No muxes found in this module.
Removed 0 multiplexer ports.

2.10.4. Executing OPT_REDUCE pass (consolidate $*mux and $reduce_* inputs).
  Optimizing cells in module \top.
Performed a total of 0 changes.

2.10.5. Executing OPT_MERGE pass (detect identical cells).
Finding identical cells in module `\top'.
Computing hashes of 10 cells of `\top'.
Finding duplicate cells in `\top'.
Removed a total of 0 cells.

2.10.6. Executing OPT_DFF pass (perform DFF optimizations).

2.10.7. Executing OPT_CLEAN pass (remove unused cells and wires).
Finding unused cells or wires in module \top..

2.10.8. Executing OPT_EXPR pass (perform const folding).
Optimizing module top.

2.10.9. Finished fast OPT passes. (There is nothing left to do.)

2.11. Executing WREDUCE pass (reducing word size of cells).
Removed top 1 bits (of 10) from port Y of cell top.$sub$rtl.v:5$1 ($sub).
Removed top 1 bits (of 10) from port Y of cell top.$add$rtl.v:6$2 ($add).
Removed top 1 bits (of 10) from port Y of cell top.$sub$rtl.v:7$3 ($sub).
Removed top 1 bits (of 10) from port Y of cell top.$sub$rtl.v:8$4 ($sub).
Removed top 1 bits (of 10) from port Y of cell top.$add$rtl.v:9$5 ($add).
Removed top 1 bits (of 10) from port Y of cell top.$add$rtl.v:10$6 ($add).
Removed top 1 bits (of 10) from port A of cell top.$sub$rtl.v:11$7 ($sub).
Removed top 1 bits (of 10) from port A of cell top.$add$rtl.v:12$8 ($add).
Removed top 1 bits (of 10) from port A of cell top.$sub$rtl.v:13$9 ($sub).
Removed top 1 bits (of 10) from port A of cell top.$add$rtl.v:14$10 ($add).

2.12. Executing PEEPOPT pass (run peephole optimizers).

2.13. Executing OPT_CLEAN pass (remove unused cells and wires).
Finding unused cells or wires in module \top..

2.14. Executing ALUMACC pass (create $alu and $macc cells).
Extracting $alu and $macc cells in module top:
  creating $macc model for $add$rtl.v:14$10 ($add).
  creating $macc model for $sub$rtl.v:13$9 ($sub).
  creating $macc model for $add$rtl.v:12$8 ($add).
  creating $macc model for $sub$rtl.v:11$7 ($sub).
  creating $macc model for $add$rtl.v:10$6 ($add).
  creating $macc model for $add$rtl.v:9$5 ($add).
  creating $macc model for $sub$rtl.v:8$4 ($sub).
  creating $macc model for $sub$rtl.v:7$3 ($sub).
  creating $macc model for $add$rtl.v:6$2 ($add).
  creating $macc model for $sub$rtl.v:5$1 ($sub).
  creating $alu model for $macc $sub$rtl.v:5$1.
  creating $alu model for $macc $add$rtl.v:6$2.
  creating $alu model for $macc $sub$rtl.v:7$3.
  creating $alu model for $macc $sub$rtl.v:8$4.
  creating $alu model for $macc $add$rtl.v:9$5.
  creating $alu model for $macc $add$rtl.v:10$6.
  creating $alu model for $macc $sub$rtl.v:11$7.
  creating $alu model for $macc $add$rtl.v:12$8.
  creating $alu model for $macc $sub$rtl.v:13$9.
  creating $alu model for $macc $add$rtl.v:14$10.
  creating $alu cell for $add$rtl.v:14$10: $auto$alumacc.cc:548:replace_alu$11
  creating $alu cell for $sub$rtl.v:13$9: $auto$alumacc.cc:548:replace_alu$14
  creating $alu cell for $add$rtl.v:12$8: $auto$alumacc.cc:548:replace_alu$17
  creating $alu cell for $sub$rtl.v:11$7: $auto$alumacc.cc:548:replace_alu$20
  creating $alu cell for $add$rtl.v:9$5: $auto$alumacc.cc:548:replace_alu$23
  creating $alu cell for $sub$rtl.v:8$4: $auto$alumacc.cc:548:replace_alu$26
  creating $alu cell for $add$rtl.v:10$6: $auto$alumacc.cc:548:replace_alu$29
  creating $alu cell for $sub$rtl.v:7$3: $auto$alumacc.cc:548:replace_alu$32
  creating $alu cell for $add$rtl.v:6$2: $auto$alumacc.cc:548:replace_alu$35
  creating $alu cell for $sub$rtl.v:5$1: $auto$alumacc.cc:548:replace_alu$38
  created 10 $alu and 0 $macc cells.

2.15. Executing SHARE pass (SAT-based resource sharing).

2.16. Executing OPT pass (performing simple optimizations).

2.16.1. Executing OPT_EXPR pass (perform const folding).
Optimizing module top.

2.16.2. Executing OPT_MERGE pass (detect identical cells).
Finding identical cells in module `\top'.
Computing hashes of 10 cells of `\top'.
Finding duplicate cells in `\top'.
Removed a total of 0 cells.

2.16.3. Executing OPT_MUXTREE pass (detect dead branches in mux trees).
Running muxtree optimizer on module \top..
  Creating internal representation of mux trees.
  No muxes found in this module.
Removed 0 multiplexer ports.

2.16.4. Executing OPT_REDUCE pass (consolidate $*mux and $reduce_* inputs).
  Optimizing cells in module \top.
Performed a total of 0 changes.

2.16.5. Executing OPT_MERGE pass (detect identical cells).
Finding identical cells in module `\top'.
Computing hashes of 10 cells of `\top'.
Finding duplicate cells in `\top'.
Removed a total of 0 cells.

2.16.6. Executing OPT_DFF pass (perform DFF optimizations).

2.16.7. Executing OPT_CLEAN pass (remove unused cells and wires).
Finding unused cells or wires in module \top..

2.16.8. Executing OPT_EXPR pass (perform const folding).
Optimizing module top.

2.16.9. Finished fast OPT passes. (There is nothing left to do.)

2.17. Executing MEMORY pass.

2.17.1. Executing OPT_MEM pass (optimize memories).
Performed a total of 0 transformations.

2.17.2. Executing OPT_MEM_PRIORITY pass (removing unnecessary memory write priority relations).
Performed a total of 0 transformations.

2.17.3. Executing OPT_MEM_FEEDBACK pass (finding memory read-to-write feedback paths).

2.17.4. Executing MEMORY_BMUX2ROM pass (converting muxes to ROMs).

2.17.5. Executing MEMORY_DFF pass (merging $dff cells to $memrd).

2.17.6. Executing OPT_CLEAN pass (remove unused cells and wires).
Finding unused cells or wires in module \top..

2.17.7. Executing MEMORY_SHARE pass (consolidating $memrd/$memwr cells).

2.17.8. Executing OPT_MEM_WIDEN pass (optimize memories where all ports are wide).
Performed a total of 0 transformations.

2.17.9. Executing OPT_CLEAN pass (remove unused cells and wires).
Finding unused cells or wires in module \top..

2.17.10. Executing MEMORY_COLLECT pass (generating $mem cells).

2.18. Executing OPT_CLEAN pass (remove unused cells and wires).
Finding unused cells or wires in module \top..

2.19. Executing OPT pass (performing simple optimizations).

2.19.1. Executing OPT_EXPR pass (perform const folding).
Optimizing module top.

2.19.2. Executing OPT_MERGE pass (detect identical cells).
Finding identical cells in module `\top'.
Computing hashes of 10 cells of `\top'.
Finding duplicate cells in `\top'.
Removed a total of 0 cells.

2.19.3. Executing OPT_DFF pass (perform DFF optimizations).

2.19.4. Executing OPT_CLEAN pass (remove unused cells and wires).
Finding unused cells or wires in module \top..

2.19.5. Finished fast OPT passes.

2.20. Executing MEMORY_MAP pass (converting memories to logic and flip-flops).

2.21. Executing OPT pass (performing simple optimizations).

2.21.1. Executing OPT_EXPR pass (perform const folding).
Optimizing module top.

2.21.2. Executing OPT_MERGE pass (detect identical cells).
Finding identical cells in module `\top'.
Computing hashes of 10 cells of `\top'.
Finding duplicate cells in `\top'.
Removed a total of 0 cells.

2.21.3. Executing OPT_MUXTREE pass (detect dead branches in mux trees).
Running muxtree optimizer on module \top..
  Creating internal representation of mux trees.
  No muxes found in this module.
Removed 0 multiplexer ports.

2.21.4. Executing OPT_REDUCE pass (consolidate $*mux and $reduce_* inputs).
  Optimizing cells in module \top.
Performed a total of 0 changes.

2.21.5. Executing OPT_MERGE pass (detect identical cells).
Finding identical cells in module `\top'.
Computing hashes of 10 cells of `\top'.
Finding duplicate cells in `\top'.
Removed a total of 0 cells.

2.21.6. Executing OPT_SHARE pass.

2.21.7. Executing OPT_DFF pass (perform DFF optimizations).

2.21.8. Executing OPT_CLEAN pass (remove unused cells and wires).
Finding unused cells or wires in module \top..

2.21.9. Executing OPT_EXPR pass (perform const folding).
Optimizing module top.

2.21.10. Finished fast OPT passes. (There is nothing left to do.)

2.22. Executing TECHMAP pass (map to technology primitives).

2.22.1. Executing Verilog-2005 frontend: /share/techmap.v
Parsing Verilog input from `/share/techmap.v' to AST representation.
Generating RTLIL representation for module `\_90_simplemap_bool_ops'.
Generating RTLIL representation for module `\_90_simplemap_reduce_ops'.
Generating RTLIL representation for module `\_90_simplemap_logic_ops'.
Generating RTLIL representation for module `\_90_simplemap_compare_ops'.
Generating RTLIL representation for module `\_90_simplemap_various'.
Generating RTLIL representation for module `\_90_simplemap_registers'.
Generating RTLIL representation for module `\_90_shift_ops_shr_shl_sshl_sshr'.
Generating RTLIL representation for module `\_90_shift_shiftx'.
Generating RTLIL representation for module `\_90_fa'.
Generating RTLIL representation for module `\_90_lcu_brent_kung'.
Generating RTLIL representation for module `\_90_alu'.
Generating RTLIL representation for module `\_90_macc'.
Generating RTLIL representation for module `\_90_alumacc'.
Generating RTLIL representation for module `$__div_mod_u'.
Generating RTLIL representation for module `$__div_mod_trunc'.
Generating RTLIL representation for module `\_90_div'.
Generating RTLIL representation for module `\_90_mod'.
Generating RTLIL representation for module `$__div_mod_floor'.
Generating RTLIL representation for module `\_90_divfloor'.
Generating RTLIL representation for module `\_90_modfloor'.
Generating RTLIL representation for module `\_90_pow'.
Generating RTLIL representation for module `\_90_demux'.
Generating RTLIL representation for module `\_90_lut'.
Generating RTLIL representation for module `$connect'.
Generating RTLIL representation for module `$input_port'.
Successfully finished Verilog frontend.

2.22.2. Continuing TECHMAP pass.
Using template $paramod$381d5ac9ce4d79feb95fa03ade8f84c5a58bb3c0\_90_alu for cells of type $alu.
Using template $paramod$fd1ed558bf45777e56fc887290454192663a02cc\_90_alu for cells of type $alu.
Using template $paramod$2ee99f7d34604d49220c508e2a022c99f49ec060\_90_alu for cells of type $alu.
Using extmapper simplemap for cells of type $xor.
Using template $paramod\_90_fa\WIDTH=32'00000000000000000000000000001001 for cells of type $fa.
Using template $paramod\_90_lcu_brent_kung\WIDTH=32'00000000000000000000000000001001 for cells of type $lcu.
Using extmapper simplemap for cells of type $pos.
Using extmapper simplemap for cells of type $mux.
Using extmapper simplemap for cells of type $not.
Using template $paramod\_90_fa\WIDTH=32'00000000000000000000000000001010 for cells of type $fa.
Using template $paramod\_90_lcu_brent_kung\WIDTH=32'00000000000000000000000000001010 for cells of type $lcu.
Using extmapper simplemap for cells of type $or.
Using extmapper simplemap for cells of type $and.
No more expansions possible.
<suppressed ~787 debug messages>

2.23. Executing OPT pass (performing simple optimizations).

2.23.1. Executing OPT_EXPR pass (perform const folding).
Optimizing module top.
<suppressed ~412 debug messages>

2.23.2. Executing OPT_MERGE pass (detect identical cells).
Finding identical cells in module `\top'.
Computing hashes of 675 cells of `\top'.
Finding duplicate cells in `\top'.
Computing hashes of 605 cells of `\top'.
Finding duplicate cells in `\top'.
Computing hashes of 595 cells of `\top'.
Finding duplicate cells in `\top'.
<suppressed ~240 debug messages>
Removed a total of 80 cells.

2.23.3. Executing OPT_DFF pass (perform DFF optimizations).

2.23.4. Executing OPT_CLEAN pass (remove unused cells and wires).
Finding unused cells or wires in module \top..
Removed 49 unused cells and 415 unused wires.
<suppressed ~50 debug messages>

2.23.5. Finished fast OPT passes.

2.24. Executing HIERARCHY pass (managing design hierarchy).
Attribute `top' found on module `top'. Setting top module to top.

2.24.1. Analyzing design hierarchy..
Top module:  \top

2.24.2. Analyzing design hierarchy..
Top module:  \top
Removed 0 unused modules.

2.25. Printing statistics.

=== top ===

        +----------Local Count, excluding submodules.
        | 
      251 wires
      843 wire bits
       25 public wires
      348 public wire bits
        2 ports
      124 port bits
      546 cells
      238   $_AND_
       21   $_NOT_
      119   $_OR_
      168   $_XOR_

2.26. Executing CHECK pass (checking for obvious problems).
Checking module top...
Found and reported 0 problems.

3. Executing AIGMAP pass (map logic to AIG).
Module top: replaced 287 cells with 1652 new cells, skipped 259 cells.
  replaced 2 cell types:
     119 $_OR_
     168 $_XOR_
  not replaced 2 cell types:
     238 $_AND_
      21 $_NOT_

4. Executing OPT_CLEAN pass (remove unused cells and wires).
Finding unused cells or wires in module \top..
Removed 0 unused cells and 287 unused wires.
<suppressed ~1 debug messages>

5. Executing AIGER backend.
Warning: Treating undriven bit top.\x [0] like $anyseq.
Warning: Treating undriven bit top.\x [1] like $anyseq.
Warning: Treating undriven bit top.\x [2] like $anyseq.
Warning: Treating undriven bit top.\x [3] like $anyseq.
Warning: Treating undriven bit top.\x [4] like $anyseq.
Warning: Treating undriven bit top.\x [5] like $anyseq.
Warning: Treating undriven bit top.\x [6] like $anyseq.
Warning: Treating undriven bit top.\x [7] like $anyseq.
Warning: Treating undriven bit top.\x [8] like $anyseq.
Warning: Treating undriven bit top.\x [9] like $anyseq.
Warning: Treating undriven bit top.\x [10] like $anyseq.
Warning: Treating undriven bit top.\x [11] like $anyseq.
Warning: Treating undriven bit top.\x [12] like $anyseq.
Warning: Treating undriven bit top.\x [13] like $anyseq.
Warning: Treating undriven bit top.\x [14] like $anyseq.
Warning: Treating undriven bit top.\x [15] like $anyseq.
Warning: Treating undriven bit top.\x [16] like $anyseq.
Warning: Treating undriven bit top.\x [17] like $anyseq.
Warning: Treating undriven bit top.\x [18] like $anyseq.
Warning: Treating undriven bit top.\x [19] like $anyseq.
Warning: Treating undriven bit top.\x [20] like $anyseq.
Warning: Treating undriven bit top.\x [21] like $anyseq.
Warning: Treating undriven bit top.\x [22] like $anyseq.
Warning: Treating undriven bit top.\x [23] like $anyseq.
Warning: Treating a total of 24 undriven bits in top like $anyseq.

6. Executing AIGER backend.
Warning: Treating undriven bit top.\x [0] like $anyseq.
Warning: Treating undriven bit top.\x [1] like $anyseq.
Warning: Treating undriven bit top.\x [2] like $anyseq.
Warning: Treating undriven bit top.\x [3] like $anyseq.
Warning: Treating undriven bit top.\x [4] like $anyseq.
Warning: Treating undriven bit top.\x [5] like $anyseq.
Warning: Treating undriven bit top.\x [6] like $anyseq.
Warning: Treating undriven bit top.\x [7] like $anyseq.
Warning: Treating undriven bit top.\x [8] like $anyseq.
Warning: Treating undriven bit top.\x [9] like $anyseq.
Warning: Treating undriven bit top.\x [10] like $anyseq.
Warning: Treating undriven bit top.\x [11] like $anyseq.
Warning: Treating undriven bit top.\x [12] like $anyseq.
Warning: Treating undriven bit top.\x [13] like $anyseq.
Warning: Treating undriven bit top.\x [14] like $anyseq.
Warning: Treating undriven bit top.\x [15] like $anyseq.
Warning: Treating undriven bit top.\x [16] like $anyseq.
Warning: Treating undriven bit top.\x [17] like $anyseq.
Warning: Treating undriven bit top.\x [18] like $anyseq.
Warning: Treating undriven bit top.\x [19] like $anyseq.
Warning: Treating undriven bit top.\x [20] like $anyseq.
Warning: Treating undriven bit top.\x [21] like $anyseq.
Warning: Treating undriven bit top.\x [22] like $anyseq.
Warning: Treating undriven bit top.\x [23] like $anyseq.
Warning: Treating a total of 24 undriven bits in top like $anyseq.

Warnings: 25 unique messages, 50 total
End of script. Logfile hash: 21a50090a4, time: 0.28s, user: 0.29s, system: 0.00s
Yosys 0.69 (git sha1 9f75ca1f9, Release, Clang /workspace/YoWASP/yosys/wasi-sdk-33.0-x86_64-linux/share/cmake/../..//bin/clang++ 22.1.0)
Time spent: 35% 1x techmap (0 sec), 15% 3x read_verilog (0 sec), ...

rc=0 wall=0.7
