OpenROAD unknown 
Features included (+) or not (-): -GPU +GUI -Python
This program is licensed under the BSD-3 license. See the LICENSE file for details.
Components of this program may be licensed under more restrictive licenses which must be honored.
[INFO ORD-0030] Using 1 thread(s).
SIGNOFF_WS corner=ss setup=-1.2047762787403826e-9 hold=3.211051424756306e-10
SIGNOFF_SETUP_PATH_BEGIN
Startpoint: stt1_ff (rising edge-triggered flip-flop clocked by clk)
Endpoint: row5/_502_ (rising edge-triggered flip-flop clocked by clk)
Path Group: clk
Path Type: max

Fanout       Cap      Slew     Delay      Time   Description
-------------------------------------------------------------------------------------
                              0.0000    0.0000   clock clk (rise edge)
                              1.8080    1.8080   clock network delay (propagated)
                    0.0876    0.0000    1.8080 ^ stt1_ff/CLK (sky130_fd_sc_hd__dfxtp_4)
    14    0.2155    0.9512    1.3213    3.1293 ^ stt1_ff/Q (sky130_fd_sc_hd__dfxtp_4)
                                                 st_tree (net)
    25    0.1716    0.3155    0.6999    3.8291 ^ place1828/X (sky130_fd_sc_hd__buf_12)
                                                 net1828 (net)
    33    0.1451    0.6305    0.7200    4.5491 ^ place1825/X (sky130_fd_sc_hd__buf_4)
                                                 net1825 (net)
     2    0.0097    0.1859    0.3582    4.9073 v row5/_366_/Y (sky130_fd_sc_hd__nor2b_1)
                                                 row5/_185_ (net)
     1    0.0041    0.1481    0.8220    5.7293 v row5/_367_/X (sky130_fd_sc_hd__maj3_1)
                                                 row5/_033_ (net)
                    0.1481    0.0001    5.7294 v row5/_502_/D (sky130_fd_sc_hd__dfxtp_1)
                                        5.7294   data arrival time

                              3.0000    3.0000   clock clk (rise edge)
                              1.8199    4.8199   clock network delay (propagated)
                              0.0000    4.8199   clock reconvergence pessimism
                                        4.8199 ^ row5/_502_/CLK (sky130_fd_sc_hd__dfxtp_1)
                             -0.2953    4.5246   library setup time
                                        4.5246   data required time
-------------------------------------------------------------------------------------
                                        4.5246   data required time
                                       -5.7294   data arrival time
-------------------------------------------------------------------------------------
                                       -1.2048   slack (VIOLATED)


SIGNOFF_SETUP_PATH_END
SIGNOFF_HOLD_PATH_BEGIN
Startpoint: x[1] (input port clocked by clk)
Endpoint: ng1/_7_ (rising edge-triggered flip-flop clocked by clk)
Path Group: clk
Path Type: min

    Delay      Time   Description
-------------------------------------------------------------
   0.0000    0.0000   clock clk (rise edge)
   0.0000    0.0000   clock network delay (propagated)
   0.0000    0.0000 ^ input external delay
   0.0000    0.0000 ^ x[1] (in)
                      x[1] (net)
   0.9997    0.9997 ^ hold2074/X (sky130_fd_sc_hd__dlygate4sd3_1)
                      net2074 (net)
   0.9955    1.9952 ^ input13/X (sky130_fd_sc_hd__clkdlybuf4s50_1)
                      net13 (net)
   0.0007    1.9959 ^ ng1/_7_/D (sky130_fd_sc_hd__dfxtp_1)
             1.9959   data arrival time

   0.0000    0.0000   clock clk (rise edge)
   1.8027    1.8027   clock network delay (propagated)
   0.0000    1.8027   clock reconvergence pessimism
             1.8027 ^ ng1/_7_/CLK (sky130_fd_sc_hd__dfxtp_1)
  -0.1279    1.6748   library hold time
             1.6748   data required time
-------------------------------------------------------------
             1.6748   data required time
            -1.9959   data arrival time
-------------------------------------------------------------
             0.3211   slack (MET)


SIGNOFF_HOLD_PATH_END
SIGNOFF_PROG_WS setup=-8.8680174314959e-10
SIGNOFF_PROG_PATH_BEGIN
Startpoint: ng29/_8_ (rising edge-triggered flip-flop clocked by clk)
Endpoint: row15/_479_ (rising edge-triggered flip-flop clocked by clk)
Path Group: clk
Path Type: max

Fanout       Cap      Slew     Delay      Time   Description
-------------------------------------------------------------------------------------
                              0.0000    0.0000   clock clk (rise edge)
                              1.8220    1.8220   clock network delay (propagated)
                    0.0924    0.0000    1.8220 ^ ng29/_8_/CLK (sky130_fd_sc_hd__dfxtp_1)
     1    0.0485    0.7173    1.1006    2.9226 ^ ng29/_8_/Q (sky130_fd_sc_hd__dfxtp_1)
                                                 ln29 (net)
    64    0.2290    0.9795    1.1309    4.0535 ^ lt_ln29/Z (LTAP)
                                                 pgm_ln29 (net)
     2    0.0093    0.1937    0.4802    4.5337 ^ vs_15_29/Z (VSITE_BUF)
                                                 lf_15_29 (net)
     1    0.0040    0.1281    0.8714    5.4051 v row15/_335_/X (sky130_fd_sc_hd__xor3_1)
                                                 row15/_068_ (net)
                    0.1281    0.0001    5.4053 v row15/_479_/D (sky130_fd_sc_hd__dfxtp_1)
                                        5.4053   data arrival time

                              3.0000    3.0000   clock clk (rise edge)
                              1.8069    4.8069   clock network delay (propagated)
                              0.0000    4.8069   clock reconvergence pessimism
                                        4.8069 ^ row15/_479_/CLK (sky130_fd_sc_hd__dfxtp_1)
                             -0.2884    4.5185   library setup time
                                        4.5185   data required time
-------------------------------------------------------------------------------------
                                        4.5185   data required time
                                       -5.4053   data arrival time
-------------------------------------------------------------------------------------
                                       -0.8868   slack (VIOLATED)


SIGNOFF_PROG_PATH_END
SIGNOFF_SLEW tap_input_max=0.745737 tap_input_pin=lt_ln45/A site_input_max=0.985405 site_input_pin=vs_61_25/A
SIGNOFF_SPINE_DRIVERS sky130_fd_sc_hd__dfxtp_1 128
