OpenROAD unknown 
Features included (+) or not (-): -GPU +GUI -Python
This program is licensed under the BSD-3 license. See the LICENSE file for details.
Components of this program may be licensed under more restrictive licenses which must be honored.
[INFO ORD-0030] Using 2 thread(s).
G2: removed 26269 base nets (all base wiring is at or below met3)
G2: programmable nets 128, pins 2584
[WARNING GRT-0300] Timing is not available, setting critical nets percentage to 0.
[INFO GRT-0020] Min routing layer: met4
[INFO GRT-0021] Max routing layer: met5
[INFO GRT-0022] Global adjustment: 0%
[INFO GRT-0023] Grid origin: (0, 0)
[INFO GRT-0088] Layer li1     Track-Pitch = 0.4600  line-2-Via Pitch: 0.3400
[INFO GRT-0088] Layer met1    Track-Pitch = 0.3400  line-2-Via Pitch: 0.3400
[INFO GRT-0088] Layer met2    Track-Pitch = 0.4600  line-2-Via Pitch: 0.3500
[INFO GRT-0088] Layer met3    Track-Pitch = 0.6800  line-2-Via Pitch: 0.6150
[INFO GRT-0088] Layer met4    Track-Pitch = 0.9200  line-2-Via Pitch: 1.0400
[INFO GRT-0088] Layer met5    Track-Pitch = 3.4000  line-2-Via Pitch: 3.1100
[INFO GRT-0003] Macros: 0
[INFO GRT-0004] Blockages: 0
[INFO GRT-0019] Found 0 clock nets.
[INFO GRT-0001] Minimum degree: 10
[INFO GRT-0002] Maximum degree: 30

[INFO GRT-0053] Routing resources analysis:
          Routing      Original      Derated      Resource
Layer     Direction    Resources     Resources    Reduction (%)
---------------------------------------------------------------
li1        Vertical            0             0          0.00%
met1       Horizontal          0             0          0.00%
met2       Vertical            0             0          0.00%
met3       Horizontal          0             0          0.00%
met4       Vertical        85543         85543          0.00%
met5       Horizontal      25197         25197          0.00%
---------------------------------------------------------------

[INFO GRT-0101] Running extra iterations to remove congestion.
[INFO GRT-0102] Start extra iteration 1/30
[INFO GRT-0102] Start extra iteration 2/30
[INFO GRT-0102] Start extra iteration 3/30
[INFO GRT-0102] Start extra iteration 4/30
[INFO GRT-0102] Start extra iteration 5/30
[INFO GRT-0102] Start extra iteration 6/30
[INFO GRT-0102] Start extra iteration 7/30
[INFO GRT-0102] Start extra iteration 8/30
[INFO GRT-0102] Start extra iteration 9/30
[INFO GRT-0102] Start extra iteration 10/30
[INFO GRT-0102] Start extra iteration 11/30
[INFO GRT-0102] Start extra iteration 12/30
[INFO GRT-0102] Start extra iteration 13/30
[INFO GRT-0102] Start extra iteration 14/30
[INFO GRT-0102] Start extra iteration 15/30
[INFO GRT-0102] Start extra iteration 16/30
[INFO GRT-0102] Start extra iteration 17/30
[INFO GRT-0102] Start extra iteration 18/30
[INFO GRT-0102] Start extra iteration 19/30
[INFO GRT-0197] Via related to pin nodes: 1502
[INFO GRT-0198] Via related Steiner nodes: 890
[INFO GRT-0199] Via filling finished.
[INFO GRT-0111] Final number of vias: 6457
[INFO GRT-0112] Final usage 3D: 76105

[INFO GRT-0096] Final congestion report:
Layer         Resource        Demand        Usage (%)    Max H / Max V / Total Congestion
---------------------------------------------------------------------------------------
li1                  0             0            0.00%             0 /  0 /  0
met1                 0             0            0.00%             0 /  0 /  0
met2                 0             0            0.00%             0 /  0 /  0
met3                 0             0            0.00%             0 /  0 /  0
met4             85543         36363           42.51%             0 /  0 /  0
met5             25197         20371           80.85%             0 /  0 /  0
---------------------------------------------------------------------------------------
Total           110740         56734           51.23%             0 /  0 /  0

[INFO GRT-0018] Total wirelength: 442600 um
[INFO GRT-0014] Routed nets: 128
[INFO GRT-0303] Global routing runtime = 00:00:06
[INFO DRT-0149] Reading tech and libs.
[WARNING DRT-0349] LEF58_ENCLOSURE with no CUTCLASS is not supported. Skipping for layer mcon
[WARNING DRT-0349] LEF58_ENCLOSURE with no CUTCLASS is not supported. Skipping for layer mcon
[WARNING DRT-0349] LEF58_ENCLOSURE with no CUTCLASS is not supported. Skipping for layer via
[WARNING DRT-0349] LEF58_ENCLOSURE with no CUTCLASS is not supported. Skipping for layer via
[WARNING DRT-0349] LEF58_ENCLOSURE with no CUTCLASS is not supported. Skipping for layer via2
[WARNING DRT-0349] LEF58_ENCLOSURE with no CUTCLASS is not supported. Skipping for layer via2
[WARNING DRT-0349] LEF58_ENCLOSURE with no CUTCLASS is not supported. Skipping for layer via3
[WARNING DRT-0349] LEF58_ENCLOSURE with no CUTCLASS is not supported. Skipping for layer via3
[WARNING DRT-0349] LEF58_ENCLOSURE with no CUTCLASS is not supported. Skipping for layer via4
[WARNING DRT-0349] LEF58_ENCLOSURE with no CUTCLASS is not supported. Skipping for layer via4

Units:                1000
Number of layers:     13
Number of macros:     445
Number of vias:       25
Number of viarulegen: 25

[INFO DRT-0150] Reading design.

Design:                   top
Die area:                 ( 0 0 ) ( 774240 774240 )
Number of track patterns: 12
Number of DEF vias:       0
Number of components:     75074
Number of terminals:      0
Number of snets:          2
Number of nets:           128

[INFO DRT-0167] List of default vias:
  Layer via4
    default via: M4M5_PR
[INFO DRT-0162] Library cell analysis.
[INFO DRT-0163] Instance analysis.
[INFO DRT-0164] Number of unique instances = 109.
[INFO DRT-0168] Init region query.
[INFO DRT-0024]   Complete FR_MASTERSLICE.
[INFO DRT-0024]   Complete Fr_VIA.
[INFO DRT-0024]   Complete li1.
[INFO DRT-0024]   Complete mcon.
[INFO DRT-0024]   Complete met1.
[INFO DRT-0024]   Complete via.
[INFO DRT-0024]   Complete met2.
[INFO DRT-0024]   Complete via2.
[INFO DRT-0024]   Complete met3.
[INFO DRT-0024]   Complete via3.
[INFO DRT-0024]   Complete met4.
[INFO DRT-0024]   Complete via4.
[INFO DRT-0024]   Complete met5.
[INFO DRT-0033] FR_MASTERSLICE shape region query size = 0.
[INFO DRT-0033] FR_VIA shape region query size = 0.
[INFO DRT-0033] li1 shape region query size = 1209224.
[INFO DRT-0033] mcon shape region query size = 988442.
[INFO DRT-0033] met1 shape region query size = 263591.
[INFO DRT-0033] via shape region query size = 0.
[INFO DRT-0033] met2 shape region query size = 4224.
[INFO DRT-0033] via2 shape region query size = 0.
[INFO DRT-0033] met3 shape region query size = 4224.
[INFO DRT-0033] via3 shape region query size = 0.
[INFO DRT-0033] met4 shape region query size = 4224.
[INFO DRT-0033] via4 shape region query size = 0.
[INFO DRT-0033] met5 shape region query size = 0.
[INFO DRT-0165] Start pin access.
[INFO DRT-0078]   Complete 531 pins.
[INFO DRT-0079]   Complete 100 unique inst patterns.
[INFO DRT-0081]   Complete 109 unique inst patterns.
[INFO DRT-0084]   Complete 2357 groups.
#scanned instances     = 75074
#unique  instances     = 109
#stdCellGenAp          = 127
#stdCellValidPlanarAp  = 127
#stdCellValidViaAp     = 0
#stdCellPinNoAp        = 0
#stdCellPinCnt         = 2584
#instTermValidViaApCnt = 0
#macroGenAp            = 0
#macroValidPlanarAp    = 0
#macroValidViaAp       = 0
#macroNoAp             = 0
[INFO DRT-0166] Complete pin access.
[INFO DRT-0267] cpu time = 00:00:00, elapsed time = 00:00:00, memory = 510.34 (MB), peak = 510.14 (MB)

[INFO DRT-0157] Number of guides:     13359

[INFO DRT-0169] Post process guides.
[INFO DRT-0176] GCELLGRID X 0 DO 112 STEP 6900 ;
[INFO DRT-0177] GCELLGRID Y 0 DO 112 STEP 6900 ;
[INFO DRT-0028]   Complete FR_MASTERSLICE.
[INFO DRT-0028]   Complete Fr_VIA.
[INFO DRT-0028]   Complete li1.
[INFO DRT-0028]   Complete mcon.
[INFO DRT-0028]   Complete met1.
[INFO DRT-0028]   Complete via.
[INFO DRT-0028]   Complete met2.
[INFO DRT-0028]   Complete via2.
[INFO DRT-0028]   Complete met3.
[INFO DRT-0028]   Complete via3.
[INFO DRT-0028]   Complete met4.
[INFO DRT-0028]   Complete via4.
[INFO DRT-0028]   Complete met5.
[INFO DRT-0178] Init guide query.
[INFO DRT-0035]   Complete FR_MASTERSLICE (guide).
[INFO DRT-0035]   Complete Fr_VIA (guide).
[INFO DRT-0035]   Complete li1 (guide).
[INFO DRT-0035]   Complete mcon (guide).
[INFO DRT-0035]   Complete met1 (guide).
[INFO DRT-0035]   Complete via (guide).
[INFO DRT-0035]   Complete met2 (guide).
[INFO DRT-0035]   Complete via2 (guide).
[INFO DRT-0035]   Complete met3 (guide).
[INFO DRT-0035]   Complete via3 (guide).
[INFO DRT-0035]   Complete met4 (guide).
[INFO DRT-0035]   Complete via4 (guide).
[INFO DRT-0035]   Complete met5 (guide).
[INFO DRT-0036] FR_MASTERSLICE guide region query size = 0.
[INFO DRT-0036] FR_VIA guide region query size = 0.
[INFO DRT-0036] li1 guide region query size = 0.
[INFO DRT-0036] mcon guide region query size = 0.
[INFO DRT-0036] met1 guide region query size = 0.
[INFO DRT-0036] via guide region query size = 0.
[INFO DRT-0036] met2 guide region query size = 0.
[INFO DRT-0036] via2 guide region query size = 0.
[INFO DRT-0036] met3 guide region query size = 0.
[INFO DRT-0036] via3 guide region query size = 0.
[INFO DRT-0036] met4 guide region query size = 4826.
[INFO DRT-0036] via4 guide region query size = 0.
[INFO DRT-0036] met5 guide region query size = 3378.
[INFO DRT-0179] Init gr pin query.
[INFO DRT-0267] cpu time = 00:00:00, elapsed time = 00:00:00, memory = 510.73 (MB), peak = 510.39 (MB)
[INFO DRT-0245] skipped writing guide updates to database.
[INFO DRT-0181] Start track assignment.
[INFO DRT-0184] Done with 4826 vertical wires in 3 frboxes and 3378 horizontal wires in 3 frboxes.
[INFO DRT-0186] Done with 4001 vertical wires in 3 frboxes and 1972 horizontal wires in 3 frboxes.
[INFO DRT-0182] Complete track assignment.
[INFO DRT-0267] cpu time = 00:00:06, elapsed time = 00:00:03, memory = 701.46 (MB), peak = 701.07 (MB)
[INFO DRT-0187] Start routing data preparation.
[INFO DRT-0267] cpu time = 00:00:00, elapsed time = 00:00:00, memory = 701.52 (MB), peak = 701.07 (MB)
[INFO DRT-0194] Start detail routing.
[INFO DRT-0195] Start 0th optimization iteration.
    Completing 10% with 0 violations.
    elapsed time = 00:00:06, memory = 915.96 (MB).
    Completing 20% with 0 violations.
    elapsed time = 00:00:13, memory = 1326.73 (MB).
    Completing 30% with 2927 violations.
    elapsed time = 00:00:20, memory = 1030.25 (MB).
    Completing 40% with 2927 violations.
    elapsed time = 00:00:27, memory = 1163.05 (MB).
    Completing 50% with 2927 violations.
    elapsed time = 00:00:35, memory = 1509.46 (MB).
    Completing 60% with 6191 violations.
    elapsed time = 00:00:43, memory = 1034.86 (MB).
    Completing 70% with 6191 violations.
    elapsed time = 00:00:50, memory = 1374.25 (MB).
    Completing 80% with 8995 violations.
    elapsed time = 00:00:57, memory = 986.99 (MB).
    Completing 90% with 8995 violations.
    elapsed time = 00:01:05, memory = 1198.91 (MB).
    Completing 100% with 12025 violations.
    elapsed time = 00:01:12, memory = 1119.55 (MB).
[INFO DRT-0199]   Number of violations = 12727.
Viol/Layer        met4   via4   met5
Cut Spacing          0      2      0
Metal Spacing     2631      0     73
Recheck            651      0     51
Short             8737      5    577
[INFO DRT-0267] cpu time = 00:02:19, elapsed time = 00:01:12, memory = 1028.55 (MB), peak = 1518.45 (MB)
Total wire length = 406249 um.
Total wire length on LAYER li1 = 0 um.
Total wire length on LAYER met1 = 0 um.
Total wire length on LAYER met2 = 0 um.
Total wire length on LAYER met3 = 0 um.
Total wire length on LAYER met4 = 272151 um.
Total wire length on LAYER met5 = 134097 um.
Total number of vias = 4509.
Up-via summary (total 4509):

-----------------------
 FR_MASTERSLICE       0
            li1       0
           met1       0
           met2       0
           met3       0
           met4    4509
-----------------------
               4509


[INFO DRT-0195] Start 1st optimization iteration.
    Completing 10% with 12727 violations.
    elapsed time = 00:00:06, memory = 1020.97 (MB).
    Completing 20% with 12727 violations.
    elapsed time = 00:00:13, memory = 1334.12 (MB).
    Completing 30% with 12709 violations.
    elapsed time = 00:00:18, memory = 1154.91 (MB).
    Completing 40% with 12709 violations.
    elapsed time = 00:00:25, memory = 1145.47 (MB).
    Completing 50% with 12709 violations.
    elapsed time = 00:00:33, memory = 1491.08 (MB).
    Completing 60% with 12387 violations.
    elapsed time = 00:00:39, memory = 1195.56 (MB).
    Completing 70% with 12387 violations.
    elapsed time = 00:00:47, memory = 1269.19 (MB).
    Completing 80% with 11921 violations.
    elapsed time = 00:00:54, memory = 1208.55 (MB).
    Completing 90% with 11921 violations.
    elapsed time = 00:01:02, memory = 1208.66 (MB).
    Completing 100% with 11379 violations.
    elapsed time = 00:01:11, memory = 1273.07 (MB).
[INFO DRT-0199]   Number of violations = 11379.
Viol/Layer        met4   via4   met5
Cut Spacing          0      1      0
Metal Spacing     2057      0    244
Short             8588      1    488
[INFO DRT-0267] cpu time = 00:02:19, elapsed time = 00:01:11, memory = 1154.28 (MB), peak = 1546.64 (MB)
Total wire length = 408197 um.
Total wire length on LAYER li1 = 0 um.
Total wire length on LAYER met1 = 0 um.
Total wire length on LAYER met2 = 0 um.
Total wire length on LAYER met3 = 0 um.
Total wire length on LAYER met4 = 275490 um.
Total wire length on LAYER met5 = 132707 um.
Total number of vias = 4207.
Up-via summary (total 4207):

-----------------------
 FR_MASTERSLICE       0
            li1       0
           met1       0
           met2       0
           met3       0
           met4    4207
-----------------------
               4207


[INFO DRT-0198] Complete detail routing.
Total wire length = 408197 um.
Total wire length on LAYER li1 = 0 um.
Total wire length on LAYER met1 = 0 um.
Total wire length on LAYER met2 = 0 um.
Total wire length on LAYER met3 = 0 um.
Total wire length on LAYER met4 = 275490 um.
Total wire length on LAYER met5 = 132707 um.
Total number of vias = 4207.
Up-via summary (total 4207):

-----------------------
 FR_MASTERSLICE       0
            li1       0
           met1       0
           met2       0
           met3       0
           met4    4207
-----------------------
               4207


[INFO DRT-0267] cpu time = 00:04:39, elapsed time = 00:02:24, memory = 1154.59 (MB), peak = 1546.64 (MB)

[INFO DRT-0180] Post processing.
[INFO DRT-0501] Runtime: 149.63s
G2_RESULT drc=11379
[INFO ANT-0002] Found 0 net violations.
[INFO ANT-0001] Found 0 pin violations.
