OpenROAD unknown 
Features included (+) or not (-): -GPU +GUI -Python
This program is licensed under the BSD-3 license. See the LICENSE file for details.
Components of this program may be licensed under more restrictive licenses which must be honored.
[INFO ORD-0030] Using 2 thread(s).
G2: removed 26287 base nets (all base wiring is at or below met3)
G2: programmable nets 128, pins 2584
[WARNING GRT-0300] Timing is not available, setting critical nets percentage to 0.
[INFO GRT-0020] Min routing layer: met4
[INFO GRT-0021] Max routing layer: met5
[INFO GRT-0022] Global adjustment: 0%
[INFO GRT-0023] Grid origin: (0, 0)
[INFO GRT-0088] Layer li1     Track-Pitch = 0.4600  line-2-Via Pitch: 0.3400
[INFO GRT-0088] Layer met1    Track-Pitch = 0.3400  line-2-Via Pitch: 0.3400
[INFO GRT-0088] Layer met2    Track-Pitch = 0.4600  line-2-Via Pitch: 0.3500
[INFO GRT-0088] Layer met3    Track-Pitch = 0.6800  line-2-Via Pitch: 0.6150
[INFO GRT-0088] Layer met4    Track-Pitch = 0.9200  line-2-Via Pitch: 1.0400
[INFO GRT-0088] Layer met5    Track-Pitch = 3.4000  line-2-Via Pitch: 3.1100
[INFO GRT-0003] Macros: 0
[INFO GRT-0004] Blockages: 0
[INFO GRT-0019] Found 0 clock nets.
[INFO GRT-0001] Minimum degree: 10
[INFO GRT-0002] Maximum degree: 30

[INFO GRT-0053] Routing resources analysis:
          Routing      Original      Derated      Resource
Layer     Direction    Resources     Resources    Reduction (%)
---------------------------------------------------------------
li1        Vertical            0             0          0.00%
met1       Horizontal          0             0          0.00%
met2       Vertical            0             0          0.00%
met3       Horizontal          0             0          0.00%
met4       Vertical        65430         65430          0.00%
met5       Horizontal      20196         20196          0.00%
---------------------------------------------------------------

[INFO GRT-0197] Via related to pin nodes: 120
[INFO GRT-0198] Via related Steiner nodes: 60
[INFO GRT-0199] Via filling finished.
[INFO GRT-0111] Final number of vias: 180
[INFO GRT-0112] Final usage 3D: 12148

[INFO GRT-0096] Final congestion report:
Layer         Resource        Demand        Usage (%)    Max H / Max V / Total Congestion
---------------------------------------------------------------------------------------
li1                  0             0            0.00%             0 /  0 /  0
met1                 0             0            0.00%             0 /  0 /  0
met2                 0             0            0.00%             0 /  0 /  0
met3                 0             0            0.00%             0 /  0 /  0
met4             65430         11548           17.65%             0 /  0 /  0
met5             20196            60            0.30%             0 /  0 /  0
---------------------------------------------------------------------------------------
Total            85626         11608           13.56%             0 /  0 /  0

[INFO GRT-0018] Total wirelength: 97455 um
[INFO GRT-0014] Routed nets: 128
[INFO GRT-0303] Global routing runtime = 00:00:00
[INFO DRT-0149] Reading tech and libs.
[WARNING DRT-0349] LEF58_ENCLOSURE with no CUTCLASS is not supported. Skipping for layer mcon
[WARNING DRT-0349] LEF58_ENCLOSURE with no CUTCLASS is not supported. Skipping for layer mcon
[WARNING DRT-0349] LEF58_ENCLOSURE with no CUTCLASS is not supported. Skipping for layer via
[WARNING DRT-0349] LEF58_ENCLOSURE with no CUTCLASS is not supported. Skipping for layer via
[WARNING DRT-0349] LEF58_ENCLOSURE with no CUTCLASS is not supported. Skipping for layer via2
[WARNING DRT-0349] LEF58_ENCLOSURE with no CUTCLASS is not supported. Skipping for layer via2
[WARNING DRT-0349] LEF58_ENCLOSURE with no CUTCLASS is not supported. Skipping for layer via3
[WARNING DRT-0349] LEF58_ENCLOSURE with no CUTCLASS is not supported. Skipping for layer via3
[WARNING DRT-0349] LEF58_ENCLOSURE with no CUTCLASS is not supported. Skipping for layer via4
[WARNING DRT-0349] LEF58_ENCLOSURE with no CUTCLASS is not supported. Skipping for layer via4

Units:                1000
Number of layers:     13
Number of macros:     445
Number of vias:       25
Number of viarulegen: 25

[INFO DRT-0150] Reading design.

Design:                   top
Die area:                 ( 0 0 ) ( 692925 692925 )
Number of track patterns: 12
Number of DEF vias:       0
Number of components:     57277
Number of terminals:      0
Number of snets:          2
Number of nets:           128

[INFO DRT-0167] List of default vias:
  Layer via4
    default via: M4M5_PR
[INFO DRT-0162] Library cell analysis.
[INFO DRT-0163] Instance analysis.
[INFO DRT-0164] Number of unique instances = 97.
[INFO DRT-0168] Init region query.
[INFO DRT-0024]   Complete FR_MASTERSLICE.
[INFO DRT-0024]   Complete Fr_VIA.
[INFO DRT-0024]   Complete li1.
[INFO DRT-0024]   Complete mcon.
[INFO DRT-0024]   Complete met1.
[INFO DRT-0024]   Complete via.
[INFO DRT-0024]   Complete met2.
[INFO DRT-0024]   Complete via2.
[INFO DRT-0024]   Complete met3.
[INFO DRT-0024]   Complete via3.
[INFO DRT-0024]   Complete met4.
[INFO DRT-0024]   Complete via4.
[INFO DRT-0024]   Complete met5.
[INFO DRT-0033] FR_MASTERSLICE shape region query size = 0.
[INFO DRT-0033] FR_VIA shape region query size = 0.
[INFO DRT-0033] li1 shape region query size = 1168796.
[INFO DRT-0033] mcon shape region query size = 802352.
[INFO DRT-0033] met1 shape region query size = 227968.
[INFO DRT-0033] via shape region query size = 0.
[INFO DRT-0033] met2 shape region query size = 4224.
[INFO DRT-0033] via2 shape region query size = 0.
[INFO DRT-0033] met3 shape region query size = 4224.
[INFO DRT-0033] via3 shape region query size = 0.
[INFO DRT-0033] met4 shape region query size = 4224.
[INFO DRT-0033] via4 shape region query size = 0.
[INFO DRT-0033] met5 shape region query size = 0.
[INFO DRT-0165] Start pin access.
[INFO DRT-0078]   Complete 489 pins.
[INFO DRT-0081]   Complete 97 unique inst patterns.
[INFO DRT-0084]   Complete 2584 groups.
#scanned instances     = 57277
#unique  instances     = 97
#stdCellGenAp          = 74
#stdCellValidPlanarAp  = 74
#stdCellValidViaAp     = 0
#stdCellPinNoAp        = 0
#stdCellPinCnt         = 2584
#instTermValidViaApCnt = 0
#macroGenAp            = 0
#macroValidPlanarAp    = 0
#macroValidViaAp       = 0
#macroNoAp             = 0
[INFO DRT-0166] Complete pin access.
[INFO DRT-0267] cpu time = 00:00:00, elapsed time = 00:00:00, memory = 459.98 (MB), peak = 465.74 (MB)

[INFO DRT-0157] Number of guides:     2636

[INFO DRT-0169] Post process guides.
[INFO DRT-0176] GCELLGRID X 0 DO 100 STEP 6900 ;
[INFO DRT-0177] GCELLGRID Y 0 DO 100 STEP 6900 ;
[INFO DRT-0028]   Complete FR_MASTERSLICE.
[INFO DRT-0028]   Complete Fr_VIA.
[INFO DRT-0028]   Complete li1.
[INFO DRT-0028]   Complete mcon.
[INFO DRT-0028]   Complete met1.
[INFO DRT-0028]   Complete via.
[INFO DRT-0028]   Complete met2.
[INFO DRT-0028]   Complete via2.
[INFO DRT-0028]   Complete met3.
[INFO DRT-0028]   Complete via3.
[INFO DRT-0028]   Complete met4.
[INFO DRT-0028]   Complete via4.
[INFO DRT-0028]   Complete met5.
[INFO DRT-0178] Init guide query.
[INFO DRT-0035]   Complete FR_MASTERSLICE (guide).
[INFO DRT-0035]   Complete Fr_VIA (guide).
[INFO DRT-0035]   Complete li1 (guide).
[INFO DRT-0035]   Complete mcon (guide).
[INFO DRT-0035]   Complete met1 (guide).
[INFO DRT-0035]   Complete via (guide).
[INFO DRT-0035]   Complete met2 (guide).
[INFO DRT-0035]   Complete via2 (guide).
[INFO DRT-0035]   Complete met3 (guide).
[INFO DRT-0035]   Complete via3 (guide).
[INFO DRT-0035]   Complete met4 (guide).
[INFO DRT-0035]   Complete via4 (guide).
[INFO DRT-0035]   Complete met5 (guide).
[INFO DRT-0036] FR_MASTERSLICE guide region query size = 0.
[INFO DRT-0036] FR_VIA guide region query size = 0.
[INFO DRT-0036] li1 guide region query size = 0.
[INFO DRT-0036] mcon guide region query size = 0.
[INFO DRT-0036] met1 guide region query size = 0.
[INFO DRT-0036] via guide region query size = 0.
[INFO DRT-0036] met2 guide region query size = 0.
[INFO DRT-0036] via2 guide region query size = 0.
[INFO DRT-0036] met3 guide region query size = 0.
[INFO DRT-0036] via3 guide region query size = 0.
[INFO DRT-0036] met4 guide region query size = 2479.
[INFO DRT-0036] via4 guide region query size = 0.
[INFO DRT-0036] met5 guide region query size = 23.
[INFO DRT-0179] Init gr pin query.
[INFO DRT-0267] cpu time = 00:00:00, elapsed time = 00:00:00, memory = 460.24 (MB), peak = 465.74 (MB)
[INFO DRT-0245] skipped writing guide updates to database.
[INFO DRT-0181] Start track assignment.
[INFO DRT-0184] Done with 2479 vertical wires in 2 frboxes and 23 horizontal wires in 2 frboxes.
[INFO DRT-0186] Done with 1575 vertical wires in 2 frboxes and 0 horizontal wires in 2 frboxes.
[INFO DRT-0182] Complete track assignment.
[INFO DRT-0267] cpu time = 00:00:04, elapsed time = 00:00:04, memory = 576.46 (MB), peak = 652.26 (MB)
[INFO DRT-0187] Start routing data preparation.
[INFO DRT-0267] cpu time = 00:00:00, elapsed time = 00:00:00, memory = 576.53 (MB), peak = 652.26 (MB)
[INFO DRT-0194] Start detail routing.
[INFO DRT-0195] Start 0th optimization iteration.
    Completing 10% with 0 violations.
    elapsed time = 00:00:07, memory = 809.86 (MB).
    Completing 20% with 0 violations.
    elapsed time = 00:00:14, memory = 1168.71 (MB).
    Completing 30% with 301 violations.
    elapsed time = 00:00:20, memory = 965.59 (MB).
    Completing 40% with 301 violations.
    elapsed time = 00:00:28, memory = 962.88 (MB).
    Completing 50% with 301 violations.
    elapsed time = 00:00:35, memory = 1249.98 (MB).
    Completing 60% with 554 violations.
    elapsed time = 00:00:43, memory = 909.44 (MB).
    Completing 70% with 554 violations.
    elapsed time = 00:00:50, memory = 1096.98 (MB).
    Completing 80% with 832 violations.
    elapsed time = 00:00:58, memory = 976.11 (MB).
    Completing 90% with 832 violations.
    elapsed time = 00:01:06, memory = 984.86 (MB).
    Completing 100% with 1100 violations.
    elapsed time = 00:01:15, memory = 1035.14 (MB).
[INFO DRT-0199]   Number of violations = 1269.
Viol/Layer        met4
Metal Spacing      427
Recheck            169
Short              673
[INFO DRT-0267] cpu time = 00:01:14, elapsed time = 00:01:15, memory = 1024.58 (MB), peak = 1352.98 (MB)
Total wire length = 84782 um.
Total wire length on LAYER li1 = 0 um.
Total wire length on LAYER met1 = 0 um.
Total wire length on LAYER met2 = 0 um.
Total wire length on LAYER met3 = 0 um.
Total wire length on LAYER met4 = 84763 um.
Total wire length on LAYER met5 = 18 um.
Total number of vias = 6.
Up-via summary (total 6):

--------------------
 FR_MASTERSLICE    0
            li1    0
           met1    0
           met2    0
           met3    0
           met4    6
--------------------
               6


[INFO DRT-0195] Start 1st optimization iteration.
    Completing 10% with 1269 violations.
    elapsed time = 00:00:05, memory = 1003.95 (MB).
    Completing 20% with 1269 violations.
    elapsed time = 00:00:10, memory = 1154.88 (MB).
    Completing 30% with 1172 violations.
    elapsed time = 00:00:15, memory = 1074.79 (MB).
    Completing 40% with 1172 violations.
    elapsed time = 00:00:20, memory = 1074.95 (MB).
    Completing 50% with 1172 violations.
    elapsed time = 00:00:25, memory = 1266.68 (MB).
    Completing 60% with 1065 violations.
    elapsed time = 00:00:32, memory = 1108.92 (MB).
    Completing 70% with 1065 violations.
    elapsed time = 00:00:38, memory = 1109.76 (MB).
    Completing 80% with 895 violations.
    elapsed time = 00:00:45, memory = 1142.76 (MB).
    Completing 90% with 895 violations.
    elapsed time = 00:00:51, memory = 1143.53 (MB).
    Completing 100% with 746 violations.
    elapsed time = 00:00:58, memory = 1168.87 (MB).
[INFO DRT-0199]   Number of violations = 746.
Viol/Layer        met4
Metal Spacing      293
Short              453
[INFO DRT-0267] cpu time = 00:01:16, elapsed time = 00:00:58, memory = 1147.43 (MB), peak = 1360.48 (MB)
Total wire length = 85883 um.
Total wire length on LAYER li1 = 0 um.
Total wire length on LAYER met1 = 0 um.
Total wire length on LAYER met2 = 0 um.
Total wire length on LAYER met3 = 0 um.
Total wire length on LAYER met4 = 85883 um.
Total wire length on LAYER met5 = 0 um.
Total number of vias = 0.
Up-via summary (total 0):

--------------------
 FR_MASTERSLICE    0
            li1    0
           met1    0
           met2    0
           met3    0
           met4    0
--------------------
               0


[INFO DRT-0195] Start 2nd optimization iteration.
    Completing 10% with 746 violations.
    elapsed time = 00:00:03, memory = 1147.95 (MB).
    Completing 20% with 746 violations.
    elapsed time = 00:00:08, memory = 1124.97 (MB).
    Completing 30% with 723 violations.
    elapsed time = 00:00:13, memory = 1117.27 (MB).
    Completing 40% with 723 violations.
    elapsed time = 00:00:18, memory = 1123.77 (MB).
    Completing 50% with 723 violations.
    elapsed time = 00:00:24, memory = 1164.21 (MB).
    Completing 60% with 687 violations.
    elapsed time = 00:00:29, memory = 1113.47 (MB).
    Completing 70% with 687 violations.
    elapsed time = 00:00:35, memory = 1113.47 (MB).
    Completing 80% with 661 violations.
    elapsed time = 00:00:39, memory = 1165.10 (MB).
    Completing 90% with 661 violations.
    elapsed time = 00:00:45, memory = 1166.24 (MB).
    Completing 100% with 631 violations.
    elapsed time = 00:00:51, memory = 1149.20 (MB).
[INFO DRT-0199]   Number of violations = 631.
Viol/Layer        met4
Metal Spacing      265
Short              366
[INFO DRT-0267] cpu time = 00:01:06, elapsed time = 00:00:51, memory = 1173.47 (MB), peak = 1360.48 (MB)
Total wire length = 85811 um.
Total wire length on LAYER li1 = 0 um.
Total wire length on LAYER met1 = 0 um.
Total wire length on LAYER met2 = 0 um.
Total wire length on LAYER met3 = 0 um.
Total wire length on LAYER met4 = 85811 um.
Total wire length on LAYER met5 = 0 um.
Total number of vias = 0.
Up-via summary (total 0):

--------------------
 FR_MASTERSLICE    0
            li1    0
           met1    0
           met2    0
           met3    0
           met4    0
--------------------
               0


[INFO DRT-0195] Start 3rd optimization iteration.
    Completing 10% with 631 violations.
    elapsed time = 00:00:04, memory = 1164.47 (MB).
    Completing 20% with 631 violations.
    elapsed time = 00:00:09, memory = 1154.47 (MB).
    Completing 30% with 561 violations.
    elapsed time = 00:00:12, memory = 1145.86 (MB).
    Completing 40% with 561 violations.
    elapsed time = 00:00:17, memory = 1146.27 (MB).
    Completing 50% with 561 violations.
    elapsed time = 00:00:21, memory = 1183.67 (MB).
    Completing 60% with 496 violations.
    elapsed time = 00:00:26, memory = 1170.92 (MB).
    Completing 70% with 496 violations.
    elapsed time = 00:00:30, memory = 1170.96 (MB).
    Completing 80% with 409 violations.
    elapsed time = 00:00:35, memory = 1192.29 (MB).
    Completing 90% with 409 violations.
    elapsed time = 00:00:39, memory = 1192.29 (MB).
    Completing 100% with 319 violations.
    elapsed time = 00:00:43, memory = 1212.59 (MB).
[INFO DRT-0199]   Number of violations = 319.
Viol/Layer        met4
Metal Spacing       90
Short              229
[INFO DRT-0267] cpu time = 00:01:09, elapsed time = 00:00:44, memory = 1232.46 (MB), peak = 1360.48 (MB)
Total wire length = 87795 um.
Total wire length on LAYER li1 = 0 um.
Total wire length on LAYER met1 = 0 um.
Total wire length on LAYER met2 = 0 um.
Total wire length on LAYER met3 = 0 um.
Total wire length on LAYER met4 = 87614 um.
Total wire length on LAYER met5 = 181 um.
Total number of vias = 69.
Up-via summary (total 69):

---------------------
 FR_MASTERSLICE     0
            li1     0
           met1     0
           met2     0
           met3     0
           met4    69
---------------------
               69


[INFO DRT-0195] Start 4th optimization iteration.
    Completing 10% with 319 violations.
    elapsed time = 00:00:02, memory = 1233.06 (MB).
    Completing 20% with 319 violations.
    elapsed time = 00:00:04, memory = 1220.26 (MB).
    Completing 30% with 285 violations.
    elapsed time = 00:00:06, memory = 1183.31 (MB).
    Completing 40% with 285 violations.
    elapsed time = 00:00:09, memory = 1183.37 (MB).
    Completing 50% with 285 violations.
    elapsed time = 00:00:12, memory = 1183.37 (MB).
    Completing 60% with 254 violations.
    elapsed time = 00:00:15, memory = 1173.37 (MB).
    Completing 70% with 254 violations.
    elapsed time = 00:00:18, memory = 1173.38 (MB).
    Completing 80% with 229 violations.
    elapsed time = 00:00:20, memory = 1145.38 (MB).
    Completing 90% with 229 violations.
    elapsed time = 00:00:24, memory = 1145.38 (MB).
    Completing 100% with 193 violations.
    elapsed time = 00:00:28, memory = 1128.62 (MB).
[INFO DRT-0199]   Number of violations = 193.
Viol/Layer        met4
Metal Spacing       32
Short              161
[INFO DRT-0267] cpu time = 00:00:53, elapsed time = 00:00:28, memory = 1139.48 (MB), peak = 1360.48 (MB)
Total wire length = 88407 um.
Total wire length on LAYER li1 = 0 um.
Total wire length on LAYER met1 = 0 um.
Total wire length on LAYER met2 = 0 um.
Total wire length on LAYER met3 = 0 um.
Total wire length on LAYER met4 = 88067 um.
Total wire length on LAYER met5 = 340 um.
Total number of vias = 125.
Up-via summary (total 125):

----------------------
 FR_MASTERSLICE      0
            li1      0
           met1      0
           met2      0
           met3      0
           met4    125
----------------------
               125


[INFO DRT-0195] Start 5th optimization iteration.
    Completing 10% with 193 violations.
    elapsed time = 00:00:02, memory = 1139.71 (MB).
