OpenROAD unknown 
Features included (+) or not (-): -GPU +GUI -Python
This program is licensed under the BSD-3 license. See the LICENSE file for details.
Components of this program may be licensed under more restrictive licenses which must be honored.
[INFO ORD-0030] Using 2 thread(s).
G2: removed 26358 base nets (all base wiring is at or below met3)
G2: programmable nets 128, pins 3778
[WARNING GRT-0300] Timing is not available, setting critical nets percentage to 0.
[INFO GRT-0020] Min routing layer: met4
[INFO GRT-0021] Max routing layer: met5
[INFO GRT-0022] Global adjustment: 0%
[INFO GRT-0023] Grid origin: (0, 0)
[INFO GRT-0088] Layer li1     Track-Pitch = 0.4600  line-2-Via Pitch: 0.3400
[INFO GRT-0088] Layer met1    Track-Pitch = 0.3400  line-2-Via Pitch: 0.3400
[INFO GRT-0088] Layer met2    Track-Pitch = 0.4600  line-2-Via Pitch: 0.3500
[INFO GRT-0088] Layer met3    Track-Pitch = 0.6800  line-2-Via Pitch: 0.6150
[INFO GRT-0088] Layer met4    Track-Pitch = 0.9200  line-2-Via Pitch: 1.0400
[INFO GRT-0088] Layer met5    Track-Pitch = 3.4000  line-2-Via Pitch: 3.1100
[INFO GRT-0003] Macros: 0
[INFO GRT-0004] Blockages: 0
[INFO GRT-0019] Found 0 clock nets.
[INFO GRT-0001] Minimum degree: 21
[INFO GRT-0002] Maximum degree: 39

[INFO GRT-0053] Routing resources analysis:
          Routing      Original      Derated      Resource
Layer     Direction    Resources     Resources    Reduction (%)
---------------------------------------------------------------
li1        Vertical            0             0          0.00%
met1       Horizontal          0             0          0.00%
met2       Vertical            0             0          0.00%
met3       Horizontal          0             0          0.00%
met4       Vertical        84100         84100          0.00%
met5       Horizontal      25197         25197          0.00%
---------------------------------------------------------------

[INFO GRT-0197] Via related to pin nodes: 120
[INFO GRT-0198] Via related Steiner nodes: 60
[INFO GRT-0199] Via filling finished.
[INFO GRT-0111] Final number of vias: 180
[INFO GRT-0112] Final usage 3D: 13992

[INFO GRT-0096] Final congestion report:
Layer         Resource        Demand        Usage (%)    Max H / Max V / Total Congestion
---------------------------------------------------------------------------------------
li1                  0             0            0.00%             0 /  0 /  0
met1                 0             0            0.00%             0 /  0 /  0
met2                 0             0            0.00%             0 /  0 /  0
met3                 0             0            0.00%             0 /  0 /  0
met4             84100         13392           15.92%             0 /  0 /  0
met5             25197            60            0.24%             0 /  0 /  0
---------------------------------------------------------------------------------------
Total           109297         13452           12.31%             0 /  0 /  0

[INFO GRT-0018] Total wirelength: 118417 um
[INFO GRT-0014] Routed nets: 128
[INFO GRT-0303] Global routing runtime = 00:00:00
[INFO DRT-0149] Reading tech and libs.
[WARNING DRT-0349] LEF58_ENCLOSURE with no CUTCLASS is not supported. Skipping for layer mcon
[WARNING DRT-0349] LEF58_ENCLOSURE with no CUTCLASS is not supported. Skipping for layer mcon
[WARNING DRT-0349] LEF58_ENCLOSURE with no CUTCLASS is not supported. Skipping for layer via
[WARNING DRT-0349] LEF58_ENCLOSURE with no CUTCLASS is not supported. Skipping for layer via
[WARNING DRT-0349] LEF58_ENCLOSURE with no CUTCLASS is not supported. Skipping for layer via2
[WARNING DRT-0349] LEF58_ENCLOSURE with no CUTCLASS is not supported. Skipping for layer via2
[WARNING DRT-0349] LEF58_ENCLOSURE with no CUTCLASS is not supported. Skipping for layer via3
[WARNING DRT-0349] LEF58_ENCLOSURE with no CUTCLASS is not supported. Skipping for layer via3
[WARNING DRT-0349] LEF58_ENCLOSURE with no CUTCLASS is not supported. Skipping for layer via4
[WARNING DRT-0349] LEF58_ENCLOSURE with no CUTCLASS is not supported. Skipping for layer via4

Units:                1000
Number of layers:     13
Number of macros:     445
Number of vias:       25
Number of viarulegen: 25

[INFO DRT-0150] Reading design.

Design:                   top
Die area:                 ( 0 0 ) ( 774240 774240 )
Number of track patterns: 12
Number of DEF vias:       0
Number of components:     76402
Number of terminals:      0
Number of snets:          2
Number of nets:           128

[INFO DRT-0167] List of default vias:
  Layer via4
    default via: M4M5_PR
[INFO DRT-0162] Library cell analysis.
[INFO DRT-0163] Instance analysis.
[INFO DRT-0164] Number of unique instances = 100.
[INFO DRT-0168] Init region query.
[INFO DRT-0024]   Complete FR_MASTERSLICE.
[INFO DRT-0024]   Complete Fr_VIA.
[INFO DRT-0024]   Complete li1.
[INFO DRT-0024]   Complete mcon.
[INFO DRT-0024]   Complete met1.
[INFO DRT-0024]   Complete via.
[INFO DRT-0024]   Complete met2.
[INFO DRT-0024]   Complete via2.
[INFO DRT-0024]   Complete met3.
[INFO DRT-0024]   Complete via3.
[INFO DRT-0024]   Complete met4.
[INFO DRT-0024]   Complete via4.
[INFO DRT-0024]   Complete met5.
[INFO DRT-0033] FR_MASTERSLICE shape region query size = 0.
[INFO DRT-0033] FR_VIA shape region query size = 0.
[INFO DRT-0033] li1 shape region query size = 1213784.
[INFO DRT-0033] mcon shape region query size = 988442.
[INFO DRT-0033] met1 shape region query size = 266247.
[INFO DRT-0033] via shape region query size = 0.
[INFO DRT-0033] met2 shape region query size = 4224.
[INFO DRT-0033] via2 shape region query size = 0.
[INFO DRT-0033] met3 shape region query size = 4224.
[INFO DRT-0033] via3 shape region query size = 0.
[INFO DRT-0033] met4 shape region query size = 4224.
[INFO DRT-0033] via4 shape region query size = 0.
[INFO DRT-0033] met5 shape region query size = 0.
[INFO DRT-0165] Start pin access.
[INFO DRT-0078]   Complete 507 pins.
[INFO DRT-0079]   Complete 100 unique inst patterns.
[INFO DRT-0081]   Complete 100 unique inst patterns.
[INFO DRT-0084]   Complete 3778 groups.
#scanned instances     = 76402
#unique  instances     = 100
#stdCellGenAp          = 74
#stdCellValidPlanarAp  = 74
#stdCellValidViaAp     = 0
#stdCellPinNoAp        = 0
#stdCellPinCnt         = 3778
#instTermValidViaApCnt = 0
#macroGenAp            = 0
#macroValidPlanarAp    = 0
#macroValidViaAp       = 0
#macroNoAp             = 0
[INFO DRT-0166] Complete pin access.
[INFO DRT-0267] cpu time = 00:00:00, elapsed time = 00:00:00, memory = 510.76 (MB), peak = 511.27 (MB)

[INFO DRT-0157] Number of guides:     3830

[INFO DRT-0169] Post process guides.
[INFO DRT-0176] GCELLGRID X 0 DO 112 STEP 6900 ;
[INFO DRT-0177] GCELLGRID Y 0 DO 112 STEP 6900 ;
[INFO DRT-0028]   Complete FR_MASTERSLICE.
[INFO DRT-0028]   Complete Fr_VIA.
[INFO DRT-0028]   Complete li1.
[INFO DRT-0028]   Complete mcon.
[INFO DRT-0028]   Complete met1.
[INFO DRT-0028]   Complete via.
[INFO DRT-0028]   Complete met2.
[INFO DRT-0028]   Complete via2.
[INFO DRT-0028]   Complete met3.
[INFO DRT-0028]   Complete via3.
[INFO DRT-0028]   Complete met4.
[INFO DRT-0028]   Complete via4.
[INFO DRT-0028]   Complete met5.
[INFO DRT-0178] Init guide query.
[INFO DRT-0035]   Complete FR_MASTERSLICE (guide).
[INFO DRT-0035]   Complete Fr_VIA (guide).
[INFO DRT-0035]   Complete li1 (guide).
[INFO DRT-0035]   Complete mcon (guide).
[INFO DRT-0035]   Complete met1 (guide).
[INFO DRT-0035]   Complete via (guide).
[INFO DRT-0035]   Complete met2 (guide).
[INFO DRT-0035]   Complete via2 (guide).
[INFO DRT-0035]   Complete met3 (guide).
[INFO DRT-0035]   Complete via3 (guide).
[INFO DRT-0035]   Complete met4 (guide).
[INFO DRT-0035]   Complete via4 (guide).
[INFO DRT-0035]   Complete met5 (guide).
[INFO DRT-0036] FR_MASTERSLICE guide region query size = 0.
[INFO DRT-0036] FR_VIA guide region query size = 0.
[INFO DRT-0036] li1 guide region query size = 0.
[INFO DRT-0036] mcon guide region query size = 0.
[INFO DRT-0036] met1 guide region query size = 0.
[INFO DRT-0036] via guide region query size = 0.
[INFO DRT-0036] met2 guide region query size = 0.
[INFO DRT-0036] via2 guide region query size = 0.
[INFO DRT-0036] met3 guide region query size = 0.
[INFO DRT-0036] via3 guide region query size = 0.
[INFO DRT-0036] met4 guide region query size = 3652.
[INFO DRT-0036] via4 guide region query size = 0.
[INFO DRT-0036] met5 guide region query size = 24.
[INFO DRT-0179] Init gr pin query.
[INFO DRT-0267] cpu time = 00:00:00, elapsed time = 00:00:00, memory = 511.06 (MB), peak = 511.27 (MB)
[INFO DRT-0245] skipped writing guide updates to database.
[INFO DRT-0181] Start track assignment.
[INFO DRT-0184] Done with 3652 vertical wires in 3 frboxes and 24 horizontal wires in 3 frboxes.
[INFO DRT-0186] Done with 1925 vertical wires in 3 frboxes and 0 horizontal wires in 3 frboxes.
[INFO DRT-0182] Complete track assignment.
[INFO DRT-0267] cpu time = 00:00:04, elapsed time = 00:00:04, memory = 632.40 (MB), peak = 707.07 (MB)
[INFO DRT-0187] Start routing data preparation.
[INFO DRT-0267] cpu time = 00:00:00, elapsed time = 00:00:00, memory = 632.46 (MB), peak = 707.07 (MB)
[INFO DRT-0194] Start detail routing.
[INFO DRT-0195] Start 0th optimization iteration.
    Completing 10% with 0 violations.
    elapsed time = 00:00:07, memory = 887.06 (MB).
    Completing 20% with 0 violations.
    elapsed time = 00:00:15, memory = 1303.71 (MB).
    Completing 30% with 410 violations.
    elapsed time = 00:00:23, memory = 982.26 (MB).
    Completing 40% with 410 violations.
    elapsed time = 00:00:30, memory = 1139.93 (MB).
    Completing 50% with 410 violations.
    elapsed time = 00:00:37, memory = 1477.57 (MB).
    Completing 60% with 815 violations.
    elapsed time = 00:00:46, memory = 1047.69 (MB).
    Completing 70% with 815 violations.
    elapsed time = 00:00:53, memory = 1322.89 (MB).
    Completing 80% with 1230 violations.
    elapsed time = 00:01:01, memory = 1063.90 (MB).
    Completing 90% with 1230 violations.
    elapsed time = 00:01:08, memory = 1165.58 (MB).
    Completing 100% with 1614 violations.
    elapsed time = 00:01:13, memory = 1099.26 (MB).
[INFO DRT-0199]   Number of violations = 1730.
Viol/Layer        met4
Metal Spacing      797
Recheck            116
Short              817
[INFO DRT-0267] cpu time = 00:01:20, elapsed time = 00:01:13, memory = 1064.98 (MB), peak = 1484.96 (MB)
Total wire length = 99312 um.
Total wire length on LAYER li1 = 0 um.
Total wire length on LAYER met1 = 0 um.
Total wire length on LAYER met2 = 0 um.
Total wire length on LAYER met3 = 0 um.
Total wire length on LAYER met4 = 99312 um.
Total wire length on LAYER met5 = 0 um.
Total number of vias = 0.
Up-via summary (total 0):

--------------------
 FR_MASTERSLICE    0
            li1    0
           met1    0
           met2    0
           met3    0
           met4    0
--------------------
               0


[INFO DRT-0195] Start 1st optimization iteration.
    Completing 10% with 1730 violations.
    elapsed time = 00:00:04, memory = 1052.11 (MB).
    Completing 20% with 1730 violations.
    elapsed time = 00:00:10, memory = 1286.11 (MB).
    Completing 30% with 1631 violations.
    elapsed time = 00:00:14, memory = 1117.76 (MB).
    Completing 40% with 1631 violations.
    elapsed time = 00:00:21, memory = 1118.51 (MB).
    Completing 50% with 1631 violations.
    elapsed time = 00:00:26, memory = 1418.55 (MB).
    Completing 60% with 1472 violations.
    elapsed time = 00:00:32, memory = 1183.77 (MB).
    Completing 70% with 1472 violations.
    elapsed time = 00:00:38, memory = 1252.49 (MB).
    Completing 80% with 1367 violations.
    elapsed time = 00:00:44, memory = 1191.98 (MB).
    Completing 90% with 1367 violations.
    elapsed time = 00:00:51, memory = 1192.04 (MB).
    Completing 100% with 1217 violations.
    elapsed time = 00:00:57, memory = 1256.97 (MB).
[INFO DRT-0199]   Number of violations = 1217.
Viol/Layer        met4
Metal Spacing      621
Short              596
[INFO DRT-0267] cpu time = 00:01:25, elapsed time = 00:00:57, memory = 1217.27 (MB), peak = 1512.74 (MB)
Total wire length = 100549 um.
Total wire length on LAYER li1 = 0 um.
Total wire length on LAYER met1 = 0 um.
Total wire length on LAYER met2 = 0 um.
Total wire length on LAYER met3 = 0 um.
Total wire length on LAYER met4 = 100549 um.
Total wire length on LAYER met5 = 0 um.
Total number of vias = 0.
Up-via summary (total 0):

--------------------
 FR_MASTERSLICE    0
            li1    0
           met1    0
           met2    0
           met3    0
           met4    0
--------------------
               0


[INFO DRT-0195] Start 2nd optimization iteration.
    Completing 10% with 1217 violations.
    elapsed time = 00:00:03, memory = 1217.58 (MB).
    Completing 20% with 1217 violations.
    elapsed time = 00:00:07, memory = 1194.57 (MB).
    Completing 30% with 1173 violations.
    elapsed time = 00:00:11, memory = 1179.61 (MB).
    Completing 40% with 1173 violations.
    elapsed time = 00:00:16, memory = 1185.12 (MB).
    Completing 50% with 1173 violations.
    elapsed time = 00:00:21, memory = 1383.48 (MB).
    Completing 60% with 1098 violations.
    elapsed time = 00:00:26, memory = 1221.05 (MB).
    Completing 70% with 1098 violations.
    elapsed time = 00:00:31, memory = 1221.06 (MB).
    Completing 80% with 1075 violations.
    elapsed time = 00:00:35, memory = 1222.97 (MB).
    Completing 90% with 1075 violations.
    elapsed time = 00:00:41, memory = 1223.06 (MB).
    Completing 100% with 1004 violations.
    elapsed time = 00:00:47, memory = 1269.09 (MB).
[INFO DRT-0199]   Number of violations = 1004.
Viol/Layer        met4
Metal Spacing      517
Short              487
[INFO DRT-0267] cpu time = 00:01:16, elapsed time = 00:00:47, memory = 1276.09 (MB), peak = 1512.74 (MB)
Total wire length = 100396 um.
Total wire length on LAYER li1 = 0 um.
Total wire length on LAYER met1 = 0 um.
Total wire length on LAYER met2 = 0 um.
Total wire length on LAYER met3 = 0 um.
Total wire length on LAYER met4 = 100396 um.
Total wire length on LAYER met5 = 0 um.
Total number of vias = 0.
Up-via summary (total 0):

--------------------
 FR_MASTERSLICE    0
            li1    0
           met1    0
           met2    0
           met3    0
           met4    0
--------------------
               0


[INFO DRT-0195] Start 3rd optimization iteration.
    Completing 10% with 1004 violations.
    elapsed time = 00:00:04, memory = 1264.11 (MB).
    Completing 20% with 1004 violations.
    elapsed time = 00:00:09, memory = 1255.15 (MB).
    Completing 30% with 869 violations.
    elapsed time = 00:00:14, memory = 1281.10 (MB).
    Completing 40% with 869 violations.
    elapsed time = 00:00:22, memory = 1281.11 (MB).
    Completing 50% with 869 violations.
    elapsed time = 00:00:26, memory = 1395.89 (MB).
    Completing 60% with 707 violations.
    elapsed time = 00:00:34, memory = 1287.06 (MB).
    Completing 70% with 707 violations.
    elapsed time = 00:00:42, memory = 1287.06 (MB).
    Completing 80% with 585 violations.
    elapsed time = 00:00:50, memory = 1313.10 (MB).
    Completing 90% with 585 violations.
    elapsed time = 00:00:59, memory = 1313.12 (MB).
    Completing 100% with 451 violations.
    elapsed time = 00:01:05, memory = 1324.56 (MB).
[INFO DRT-0199]   Number of violations = 451.
Viol/Layer        met4
Metal Spacing      143
Short              308
[INFO DRT-0267] cpu time = 00:01:18, elapsed time = 00:01:06, memory = 1308.31 (MB), peak = 1512.74 (MB)
Total wire length = 103211 um.
Total wire length on LAYER li1 = 0 um.
Total wire length on LAYER met1 = 0 um.
Total wire length on LAYER met2 = 0 um.
Total wire length on LAYER met3 = 0 um.
Total wire length on LAYER met4 = 103068 um.
Total wire length on LAYER met5 = 143 um.
Total number of vias = 56.
Up-via summary (total 56):

---------------------
 FR_MASTERSLICE     0
            li1     0
           met1     0
           met2     0
           met3     0
           met4    56
---------------------
               56


[INFO DRT-0195] Start 4th optimization iteration.
    Completing 10% with 451 violations.
    elapsed time = 00:00:05, memory = 1291.54 (MB).
    Completing 20% with 451 violations.
    elapsed time = 00:00:11, memory = 1288.58 (MB).
    Completing 30% with 416 violations.
    elapsed time = 00:00:16, memory = 1224.84 (MB).
    Completing 40% with 416 violations.
    elapsed time = 00:00:23, memory = 1224.86 (MB).
    Completing 50% with 416 violations.
    elapsed time = 00:00:27, memory = 1224.87 (MB).
    Completing 60% with 392 violations.
    elapsed time = 00:00:34, memory = 1194.87 (MB).
    Completing 70% with 392 violations.
    elapsed time = 00:00:40, memory = 1194.91 (MB).
    Completing 80% with 336 violations.
    elapsed time = 00:00:48, memory = 1245.82 (MB).
    Completing 90% with 336 violations.
    elapsed time = 00:00:56, memory = 1245.90 (MB).
    Completing 100% with 307 violations.
    elapsed time = 00:01:03, memory = 1294.96 (MB).
[INFO DRT-0199]   Number of violations = 307.
Viol/Layer        met4
Metal Spacing       89
Short              218
[INFO DRT-0267] cpu time = 00:01:03, elapsed time = 00:01:03, memory = 1309.08 (MB), peak = 1512.74 (MB)
Total wire length = 104038 um.
Total wire length on LAYER li1 = 0 um.
Total wire length on LAYER met1 = 0 um.
Total wire length on LAYER met2 = 0 um.
Total wire length on LAYER met3 = 0 um.
Total wire length on LAYER met4 = 103637 um.
Total wire length on LAYER met5 = 400 um.
Total number of vias = 156.
Up-via summary (total 156):

----------------------
 FR_MASTERSLICE      0
            li1      0
           met1      0
           met2      0
           met3      0
           met4    156
----------------------
               156


[INFO DRT-0195] Start 5th optimization iteration.
    Completing 10% with 307 violations.
    elapsed time = 00:00:04, memory = 1296.31 (MB).
    Completing 20% with 307 violations.
    elapsed time = 00:00:10, memory = 1290.23 (MB).
    Completing 30% with 289 violations.
    elapsed time = 00:00:13, memory = 1242.32 (MB).
    Completing 40% with 289 violations.
    elapsed time = 00:00:19, memory = 1243.32 (MB).
