OpenROAD unknown 
Features included (+) or not (-): -GPU +GUI -Python
This program is licensed under the BSD-3 license. See the LICENSE file for details.
Components of this program may be licensed under more restrictive licenses which must be honored.
[INFO ORD-0030] Using 2 thread(s).
G2: removed 26269 base nets (all base wiring is at or below met3)
G2: programmable nets 128, pins 2584
[WARNING GRT-0300] Timing is not available, setting critical nets percentage to 0.
[INFO GRT-0020] Min routing layer: met4
[INFO GRT-0021] Max routing layer: met5
[INFO GRT-0022] Global adjustment: 0%
[INFO GRT-0023] Grid origin: (0, 0)
[INFO GRT-0088] Layer li1     Track-Pitch = 0.4600  line-2-Via Pitch: 0.3400
[INFO GRT-0088] Layer met1    Track-Pitch = 0.3400  line-2-Via Pitch: 0.3400
[INFO GRT-0088] Layer met2    Track-Pitch = 0.4600  line-2-Via Pitch: 0.3500
[INFO GRT-0088] Layer met3    Track-Pitch = 0.6800  line-2-Via Pitch: 0.6150
[INFO GRT-0088] Layer met4    Track-Pitch = 0.9200  line-2-Via Pitch: 1.0400
[INFO GRT-0088] Layer met5    Track-Pitch = 3.4000  line-2-Via Pitch: 3.1100
[INFO GRT-0003] Macros: 0
[INFO GRT-0004] Blockages: 0
[INFO GRT-0019] Found 0 clock nets.
[INFO GRT-0001] Minimum degree: 10
[INFO GRT-0002] Maximum degree: 30

[INFO GRT-0053] Routing resources analysis:
          Routing      Original      Derated      Resource
Layer     Direction    Resources     Resources    Reduction (%)
---------------------------------------------------------------
li1        Vertical            0             0          0.00%
met1       Horizontal          0             0          0.00%
met2       Vertical            0             0          0.00%
met3       Horizontal          0             0          0.00%
met4       Vertical        85543         85543          0.00%
met5       Horizontal      25197         25197          0.00%
---------------------------------------------------------------

[INFO GRT-0101] Running extra iterations to remove congestion.
[INFO GRT-0102] Start extra iteration 1/30
[INFO GRT-0102] Start extra iteration 2/30
[INFO GRT-0102] Start extra iteration 3/30
[INFO GRT-0102] Start extra iteration 4/30
[INFO GRT-0102] Start extra iteration 5/30
[INFO GRT-0102] Start extra iteration 6/30
[INFO GRT-0102] Start extra iteration 7/30
[INFO GRT-0102] Start extra iteration 8/30
[INFO GRT-0102] Start extra iteration 9/30
[INFO GRT-0102] Start extra iteration 10/30
[INFO GRT-0102] Start extra iteration 11/30
[INFO GRT-0102] Start extra iteration 12/30
[INFO GRT-0102] Start extra iteration 13/30
[INFO GRT-0102] Start extra iteration 14/30
[INFO GRT-0102] Start extra iteration 15/30
[INFO GRT-0102] Start extra iteration 16/30
[INFO GRT-0102] Start extra iteration 17/30
[INFO GRT-0102] Start extra iteration 18/30
[INFO GRT-0102] Start extra iteration 19/30
[INFO GRT-0197] Via related to pin nodes: 1502
[INFO GRT-0198] Via related Steiner nodes: 890
[INFO GRT-0199] Via filling finished.
[INFO GRT-0111] Final number of vias: 6457
[INFO GRT-0112] Final usage 3D: 76105

[INFO GRT-0096] Final congestion report:
Layer         Resource        Demand        Usage (%)    Max H / Max V / Total Congestion
---------------------------------------------------------------------------------------
li1                  0             0            0.00%             0 /  0 /  0
met1                 0             0            0.00%             0 /  0 /  0
met2                 0             0            0.00%             0 /  0 /  0
met3                 0             0            0.00%             0 /  0 /  0
met4             85543         36363           42.51%             0 /  0 /  0
met5             25197         20371           80.85%             0 /  0 /  0
---------------------------------------------------------------------------------------
Total           110740         56734           51.23%             0 /  0 /  0

[INFO GRT-0018] Total wirelength: 442600 um
[INFO GRT-0014] Routed nets: 128
[INFO GRT-0303] Global routing runtime = 00:00:06
[INFO DRT-0149] Reading tech and libs.
[WARNING DRT-0349] LEF58_ENCLOSURE with no CUTCLASS is not supported. Skipping for layer mcon
[WARNING DRT-0349] LEF58_ENCLOSURE with no CUTCLASS is not supported. Skipping for layer mcon
[WARNING DRT-0349] LEF58_ENCLOSURE with no CUTCLASS is not supported. Skipping for layer via
[WARNING DRT-0349] LEF58_ENCLOSURE with no CUTCLASS is not supported. Skipping for layer via
[WARNING DRT-0349] LEF58_ENCLOSURE with no CUTCLASS is not supported. Skipping for layer via2
[WARNING DRT-0349] LEF58_ENCLOSURE with no CUTCLASS is not supported. Skipping for layer via2
[WARNING DRT-0349] LEF58_ENCLOSURE with no CUTCLASS is not supported. Skipping for layer via3
[WARNING DRT-0349] LEF58_ENCLOSURE with no CUTCLASS is not supported. Skipping for layer via3
[WARNING DRT-0349] LEF58_ENCLOSURE with no CUTCLASS is not supported. Skipping for layer via4
[WARNING DRT-0349] LEF58_ENCLOSURE with no CUTCLASS is not supported. Skipping for layer via4

Units:                1000
Number of layers:     13
Number of macros:     445
Number of vias:       25
Number of viarulegen: 25

[INFO DRT-0150] Reading design.

Design:                   top
Die area:                 ( 0 0 ) ( 774240 774240 )
Number of track patterns: 12
Number of DEF vias:       0
Number of components:     75074
Number of terminals:      0
Number of snets:          2
Number of nets:           128

[INFO DRT-0167] List of default vias:
  Layer via4
    default via: M4M5_PR
[INFO DRT-0162] Library cell analysis.
[INFO DRT-0163] Instance analysis.
[INFO DRT-0164] Number of unique instances = 109.
[INFO DRT-0168] Init region query.
[INFO DRT-0024]   Complete FR_MASTERSLICE.
[INFO DRT-0024]   Complete Fr_VIA.
[INFO DRT-0024]   Complete li1.
[INFO DRT-0024]   Complete mcon.
[INFO DRT-0024]   Complete met1.
[INFO DRT-0024]   Complete via.
[INFO DRT-0024]   Complete met2.
[INFO DRT-0024]   Complete via2.
[INFO DRT-0024]   Complete met3.
[INFO DRT-0024]   Complete via3.
[INFO DRT-0024]   Complete met4.
[INFO DRT-0024]   Complete via4.
[INFO DRT-0024]   Complete met5.
[INFO DRT-0033] FR_MASTERSLICE shape region query size = 0.
[INFO DRT-0033] FR_VIA shape region query size = 0.
[INFO DRT-0033] li1 shape region query size = 1209224.
[INFO DRT-0033] mcon shape region query size = 988442.
[INFO DRT-0033] met1 shape region query size = 263591.
[INFO DRT-0033] via shape region query size = 0.
[INFO DRT-0033] met2 shape region query size = 4224.
[INFO DRT-0033] via2 shape region query size = 0.
[INFO DRT-0033] met3 shape region query size = 4224.
[INFO DRT-0033] via3 shape region query size = 0.
[INFO DRT-0033] met4 shape region query size = 4224.
[INFO DRT-0033] via4 shape region query size = 0.
[INFO DRT-0033] met5 shape region query size = 0.
[INFO DRT-0165] Start pin access.
[INFO DRT-0078]   Complete 531 pins.
[INFO DRT-0079]   Complete 100 unique inst patterns.
[INFO DRT-0081]   Complete 109 unique inst patterns.
[INFO DRT-0084]   Complete 2357 groups.
#scanned instances     = 75074
#unique  instances     = 109
#stdCellGenAp          = 127
#stdCellValidPlanarAp  = 127
#stdCellValidViaAp     = 0
#stdCellPinNoAp        = 0
#stdCellPinCnt         = 2584
#instTermValidViaApCnt = 0
#macroGenAp            = 0
#macroValidPlanarAp    = 0
#macroValidViaAp       = 0
#macroNoAp             = 0
[INFO DRT-0166] Complete pin access.
[INFO DRT-0267] cpu time = 00:00:00, elapsed time = 00:00:00, memory = 510.42 (MB), peak = 510.23 (MB)

[INFO DRT-0157] Number of guides:     13359

[INFO DRT-0169] Post process guides.
[INFO DRT-0176] GCELLGRID X 0 DO 112 STEP 6900 ;
[INFO DRT-0177] GCELLGRID Y 0 DO 112 STEP 6900 ;
[INFO DRT-0028]   Complete FR_MASTERSLICE.
[INFO DRT-0028]   Complete Fr_VIA.
[INFO DRT-0028]   Complete li1.
[INFO DRT-0028]   Complete mcon.
[INFO DRT-0028]   Complete met1.
[INFO DRT-0028]   Complete via.
[INFO DRT-0028]   Complete met2.
[INFO DRT-0028]   Complete via2.
[INFO DRT-0028]   Complete met3.
[INFO DRT-0028]   Complete via3.
[INFO DRT-0028]   Complete met4.
[INFO DRT-0028]   Complete via4.
[INFO DRT-0028]   Complete met5.
[INFO DRT-0178] Init guide query.
[INFO DRT-0035]   Complete FR_MASTERSLICE (guide).
[INFO DRT-0035]   Complete Fr_VIA (guide).
[INFO DRT-0035]   Complete li1 (guide).
[INFO DRT-0035]   Complete mcon (guide).
[INFO DRT-0035]   Complete met1 (guide).
[INFO DRT-0035]   Complete via (guide).
[INFO DRT-0035]   Complete met2 (guide).
[INFO DRT-0035]   Complete via2 (guide).
[INFO DRT-0035]   Complete met3 (guide).
[INFO DRT-0035]   Complete via3 (guide).
[INFO DRT-0035]   Complete met4 (guide).
[INFO DRT-0035]   Complete via4 (guide).
[INFO DRT-0035]   Complete met5 (guide).
[INFO DRT-0036] FR_MASTERSLICE guide region query size = 0.
[INFO DRT-0036] FR_VIA guide region query size = 0.
[INFO DRT-0036] li1 guide region query size = 0.
[INFO DRT-0036] mcon guide region query size = 0.
[INFO DRT-0036] met1 guide region query size = 0.
[INFO DRT-0036] via guide region query size = 0.
[INFO DRT-0036] met2 guide region query size = 0.
[INFO DRT-0036] via2 guide region query size = 0.
[INFO DRT-0036] met3 guide region query size = 0.
[INFO DRT-0036] via3 guide region query size = 0.
[INFO DRT-0036] met4 guide region query size = 4826.
[INFO DRT-0036] via4 guide region query size = 0.
[INFO DRT-0036] met5 guide region query size = 3378.
[INFO DRT-0179] Init gr pin query.
[INFO DRT-0267] cpu time = 00:00:00, elapsed time = 00:00:00, memory = 510.77 (MB), peak = 510.48 (MB)
[INFO DRT-0245] skipped writing guide updates to database.
[INFO DRT-0181] Start track assignment.
[INFO DRT-0184] Done with 4826 vertical wires in 3 frboxes and 3378 horizontal wires in 3 frboxes.
[INFO DRT-0186] Done with 4001 vertical wires in 3 frboxes and 1972 horizontal wires in 3 frboxes.
[INFO DRT-0182] Complete track assignment.
[INFO DRT-0267] cpu time = 00:00:06, elapsed time = 00:00:03, memory = 701.59 (MB), peak = 701.18 (MB)
[INFO DRT-0187] Start routing data preparation.
[INFO DRT-0267] cpu time = 00:00:00, elapsed time = 00:00:00, memory = 701.65 (MB), peak = 701.31 (MB)
[INFO DRT-0194] Start detail routing.
[INFO DRT-0195] Start 0th optimization iteration.
    Completing 10% with 0 violations.
    elapsed time = 00:00:06, memory = 916.52 (MB).
    Completing 20% with 0 violations.
    elapsed time = 00:00:13, memory = 1328.29 (MB).
    Completing 30% with 2927 violations.
    elapsed time = 00:00:20, memory = 1094.38 (MB).
    Completing 40% with 2927 violations.
    elapsed time = 00:00:27, memory = 1167.68 (MB).
    Completing 50% with 2927 violations.
    elapsed time = 00:00:35, memory = 1510.25 (MB).
    Completing 60% with 6191 violations.
    elapsed time = 00:00:43, memory = 1035.15 (MB).
    Completing 70% with 6191 violations.
    elapsed time = 00:00:50, memory = 1374.67 (MB).
    Completing 80% with 8995 violations.
    elapsed time = 00:00:56, memory = 991.69 (MB).
    Completing 90% with 8995 violations.
    elapsed time = 00:01:03, memory = 1199.42 (MB).
    Completing 100% with 12025 violations.
    elapsed time = 00:01:10, memory = 1017.35 (MB).
[INFO DRT-0199]   Number of violations = 12727.
Viol/Layer        met4   via4   met5
Cut Spacing          0      2      0
Metal Spacing     2631      0     73
Recheck            651      0     51
Short             8737      5    577
[INFO DRT-0267] cpu time = 00:02:16, elapsed time = 00:01:10, memory = 977.62 (MB), peak = 1525.00 (MB)
Total wire length = 406249 um.
Total wire length on LAYER li1 = 0 um.
Total wire length on LAYER met1 = 0 um.
Total wire length on LAYER met2 = 0 um.
Total wire length on LAYER met3 = 0 um.
Total wire length on LAYER met4 = 272151 um.
Total wire length on LAYER met5 = 134097 um.
Total number of vias = 4509.
Up-via summary (total 4509):

-----------------------
 FR_MASTERSLICE       0
            li1       0
           met1       0
           met2       0
           met3       0
           met4    4509
-----------------------
               4509


[INFO DRT-0195] Start 1st optimization iteration.
    Completing 10% with 12727 violations.
    elapsed time = 00:00:05, memory = 970.83 (MB).
    Completing 20% with 12727 violations.
    elapsed time = 00:00:12, memory = 1333.63 (MB).
    Completing 30% with 12709 violations.
    elapsed time = 00:00:19, memory = 1113.76 (MB).
    Completing 40% with 12709 violations.
    elapsed time = 00:00:27, memory = 1107.76 (MB).
    Completing 50% with 12709 violations.
    elapsed time = 00:00:36, memory = 1483.95 (MB).
    Completing 60% with 12387 violations.
    elapsed time = 00:00:43, memory = 1157.97 (MB).
    Completing 70% with 12387 violations.
    elapsed time = 00:00:52, memory = 1277.49 (MB).
    Completing 80% with 11921 violations.
    elapsed time = 00:01:00, memory = 1225.59 (MB).
    Completing 90% with 11921 violations.
    elapsed time = 00:01:08, memory = 1225.69 (MB).
    Completing 100% with 11379 violations.
    elapsed time = 00:01:17, memory = 1273.82 (MB).
[INFO DRT-0199]   Number of violations = 11379.
Viol/Layer        met4   via4   met5
Cut Spacing          0      1      0
Metal Spacing     2057      0    244
Short             8588      1    488
[INFO DRT-0267] cpu time = 00:02:29, elapsed time = 00:01:17, memory = 1157.02 (MB), peak = 1551.45 (MB)
Total wire length = 408197 um.
Total wire length on LAYER li1 = 0 um.
Total wire length on LAYER met1 = 0 um.
Total wire length on LAYER met2 = 0 um.
Total wire length on LAYER met3 = 0 um.
Total wire length on LAYER met4 = 275490 um.
Total wire length on LAYER met5 = 132707 um.
Total number of vias = 4207.
Up-via summary (total 4207):

-----------------------
 FR_MASTERSLICE       0
            li1       0
           met1       0
           met2       0
           met3       0
           met4    4207
-----------------------
               4207


[INFO DRT-0195] Start 2nd optimization iteration.
    Completing 10% with 11379 violations.
    elapsed time = 00:00:04, memory = 1147.98 (MB).
    Completing 20% with 11379 violations.
    elapsed time = 00:00:10, memory = 1212.77 (MB).
    Completing 30% with 11457 violations.
    elapsed time = 00:00:16, memory = 1202.40 (MB).
    Completing 40% with 11457 violations.
    elapsed time = 00:00:23, memory = 1200.51 (MB).
    Completing 50% with 11457 violations.
    elapsed time = 00:00:34, memory = 1427.13 (MB).
    Completing 60% with 11480 violations.
    elapsed time = 00:00:42, memory = 1248.18 (MB).
    Completing 70% with 11480 violations.
    elapsed time = 00:00:48, memory = 1246.86 (MB).
    Completing 80% with 11339 violations.
    elapsed time = 00:00:57, memory = 1300.14 (MB).
    Completing 90% with 11339 violations.
    elapsed time = 00:01:05, memory = 1304.58 (MB).
    Completing 100% with 11176 violations.
    elapsed time = 00:01:14, memory = 1320.04 (MB).
[INFO DRT-0199]   Number of violations = 11176.
Viol/Layer        met4   via4   met5
Cut Spacing          0      1      0
Metal Spacing     1831      0    301
Short             8494      0    549
[INFO DRT-0267] cpu time = 00:02:22, elapsed time = 00:01:14, memory = 1228.05 (MB), peak = 1551.45 (MB)
Total wire length = 407995 um.
Total wire length on LAYER li1 = 0 um.
Total wire length on LAYER met1 = 0 um.
Total wire length on LAYER met2 = 0 um.
Total wire length on LAYER met3 = 0 um.
Total wire length on LAYER met4 = 275304 um.
Total wire length on LAYER met5 = 132691 um.
Total number of vias = 4122.
Up-via summary (total 4122):

-----------------------
 FR_MASTERSLICE       0
            li1       0
           met1       0
           met2       0
           met3       0
           met4    4122
-----------------------
               4122


[INFO DRT-0195] Start 3rd optimization iteration.
    Completing 10% with 11176 violations.
    elapsed time = 00:00:12, memory = 1205.26 (MB).
    Completing 20% with 11176 violations.
    elapsed time = 00:00:28, memory = 1332.44 (MB).
    Completing 30% with 11078 violations.
    elapsed time = 00:00:44, memory = 1354.65 (MB).
    Completing 40% with 11078 violations.
    elapsed time = 00:01:00, memory = 1354.97 (MB).
    Completing 50% with 11078 violations.
    elapsed time = 00:01:21, memory = 1475.39 (MB).
    Completing 60% with 11025 violations.
    elapsed time = 00:01:37, memory = 1364.33 (MB).
    Completing 70% with 11025 violations.
    elapsed time = 00:01:56, memory = 1364.34 (MB).
    Completing 80% with 10940 violations.
    elapsed time = 00:02:11, memory = 1368.40 (MB).
    Completing 90% with 10940 violations.
    elapsed time = 00:02:29, memory = 1368.51 (MB).
    Completing 100% with 10889 violations.
    elapsed time = 00:02:45, memory = 1366.88 (MB).
[INFO DRT-0199]   Number of violations = 10889.
Viol/Layer        met4   via4   met5
Cut Spacing          0      1      0
Metal Spacing     1764      0    288
Short             8317      0    519
[INFO DRT-0267] cpu time = 00:05:16, elapsed time = 00:02:45, memory = 1357.32 (MB), peak = 1551.45 (MB)
Total wire length = 409357 um.
Total wire length on LAYER li1 = 0 um.
Total wire length on LAYER met1 = 0 um.
Total wire length on LAYER met2 = 0 um.
Total wire length on LAYER met3 = 0 um.
Total wire length on LAYER met4 = 276246 um.
Total wire length on LAYER met5 = 133110 um.
Total number of vias = 4167.
Up-via summary (total 4167):

-----------------------
 FR_MASTERSLICE       0
            li1       0
           met1       0
           met2       0
           met3       0
           met4    4167
-----------------------
               4167


[INFO DRT-0195] Start 4th optimization iteration.
    Completing 10% with 10889 violations.
    elapsed time = 00:00:11, memory = 1334.94 (MB).
    Completing 20% with 10889 violations.
    elapsed time = 00:00:28, memory = 1334.95 (MB).
    Completing 30% with 10843 violations.
    elapsed time = 00:00:39, memory = 1395.04 (MB).
    Completing 40% with 10843 violations.
    elapsed time = 00:00:56, memory = 1395.31 (MB).
    Completing 50% with 10843 violations.
    elapsed time = 00:01:18, memory = 1422.64 (MB).
    Completing 60% with 10804 violations.
    elapsed time = 00:01:29, memory = 1403.73 (MB).
    Completing 70% with 10804 violations.
    elapsed time = 00:01:48, memory = 1403.73 (MB).
    Completing 80% with 10793 violations.
    elapsed time = 00:02:06, memory = 1408.75 (MB).
    Completing 90% with 10793 violations.
    elapsed time = 00:02:21, memory = 1412.32 (MB).
    Completing 100% with 10763 violations.
    elapsed time = 00:02:41, memory = 1424.75 (MB).
[INFO DRT-0199]   Number of violations = 10763.
Viol/Layer        met4   via4   met5
Cut Spacing          0      1      0
Metal Spacing     1721      0    278
Short             8258      0    505
[INFO DRT-0267] cpu time = 00:05:15, elapsed time = 00:02:41, memory = 1425.32 (MB), peak = 1551.45 (MB)
Total wire length = 410155 um.
Total wire length on LAYER li1 = 0 um.
Total wire length on LAYER met1 = 0 um.
Total wire length on LAYER met2 = 0 um.
Total wire length on LAYER met3 = 0 um.
Total wire length on LAYER met4 = 276681 um.
Total wire length on LAYER met5 = 133474 um.
Total number of vias = 4225.
Up-via summary (total 4225):

-----------------------
 FR_MASTERSLICE       0
            li1       0
           met1       0
           met2       0
           met3       0
           met4    4225
-----------------------
               4225


[INFO DRT-0195] Start 5th optimization iteration.
    Completing 10% with 10763 violations.
    elapsed time = 00:00:11, memory = 1404.87 (MB).
    Completing 20% with 10763 violations.
    elapsed time = 00:00:29, memory = 1404.57 (MB).
    Completing 30% with 10750 violations.
    elapsed time = 00:00:42, memory = 1382.30 (MB).
    Completing 40% with 10750 violations.
    elapsed time = 00:00:59, memory = 1379.11 (MB).
    Completing 50% with 10750 violations.
    elapsed time = 00:01:18, memory = 1389.24 (MB).
    Completing 60% with 10720 violations.
    elapsed time = 00:01:34, memory = 1418.97 (MB).
    Completing 70% with 10720 violations.
    elapsed time = 00:01:50, memory = 1420.62 (MB).
    Completing 80% with 10699 violations.
    elapsed time = 00:02:07, memory = 1420.33 (MB).
    Completing 90% with 10699 violations.
    elapsed time = 00:02:25, memory = 1424.45 (MB).
    Completing 100% with 10665 violations.
    elapsed time = 00:02:47, memory = 1430.89 (MB).
[INFO DRT-0199]   Number of violations = 10665.
Viol/Layer        met4   via4   met5
Cut Spacing          0      1      0
Metal Spacing     1686      0    273
Short             8213      0    492
[INFO DRT-0267] cpu time = 00:05:25, elapsed time = 00:02:47, memory = 1402.33 (MB), peak = 1551.45 (MB)
Total wire length = 410585 um.
Total wire length on LAYER li1 = 0 um.
Total wire length on LAYER met1 = 0 um.
Total wire length on LAYER met2 = 0 um.
Total wire length on LAYER met3 = 0 um.
Total wire length on LAYER met4 = 276996 um.
Total wire length on LAYER met5 = 133588 um.
Total number of vias = 4236.
Up-via summary (total 4236):

-----------------------
 FR_MASTERSLICE       0
            li1       0
           met1       0
           met2       0
           met3       0
           met4    4236
-----------------------
               4236


[INFO DRT-0195] Start 6th optimization iteration.
    Completing 10% with 10665 violations.
    elapsed time = 00:00:11, memory = 1398.93 (MB).
    Completing 20% with 10665 violations.
    elapsed time = 00:00:27, memory = 1398.97 (MB).
    Completing 30% with 10615 violations.
    elapsed time = 00:00:39, memory = 1391.03 (MB).
    Completing 40% with 10615 violations.
    elapsed time = 00:00:57, memory = 1394.64 (MB).
    Completing 50% with 10615 violations.
    elapsed time = 00:01:16, memory = 1394.56 (MB).
