/usr/bin/python3 /OpenROAD-flow-scripts/flow/scripts/run_command.py --log /tmp/wh/logs/asap7/aes/base/c6.log --tee -- /OpenROAD-flow-scripts/tools/install/OpenROAD/bin/openroad -exit -no_init -threads 8  -no_splash  /w/experiments/scripts/c6/c6_treat.tcl
source /OpenROAD-flow-scripts/flow/platforms/asap7/liberty_suppressions.tcl
read_liberty /OpenROAD-flow-scripts/flow/platforms/asap7/lib/NLDM/asap7sc7p5t_AO_RVT_FF_nldm_211120.lib.gz
read_liberty /OpenROAD-flow-scripts/flow/platforms/asap7/lib/NLDM/asap7sc7p5t_INVBUF_RVT_FF_nldm_220122.lib.gz
read_liberty /OpenROAD-flow-scripts/flow/platforms/asap7/lib/NLDM/asap7sc7p5t_OA_RVT_FF_nldm_211120.lib.gz
read_liberty /OpenROAD-flow-scripts/flow/platforms/asap7/lib/NLDM/asap7sc7p5t_SIMPLE_RVT_FF_nldm_211120.lib.gz
read_liberty /OpenROAD-flow-scripts/flow/platforms/asap7/lib/NLDM/asap7sc7p5t_SEQ_RVT_FF_nldm_220123.lib
read_db /tmp/wh/results/asap7/aes/base/3_place.odb
read_sdc /tmp/wh/results/asap7/aes/base/3_place.sdc
source /OpenROAD-flow-scripts/flow/platforms/asap7/setRC.tcl
[INFO RSZ-0100] Repair move sequence: UnbufferMove SizeUpMove SwapPinsMove BufferMove CloneMove SplitLoadMove 
[INFO RSZ-0094] Found 68 endpoints with setup violations.
[INFO RSZ-0099] Repairing 68 out of 68 (100.00%) violating endpoints...
   Iter   | Removed | Resized | Inserted | Cloned |  Pin  |   Area   |    WNS   |   StTNS    |   EnTNS    |  Viol  |  Worst  
          | Buffers |  Gates  | Buffers  |  Gates | Swaps |          |          |            |            | Endpts | St/EnPt 
------------------------------------------------------------------------------------------------------------------------------
       0* |       0 |       0 |        0 |      0 |     0 |    +0.0% |  -29.378 |     -170.1 |     -568.9 |     68 | u147/D
     188* |       0 |      51 |       19 |      4 |    20 |    +0.2% |   -5.653 |      -31.7 |      -25.1 |     68 | u147/D
    final |       0 |      54 |       19 |      4 |    22 |    +0.3% |   -5.525 |      -27.9 |      -21.9 |      8 | u5582/D
------------------------------------------------------------------------------------------------------------------------------
[INFO RSZ-0040] Inserted 19 buffers.
[INFO RSZ-0051] Resized 54 instances: 54 up, 0 up match, 0 down, 0 VT
[INFO RSZ-0043] Swapped pins on 22 instances.
[INFO RSZ-0049] Cloned 4 instances.
[WARNING RSZ-0062] Unable to repair all setup violations.
[INFO RSZ-0505] Runtime: 4.71s
C6_DONE mode=repair_timing seed=1
Elapsed time: 0:10.49[h:]min:sec. CPU time: user 7.72 sys 1.23 (85%). Peak memory: 262108KB.
make_exit=0
