### FILE netlists/ABCMAP/A_mul_u_w20__norm__g_gates.aig
### ARGS -mul -dyn -p -c -no-steps
### TIMEOUT 180
### START 2026-09-24T17:24:00-07:00
██▓▓░░░░░░░░░░░░░░░░░░░░░░░░░░░░░░░░░  Trace  ░░░░░░░░░░░░░░░░░░░░░░░░░░░░░░░░▓▓██
║ [Build]   compiled on: Apr 13 2026 at 16:17:50
║           built as: Release version
║ [Options] file: /data/netlists/ABCMAP/A_mul_u_w20__norm__g_gates.aig
║           mode: mul
║           sign: unsigned
║           method: dyn
║           phase optimization: enabled
║           conflict detection: enabled
║           progress steps: disabled
║
Killed
### TRACE_EXIT 137
### CGROUP_MEMORY_PEAK_BYTES 151048192
### DOCKER_EXIT 0
### WALL_SECONDS 180.58
### END 2026-09-24T17:27:01-07:00
