### FILE netlists/ABCMAP/A_mul_s_w8__booth_lp__g_gates.aig
### ARGS -mul -s -idx -p -c -no-steps
### TIMEOUT 60
### START 2026-09-24T17:09:52-07:00
██▓▓░░░░░░░░░░░░░░░░░░░░░░░░░░░░░░░░░  Trace  ░░░░░░░░░░░░░░░░░░░░░░░░░░░░░░░░▓▓██
║ [Build]   compiled on: Apr 13 2026 at 16:17:50
║           built as: Release version
║ [Options] file: /data/netlists/ABCMAP/A_mul_s_w8__booth_lp__g_gates.aig
║           mode: mul
║           sign: signed
║           method: idx
║           phase optimization: enabled
║           conflict detection: enabled
║           progress steps: disabled
║
Killed
### TRACE_EXIT 137
### CGROUP_MEMORY_PEAK_BYTES 135405568
### DOCKER_EXIT 0
### WALL_SECONDS 61.05
### END 2026-09-24T17:10:53-07:00
