### FILE netlists/ABCMAP/A_mul_u_w8__booth__g_gates.aig
### ARGS -mul -dyn -p -c -no-steps
### TIMEOUT 60
### START 2026-09-24T17:32:03-07:00
██▓▓░░░░░░░░░░░░░░░░░░░░░░░░░░░░░░░░░  Trace  ░░░░░░░░░░░░░░░░░░░░░░░░░░░░░░░░▓▓██
║ [Build]   compiled on: Apr 13 2026 at 16:17:50
║           built as: Release version
║ [Options] file: /data/netlists/ABCMAP/A_mul_u_w8__booth__g_gates.aig
║           mode: mul
║           sign: unsigned
║           method: dyn
║           phase optimization: enabled
║           conflict detection: enabled
║           progress steps: disabled
║
Killed
### TRACE_EXIT 137
### CGROUP_MEMORY_PEAK_BYTES 89923584
### DOCKER_EXIT 0
### WALL_SECONDS 60.54
### END 2026-09-24T17:33:03-07:00
