### FILE netlists/ABCMAP/A_mul_u_w20__norm__g_simple.aig
### ARGS -mul -idx -p -c -no-steps
### TIMEOUT 180
### START 2026-09-24T17:27:02-07:00
██▓▓░░░░░░░░░░░░░░░░░░░░░░░░░░░░░░░░░  Trace  ░░░░░░░░░░░░░░░░░░░░░░░░░░░░░░░░▓▓██
║ [Build]   compiled on: Apr 13 2026 at 16:17:50
║           built as: Release version
║ [Options] file: /data/netlists/ABCMAP/A_mul_u_w20__norm__g_simple.aig
║           mode: mul
║           sign: unsigned
║           method: idx
║           phase optimization: enabled
║           conflict detection: enabled
║           progress steps: disabled
║
Killed
### TRACE_EXIT 137
### CGROUP_MEMORY_PEAK_BYTES 843284480
### DOCKER_EXIT 0
### WALL_SECONDS 180.46
### END 2026-09-24T17:30:02-07:00
