### FILE netlists/ABCSTEP/B_dot2_u_w16__norm_pre__resyn2.aig
### ARGS -dot=2 -idx -p -c -no-steps
### TIMEOUT 120
### START 2026-09-24T17:11:57-07:00
██▓▓░░░░░░░░░░░░░░░░░░░░░░░░░░░░░░░░░  Trace  ░░░░░░░░░░░░░░░░░░░░░░░░░░░░░░░░▓▓██
║ [Build]   compiled on: Apr 13 2026 at 16:17:50
║           built as: Release version
║ [Options] file: /data/netlists/ABCSTEP/B_dot2_u_w16__norm_pre__resyn2.aig
║           mode: dot=2
║           sign: unsigned
║           method: idx
║           phase optimization: enabled
║           conflict detection: enabled
║           progress steps: disabled
║
Killed
### TRACE_EXIT 137
### CGROUP_MEMORY_PEAK_BYTES 447725568
### DOCKER_EXIT 0
### WALL_SECONDS 120.96
### END 2026-09-24T17:13:58-07:00
