### FILE netlists/ABCSTEP/A_mul_u_w8__booth_pre_folded__fraig.aig
### ARGS -mul -dyn -p -c -no-steps
### TIMEOUT 60
### START 2026-09-24T17:08:46-07:00
██▓▓░░░░░░░░░░░░░░░░░░░░░░░░░░░░░░░░░  Trace  ░░░░░░░░░░░░░░░░░░░░░░░░░░░░░░░░▓▓██
║ [Build]   compiled on: Apr 13 2026 at 16:17:50
║           built as: Release version
║ [Options] file: /data/netlists/ABCSTEP/A_mul_u_w8__booth_pre_folded__fraig.aig
║           mode: mul
║           sign: unsigned
║           method: dyn
║           phase optimization: enabled
║           conflict detection: enabled
║           progress steps: disabled
║
╚═ Result: Correct
╔═ Final Report
║ Trace compiled on: Apr 13 2026 at 16:17:30 (release build)
║ 
╠═ Program modes
║ Circuit mode: mul
║ Traversal method: dyn
║ Debug mode: Y
║ 
╠═ General Information
║ Circuit path: /data/netlists/ABCSTEP/A_mul_u_w8__booth_pre_folded__fraig.aig
║ Maximum polynomial : 173
║ Number of iteration: 582
║ Elapsed time: 0.140769 (in seconds)
║ Number and-gates : 568
║ Substitution steps : 584
║ Number of removed conflicts : 528
║ Total calculated conflicts : 9118
║ Conflict calculation time: 0.0169901 (in seconds)
║ Number of negated nodes : 119
╚═ Process complete
	Command being timed: "/opt/trace/trace /data/netlists/ABCSTEP/A_mul_u_w8__booth_pre_folded__fraig.aig -mul -dyn -p -c -no-steps"
	User time (seconds): 0.08
	System time (seconds): 0.00
	Percent of CPU this job got: 42%
	Elapsed (wall clock) time (h:mm:ss or m:ss): 0m 0.20s
	Average shared text size (kbytes): 0
	Average unshared data size (kbytes): 0
	Average stack size (kbytes): 0
	Average total size (kbytes): 0
	Maximum resident set size (kbytes): 19392
	Average resident set size (kbytes): 0
	Major (requiring I/O) page faults: 0
	Minor (reclaiming a frame) page faults: 626
	Voluntary context switches: 15
	Involuntary context switches: 16
	Swaps: 0
	File system inputs: 3
	File system outputs: 0
	Socket messages sent: 0
	Socket messages received: 0
	Signals delivered: 0
	Page size (bytes): 4096
	Exit status: 0
### TRACE_EXIT 0
### CGROUP_MEMORY_PEAK_BYTES 4878336
### DOCKER_EXIT 0
### WALL_SECONDS 1.22
### END 2026-09-24T17:08:47-07:00
