### FILE netlists/ABCSTEP/B_dot2_u_w16__norm_pre__rewrite.aig
### ARGS -dot=2 -dyn -p -c -no-steps
### TIMEOUT 120
### START 2026-09-24T17:12:04-07:00
██▓▓░░░░░░░░░░░░░░░░░░░░░░░░░░░░░░░░░  Trace  ░░░░░░░░░░░░░░░░░░░░░░░░░░░░░░░░▓▓██
║ [Build]   compiled on: Apr 13 2026 at 16:17:50
║           built as: Release version
║ [Options] file: /data/netlists/ABCSTEP/B_dot2_u_w16__norm_pre__rewrite.aig
║           mode: dot=2
║           sign: unsigned
║           method: dyn
║           phase optimization: enabled
║           conflict detection: enabled
║           progress steps: disabled
║
╚═ Result: Correct
╔═ Final Report
║ Trace compiled on: Apr 13 2026 at 16:17:30 (release build)
║ 
╠═ Program modes
║ Circuit mode: dot
║ Traversal method: dyn
║ Debug mode: Y
║ 
╠═ General Information
║ Circuit path: /data/netlists/ABCSTEP/B_dot2_u_w16__norm_pre__rewrite.aig
║ Maximum polynomial : 1045
║ Number of iteration: 4454
║ Elapsed time: 1.44356 (in seconds)
║ Number and-gates : 4423
║ Substitution steps : 4456
║ Number of removed conflicts : 2468
║ Total calculated conflicts : 42058
║ Conflict calculation time: 0.0382042 (in seconds)
║ Number of negated nodes : 766
╚═ Process complete
	Command being timed: "/opt/trace/trace /data/netlists/ABCSTEP/B_dot2_u_w16__norm_pre__rewrite.aig -dot=2 -dyn -p -c -no-steps"
	User time (seconds): 1.08
	System time (seconds): 0.22
	Percent of CPU this job got: 85%
	Elapsed (wall clock) time (h:mm:ss or m:ss): 0m 1.53s
	Average shared text size (kbytes): 0
	Average unshared data size (kbytes): 0
	Average stack size (kbytes): 0
	Average total size (kbytes): 0
	Maximum resident set size (kbytes): 66224
	Average resident set size (kbytes): 0
	Major (requiring I/O) page faults: 0
	Minor (reclaiming a frame) page faults: 3958
	Voluntary context switches: 16
	Involuntary context switches: 3907
	Swaps: 0
	File system inputs: 22
	File system outputs: 0
	Socket messages sent: 0
	Socket messages received: 0
	Signals delivered: 0
	Page size (bytes): 4096
	Exit status: 0
### TRACE_EXIT 0
### CGROUP_MEMORY_PEAK_BYTES 15708160
### DOCKER_EXIT 0
### WALL_SECONDS 2.32
### END 2026-09-24T17:12:06-07:00
