### FILE netlists/ABCSTEP/A_mul_s_w8__booth_lp_pre__yosysnomap.aig
### ARGS -mul -s -dyn -p -c -no-steps
### TIMEOUT 60
### START 2026-09-24T17:07:44-07:00
██▓▓░░░░░░░░░░░░░░░░░░░░░░░░░░░░░░░░░  Trace  ░░░░░░░░░░░░░░░░░░░░░░░░░░░░░░░░▓▓██
║ [Build]   compiled on: Apr 13 2026 at 16:17:50
║           built as: Release version
║ [Options] file: /data/netlists/ABCSTEP/A_mul_s_w8__booth_lp_pre__yosysnomap.aig
║           mode: mul
║           sign: signed
║           method: dyn
║           phase optimization: enabled
║           conflict detection: enabled
║           progress steps: disabled
║
Killed
### TRACE_EXIT 137
### CGROUP_MEMORY_PEAK_BYTES 64438272
### DOCKER_EXIT 0
### WALL_SECONDS 61.04
### END 2026-09-24T17:08:45-07:00
