### FILE netlists/ABCSTEP/A_mul_s_w8__booth_lp_pre__refactor.aig
### ARGS -mul -s -dyn -p -c -no-steps
### TIMEOUT 60
### START 2026-09-24T17:07:36-07:00
██▓▓░░░░░░░░░░░░░░░░░░░░░░░░░░░░░░░░░  Trace  ░░░░░░░░░░░░░░░░░░░░░░░░░░░░░░░░▓▓██
║ [Build]   compiled on: Apr 13 2026 at 16:17:50
║           built as: Release version
║ [Options] file: /data/netlists/ABCSTEP/A_mul_s_w8__booth_lp_pre__refactor.aig
║           mode: mul
║           sign: signed
║           method: dyn
║           phase optimization: enabled
║           conflict detection: enabled
║           progress steps: disabled
║
╚═ Result: Correct
╔═ Final Report
║ Trace compiled on: Apr 13 2026 at 16:17:30 (release build)
║ 
╠═ Program modes
║ Circuit mode: mul
║ Traversal method: dyn
║ Debug mode: Y
║ 
╠═ General Information
║ Circuit path: /data/netlists/ABCSTEP/A_mul_s_w8__booth_lp_pre__refactor.aig
║ Maximum polynomial : 199
║ Number of iteration: 463
║ Elapsed time: 0.038235 (in seconds)
║ Number and-gates : 449
║ Substitution steps : 465
║ Number of removed conflicts : 302
║ Total calculated conflicts : 6390
║ Conflict calculation time: 0.0376347 (in seconds)
║ Number of negated nodes : 84
╚═ Process complete
	Command being timed: "/opt/trace/trace /data/netlists/ABCSTEP/A_mul_s_w8__booth_lp_pre__refactor.aig -mul -s -dyn -p -c -no-steps"
	User time (seconds): 0.05
	System time (seconds): 0.01
	Percent of CPU this job got: 61%
	Elapsed (wall clock) time (h:mm:ss or m:ss): 0m 0.11s
	Average shared text size (kbytes): 0
	Average unshared data size (kbytes): 0
	Average stack size (kbytes): 0
	Average total size (kbytes): 0
	Maximum resident set size (kbytes): 16832
	Average resident set size (kbytes): 0
	Major (requiring I/O) page faults: 0
	Minor (reclaiming a frame) page faults: 489
	Voluntary context switches: 15
	Involuntary context switches: 33
	Swaps: 0
	File system inputs: 3
	File system outputs: 0
	Socket messages sent: 0
	Socket messages received: 0
	Signals delivered: 0
	Page size (bytes): 4096
	Exit status: 0
### TRACE_EXIT 0
### CGROUP_MEMORY_PEAK_BYTES 5140480
### DOCKER_EXIT 0
### WALL_SECONDS 1.13
### END 2026-09-24T17:07:37-07:00
