### FILE netlists/ABCSTEP/B_dot2_u_w16__norm_pre__fraig.aig
### ARGS -dot=2 -dyn -p -c -no-steps
### TIMEOUT 120
### START 2026-09-24T17:10:48-07:00
██▓▓░░░░░░░░░░░░░░░░░░░░░░░░░░░░░░░░░  Trace  ░░░░░░░░░░░░░░░░░░░░░░░░░░░░░░░░▓▓██
║ [Build]   compiled on: Apr 13 2026 at 16:17:50
║           built as: Release version
║ [Options] file: /data/netlists/ABCSTEP/B_dot2_u_w16__norm_pre__fraig.aig
║           mode: dot=2
║           sign: unsigned
║           method: dyn
║           phase optimization: enabled
║           conflict detection: enabled
║           progress steps: disabled
║
╚═ Result: Correct
╔═ Final Report
║ Trace compiled on: Apr 13 2026 at 16:17:30 (release build)
║ 
╠═ Program modes
║ Circuit mode: dot
║ Traversal method: dyn
║ Debug mode: Y
║ 
╠═ General Information
║ Circuit path: /data/netlists/ABCSTEP/B_dot2_u_w16__norm_pre__fraig.aig
║ Maximum polynomial : 1753
║ Number of iteration: 4446
║ Elapsed time: 2.2313 (in seconds)
║ Number and-gates : 4415
║ Substitution steps : 4448
║ Number of removed conflicts : 8405
║ Total calculated conflicts : 42094
║ Conflict calculation time: 0.0582349 (in seconds)
║ Number of negated nodes : 897
╚═ Process complete
	Command being timed: "/opt/trace/trace /data/netlists/ABCSTEP/B_dot2_u_w16__norm_pre__fraig.aig -dot=2 -dyn -p -c -no-steps"
	User time (seconds): 2.23
	System time (seconds): 0.05
	Percent of CPU this job got: 97%
	Elapsed (wall clock) time (h:mm:ss or m:ss): 0m 2.33s
	Average shared text size (kbytes): 0
	Average unshared data size (kbytes): 0
	Average stack size (kbytes): 0
	Average total size (kbytes): 0
	Maximum resident set size (kbytes): 69696
	Average resident set size (kbytes): 0
	Major (requiring I/O) page faults: 0
	Minor (reclaiming a frame) page faults: 4154
	Voluntary context switches: 16
	Involuntary context switches: 324
	Swaps: 0
	File system inputs: 22
	File system outputs: 0
	Socket messages sent: 0
	Socket messages received: 0
	Signals delivered: 0
	Page size (bytes): 4096
	Exit status: 0
### TRACE_EXIT 0
### CGROUP_MEMORY_PEAK_BYTES 16658432
### DOCKER_EXIT 0
### WALL_SECONDS 3.38
### END 2026-09-24T17:10:51-07:00
