### FILE netlists/ABCSTEP/B_dot2_u_w16__norm_pre__yosysnomap.aig
### ARGS -dot=2 -dyn -p -c -no-steps
### TIMEOUT 120
### START 2026-09-24T17:12:53-07:00
██▓▓░░░░░░░░░░░░░░░░░░░░░░░░░░░░░░░░░  Trace  ░░░░░░░░░░░░░░░░░░░░░░░░░░░░░░░░▓▓██
║ [Build]   compiled on: Apr 13 2026 at 16:17:50
║           built as: Release version
║ [Options] file: /data/netlists/ABCSTEP/B_dot2_u_w16__norm_pre__yosysnomap.aig
║           mode: dot=2
║           sign: unsigned
║           method: dyn
║           phase optimization: enabled
║           conflict detection: enabled
║           progress steps: disabled
║
Killed
### TRACE_EXIT 137
### CGROUP_MEMORY_PEAK_BYTES 126382080
### DOCKER_EXIT 0
### WALL_SECONDS 120.86
### END 2026-09-24T17:14:54-07:00
