### FILE netlists/ABCSTEP/A_mul_s_w8__booth_lp_pre__strash.aig
### ARGS -mul -s -idx -p -c -no-steps
### TIMEOUT 60
### START 2026-09-24T17:07:43-07:00
██▓▓░░░░░░░░░░░░░░░░░░░░░░░░░░░░░░░░░  Trace  ░░░░░░░░░░░░░░░░░░░░░░░░░░░░░░░░▓▓██
║ [Build]   compiled on: Apr 13 2026 at 16:17:50
║           built as: Release version
║ [Options] file: /data/netlists/ABCSTEP/A_mul_s_w8__booth_lp_pre__strash.aig
║           mode: mul
║           sign: signed
║           method: idx
║           phase optimization: enabled
║           conflict detection: enabled
║           progress steps: disabled
║
╚═ Result: Correct
╔═ Final Report
║ Trace compiled on: Apr 13 2026 at 16:17:30 (release build)
║ 
╠═ Program modes
║ Circuit mode: mul
║ Traversal method: idx
║ Debug mode: Y
║ 
╠═ General Information
║ Circuit path: /data/netlists/ABCSTEP/A_mul_s_w8__booth_lp_pre__strash.aig
║ Maximum polynomial : 80
║ Number of iteration: 14
║ Elapsed time: 0.0468757 (in seconds)
║ Number and-gates : 452
║ Substitution steps : 16
║ Number of removed conflicts : 271
║ Total calculated conflicts : 6488
║ Conflict calculation time: 0.0149192 (in seconds)
║ Number of negated nodes : 151
╚═ Process complete
	Command being timed: "/opt/trace/trace /data/netlists/ABCSTEP/A_mul_s_w8__booth_lp_pre__strash.aig -mul -s -idx -p -c -no-steps"
	User time (seconds): 0.04
	System time (seconds): 0.00
	Percent of CPU this job got: 66%
	Elapsed (wall clock) time (h:mm:ss or m:ss): 0m 0.07s
	Average shared text size (kbytes): 0
	Average unshared data size (kbytes): 0
	Average stack size (kbytes): 0
	Average total size (kbytes): 0
	Maximum resident set size (kbytes): 15808
	Average resident set size (kbytes): 0
	Major (requiring I/O) page faults: 0
	Minor (reclaiming a frame) page faults: 387
	Voluntary context switches: 15
	Involuntary context switches: 76
	Swaps: 0
	File system inputs: 3
	File system outputs: 0
	Socket messages sent: 0
	Socket messages received: 0
	Signals delivered: 0
	Page size (bytes): 4096
	Exit status: 0
### TRACE_EXIT 0
### CGROUP_MEMORY_PEAK_BYTES 4653056
### DOCKER_EXIT 0
### WALL_SECONDS 1.00
### END 2026-09-24T17:07:44-07:00
