### FILE third_party/trace_d57aa9a7/example_circuits/multipliers/16_16_U_SP_AR_RC.aig
### ARGS -mul -p -c -no-steps
### TIMEOUT 900
### START 2026-09-24T02:01:17-07:00
██▓▓░░░░░░░░░░░░░░░░░░░░░░░░░░░░░░░░░  Trace  ░░░░░░░░░░░░░░░░░░░░░░░░░░░░░░░░▓▓██
║ [Build]   compiled on: Apr 13 2026 at 16:17:50
║           built as: Release version
║ [Options] file: /data/third_party/trace_d57aa9a7/example_circuits/multipliers/16_16_U_SP_AR_RC.aig
║           mode: mul
║           sign: unsigned
║           method: idx
║           phase optimization: enabled
║           conflict detection: enabled
║           progress steps: disabled
║
╚═ Result: Correct
╔═ Final Report
║ Trace compiled on: Apr 13 2026 at 16:17:30 (release build)
║ 
╠═ Program modes
║ Circuit mode: mul
║ Traversal method: idx
║ Debug mode: Y
║ 
╠═ General Information
║ Circuit path: /data/third_party/trace_d57aa9a7/example_circuits/multipliers/16_16_U_SP_AR_RC.aig
║ Maximum polynomial : 289
║ Number of iteration: 30
║ Elapsed time: 0.452007 (in seconds)
║ Number and-gates : 2784
║ Substitution steps : 32
║ Number of removed conflicts : 699
║ Total calculated conflicts : 33148
║ Conflict calculation time: 0.0564616 (in seconds)
║ Number of negated nodes : 1360
╚═ Process complete
	Command being timed: "/opt/trace/trace /data/third_party/trace_d57aa9a7/example_circuits/multipliers/16_16_U_SP_AR_RC.aig -mul -p -c -no-steps"
	User time (seconds): 0.44
	System time (seconds): 0.04
	Percent of CPU this job got: 88%
	Elapsed (wall clock) time (h:mm:ss or m:ss): 0m 0.55s
	Average shared text size (kbytes): 0
	Average unshared data size (kbytes): 0
	Average stack size (kbytes): 0
	Average total size (kbytes): 0
	Maximum resident set size (kbytes): 36848
	Average resident set size (kbytes): 0
	Major (requiring I/O) page faults: 0
	Minor (reclaiming a frame) page faults: 1932
	Voluntary context switches: 17
	Involuntary context switches: 240
	Swaps: 0
	File system inputs: 15
	File system outputs: 0
	Socket messages sent: 0
	Socket messages received: 0
	Signals delivered: 0
	Page size (bytes): 4096
	Exit status: 0
### TRACE_EXIT 0
### CGROUP_MEMORY_PEAK_BYTES 8433664
### DOCKER_EXIT 0
### WALL_SECONDS 2.02
### END 2026-09-24T02:01:19-07:00
