### FILE third_party/trace_d57aa9a7/example_circuits/multipliers/8_8_U_SP_AR_RC.aig
### ARGS -mul -p -c -no-steps
### TIMEOUT 900
### START 2026-09-24T02:01:16-07:00
██▓▓░░░░░░░░░░░░░░░░░░░░░░░░░░░░░░░░░  Trace  ░░░░░░░░░░░░░░░░░░░░░░░░░░░░░░░░▓▓██
║ [Build]   compiled on: Apr 13 2026 at 16:17:50
║           built as: Release version
║ [Options] file: /data/third_party/trace_d57aa9a7/example_circuits/multipliers/8_8_U_SP_AR_RC.aig
║           mode: mul
║           sign: unsigned
║           method: idx
║           phase optimization: enabled
║           conflict detection: enabled
║           progress steps: disabled
║
╚═ Result: Correct
╔═ Final Report
║ Trace compiled on: Apr 13 2026 at 16:17:30 (release build)
║ 
╠═ Program modes
║ Circuit mode: mul
║ Traversal method: idx
║ Debug mode: Y
║ 
╠═ General Information
║ Circuit path: /data/third_party/trace_d57aa9a7/example_circuits/multipliers/8_8_U_SP_AR_RC.aig
║ Maximum polynomial : 81
║ Number of iteration: 14
║ Elapsed time: 0.0386507 (in seconds)
║ Number and-gates : 624
║ Substitution steps : 16
║ Number of removed conflicts : 163
║ Total calculated conflicts : 7868
║ Conflict calculation time: 0.0233266 (in seconds)
║ Number of negated nodes : 296
╚═ Process complete
	Command being timed: "/opt/trace/trace /data/third_party/trace_d57aa9a7/example_circuits/multipliers/8_8_U_SP_AR_RC.aig -mul -p -c -no-steps"
	User time (seconds): 0.03
	System time (seconds): 0.00
	Percent of CPU this job got: 44%
	Elapsed (wall clock) time (h:mm:ss or m:ss): 0m 0.08s
	Average shared text size (kbytes): 0
	Average unshared data size (kbytes): 0
	Average stack size (kbytes): 0
	Average total size (kbytes): 0
	Maximum resident set size (kbytes): 16832
	Average resident set size (kbytes): 0
	Major (requiring I/O) page faults: 0
	Minor (reclaiming a frame) page faults: 466
	Voluntary context switches: 13
	Involuntary context switches: 151
	Swaps: 0
	File system inputs: 3
	File system outputs: 0
	Socket messages sent: 0
	Socket messages received: 0
	Signals delivered: 0
	Page size (bytes): 4096
	Exit status: 0
### TRACE_EXIT 0
### CGROUP_MEMORY_PEAK_BYTES 4603904
### DOCKER_EXIT 0
### WALL_SECONDS 1.55
### END 2026-09-24T02:01:18-07:00
