### FILE third_party/trace_d57aa9a7/example_circuits/multipliers/behavioral_MUL_16.aig
### ARGS -mul -dyn -p -c -no-steps
### TIMEOUT 900
### START 2026-09-24T02:01:18-07:00
██▓▓░░░░░░░░░░░░░░░░░░░░░░░░░░░░░░░░░  Trace  ░░░░░░░░░░░░░░░░░░░░░░░░░░░░░░░░▓▓██
║ [Build]   compiled on: Apr 13 2026 at 16:17:50
║           built as: Release version
║ [Options] file: /data/third_party/trace_d57aa9a7/example_circuits/multipliers/behavioral_MUL_16.aig
║           mode: mul
║           sign: unsigned
║           method: dyn
║           phase optimization: enabled
║           conflict detection: enabled
║           progress steps: disabled
║
╚═ Result: Correct
╔═ Final Report
║ Trace compiled on: Apr 13 2026 at 16:17:30 (release build)
║ 
╠═ Program modes
║ Circuit mode: mul
║ Traversal method: dyn
║ Debug mode: Y
║ 
╠═ General Information
║ Circuit path: /data/third_party/trace_d57aa9a7/example_circuits/multipliers/behavioral_MUL_16.aig
║ Maximum polynomial : 351
║ Number of iteration: 2077
║ Elapsed time: 0.451661 (in seconds)
║ Number and-gates : 2047
║ Substitution steps : 2079
║ Number of removed conflicts : 742
║ Total calculated conflicts : 20732
║ Conflict calculation time: 0.0527957 (in seconds)
║ Number of negated nodes : 373
╚═ Process complete
	Command being timed: "/opt/trace/trace /data/third_party/trace_d57aa9a7/example_circuits/multipliers/behavioral_MUL_16.aig -mul -dyn -p -c -no-steps"
	User time (seconds): 0.29
	System time (seconds): 0.06
	Percent of CPU this job got: 65%
	Elapsed (wall clock) time (h:mm:ss or m:ss): 0m 0.54s
	Average shared text size (kbytes): 0
	Average unshared data size (kbytes): 0
	Average stack size (kbytes): 0
	Average total size (kbytes): 0
	Maximum resident set size (kbytes): 36224
	Average resident set size (kbytes): 0
	Major (requiring I/O) page faults: 0
	Minor (reclaiming a frame) page faults: 1773
	Voluntary context switches: 20
	Involuntary context switches: 399
	Swaps: 0
	File system inputs: 10
	File system outputs: 0
	Socket messages sent: 0
	Socket messages received: 0
	Signals delivered: 0
	Page size (bytes): 4096
	Exit status: 0
### TRACE_EXIT 0
### CGROUP_MEMORY_PEAK_BYTES 7901184
### DOCKER_EXIT 0
### WALL_SECONDS 1.90
### END 2026-09-24T02:01:20-07:00
