### FILE third_party/trace_d57aa9a7/example_circuits/macs/behavioral_mac_16.aig
### ARGS -mac -dyn -p -c -no-steps
### TIMEOUT 900
### START 2026-09-24T02:01:27-07:00
██▓▓░░░░░░░░░░░░░░░░░░░░░░░░░░░░░░░░░  Trace  ░░░░░░░░░░░░░░░░░░░░░░░░░░░░░░░░▓▓██
║ [Build]   compiled on: Apr 13 2026 at 16:17:50
║           built as: Release version
║ [Options] file: /data/third_party/trace_d57aa9a7/example_circuits/macs/behavioral_mac_16.aig
║           mode: mac
║           sign: unsigned
║           method: dyn
║           phase optimization: enabled
║           conflict detection: enabled
║           progress steps: disabled
║
╚═ Result: Correct
╔═ Final Report
║ Trace compiled on: Apr 13 2026 at 16:17:30 (release build)
║ 
╠═ Program modes
║ Circuit mode: mac
║ Traversal method: dyn
║ Debug mode: Y
║ 
╠═ General Information
║ Circuit path: /data/third_party/trace_d57aa9a7/example_circuits/macs/behavioral_mac_16.aig
║ Maximum polynomial : 412
║ Number of iteration: 2326
║ Elapsed time: 0.402691 (in seconds)
║ Number and-gates : 2295
║ Substitution steps : 2328
║ Number of removed conflicts : 851
║ Total calculated conflicts : 22610
║ Conflict calculation time: 0.0289209 (in seconds)
║ Number of negated nodes : 451
╚═ Process complete
	Command being timed: "/opt/trace/trace /data/third_party/trace_d57aa9a7/example_circuits/macs/behavioral_mac_16.aig -mac -dyn -p -c -no-steps"
	User time (seconds): 0.38
	System time (seconds): 0.01
	Percent of CPU this job got: 85%
	Elapsed (wall clock) time (h:mm:ss or m:ss): 0m 0.47s
	Average shared text size (kbytes): 0
	Average unshared data size (kbytes): 0
	Average stack size (kbytes): 0
	Average total size (kbytes): 0
	Maximum resident set size (kbytes): 39280
	Average resident set size (kbytes): 0
	Major (requiring I/O) page faults: 0
	Minor (reclaiming a frame) page faults: 2038
	Voluntary context switches: 21
	Involuntary context switches: 24
	Swaps: 0
	File system inputs: 12
	File system outputs: 0
	Socket messages sent: 0
	Socket messages received: 0
	Signals delivered: 0
	Page size (bytes): 4096
	Exit status: 0
### TRACE_EXIT 0
### CGROUP_MEMORY_PEAK_BYTES 8884224
### DOCKER_EXIT 0
### WALL_SECONDS 1.92
### END 2026-09-24T02:01:29-07:00
