### FILE third_party/trace_d57aa9a7/example_circuits/macs/behavioral_mac_32.aig
### ARGS -mac -dyn -p -c -no-steps
### TIMEOUT 900
### START 2026-09-24T02:01:29-07:00
██▓▓░░░░░░░░░░░░░░░░░░░░░░░░░░░░░░░░░  Trace  ░░░░░░░░░░░░░░░░░░░░░░░░░░░░░░░░▓▓██
║ [Build]   compiled on: Apr 13 2026 at 16:17:50
║           built as: Release version
║ [Options] file: /data/third_party/trace_d57aa9a7/example_circuits/macs/behavioral_mac_32.aig
║           mode: mac
║           sign: unsigned
║           method: dyn
║           phase optimization: enabled
║           conflict detection: enabled
║           progress steps: disabled
║
╚═ Result: Correct
╔═ Final Report
║ Trace compiled on: Apr 13 2026 at 16:17:30 (release build)
║ 
╠═ Program modes
║ Circuit mode: mac
║ Traversal method: dyn
║ Debug mode: Y
║ 
╠═ General Information
║ Circuit path: /data/third_party/trace_d57aa9a7/example_circuits/macs/behavioral_mac_32.aig
║ Maximum polynomial : 2574
║ Number of iteration: 8933
║ Elapsed time: 6.50218 (in seconds)
║ Number and-gates : 8870
║ Substitution steps : 8935
║ Number of removed conflicts : 8368
║ Total calculated conflicts : 85030
║ Conflict calculation time: 0.147031 (in seconds)
║ Number of negated nodes : 1726
╚═ Process complete
	Command being timed: "/opt/trace/trace /data/third_party/trace_d57aa9a7/example_circuits/macs/behavioral_mac_32.aig -mac -dyn -p -c -no-steps"
	User time (seconds): 6.46
	System time (seconds): 0.06
	Percent of CPU this job got: 96%
	Elapsed (wall clock) time (h:mm:ss or m:ss): 0m 6.74s
	Average shared text size (kbytes): 0
	Average unshared data size (kbytes): 0
	Average stack size (kbytes): 0
	Average total size (kbytes): 0
	Maximum resident set size (kbytes): 127200
	Average resident set size (kbytes): 0
	Major (requiring I/O) page faults: 0
	Minor (reclaiming a frame) page faults: 8197
	Voluntary context switches: 22
	Involuntary context switches: 134
	Swaps: 0
	File system inputs: 45
	File system outputs: 0
	Socket messages sent: 0
	Socket messages received: 0
	Signals delivered: 0
	Page size (bytes): 4096
	Exit status: 0
### TRACE_EXIT 0
### CGROUP_MEMORY_PEAK_BYTES 31617024
### DOCKER_EXIT 0
### WALL_SECONDS 8.03
### END 2026-09-24T02:01:37-07:00
