### FILE third_party/trace_d57aa9a7/example_circuits/macs/NMAC_32_32_U_SP_WT_KS.aig
### ARGS -mac -dyn -p -c -no-steps
### TIMEOUT 900
### START 2026-09-24T02:02:31-07:00
██▓▓░░░░░░░░░░░░░░░░░░░░░░░░░░░░░░░░░  Trace  ░░░░░░░░░░░░░░░░░░░░░░░░░░░░░░░░▓▓██
║ [Build]   compiled on: Apr 13 2026 at 16:17:50
║           built as: Release version
║ [Options] file: /data/third_party/trace_d57aa9a7/example_circuits/macs/NMAC_32_32_U_SP_WT_KS.aig
║           mode: mac
║           sign: unsigned
║           method: dyn
║           phase optimization: enabled
║           conflict detection: enabled
║           progress steps: disabled
║
╚═ Result: Correct
╔═ Final Report
║ Trace compiled on: Apr 13 2026 at 16:17:30 (release build)
║ 
╠═ Program modes
║ Circuit mode: mac
║ Traversal method: dyn
║ Debug mode: Y
║ 
╠═ General Information
║ Circuit path: /data/third_party/trace_d57aa9a7/example_circuits/macs/NMAC_32_32_U_SP_WT_KS.aig
║ Maximum polynomial : 6836
║ Number of iteration: 13283
║ Elapsed time: 12.1319 (in seconds)
║ Number and-gates : 13220
║ Substitution steps : 13285
║ Number of removed conflicts : 33599
║ Total calculated conflicts : 305204
║ Conflict calculation time: 0.412224 (in seconds)
║ Number of negated nodes : 4225
╚═ Process complete
	Command being timed: "/opt/trace/trace /data/third_party/trace_d57aa9a7/example_circuits/macs/NMAC_32_32_U_SP_WT_KS.aig -mac -dyn -p -c -no-steps"
	User time (seconds): 12.03
	System time (seconds): 0.29
	Percent of CPU this job got: 97%
	Elapsed (wall clock) time (h:mm:ss or m:ss): 0m 12.68s
	Average shared text size (kbytes): 0
	Average unshared data size (kbytes): 0
	Average stack size (kbytes): 0
	Average total size (kbytes): 0
	Maximum resident set size (kbytes): 260128
	Average resident set size (kbytes): 0
	Major (requiring I/O) page faults: 0
	Minor (reclaiming a frame) page faults: 16527
	Voluntary context switches: 25
	Involuntary context switches: 1441
	Swaps: 0
	File system inputs: 68
	File system outputs: 0
	Socket messages sent: 0
	Socket messages received: 0
	Signals delivered: 0
	Page size (bytes): 4096
	Exit status: 0
### TRACE_EXIT 0
### CGROUP_MEMORY_PEAK_BYTES 66154496
### DOCKER_EXIT 0
### WALL_SECONDS 13.87
### END 2026-09-24T02:02:45-07:00
