### FILE third_party/trace_d57aa9a7/example_circuits/adders/ADD_8_8_RC.aig
### ARGS -add -no-steps
### TIMEOUT 900
### START 2026-09-24T02:02:45-07:00
██▓▓░░░░░░░░░░░░░░░░░░░░░░░░░░░░░░░░░  Trace  ░░░░░░░░░░░░░░░░░░░░░░░░░░░░░░░░▓▓██
║ [Build]   compiled on: Apr 13 2026 at 16:17:50
║           built as: Release version
║ [Options] file: /data/third_party/trace_d57aa9a7/example_circuits/adders/ADD_8_8_RC.aig
║           mode: add
║           sign: unsigned
║           method: idx
║           phase optimization: disabled
║           conflict detection: disabled
║           progress steps: disabled
║
╚═ Result: Correct
╔═ Final Report
║ Trace compiled on: Apr 13 2026 at 16:17:30 (release build)
║ 
╠═ Program modes
║ Circuit mode: add
║ Traversal method: idx
║ Debug mode: Y
║ 
╠═ General Information
║ Circuit path: /data/third_party/trace_d57aa9a7/example_circuits/adders/ADD_8_8_RC.aig
║ Maximum polynomial : 26
║ Number of iteration: 7
║ Elapsed time: 0.00158697 (in seconds)
║ Number and-gates : 81
║ Substitution steps : 9
║ Number of negated nodes : 0
╚═ Process complete
	Command being timed: "/opt/trace/trace /data/third_party/trace_d57aa9a7/example_circuits/adders/ADD_8_8_RC.aig -add -no-steps"
	User time (seconds): 0.00
	System time (seconds): 0.00
	Percent of CPU this job got: 25%
	Elapsed (wall clock) time (h:mm:ss or m:ss): 0m 0.02s
	Average shared text size (kbytes): 0
	Average unshared data size (kbytes): 0
	Average stack size (kbytes): 0
	Average total size (kbytes): 0
	Maximum resident set size (kbytes): 10176
	Average resident set size (kbytes): 0
	Major (requiring I/O) page faults: 0
	Minor (reclaiming a frame) page faults: 98
	Voluntary context switches: 21
	Involuntary context switches: 4
	Swaps: 0
	File system inputs: 1
	File system outputs: 0
	Socket messages sent: 0
	Socket messages received: 0
	Signals delivered: 0
	Page size (bytes): 4096
	Exit status: 0
### TRACE_EXIT 0
### CGROUP_MEMORY_PEAK_BYTES 4866048
### DOCKER_EXIT 0
### WALL_SECONDS 1.02
### END 2026-09-24T02:02:46-07:00
