### FILE third_party/trace_d57aa9a7/example_circuits/adders/ADD_128_128_CL.aig
### ARGS -add -no-steps
### TIMEOUT 900
### START 2026-09-24T02:02:46-07:00
██▓▓░░░░░░░░░░░░░░░░░░░░░░░░░░░░░░░░░  Trace  ░░░░░░░░░░░░░░░░░░░░░░░░░░░░░░░░▓▓██
║ [Build]   compiled on: Apr 13 2026 at 16:17:50
║           built as: Release version
║ [Options] file: /data/third_party/trace_d57aa9a7/example_circuits/adders/ADD_128_128_CL.aig
║           mode: add
║           sign: unsigned
║           method: idx
║           phase optimization: disabled
║           conflict detection: disabled
║           progress steps: disabled
║
Command terminated by signal 9
	Command being timed: "/opt/trace/trace /data/third_party/trace_d57aa9a7/example_circuits/adders/ADD_128_128_CL.aig -add -no-steps"
	User time (seconds): 366.38
	System time (seconds): 75.25
	Percent of CPU this job got: 93%
	Elapsed (wall clock) time (h:mm:ss or m:ss): 7m 50.02s
	Average shared text size (kbytes): 0
	Average unshared data size (kbytes): 0
	Average stack size (kbytes): 0
	Average total size (kbytes): 0
	Maximum resident set size (kbytes): 58602912
	Average resident set size (kbytes): 0
	Major (requiring I/O) page faults: 0
	Minor (reclaiming a frame) page faults: 3709844
	Voluntary context switches: 126
	Involuntary context switches: 69801
	Swaps: 0
	File system inputs: 167
	File system outputs: 0
	Socket messages sent: 0
	Socket messages received: 0
	Signals delivered: 0
	Page size (bytes): 4096
	Exit status: 0
### TRACE_EXIT 9
### CGROUP_MEMORY_PEAK_BYTES 15032385536
### DOCKER_EXIT 0
### WALL_SECONDS 474.34
### END 2026-09-24T02:10:41-07:00
