### FILE third_party/trace_d57aa9a7/example_circuits/multipliers/behavioral_MUL_8.aig
### ARGS -mac -dyn -p -c -no-steps
### TIMEOUT 900
### START 2026-09-24T02:06:13-07:00
██▓▓░░░░░░░░░░░░░░░░░░░░░░░░░░░░░░░░░  Trace  ░░░░░░░░░░░░░░░░░░░░░░░░░░░░░░░░▓▓██
║ [Build]   compiled on: Apr 13 2026 at 16:17:50
║           built as: Release version
║ [Options] file: /data/third_party/trace_d57aa9a7/example_circuits/multipliers/behavioral_MUL_8.aig
║           mode: mac
║           sign: unsigned
║           method: dyn
║           phase optimization: enabled
║           conflict detection: enabled
║           progress steps: disabled
║
Killed
### TRACE_EXIT 137
### CGROUP_MEMORY_PEAK_BYTES 1066676224
### DOCKER_EXIT 0
### WALL_SECONDS 902.56
### END 2026-09-24T02:21:16-07:00
