### FILE netlists/BASELINE/MUTX_NMAC_8_8_U_SP_AR_RC.aig
### ARGS -mac -dyn -p -c -no-steps
### TIMEOUT 900
### START 2026-09-24T02:10:52-07:00
██▓▓░░░░░░░░░░░░░░░░░░░░░░░░░░░░░░░░░  Trace  ░░░░░░░░░░░░░░░░░░░░░░░░░░░░░░░░▓▓██
║ [Build]   compiled on: Apr 13 2026 at 16:17:50
║           built as: Release version
║ [Options] file: /data/netlists/BASELINE/MUTX_NMAC_8_8_U_SP_AR_RC.aig
║           mode: mac
║           sign: unsigned
║           method: dyn
║           phase optimization: enabled
║           conflict detection: enabled
║           progress steps: disabled
║
╠═ Result: Buggy
║   [34mSP: {275} -114688n8n10n14n16n26n28n30n32n56 + -114688n10n14n16n26n28n32n56 + -98304n8n10n12n14n16n24n26n28n30n32n56 + -65536n10n12n14n16n26n28n30n32n56 + -32768n8n10n12n14n16n24n28n32n56 + -32768n8n10n12n14n28n30n32n56 + -32768n8n10n12n16n24n26n28n32n56 + -32768n8n12n14n16n26n28n30n32n56 + -32768n8n12n16n24n26n28n30n32n56 + -32768n10n12n14n16n24n28n30n32n56 + -32768n10n12n14n16n26n28n30n32 + -32768n10n12n14n16n26n28n30n56 + -32768n10n12n14n26n28n30n32n56 + -32768n12n14n16n24n26n28n30n56 + -24576n8n10n12n14n16n24n26n28n32 + -24576n8n10n12n14n16n24n28n30n32 + -24576n8n10n12n16n24n26n28n30n32 + -24576n8n10n12n16n24n28n30n32n56 + -24576n8n12n14n16n24n26n28n30n32 + -24576n8n12n14n16n24n26n28n32n56 + -16384n8n10n12n14n26n28n30n32 + -16384n8n10n12n14n26n28n32n56 + -16384n8n10n12n16n26n28n30n32n56 + -16384n8n10n12n16n26n30n32n56 + -16384n8n10n14n16n24n26n32n56 + -16384n8n10n14n16n24n28n30n32n56 + -16384n8n10n14n16n26n30n32n56 + -16384n8n10n14n26n28n30n32n56 + -16384n8n10n16n24n26n30n32n56 + -16384n8n12n14n16n24n26n30n32n56 + -16384n8n12n14n16n24n28n30n32n56 + -16384n10n12n14n16n24n26n28n30 + -16384n10n12n14n16n24n26n28n32n56 + -16384n10n12n14n16n24n26n30n56 + -16384n10n12n16n24n26n28n30n56 + -16384n10n12n16n26n28n30n32n56 + -16384n10n14n16n24n26n28n32n56 + -16384n10n14n16n24n26n30n32n56 + -8192n8n10n12n14n16n24n26n30n32 + -8192n8n10n12n14n16n26n28n30n32 + -8192n8n10n12n14n28n32 + -8192n8n10n12n16n24n28n32 + -8192n8n10n12n16n26n28n32 + -8192n8n10n12n28n32n56 + -8192n8n10n14n16n24n26n28n30n32 + -8192n8n10n14n16n24n26n30n32 + -8192n8n10n14n16n24n28n32 + -8192n8n10n14n16n26n28n30n32 + -8192n8n10n14n16n26n32 + -8192n8n10n14n26n28n32 + -8192n8n10n14n26n32n56 + -8192n8n10n16n24n26n32 + -8192n8n10n16n24n32n56 + -8192n8n12n14n16n24n28n32 + -8192n8n12n14n16n26n30n32 + -8192n8n12n14n26n30n32n56 + -8192n8n12n14n28n30n32 + -8192n8n12n14n28n32n56 + -8192n8n12n16n24n26n28n32 + -8192n8n12n16n24n26n30n32 + -8192n8n12n16n24n28n30n32 + -8192n8n12n16n24n28n32n56 + -8192n8n12n16n24n30n32n56 + -8192n8n12n16n26n28n30n32 + -8192n8n12n16n26n28n32n56 + -8192n8n12n28n30n32n56 + -8192n8n14n16n24n28n32n56 + -8192n8n14n16n26n28n32 + -8192n8n14n16n26n32n56 + -8192n8n14n26n28n32n56 + -8192n8n16n24n26n32n56 + -8192n10n12n14n16n24n26n28n30n32 + -8192n10n12n14n16n24n26n30n32 + -8192n10n12n14n16n24n28n32 + -8192n10n12n14n16n26n30 + -8192n10n12n14n26n30n32 + -8192n10n12n14n26n30n56 + -8192n10n12n16n24n26n28n32 + -8192n10n12n16n24n26n30 + -8192n10n12n16n24n28n32n56 + -8192n10n12n16n24n30n32 + -8192n10n12n16n24n30n56 + -8192n10n12n16n26n30n32 + -8192n10n12n30n32n56 + -8192n10n14n16n24n28n30n32 + -8192n10n14n16n24n28n30n56 + -8192n10n14n16n26n28n30 + -8192n10n14n16n26n28n32 + -8192n10n14n16n26n30n32 + -8192n10n14n16n26n30n56 + -8192n10n14n26n28n30n32 + -8192n10n14n26n28n30n56 + -8192n10n14n26n30n32n56 + -8192n10n14n28n32n56 + -8192n10n16n24n26n30n32 + -8192n10n16n24n26n30n56 + -8192n10n16n24n30n32n56 + -8192n10n16n26n32n56 + -8192n12n14n16n24n28n30 + -8192n12n14n16n24n28n56 + -8192n12n14n28n30n56 + -8192n12n16n24n26n28n30 + -8192n12n16n24n26n28n56 + -8192n12n16n24n28n30n56 + -8192n12n16n26n30n56 + -8192n14n16n26n28n56 + -4096n8n10n12n30n32 + -4096n8n10n14n28n30n32 + -4096n8n10n16n26n30n32 + -4096n8n10n30n32n56 + -4096n8n12n28n32 + -4096n8n14n26n32 + -4096n8n16n24n32 + -4096n10n12n14n26n28n32 + -4096n10n12n14n28n30 + -4096n10n12n16n26n28n30 + -4096n10n12n28n30n32 + -4096n10n12n28n30n56 + -4096n10n14n16n24n26n32 + -4096n10n14n26n30 + -4096n10n16n24n30 + -4096n12n14n16n24n26n30 + -4096n12n14n16n26n28 + -4096n12n14n26n28n30 + -4096n12n14n26n28n56 + -4096n12n16n24n28 + -4096n14n16n24n26n28 + -4096n14n16n24n26n56 + -2048n10n32 + -2048n12n30 + -2048n14n28 + -2048n16n26 + -2048n56 + 2048 + 4096n8n10n12n28n32 + 4096n8n10n14n26n32 + 4096n8n10n16n24n32 + 4096n8n12n14n26n30n32 + 4096n8n12n14n28n32 + 4096n8n12n16n24n30n32 + 4096n8n12n16n26n28n32 + 4096n8n12n28n30n32 + 4096n8n12n28n32n56 + 4096n8n14n16n24n28n32 + 4096n8n14n16n26n32 + 4096n8n14n26n28n32 + 4096n8n14n26n32n56 + 4096n8n16n24n26n32 + 4096n8n16n24n32n56 + 4096n10n12n14n26n30 + 4096n10n12n16n24n28n32 + 4096n10n12n16n24n30 + 4096n10n12n30n32 + 4096n10n14n16n24n28n30 + 4096n10n14n16n26n30 + 4096n10n14n26n28n30 + 4096n10n14n26n30n32 + 4096n10n14n26n30n56 + 4096n10n14n28n32 + 4096n10n16n24n26n30 + 4096n10n16n24n30n32 + 4096n10n16n24n30n56 + 4096n10n16n26n32 + 4096n10n32n56 + 4096n12n14n16n24n28 + 4096n12n14n28n30 + 4096n12n16n24n26n28 + 4096n12n16n24n28n30 + 4096n12n16n24n28n56 + 4096n12n16n26n30 + 4096n12n30n56 + 4096n14n16n26n28 + 4096n14n28n56 + 4096n16n26n56 + 8192n8n10n12n14n26n28n32 + 8192n8n10n12n16n24n28n30n32 + 8192n8n10n12n16n26n28n30n32 + 8192n8n10n12n16n26n30n32 + 8192n8n10n12n28n30n32n56 + 8192n8n10n12n30n32n56 + 8192n8n10n14n16n24n26n30n32n56 + 8192n8n10n14n16n24n26n32 + 8192n8n10n14n16n24n28n30n32 + 8192n8n10n14n16n26n30n32 + 8192n8n10n14n26n28n30n32 + 8192n8n10n14n26n30n32n56 + 8192n8n10n14n28n30n32n56 + 8192n8n10n16n24n26n30n32 + 8192n8n10n16n24n30n32n56 + 8192n8n10n16n26n30n32n56 + 8192n8n12n14n16n24n26n28n32 + 8192n8n12n14n16n24n26n30n32 + 8192n8n12n14n16n24n28n30n32 + 8192n8n12n14n26n28n32n56 + 8192n8n12n16n24n28n32 + 8192n8n14n16n24n26n32n56 + 8192n10n12n14n16n24n26n28n32 + 8192n10n12n14n16n24n26n30 + 8192n10n12n14n16n26n28n32 + 8192n10n12n14n26n28n30n56 + 8192n10n12n14n26n28n32n56 + 8192n10n12n14n28n30n56 + 8192n10n12n16n24n26n28n30 + 8192n10n12n16n24n28n30n56 + 8192n10n12n16n26n28n30n32 + 8192n10n12n16n26n28n30n56 + 8192n10n12n28n30n32n56 + 8192n10n14n16n24n26n28n32 + 8192n10n14n16n24n26n30n32 + 8192n10n14n16n24n26n30n56 + 8192n10n14n16n24n26n32n56 + 8192n12n14n16n24n26n28n56 + 8192n12n14n16n24n26n30n56 + 8192n12n14n16n26n28n56 + 8192n12n14n26n28n30n56 + 8192n14n16n24n26n28n56 + 16384n8n10n12n14n16n24n26n30n32n56 + 16384n8n10n12n14n16n24n28n32 + 16384n8n10n12n14n16n26n28n30n32n56 + 16384n8n10n12n14n28n30n32 + 16384n8n10n12n14n28n32n56 + 16384n8n10n12n16n24n26n28n32 + 16384n8n10n12n16n24n28n32n56 + 16384n8n10n12n16n26n28n32n56 + 16384n8n10n14n16n24n26n28n30n32n56 + 16384n8n10n14n16n24n28n32n56 + 16384n8n10n14n16n26n28n32 + 16384n8n10n14n16n26n32n56 + 16384n8n10n14n26n28n32n56 + 16384n8n10n16n24n26n32n56 + 16384n8n12n14n16n24n28n32n56 + 16384n8n12n14n16n26n28n30n32 + 16384n8n12n14n16n26n30n32n56 + 16384n8n12n14n28n30n32n56 + 16384n8n12n16n24n26n28n30n32 + 16384n8n12n16n24n26n28n32n56 + 16384n8n12n16n24n26n30n32n56 + 16384n8n12n16n24n28n30n32n56 + 16384n8n12n16n26n28n30n32n56 + 16384n8n14n16n26n28n32n56 + 16384n10n12n14n16n24n26n28n30n32n56 + 16384n10n12n14n16n24n26n30n32n56 + 16384n10n12n14n16n24n28n30n32 + 16384n10n12n14n16n24n28n32n56 + 16384n10n12n14n16n26n28n30 + 16384n10n12n14n16n26n30n32 + 16384n10n12n14n16n26n30n56 + 16384n10n12n14n26n28n30n32 + 16384n10n12n14n26n30n32n56 + 16384n10n12n16n24n26n28n32n56 + 16384n10n12n16n24n26n30n32 + 16384n10n12n16n24n26n30n56 + 16384n10n12n16n24n30n32n56 + 16384n10n12n16n26n30n32n56 + 16384n10n14n16n24n28n30n32n56 + 16384n10n14n16n26n28n30n32 + 16384n10n14n16n26n28n30n56 + 16384n10n14n16n26n30n32n56 + 16384n10n14n26n28n30n32n56 + 16384n10n16n24n26n30n32n56 + 16384n12n14n16n24n26n28n30 + 16384n12n14n16n24n28n30n56 + 16384n12n16n24n26n28n30n56 + 24576n8n10n12n14n26n28n30n32n56 + 24576n10n12n14n16n24n26n28n30n56 + 49152n8n10n12n14n16n24n26n28n30n32 + 49152n8n10n12n14n16n24n26n28n32n56 + 49152n8n10n12n14n16n24n28n30n32n56 + 49152n8n10n12n16n24n26n28n30n32n56 + 49152n8n12n14n16n24n26n28n30n32n56 + 98304n8n10n14n16n26n28n32n56 + 98304n10n12n14n16n26n30n32n56 + 98304n10n12n16n24n26n30n32n56 + 98304n10n14n16n26n28n30n32n56 + 114688n10n12n14n16n26n28n32n56[39m
╔═ Final Report
║ Trace compiled on: Apr 13 2026 at 16:17:30 (release build)
║ 
╠═ Program modes
║ Circuit mode: mac
║ Traversal method: dyn
║ Debug mode: Y
║ 
╠═ General Information
║ Circuit path: /data/netlists/BASELINE/MUTX_NMAC_8_8_U_SP_AR_RC.aig
║ Maximum polynomial : 834
║ Number of iteration: 791
║ Elapsed time: 0.307537 (in seconds)
║ Number and-gates : 776
║ Substitution steps : 793
║ Number of removed conflicts : 1131
║ Total calculated conflicts : 8654
║ Conflict calculation time: 0.00727941 (in seconds)
║ Number of negated nodes : 274
╚═ Process complete
	Command being timed: "/opt/trace/trace /data/netlists/BASELINE/MUTX_NMAC_8_8_U_SP_AR_RC.aig -mac -dyn -p -c -no-steps"
	User time (seconds): 0.24
	System time (seconds): 0.05
	Percent of CPU this job got: 88%
	Elapsed (wall clock) time (h:mm:ss or m:ss): 0m 0.33s
	Average shared text size (kbytes): 0
	Average unshared data size (kbytes): 0
	Average stack size (kbytes): 0
	Average total size (kbytes): 0
	Maximum resident set size (kbytes): 23488
	Average resident set size (kbytes): 0
	Major (requiring I/O) page faults: 0
	Minor (reclaiming a frame) page faults: 867
	Voluntary context switches: 13
	Involuntary context switches: 82
	Swaps: 0
	File system inputs: 3
	File system outputs: 0
	Socket messages sent: 0
	Socket messages received: 0
	Signals delivered: 0
	Page size (bytes): 4096
	Exit status: 0
### TRACE_EXIT 0
### CGROUP_MEMORY_PEAK_BYTES 5373952
### DOCKER_EXIT 0
### WALL_SECONDS 2.58
### END 2026-09-24T02:10:54-07:00
