### FILE netlists/BASELINE/IDENT_behavioral_MUL_8.aig
### ARGS -mul -dyn -p -c -no-steps
### TIMEOUT 900
### START 2026-09-24T02:21:16-07:00
██▓▓░░░░░░░░░░░░░░░░░░░░░░░░░░░░░░░░░  Trace  ░░░░░░░░░░░░░░░░░░░░░░░░░░░░░░░░▓▓██
║ [Build]   compiled on: Apr 13 2026 at 16:17:50
║           built as: Release version
║ [Options] file: /data/netlists/BASELINE/IDENT_behavioral_MUL_8.aig
║           mode: mul
║           sign: unsigned
║           method: dyn
║           phase optimization: enabled
║           conflict detection: enabled
║           progress steps: disabled
║
╚═ Result: Correct
╔═ Final Report
║ Trace compiled on: Apr 13 2026 at 16:17:30 (release build)
║ 
╠═ Program modes
║ Circuit mode: mul
║ Traversal method: dyn
║ Debug mode: Y
║ 
╠═ General Information
║ Circuit path: /data/netlists/BASELINE/IDENT_behavioral_MUL_8.aig
║ Maximum polynomial : 105
║ Number of iteration: 477
║ Elapsed time: 0.0205482 (in seconds)
║ Number and-gates : 463
║ Substitution steps : 479
║ Number of removed conflicts : 160
║ Total calculated conflicts : 4564
║ Conflict calculation time: 0.00291538 (in seconds)
║ Number of negated nodes : 92
╚═ Process complete
	Command being timed: "/opt/trace/trace /data/netlists/BASELINE/IDENT_behavioral_MUL_8.aig -mul -dyn -p -c -no-steps"
	User time (seconds): 0.02
	System time (seconds): 0.00
	Percent of CPU this job got: 80%
	Elapsed (wall clock) time (h:mm:ss or m:ss): 0m 0.03s
	Average shared text size (kbytes): 0
	Average unshared data size (kbytes): 0
	Average stack size (kbytes): 0
	Average total size (kbytes): 0
	Maximum resident set size (kbytes): 16832
	Average resident set size (kbytes): 0
	Major (requiring I/O) page faults: 0
	Minor (reclaiming a frame) page faults: 439
	Voluntary context switches: 13
	Involuntary context switches: 11
	Swaps: 0
	File system inputs: 2
	File system outputs: 0
	Socket messages sent: 0
	Socket messages received: 0
	Signals delivered: 0
	Page size (bytes): 4096
	Exit status: 0
### TRACE_EXIT 0
### CGROUP_MEMORY_PEAK_BYTES 5128192
### DOCKER_EXIT 0
### WALL_SECONDS 1.03
### END 2026-09-24T02:21:17-07:00
