### FILE netlists/BASELINE/IDENT_16_16_U_SP_WT_KS.aig
### ARGS -mul -dyn -p -c -no-steps
### TIMEOUT 900
### START 2026-09-24T02:21:18-07:00
██▓▓░░░░░░░░░░░░░░░░░░░░░░░░░░░░░░░░░  Trace  ░░░░░░░░░░░░░░░░░░░░░░░░░░░░░░░░▓▓██
║ [Build]   compiled on: Apr 13 2026 at 16:17:50
║           built as: Release version
║ [Options] file: /data/netlists/BASELINE/IDENT_16_16_U_SP_WT_KS.aig
║           mode: mul
║           sign: unsigned
║           method: dyn
║           phase optimization: enabled
║           conflict detection: enabled
║           progress steps: disabled
║
╚═ Result: Correct
╔═ Final Report
║ Trace compiled on: Apr 13 2026 at 16:17:30 (release build)
║ 
╠═ Program modes
║ Circuit mode: mul
║ Traversal method: dyn
║ Debug mode: Y
║ 
╠═ General Information
║ Circuit path: /data/netlists/BASELINE/IDENT_16_16_U_SP_WT_KS.aig
║ Maximum polynomial : 596
║ Number of iteration: 3166
║ Elapsed time: 0.903851 (in seconds)
║ Number and-gates : 3136
║ Substitution steps : 3168
║ Number of removed conflicts : 1425
║ Total calculated conflicts : 71482
║ Conflict calculation time: 0.109016 (in seconds)
║ Number of negated nodes : 970
╚═ Process complete
	Command being timed: "/opt/trace/trace /data/netlists/BASELINE/IDENT_16_16_U_SP_WT_KS.aig -mul -dyn -p -c -no-steps"
	User time (seconds): 0.98
	System time (seconds): 0.03
	Percent of CPU this job got: 96%
	Elapsed (wall clock) time (h:mm:ss or m:ss): 0m 1.05s
	Average shared text size (kbytes): 0
	Average unshared data size (kbytes): 0
	Average stack size (kbytes): 0
	Average total size (kbytes): 0
	Maximum resident set size (kbytes): 65328
	Average resident set size (kbytes): 0
	Major (requiring I/O) page faults: 0
	Minor (reclaiming a frame) page faults: 3626
	Voluntary context switches: 13
	Involuntary context switches: 50
	Swaps: 0
	File system inputs: 14
	File system outputs: 0
	Socket messages sent: 0
	Socket messages received: 0
	Signals delivered: 0
	Page size (bytes): 4096
	Exit status: 0
### TRACE_EXIT 0
### CGROUP_MEMORY_PEAK_BYTES 15708160
### DOCKER_EXIT 0
### WALL_SECONDS 2.02
### END 2026-09-24T02:21:20-07:00
