### FILE netlists/MAIN/A_mul_u_w8__booth_pre.aig
### ARGS -mul -dyn -p -c -no-steps
### TIMEOUT 120
### START 2026-09-24T03:07:40-07:00
██▓▓░░░░░░░░░░░░░░░░░░░░░░░░░░░░░░░░░  Trace  ░░░░░░░░░░░░░░░░░░░░░░░░░░░░░░░░▓▓██
Command terminated by signal 11
	Command being timed: "/opt/trace/trace /data/netlists/MAIN/A_mul_u_w8__booth_pre.aig -mul -dyn -p -c -no-steps"
	User time (seconds): 0.00
	System time (seconds): 0.00
	Percent of CPU this job got: 13%
	Elapsed (wall clock) time (h:mm:ss or m:ss): 0m 0.02s
	Average shared text size (kbytes): 0
	Average unshared data size (kbytes): 0
	Average stack size (kbytes): 0
	Average total size (kbytes): 0
	Maximum resident set size (kbytes): 10688
	Average resident set size (kbytes): 0
	Major (requiring I/O) page faults: 0
	Minor (reclaiming a frame) page faults: 112
	Voluntary context switches: 12
	Involuntary context switches: 2
	Swaps: 0
	File system inputs: 3
	File system outputs: 0
	Socket messages sent: 0
	Socket messages received: 0
	Signals delivered: 0
	Page size (bytes): 4096
	Exit status: 0
### TRACE_EXIT 11
### CGROUP_MEMORY_PEAK_BYTES 4874240
### DOCKER_EXIT 0
### WALL_SECONDS 0.91
### END 2026-09-24T03:07:41-07:00
