### FILE netlists/CONTROL/PATCH_B_mac_s_w8__tree_pre_folded.aig
### ARGS -mac -s -igs -p -c -no-steps
### TIMEOUT 60
### START 2026-09-24T03:34:14-07:00
██▓▓░░░░░░░░░░░░░░░░░░░░░░░░░░░░░░░░░  Trace  ░░░░░░░░░░░░░░░░░░░░░░░░░░░░░░░░▓▓██
║ [Build]   compiled on: Apr 13 2026 at 16:17:50
║           built as: Release version
║ [Options] file: /data/netlists/CONTROL/PATCH_B_mac_s_w8__tree_pre_folded.aig
║           mode: mac
║           sign: signed
║           method: igs
║           phase optimization: enabled
║           conflict detection: enabled
║           progress steps: disabled
║
╚═ Result: Correct
╔═ Final Report
║ Trace compiled on: Apr 13 2026 at 16:17:30 (release build)
║ 
╠═ Program modes
║ Circuit mode: mac
║ Traversal method: igs
║ Debug mode: Y
║ 
╠═ General Information
║ Circuit path: /data/netlists/CONTROL/PATCH_B_mac_s_w8__tree_pre_folded.aig
║ Maximum polynomial : 97
║ Number of iteration: 15
║ Elapsed time: 0.103233 (in seconds)
║ Number and-gates : 788
║ Substitution steps : 17
║ Number of removed conflicts : 271
║ Total calculated conflicts : 13306
║ Conflict calculation time: 0.013928 (in seconds)
║ Number of negated nodes : 135
╚═ Process complete
	Command being timed: "/opt/trace/trace /data/netlists/CONTROL/PATCH_B_mac_s_w8__tree_pre_folded.aig -mac -s -igs -p -c -no-steps"
	User time (seconds): 0.05
	System time (seconds): 0.03
	Percent of CPU this job got: 65%
	Elapsed (wall clock) time (h:mm:ss or m:ss): 0m 0.14s
	Average shared text size (kbytes): 0
	Average unshared data size (kbytes): 0
	Average stack size (kbytes): 0
	Average total size (kbytes): 0
	Maximum resident set size (kbytes): 18368
	Average resident set size (kbytes): 0
	Major (requiring I/O) page faults: 0
	Minor (reclaiming a frame) page faults: 551
	Voluntary context switches: 17
	Involuntary context switches: 365
	Swaps: 0
	File system inputs: 3
	File system outputs: 0
	Socket messages sent: 0
	Socket messages received: 0
	Signals delivered: 0
	Page size (bytes): 4096
	Exit status: 0
### TRACE_EXIT 0
### CGROUP_MEMORY_PEAK_BYTES 5120000
### DOCKER_EXIT 0
### WALL_SECONDS 1.74
### END 2026-09-24T03:34:15-07:00
