### FILE netlists/MAIN/A_mul_u_w8__norm_pre.aig
### ARGS -mul -dyn -p -no-steps
### TIMEOUT 60
### START 2026-09-24T03:37:37-07:00
██▓▓░░░░░░░░░░░░░░░░░░░░░░░░░░░░░░░░░  Trace  ░░░░░░░░░░░░░░░░░░░░░░░░░░░░░░░░▓▓██
║ [Build]   compiled on: Apr 13 2026 at 16:17:50
║           built as: Release version
║ [Options] file: /data/netlists/MAIN/A_mul_u_w8__norm_pre.aig
║           mode: mul
║           sign: unsigned
║           method: dyn
║           phase optimization: enabled
║           conflict detection: disabled
║           progress steps: disabled
║
╚═ Result: Correct
╔═ Final Report
║ Trace compiled on: Apr 13 2026 at 16:17:30 (release build)
║ 
╠═ Program modes
║ Circuit mode: mul
║ Traversal method: dyn
║ Debug mode: Y
║ 
╠═ General Information
║ Circuit path: /data/netlists/MAIN/A_mul_u_w8__norm_pre.aig
║ Maximum polynomial : 298
║ Number of iteration: 621
║ Elapsed time: 0.468454 (in seconds)
║ Number and-gates : 607
║ Substitution steps : 623
║ Number of negated nodes : 374
╚═ Process complete
	Command being timed: "/opt/trace/trace /data/netlists/MAIN/A_mul_u_w8__norm_pre.aig -mul -dyn -p -no-steps"
	User time (seconds): 0.27
	System time (seconds): 0.06
	Percent of CPU this job got: 64%
	Elapsed (wall clock) time (h:mm:ss or m:ss): 0m 0.51s
	Average shared text size (kbytes): 0
	Average unshared data size (kbytes): 0
	Average stack size (kbytes): 0
	Average total size (kbytes): 0
	Maximum resident set size (kbytes): 16320
	Average resident set size (kbytes): 0
	Major (requiring I/O) page faults: 0
	Minor (reclaiming a frame) page faults: 448
	Voluntary context switches: 15
	Involuntary context switches: 537
	Swaps: 0
	File system inputs: 3
	File system outputs: 0
	Socket messages sent: 0
	Socket messages received: 0
	Signals delivered: 0
	Page size (bytes): 4096
	Exit status: 0
### TRACE_EXIT 0
### CGROUP_MEMORY_PEAK_BYTES 4612096
### DOCKER_EXIT 0
### WALL_SECONDS 2.02
### END 2026-09-24T03:37:39-07:00
