### FILE netlists/PATCH/B_mac_s_w8__tree_pre.aig
### ARGS -mac -s -idx -no-steps
### TIMEOUT 60
### START 2026-09-24T03:33:06-07:00
██▓▓░░░░░░░░░░░░░░░░░░░░░░░░░░░░░░░░░  Trace  ░░░░░░░░░░░░░░░░░░░░░░░░░░░░░░░░▓▓██
║ [Build]   compiled on: Apr 13 2026 at 16:17:50
║           built as: Release version
║ [Options] file: /data/netlists/PATCH/B_mac_s_w8__tree_pre.aig
║           mode: mac
║           sign: signed
║           method: idx
║           phase optimization: disabled
║           conflict detection: disabled
║           progress steps: disabled
║
Killed
### TRACE_EXIT 137
### CGROUP_MEMORY_PEAK_BYTES 779051008
### DOCKER_EXIT 0
### WALL_SECONDS 61.65
### END 2026-09-24T03:34:08-07:00
