### FILE netlists/PATCH/B_mac_s_w8__tree_pre.aig
### ARGS -mac -s -igs -p -no-steps
### TIMEOUT 60
### START 2026-09-24T03:34:08-07:00
██▓▓░░░░░░░░░░░░░░░░░░░░░░░░░░░░░░░░░  Trace  ░░░░░░░░░░░░░░░░░░░░░░░░░░░░░░░░▓▓██
║ [Build]   compiled on: Apr 13 2026 at 16:17:50
║           built as: Release version
║ [Options] file: /data/netlists/PATCH/B_mac_s_w8__tree_pre.aig
║           mode: mac
║           sign: signed
║           method: igs
║           phase optimization: enabled
║           conflict detection: disabled
║           progress steps: disabled
║
╠═ Result: Buggy
║   [34mSP: {2} -65536 + 65536i64[39m
╔═ Final Report
║ Trace compiled on: Apr 13 2026 at 16:17:30 (release build)
║ 
╠═ Program modes
║ Circuit mode: mac
║ Traversal method: igs
║ Debug mode: Y
║ 
╠═ General Information
║ Circuit path: /data/netlists/PATCH/B_mac_s_w8__tree_pre.aig
║ Maximum polynomial : 97
║ Number of iteration: 15
║ Elapsed time: 0.192619 (in seconds)
║ Number and-gates : 794
║ Substitution steps : 17
║ Number of negated nodes : 537
╚═ Process complete
	Command being timed: "/opt/trace/trace /data/netlists/PATCH/B_mac_s_w8__tree_pre.aig -mac -s -igs -p -no-steps"
	User time (seconds): 0.18
	System time (seconds): 0.00
	Percent of CPU this job got: 79%
	Elapsed (wall clock) time (h:mm:ss or m:ss): 0m 0.23s
	Average shared text size (kbytes): 0
	Average unshared data size (kbytes): 0
	Average stack size (kbytes): 0
	Average total size (kbytes): 0
	Maximum resident set size (kbytes): 13760
	Average resident set size (kbytes): 0
	Major (requiring I/O) page faults: 0
	Minor (reclaiming a frame) page faults: 322
	Voluntary context switches: 15
	Involuntary context switches: 77
	Swaps: 0
	File system inputs: 4
	File system outputs: 0
	Socket messages sent: 0
	Socket messages received: 0
	Signals delivered: 0
	Page size (bytes): 4096
	Exit status: 0
### TRACE_EXIT 0
### CGROUP_MEMORY_PEAK_BYTES 4521984
### DOCKER_EXIT 0
### WALL_SECONDS 1.82
### END 2026-09-24T03:34:10-07:00
