### FILE netlists/CONTROL/PATCH_B_mac_s_w8__tree_contra_c15_y16.aig
### ARGS -mac -s -dyn -p -c -no-steps
### TIMEOUT 60
### START 2026-09-24T03:34:15-07:00
██▓▓░░░░░░░░░░░░░░░░░░░░░░░░░░░░░░░░░  Trace  ░░░░░░░░░░░░░░░░░░░░░░░░░░░░░░░░▓▓██
║ [Build]   compiled on: Apr 13 2026 at 16:17:50
║           built as: Release version
║ [Options] file: /data/netlists/CONTROL/PATCH_B_mac_s_w8__tree_contra_c15_y16.aig
║           mode: mac
║           sign: signed
║           method: dyn
║           phase optimization: enabled
║           conflict detection: enabled
║           progress steps: disabled
║
╚═ Result: Correct
╔═ Final Report
║ Trace compiled on: Apr 13 2026 at 16:17:30 (release build)
║ 
╠═ Program modes
║ Circuit mode: mac
║ Traversal method: dyn
║ Debug mode: Y
║ 
╠═ General Information
║ Circuit path: /data/netlists/CONTROL/PATCH_B_mac_s_w8__tree_contra_c15_y16.aig
║ Maximum polynomial : 197
║ Number of iteration: 775
║ Elapsed time: 0.079726 (in seconds)
║ Number and-gates : 760
║ Substitution steps : 777
║ Number of removed conflicts : 696
║ Total calculated conflicts : 11074
║ Conflict calculation time: 0.0298069 (in seconds)
║ Number of negated nodes : 117
╚═ Process complete
	Command being timed: "/opt/trace/trace /data/netlists/CONTROL/PATCH_B_mac_s_w8__tree_contra_c15_y16.aig -mac -s -dyn -p -c -no-steps"
	User time (seconds): 0.08
	System time (seconds): 0.01
	Percent of CPU this job got: 59%
	Elapsed (wall clock) time (h:mm:ss or m:ss): 0m 0.16s
	Average shared text size (kbytes): 0
	Average unshared data size (kbytes): 0
	Average stack size (kbytes): 0
	Average total size (kbytes): 0
	Maximum resident set size (kbytes): 21952
	Average resident set size (kbytes): 0
	Major (requiring I/O) page faults: 0
	Minor (reclaiming a frame) page faults: 772
	Voluntary context switches: 16
	Involuntary context switches: 34
	Swaps: 0
	File system inputs: 3
	File system outputs: 0
	Socket messages sent: 0
	Socket messages received: 0
	Signals delivered: 0
	Page size (bytes): 4096
	Exit status: 0
### TRACE_EXIT 0
### CGROUP_MEMORY_PEAK_BYTES 4861952
### DOCKER_EXIT 0
### WALL_SECONDS 1.67
### END 2026-09-24T03:34:17-07:00
