### FILE netlists/CONTROL/ctx/PATCH_B_mac_s_w5__tree_pre__ctx170.aig
### ARGS -mac -s -dyn -p -c -no-steps
### TIMEOUT 60
### START 2026-09-24T04:00:11-07:00
██▓▓░░░░░░░░░░░░░░░░░░░░░░░░░░░░░░░░░  Trace  ░░░░░░░░░░░░░░░░░░░░░░░░░░░░░░░░▓▓██
║ [Build]   compiled on: Apr 13 2026 at 16:17:50
║           built as: Release version
║ [Options] file: /data/netlists/CONTROL/ctx/PATCH_B_mac_s_w5__tree_pre__ctx170.aig
║           mode: mac
║           sign: signed
║           method: dyn
║           phase optimization: enabled
║           conflict detection: enabled
║           progress steps: disabled
║
╠═ Result: Buggy
║   [34mSP: {2} -8 + 8i28[39m
╔═ Final Report
║ Trace compiled on: Apr 13 2026 at 16:17:30 (release build)
║ 
╠═ Program modes
║ Circuit mode: mac
║ Traversal method: dyn
║ Debug mode: Y
║ 
╠═ General Information
║ Circuit path: /data/netlists/CONTROL/ctx/PATCH_B_mac_s_w5__tree_pre__ctx170.aig
║ Maximum polynomial : 70
║ Number of iteration: 335
║ Elapsed time: 0.0580827 (in seconds)
║ Number and-gates : 326
║ Substitution steps : 337
║ Number of removed conflicts : 97
║ Total calculated conflicts : 5388
║ Conflict calculation time: 0.0390328 (in seconds)
║ Number of negated nodes : 42
╚═ Process complete
	Command being timed: "/opt/trace/trace /data/netlists/CONTROL/ctx/PATCH_B_mac_s_w5__tree_pre__ctx170.aig -mac -s -dyn -p -c -no-steps"
	User time (seconds): 0.03
	System time (seconds): 0.01
	Percent of CPU this job got: 24%
	Elapsed (wall clock) time (h:mm:ss or m:ss): 0m 0.21s
	Average shared text size (kbytes): 0
	Average unshared data size (kbytes): 0
	Average stack size (kbytes): 0
	Average total size (kbytes): 0
	Maximum resident set size (kbytes): 15296
	Average resident set size (kbytes): 0
	Major (requiring I/O) page faults: 0
	Minor (reclaiming a frame) page faults: 388
	Voluntary context switches: 19
	Involuntary context switches: 75
	Swaps: 0
	File system inputs: 1
	File system outputs: 0
	Socket messages sent: 0
	Socket messages received: 0
	Signals delivered: 0
	Page size (bytes): 4096
	Exit status: 0
### TRACE_EXIT 0
### CGROUP_MEMORY_PEAK_BYTES 5386240
### DOCKER_EXIT 0
### WALL_SECONDS 3.06
### END 2026-09-24T04:00:15-07:00
