### FILE netlists/CONTROL/ctx/B_mac_u_w8__tree_pre__ctx194.aig
### ARGS -mac -igs -p -c -no-steps
### TIMEOUT 60
### START 2026-09-24T11:27:42-07:00
██▓▓░░░░░░░░░░░░░░░░░░░░░░░░░░░░░░░░░  Trace  ░░░░░░░░░░░░░░░░░░░░░░░░░░░░░░░░▓▓██
║ [Build]   compiled on: Apr 13 2026 at 16:17:50
║           built as: Release version
║ [Options] file: /data/netlists/CONTROL/ctx/B_mac_u_w8__tree_pre__ctx194.aig
║           mode: mac
║           sign: unsigned
║           method: igs
║           phase optimization: enabled
║           conflict detection: enabled
║           progress steps: disabled
║
╠═ Result: Buggy
║   [34mSP: {2} -8 + 8i40[39m
╔═ Final Report
║ Trace compiled on: Apr 13 2026 at 16:17:30 (release build)
║ 
╠═ Program modes
║ Circuit mode: mac
║ Traversal method: igs
║ Debug mode: Y
║ 
╠═ General Information
║ Circuit path: /data/netlists/CONTROL/ctx/B_mac_u_w8__tree_pre__ctx194.aig
║ Maximum polynomial : 97
║ Number of iteration: 15
║ Elapsed time: 0.147838 (in seconds)
║ Number and-gates : 735
║ Substitution steps : 17
║ Number of removed conflicts : 268
║ Total calculated conflicts : 11464
║ Conflict calculation time: 0.0151269 (in seconds)
║ Number of negated nodes : 128
╚═ Process complete
	Command being timed: "/opt/trace/trace /data/netlists/CONTROL/ctx/B_mac_u_w8__tree_pre__ctx194.aig -mac -igs -p -c -no-steps"
	User time (seconds): 0.05
	System time (seconds): 0.01
	Percent of CPU this job got: 38%
	Elapsed (wall clock) time (h:mm:ss or m:ss): 0m 0.18s
	Average shared text size (kbytes): 0
	Average unshared data size (kbytes): 0
	Average stack size (kbytes): 0
	Average total size (kbytes): 0
	Maximum resident set size (kbytes): 17344
	Average resident set size (kbytes): 0
	Major (requiring I/O) page faults: 0
	Minor (reclaiming a frame) page faults: 498
	Voluntary context switches: 19
	Involuntary context switches: 69
	Swaps: 0
	File system inputs: 3
	File system outputs: 0
	Socket messages sent: 0
	Socket messages received: 0
	Signals delivered: 0
	Page size (bytes): 4096
	Exit status: 0
### TRACE_EXIT 0
### CGROUP_MEMORY_PEAK_BYTES 5386240
### DOCKER_EXIT 0
### WALL_SECONDS 1.98
### END 2026-09-24T11:27:44-07:00
