### FILE netlists/CONTROL/ctx/A_mul_s_w8__norm_pre__ctx1012.aig
### ARGS -mul -s -dyn -p -no-steps
### TIMEOUT 60
### START 2026-09-24T03:51:40-07:00
██▓▓░░░░░░░░░░░░░░░░░░░░░░░░░░░░░░░░░  Trace  ░░░░░░░░░░░░░░░░░░░░░░░░░░░░░░░░▓▓██
║ [Build]   compiled on: Apr 13 2026 at 16:17:50
║           built as: Release version
║ [Options] file: /data/netlists/CONTROL/ctx/A_mul_s_w8__norm_pre__ctx1012.aig
║           mode: mul
║           sign: signed
║           method: dyn
║           phase optimization: enabled
║           conflict detection: disabled
║           progress steps: disabled
║
╚═ Result: Correct
╔═ Final Report
║ Trace compiled on: Apr 13 2026 at 16:17:30 (release build)
║ 
╠═ Program modes
║ Circuit mode: mul
║ Traversal method: dyn
║ Debug mode: Y
║ 
╠═ General Information
║ Circuit path: /data/netlists/CONTROL/ctx/A_mul_s_w8__norm_pre__ctx1012.aig
║ Maximum polynomial : 442
║ Number of iteration: 780
║ Elapsed time: 0.431557 (in seconds)
║ Number and-gates : 766
║ Substitution steps : 782
║ Number of negated nodes : 469
╚═ Process complete
	Command being timed: "/opt/trace/trace /data/netlists/CONTROL/ctx/A_mul_s_w8__norm_pre__ctx1012.aig -mul -s -dyn -p -no-steps"
	User time (seconds): 0.39
	System time (seconds): 0.01
	Percent of CPU this job got: 83%
	Elapsed (wall clock) time (h:mm:ss or m:ss): 0m 0.48s
	Average shared text size (kbytes): 0
	Average unshared data size (kbytes): 0
	Average stack size (kbytes): 0
	Average total size (kbytes): 0
	Maximum resident set size (kbytes): 18880
	Average resident set size (kbytes): 0
	Major (requiring I/O) page faults: 0
	Minor (reclaiming a frame) page faults: 597
	Voluntary context switches: 19
	Involuntary context switches: 36
	Swaps: 0
	File system inputs: 3
	File system outputs: 0
	Socket messages sent: 0
	Socket messages received: 0
	Signals delivered: 0
	Page size (bytes): 4096
	Exit status: 0
### TRACE_EXIT 0
### CGROUP_MEMORY_PEAK_BYTES 5394432
### DOCKER_EXIT 0
### WALL_SECONDS 2.12
### END 2026-09-24T03:51:42-07:00
