### FILE netlists/CONTROL/ctx/A_mul_s_w8__norm_pre__ctx424.aig
### ARGS -mul -s -dyn -p -c -no-steps
### TIMEOUT 60
### START 2026-09-24T03:50:51-07:00
██▓▓░░░░░░░░░░░░░░░░░░░░░░░░░░░░░░░░░  Trace  ░░░░░░░░░░░░░░░░░░░░░░░░░░░░░░░░▓▓██
║ [Build]   compiled on: Apr 13 2026 at 16:17:50
║           built as: Release version
║ [Options] file: /data/netlists/CONTROL/ctx/A_mul_s_w8__norm_pre__ctx424.aig
║           mode: mul
║           sign: signed
║           method: dyn
║           phase optimization: enabled
║           conflict detection: enabled
║           progress steps: disabled
║
╠═ Result: Buggy
║   [34mSP: {2} -128i2 + 128[39m
╔═ Final Report
║ Trace compiled on: Apr 13 2026 at 16:17:30 (release build)
║ 
╠═ Program modes
║ Circuit mode: mul
║ Traversal method: dyn
║ Debug mode: Y
║ 
╠═ General Information
║ Circuit path: /data/netlists/CONTROL/ctx/A_mul_s_w8__norm_pre__ctx424.aig
║ Maximum polynomial : 135
║ Number of iteration: 780
║ Elapsed time: 0.238454 (in seconds)
║ Number and-gates : 766
║ Substitution steps : 782
║ Number of removed conflicts : 234
║ Total calculated conflicts : 14922
║ Conflict calculation time: 0.0340853 (in seconds)
║ Number of negated nodes : 87
╚═ Process complete
	Command being timed: "/opt/trace/trace /data/netlists/CONTROL/ctx/A_mul_s_w8__norm_pre__ctx424.aig -mul -s -dyn -p -c -no-steps"
	User time (seconds): 0.08
	System time (seconds): 0.00
	Percent of CPU this job got: 26%
	Elapsed (wall clock) time (h:mm:ss or m:ss): 0m 0.30s
	Average shared text size (kbytes): 0
	Average unshared data size (kbytes): 0
	Average stack size (kbytes): 0
	Average total size (kbytes): 0
	Maximum resident set size (kbytes): 22976
	Average resident set size (kbytes): 0
	Major (requiring I/O) page faults: 0
	Minor (reclaiming a frame) page faults: 851
	Voluntary context switches: 19
	Involuntary context switches: 27
	Swaps: 0
	File system inputs: 3
	File system outputs: 0
	Socket messages sent: 0
	Socket messages received: 0
	Signals delivered: 0
	Page size (bytes): 4096
	Exit status: 0
### TRACE_EXIT 0
### CGROUP_MEMORY_PEAK_BYTES 5136384
### DOCKER_EXIT 0
### WALL_SECONDS 1.81
### END 2026-09-24T03:50:53-07:00
