### FILE netlists/CONTROL/ctx/PATCH_B_mac_s_w8__tree_pre_folded__ctx1038.aig
### ARGS -mac -s -dyn -p -no-steps
### TIMEOUT 60
### START 2026-09-24T03:56:54-07:00
██▓▓░░░░░░░░░░░░░░░░░░░░░░░░░░░░░░░░░  Trace  ░░░░░░░░░░░░░░░░░░░░░░░░░░░░░░░░▓▓██
║ [Build]   compiled on: Apr 13 2026 at 16:17:50
║           built as: Release version
║ [Options] file: /data/netlists/CONTROL/ctx/PATCH_B_mac_s_w8__tree_pre_folded__ctx1038.aig
║           mode: mac
║           sign: signed
║           method: dyn
║           phase optimization: enabled
║           conflict detection: disabled
║           progress steps: disabled
║
Killed
### TRACE_EXIT 137
### CGROUP_MEMORY_PEAK_BYTES 35864576
### DOCKER_EXIT 0
### WALL_SECONDS 62.09
### END 2026-09-24T03:57:56-07:00
