### FILE netlists/CONTROL/ctx/PATCH_B_mac_s_w5__tree_pre__ctx46.aig
### ARGS -mac -s -dyn -c -no-steps
### TIMEOUT 60
### START 2026-09-24T03:59:39-07:00
██▓▓░░░░░░░░░░░░░░░░░░░░░░░░░░░░░░░░░  Trace  ░░░░░░░░░░░░░░░░░░░░░░░░░░░░░░░░▓▓██
║ [Build]   compiled on: Apr 13 2026 at 16:17:50
║           built as: Release version
║ [Options] file: /data/netlists/CONTROL/ctx/PATCH_B_mac_s_w5__tree_pre__ctx46.aig
║           mode: mac
║           sign: signed
║           method: dyn
║           phase optimization: disabled
║           conflict detection: enabled
║           progress steps: disabled
║
╚═ Result: Correct
╔═ Final Report
║ Trace compiled on: Apr 13 2026 at 16:17:30 (release build)
║ 
╠═ Program modes
║ Circuit mode: mac
║ Traversal method: dyn
║ Debug mode: Y
║ 
╠═ General Information
║ Circuit path: /data/netlists/CONTROL/ctx/PATCH_B_mac_s_w5__tree_pre__ctx46.aig
║ Maximum polynomial : 86
║ Number of iteration: 335
║ Elapsed time: 0.0446945 (in seconds)
║ Number and-gates : 326
║ Substitution steps : 337
║ Number of removed conflicts : 196
║ Total calculated conflicts : 5366
║ Conflict calculation time: 0.00517534 (in seconds)
║ Number of negated nodes : 0
╚═ Process complete
	Command being timed: "/opt/trace/trace /data/netlists/CONTROL/ctx/PATCH_B_mac_s_w5__tree_pre__ctx46.aig -mac -s -dyn -c -no-steps"
	User time (seconds): 0.02
	System time (seconds): 0.01
	Percent of CPU this job got: 47%
	Elapsed (wall clock) time (h:mm:ss or m:ss): 0m 0.07s
	Average shared text size (kbytes): 0
	Average unshared data size (kbytes): 0
	Average stack size (kbytes): 0
	Average total size (kbytes): 0
	Maximum resident set size (kbytes): 15296
	Average resident set size (kbytes): 0
	Major (requiring I/O) page faults: 0
	Minor (reclaiming a frame) page faults: 391
	Voluntary context switches: 19
	Involuntary context switches: 85
	Swaps: 0
	File system inputs: 1
	File system outputs: 0
	Socket messages sent: 0
	Socket messages received: 0
	Signals delivered: 0
	Page size (bytes): 4096
	Exit status: 0
### TRACE_EXIT 0
### CGROUP_MEMORY_PEAK_BYTES 4608000
### DOCKER_EXIT 0
### WALL_SECONDS 2.64
### END 2026-09-24T03:59:42-07:00
