### FILE netlists/CONTROL/ctx/B_mac_u_w8__tree_pre__ctx1312.aig
### ARGS -mac -dyn -p -no-steps
### TIMEOUT 60
### START 2026-09-24T11:29:07-07:00
██▓▓░░░░░░░░░░░░░░░░░░░░░░░░░░░░░░░░░  Trace  ░░░░░░░░░░░░░░░░░░░░░░░░░░░░░░░░▓▓██
║ [Build]   compiled on: Apr 13 2026 at 16:17:50
║           built as: Release version
║ [Options] file: /data/netlists/CONTROL/ctx/B_mac_u_w8__tree_pre__ctx1312.aig
║           mode: mac
║           sign: unsigned
║           method: dyn
║           phase optimization: enabled
║           conflict detection: disabled
║           progress steps: disabled
║
╚═ Result: Correct
╔═ Final Report
║ Trace compiled on: Apr 13 2026 at 16:17:30 (release build)
║ 
╠═ Program modes
║ Circuit mode: mac
║ Traversal method: dyn
║ Debug mode: Y
║ 
╠═ General Information
║ Circuit path: /data/netlists/CONTROL/ctx/B_mac_u_w8__tree_pre__ctx1312.aig
║ Maximum polynomial : 377
║ Number of iteration: 750
║ Elapsed time: 1.24534 (in seconds)
║ Number and-gates : 735
║ Substitution steps : 752
║ Number of negated nodes : 469
╚═ Process complete
	Command being timed: "/opt/trace/trace /data/netlists/CONTROL/ctx/B_mac_u_w8__tree_pre__ctx1312.aig -mac -dyn -p -no-steps"
	User time (seconds): 0.60
	System time (seconds): 0.01
	Percent of CPU this job got: 49%
	Elapsed (wall clock) time (h:mm:ss or m:ss): 0m 1.26s
	Average shared text size (kbytes): 0
	Average unshared data size (kbytes): 0
	Average stack size (kbytes): 0
	Average total size (kbytes): 0
	Maximum resident set size (kbytes): 18368
	Average resident set size (kbytes): 0
	Major (requiring I/O) page faults: 0
	Minor (reclaiming a frame) page faults: 536
	Voluntary context switches: 19
	Involuntary context switches: 125
	Swaps: 0
	File system inputs: 3
	File system outputs: 0
	Socket messages sent: 0
	Socket messages received: 0
	Signals delivered: 0
	Page size (bytes): 4096
	Exit status: 0
### TRACE_EXIT 0
### CGROUP_MEMORY_PEAK_BYTES 4866048
### DOCKER_EXIT 0
### WALL_SECONDS 2.67
### END 2026-09-24T11:29:10-07:00
