### FILE netlists/CONTROL/ctx/A_mul_s_w8__norm_pre__ctx1378.aig
### ARGS -mul -s -dyn -c -no-steps
### TIMEOUT 60
### START 2026-09-24T03:52:09-07:00
██▓▓░░░░░░░░░░░░░░░░░░░░░░░░░░░░░░░░░  Trace  ░░░░░░░░░░░░░░░░░░░░░░░░░░░░░░░░▓▓██
║ [Build]   compiled on: Apr 13 2026 at 16:17:50
║           built as: Release version
║ [Options] file: /data/netlists/CONTROL/ctx/A_mul_s_w8__norm_pre__ctx1378.aig
║           mode: mul
║           sign: signed
║           method: dyn
║           phase optimization: disabled
║           conflict detection: enabled
║           progress steps: disabled
║
╚═ Result: Correct
╔═ Final Report
║ Trace compiled on: Apr 13 2026 at 16:17:30 (release build)
║ 
╠═ Program modes
║ Circuit mode: mul
║ Traversal method: dyn
║ Debug mode: Y
║ 
╠═ General Information
║ Circuit path: /data/netlists/CONTROL/ctx/A_mul_s_w8__norm_pre__ctx1378.aig
║ Maximum polynomial : 144
║ Number of iteration: 780
║ Elapsed time: 0.104342 (in seconds)
║ Number and-gates : 766
║ Substitution steps : 782
║ Number of removed conflicts : 388
║ Total calculated conflicts : 15916
║ Conflict calculation time: 0.0248344 (in seconds)
║ Number of negated nodes : 0
╚═ Process complete
	Command being timed: "/opt/trace/trace /data/netlists/CONTROL/ctx/A_mul_s_w8__norm_pre__ctx1378.aig -mul -s -dyn -c -no-steps"
	User time (seconds): 0.04
	System time (seconds): 0.01
	Percent of CPU this job got: 32%
	Elapsed (wall clock) time (h:mm:ss or m:ss): 0m 0.17s
	Average shared text size (kbytes): 0
	Average unshared data size (kbytes): 0
	Average stack size (kbytes): 0
	Average total size (kbytes): 0
	Maximum resident set size (kbytes): 23488
	Average resident set size (kbytes): 0
	Major (requiring I/O) page faults: 0
	Minor (reclaiming a frame) page faults: 875
	Voluntary context switches: 19
	Involuntary context switches: 37
	Swaps: 0
	File system inputs: 3
	File system outputs: 0
	Socket messages sent: 0
	Socket messages received: 0
	Signals delivered: 0
	Page size (bytes): 4096
	Exit status: 0
### TRACE_EXIT 0
### CGROUP_MEMORY_PEAK_BYTES 4919296
### DOCKER_EXIT 0
### WALL_SECONDS 1.72
### END 2026-09-24T03:52:11-07:00
