### FILE netlists/CONTROL/ctx/PATCH_B_mac_s_w8__tree_pre_folded__ctx1038.aig
### ARGS -mac -s -igs -p -c -no-steps
### TIMEOUT 60
### START 2026-09-24T03:55:52-07:00
██▓▓░░░░░░░░░░░░░░░░░░░░░░░░░░░░░░░░░  Trace  ░░░░░░░░░░░░░░░░░░░░░░░░░░░░░░░░▓▓██
║ [Build]   compiled on: Apr 13 2026 at 16:17:50
║           built as: Release version
║ [Options] file: /data/netlists/CONTROL/ctx/PATCH_B_mac_s_w8__tree_pre_folded__ctx1038.aig
║           mode: mac
║           sign: signed
║           method: igs
║           phase optimization: enabled
║           conflict detection: enabled
║           progress steps: disabled
║
Killed
### TRACE_EXIT 137
### CGROUP_MEMORY_PEAK_BYTES 247246848
### DOCKER_EXIT 0
### WALL_SECONDS 61.96
### END 2026-09-24T03:56:54-07:00
