### FILE netlists/CONTROL/ctx/B_mac_u_w8__tree_pre__ctx982.aig
### ARGS -mac -dyn -c -no-steps
### TIMEOUT 60
### START 2026-09-24T11:28:42-07:00
██▓▓░░░░░░░░░░░░░░░░░░░░░░░░░░░░░░░░░  Trace  ░░░░░░░░░░░░░░░░░░░░░░░░░░░░░░░░▓▓██
║ [Build]   compiled on: Apr 13 2026 at 16:17:50
║           built as: Release version
║ [Options] file: /data/netlists/CONTROL/ctx/B_mac_u_w8__tree_pre__ctx982.aig
║           mode: mac
║           sign: unsigned
║           method: dyn
║           phase optimization: disabled
║           conflict detection: enabled
║           progress steps: disabled
║
╚═ Result: Correct
╔═ Final Report
║ Trace compiled on: Apr 13 2026 at 16:17:30 (release build)
║ 
╠═ Program modes
║ Circuit mode: mac
║ Traversal method: dyn
║ Debug mode: Y
║ 
╠═ General Information
║ Circuit path: /data/netlists/CONTROL/ctx/B_mac_u_w8__tree_pre__ctx982.aig
║ Maximum polynomial : 197
║ Number of iteration: 750
║ Elapsed time: 0.126144 (in seconds)
║ Number and-gates : 735
║ Substitution steps : 752
║ Number of removed conflicts : 527
║ Total calculated conflicts : 11398
║ Conflict calculation time: 0.0479807 (in seconds)
║ Number of negated nodes : 0
╚═ Process complete
	Command being timed: "/opt/trace/trace /data/netlists/CONTROL/ctx/B_mac_u_w8__tree_pre__ctx982.aig -mac -dyn -c -no-steps"
	User time (seconds): 0.04
	System time (seconds): 0.01
	Percent of CPU this job got: 23%
	Elapsed (wall clock) time (h:mm:ss or m:ss): 0m 0.25s
	Average shared text size (kbytes): 0
	Average unshared data size (kbytes): 0
	Average stack size (kbytes): 0
	Average total size (kbytes): 0
	Maximum resident set size (kbytes): 21440
	Average resident set size (kbytes): 0
	Major (requiring I/O) page faults: 0
	Minor (reclaiming a frame) page faults: 758
	Voluntary context switches: 18
	Involuntary context switches: 28
	Swaps: 0
	File system inputs: 3
	File system outputs: 0
	Socket messages sent: 0
	Socket messages received: 0
	Signals delivered: 0
	Page size (bytes): 4096
	Exit status: 0
### TRACE_EXIT 0
### CGROUP_MEMORY_PEAK_BYTES 5644288
### DOCKER_EXIT 0
### WALL_SECONDS 1.81
### END 2026-09-24T11:28:44-07:00
