### FILE netlists/CONTROL/ctx/PATCH_B_mac_s_w8__tree_pre_folded__ctx1026.aig
### ARGS -mac -s -dyn -p -c -no-steps
### TIMEOUT 60
### START 2026-09-24T03:54:31-07:00
██▓▓░░░░░░░░░░░░░░░░░░░░░░░░░░░░░░░░░  Trace  ░░░░░░░░░░░░░░░░░░░░░░░░░░░░░░░░▓▓██
║ [Build]   compiled on: Apr 13 2026 at 16:17:50
║           built as: Release version
║ [Options] file: /data/netlists/CONTROL/ctx/PATCH_B_mac_s_w8__tree_pre_folded__ctx1026.aig
║           mode: mac
║           sign: signed
║           method: dyn
║           phase optimization: enabled
║           conflict detection: enabled
║           progress steps: disabled
║
╚═ Result: Correct
╔═ Final Report
║ Trace compiled on: Apr 13 2026 at 16:17:30 (release build)
║ 
╠═ Program modes
║ Circuit mode: mac
║ Traversal method: dyn
║ Debug mode: Y
║ 
╠═ General Information
║ Circuit path: /data/netlists/CONTROL/ctx/PATCH_B_mac_s_w8__tree_pre_folded__ctx1026.aig
║ Maximum polynomial : 138
║ Number of iteration: 809
║ Elapsed time: 0.178786 (in seconds)
║ Number and-gates : 794
║ Substitution steps : 811
║ Number of removed conflicts : 236
║ Total calculated conflicts : 13398
║ Conflict calculation time: 0.0360402 (in seconds)
║ Number of negated nodes : 108
╚═ Process complete
	Command being timed: "/opt/trace/trace /data/netlists/CONTROL/ctx/PATCH_B_mac_s_w8__tree_pre_folded__ctx1026.aig -mac -s -dyn -p -c -no-steps"
	User time (seconds): 0.06
	System time (seconds): 0.00
	Percent of CPU this job got: 28%
	Elapsed (wall clock) time (h:mm:ss or m:ss): 0m 0.25s
	Average shared text size (kbytes): 0
	Average unshared data size (kbytes): 0
	Average stack size (kbytes): 0
	Average total size (kbytes): 0
	Maximum resident set size (kbytes): 21952
	Average resident set size (kbytes): 0
	Major (requiring I/O) page faults: 0
	Minor (reclaiming a frame) page faults: 830
	Voluntary context switches: 19
	Involuntary context switches: 31
	Swaps: 0
	File system inputs: 3
	File system outputs: 0
	Socket messages sent: 0
	Socket messages received: 0
	Signals delivered: 0
	Page size (bytes): 4096
	Exit status: 0
### TRACE_EXIT 0
### CGROUP_MEMORY_PEAK_BYTES 5656576
### DOCKER_EXIT 0
### WALL_SECONDS 1.56
### END 2026-09-24T03:54:33-07:00
