### FILE netlists/CONTROL/ctx/PATCH_B_mac_s_w8__tree_pre_folded__ctx1292.aig
### ARGS -mac -s -dyn -p -no-steps
### TIMEOUT 60
### START 2026-09-24T03:58:15-07:00
██▓▓░░░░░░░░░░░░░░░░░░░░░░░░░░░░░░░░░  Trace  ░░░░░░░░░░░░░░░░░░░░░░░░░░░░░░░░▓▓██
║ [Build]   compiled on: Apr 13 2026 at 16:17:50
║           built as: Release version
║ [Options] file: /data/netlists/CONTROL/ctx/PATCH_B_mac_s_w8__tree_pre_folded__ctx1292.aig
║           mode: mac
║           sign: signed
║           method: dyn
║           phase optimization: enabled
║           conflict detection: disabled
║           progress steps: disabled
║
╚═ Result: Correct
╔═ Final Report
║ Trace compiled on: Apr 13 2026 at 16:17:30 (release build)
║ 
╠═ Program modes
║ Circuit mode: mac
║ Traversal method: dyn
║ Debug mode: Y
║ 
╠═ General Information
║ Circuit path: /data/netlists/CONTROL/ctx/PATCH_B_mac_s_w8__tree_pre_folded__ctx1292.aig
║ Maximum polynomial : 296
║ Number of iteration: 809
║ Elapsed time: 1.1569 (in seconds)
║ Number and-gates : 794
║ Substitution steps : 811
║ Number of negated nodes : 529
╚═ Process complete
	Command being timed: "/opt/trace/trace /data/netlists/CONTROL/ctx/PATCH_B_mac_s_w8__tree_pre_folded__ctx1292.aig -mac -s -dyn -p -no-steps"
	User time (seconds): 0.56
	System time (seconds): 0.00
	Percent of CPU this job got: 47%
	Elapsed (wall clock) time (h:mm:ss or m:ss): 0m 1.19s
	Average shared text size (kbytes): 0
	Average unshared data size (kbytes): 0
	Average stack size (kbytes): 0
	Average total size (kbytes): 0
	Maximum resident set size (kbytes): 17856
	Average resident set size (kbytes): 0
	Major (requiring I/O) page faults: 0
	Minor (reclaiming a frame) page faults: 522
	Voluntary context switches: 19
	Involuntary context switches: 125
	Swaps: 0
	File system inputs: 3
	File system outputs: 0
	Socket messages sent: 0
	Socket messages received: 0
	Signals delivered: 0
	Page size (bytes): 4096
	Exit status: 0
### TRACE_EXIT 0
### CGROUP_MEMORY_PEAK_BYTES 4874240
### DOCKER_EXIT 0
### WALL_SECONDS 3.05
### END 2026-09-24T03:58:18-07:00
