### FILE netlists/MAIN/A_mul_s_w8__norm.aig
### ARGS -mul -s -dyn -no-steps
### TIMEOUT 120
### START 2026-09-24T03:03:19-07:00
██▓▓░░░░░░░░░░░░░░░░░░░░░░░░░░░░░░░░░  Trace  ░░░░░░░░░░░░░░░░░░░░░░░░░░░░░░░░▓▓██
║ [Build]   compiled on: Apr 13 2026 at 16:17:50
║           built as: Release version
║ [Options] file: /data/netlists/MAIN/A_mul_s_w8__norm.aig
║           mode: mul
║           sign: signed
║           method: dyn
║           phase optimization: disabled
║           conflict detection: disabled
║           progress steps: disabled
║
Killed
### TRACE_EXIT 137
### CGROUP_MEMORY_PEAK_BYTES 292179968
### DOCKER_EXIT 0
### WALL_SECONDS 121.48
### END 2026-09-24T03:05:20-07:00
