### FILE netlists/MAIN/A_mul_u_w8__booth.aig
### ARGS -mul -ipc -p -c -no-steps
### TIMEOUT 120
### START 2026-09-24T03:03:26-07:00
██▓▓░░░░░░░░░░░░░░░░░░░░░░░░░░░░░░░░░  Trace  ░░░░░░░░░░░░░░░░░░░░░░░░░░░░░░░░▓▓██
║ [Build]   compiled on: Apr 13 2026 at 16:17:50
║           built as: Release version
║ [Options] file: /data/netlists/MAIN/A_mul_u_w8__booth.aig
║           mode: mul
║           sign: unsigned
║           method: ipc
║           phase optimization: enabled
║           conflict detection: enabled
║           progress steps: disabled
║
Killed
### TRACE_EXIT 137
### CGROUP_MEMORY_PEAK_BYTES 255369216
### DOCKER_EXIT 0
### WALL_SECONDS 121.48
### END 2026-09-24T03:05:28-07:00
