### FILE netlists/MAIN/A_mul_s_w8__booth_pre.aig
### ARGS -mul -s -dyn -p -c -no-steps
### TIMEOUT 120
### START 2026-09-24T03:05:21-07:00
██▓▓░░░░░░░░░░░░░░░░░░░░░░░░░░░░░░░░░  Trace  ░░░░░░░░░░░░░░░░░░░░░░░░░░░░░░░░▓▓██
║ [Build]   compiled on: Apr 13 2026 at 16:17:50
║           built as: Release version
║ [Options] file: /data/netlists/MAIN/A_mul_s_w8__booth_pre.aig
║           mode: mul
║           sign: signed
║           method: dyn
║           phase optimization: enabled
║           conflict detection: enabled
║           progress steps: disabled
║
╚═ Result: Correct
╔═ Final Report
║ Trace compiled on: Apr 13 2026 at 16:17:30 (release build)
║ 
╠═ Program modes
║ Circuit mode: mul
║ Traversal method: dyn
║ Debug mode: Y
║ 
╠═ General Information
║ Circuit path: /data/netlists/MAIN/A_mul_s_w8__booth_pre.aig
║ Maximum polynomial : 171
║ Number of iteration: 626
║ Elapsed time: 0.113758 (in seconds)
║ Number and-gates : 612
║ Substitution steps : 628
║ Number of removed conflicts : 394
║ Total calculated conflicts : 11852
║ Conflict calculation time: 0.0111709 (in seconds)
║ Number of negated nodes : 57
╚═ Process complete
	Command being timed: "/opt/trace/trace /data/netlists/MAIN/A_mul_s_w8__booth_pre.aig -mul -s -dyn -p -c -no-steps"
	User time (seconds): 0.08
	System time (seconds): 0.00
	Percent of CPU this job got: 52%
	Elapsed (wall clock) time (h:mm:ss or m:ss): 0m 0.16s
	Average shared text size (kbytes): 0
	Average unshared data size (kbytes): 0
	Average stack size (kbytes): 0
	Average total size (kbytes): 0
	Maximum resident set size (kbytes): 20416
	Average resident set size (kbytes): 0
	Major (requiring I/O) page faults: 0
	Minor (reclaiming a frame) page faults: 703
	Voluntary context switches: 13
	Involuntary context switches: 24
	Swaps: 0
	File system inputs: 3
	File system outputs: 0
	Socket messages sent: 0
	Socket messages received: 0
	Signals delivered: 0
	Page size (bytes): 4096
	Exit status: 0
### TRACE_EXIT 0
### CGROUP_MEMORY_PEAK_BYTES 5132288
### DOCKER_EXIT 0
### WALL_SECONDS 1.97
### END 2026-09-24T03:05:23-07:00
