### FILE netlists/MAIN/MUT_accum_mac_u_w8__tree.aig
### ARGS -mac -dyn -p -c -no-steps
### TIMEOUT 900
### START 2026-09-24T12:16:04-07:00
██▓▓░░░░░░░░░░░░░░░░░░░░░░░░░░░░░░░░░  Trace  ░░░░░░░░░░░░░░░░░░░░░░░░░░░░░░░░▓▓██
║ [Build]   compiled on: Apr 13 2026 at 16:17:50
║           built as: Release version
║ [Options] file: /data/netlists/MAIN/MUT_accum_mac_u_w8__tree.aig
║           mode: mac
║           sign: unsigned
║           method: dyn
║           phase optimization: enabled
║           conflict detection: enabled
║           progress steps: disabled
║
Killed
### TRACE_EXIT 137
### CGROUP_MEMORY_PEAK_BYTES 656867328
### DOCKER_EXIT 0
### WALL_SECONDS 904.09
### END 2026-09-24T12:31:08-07:00
