### FILE netlists/MAIN/B_mac_s_w8__norm.aig
### ARGS -mac -s -idx -p -c -no-steps
### TIMEOUT 1800
### START 2026-09-24T12:16:03-07:00
██▓▓░░░░░░░░░░░░░░░░░░░░░░░░░░░░░░░░░  Trace  ░░░░░░░░░░░░░░░░░░░░░░░░░░░░░░░░▓▓██
║ [Build]   compiled on: Apr 13 2026 at 16:17:50
║           built as: Release version
║ [Options] file: /data/netlists/MAIN/B_mac_s_w8__norm.aig
║           mode: mac
║           sign: signed
║           method: idx
║           phase optimization: enabled
║           conflict detection: enabled
║           progress steps: disabled
║
╚═ Result: Correct
╔═ Final Report
║ Trace compiled on: Apr 13 2026 at 16:17:30 (release build)
║ 
╠═ Program modes
║ Circuit mode: mac
║ Traversal method: idx
║ Debug mode: Y
║ 
╠═ General Information
║ Circuit path: /data/netlists/MAIN/B_mac_s_w8__norm.aig
║ Maximum polynomial : 98
║ Number of iteration: 15
║ Elapsed time: 1092.36 (in seconds)
║ Number and-gates : 912
║ Substitution steps : 17
║ Number of removed conflicts : 6643803
║ Total calculated conflicts : 14410
║ Conflict calculation time: 0.0490695 (in seconds)
║ Number of negated nodes : 205
╚═ Process complete
	Command being timed: "/opt/trace/trace /data/netlists/MAIN/B_mac_s_w8__norm.aig -mac -s -idx -p -c -no-steps"
	User time (seconds): 737.20
	System time (seconds): 15.31
	Percent of CPU this job got: 68%
	Elapsed (wall clock) time (h:mm:ss or m:ss): 18m 12.60s
	Average shared text size (kbytes): 0
	Average unshared data size (kbytes): 0
	Average stack size (kbytes): 0
	Average total size (kbytes): 0
	Maximum resident set size (kbytes): 3209120
	Average resident set size (kbytes): 0
	Major (requiring I/O) page faults: 0
	Minor (reclaiming a frame) page faults: 215167
	Voluntary context switches: 14
	Involuntary context switches: 170966
	Swaps: 0
	File system inputs: 5
	File system outputs: 0
	Socket messages sent: 0
	Socket messages received: 0
	Signals delivered: 0
	Page size (bytes): 4096
	Exit status: 0
### TRACE_EXIT 0
### CGROUP_MEMORY_PEAK_BYTES 822022144
### DOCKER_EXIT 0
### WALL_SECONDS 1093.99
### END 2026-09-24T12:34:17-07:00
