### FILE netlists/MAIN/MUT_trunc_mul_u_w8__norm.aig
### ARGS -mul -idx -p -c -no-steps
### TIMEOUT 900
### START 2026-09-24T12:34:17-07:00
██▓▓░░░░░░░░░░░░░░░░░░░░░░░░░░░░░░░░░  Trace  ░░░░░░░░░░░░░░░░░░░░░░░░░░░░░░░░▓▓██
║ [Build]   compiled on: Apr 13 2026 at 16:17:50
║           built as: Release version
║ [Options] file: /data/netlists/MAIN/MUT_trunc_mul_u_w8__norm.aig
║           mode: mul
║           sign: unsigned
║           method: idx
║           phase optimization: enabled
║           conflict detection: enabled
║           progress steps: disabled
║
Killed
### TRACE_EXIT 137
### CGROUP_MEMORY_PEAK_BYTES 971747328
### DOCKER_EXIT 0
### WALL_SECONDS 903.43
### END 2026-09-24T12:49:20-07:00
