### FILE netlists/CONTROL/A_mul_s_w32__booth_lp_pre_folded.aig
### ARGS -mul -s -dyn -p -c -no-steps
### TIMEOUT 300
### START 2026-09-24T17:14:07-07:00
██▓▓░░░░░░░░░░░░░░░░░░░░░░░░░░░░░░░░░  Trace  ░░░░░░░░░░░░░░░░░░░░░░░░░░░░░░░░▓▓██
║ [Build]   compiled on: Apr 13 2026 at 16:17:50
║           built as: Release version
║ [Options] file: /data/netlists/CONTROL/A_mul_s_w32__booth_lp_pre_folded.aig
║           mode: mul
║           sign: signed
║           method: dyn
║           phase optimization: enabled
║           conflict detection: enabled
║           progress steps: disabled
║
╚═ Result: Correct
╔═ Final Report
║ Trace compiled on: Apr 13 2026 at 16:17:30 (release build)
║ 
╠═ Program modes
║ Circuit mode: mul
║ Traversal method: dyn
║ Debug mode: Y
║ 
╠═ General Information
║ Circuit path: /data/netlists/CONTROL/A_mul_s_w32__booth_lp_pre_folded.aig
║ Maximum polynomial : 3935
║ Number of iteration: 8018
║ Elapsed time: 9.82324 (in seconds)
║ Number and-gates : 7956
║ Substitution steps : 8020
║ Number of removed conflicts : 6076
║ Total calculated conflicts : 209282
║ Conflict calculation time: 0.433034 (in seconds)
║ Number of negated nodes : 1170
╚═ Process complete
	Command being timed: "/opt/trace/trace /data/netlists/CONTROL/A_mul_s_w32__booth_lp_pre_folded.aig -mul -s -dyn -p -c -no-steps"
	User time (seconds): 10.04
	System time (seconds): 0.13
	Percent of CPU this job got: 98%
	Elapsed (wall clock) time (h:mm:ss or m:ss): 0m 10.35s
	Average shared text size (kbytes): 0
	Average unshared data size (kbytes): 0
	Average stack size (kbytes): 0
	Average total size (kbytes): 0
	Maximum resident set size (kbytes): 163280
	Average resident set size (kbytes): 0
	Major (requiring I/O) page faults: 0
	Minor (reclaiming a frame) page faults: 10121
	Voluntary context switches: 19
	Involuntary context switches: 1387
	Swaps: 0
	File system inputs: 38
	File system outputs: 0
	Socket messages sent: 0
	Socket messages received: 0
	Signals delivered: 0
	Page size (bytes): 4096
	Exit status: 0
### TRACE_EXIT 0
### CGROUP_MEMORY_PEAK_BYTES 40882176
### DOCKER_EXIT 0
### WALL_SECONDS 11.55
### END 2026-09-24T17:14:19-07:00
