### FILE netlists/CONTROL/A_mul_s_w16__booth_lp_pre_folded.aig
### ARGS -mul -s -idx -p -c -no-steps
### TIMEOUT 120
### START 2026-09-24T17:14:02-07:00
██▓▓░░░░░░░░░░░░░░░░░░░░░░░░░░░░░░░░░  Trace  ░░░░░░░░░░░░░░░░░░░░░░░░░░░░░░░░▓▓██
║ [Build]   compiled on: Apr 13 2026 at 16:17:50
║           built as: Release version
║ [Options] file: /data/netlists/CONTROL/A_mul_s_w16__booth_lp_pre_folded.aig
║           mode: mul
║           sign: signed
║           method: idx
║           phase optimization: enabled
║           conflict detection: enabled
║           progress steps: disabled
║
╚═ Result: Correct
╔═ Final Report
║ Trace compiled on: Apr 13 2026 at 16:17:30 (release build)
║ 
╠═ Program modes
║ Circuit mode: mul
║ Traversal method: idx
║ Debug mode: Y
║ 
╠═ General Information
║ Circuit path: /data/netlists/CONTROL/A_mul_s_w16__booth_lp_pre_folded.aig
║ Maximum polynomial : 288
║ Number of iteration: 30
║ Elapsed time: 0.645425 (in seconds)
║ Number and-gates : 2044
║ Substitution steps : 32
║ Number of removed conflicts : 1390
║ Total calculated conflicts : 43618
║ Conflict calculation time: 0.0575502 (in seconds)
║ Number of negated nodes : 638
╚═ Process complete
	Command being timed: "/opt/trace/trace /data/netlists/CONTROL/A_mul_s_w16__booth_lp_pre_folded.aig -mul -s -idx -p -c -no-steps"
	User time (seconds): 0.69
	System time (seconds): 0.01
	Percent of CPU this job got: 96%
	Elapsed (wall clock) time (h:mm:ss or m:ss): 0m 0.74s
	Average shared text size (kbytes): 0
	Average unshared data size (kbytes): 0
	Average stack size (kbytes): 0
	Average total size (kbytes): 0
	Maximum resident set size (kbytes): 36576
	Average resident set size (kbytes): 0
	Major (requiring I/O) page faults: 0
	Minor (reclaiming a frame) page faults: 1865
	Voluntary context switches: 16
	Involuntary context switches: 21
	Swaps: 0
	File system inputs: 9
	File system outputs: 0
	Socket messages sent: 0
	Socket messages received: 0
	Signals delivered: 0
	Page size (bytes): 4096
	Exit status: 0
### TRACE_EXIT 0
### CGROUP_MEMORY_PEAK_BYTES 8577024
### DOCKER_EXIT 0
### WALL_SECONDS 1.61
### END 2026-09-24T17:14:04-07:00
