### FILE netlists/CONTROL/A_mul_s_w16__booth_lp_pre_folded.aig
### ARGS -mul -s -dyn -p -c -no-steps
### TIMEOUT 120
### START 2026-09-24T17:14:01-07:00
██▓▓░░░░░░░░░░░░░░░░░░░░░░░░░░░░░░░░░  Trace  ░░░░░░░░░░░░░░░░░░░░░░░░░░░░░░░░▓▓██
║ [Build]   compiled on: Apr 13 2026 at 16:17:50
║           built as: Release version
║ [Options] file: /data/netlists/CONTROL/A_mul_s_w16__booth_lp_pre_folded.aig
║           mode: mul
║           sign: signed
║           method: dyn
║           phase optimization: enabled
║           conflict detection: enabled
║           progress steps: disabled
║
╚═ Result: Correct
╔═ Final Report
║ Trace compiled on: Apr 13 2026 at 16:17:30 (release build)
║ 
╠═ Program modes
║ Circuit mode: mul
║ Traversal method: dyn
║ Debug mode: Y
║ 
╠═ General Information
║ Circuit path: /data/netlists/CONTROL/A_mul_s_w16__booth_lp_pre_folded.aig
║ Maximum polynomial : 943
║ Number of iteration: 2074
║ Elapsed time: 0.718331 (in seconds)
║ Number and-gates : 2044
║ Substitution steps : 2076
║ Number of removed conflicts : 1496
║ Total calculated conflicts : 43618
║ Conflict calculation time: 0.0623049 (in seconds)
║ Number of negated nodes : 330
╚═ Process complete
	Command being timed: "/opt/trace/trace /data/netlists/CONTROL/A_mul_s_w16__booth_lp_pre_folded.aig -mul -s -dyn -p -c -no-steps"
	User time (seconds): 0.74
	System time (seconds): 0.02
	Percent of CPU this job got: 95%
	Elapsed (wall clock) time (h:mm:ss or m:ss): 0m 0.80s
	Average shared text size (kbytes): 0
	Average unshared data size (kbytes): 0
	Average stack size (kbytes): 0
	Average total size (kbytes): 0
	Maximum resident set size (kbytes): 46256
	Average resident set size (kbytes): 0
	Major (requiring I/O) page faults: 0
	Minor (reclaiming a frame) page faults: 2392
	Voluntary context switches: 16
	Involuntary context switches: 278
	Swaps: 0
	File system inputs: 9
	File system outputs: 0
	Socket messages sent: 0
	Socket messages received: 0
	Signals delivered: 0
	Page size (bytes): 4096
	Exit status: 0
### TRACE_EXIT 0
### CGROUP_MEMORY_PEAK_BYTES 10924032
### DOCKER_EXIT 0
### WALL_SECONDS 1.69
### END 2026-09-24T17:14:02-07:00
