### FILE netlists/MINI_MAIN/B_mac_s_w5__tree_pre.aig
### ARGS -mac -s -igs -p -c -no-steps
### TIMEOUT 60
### START 2026-09-24T03:44:43-07:00
██▓▓░░░░░░░░░░░░░░░░░░░░░░░░░░░░░░░░░  Trace  ░░░░░░░░░░░░░░░░░░░░░░░░░░░░░░░░▓▓██
║ [Build]   compiled on: Apr 13 2026 at 16:17:50
║           built as: Release version
║ [Options] file: /data/netlists/MINI_MAIN/B_mac_s_w5__tree_pre.aig
║           mode: mac
║           sign: signed
║           method: igs
║           phase optimization: enabled
║           conflict detection: enabled
║           progress steps: disabled
║
╠═ Result: Buggy
║   [34mSP: {1} -1024[39m
╔═ Final Report
║ Trace compiled on: Apr 13 2026 at 16:17:30 (release build)
║ 
╠═ Program modes
║ Circuit mode: mac
║ Traversal method: igs
║ Debug mode: Y
║ 
╠═ General Information
║ Circuit path: /data/netlists/MINI_MAIN/B_mac_s_w5__tree_pre.aig
║ Maximum polynomial : 46
║ Number of iteration: 9
║ Elapsed time: 0.010342 (in seconds)
║ Number and-gates : 320
║ Substitution steps : 11
║ Number of removed conflicts : 130
║ Total calculated conflicts : 5144
║ Conflict calculation time: 0.00530815 (in seconds)
║ Number of negated nodes : 74
╚═ Process complete
	Command being timed: "/opt/trace/trace /data/netlists/MINI_MAIN/B_mac_s_w5__tree_pre.aig -mac -s -igs -p -c -no-steps"
	User time (seconds): 0.01
	System time (seconds): 0.00
	Percent of CPU this job got: 22%
	Elapsed (wall clock) time (h:mm:ss or m:ss): 0m 0.07s
	Average shared text size (kbytes): 0
	Average unshared data size (kbytes): 0
	Average stack size (kbytes): 0
	Average total size (kbytes): 0
	Maximum resident set size (kbytes): 13760
	Average resident set size (kbytes): 0
	Major (requiring I/O) page faults: 0
	Minor (reclaiming a frame) page faults: 267
	Voluntary context switches: 15
	Involuntary context switches: 5
	Swaps: 0
	File system inputs: 2
	File system outputs: 0
	Socket messages sent: 0
	Socket messages received: 0
	Signals delivered: 0
	Page size (bytes): 4096
	Exit status: 0
### TRACE_EXIT 0
### CGROUP_MEMORY_PEAK_BYTES 5128192
### DOCKER_EXIT 0
### WALL_SECONDS 1.60
### END 2026-09-24T03:44:45-07:00
