### FILE netlists/CONTROL/MUTX_PATCH_B_mac_s_w4__tree_pre__y8xor33.aig
### ARGS -mac -s -igs -p -c -no-steps
### TIMEOUT 60
### START 2026-09-24T03:46:09-07:00
██▓▓░░░░░░░░░░░░░░░░░░░░░░░░░░░░░░░░░  Trace  ░░░░░░░░░░░░░░░░░░░░░░░░░░░░░░░░▓▓██
║ [Build]   compiled on: Apr 13 2026 at 16:17:50
║           built as: Release version
║ [Options] file: /data/netlists/CONTROL/MUTX_PATCH_B_mac_s_w4__tree_pre__y8xor33.aig
║           mode: mac
║           sign: signed
║           method: igs
║           phase optimization: enabled
║           conflict detection: enabled
║           progress steps: disabled
║
╠═ Result: Buggy
║   [34mSP: {1} 256[39m
╔═ Final Report
║ Trace compiled on: Apr 13 2026 at 16:17:30 (release build)
║ 
╠═ Program modes
║ Circuit mode: mac
║ Traversal method: igs
║ Debug mode: Y
║ 
╠═ General Information
║ Circuit path: /data/netlists/CONTROL/MUTX_PATCH_B_mac_s_w4__tree_pre__y8xor33.aig
║ Maximum polynomial : 34
║ Number of iteration: 7
║ Elapsed time: 0.00582321 (in seconds)
║ Number and-gates : 221
║ Substitution steps : 9
║ Number of removed conflicts : 69
║ Total calculated conflicts : 3984
║ Conflict calculation time: 0.0173791 (in seconds)
║ Number of negated nodes : 48
╚═ Process complete
	Command being timed: "/opt/trace/trace /data/netlists/CONTROL/MUTX_PATCH_B_mac_s_w4__tree_pre__y8xor33.aig -mac -s -igs -p -c -no-steps"
	User time (seconds): 0.00
	System time (seconds): 0.00
	Percent of CPU this job got: 35%
	Elapsed (wall clock) time (h:mm:ss or m:ss): 0m 0.04s
	Average shared text size (kbytes): 0
	Average unshared data size (kbytes): 0
	Average stack size (kbytes): 0
	Average total size (kbytes): 0
	Maximum resident set size (kbytes): 12224
	Average resident set size (kbytes): 0
	Major (requiring I/O) page faults: 0
	Minor (reclaiming a frame) page faults: 217
	Voluntary context switches: 16
	Involuntary context switches: 36
	Swaps: 0
	File system inputs: 1
	File system outputs: 0
	Socket messages sent: 0
	Socket messages received: 0
	Signals delivered: 0
	Page size (bytes): 4096
	Exit status: 0
### TRACE_EXIT 0
### CGROUP_MEMORY_PEAK_BYTES 4603904
### DOCKER_EXIT 0
### WALL_SECONDS 1.00
### END 2026-09-24T03:46:10-07:00
