### FILE netlists/MINI_MAIN/B_mac_s_w5__tree.aig
### ARGS -mac -s -dyn -p -c -no-steps
### TIMEOUT 60
### START 2026-09-24T03:44:47-07:00
██▓▓░░░░░░░░░░░░░░░░░░░░░░░░░░░░░░░░░  Trace  ░░░░░░░░░░░░░░░░░░░░░░░░░░░░░░░░▓▓██
║ [Build]   compiled on: Apr 13 2026 at 16:17:50
║           built as: Release version
║ [Options] file: /data/netlists/MINI_MAIN/B_mac_s_w5__tree.aig
║           mode: mac
║           sign: signed
║           method: dyn
║           phase optimization: enabled
║           conflict detection: enabled
║           progress steps: disabled
║
╠═ Result: Buggy
║   [34mSP: {1} 1024[39m
╔═ Final Report
║ Trace compiled on: Apr 13 2026 at 16:17:30 (release build)
║ 
╠═ Program modes
║ Circuit mode: mac
║ Traversal method: dyn
║ Debug mode: Y
║ 
╠═ General Information
║ Circuit path: /data/netlists/MINI_MAIN/B_mac_s_w5__tree.aig
║ Maximum polynomial : 438
║ Number of iteration: 311
║ Elapsed time: 0.434437 (in seconds)
║ Number and-gates : 302
║ Substitution steps : 313
║ Number of removed conflicts : 2694
║ Total calculated conflicts : 4262
║ Conflict calculation time: 0.0151947 (in seconds)
║ Number of negated nodes : 87
╚═ Process complete
	Command being timed: "/opt/trace/trace /data/netlists/MINI_MAIN/B_mac_s_w5__tree.aig -mac -s -dyn -p -c -no-steps"
	User time (seconds): 0.29
	System time (seconds): 0.03
	Percent of CPU this job got: 70%
	Elapsed (wall clock) time (h:mm:ss or m:ss): 0m 0.46s
	Average shared text size (kbytes): 0
	Average unshared data size (kbytes): 0
	Average stack size (kbytes): 0
	Average total size (kbytes): 0
	Maximum resident set size (kbytes): 17856
	Average resident set size (kbytes): 0
	Major (requiring I/O) page faults: 0
	Minor (reclaiming a frame) page faults: 564
	Voluntary context switches: 13
	Involuntary context switches: 322
	Swaps: 0
	File system inputs: 2
	File system outputs: 0
	Socket messages sent: 0
	Socket messages received: 0
	Signals delivered: 0
	Page size (bytes): 4096
	Exit status: 0
### TRACE_EXIT 0
### CGROUP_MEMORY_PEAK_BYTES 5365760
### DOCKER_EXIT 0
### WALL_SECONDS 1.78
### END 2026-09-24T03:44:49-07:00
