### FILE netlists/CONTROL/MUTX_PATCH_B_mac_s_w8__tree_pre__y16xor65.aig
### ARGS -mac -s -igs -c -no-steps
### TIMEOUT 60
### START 2026-09-24T03:40:10-07:00
██▓▓░░░░░░░░░░░░░░░░░░░░░░░░░░░░░░░░░  Trace  ░░░░░░░░░░░░░░░░░░░░░░░░░░░░░░░░▓▓██
║ [Build]   compiled on: Apr 13 2026 at 16:17:50
║           built as: Release version
║ [Options] file: /data/netlists/CONTROL/MUTX_PATCH_B_mac_s_w8__tree_pre__y16xor65.aig
║           mode: mac
║           sign: signed
║           method: igs
║           phase optimization: disabled
║           conflict detection: enabled
║           progress steps: disabled
║
╠═ Result: Buggy
║   [34mSP: {2} -65536 + 65536n64[39m
╔═ Final Report
║ Trace compiled on: Apr 13 2026 at 16:17:30 (release build)
║ 
╠═ Program modes
║ Circuit mode: mac
║ Traversal method: igs
║ Debug mode: Y
║ 
╠═ General Information
║ Circuit path: /data/netlists/CONTROL/MUTX_PATCH_B_mac_s_w8__tree_pre__y16xor65.aig
║ Maximum polynomial : 98
║ Number of iteration: 15
║ Elapsed time: 0.0239279 (in seconds)
║ Number and-gates : 797
║ Substitution steps : 17
║ Number of removed conflicts : 345
║ Total calculated conflicts : 13398
║ Conflict calculation time: 0.0711273 (in seconds)
║ Number of negated nodes : 0
╚═ Process complete
	Command being timed: "/opt/trace/trace /data/netlists/CONTROL/MUTX_PATCH_B_mac_s_w8__tree_pre__y16xor65.aig -mac -s -igs -c -no-steps"
	User time (seconds): 0.02
	System time (seconds): 0.00
	Percent of CPU this job got: 18%
	Elapsed (wall clock) time (h:mm:ss or m:ss): 0m 0.15s
	Average shared text size (kbytes): 0
	Average unshared data size (kbytes): 0
	Average stack size (kbytes): 0
	Average total size (kbytes): 0
	Maximum resident set size (kbytes): 17344
	Average resident set size (kbytes): 0
	Major (requiring I/O) page faults: 0
	Minor (reclaiming a frame) page faults: 548
	Voluntary context switches: 16
	Involuntary context switches: 44
	Swaps: 0
	File system inputs: 3
	File system outputs: 0
	Socket messages sent: 0
	Socket messages received: 0
	Signals delivered: 0
	Page size (bytes): 4096
	Exit status: 0
### TRACE_EXIT 0
### CGROUP_MEMORY_PEAK_BYTES 5124096
### DOCKER_EXIT 0
### WALL_SECONDS 1.69
### END 2026-09-24T03:40:12-07:00
