### FILE netlists/CONTROL/MUTX_PATCH_B_mac_s_w8__tree_pre_folded__y16xor65.aig
### ARGS -mac -s -dyn -p -c -no-steps
### TIMEOUT 60
### START 2026-09-24T03:40:36-07:00
██▓▓░░░░░░░░░░░░░░░░░░░░░░░░░░░░░░░░░  Trace  ░░░░░░░░░░░░░░░░░░░░░░░░░░░░░░░░▓▓██
║ [Build]   compiled on: Apr 13 2026 at 16:17:50
║           built as: Release version
║ [Options] file: /data/netlists/CONTROL/MUTX_PATCH_B_mac_s_w8__tree_pre_folded__y16xor65.aig
║           mode: mac
║           sign: signed
║           method: dyn
║           phase optimization: enabled
║           conflict detection: enabled
║           progress steps: disabled
║
╠═ Result: Buggy
║   [34mSP: {2} -65536n64 + 65536[39m
╔═ Final Report
║ Trace compiled on: Apr 13 2026 at 16:17:30 (release build)
║ 
╠═ Program modes
║ Circuit mode: mac
║ Traversal method: dyn
║ Debug mode: Y
║ 
╠═ General Information
║ Circuit path: /data/netlists/CONTROL/MUTX_PATCH_B_mac_s_w8__tree_pre_folded__y16xor65.aig
║ Maximum polynomial : 138
║ Number of iteration: 806
║ Elapsed time: 0.138862 (in seconds)
║ Number and-gates : 791
║ Substitution steps : 808
║ Number of removed conflicts : 236
║ Total calculated conflicts : 13332
║ Conflict calculation time: 0.0315884 (in seconds)
║ Number of negated nodes : 85
╚═ Process complete
	Command being timed: "/opt/trace/trace /data/netlists/CONTROL/MUTX_PATCH_B_mac_s_w8__tree_pre_folded__y16xor65.aig -mac -s -dyn -p -c -no-steps"
	User time (seconds): 0.06
	System time (seconds): 0.00
	Percent of CPU this job got: 37%
	Elapsed (wall clock) time (h:mm:ss or m:ss): 0m 0.20s
	Average shared text size (kbytes): 0
	Average unshared data size (kbytes): 0
	Average stack size (kbytes): 0
	Average total size (kbytes): 0
	Maximum resident set size (kbytes): 22976
	Average resident set size (kbytes): 0
	Major (requiring I/O) page faults: 0
	Minor (reclaiming a frame) page faults: 827
	Voluntary context switches: 16
	Involuntary context switches: 20
	Swaps: 0
	File system inputs: 3
	File system outputs: 0
	Socket messages sent: 0
	Socket messages received: 0
	Signals delivered: 0
	Page size (bytes): 4096
	Exit status: 0
### TRACE_EXIT 0
### CGROUP_MEMORY_PEAK_BYTES 5197824
### DOCKER_EXIT 0
### WALL_SECONDS 1.61
### END 2026-09-24T03:40:38-07:00
