### FILE netlists/ONSET_MAIN/B_mac_u_w56__norm_pre.aig
### ARGS -mac -dyn -p -c -no-steps
### TIMEOUT 900
### START 2026-09-24T17:05:16-07:00
██▓▓░░░░░░░░░░░░░░░░░░░░░░░░░░░░░░░░░  Trace  ░░░░░░░░░░░░░░░░░░░░░░░░░░░░░░░░▓▓██
║ [Build]   compiled on: Apr 13 2026 at 16:17:50
║           built as: Release version
║ [Options] file: /data/netlists/ONSET_MAIN/B_mac_u_w56__norm_pre.aig
║           mode: mac
║           sign: unsigned
║           method: dyn
║           phase optimization: enabled
║           conflict detection: enabled
║           progress steps: disabled
║
╚═ Result: Correct
╔═ Final Report
║ Trace compiled on: Apr 13 2026 at 16:17:30 (release build)
║ 
╠═ Program modes
║ Circuit mode: mac
║ Traversal method: dyn
║ Debug mode: Y
║ 
╠═ General Information
║ Circuit path: /data/netlists/ONSET_MAIN/B_mac_u_w56__norm_pre.aig
║ Maximum polynomial : 10605
║ Number of iteration: 33290
║ Elapsed time: 346.276 (in seconds)
║ Number and-gates : 33179
║ Substitution steps : 33292
║ Number of removed conflicts : 90167
║ Total calculated conflicts : 440018
║ Conflict calculation time: 0.631472 (in seconds)
║ Number of negated nodes : 3501
╚═ Process complete
	Command being timed: "/opt/trace/trace /data/netlists/ONSET_MAIN/B_mac_u_w56__norm_pre.aig -mac -dyn -p -c -no-steps"
	User time (seconds): 334.31
	System time (seconds): 5.43
	Percent of CPU this job got: 97%
	Elapsed (wall clock) time (h:mm:ss or m:ss): 5m 47.12s
	Average shared text size (kbytes): 0
	Average unshared data size (kbytes): 0
	Average stack size (kbytes): 0
	Average total size (kbytes): 0
	Maximum resident set size (kbytes): 572224
	Average resident set size (kbytes): 0
	Major (requiring I/O) page faults: 0
	Minor (reclaiming a frame) page faults: 38540
	Voluntary context switches: 24
	Involuntary context switches: 52258
	Swaps: 0
	File system inputs: 166
	File system outputs: 0
	Socket messages sent: 0
	Socket messages received: 0
	Signals delivered: 0
	Page size (bytes): 4096
	Exit status: 0
### TRACE_EXIT 0
### CGROUP_MEMORY_PEAK_BYTES 145694720
### DOCKER_EXIT 0
### WALL_SECONDS 347.95
### END 2026-09-24T17:11:04-07:00
