### FILE netlists/ONSET_MAIN/B_dot2_u_w56__tree_pre.aig
### ARGS -dot=2 -dyn -p -c -no-steps
### TIMEOUT 900
### START 2026-09-24T17:04:44-07:00
██▓▓░░░░░░░░░░░░░░░░░░░░░░░░░░░░░░░░░  Trace  ░░░░░░░░░░░░░░░░░░░░░░░░░░░░░░░░▓▓██
║ [Build]   compiled on: Apr 13 2026 at 16:17:50
║           built as: Release version
║ [Options] file: /data/netlists/ONSET_MAIN/B_dot2_u_w56__tree_pre.aig
║           mode: dot=2
║           sign: unsigned
║           method: dyn
║           phase optimization: enabled
║           conflict detection: enabled
║           progress steps: disabled
║
╚═ Result: Correct
╔═ Final Report
║ Trace compiled on: Apr 13 2026 at 16:17:30 (release build)
║ 
╠═ Program modes
║ Circuit mode: dot
║ Traversal method: dyn
║ Debug mode: Y
║ 
╠═ General Information
║ Circuit path: /data/netlists/ONSET_MAIN/B_dot2_u_w56__tree_pre.aig
║ Maximum polynomial : 6927
║ Number of iteration: 64776
║ Elapsed time: 251.912 (in seconds)
║ Number and-gates : 64665
║ Substitution steps : 64778
║ Number of removed conflicts : 19498
║ Total calculated conflicts : 865554
║ Conflict calculation time: 1.08607 (in seconds)
║ Number of negated nodes : 6313
╚═ Process complete
	Command being timed: "/opt/trace/trace /data/netlists/ONSET_MAIN/B_dot2_u_w56__tree_pre.aig -dot=2 -dyn -p -c -no-steps"
	User time (seconds): 245.10
	System time (seconds): 3.62
	Percent of CPU this job got: 98%
	Elapsed (wall clock) time (h:mm:ss or m:ss): 4m 13.46s
	Average shared text size (kbytes): 0
	Average unshared data size (kbytes): 0
	Average stack size (kbytes): 0
	Average total size (kbytes): 0
	Maximum resident set size (kbytes): 891632
	Average resident set size (kbytes): 0
	Major (requiring I/O) page faults: 1
	Minor (reclaiming a frame) page faults: 59251
	Voluntary context switches: 38
	Involuntary context switches: 30517
	Swaps: 0
	File system inputs: 4684
	File system outputs: 0
	Socket messages sent: 0
	Socket messages received: 0
	Signals delivered: 0
	Page size (bytes): 4096
	Exit status: 0
### TRACE_EXIT 0
### CGROUP_MEMORY_PEAK_BYTES 231014400
### DOCKER_EXIT 0
### WALL_SECONDS 254.21
### END 2026-09-24T17:08:58-07:00
