### FILE netlists/ONSET_MAIN/B_mac_u_w40__tree_pre.aig
### ARGS -mac -dyn -p -c -no-steps
### TIMEOUT 900
### START 2026-09-24T17:04:44-07:00
██▓▓░░░░░░░░░░░░░░░░░░░░░░░░░░░░░░░░░  Trace  ░░░░░░░░░░░░░░░░░░░░░░░░░░░░░░░░▓▓██
║ [Build]   compiled on: Apr 13 2026 at 16:17:50
║           built as: Release version
║ [Options] file: /data/netlists/ONSET_MAIN/B_mac_u_w40__tree_pre.aig
║           mode: mac
║           sign: unsigned
║           method: dyn
║           phase optimization: enabled
║           conflict detection: enabled
║           progress steps: disabled
║
╚═ Result: Correct
╔═ Final Report
║ Trace compiled on: Apr 13 2026 at 16:17:30 (release build)
║ 
╠═ Program modes
║ Circuit mode: mac
║ Traversal method: dyn
║ Debug mode: Y
║ 
╠═ General Information
║ Circuit path: /data/netlists/ONSET_MAIN/B_mac_u_w40__tree_pre.aig
║ Maximum polynomial : 2065
║ Number of iteration: 17034
║ Elapsed time: 11.9685 (in seconds)
║ Number and-gates : 16955
║ Substitution steps : 17036
║ Number of removed conflicts : 5192
║ Total calculated conflicts : 237502
║ Conflict calculation time: 0.280562 (in seconds)
║ Number of negated nodes : 1774
╚═ Process complete
	Command being timed: "/opt/trace/trace /data/netlists/ONSET_MAIN/B_mac_u_w40__tree_pre.aig -mac -dyn -p -c -no-steps"
	User time (seconds): 12.23
	System time (seconds): 0.07
	Percent of CPU this job got: 99%
	Elapsed (wall clock) time (h:mm:ss or m:ss): 0m 12.35s
	Average shared text size (kbytes): 0
	Average unshared data size (kbytes): 0
	Average stack size (kbytes): 0
	Average total size (kbytes): 0
	Maximum resident set size (kbytes): 246512
	Average resident set size (kbytes): 0
	Major (requiring I/O) page faults: 0
	Minor (reclaiming a frame) page faults: 16470
	Voluntary context switches: 14
	Involuntary context switches: 132
	Swaps: 0
	File system inputs: 84
	File system outputs: 0
	Socket messages sent: 0
	Socket messages received: 0
	Signals delivered: 0
	Page size (bytes): 4096
	Exit status: 0
### TRACE_EXIT 0
### CGROUP_MEMORY_PEAK_BYTES 62545920
### DOCKER_EXIT 0
### WALL_SECONDS 13.21
### END 2026-09-24T17:04:57-07:00
