### FILE netlists/ONSET_MAIN/B_mac_u_w48__norm_pre.aig
### ARGS -mac -dyn -p -c -no-steps
### TIMEOUT 900
### START 2026-09-24T17:04:44-07:00
██▓▓░░░░░░░░░░░░░░░░░░░░░░░░░░░░░░░░░  Trace  ░░░░░░░░░░░░░░░░░░░░░░░░░░░░░░░░▓▓██
║ [Build]   compiled on: Apr 13 2026 at 16:17:50
║           built as: Release version
║ [Options] file: /data/netlists/ONSET_MAIN/B_mac_u_w48__norm_pre.aig
║           mode: mac
║           sign: unsigned
║           method: dyn
║           phase optimization: enabled
║           conflict detection: enabled
║           progress steps: disabled
║
Killed
### TRACE_EXIT 137
### CGROUP_MEMORY_PEAK_BYTES 314626048
### DOCKER_EXIT 0
### WALL_SECONDS 901.19
### END 2026-09-24T17:19:45-07:00
