### FILE netlists/ONSET_MAIN/B_dot2_u_w48__tree_pre.aig
### ARGS -dot=2 -dyn -p -c -no-steps
### TIMEOUT 900
### START 2026-09-24T17:04:44-07:00
██▓▓░░░░░░░░░░░░░░░░░░░░░░░░░░░░░░░░░  Trace  ░░░░░░░░░░░░░░░░░░░░░░░░░░░░░░░░▓▓██
║ [Build]   compiled on: Apr 13 2026 at 16:17:50
║           built as: Release version
║ [Options] file: /data/netlists/ONSET_MAIN/B_dot2_u_w48__tree_pre.aig
║           mode: dot=2
║           sign: unsigned
║           method: dyn
║           phase optimization: enabled
║           conflict detection: enabled
║           progress steps: disabled
║
╚═ Result: Correct
╔═ Final Report
║ Trace compiled on: Apr 13 2026 at 16:17:30 (release build)
║ 
╠═ Program modes
║ Circuit mode: dot
║ Traversal method: dyn
║ Debug mode: Y
║ 
╠═ General Information
║ Circuit path: /data/netlists/ONSET_MAIN/B_dot2_u_w48__tree_pre.aig
║ Maximum polynomial : 7576
║ Number of iteration: 47516
║ Elapsed time: 119.428 (in seconds)
║ Number and-gates : 47421
║ Substitution steps : 47518
║ Number of removed conflicts : 21628
║ Total calculated conflicts : 645770
║ Conflict calculation time: 0.753047 (in seconds)
║ Number of negated nodes : 4679
╚═ Process complete
	Command being timed: "/opt/trace/trace /data/netlists/ONSET_MAIN/B_dot2_u_w48__tree_pre.aig -dot=2 -dyn -p -c -no-steps"
	User time (seconds): 118.53
	System time (seconds): 0.81
	Percent of CPU this job got: 99%
	Elapsed (wall clock) time (h:mm:ss or m:ss): 2m 0.47s
	Average shared text size (kbytes): 0
	Average unshared data size (kbytes): 0
	Average stack size (kbytes): 0
	Average total size (kbytes): 0
	Maximum resident set size (kbytes): 685200
	Average resident set size (kbytes): 0
	Major (requiring I/O) page faults: 1
	Minor (reclaiming a frame) page faults: 45357
	Voluntary context switches: 28
	Involuntary context switches: 6628
	Swaps: 0
	File system inputs: 1623
	File system outputs: 0
	Socket messages sent: 0
	Socket messages received: 0
	Signals delivered: 0
	Page size (bytes): 4096
	Exit status: 0
### TRACE_EXIT 0
### CGROUP_MEMORY_PEAK_BYTES 175968256
### DOCKER_EXIT 0
### WALL_SECONDS 121.19
### END 2026-09-24T17:06:45-07:00
