### FILE netlists/MAIN/A_mul_s_w16__booth_pre.aig
### ARGS -mul -s -dyn -p -c -no-steps
### TIMEOUT 120
### START 2026-09-24T03:44:45-07:00
██▓▓░░░░░░░░░░░░░░░░░░░░░░░░░░░░░░░░░  Trace  ░░░░░░░░░░░░░░░░░░░░░░░░░░░░░░░░▓▓██
║ [Build]   compiled on: Apr 13 2026 at 16:17:50
║           built as: Release version
║ [Options] file: /data/netlists/MAIN/A_mul_s_w16__booth_pre.aig
║           mode: mul
║           sign: signed
║           method: dyn
║           phase optimization: enabled
║           conflict detection: enabled
║           progress steps: disabled
║
╚═ Result: Correct
╔═ Final Report
║ Trace compiled on: Apr 13 2026 at 16:17:30 (release build)
║ 
╠═ Program modes
║ Circuit mode: mul
║ Traversal method: dyn
║ Debug mode: Y
║ 
╠═ General Information
║ Circuit path: /data/netlists/MAIN/A_mul_s_w16__booth_pre.aig
║ Maximum polynomial : 744
║ Number of iteration: 2300
║ Elapsed time: 0.976563 (in seconds)
║ Number and-gates : 2270
║ Substitution steps : 2302
║ Number of removed conflicts : 1616
║ Total calculated conflicts : 44924
║ Conflict calculation time: 0.044532 (in seconds)
║ Number of negated nodes : 182
╚═ Process complete
	Command being timed: "/opt/trace/trace /data/netlists/MAIN/A_mul_s_w16__booth_pre.aig -mul -s -dyn -p -c -no-steps"
	User time (seconds): 0.80
	System time (seconds): 0.13
	Percent of CPU this job got: 87%
	Elapsed (wall clock) time (h:mm:ss or m:ss): 0m 1.06s
	Average shared text size (kbytes): 0
	Average unshared data size (kbytes): 0
	Average stack size (kbytes): 0
	Average total size (kbytes): 0
	Maximum resident set size (kbytes): 47904
	Average resident set size (kbytes): 0
	Major (requiring I/O) page faults: 0
	Minor (reclaiming a frame) page faults: 2586
	Voluntary context switches: 15
	Involuntary context switches: 321
	Swaps: 0
	File system inputs: 12
	File system outputs: 0
	Socket messages sent: 0
	Socket messages received: 0
	Signals delivered: 0
	Page size (bytes): 4096
	Exit status: 0
### TRACE_EXIT 0
### CGROUP_MEMORY_PEAK_BYTES 11247616
### DOCKER_EXIT 0
### WALL_SECONDS 2.57
### END 2026-09-24T03:44:47-07:00
