### FILE netlists/MAIN/MUT_signext_mac_s_w16__tree.aig
### ARGS -mac -s -idx -p -c -no-steps
### TIMEOUT 120
### START 2026-09-24T12:25:30-07:00
██▓▓░░░░░░░░░░░░░░░░░░░░░░░░░░░░░░░░░  Trace  ░░░░░░░░░░░░░░░░░░░░░░░░░░░░░░░░▓▓██
║ [Build]   compiled on: Apr 13 2026 at 16:17:50
║           built as: Release version
║ [Options] file: /data/netlists/MAIN/MUT_signext_mac_s_w16__tree.aig
║           mode: mac
║           sign: signed
║           method: idx
║           phase optimization: enabled
║           conflict detection: enabled
║           progress steps: disabled
║
Killed
### TRACE_EXIT 137
### CGROUP_MEMORY_PEAK_BYTES 231964672
### DOCKER_EXIT 0
### WALL_SECONDS 121.75
### END 2026-09-24T12:27:32-07:00
