### FILE netlists/MAIN/B_mac_u_w8__tree_ripple.aig
### ARGS -mac -idx -p -c -no-steps
### TIMEOUT 60
### START 2026-09-24T03:27:56-07:00
██▓▓░░░░░░░░░░░░░░░░░░░░░░░░░░░░░░░░░  Trace  ░░░░░░░░░░░░░░░░░░░░░░░░░░░░░░░░▓▓██
║ [Build]   compiled on: Apr 13 2026 at 16:17:50
║           built as: Release version
║ [Options] file: /data/netlists/MAIN/B_mac_u_w8__tree_ripple.aig
║           mode: mac
║           sign: unsigned
║           method: idx
║           phase optimization: enabled
║           conflict detection: enabled
║           progress steps: disabled
║
╚═ Result: Correct
╔═ Final Report
║ Trace compiled on: Apr 13 2026 at 16:17:30 (release build)
║ 
╠═ Program modes
║ Circuit mode: mac
║ Traversal method: idx
║ Debug mode: Y
║ 
╠═ General Information
║ Circuit path: /data/netlists/MAIN/B_mac_u_w8__tree_ripple.aig
║ Maximum polynomial : 98
║ Number of iteration: 15
║ Elapsed time: 0.0493742 (in seconds)
║ Number and-gates : 694
║ Substitution steps : 17
║ Number of removed conflicts : 329
║ Total calculated conflicts : 9248
║ Conflict calculation time: 0.00476963 (in seconds)
║ Number of negated nodes : 107
╚═ Process complete
	Command being timed: "/opt/trace/trace /data/netlists/MAIN/B_mac_u_w8__tree_ripple.aig -mac -idx -p -c -no-steps"
	User time (seconds): 0.05
	System time (seconds): 0.00
	Percent of CPU this job got: 77%
	Elapsed (wall clock) time (h:mm:ss or m:ss): 0m 0.07s
	Average shared text size (kbytes): 0
	Average unshared data size (kbytes): 0
	Average stack size (kbytes): 0
	Average total size (kbytes): 0
	Maximum resident set size (kbytes): 17856
	Average resident set size (kbytes): 0
	Major (requiring I/O) page faults: 0
	Minor (reclaiming a frame) page faults: 523
	Voluntary context switches: 15
	Involuntary context switches: 13
	Swaps: 0
	File system inputs: 4
	File system outputs: 0
	Socket messages sent: 0
	Socket messages received: 0
	Signals delivered: 0
	Page size (bytes): 4096
	Exit status: 0
### TRACE_EXIT 0
### CGROUP_MEMORY_PEAK_BYTES 5132288
### DOCKER_EXIT 0
### WALL_SECONDS 1.21
### END 2026-09-24T03:27:58-07:00
