### FILE netlists/MAIN/A_mul_u_w32__norm_pre.aig
### ARGS -mul -dyn -p -c -no-steps
### TIMEOUT 300
### START 2026-09-24T11:35:31-07:00
██▓▓░░░░░░░░░░░░░░░░░░░░░░░░░░░░░░░░░  Trace  ░░░░░░░░░░░░░░░░░░░░░░░░░░░░░░░░▓▓██
║ [Build]   compiled on: Apr 13 2026 at 16:17:50
║           built as: Release version
║ [Options] file: /data/netlists/MAIN/A_mul_u_w32__norm_pre.aig
║           mode: mul
║           sign: unsigned
║           method: dyn
║           phase optimization: enabled
║           conflict detection: enabled
║           progress steps: disabled
║
╚═ Result: Correct
╔═ Final Report
║ Trace compiled on: Apr 13 2026 at 16:17:30 (release build)
║ 
╠═ Program modes
║ Circuit mode: mul
║ Traversal method: dyn
║ Debug mode: Y
║ 
╠═ General Information
║ Circuit path: /data/netlists/MAIN/A_mul_u_w32__norm_pre.aig
║ Maximum polynomial : 1349
║ Number of iteration: 10661
║ Elapsed time: 10.8658 (in seconds)
║ Number and-gates : 10599
║ Substitution steps : 10663
║ Number of removed conflicts : 3228
║ Total calculated conflicts : 157874
║ Conflict calculation time: 0.251038 (in seconds)
║ Number of negated nodes : 1036
╚═ Process complete
	Command being timed: "/opt/trace/trace /data/netlists/MAIN/A_mul_u_w32__norm_pre.aig -mul -dyn -p -c -no-steps"
	User time (seconds): 6.75
	System time (seconds): 0.27
	Percent of CPU this job got: 62%
	Elapsed (wall clock) time (h:mm:ss or m:ss): 0m 11.32s
	Average shared text size (kbytes): 0
	Average unshared data size (kbytes): 0
	Average stack size (kbytes): 0
	Average total size (kbytes): 0
	Maximum resident set size (kbytes): 161744
	Average resident set size (kbytes): 0
	Major (requiring I/O) page faults: 0
	Minor (reclaiming a frame) page faults: 10510
	Voluntary context switches: 18
	Involuntary context switches: 1713
	Swaps: 0
	File system inputs: 51
	File system outputs: 0
	Socket messages sent: 0
	Socket messages received: 0
	Signals delivered: 0
	Page size (bytes): 4096
	Exit status: 0
### TRACE_EXIT 0
### CGROUP_MEMORY_PEAK_BYTES 40783872
### DOCKER_EXIT 0
### WALL_SECONDS 13.43
### END 2026-09-24T11:35:45-07:00
