### FILE netlists/MAIN/B_mac_u_w16__tree_pre.aig
### ARGS -mac -dyn -p -c -no-steps
### TIMEOUT 120
### START 2026-09-24T11:26:08-07:00
██▓▓░░░░░░░░░░░░░░░░░░░░░░░░░░░░░░░░░  Trace  ░░░░░░░░░░░░░░░░░░░░░░░░░░░░░░░░▓▓██
║ [Build]   compiled on: Apr 13 2026 at 16:17:50
║           built as: Release version
║ [Options] file: /data/netlists/MAIN/B_mac_u_w16__tree_pre.aig
║           mode: mac
║           sign: unsigned
║           method: dyn
║           phase optimization: enabled
║           conflict detection: enabled
║           progress steps: disabled
║
╚═ Result: Correct
╔═ Final Report
║ Trace compiled on: Apr 13 2026 at 16:17:30 (release build)
║ 
╠═ Program modes
║ Circuit mode: mac
║ Traversal method: dyn
║ Debug mode: Y
║ 
╠═ General Information
║ Circuit path: /data/netlists/MAIN/B_mac_u_w16__tree_pre.aig
║ Maximum polynomial : 431
║ Number of iteration: 2846
║ Elapsed time: 1.25674 (in seconds)
║ Number and-gates : 2815
║ Substitution steps : 2848
║ Number of removed conflicts : 862
║ Total calculated conflicts : 41010
║ Conflict calculation time: 0.116505 (in seconds)
║ Number of negated nodes : 301
╚═ Process complete
	Command being timed: "/opt/trace/trace /data/netlists/MAIN/B_mac_u_w16__tree_pre.aig -mac -dyn -p -c -no-steps"
	User time (seconds): 1.01
	System time (seconds): 0.09
	Percent of CPU this job got: 52%
	Elapsed (wall clock) time (h:mm:ss or m:ss): 0m 2.13s
	Average shared text size (kbytes): 0
	Average unshared data size (kbytes): 0
	Average stack size (kbytes): 0
	Average total size (kbytes): 0
	Maximum resident set size (kbytes): 50464
	Average resident set size (kbytes): 0
	Major (requiring I/O) page faults: 0
	Minor (reclaiming a frame) page faults: 2794
	Voluntary context switches: 15
	Involuntary context switches: 131
	Swaps: 0
	File system inputs: 15
	File system outputs: 0
	Socket messages sent: 0
	Socket messages received: 0
	Signals delivered: 0
	Page size (bytes): 4096
	Exit status: 0
### TRACE_EXIT 0
### CGROUP_MEMORY_PEAK_BYTES 12427264
### DOCKER_EXIT 0
### WALL_SECONDS 8.91
### END 2026-09-24T11:26:17-07:00
