### FILE netlists/MAIN/B_mac_s_w16__tree_pre.aig
### ARGS -mac -s -dyn -p -c -no-steps
### TIMEOUT 120
### START 2026-09-24T11:28:33-07:00
██▓▓░░░░░░░░░░░░░░░░░░░░░░░░░░░░░░░░░  Trace  ░░░░░░░░░░░░░░░░░░░░░░░░░░░░░░░░▓▓██
║ [Build]   compiled on: Apr 13 2026 at 16:17:50
║           built as: Release version
║ [Options] file: /data/netlists/MAIN/B_mac_s_w16__tree_pre.aig
║           mode: mac
║           sign: signed
║           method: dyn
║           phase optimization: enabled
║           conflict detection: enabled
║           progress steps: disabled
║
╠═ Result: Buggy
║   [34mSP: {1} -4294967296[39m
╔═ Final Report
║ Trace compiled on: Apr 13 2026 at 16:17:30 (release build)
║ 
╠═ Program modes
║ Circuit mode: mac
║ Traversal method: dyn
║ Debug mode: Y
║ 
╠═ General Information
║ Circuit path: /data/netlists/MAIN/B_mac_s_w16__tree_pre.aig
║ Maximum polynomial : 424
║ Number of iteration: 2969
║ Elapsed time: 0.772795 (in seconds)
║ Number and-gates : 2938
║ Substitution steps : 2971
║ Number of removed conflicts : 891
║ Total calculated conflicts : 45712
║ Conflict calculation time: 0.153943 (in seconds)
║ Number of negated nodes : 317
╚═ Process complete
	Command being timed: "/opt/trace/trace /data/netlists/MAIN/B_mac_s_w16__tree_pre.aig -mac -s -dyn -p -c -no-steps"
	User time (seconds): 0.53
	System time (seconds): 0.14
	Percent of CPU this job got: 68%
	Elapsed (wall clock) time (h:mm:ss or m:ss): 0m 0.98s
	Average shared text size (kbytes): 0
	Average unshared data size (kbytes): 0
	Average stack size (kbytes): 0
	Average total size (kbytes): 0
	Maximum resident set size (kbytes): 53392
	Average resident set size (kbytes): 0
	Major (requiring I/O) page faults: 0
	Minor (reclaiming a frame) page faults: 2903
	Voluntary context switches: 15
	Involuntary context switches: 458
	Swaps: 0
	File system inputs: 15
	File system outputs: 0
	Socket messages sent: 0
	Socket messages received: 0
	Signals delivered: 0
	Page size (bytes): 4096
	Exit status: 0
### TRACE_EXIT 0
### CGROUP_MEMORY_PEAK_BYTES 12980224
### DOCKER_EXIT 0
### WALL_SECONDS 2.39
### END 2026-09-24T11:28:35-07:00
