### FILE netlists/MAIN/MUT_signext_mac_s_w8__tree.aig
### ARGS -mac -s -igs -p -c -no-steps
### TIMEOUT 60
### START 2026-09-24T03:36:35-07:00
██▓▓░░░░░░░░░░░░░░░░░░░░░░░░░░░░░░░░░  Trace  ░░░░░░░░░░░░░░░░░░░░░░░░░░░░░░░░▓▓██
║ [Build]   compiled on: Apr 13 2026 at 16:17:50
║           built as: Release version
║ [Options] file: /data/netlists/MAIN/MUT_signext_mac_s_w8__tree.aig
║           mode: mac
║           sign: signed
║           method: igs
║           phase optimization: enabled
║           conflict detection: enabled
║           progress steps: disabled
║
Killed
### TRACE_EXIT 137
### CGROUP_MEMORY_PEAK_BYTES 98942976
### DOCKER_EXIT 0
### WALL_SECONDS 61.50
### END 2026-09-24T03:37:36-07:00
