### FILE netlists/PATCH/B_mac_s_w12__tree.aig
### ARGS -mac -s -ipc -p -c -no-steps
### TIMEOUT 90
### START 2026-09-24T03:44:42-07:00
██▓▓░░░░░░░░░░░░░░░░░░░░░░░░░░░░░░░░░  Trace  ░░░░░░░░░░░░░░░░░░░░░░░░░░░░░░░░▓▓██
║ [Build]   compiled on: Apr 13 2026 at 16:17:50
║           built as: Release version
║ [Options] file: /data/netlists/PATCH/B_mac_s_w12__tree.aig
║           mode: mac
║           sign: signed
║           method: ipc
║           phase optimization: enabled
║           conflict detection: enabled
║           progress steps: disabled
║
╚═ Result: Correct
╔═ Final Report
║ Trace compiled on: Apr 13 2026 at 16:17:30 (release build)
║ 
╠═ Program modes
║ Circuit mode: mac
║ Traversal method: ipc
║ Debug mode: Y
║ 
╠═ General Information
║ Circuit path: /data/netlists/PATCH/B_mac_s_w12__tree.aig
║ Maximum polynomial : 194
║ Number of iteration: 23
║ Elapsed time: 0.150681 (in seconds)
║ Number and-gates : 1622
║ Substitution steps : 25
║ Number of removed conflicts : 609
║ Total calculated conflicts : 21706
║ Conflict calculation time: 0.0353765 (in seconds)
║ Number of negated nodes : 234
╚═ Process complete
	Command being timed: "/opt/trace/trace /data/netlists/PATCH/B_mac_s_w12__tree.aig -mac -s -ipc -p -c -no-steps"
	User time (seconds): 0.13
	System time (seconds): 0.02
	Percent of CPU this job got: 75%
	Elapsed (wall clock) time (h:mm:ss or m:ss): 0m 0.20s
	Average shared text size (kbytes): 0
	Average unshared data size (kbytes): 0
	Average stack size (kbytes): 0
	Average total size (kbytes): 0
	Maximum resident set size (kbytes): 24000
	Average resident set size (kbytes): 0
	Major (requiring I/O) page faults: 0
	Minor (reclaiming a frame) page faults: 995
	Voluntary context switches: 15
	Involuntary context switches: 282
	Swaps: 0
	File system inputs: 8
	File system outputs: 0
	Socket messages sent: 0
	Socket messages received: 0
	Signals delivered: 0
	Page size (bytes): 4096
	Exit status: 0
### TRACE_EXIT 0
### CGROUP_MEMORY_PEAK_BYTES 5087232
### DOCKER_EXIT 0
### WALL_SECONDS 1.80
### END 2026-09-24T03:44:44-07:00
