### FILE netlists/MAIN/B_mac_u_w24__tree.aig
### ARGS -mac -ipc -p -c -no-steps
### TIMEOUT 240
### START 2026-09-24T12:54:26-07:00
██▓▓░░░░░░░░░░░░░░░░░░░░░░░░░░░░░░░░░  Trace  ░░░░░░░░░░░░░░░░░░░░░░░░░░░░░░░░▓▓██
║ [Build]   compiled on: Apr 13 2026 at 16:17:50
║           built as: Release version
║ [Options] file: /data/netlists/MAIN/B_mac_u_w24__tree.aig
║           mode: mac
║           sign: unsigned
║           method: ipc
║           phase optimization: enabled
║           conflict detection: enabled
║           progress steps: disabled
║
╚═ Result: Correct
╔═ Final Report
║ Trace compiled on: Apr 13 2026 at 16:17:30 (release build)
║ 
╠═ Program modes
║ Circuit mode: mac
║ Traversal method: ipc
║ Debug mode: Y
║ 
╠═ General Information
║ Circuit path: /data/netlists/MAIN/B_mac_u_w24__tree.aig
║ Maximum polynomial : 674
║ Number of iteration: 47
║ Elapsed time: 15.871 (in seconds)
║ Number and-gates : 6081
║ Substitution steps : 49
║ Number of removed conflicts : 109239
║ Total calculated conflicts : 78776
║ Conflict calculation time: 0.242471 (in seconds)
║ Number of negated nodes : 1037
╚═ Process complete
	Command being timed: "/opt/trace/trace /data/netlists/MAIN/B_mac_u_w24__tree.aig -mac -ipc -p -c -no-steps"
	User time (seconds): 8.90
	System time (seconds): 0.07
	Percent of CPU this job got: 55%
	Elapsed (wall clock) time (h:mm:ss or m:ss): 0m 16.20s
	Average shared text size (kbytes): 0
	Average unshared data size (kbytes): 0
	Average stack size (kbytes): 0
	Average total size (kbytes): 0
	Maximum resident set size (kbytes): 134656
	Average resident set size (kbytes): 0
	Major (requiring I/O) page faults: 0
	Minor (reclaiming a frame) page faults: 8464
	Voluntary context switches: 16
	Involuntary context switches: 2118
	Swaps: 0
	File system inputs: 31
	File system outputs: 0
	Socket messages sent: 0
	Socket messages received: 0
	Signals delivered: 0
	Page size (bytes): 4096
	Exit status: 0
### TRACE_EXIT 0
### CGROUP_MEMORY_PEAK_BYTES 33251328
### DOCKER_EXIT 0
### WALL_SECONDS 17.44
### END 2026-09-24T12:54:44-07:00
