### FILE netlists/PATCH/B_mac_s_w16__tree_fa.aig
### ARGS -mac -s -dyn -p -c -no-steps
### TIMEOUT 120
### START 2026-09-24T11:26:55-07:00
██▓▓░░░░░░░░░░░░░░░░░░░░░░░░░░░░░░░░░  Trace  ░░░░░░░░░░░░░░░░░░░░░░░░░░░░░░░░▓▓██
║ [Build]   compiled on: Apr 13 2026 at 16:17:50
║           built as: Release version
║ [Options] file: /data/netlists/PATCH/B_mac_s_w16__tree_fa.aig
║           mode: mac
║           sign: signed
║           method: dyn
║           phase optimization: enabled
║           conflict detection: enabled
║           progress steps: disabled
║
╚═ Result: Correct
╔═ Final Report
║ Trace compiled on: Apr 13 2026 at 16:17:30 (release build)
║ 
╠═ Program modes
║ Circuit mode: mac
║ Traversal method: dyn
║ Debug mode: Y
║ 
╠═ General Information
║ Circuit path: /data/netlists/PATCH/B_mac_s_w16__tree_fa.aig
║ Maximum polynomial : 1386
║ Number of iteration: 2919
║ Elapsed time: 5.01932 (in seconds)
║ Number and-gates : 2888
║ Substitution steps : 2921
║ Number of removed conflicts : 27930
║ Total calculated conflicts : 39156
║ Conflict calculation time: 0.107995 (in seconds)
║ Number of negated nodes : 376
╚═ Process complete
	Command being timed: "/opt/trace/trace /data/netlists/PATCH/B_mac_s_w16__tree_fa.aig -mac -s -dyn -p -c -no-steps"
	User time (seconds): 2.94
	System time (seconds): 0.34
	Percent of CPU this job got: 62%
	Elapsed (wall clock) time (h:mm:ss or m:ss): 0m 5.23s
	Average shared text size (kbytes): 0
	Average unshared data size (kbytes): 0
	Average stack size (kbytes): 0
	Average total size (kbytes): 0
	Maximum resident set size (kbytes): 59200
	Average resident set size (kbytes): 0
	Major (requiring I/O) page faults: 0
	Minor (reclaiming a frame) page faults: 3252
	Voluntary context switches: 15
	Involuntary context switches: 1186
	Swaps: 0
	File system inputs: 15
	File system outputs: 0
	Socket messages sent: 0
	Socket messages received: 0
	Signals delivered: 0
	Page size (bytes): 4096
	Exit status: 0
### TRACE_EXIT 0
### CGROUP_MEMORY_PEAK_BYTES 14929920
### DOCKER_EXIT 0
### WALL_SECONDS 6.78
### END 2026-09-24T11:27:02-07:00
