### FILE netlists/MAIN/A_mul_u_w20__norm.aig
### ARGS -mul -idx -p -c -no-steps
### TIMEOUT 180
### START 2026-09-24T13:02:39-07:00
██▓▓░░░░░░░░░░░░░░░░░░░░░░░░░░░░░░░░░  Trace  ░░░░░░░░░░░░░░░░░░░░░░░░░░░░░░░░▓▓██
║ [Build]   compiled on: Apr 13 2026 at 16:17:50
║           built as: Release version
║ [Options] file: /data/netlists/MAIN/A_mul_u_w20__norm.aig
║           mode: mul
║           sign: unsigned
║           method: idx
║           phase optimization: enabled
║           conflict detection: enabled
║           progress steps: disabled
║
Killed
### TRACE_EXIT 137
### CGROUP_MEMORY_PEAK_BYTES 407179264
### DOCKER_EXIT 0
### WALL_SECONDS 181.82
### END 2026-09-24T13:05:41-07:00
