### FILE netlists/MAIN/MUT_signext_mac_s_w16__norm.aig
### ARGS -mac -s -dyn -p -c -no-steps
### TIMEOUT 120
### START 2026-09-24T12:22:40-07:00
██▓▓░░░░░░░░░░░░░░░░░░░░░░░░░░░░░░░░░  Trace  ░░░░░░░░░░░░░░░░░░░░░░░░░░░░░░░░▓▓██
║ [Build]   compiled on: Apr 13 2026 at 16:17:50
║           built as: Release version
║ [Options] file: /data/netlists/MAIN/MUT_signext_mac_s_w16__norm.aig
║           mode: mac
║           sign: signed
║           method: dyn
║           phase optimization: enabled
║           conflict detection: enabled
║           progress steps: disabled
║
Killed
### TRACE_EXIT 137
### CGROUP_MEMORY_PEAK_BYTES 89657344
### DOCKER_EXIT 0
### WALL_SECONDS 121.71
### END 2026-09-24T12:24:42-07:00
