### FILE netlists/MAIN/A_mul_s_w8__booth_lp.aig
### ARGS -mul -s -igs -p -c -no-steps
### TIMEOUT 60
### START 2026-09-24T03:18:36-07:00
██▓▓░░░░░░░░░░░░░░░░░░░░░░░░░░░░░░░░░  Trace  ░░░░░░░░░░░░░░░░░░░░░░░░░░░░░░░░▓▓██
║ [Build]   compiled on: Apr 13 2026 at 16:17:50
║           built as: Release version
║ [Options] file: /data/netlists/MAIN/A_mul_s_w8__booth_lp.aig
║           mode: mul
║           sign: signed
║           method: igs
║           phase optimization: enabled
║           conflict detection: enabled
║           progress steps: disabled
║
Killed
### TRACE_EXIT 137
### CGROUP_MEMORY_PEAK_BYTES 348864512
### DOCKER_EXIT 0
### WALL_SECONDS 60.86
### END 2026-09-24T03:19:37-07:00
