### FILE netlists/MAIN/B_mac_s_w12__tree.aig
### ARGS -mac -s -igs -p -c -no-steps
### TIMEOUT 90
### START 2026-09-24T03:45:08-07:00
██▓▓░░░░░░░░░░░░░░░░░░░░░░░░░░░░░░░░░  Trace  ░░░░░░░░░░░░░░░░░░░░░░░░░░░░░░░░▓▓██
║ [Build]   compiled on: Apr 13 2026 at 16:17:50
║           built as: Release version
║ [Options] file: /data/netlists/MAIN/B_mac_s_w12__tree.aig
║           mode: mac
║           sign: signed
║           method: igs
║           phase optimization: enabled
║           conflict detection: enabled
║           progress steps: disabled
║
╠═ Result: Buggy
║   [34mSP: {1} 16777216[39m
╔═ Final Report
║ Trace compiled on: Apr 13 2026 at 16:17:30 (release build)
║ 
╠═ Program modes
║ Circuit mode: mac
║ Traversal method: igs
║ Debug mode: Y
║ 
╠═ General Information
║ Circuit path: /data/netlists/MAIN/B_mac_s_w12__tree.aig
║ Maximum polynomial : 194
║ Number of iteration: 23
║ Elapsed time: 61.2073 (in seconds)
║ Number and-gates : 1632
║ Substitution steps : 25
║ Number of removed conflicts : 532912
║ Total calculated conflicts : 22178
║ Conflict calculation time: 0.0808764 (in seconds)
║ Number of negated nodes : 275
╚═ Process complete
	Command being timed: "/opt/trace/trace /data/netlists/MAIN/B_mac_s_w12__tree.aig -mac -s -igs -p -c -no-steps"
	User time (seconds): 50.29
	System time (seconds): 2.54
	Percent of CPU this job got: 86%
	Elapsed (wall clock) time (h:mm:ss or m:ss): 1m 1.34s
	Average shared text size (kbytes): 0
	Average unshared data size (kbytes): 0
	Average stack size (kbytes): 0
	Average total size (kbytes): 0
	Maximum resident set size (kbytes): 667792
	Average resident set size (kbytes): 0
	Major (requiring I/O) page faults: 0
	Minor (reclaiming a frame) page faults: 43529
	Voluntary context switches: 15
	Involuntary context switches: 19479
	Swaps: 0
	File system inputs: 9
	File system outputs: 0
	Socket messages sent: 0
	Socket messages received: 0
	Signals delivered: 0
	Page size (bytes): 4096
	Exit status: 0
### TRACE_EXIT 0
### CGROUP_MEMORY_PEAK_BYTES 170057728
### DOCKER_EXIT 0
### WALL_SECONDS 62.64
### END 2026-09-24T03:46:11-07:00
