### FILE netlists/MAIN/MUT_plus1_dot2_u_w16__tree.aig
### ARGS -dot=2 -idx -p -c -no-steps
### TIMEOUT 120
### START 2026-09-24T12:24:39-07:00
██▓▓░░░░░░░░░░░░░░░░░░░░░░░░░░░░░░░░░  Trace  ░░░░░░░░░░░░░░░░░░░░░░░░░░░░░░░░▓▓██
║ [Build]   compiled on: Apr 13 2026 at 16:17:50
║           built as: Release version
║ [Options] file: /data/netlists/MAIN/MUT_plus1_dot2_u_w16__tree.aig
║           mode: dot=2
║           sign: unsigned
║           method: idx
║           phase optimization: enabled
║           conflict detection: enabled
║           progress steps: disabled
║
Killed
### TRACE_EXIT 137
### CGROUP_MEMORY_PEAK_BYTES 118214656
### DOCKER_EXIT 0
### WALL_SECONDS 121.33
### END 2026-09-24T12:26:40-07:00
