### FILE netlists/MAIN/B_dot2_u_w24__norm.aig
### ARGS -dot=2 -dyn -p -c -no-steps
### TIMEOUT 240
### START 2026-09-24T12:35:09-07:00
██▓▓░░░░░░░░░░░░░░░░░░░░░░░░░░░░░░░░░  Trace  ░░░░░░░░░░░░░░░░░░░░░░░░░░░░░░░░▓▓██
║ [Build]   compiled on: Apr 13 2026 at 16:17:50
║           built as: Release version
║ [Options] file: /data/netlists/MAIN/B_dot2_u_w24__norm.aig
║           mode: dot=2
║           sign: unsigned
║           method: dyn
║           phase optimization: enabled
║           conflict detection: enabled
║           progress steps: disabled
║
Killed
### TRACE_EXIT 137
### CGROUP_MEMORY_PEAK_BYTES 125374464
### DOCKER_EXIT 0
### WALL_SECONDS 242.07
### END 2026-09-24T12:39:12-07:00
