### FILE netlists/MAIN/A_mul_s_w8__booth.aig
### ARGS -mul -s -dyn -p -c -no-steps
### TIMEOUT 60
### START 2026-09-24T03:15:32-07:00
██▓▓░░░░░░░░░░░░░░░░░░░░░░░░░░░░░░░░░  Trace  ░░░░░░░░░░░░░░░░░░░░░░░░░░░░░░░░▓▓██
║ [Build]   compiled on: Apr 13 2026 at 16:17:50
║           built as: Release version
║ [Options] file: /data/netlists/MAIN/A_mul_s_w8__booth.aig
║           mode: mul
║           sign: signed
║           method: dyn
║           phase optimization: enabled
║           conflict detection: enabled
║           progress steps: disabled
║
╚═ Result: Correct
╔═ Final Report
║ Trace compiled on: Apr 13 2026 at 16:17:30 (release build)
║ 
╠═ Program modes
║ Circuit mode: mul
║ Traversal method: dyn
║ Debug mode: Y
║ 
╠═ General Information
║ Circuit path: /data/netlists/MAIN/A_mul_s_w8__booth.aig
║ Maximum polynomial : 186
║ Number of iteration: 544
║ Elapsed time: 0.0629783 (in seconds)
║ Number and-gates : 530
║ Substitution steps : 546
║ Number of removed conflicts : 244
║ Total calculated conflicts : 7964
║ Conflict calculation time: 0.0210827 (in seconds)
║ Number of negated nodes : 76
╚═ Process complete
	Command being timed: "/opt/trace/trace /data/netlists/MAIN/A_mul_s_w8__booth.aig -mul -s -dyn -p -c -no-steps"
	User time (seconds): 0.07
	System time (seconds): 0.00
	Percent of CPU this job got: 84%
	Elapsed (wall clock) time (h:mm:ss or m:ss): 0m 0.09s
	Average shared text size (kbytes): 0
	Average unshared data size (kbytes): 0
	Average stack size (kbytes): 0
	Average total size (kbytes): 0
	Maximum resident set size (kbytes): 18368
	Average resident set size (kbytes): 0
	Major (requiring I/O) page faults: 0
	Minor (reclaiming a frame) page faults: 568
	Voluntary context switches: 11
	Involuntary context switches: 37
	Swaps: 0
	File system inputs: 3
	File system outputs: 0
	Socket messages sent: 0
	Socket messages received: 0
	Signals delivered: 0
	Page size (bytes): 4096
	Exit status: 0
### TRACE_EXIT 0
### CGROUP_MEMORY_PEAK_BYTES 5402624
### DOCKER_EXIT 0
### WALL_SECONDS 0.99
### END 2026-09-24T03:15:33-07:00
