### FILE netlists/MAIN/MUT_trunc_mul_u_w16__norm.aig
### ARGS -mul -idx -p -c -no-steps
### TIMEOUT 120
### START 2026-09-24T12:36:12-07:00
██▓▓░░░░░░░░░░░░░░░░░░░░░░░░░░░░░░░░░  Trace  ░░░░░░░░░░░░░░░░░░░░░░░░░░░░░░░░▓▓██
║ [Build]   compiled on: Apr 13 2026 at 16:17:50
║           built as: Release version
║ [Options] file: /data/netlists/MAIN/MUT_trunc_mul_u_w16__norm.aig
║           mode: mul
║           sign: unsigned
║           method: idx
║           phase optimization: enabled
║           conflict detection: enabled
║           progress steps: disabled
║
Killed
### TRACE_EXIT 137
### CGROUP_MEMORY_PEAK_BYTES 196882432
### DOCKER_EXIT 0
### WALL_SECONDS 121.75
### END 2026-09-24T12:38:14-07:00
