### FILE netlists/PATCH/B_mac_s_w32__tree.aig
### ARGS -mac -s -dyn -p -c -no-steps
### TIMEOUT 300
### START 2026-09-24T11:45:51-07:00
██▓▓░░░░░░░░░░░░░░░░░░░░░░░░░░░░░░░░░  Trace  ░░░░░░░░░░░░░░░░░░░░░░░░░░░░░░░░▓▓██
║ [Build]   compiled on: Apr 13 2026 at 16:17:50
║           built as: Release version
║ [Options] file: /data/netlists/PATCH/B_mac_s_w32__tree.aig
║           mode: mac
║           sign: signed
║           method: dyn
║           phase optimization: enabled
║           conflict detection: enabled
║           progress steps: disabled
║
╚═ Result: Correct
╔═ Final Report
║ Trace compiled on: Apr 13 2026 at 16:17:30 (release build)
║ 
╠═ Program modes
║ Circuit mode: mac
║ Traversal method: dyn
║ Debug mode: Y
║ 
╠═ General Information
║ Circuit path: /data/netlists/PATCH/B_mac_s_w32__tree.aig
║ Maximum polynomial : 11332
║ Number of iteration: 11055
║ Elapsed time: 62.9351 (in seconds)
║ Number and-gates : 10992
║ Substitution steps : 11057
║ Number of removed conflicts : 173112
║ Total calculated conflicts : 143982
║ Conflict calculation time: 0.446797 (in seconds)
║ Number of negated nodes : 1264
╚═ Process complete
	Command being timed: "/opt/trace/trace /data/netlists/PATCH/B_mac_s_w32__tree.aig -mac -s -dyn -p -c -no-steps"
	User time (seconds): 39.99
	System time (seconds): 1.26
	Percent of CPU this job got: 64%
	Elapsed (wall clock) time (h:mm:ss or m:ss): 1m 3.72s
	Average shared text size (kbytes): 0
	Average unshared data size (kbytes): 0
	Average stack size (kbytes): 0
	Average total size (kbytes): 0
	Maximum resident set size (kbytes): 247264
	Average resident set size (kbytes): 0
	Major (requiring I/O) page faults: 0
	Minor (reclaiming a frame) page faults: 31018
	Voluntary context switches: 18
	Involuntary context switches: 14496
	Swaps: 0
	File system inputs: 56
	File system outputs: 0
	Socket messages sent: 0
	Socket messages received: 0
	Signals delivered: 0
	Page size (bytes): 4096
	Exit status: 0
### TRACE_EXIT 0
### CGROUP_MEMORY_PEAK_BYTES 62357504
### DOCKER_EXIT 0
### WALL_SECONDS 65.31
### END 2026-09-24T11:46:57-07:00
