### FILE netlists/MAIN/A_mul_s_w32__booth_pre.aig
### ARGS -mul -s -dyn -p -c -no-steps
### TIMEOUT 300
### START 2026-09-24T11:35:03-07:00
██▓▓░░░░░░░░░░░░░░░░░░░░░░░░░░░░░░░░░  Trace  ░░░░░░░░░░░░░░░░░░░░░░░░░░░░░░░░▓▓██
║ [Build]   compiled on: Apr 13 2026 at 16:17:50
║           built as: Release version
║ [Options] file: /data/netlists/MAIN/A_mul_s_w32__booth_pre.aig
║           mode: mul
║           sign: signed
║           method: dyn
║           phase optimization: enabled
║           conflict detection: enabled
║           progress steps: disabled
║
╚═ Result: Correct
╔═ Final Report
║ Trace compiled on: Apr 13 2026 at 16:17:30 (release build)
║ 
╠═ Program modes
║ Circuit mode: mul
║ Traversal method: dyn
║ Debug mode: Y
║ 
╠═ General Information
║ Circuit path: /data/netlists/MAIN/A_mul_s_w32__booth_pre.aig
║ Maximum polynomial : 2983
║ Number of iteration: 8672
║ Elapsed time: 23.3628 (in seconds)
║ Number and-gates : 8610
║ Substitution steps : 8674
║ Number of removed conflicts : 6466
║ Total calculated conflicts : 200572
║ Conflict calculation time: 0.880562 (in seconds)
║ Number of negated nodes : 618
╚═ Process complete
	Command being timed: "/opt/trace/trace /data/netlists/MAIN/A_mul_s_w32__booth_pre.aig -mul -s -dyn -p -c -no-steps"
	User time (seconds): 14.17
	System time (seconds): 0.93
	Percent of CPU this job got: 61%
	Elapsed (wall clock) time (h:mm:ss or m:ss): 0m 24.48s
	Average shared text size (kbytes): 0
	Average unshared data size (kbytes): 0
	Average stack size (kbytes): 0
	Average total size (kbytes): 0
	Maximum resident set size (kbytes): 160976
	Average resident set size (kbytes): 0
	Major (requiring I/O) page faults: 0
	Minor (reclaiming a frame) page faults: 10454
	Voluntary context switches: 15
	Involuntary context switches: 4371
	Swaps: 0
	File system inputs: 45
	File system outputs: 0
	Socket messages sent: 0
	Socket messages received: 0
	Signals delivered: 0
	Page size (bytes): 4096
	Exit status: 0
### TRACE_EXIT 0
### CGROUP_MEMORY_PEAK_BYTES 41693184
### DOCKER_EXIT 0
### WALL_SECONDS 26.33
### END 2026-09-24T11:35:30-07:00
