### FILE netlists/MAIN/B_mac_u_w8__tree_pre.aig
### ARGS -mac -dyn -p -c -no-steps
### TIMEOUT 60
### START 2026-09-24T03:26:55-07:00
██▓▓░░░░░░░░░░░░░░░░░░░░░░░░░░░░░░░░░  Trace  ░░░░░░░░░░░░░░░░░░░░░░░░░░░░░░░░▓▓██
║ [Build]   compiled on: Apr 13 2026 at 16:17:50
║           built as: Release version
║ [Options] file: /data/netlists/MAIN/B_mac_u_w8__tree_pre.aig
║           mode: mac
║           sign: unsigned
║           method: dyn
║           phase optimization: enabled
║           conflict detection: enabled
║           progress steps: disabled
║
╚═ Result: Correct
╔═ Final Report
║ Trace compiled on: Apr 13 2026 at 16:17:30 (release build)
║ 
╠═ Program modes
║ Circuit mode: mac
║ Traversal method: dyn
║ Debug mode: Y
║ 
╠═ General Information
║ Circuit path: /data/netlists/MAIN/B_mac_u_w8__tree_pre.aig
║ Maximum polynomial : 144
║ Number of iteration: 744
║ Elapsed time: 0.116435 (in seconds)
║ Number and-gates : 729
║ Substitution steps : 746
║ Number of removed conflicts : 219
║ Total calculated conflicts : 11304
║ Conflict calculation time: 0.00941765 (in seconds)
║ Number of negated nodes : 104
╚═ Process complete
	Command being timed: "/opt/trace/trace /data/netlists/MAIN/B_mac_u_w8__tree_pre.aig -mac -dyn -p -c -no-steps"
	User time (seconds): 0.06
	System time (seconds): 0.03
	Percent of CPU this job got: 69%
	Elapsed (wall clock) time (h:mm:ss or m:ss): 0m 0.14s
	Average shared text size (kbytes): 0
	Average unshared data size (kbytes): 0
	Average stack size (kbytes): 0
	Average total size (kbytes): 0
	Maximum resident set size (kbytes): 20928
	Average resident set size (kbytes): 0
	Major (requiring I/O) page faults: 0
	Minor (reclaiming a frame) page faults: 750
	Voluntary context switches: 15
	Involuntary context switches: 21
	Swaps: 0
	File system inputs: 4
	File system outputs: 0
	Socket messages sent: 0
	Socket messages received: 0
	Signals delivered: 0
	Page size (bytes): 4096
	Exit status: 0
### TRACE_EXIT 0
### CGROUP_MEMORY_PEAK_BYTES 4997120
### DOCKER_EXIT 0
### WALL_SECONDS 1.20
### END 2026-09-24T03:26:56-07:00
