### FILE netlists/MAIN/MUT_accum_mac_u_w16__norm.aig
### ARGS -mac -ips -p -c -no-steps
### TIMEOUT 120
### START 2026-09-24T12:18:32-07:00
██▓▓░░░░░░░░░░░░░░░░░░░░░░░░░░░░░░░░░  Trace  ░░░░░░░░░░░░░░░░░░░░░░░░░░░░░░░░▓▓██
║ [Build]   compiled on: Apr 13 2026 at 16:17:50
║           built as: Release version
║ [Options] file: /data/netlists/MAIN/MUT_accum_mac_u_w16__norm.aig
║           mode: mac
║           sign: unsigned
║           method: ips
║           phase optimization: enabled
║           conflict detection: enabled
║           progress steps: disabled
║
Killed
### TRACE_EXIT 137
### CGROUP_MEMORY_PEAK_BYTES 193265664
### DOCKER_EXIT 0
### WALL_SECONDS 122.62
### END 2026-09-24T12:20:35-07:00
