### FILE netlists/MAIN/A_mul_s_w24__norm.aig
### ARGS -mul -s -dyn -p -c -no-steps
### TIMEOUT 240
### START 2026-09-24T12:34:52-07:00
██▓▓░░░░░░░░░░░░░░░░░░░░░░░░░░░░░░░░░  Trace  ░░░░░░░░░░░░░░░░░░░░░░░░░░░░░░░░▓▓██
║ [Build]   compiled on: Apr 13 2026 at 16:17:50
║           built as: Release version
║ [Options] file: /data/netlists/MAIN/A_mul_s_w24__norm.aig
║           mode: mul
║           sign: signed
║           method: dyn
║           phase optimization: enabled
║           conflict detection: enabled
║           progress steps: disabled
║
╚═ Result: Correct
╔═ Final Report
║ Trace compiled on: Apr 13 2026 at 16:17:30 (release build)
║ 
╠═ Program modes
║ Circuit mode: mul
║ Traversal method: dyn
║ Debug mode: Y
║ 
╠═ General Information
║ Circuit path: /data/netlists/MAIN/A_mul_s_w24__norm.aig
║ Maximum polynomial : 6295
║ Number of iteration: 6764
║ Elapsed time: 15.6265 (in seconds)
║ Number and-gates : 6718
║ Substitution steps : 6766
║ Number of removed conflicts : 20884
║ Total calculated conflicts : 103340
║ Conflict calculation time: 0.30689 (in seconds)
║ Number of negated nodes : 763
╚═ Process complete
	Command being timed: "/opt/trace/trace /data/netlists/MAIN/A_mul_s_w24__norm.aig -mul -s -dyn -p -c -no-steps"
	User time (seconds): 10.72
	System time (seconds): 0.36
	Percent of CPU this job got: 69%
	Elapsed (wall clock) time (h:mm:ss or m:ss): 0m 16.03s
	Average shared text size (kbytes): 0
	Average unshared data size (kbytes): 0
	Average stack size (kbytes): 0
	Average total size (kbytes): 0
	Maximum resident set size (kbytes): 130448
	Average resident set size (kbytes): 0
	Major (requiring I/O) page faults: 0
	Minor (reclaiming a frame) page faults: 9084
	Voluntary context switches: 16
	Involuntary context switches: 2006
	Swaps: 0
	File system inputs: 33
	File system outputs: 0
	Socket messages sent: 0
	Socket messages received: 0
	Signals delivered: 0
	Page size (bytes): 4096
	Exit status: 0
### TRACE_EXIT 0
### CGROUP_MEMORY_PEAK_BYTES 32337920
### DOCKER_EXIT 0
### WALL_SECONDS 17.31
### END 2026-09-24T12:35:09-07:00
