### FILE netlists/MAIN/B_dot2_u_w8__tree.aig
### ARGS -dot=2 -dyn -p -c -no-steps
### TIMEOUT 60
### START 2026-09-24T03:22:44-07:00
██▓▓░░░░░░░░░░░░░░░░░░░░░░░░░░░░░░░░░  Trace  ░░░░░░░░░░░░░░░░░░░░░░░░░░░░░░░░▓▓██
║ [Build]   compiled on: Apr 13 2026 at 16:17:50
║           built as: Release version
║ [Options] file: /data/netlists/MAIN/B_dot2_u_w8__tree.aig
║           mode: dot=2
║           sign: unsigned
║           method: dyn
║           phase optimization: enabled
║           conflict detection: enabled
║           progress steps: disabled
║
Killed
### TRACE_EXIT 137
### CGROUP_MEMORY_PEAK_BYTES 84398080
### DOCKER_EXIT 0
### WALL_SECONDS 60.88
### END 2026-09-24T03:23:45-07:00
