### FILE netlists/MAIN/B_mac_s_w8__tree_ripple.aig
### ARGS -mac -s -igs -p -c -no-steps
### TIMEOUT 60
### START 2026-09-24T03:28:51-07:00
██▓▓░░░░░░░░░░░░░░░░░░░░░░░░░░░░░░░░░  Trace  ░░░░░░░░░░░░░░░░░░░░░░░░░░░░░░░░▓▓██
║ [Build]   compiled on: Apr 13 2026 at 16:17:50
║           built as: Release version
║ [Options] file: /data/netlists/MAIN/B_mac_s_w8__tree_ripple.aig
║           mode: mac
║           sign: signed
║           method: igs
║           phase optimization: enabled
║           conflict detection: enabled
║           progress steps: disabled
║
╠═ Result: Buggy
║   [34mSP: {1} 65536[39m
╔═ Final Report
║ Trace compiled on: Apr 13 2026 at 16:17:30 (release build)
║ 
╠═ Program modes
║ Circuit mode: mac
║ Traversal method: igs
║ Debug mode: Y
║ 
╠═ General Information
║ Circuit path: /data/netlists/MAIN/B_mac_s_w8__tree_ripple.aig
║ Maximum polynomial : 98
║ Number of iteration: 15
║ Elapsed time: 3.76639 (in seconds)
║ Number and-gates : 760
║ Substitution steps : 17
║ Number of removed conflicts : 96190
║ Total calculated conflicts : 11204
║ Conflict calculation time: 0.0207543 (in seconds)
║ Number of negated nodes : 159
╚═ Process complete
	Command being timed: "/opt/trace/trace /data/netlists/MAIN/B_mac_s_w8__tree_ripple.aig -mac -s -igs -p -c -no-steps"
	User time (seconds): 3.43
	System time (seconds): 0.13
	Percent of CPU this job got: 94%
	Elapsed (wall clock) time (h:mm:ss or m:ss): 0m 3.80s
	Average shared text size (kbytes): 0
	Average unshared data size (kbytes): 0
	Average stack size (kbytes): 0
	Average total size (kbytes): 0
	Maximum resident set size (kbytes): 153168
	Average resident set size (kbytes): 0
	Major (requiring I/O) page faults: 0
	Minor (reclaiming a frame) page faults: 9701
	Voluntary context switches: 15
	Involuntary context switches: 2293
	Swaps: 0
	File system inputs: 4
	File system outputs: 0
	Socket messages sent: 0
	Socket messages received: 0
	Signals delivered: 0
	Page size (bytes): 4096
	Exit status: 0
### TRACE_EXIT 0
### CGROUP_MEMORY_PEAK_BYTES 38178816
### DOCKER_EXIT 0
### WALL_SECONDS 5.10
### END 2026-09-24T03:28:56-07:00
