### FILE netlists/MAIN/A_mul_s_w8__booth_lp.aig
### ARGS -mul -s -igsm -p -c -no-steps
### TIMEOUT 60
### START 2026-09-24T03:20:38-07:00
██▓▓░░░░░░░░░░░░░░░░░░░░░░░░░░░░░░░░░  Trace  ░░░░░░░░░░░░░░░░░░░░░░░░░░░░░░░░▓▓██
║ [Build]   compiled on: Apr 13 2026 at 16:17:50
║           built as: Release version
║ [Options] file: /data/netlists/MAIN/A_mul_s_w8__booth_lp.aig
║           mode: mul
║           sign: signed
║           method: igsm
║           phase optimization: enabled
║           conflict detection: enabled
║           progress steps: disabled
║
Killed
### TRACE_EXIT 137
### CGROUP_MEMORY_PEAK_BYTES 124772352
### DOCKER_EXIT 0
### WALL_SECONDS 61.14
### END 2026-09-24T03:21:39-07:00
