### FILE netlists/MAIN/MUT_trunc_mul_u_w32__booth.aig
### ARGS -mul -dyn -p -c -no-steps
### TIMEOUT 300
### START 2026-09-24T13:14:56-07:00
██▓▓░░░░░░░░░░░░░░░░░░░░░░░░░░░░░░░░░  Trace  ░░░░░░░░░░░░░░░░░░░░░░░░░░░░░░░░▓▓██
║ [Build]   compiled on: Apr 13 2026 at 16:17:50
║           built as: Release version
║ [Options] file: /data/netlists/MAIN/MUT_trunc_mul_u_w32__booth.aig
║           mode: mul
║           sign: unsigned
║           method: dyn
║           phase optimization: enabled
║           conflict detection: enabled
║           progress steps: disabled
║
Killed
### TRACE_EXIT 137
### CGROUP_MEMORY_PEAK_BYTES 200941568
### DOCKER_EXIT 0
### WALL_SECONDS 301.88
### END 2026-09-24T13:19:58-07:00
