### FILE netlists/MAIN/MUT_signext_mac_s_w16__norm.aig
### ARGS -mac -s -ips -p -c -no-steps
### TIMEOUT 120
### START 2026-09-24T12:30:48-07:00
██▓▓░░░░░░░░░░░░░░░░░░░░░░░░░░░░░░░░░  Trace  ░░░░░░░░░░░░░░░░░░░░░░░░░░░░░░░░▓▓██
║ [Build]   compiled on: Apr 13 2026 at 16:17:50
║           built as: Release version
║ [Options] file: /data/netlists/MAIN/MUT_signext_mac_s_w16__norm.aig
║           mode: mac
║           sign: signed
║           method: ips
║           phase optimization: enabled
║           conflict detection: enabled
║           progress steps: disabled
║
Killed
### TRACE_EXIT 137
### CGROUP_MEMORY_PEAK_BYTES 175333376
### DOCKER_EXIT 0
### WALL_SECONDS 121.68
### END 2026-09-24T12:32:50-07:00
