### FILE netlists/PATCH/B_mac_s_w8__tree_pre.aig
### ARGS -mac -s -idx -p -c -no-steps
### TIMEOUT 60
### START 2026-09-24T03:27:08-07:00
██▓▓░░░░░░░░░░░░░░░░░░░░░░░░░░░░░░░░░  Trace  ░░░░░░░░░░░░░░░░░░░░░░░░░░░░░░░░▓▓██
║ [Build]   compiled on: Apr 13 2026 at 16:17:50
║           built as: Release version
║ [Options] file: /data/netlists/PATCH/B_mac_s_w8__tree_pre.aig
║           mode: mac
║           sign: signed
║           method: idx
║           phase optimization: enabled
║           conflict detection: enabled
║           progress steps: disabled
║
Killed
### TRACE_EXIT 137
### CGROUP_MEMORY_PEAK_BYTES 252776448
### DOCKER_EXIT 0
### WALL_SECONDS 61.10
### END 2026-09-24T03:28:10-07:00
