### FILE netlists/MAIN/MUT_signext_mac_s_w32__norm.aig
### ARGS -mac -s -idx -p -c -no-steps
### TIMEOUT 300
### START 2026-09-24T13:16:44-07:00
██▓▓░░░░░░░░░░░░░░░░░░░░░░░░░░░░░░░░░  Trace  ░░░░░░░░░░░░░░░░░░░░░░░░░░░░░░░░▓▓██
║ [Build]   compiled on: Apr 13 2026 at 16:17:50
║           built as: Release version
║ [Options] file: /data/netlists/MAIN/MUT_signext_mac_s_w32__norm.aig
║           mode: mac
║           sign: signed
║           method: idx
║           phase optimization: enabled
║           conflict detection: enabled
║           progress steps: disabled
║
Killed
### TRACE_EXIT 137
### CGROUP_MEMORY_PEAK_BYTES 660692992
### DOCKER_EXIT 0
### WALL_SECONDS 301.14
### END 2026-09-24T13:21:46-07:00
