### FILE netlists/MAIN/B_mac_s_w16__tree_fa.aig
### ARGS -mac -s -idx -p -c -no-steps
### TIMEOUT 120
### START 2026-09-24T11:28:13-07:00
██▓▓░░░░░░░░░░░░░░░░░░░░░░░░░░░░░░░░░  Trace  ░░░░░░░░░░░░░░░░░░░░░░░░░░░░░░░░▓▓██
║ [Build]   compiled on: Apr 13 2026 at 16:17:50
║           built as: Release version
║ [Options] file: /data/netlists/MAIN/B_mac_s_w16__tree_fa.aig
║           mode: mac
║           sign: signed
║           method: idx
║           phase optimization: enabled
║           conflict detection: enabled
║           progress steps: disabled
║
╠═ Result: Buggy
║   [34mSP: {1} 4294967296[39m
╔═ Final Report
║ Trace compiled on: Apr 13 2026 at 16:17:30 (release build)
║ 
╠═ Program modes
║ Circuit mode: mac
║ Traversal method: idx
║ Debug mode: Y
║ 
╠═ General Information
║ Circuit path: /data/netlists/MAIN/B_mac_s_w16__tree_fa.aig
║ Maximum polynomial : 322
║ Number of iteration: 31
║ Elapsed time: 0.457898 (in seconds)
║ Number and-gates : 2888
║ Substitution steps : 33
║ Number of removed conflicts : 1462
║ Total calculated conflicts : 39146
║ Conflict calculation time: 0.0238789 (in seconds)
║ Number of negated nodes : 353
╚═ Process complete
	Command being timed: "/opt/trace/trace /data/netlists/MAIN/B_mac_s_w16__tree_fa.aig -mac -s -idx -p -c -no-steps"
	User time (seconds): 0.44
	System time (seconds): 0.02
	Percent of CPU this job got: 91%
	Elapsed (wall clock) time (h:mm:ss or m:ss): 0m 0.51s
	Average shared text size (kbytes): 0
	Average unshared data size (kbytes): 0
	Average stack size (kbytes): 0
	Average total size (kbytes): 0
	Maximum resident set size (kbytes): 40752
	Average resident set size (kbytes): 0
	Major (requiring I/O) page faults: 0
	Minor (reclaiming a frame) page faults: 2085
	Voluntary context switches: 15
	Involuntary context switches: 112
	Swaps: 0
	File system inputs: 15
	File system outputs: 0
	Socket messages sent: 0
	Socket messages received: 0
	Signals delivered: 0
	Page size (bytes): 4096
	Exit status: 0
### TRACE_EXIT 0
### CGROUP_MEMORY_PEAK_BYTES 9486336
### DOCKER_EXIT 0
### WALL_SECONDS 1.90
### END 2026-09-24T11:28:15-07:00
