### FILE netlists/MAIN/A_mul_u_w20__norm.aig
### ARGS -mul -ips -p -c -no-steps
### TIMEOUT 180
### START 2026-09-24T13:11:45-07:00
██▓▓░░░░░░░░░░░░░░░░░░░░░░░░░░░░░░░░░  Trace  ░░░░░░░░░░░░░░░░░░░░░░░░░░░░░░░░▓▓██
║ [Build]   compiled on: Apr 13 2026 at 16:17:50
║           built as: Release version
║ [Options] file: /data/netlists/MAIN/A_mul_u_w20__norm.aig
║           mode: mul
║           sign: unsigned
║           method: ips
║           phase optimization: enabled
║           conflict detection: enabled
║           progress steps: disabled
║
Killed
### TRACE_EXIT 137
### CGROUP_MEMORY_PEAK_BYTES 459071488
### DOCKER_EXIT 0
### WALL_SECONDS 181.45
### END 2026-09-24T13:14:47-07:00
