### FILE netlists/MAIN/B_mac_u_w12__norm.aig
### ARGS -mac -dyn -p -c -no-steps
### TIMEOUT 90
### START 2026-09-24T03:40:04-07:00
██▓▓░░░░░░░░░░░░░░░░░░░░░░░░░░░░░░░░░  Trace  ░░░░░░░░░░░░░░░░░░░░░░░░░░░░░░░░▓▓██
║ [Build]   compiled on: Apr 13 2026 at 16:17:50
║           built as: Release version
║ [Options] file: /data/netlists/MAIN/B_mac_u_w12__norm.aig
║           mode: mac
║           sign: unsigned
║           method: dyn
║           phase optimization: enabled
║           conflict detection: enabled
║           progress steps: disabled
║
Killed
### TRACE_EXIT 137
### CGROUP_MEMORY_PEAK_BYTES 60641280
### DOCKER_EXIT 0
### WALL_SECONDS 91.78
### END 2026-09-24T03:41:36-07:00
