### FILE netlists/MAIN/B_mac_s_w32__tree.aig
### ARGS -mac -s -igs -p -c -no-steps
### TIMEOUT 300
### START 2026-09-24T12:08:20-07:00
██▓▓░░░░░░░░░░░░░░░░░░░░░░░░░░░░░░░░░  Trace  ░░░░░░░░░░░░░░░░░░░░░░░░░░░░░░░░▓▓██
║ [Build]   compiled on: Apr 13 2026 at 16:17:50
║           built as: Release version
║ [Options] file: /data/netlists/MAIN/B_mac_s_w32__tree.aig
║           mode: mac
║           sign: signed
║           method: igs
║           phase optimization: enabled
║           conflict detection: enabled
║           progress steps: disabled
║
Killed
### TRACE_EXIT 137
### CGROUP_MEMORY_PEAK_BYTES 709324800
### DOCKER_EXIT 0
### WALL_SECONDS 302.46
### END 2026-09-24T12:13:23-07:00
