### FILE netlists/MAIN/B_mac_u_w16__tree_ripple.aig
### ARGS -mac -idx -p -c -no-steps
### TIMEOUT 120
### START 2026-09-24T11:28:24-07:00
██▓▓░░░░░░░░░░░░░░░░░░░░░░░░░░░░░░░░░  Trace  ░░░░░░░░░░░░░░░░░░░░░░░░░░░░░░░░▓▓██
║ [Build]   compiled on: Apr 13 2026 at 16:17:50
║           built as: Release version
║ [Options] file: /data/netlists/MAIN/B_mac_u_w16__tree_ripple.aig
║           mode: mac
║           sign: unsigned
║           method: idx
║           phase optimization: enabled
║           conflict detection: enabled
║           progress steps: disabled
║
╚═ Result: Correct
╔═ Final Report
║ Trace compiled on: Apr 13 2026 at 16:17:30 (release build)
║ 
╠═ Program modes
║ Circuit mode: mac
║ Traversal method: idx
║ Debug mode: Y
║ 
╠═ General Information
║ Circuit path: /data/netlists/MAIN/B_mac_u_w16__tree_ripple.aig
║ Maximum polynomial : 322
║ Number of iteration: 31
║ Elapsed time: 7.07751 (in seconds)
║ Number and-gates : 2722
║ Substitution steps : 33
║ Number of removed conflicts : 61566
║ Total calculated conflicts : 35614
║ Conflict calculation time: 0.167165 (in seconds)
║ Number of negated nodes : 466
╚═ Process complete
	Command being timed: "/opt/trace/trace /data/netlists/MAIN/B_mac_u_w16__tree_ripple.aig -mac -idx -p -c -no-steps"
	User time (seconds): 4.66
	System time (seconds): 0.51
	Percent of CPU this job got: 71%
	Elapsed (wall clock) time (h:mm:ss or m:ss): 0m 7.28s
	Average shared text size (kbytes): 0
	Average unshared data size (kbytes): 0
	Average stack size (kbytes): 0
	Average total size (kbytes): 0
	Maximum resident set size (kbytes): 67120
	Average resident set size (kbytes): 0
	Major (requiring I/O) page faults: 0
	Minor (reclaiming a frame) page faults: 5107
	Voluntary context switches: 15
	Involuntary context switches: 3778
	Swaps: 0
	File system inputs: 14
	File system outputs: 0
	Socket messages sent: 0
	Socket messages received: 0
	Signals delivered: 0
	Page size (bytes): 4096
	Exit status: 0
### TRACE_EXIT 0
### CGROUP_MEMORY_PEAK_BYTES 15994880
### DOCKER_EXIT 0
### WALL_SECONDS 9.07
### END 2026-09-24T11:28:33-07:00
