### FILE netlists/PATCH/B_mac_s_w24__tree.aig
### ARGS -mac -s -ipc -p -c -no-steps
### TIMEOUT 240
### START 2026-09-24T13:02:49-07:00
██▓▓░░░░░░░░░░░░░░░░░░░░░░░░░░░░░░░░░  Trace  ░░░░░░░░░░░░░░░░░░░░░░░░░░░░░░░░▓▓██
║ [Build]   compiled on: Apr 13 2026 at 16:17:50
║           built as: Release version
║ [Options] file: /data/netlists/PATCH/B_mac_s_w24__tree.aig
║           mode: mac
║           sign: signed
║           method: ipc
║           phase optimization: enabled
║           conflict detection: enabled
║           progress steps: disabled
║
╚═ Result: Correct
╔═ Final Report
║ Trace compiled on: Apr 13 2026 at 16:17:30 (release build)
║ 
╠═ Program modes
║ Circuit mode: mac
║ Traversal method: ipc
║ Debug mode: Y
║ 
╠═ General Information
║ Circuit path: /data/netlists/PATCH/B_mac_s_w24__tree.aig
║ Maximum polynomial : 674
║ Number of iteration: 47
║ Elapsed time: 2.44779 (in seconds)
║ Number and-gates : 6221
║ Substitution steps : 49
║ Number of removed conflicts : 2616
║ Total calculated conflicts : 79932
║ Conflict calculation time: 0.240151 (in seconds)
║ Number of negated nodes : 773
╚═ Process complete
	Command being timed: "/opt/trace/trace /data/netlists/PATCH/B_mac_s_w24__tree.aig -mac -s -ipc -p -c -no-steps"
	User time (seconds): 1.65
	System time (seconds): 0.02
	Percent of CPU this job got: 60%
	Elapsed (wall clock) time (h:mm:ss or m:ss): 0m 2.75s
	Average shared text size (kbytes): 0
	Average unshared data size (kbytes): 0
	Average stack size (kbytes): 0
	Average total size (kbytes): 0
	Maximum resident set size (kbytes): 59616
	Average resident set size (kbytes): 0
	Major (requiring I/O) page faults: 0
	Minor (reclaiming a frame) page faults: 3577
	Voluntary context switches: 17
	Involuntary context switches: 580
	Swaps: 0
	File system inputs: 32
	File system outputs: 0
	Socket messages sent: 0
	Socket messages received: 0
	Signals delivered: 0
	Page size (bytes): 4096
	Exit status: 0
### TRACE_EXIT 0
### CGROUP_MEMORY_PEAK_BYTES 14647296
### DOCKER_EXIT 0
### WALL_SECONDS 4.20
### END 2026-09-24T13:02:54-07:00
