### FILE netlists/MAIN/MUT_trunc_mul_u_w8__booth.aig
### ARGS -mul -idx -p -c -no-steps
### TIMEOUT 60
### START 2026-09-24T03:34:51-07:00
██▓▓░░░░░░░░░░░░░░░░░░░░░░░░░░░░░░░░░  Trace  ░░░░░░░░░░░░░░░░░░░░░░░░░░░░░░░░▓▓██
║ [Build]   compiled on: Apr 13 2026 at 16:17:50
║           built as: Release version
║ [Options] file: /data/netlists/MAIN/MUT_trunc_mul_u_w8__booth.aig
║           mode: mul
║           sign: unsigned
║           method: idx
║           phase optimization: enabled
║           conflict detection: enabled
║           progress steps: disabled
║
Killed
### TRACE_EXIT 137
### CGROUP_MEMORY_PEAK_BYTES 137326592
### DOCKER_EXIT 0
### WALL_SECONDS 61.47
### END 2026-09-24T03:35:53-07:00
