### FILE netlists/MAIN/MUT_plus1_dot2_u_w32__norm.aig
### ARGS -dot=2 -idx -p -c -no-steps
### TIMEOUT 300
### START 2026-09-24T13:09:54-07:00
██▓▓░░░░░░░░░░░░░░░░░░░░░░░░░░░░░░░░░  Trace  ░░░░░░░░░░░░░░░░░░░░░░░░░░░░░░░░▓▓██
║ [Build]   compiled on: Apr 13 2026 at 16:17:50
║           built as: Release version
║ [Options] file: /data/netlists/MAIN/MUT_plus1_dot2_u_w32__norm.aig
║           mode: dot=2
║           sign: unsigned
║           method: idx
║           phase optimization: enabled
║           conflict detection: enabled
║           progress steps: disabled
║
Killed
### TRACE_EXIT 137
### CGROUP_MEMORY_PEAK_BYTES 298360832
### DOCKER_EXIT 0
### WALL_SECONDS 301.92
### END 2026-09-24T13:14:56-07:00
