### FILE netlists/MAIN/B_mac_u_w16__tree_nofma.aig
### ARGS -mac -ipc -p -c -no-steps
### TIMEOUT 120
### START 2026-09-24T11:30:11-07:00
██▓▓░░░░░░░░░░░░░░░░░░░░░░░░░░░░░░░░░  Trace  ░░░░░░░░░░░░░░░░░░░░░░░░░░░░░░░░▓▓██
║ [Build]   compiled on: Apr 13 2026 at 16:17:50
║           built as: Release version
║ [Options] file: /data/netlists/MAIN/B_mac_u_w16__tree_nofma.aig
║           mode: mac
║           sign: unsigned
║           method: ipc
║           phase optimization: enabled
║           conflict detection: enabled
║           progress steps: disabled
║
╚═ Result: Correct
╔═ Final Report
║ Trace compiled on: Apr 13 2026 at 16:17:30 (release build)
║ 
╠═ Program modes
║ Circuit mode: mac
║ Traversal method: ipc
║ Debug mode: Y
║ 
╠═ General Information
║ Circuit path: /data/netlists/MAIN/B_mac_u_w16__tree_nofma.aig
║ Maximum polynomial : 322
║ Number of iteration: 31
║ Elapsed time: 16.7262 (in seconds)
║ Number and-gates : 2804
║ Substitution steps : 33
║ Number of removed conflicts : 173138
║ Total calculated conflicts : 35610
║ Conflict calculation time: 0.127905 (in seconds)
║ Number of negated nodes : 916
╚═ Process complete
	Command being timed: "/opt/trace/trace /data/netlists/MAIN/B_mac_u_w16__tree_nofma.aig -mac -ipc -p -c -no-steps"
	User time (seconds): 11.85
	System time (seconds): 0.49
	Percent of CPU this job got: 72%
	Elapsed (wall clock) time (h:mm:ss or m:ss): 0m 16.93s
	Average shared text size (kbytes): 0
	Average unshared data size (kbytes): 0
	Average stack size (kbytes): 0
	Average total size (kbytes): 0
	Maximum resident set size (kbytes): 92192
	Average resident set size (kbytes): 0
	Major (requiring I/O) page faults: 0
	Minor (reclaiming a frame) page faults: 5604
	Voluntary context switches: 15
	Involuntary context switches: 2025
	Swaps: 0
	File system inputs: 15
	File system outputs: 0
	Socket messages sent: 0
	Socket messages received: 0
	Signals delivered: 0
	Page size (bytes): 4096
	Exit status: 0
### TRACE_EXIT 0
### CGROUP_MEMORY_PEAK_BYTES 22437888
### DOCKER_EXIT 0
### WALL_SECONDS 18.69
### END 2026-09-24T11:30:30-07:00
