### FILE netlists/MAIN/B_mac_s_w32__tree.aig
### ARGS -mac -s -igsm -p -c -no-steps
### TIMEOUT 300
### START 2026-09-24T12:18:26-07:00
██▓▓░░░░░░░░░░░░░░░░░░░░░░░░░░░░░░░░░  Trace  ░░░░░░░░░░░░░░░░░░░░░░░░░░░░░░░░▓▓██
║ [Build]   compiled on: Apr 13 2026 at 16:17:50
║           built as: Release version
║ [Options] file: /data/netlists/MAIN/B_mac_s_w32__tree.aig
║           mode: mac
║           sign: signed
║           method: igsm
║           phase optimization: enabled
║           conflict detection: enabled
║           progress steps: disabled
║
Killed
### TRACE_EXIT 137
### CGROUP_MEMORY_PEAK_BYTES 909950976
### DOCKER_EXIT 0
### WALL_SECONDS 302.12
### END 2026-09-24T12:23:28-07:00
