### FILE netlists/MAIN/A_mul_u_w12__norm.aig
### ARGS -mul -dyn -p -c -no-steps
### TIMEOUT 90
### START 2026-09-24T03:38:18-07:00
██▓▓░░░░░░░░░░░░░░░░░░░░░░░░░░░░░░░░░  Trace  ░░░░░░░░░░░░░░░░░░░░░░░░░░░░░░░░▓▓██
║ [Build]   compiled on: Apr 13 2026 at 16:17:50
║           built as: Release version
║ [Options] file: /data/netlists/MAIN/A_mul_u_w12__norm.aig
║           mode: mul
║           sign: unsigned
║           method: dyn
║           phase optimization: enabled
║           conflict detection: enabled
║           progress steps: disabled
║
Killed
### TRACE_EXIT 137
### CGROUP_MEMORY_PEAK_BYTES 54693888
### DOCKER_EXIT 0
### WALL_SECONDS 91.86
### END 2026-09-24T03:39:50-07:00
