### FILE netlists/MAIN/MUT_plus1_dot2_u_w8__norm.aig
### ARGS -dot=2 -idx -p -c -no-steps
### TIMEOUT 60
### START 2026-09-24T03:31:59-07:00
██▓▓░░░░░░░░░░░░░░░░░░░░░░░░░░░░░░░░░  Trace  ░░░░░░░░░░░░░░░░░░░░░░░░░░░░░░░░▓▓██
║ [Build]   compiled on: Apr 13 2026 at 16:17:50
║           built as: Release version
║ [Options] file: /data/netlists/MAIN/MUT_plus1_dot2_u_w8__norm.aig
║           mode: dot=2
║           sign: unsigned
║           method: idx
║           phase optimization: enabled
║           conflict detection: enabled
║           progress steps: disabled
║
╠═ Result: Buggy
║   [34mSP: {1} [39m
╔═ Final Report
║ Trace compiled on: Apr 13 2026 at 16:17:30 (release build)
║ 
╠═ Program modes
║ Circuit mode: dot
║ Traversal method: idx
║ Debug mode: Y
║ 
╠═ General Information
║ Circuit path: /data/netlists/MAIN/MUT_plus1_dot2_u_w8__norm.aig
║ Maximum polynomial : 146
║ Number of iteration: 15
║ Elapsed time: 9.93244 (in seconds)
║ Number and-gates : 1308
║ Substitution steps : 17
║ Number of removed conflicts : 182422
║ Total calculated conflicts : 19188
║ Conflict calculation time: 0.0157381 (in seconds)
║ Number of negated nodes : 296
╚═ Process complete
	Command being timed: "/opt/trace/trace /data/netlists/MAIN/MUT_plus1_dot2_u_w8__norm.aig -dot=2 -idx -p -c -no-steps"
	User time (seconds): 9.65
	System time (seconds): 0.10
	Percent of CPU this job got: 97%
	Elapsed (wall clock) time (h:mm:ss or m:ss): 0m 9.96s
	Average shared text size (kbytes): 0
	Average unshared data size (kbytes): 0
	Average stack size (kbytes): 0
	Average total size (kbytes): 0
	Maximum resident set size (kbytes): 71584
	Average resident set size (kbytes): 0
	Major (requiring I/O) page faults: 0
	Minor (reclaiming a frame) page faults: 5676
	Voluntary context switches: 15
	Involuntary context switches: 1176
	Swaps: 0
	File system inputs: 7
	File system outputs: 0
	Socket messages sent: 0
	Socket messages received: 0
	Signals delivered: 0
	Page size (bytes): 4096
	Exit status: 0
### TRACE_EXIT 0
### CGROUP_MEMORY_PEAK_BYTES 16781312
### DOCKER_EXIT 0
### WALL_SECONDS 11.18
### END 2026-09-24T03:32:10-07:00
