### FILE netlists/MAIN/A_mul_u_w12__norm.aig
### ARGS -mul -idx -p -c -no-steps
### TIMEOUT 90
### START 2026-09-24T03:39:50-07:00
██▓▓░░░░░░░░░░░░░░░░░░░░░░░░░░░░░░░░░  Trace  ░░░░░░░░░░░░░░░░░░░░░░░░░░░░░░░░▓▓██
║ [Build]   compiled on: Apr 13 2026 at 16:17:50
║           built as: Release version
║ [Options] file: /data/netlists/MAIN/A_mul_u_w12__norm.aig
║           mode: mul
║           sign: unsigned
║           method: idx
║           phase optimization: enabled
║           conflict detection: enabled
║           progress steps: disabled
║
╚═ Result: Correct
╔═ Final Report
║ Trace compiled on: Apr 13 2026 at 16:17:30 (release build)
║ 
╠═ Program modes
║ Circuit mode: mul
║ Traversal method: idx
║ Debug mode: Y
║ 
╠═ General Information
║ Circuit path: /data/netlists/MAIN/A_mul_u_w12__norm.aig
║ Maximum polynomial : 169
║ Number of iteration: 22
║ Elapsed time: 0.571435 (in seconds)
║ Number and-gates : 1351
║ Substitution steps : 24
║ Number of removed conflicts : 2534
║ Total calculated conflicts : 17792
║ Conflict calculation time: 0.0888158 (in seconds)
║ Number of negated nodes : 242
╚═ Process complete
	Command being timed: "/opt/trace/trace /data/netlists/MAIN/A_mul_u_w12__norm.aig -mul -idx -p -c -no-steps"
	User time (seconds): 0.26
	System time (seconds): 0.01
	Percent of CPU this job got: 40%
	Elapsed (wall clock) time (h:mm:ss or m:ss): 0m 0.68s
	Average shared text size (kbytes): 0
	Average unshared data size (kbytes): 0
	Average stack size (kbytes): 0
	Average total size (kbytes): 0
	Maximum resident set size (kbytes): 25024
	Average resident set size (kbytes): 0
	Major (requiring I/O) page faults: 0
	Minor (reclaiming a frame) page faults: 1072
	Voluntary context switches: 15
	Involuntary context switches: 68
	Swaps: 0
	File system inputs: 7
	File system outputs: 0
	Socket messages sent: 0
	Socket messages received: 0
	Signals delivered: 0
	Page size (bytes): 4096
	Exit status: 0
### TRACE_EXIT 0
### CGROUP_MEMORY_PEAK_BYTES 5378048
### DOCKER_EXIT 0
### WALL_SECONDS 2.45
### END 2026-09-24T03:39:53-07:00
