### FILE netlists/PATCH/B_mac_s_w12__tree.aig
### ARGS -mac -s -dyn -p -c -no-steps
### TIMEOUT 90
### START 2026-09-24T03:41:39-07:00
██▓▓░░░░░░░░░░░░░░░░░░░░░░░░░░░░░░░░░  Trace  ░░░░░░░░░░░░░░░░░░░░░░░░░░░░░░░░▓▓██
║ [Build]   compiled on: Apr 13 2026 at 16:17:50
║           built as: Release version
║ [Options] file: /data/netlists/PATCH/B_mac_s_w12__tree.aig
║           mode: mac
║           sign: signed
║           method: dyn
║           phase optimization: enabled
║           conflict detection: enabled
║           progress steps: disabled
║
Killed
### TRACE_EXIT 137
### CGROUP_MEMORY_PEAK_BYTES 67633152
### DOCKER_EXIT 0
### WALL_SECONDS 90.94
### END 2026-09-24T03:43:10-07:00
