### FILE netlists/MAIN/B_mac_u_w8__tree.aig
### ARGS -mac -dyn -p -c -no-steps
### TIMEOUT 60
### START 2026-09-24T03:25:52-07:00
██▓▓░░░░░░░░░░░░░░░░░░░░░░░░░░░░░░░░░  Trace  ░░░░░░░░░░░░░░░░░░░░░░░░░░░░░░░░▓▓██
║ [Build]   compiled on: Apr 13 2026 at 16:17:50
║           built as: Release version
║ [Options] file: /data/netlists/MAIN/B_mac_u_w8__tree.aig
║           mode: mac
║           sign: unsigned
║           method: dyn
║           phase optimization: enabled
║           conflict detection: enabled
║           progress steps: disabled
║
Killed
### TRACE_EXIT 137
### CGROUP_MEMORY_PEAK_BYTES 39333888
### DOCKER_EXIT 0
### WALL_SECONDS 61.01
### END 2026-09-24T03:26:53-07:00
