### FILE netlists/MAIN/A_mul_u_w32__norm.aig
### ARGS -mul -ips -p -c -no-steps
### TIMEOUT 300
### START 2026-09-24T12:11:52-07:00
██▓▓░░░░░░░░░░░░░░░░░░░░░░░░░░░░░░░░░  Trace  ░░░░░░░░░░░░░░░░░░░░░░░░░░░░░░░░▓▓██
║ [Build]   compiled on: Apr 13 2026 at 16:17:50
║           built as: Release version
║ [Options] file: /data/netlists/MAIN/A_mul_u_w32__norm.aig
║           mode: mul
║           sign: unsigned
║           method: ips
║           phase optimization: enabled
║           conflict detection: enabled
║           progress steps: disabled
║
Killed
### TRACE_EXIT 137
### CGROUP_MEMORY_PEAK_BYTES 525660160
### DOCKER_EXIT 0
### WALL_SECONDS 302.55
### END 2026-09-24T12:16:54-07:00
