### FILE netlists/PATCH/B_mac_s_w24__tree.aig
### ARGS -mac -s -dyn -p -c -no-steps
### TIMEOUT 240
### START 2026-09-24T12:54:44-07:00
██▓▓░░░░░░░░░░░░░░░░░░░░░░░░░░░░░░░░░  Trace  ░░░░░░░░░░░░░░░░░░░░░░░░░░░░░░░░▓▓██
║ [Build]   compiled on: Apr 13 2026 at 16:17:50
║           built as: Release version
║ [Options] file: /data/netlists/PATCH/B_mac_s_w24__tree.aig
║           mode: mac
║           sign: signed
║           method: dyn
║           phase optimization: enabled
║           conflict detection: enabled
║           progress steps: disabled
║
Killed
### TRACE_EXIT 137
### CGROUP_MEMORY_PEAK_BYTES 99950592
### DOCKER_EXIT 0
### WALL_SECONDS 242.10
### END 2026-09-24T12:58:46-07:00
