### FILE netlists/MAIN/A_mul_u_w24__booth.aig
### ARGS -mul -dyn -p -c -no-steps
### TIMEOUT 240
### START 2026-09-24T12:34:56-07:00
██▓▓░░░░░░░░░░░░░░░░░░░░░░░░░░░░░░░░░  Trace  ░░░░░░░░░░░░░░░░░░░░░░░░░░░░░░░░▓▓██
║ [Build]   compiled on: Apr 13 2026 at 16:17:50
║           built as: Release version
║ [Options] file: /data/netlists/MAIN/A_mul_u_w24__booth.aig
║           mode: mul
║           sign: unsigned
║           method: dyn
║           phase optimization: enabled
║           conflict detection: enabled
║           progress steps: disabled
║
╚═ Result: Correct
╔═ Final Report
║ Trace compiled on: Apr 13 2026 at 16:17:30 (release build)
║ 
╠═ Program modes
║ Circuit mode: mul
║ Traversal method: dyn
║ Debug mode: Y
║ 
╠═ General Information
║ Circuit path: /data/netlists/MAIN/A_mul_u_w24__booth.aig
║ Maximum polynomial : 1845
║ Number of iteration: 5018
║ Elapsed time: 6.48671 (in seconds)
║ Number and-gates : 4972
║ Substitution steps : 5020
║ Number of removed conflicts : 3039
║ Total calculated conflicts : 104460
║ Conflict calculation time: 0.388383 (in seconds)
║ Number of negated nodes : 687
╚═ Process complete
	Command being timed: "/opt/trace/trace /data/netlists/MAIN/A_mul_u_w24__booth.aig -mul -dyn -p -c -no-steps"
	User time (seconds): 4.00
	System time (seconds): 0.13
	Percent of CPU this job got: 58%
	Elapsed (wall clock) time (h:mm:ss or m:ss): 0m 7.02s
	Average shared text size (kbytes): 0
	Average unshared data size (kbytes): 0
	Average stack size (kbytes): 0
	Average total size (kbytes): 0
	Maximum resident set size (kbytes): 94608
	Average resident set size (kbytes): 0
	Major (requiring I/O) page faults: 0
	Minor (reclaiming a frame) page faults: 5805
	Voluntary context switches: 16
	Involuntary context switches: 1115
	Swaps: 0
	File system inputs: 27
	File system outputs: 0
	Socket messages sent: 0
	Socket messages received: 0
	Signals delivered: 0
	Page size (bytes): 4096
	Exit status: 0
### TRACE_EXIT 0
### CGROUP_MEMORY_PEAK_BYTES 23314432
### DOCKER_EXIT 0
### WALL_SECONDS 8.33
### END 2026-09-24T12:35:04-07:00
