### FILE netlists/MAIN/B_mac_u_w16__tree_nofma.aig
### ARGS -mac -dyn -p -c -no-steps
### TIMEOUT 120
### START 2026-09-24T11:26:04-07:00
██▓▓░░░░░░░░░░░░░░░░░░░░░░░░░░░░░░░░░  Trace  ░░░░░░░░░░░░░░░░░░░░░░░░░░░░░░░░▓▓██
║ [Build]   compiled on: Apr 13 2026 at 16:17:50
║           built as: Release version
║ [Options] file: /data/netlists/MAIN/B_mac_u_w16__tree_nofma.aig
║           mode: mac
║           sign: unsigned
║           method: dyn
║           phase optimization: enabled
║           conflict detection: enabled
║           progress steps: disabled
║
Killed
### TRACE_EXIT 137
### CGROUP_MEMORY_PEAK_BYTES 60260352
### DOCKER_EXIT 0
### WALL_SECONDS 124.07
### END 2026-09-24T11:28:08-07:00
