### FILE netlists/MAIN/B_dot2_u_w24__norm.aig
### ARGS -dot=2 -igs -p -c -no-steps
### TIMEOUT 240
### START 2026-09-24T12:47:16-07:00
██▓▓░░░░░░░░░░░░░░░░░░░░░░░░░░░░░░░░░  Trace  ░░░░░░░░░░░░░░░░░░░░░░░░░░░░░░░░▓▓██
║ [Build]   compiled on: Apr 13 2026 at 16:17:50
║           built as: Release version
║ [Options] file: /data/netlists/MAIN/B_dot2_u_w24__norm.aig
║           mode: dot=2
║           sign: unsigned
║           method: igs
║           phase optimization: enabled
║           conflict detection: enabled
║           progress steps: disabled
║
Killed
### TRACE_EXIT 137
### CGROUP_MEMORY_PEAK_BYTES 676577280
### DOCKER_EXIT 0
### WALL_SECONDS 242.08
### END 2026-09-24T12:51:18-07:00
