### FILE netlists/MAIN/B_mac_s_w12__tree.aig
### ARGS -mac -s -idx -p -c -no-steps
### TIMEOUT 90
### START 2026-09-24T03:43:34-07:00
██▓▓░░░░░░░░░░░░░░░░░░░░░░░░░░░░░░░░░  Trace  ░░░░░░░░░░░░░░░░░░░░░░░░░░░░░░░░▓▓██
║ [Build]   compiled on: Apr 13 2026 at 16:17:50
║           built as: Release version
║ [Options] file: /data/netlists/MAIN/B_mac_s_w12__tree.aig
║           mode: mac
║           sign: signed
║           method: idx
║           phase optimization: enabled
║           conflict detection: enabled
║           progress steps: disabled
║
Killed
### TRACE_EXIT 137
### CGROUP_MEMORY_PEAK_BYTES 351473664
### DOCKER_EXIT 0
### WALL_SECONDS 91.84
### END 2026-09-24T03:45:06-07:00
