### FILE netlists/MAIN/A_mul_s_w32__booth.aig
### ARGS -mul -s -dyn -p -c -no-steps
### TIMEOUT 300
### START 2026-09-24T11:35:03-07:00
██▓▓░░░░░░░░░░░░░░░░░░░░░░░░░░░░░░░░░  Trace  ░░░░░░░░░░░░░░░░░░░░░░░░░░░░░░░░▓▓██
║ [Build]   compiled on: Apr 13 2026 at 16:17:50
║           built as: Release version
║ [Options] file: /data/netlists/MAIN/A_mul_s_w32__booth.aig
║           mode: mul
║           sign: signed
║           method: dyn
║           phase optimization: enabled
║           conflict detection: enabled
║           progress steps: disabled
║
╚═ Result: Correct
╔═ Final Report
║ Trace compiled on: Apr 13 2026 at 16:17:30 (release build)
║ 
╠═ Program modes
║ Circuit mode: mul
║ Traversal method: dyn
║ Debug mode: Y
║ 
╠═ General Information
║ Circuit path: /data/netlists/MAIN/A_mul_s_w32__booth.aig
║ Maximum polynomial : 5049
║ Number of iteration: 8335
║ Elapsed time: 24.7509 (in seconds)
║ Number and-gates : 8273
║ Substitution steps : 8337
║ Number of removed conflicts : 39572
║ Total calculated conflicts : 175622
║ Conflict calculation time: 0.51874 (in seconds)
║ Number of negated nodes : 1164
╚═ Process complete
	Command being timed: "/opt/trace/trace /data/netlists/MAIN/A_mul_s_w32__booth.aig -mul -s -dyn -p -c -no-steps"
	User time (seconds): 17.22
	System time (seconds): 1.01
	Percent of CPU this job got: 71%
	Elapsed (wall clock) time (h:mm:ss or m:ss): 0m 25.39s
	Average shared text size (kbytes): 0
	Average unshared data size (kbytes): 0
	Average stack size (kbytes): 0
	Average total size (kbytes): 0
	Maximum resident set size (kbytes): 172080
	Average resident set size (kbytes): 0
	Major (requiring I/O) page faults: 0
	Minor (reclaiming a frame) page faults: 11801
	Voluntary context switches: 11
	Involuntary context switches: 4265
	Swaps: 0
	File system inputs: 44
	File system outputs: 0
	Socket messages sent: 0
	Socket messages received: 0
	Signals delivered: 0
	Page size (bytes): 4096
	Exit status: 0
### TRACE_EXIT 0
### CGROUP_MEMORY_PEAK_BYTES 43589632
### DOCKER_EXIT 0
### WALL_SECONDS 27.49
### END 2026-09-24T11:35:31-07:00
