### FILE netlists/MAIN/B_mac_s_w16__tree_pre.aig
### ARGS -mac -s -igsm -p -c -no-steps
### TIMEOUT 120
### START 2026-09-24T12:08:48-07:00
██▓▓░░░░░░░░░░░░░░░░░░░░░░░░░░░░░░░░░  Trace  ░░░░░░░░░░░░░░░░░░░░░░░░░░░░░░░░▓▓██
║ [Build]   compiled on: Apr 13 2026 at 16:17:50
║           built as: Release version
║ [Options] file: /data/netlists/MAIN/B_mac_s_w16__tree_pre.aig
║           mode: mac
║           sign: signed
║           method: igsm
║           phase optimization: enabled
║           conflict detection: enabled
║           progress steps: disabled
║
Killed
### TRACE_EXIT 137
### CGROUP_MEMORY_PEAK_BYTES 398065664
### DOCKER_EXIT 0
### WALL_SECONDS 122.44
### END 2026-09-24T12:10:50-07:00
