### FILE netlists/MAIN/A_mul_u_w16__norm.aig
### ARGS -mul -idx -p -c -no-steps
### TIMEOUT 120
### START 2026-09-24T03:47:01-07:00
██▓▓░░░░░░░░░░░░░░░░░░░░░░░░░░░░░░░░░  Trace  ░░░░░░░░░░░░░░░░░░░░░░░░░░░░░░░░▓▓██
║ [Build]   compiled on: Apr 13 2026 at 16:17:50
║           built as: Release version
║ [Options] file: /data/netlists/MAIN/A_mul_u_w16__norm.aig
║           mode: mul
║           sign: unsigned
║           method: idx
║           phase optimization: enabled
║           conflict detection: enabled
║           progress steps: disabled
║
╚═ Result: Correct
╔═ Final Report
║ Trace compiled on: Apr 13 2026 at 16:17:30 (release build)
║ 
╠═ Program modes
║ Circuit mode: mul
║ Traversal method: idx
║ Debug mode: Y
║ 
╠═ General Information
║ Circuit path: /data/netlists/MAIN/A_mul_u_w16__norm.aig
║ Maximum polynomial : 289
║ Number of iteration: 30
║ Elapsed time: 22.5999 (in seconds)
║ Number and-gates : 2528
║ Substitution steps : 32
║ Number of removed conflicts : 242247
║ Total calculated conflicts : 34366
║ Conflict calculation time: 0.0299261 (in seconds)
║ Number of negated nodes : 538
╚═ Process complete
	Command being timed: "/opt/trace/trace /data/netlists/MAIN/A_mul_u_w16__norm.aig -mul -idx -p -c -no-steps"
	User time (seconds): 19.02
	System time (seconds): 0.89
	Percent of CPU this job got: 87%
	Elapsed (wall clock) time (h:mm:ss or m:ss): 0m 22.68s
	Average shared text size (kbytes): 0
	Average unshared data size (kbytes): 0
	Average stack size (kbytes): 0
	Average total size (kbytes): 0
	Maximum resident set size (kbytes): 118608
	Average resident set size (kbytes): 0
	Major (requiring I/O) page faults: 0
	Minor (reclaiming a frame) page faults: 10218
	Voluntary context switches: 15
	Involuntary context switches: 6730
	Swaps: 0
	File system inputs: 12
	File system outputs: 0
	Socket messages sent: 0
	Socket messages received: 0
	Signals delivered: 0
	Page size (bytes): 4096
	Exit status: 0
### TRACE_EXIT 0
### CGROUP_MEMORY_PEAK_BYTES 29069312
### DOCKER_EXIT 0
### WALL_SECONDS 23.82
### END 2026-09-24T03:47:25-07:00
