### FILE netlists/MAIN/MUT_trunc_mul_u_w8__norm.aig
### ARGS -mul -ips -p -c -no-steps
### TIMEOUT 60
### START 2026-09-24T03:39:17-07:00
██▓▓░░░░░░░░░░░░░░░░░░░░░░░░░░░░░░░░░  Trace  ░░░░░░░░░░░░░░░░░░░░░░░░░░░░░░░░▓▓██
║ [Build]   compiled on: Apr 13 2026 at 16:17:50
║           built as: Release version
║ [Options] file: /data/netlists/MAIN/MUT_trunc_mul_u_w8__norm.aig
║           mode: mul
║           sign: unsigned
║           method: ips
║           phase optimization: enabled
║           conflict detection: enabled
║           progress steps: disabled
║
Killed
### TRACE_EXIT 137
### CGROUP_MEMORY_PEAK_BYTES 79151104
### DOCKER_EXIT 0
### WALL_SECONDS 61.63
### END 2026-09-24T03:40:19-07:00
