### FILE netlists/MAIN/B_dot2_s_w8__tree_pre.aig
### ARGS -dot=2 -s -ipc -p -c -no-steps
### TIMEOUT 60
### START 2026-09-24T03:22:43-07:00
██▓▓░░░░░░░░░░░░░░░░░░░░░░░░░░░░░░░░░  Trace  ░░░░░░░░░░░░░░░░░░░░░░░░░░░░░░░░▓▓██
║ [Build]   compiled on: Apr 13 2026 at 16:17:50
║           built as: Release version
║ [Options] file: /data/netlists/MAIN/B_dot2_s_w8__tree_pre.aig
║           mode: dot=2
║           sign: signed
║           method: ipc
║           phase optimization: enabled
║           conflict detection: enabled
║           progress steps: disabled
║
Killed
### TRACE_EXIT 137
### CGROUP_MEMORY_PEAK_BYTES 389963776
### DOCKER_EXIT 0
### WALL_SECONDS 60.98
### END 2026-09-24T03:23:44-07:00
