### FILE netlists/MAIN/B_mac_s_w16__tree_fa.aig
### ARGS -mac -s -ips -p -c -no-steps
### TIMEOUT 120
### START 2026-09-24T12:05:09-07:00
██▓▓░░░░░░░░░░░░░░░░░░░░░░░░░░░░░░░░░  Trace  ░░░░░░░░░░░░░░░░░░░░░░░░░░░░░░░░▓▓██
║ [Build]   compiled on: Apr 13 2026 at 16:17:50
║           built as: Release version
║ [Options] file: /data/netlists/MAIN/B_mac_s_w16__tree_fa.aig
║           mode: mac
║           sign: signed
║           method: ips
║           phase optimization: enabled
║           conflict detection: enabled
║           progress steps: disabled
║
╠═ Result: Buggy
║   [34mSP: {1} 4294967296[39m
╔═ Final Report
║ Trace compiled on: Apr 13 2026 at 16:17:30 (release build)
║ 
╠═ Program modes
║ Circuit mode: mac
║ Traversal method: ips
║ Debug mode: Y
║ 
╠═ General Information
║ Circuit path: /data/netlists/MAIN/B_mac_s_w16__tree_fa.aig
║ Maximum polynomial : 322
║ Number of iteration: 31
║ Elapsed time: 91.2786 (in seconds)
║ Number and-gates : 2888
║ Substitution steps : 33
║ Number of removed conflicts : 970098
║ Total calculated conflicts : 39146
║ Conflict calculation time: 0.172095 (in seconds)
║ Number of negated nodes : 410
╚═ Process complete
	Command being timed: "/opt/trace/trace /data/netlists/MAIN/B_mac_s_w16__tree_fa.aig -mac -s -ips -p -c -no-steps"
	User time (seconds): 61.13
	System time (seconds): 0.96
	Percent of CPU this job got: 67%
	Elapsed (wall clock) time (h:mm:ss or m:ss): 1m 31.54s
	Average shared text size (kbytes): 0
	Average unshared data size (kbytes): 0
	Average stack size (kbytes): 0
	Average total size (kbytes): 0
	Maximum resident set size (kbytes): 411312
	Average resident set size (kbytes): 0
	Major (requiring I/O) page faults: 0
	Minor (reclaiming a frame) page faults: 31967
	Voluntary context switches: 15
	Involuntary context switches: 11386
	Swaps: 0
	File system inputs: 15
	File system outputs: 0
	Socket messages sent: 0
	Socket messages received: 0
	Signals delivered: 0
	Page size (bytes): 4096
	Exit status: 0
### TRACE_EXIT 0
### CGROUP_MEMORY_PEAK_BYTES 104054784
### DOCKER_EXIT 0
### WALL_SECONDS 93.16
### END 2026-09-24T12:06:43-07:00
