### FILE netlists/MAIN/B_mac_u_w24__norm.aig
### ARGS -mac -ips -p -c -no-steps
### TIMEOUT 240
### START 2026-09-24T12:56:47-07:00
██▓▓░░░░░░░░░░░░░░░░░░░░░░░░░░░░░░░░░  Trace  ░░░░░░░░░░░░░░░░░░░░░░░░░░░░░░░░▓▓██
║ [Build]   compiled on: Apr 13 2026 at 16:17:50
║           built as: Release version
║ [Options] file: /data/netlists/MAIN/B_mac_u_w24__norm.aig
║           mode: mac
║           sign: unsigned
║           method: ips
║           phase optimization: enabled
║           conflict detection: enabled
║           progress steps: disabled
║
Killed
### TRACE_EXIT 137
### CGROUP_MEMORY_PEAK_BYTES 318545920
### DOCKER_EXIT 0
### WALL_SECONDS 242.02
### END 2026-09-24T13:00:49-07:00
