### FILE netlists/MAIN/B_mac_s_w32__norm.aig
### ARGS -mac -s -dyn -p -c -no-steps
### TIMEOUT 300
### START 2026-09-24T11:35:49-07:00
██▓▓░░░░░░░░░░░░░░░░░░░░░░░░░░░░░░░░░  Trace  ░░░░░░░░░░░░░░░░░░░░░░░░░░░░░░░░▓▓██
║ [Build]   compiled on: Apr 13 2026 at 16:17:50
║           built as: Release version
║ [Options] file: /data/netlists/MAIN/B_mac_s_w32__norm.aig
║           mode: mac
║           sign: signed
║           method: dyn
║           phase optimization: enabled
║           conflict detection: enabled
║           progress steps: disabled
║
╚═ Result: Correct
╔═ Final Report
║ Trace compiled on: Apr 13 2026 at 16:17:30 (release build)
║ 
╠═ Program modes
║ Circuit mode: mac
║ Traversal method: dyn
║ Debug mode: Y
║ 
╠═ General Information
║ Circuit path: /data/netlists/MAIN/B_mac_s_w32__norm.aig
║ Maximum polynomial : 1740
║ Number of iteration: 13000
║ Elapsed time: 20.1717 (in seconds)
║ Number and-gates : 12937
║ Substitution steps : 13002
║ Number of removed conflicts : 8049
║ Total calculated conflicts : 205438
║ Conflict calculation time: 0.479041 (in seconds)
║ Number of negated nodes : 1476
╚═ Process complete
	Command being timed: "/opt/trace/trace /data/netlists/MAIN/B_mac_s_w32__norm.aig -mac -s -dyn -p -c -no-steps"
	User time (seconds): 13.53
	System time (seconds): 1.23
	Percent of CPU this job got: 71%
	Elapsed (wall clock) time (h:mm:ss or m:ss): 0m 20.79s
	Average shared text size (kbytes): 0
	Average unshared data size (kbytes): 0
	Average stack size (kbytes): 0
	Average total size (kbytes): 0
	Maximum resident set size (kbytes): 204560
	Average resident set size (kbytes): 0
	Major (requiring I/O) page faults: 0
	Minor (reclaiming a frame) page faults: 13023
	Voluntary context switches: 19
	Involuntary context switches: 3883
	Swaps: 0
	File system inputs: 66
	File system outputs: 0
	Socket messages sent: 0
	Socket messages received: 0
	Signals delivered: 0
	Page size (bytes): 4096
	Exit status: 0
### TRACE_EXIT 0
### CGROUP_MEMORY_PEAK_BYTES 51453952
### DOCKER_EXIT 0
### WALL_SECONDS 23.66
### END 2026-09-24T11:36:13-07:00
