### FILE netlists/MAIN/B_mac_u_w16__norm.aig
### ARGS -mac -dyn -p -c -no-steps
### TIMEOUT 120
### START 2026-09-24T03:58:38-07:00
██▓▓░░░░░░░░░░░░░░░░░░░░░░░░░░░░░░░░░  Trace  ░░░░░░░░░░░░░░░░░░░░░░░░░░░░░░░░▓▓██
║ [Build]   compiled on: Apr 13 2026 at 16:17:50
║           built as: Release version
║ [Options] file: /data/netlists/MAIN/B_mac_u_w16__norm.aig
║           mode: mac
║           sign: unsigned
║           method: dyn
║           phase optimization: enabled
║           conflict detection: enabled
║           progress steps: disabled
║
Killed
### TRACE_EXIT 137
### CGROUP_MEMORY_PEAK_BYTES 38879232
### DOCKER_EXIT 0
### WALL_SECONDS 124.27
### END 2026-09-24T04:00:43-07:00
