### FILE netlists/MAIN/B_mac_u_w24__tree.aig
### ARGS -mac -idx -p -c -no-steps
### TIMEOUT 240
### START 2026-09-24T12:50:24-07:00
██▓▓░░░░░░░░░░░░░░░░░░░░░░░░░░░░░░░░░  Trace  ░░░░░░░░░░░░░░░░░░░░░░░░░░░░░░░░▓▓██
║ [Build]   compiled on: Apr 13 2026 at 16:17:50
║           built as: Release version
║ [Options] file: /data/netlists/MAIN/B_mac_u_w24__tree.aig
║           mode: mac
║           sign: unsigned
║           method: idx
║           phase optimization: enabled
║           conflict detection: enabled
║           progress steps: disabled
║
Killed
### TRACE_EXIT 137
### CGROUP_MEMORY_PEAK_BYTES 251736064
### DOCKER_EXIT 0
### WALL_SECONDS 241.75
### END 2026-09-24T12:54:26-07:00
