### FILE netlists/MAIN/A_mul_s_w32__booth_lp.aig
### ARGS -mul -s -ipc -p -c -no-steps
### TIMEOUT 300
### START 2026-09-24T11:40:07-07:00
██▓▓░░░░░░░░░░░░░░░░░░░░░░░░░░░░░░░░░  Trace  ░░░░░░░░░░░░░░░░░░░░░░░░░░░░░░░░▓▓██
║ [Build]   compiled on: Apr 13 2026 at 16:17:50
║           built as: Release version
║ [Options] file: /data/netlists/MAIN/A_mul_s_w32__booth_lp.aig
║           mode: mul
║           sign: signed
║           method: ipc
║           phase optimization: enabled
║           conflict detection: enabled
║           progress steps: disabled
║
Killed
### TRACE_EXIT 137
### CGROUP_MEMORY_PEAK_BYTES 320225280
### DOCKER_EXIT 0
### WALL_SECONDS 302.48
### END 2026-09-24T11:45:09-07:00
