### FILE netlists/PATCH/B_mac_s_w8__tree_pre.aig
### ARGS -mac -s -ips -p -c -no-steps
### TIMEOUT 60
### START 2026-09-24T03:29:13-07:00
██▓▓░░░░░░░░░░░░░░░░░░░░░░░░░░░░░░░░░  Trace  ░░░░░░░░░░░░░░░░░░░░░░░░░░░░░░░░▓▓██
║ [Build]   compiled on: Apr 13 2026 at 16:17:50
║           built as: Release version
║ [Options] file: /data/netlists/PATCH/B_mac_s_w8__tree_pre.aig
║           mode: mac
║           sign: signed
║           method: ips
║           phase optimization: enabled
║           conflict detection: enabled
║           progress steps: disabled
║
Killed
### TRACE_EXIT 137
### CGROUP_MEMORY_PEAK_BYTES 140890112
### DOCKER_EXIT 0
### WALL_SECONDS 61.08
### END 2026-09-24T03:30:14-07:00
