### FILE netlists/MAIN/MUT_trunc_mul_u_w8__norm.aig
### ARGS -mul -igs -p -c -no-steps
### TIMEOUT 60
### START 2026-09-24T03:38:15-07:00
██▓▓░░░░░░░░░░░░░░░░░░░░░░░░░░░░░░░░░  Trace  ░░░░░░░░░░░░░░░░░░░░░░░░░░░░░░░░▓▓██
║ [Build]   compiled on: Apr 13 2026 at 16:17:50
║           built as: Release version
║ [Options] file: /data/netlists/MAIN/MUT_trunc_mul_u_w8__norm.aig
║           mode: mul
║           sign: unsigned
║           method: igs
║           phase optimization: enabled
║           conflict detection: enabled
║           progress steps: disabled
║
Killed
### TRACE_EXIT 137
### CGROUP_MEMORY_PEAK_BYTES 123301888
### DOCKER_EXIT 0
### WALL_SECONDS 61.89
### END 2026-09-24T03:39:17-07:00
