### FILE netlists/MAIN/MUT_trunc_mul_u_w16__booth.aig
### ARGS -mul -dyn -p -c -no-steps
### TIMEOUT 120
### START 2026-09-24T12:28:08-07:00
██▓▓░░░░░░░░░░░░░░░░░░░░░░░░░░░░░░░░░  Trace  ░░░░░░░░░░░░░░░░░░░░░░░░░░░░░░░░▓▓██
║ [Build]   compiled on: Apr 13 2026 at 16:17:50
║           built as: Release version
║ [Options] file: /data/netlists/MAIN/MUT_trunc_mul_u_w16__booth.aig
║           mode: mul
║           sign: unsigned
║           method: dyn
║           phase optimization: enabled
║           conflict detection: enabled
║           progress steps: disabled
║
Killed
### TRACE_EXIT 137
### CGROUP_MEMORY_PEAK_BYTES 72327168
### DOCKER_EXIT 0
### WALL_SECONDS 121.72
### END 2026-09-24T12:30:10-07:00
