### FILE netlists/MAIN/MUT_accum_mac_u_w8__norm.aig
### ARGS -mac -ipc -p -c -no-steps
### TIMEOUT 60
### START 2026-09-24T03:31:02-07:00
██▓▓░░░░░░░░░░░░░░░░░░░░░░░░░░░░░░░░░  Trace  ░░░░░░░░░░░░░░░░░░░░░░░░░░░░░░░░▓▓██
║ [Build]   compiled on: Apr 13 2026 at 16:17:50
║           built as: Release version
║ [Options] file: /data/netlists/MAIN/MUT_accum_mac_u_w8__norm.aig
║           mode: mac
║           sign: unsigned
║           method: ipc
║           phase optimization: enabled
║           conflict detection: enabled
║           progress steps: disabled
║
Killed
### TRACE_EXIT 137
### CGROUP_MEMORY_PEAK_BYTES 142950400
### DOCKER_EXIT 0
### WALL_SECONDS 60.84
### END 2026-09-24T03:32:03-07:00
