### FILE netlists/MAIN/MUT_accum_mac_u_w16__tree.aig
### ARGS -mac -dyn -p -c -no-steps
### TIMEOUT 120
### START 2026-09-24T12:15:56-07:00
██▓▓░░░░░░░░░░░░░░░░░░░░░░░░░░░░░░░░░  Trace  ░░░░░░░░░░░░░░░░░░░░░░░░░░░░░░░░▓▓██
║ [Build]   compiled on: Apr 13 2026 at 16:17:50
║           built as: Release version
║ [Options] file: /data/netlists/MAIN/MUT_accum_mac_u_w16__tree.aig
║           mode: mac
║           sign: unsigned
║           method: dyn
║           phase optimization: enabled
║           conflict detection: enabled
║           progress steps: disabled
║
Killed
### TRACE_EXIT 137
### CGROUP_MEMORY_PEAK_BYTES 103550976
### DOCKER_EXIT 0
### WALL_SECONDS 121.61
### END 2026-09-24T12:17:57-07:00
