### FILE netlists/MAIN/MUT_plus1_dot2_u_w16__tree.aig
### ARGS -dot=2 -ipc -p -c -no-steps
### TIMEOUT 120
### START 2026-09-24T12:26:41-07:00
██▓▓░░░░░░░░░░░░░░░░░░░░░░░░░░░░░░░░░  Trace  ░░░░░░░░░░░░░░░░░░░░░░░░░░░░░░░░▓▓██
║ [Build]   compiled on: Apr 13 2026 at 16:17:50
║           built as: Release version
║ [Options] file: /data/netlists/MAIN/MUT_plus1_dot2_u_w16__tree.aig
║           mode: dot=2
║           sign: unsigned
║           method: ipc
║           phase optimization: enabled
║           conflict detection: enabled
║           progress steps: disabled
║
Killed
### TRACE_EXIT 137
### CGROUP_MEMORY_PEAK_BYTES 208441344
### DOCKER_EXIT 0
### WALL_SECONDS 121.72
### END 2026-09-24T12:28:42-07:00
