### FILE netlists/MAIN/B_dot2_u_w8__tree_nofma.aig
### ARGS -dot=2 -idx -p -c -no-steps
### TIMEOUT 60
### START 2026-09-24T03:25:51-07:00
██▓▓░░░░░░░░░░░░░░░░░░░░░░░░░░░░░░░░░  Trace  ░░░░░░░░░░░░░░░░░░░░░░░░░░░░░░░░▓▓██
║ [Build]   compiled on: Apr 13 2026 at 16:17:50
║           built as: Release version
║ [Options] file: /data/netlists/MAIN/B_dot2_u_w8__tree_nofma.aig
║           mode: dot=2
║           sign: unsigned
║           method: idx
║           phase optimization: enabled
║           conflict detection: enabled
║           progress steps: disabled
║
╚═ Result: Correct
╔═ Final Report
║ Trace compiled on: Apr 13 2026 at 16:17:30 (release build)
║ 
╠═ Program modes
║ Circuit mode: dot
║ Traversal method: idx
║ Debug mode: Y
║ 
╠═ General Information
║ Circuit path: /data/netlists/MAIN/B_dot2_u_w8__tree_nofma.aig
║ Maximum polynomial : 146
║ Number of iteration: 15
║ Elapsed time: 12.6575 (in seconds)
║ Number and-gates : 1305
║ Substitution steps : 17
║ Number of removed conflicts : 212593
║ Total calculated conflicts : 18914
║ Conflict calculation time: 0.025622 (in seconds)
║ Number of negated nodes : 459
╚═ Process complete
	Command being timed: "/opt/trace/trace /data/netlists/MAIN/B_dot2_u_w8__tree_nofma.aig -dot=2 -idx -p -c -no-steps"
	User time (seconds): 12.09
	System time (seconds): 0.21
	Percent of CPU this job got: 96%
	Elapsed (wall clock) time (h:mm:ss or m:ss): 0m 12.70s
	Average shared text size (kbytes): 0
	Average unshared data size (kbytes): 0
	Average stack size (kbytes): 0
	Average total size (kbytes): 0
	Maximum resident set size (kbytes): 70480
	Average resident set size (kbytes): 0
	Major (requiring I/O) page faults: 0
	Minor (reclaiming a frame) page faults: 5620
	Voluntary context switches: 15
	Involuntary context switches: 1278
	Swaps: 0
	File system inputs: 7
	File system outputs: 0
	Socket messages sent: 0
	Socket messages received: 0
	Signals delivered: 0
	Page size (bytes): 4096
	Exit status: 0
### TRACE_EXIT 0
### CGROUP_MEMORY_PEAK_BYTES 17129472
### DOCKER_EXIT 0
### WALL_SECONDS 13.65
### END 2026-09-24T03:26:05-07:00
