### FILE netlists/MAIN/B_mac_u_w32__norm.aig
### ARGS -mac -ips -p -c -no-steps
### TIMEOUT 300
### START 2026-09-24T12:12:35-07:00
██▓▓░░░░░░░░░░░░░░░░░░░░░░░░░░░░░░░░░  Trace  ░░░░░░░░░░░░░░░░░░░░░░░░░░░░░░░░▓▓██
║ [Build]   compiled on: Apr 13 2026 at 16:17:50
║           built as: Release version
║ [Options] file: /data/netlists/MAIN/B_mac_u_w32__norm.aig
║           mode: mac
║           sign: unsigned
║           method: ips
║           phase optimization: enabled
║           conflict detection: enabled
║           progress steps: disabled
║
Killed
### TRACE_EXIT 137
### CGROUP_MEMORY_PEAK_BYTES 478879744
### DOCKER_EXIT 0
### WALL_SECONDS 302.12
### END 2026-09-24T12:17:37-07:00
