### FILE netlists/MAIN/A_mul_u_w8__booth.aig
### ARGS -mul -igsm -p -c -no-steps
### TIMEOUT 60
### START 2026-09-24T03:20:39-07:00
██▓▓░░░░░░░░░░░░░░░░░░░░░░░░░░░░░░░░░  Trace  ░░░░░░░░░░░░░░░░░░░░░░░░░░░░░░░░▓▓██
║ [Build]   compiled on: Apr 13 2026 at 16:17:50
║           built as: Release version
║ [Options] file: /data/netlists/MAIN/A_mul_u_w8__booth.aig
║           mode: mul
║           sign: unsigned
║           method: igsm
║           phase optimization: enabled
║           conflict detection: enabled
║           progress steps: disabled
║
Killed
### TRACE_EXIT 137
### CGROUP_MEMORY_PEAK_BYTES 129560576
### DOCKER_EXIT 0
### WALL_SECONDS 61.24
### END 2026-09-24T03:21:41-07:00
