### FILE netlists/CONTROL/A_mul_u_w8__booth_pre_folded.aig
### ARGS -mul -dyn -p -c -no-steps
### TIMEOUT 60
### START 2026-09-24T03:15:34-07:00
██▓▓░░░░░░░░░░░░░░░░░░░░░░░░░░░░░░░░░  Trace  ░░░░░░░░░░░░░░░░░░░░░░░░░░░░░░░░▓▓██
║ [Build]   compiled on: Apr 13 2026 at 16:17:50
║           built as: Release version
║ [Options] file: /data/netlists/CONTROL/A_mul_u_w8__booth_pre_folded.aig
║           mode: mul
║           sign: unsigned
║           method: dyn
║           phase optimization: enabled
║           conflict detection: enabled
║           progress steps: disabled
║
╚═ Result: Correct
╔═ Final Report
║ Trace compiled on: Apr 13 2026 at 16:17:30 (release build)
║ 
╠═ Program modes
║ Circuit mode: mul
║ Traversal method: dyn
║ Debug mode: Y
║ 
╠═ General Information
║ Circuit path: /data/netlists/CONTROL/A_mul_u_w8__booth_pre_folded.aig
║ Maximum polynomial : 179
║ Number of iteration: 678
║ Elapsed time: 0.0610912 (in seconds)
║ Number and-gates : 664
║ Substitution steps : 680
║ Number of removed conflicts : 402
║ Total calculated conflicts : 14240
║ Conflict calculation time: 0.0117868 (in seconds)
║ Number of negated nodes : 63
╚═ Process complete
	Command being timed: "/opt/trace/trace /data/netlists/CONTROL/A_mul_u_w8__booth_pre_folded.aig -mul -dyn -p -c -no-steps"
	User time (seconds): 0.06
	System time (seconds): 0.00
	Percent of CPU this job got: 78%
	Elapsed (wall clock) time (h:mm:ss or m:ss): 0m 0.09s
	Average shared text size (kbytes): 0
	Average unshared data size (kbytes): 0
	Average stack size (kbytes): 0
	Average total size (kbytes): 0
	Maximum resident set size (kbytes): 21952
	Average resident set size (kbytes): 0
	Major (requiring I/O) page faults: 0
	Minor (reclaiming a frame) page faults: 788
	Voluntary context switches: 15
	Involuntary context switches: 67
	Swaps: 0
	File system inputs: 3
	File system outputs: 0
	Socket messages sent: 0
	Socket messages received: 0
	Signals delivered: 0
	Page size (bytes): 4096
	Exit status: 0
### TRACE_EXIT 0
### CGROUP_MEMORY_PEAK_BYTES 4616192
### DOCKER_EXIT 0
### WALL_SECONDS 0.94
### END 2026-09-24T03:15:35-07:00
