### FILE netlists/MAIN/A_mul_u_w16__norm_pre.aig
### ARGS -mul -dyn -p -c -no-steps
### TIMEOUT 120
### START 2026-09-24T03:46:14-07:00
██▓▓░░░░░░░░░░░░░░░░░░░░░░░░░░░░░░░░░  Trace  ░░░░░░░░░░░░░░░░░░░░░░░░░░░░░░░░▓▓██
║ [Build]   compiled on: Apr 13 2026 at 16:17:50
║           built as: Release version
║ [Options] file: /data/netlists/MAIN/A_mul_u_w16__norm_pre.aig
║           mode: mul
║           sign: unsigned
║           method: dyn
║           phase optimization: enabled
║           conflict detection: enabled
║           progress steps: disabled
║
╚═ Result: Correct
╔═ Final Report
║ Trace compiled on: Apr 13 2026 at 16:17:30 (release build)
║ 
╠═ Program modes
║ Circuit mode: mul
║ Traversal method: dyn
║ Debug mode: Y
║ 
╠═ General Information
║ Circuit path: /data/netlists/MAIN/A_mul_u_w16__norm_pre.aig
║ Maximum polynomial : 378
║ Number of iteration: 2651
║ Elapsed time: 0.423925 (in seconds)
║ Number and-gates : 2621
║ Substitution steps : 2653
║ Number of removed conflicts : 790
║ Total calculated conflicts : 42342
║ Conflict calculation time: 0.0475698 (in seconds)
║ Number of negated nodes : 250
╚═ Process complete
	Command being timed: "/opt/trace/trace /data/netlists/MAIN/A_mul_u_w16__norm_pre.aig -mul -dyn -p -c -no-steps"
	User time (seconds): 0.40
	System time (seconds): 0.05
	Percent of CPU this job got: 93%
	Elapsed (wall clock) time (h:mm:ss or m:ss): 0m 0.48s
	Average shared text size (kbytes): 0
	Average unshared data size (kbytes): 0
	Average stack size (kbytes): 0
	Average total size (kbytes): 0
	Maximum resident set size (kbytes): 49568
	Average resident set size (kbytes): 0
	Major (requiring I/O) page faults: 0
	Minor (reclaiming a frame) page faults: 2700
	Voluntary context switches: 15
	Involuntary context switches: 596
	Swaps: 0
	File system inputs: 13
	File system outputs: 0
	Socket messages sent: 0
	Socket messages received: 0
	Signals delivered: 0
	Page size (bytes): 4096
	Exit status: 0
### TRACE_EXIT 0
### CGROUP_MEMORY_PEAK_BYTES 11255808
### DOCKER_EXIT 0
### WALL_SECONDS 1.52
### END 2026-09-24T03:46:15-07:00
