### FILE netlists/MAIN/B_mac_s_w8__tree.aig
### ARGS -mac -s -idx -p -c -no-steps
### TIMEOUT 60
### START 2026-09-24T03:27:24-07:00
██▓▓░░░░░░░░░░░░░░░░░░░░░░░░░░░░░░░░░  Trace  ░░░░░░░░░░░░░░░░░░░░░░░░░░░░░░░░▓▓██
║ [Build]   compiled on: Apr 13 2026 at 16:17:50
║           built as: Release version
║ [Options] file: /data/netlists/MAIN/B_mac_s_w8__tree.aig
║           mode: mac
║           sign: signed
║           method: idx
║           phase optimization: enabled
║           conflict detection: enabled
║           progress steps: disabled
║
╠═ Result: Buggy
║   [34mSP: {1} 65536[39m
╔═ Final Report
║ Trace compiled on: Apr 13 2026 at 16:17:30 (release build)
║ 
╠═ Program modes
║ Circuit mode: mac
║ Traversal method: idx
║ Debug mode: Y
║ 
╠═ General Information
║ Circuit path: /data/netlists/MAIN/B_mac_s_w8__tree.aig
║ Maximum polynomial : 98
║ Number of iteration: 15
║ Elapsed time: 0.0499943 (in seconds)
║ Number and-gates : 760
║ Substitution steps : 17
║ Number of removed conflicts : 571
║ Total calculated conflicts : 11204
║ Conflict calculation time: 0.0215674 (in seconds)
║ Number of negated nodes : 122
╚═ Process complete
	Command being timed: "/opt/trace/trace /data/netlists/MAIN/B_mac_s_w8__tree.aig -mac -s -idx -p -c -no-steps"
	User time (seconds): 0.05
	System time (seconds): 0.00
	Percent of CPU this job got: 55%
	Elapsed (wall clock) time (h:mm:ss or m:ss): 0m 0.10s
	Average shared text size (kbytes): 0
	Average unshared data size (kbytes): 0
	Average stack size (kbytes): 0
	Average total size (kbytes): 0
	Maximum resident set size (kbytes): 18880
	Average resident set size (kbytes): 0
	Major (requiring I/O) page faults: 0
	Minor (reclaiming a frame) page faults: 595
	Voluntary context switches: 14
	Involuntary context switches: 23
	Swaps: 0
	File system inputs: 4
	File system outputs: 0
	Socket messages sent: 0
	Socket messages received: 0
	Signals delivered: 0
	Page size (bytes): 4096
	Exit status: 0
### TRACE_EXIT 0
### CGROUP_MEMORY_PEAK_BYTES 5398528
### DOCKER_EXIT 0
### WALL_SECONDS 1.28
### END 2026-09-24T03:27:26-07:00
