### FILE netlists/MAIN/A_mul_s_w16__booth_lp.aig
### ARGS -mul -s -dyn -p -c -no-steps
### TIMEOUT 120
### START 2026-09-24T03:44:29-07:00
██▓▓░░░░░░░░░░░░░░░░░░░░░░░░░░░░░░░░░  Trace  ░░░░░░░░░░░░░░░░░░░░░░░░░░░░░░░░▓▓██
║ [Build]   compiled on: Apr 13 2026 at 16:17:50
║           built as: Release version
║ [Options] file: /data/netlists/MAIN/A_mul_s_w16__booth_lp.aig
║           mode: mul
║           sign: signed
║           method: dyn
║           phase optimization: enabled
║           conflict detection: enabled
║           progress steps: disabled
║
Killed
### TRACE_EXIT 137
### CGROUP_MEMORY_PEAK_BYTES 119689216
### DOCKER_EXIT 0
### WALL_SECONDS 121.88
### END 2026-09-24T03:46:31-07:00
