### FILE netlists/MAIN/B_dot2_u_w16__tree_fa.aig
### ARGS -dot=2 -ipc -p -c -no-steps
### TIMEOUT 120
### START 2026-09-24T03:51:30-07:00
██▓▓░░░░░░░░░░░░░░░░░░░░░░░░░░░░░░░░░  Trace  ░░░░░░░░░░░░░░░░░░░░░░░░░░░░░░░░▓▓██
║ [Build]   compiled on: Apr 13 2026 at 16:17:50
║           built as: Release version
║ [Options] file: /data/netlists/MAIN/B_dot2_u_w16__tree_fa.aig
║           mode: dot=2
║           sign: unsigned
║           method: ipc
║           phase optimization: enabled
║           conflict detection: enabled
║           progress steps: disabled
║
Killed
### TRACE_EXIT 137
### CGROUP_MEMORY_PEAK_BYTES 172072960
### DOCKER_EXIT 0
### WALL_SECONDS 121.93
### END 2026-09-24T03:53:32-07:00
