### FILE netlists/MAIN/B_dot2_u_w16__tree_ripple.aig
### ARGS -dot=2 -igsm -p -c -no-steps
### TIMEOUT 120
### START 2026-09-24T11:46:57-07:00
██▓▓░░░░░░░░░░░░░░░░░░░░░░░░░░░░░░░░░  Trace  ░░░░░░░░░░░░░░░░░░░░░░░░░░░░░░░░▓▓██
║ [Build]   compiled on: Apr 13 2026 at 16:17:50
║           built as: Release version
║ [Options] file: /data/netlists/MAIN/B_dot2_u_w16__tree_ripple.aig
║           mode: dot=2
║           sign: unsigned
║           method: igsm
║           phase optimization: enabled
║           conflict detection: enabled
║           progress steps: disabled
║
Killed
### TRACE_EXIT 137
### CGROUP_MEMORY_PEAK_BYTES 206016512
### DOCKER_EXIT 0
### WALL_SECONDS 1091.82
### END 2026-09-24T12:05:09-07:00
