### FILE netlists/MAIN/B_mac_s_w16__tree_nofma.aig
### ARGS -mac -s -dyn -p -c -no-steps
### TIMEOUT 120
### START 2026-09-24T03:58:34-07:00
██▓▓░░░░░░░░░░░░░░░░░░░░░░░░░░░░░░░░░  Trace  ░░░░░░░░░░░░░░░░░░░░░░░░░░░░░░░░▓▓██
║ [Build]   compiled on: Apr 13 2026 at 16:17:50
║           built as: Release version
║ [Options] file: /data/netlists/MAIN/B_mac_s_w16__tree_nofma.aig
║           mode: mac
║           sign: signed
║           method: dyn
║           phase optimization: enabled
║           conflict detection: enabled
║           progress steps: disabled
║
╚═ Result: Correct
╔═ Final Report
║ Trace compiled on: Apr 13 2026 at 16:17:30 (release build)
║ 
╠═ Program modes
║ Circuit mode: mac
║ Traversal method: dyn
║ Debug mode: Y
║ 
╠═ General Information
║ Circuit path: /data/netlists/MAIN/B_mac_s_w16__tree_nofma.aig
║ Maximum polynomial : 475
║ Number of iteration: 3511
║ Elapsed time: 2.29786 (in seconds)
║ Number and-gates : 3480
║ Substitution steps : 3513
║ Number of removed conflicts : 1278
║ Total calculated conflicts : 53658
║ Conflict calculation time: 0.120039 (in seconds)
║ Number of negated nodes : 410
╚═ Process complete
	Command being timed: "/opt/trace/trace /data/netlists/MAIN/B_mac_s_w16__tree_nofma.aig -mac -s -dyn -p -c -no-steps"
	User time (seconds): 1.64
	System time (seconds): 0.23
	Percent of CPU this job got: 76%
	Elapsed (wall clock) time (h:mm:ss or m:ss): 0m 2.46s
	Average shared text size (kbytes): 0
	Average unshared data size (kbytes): 0
	Average stack size (kbytes): 0
	Average total size (kbytes): 0
	Maximum resident set size (kbytes): 61536
	Average resident set size (kbytes): 0
	Major (requiring I/O) page faults: 0
	Minor (reclaiming a frame) page faults: 3410
	Voluntary context switches: 16
	Involuntary context switches: 1090
	Swaps: 0
	File system inputs: 18
	File system outputs: 0
	Socket messages sent: 0
	Socket messages received: 0
	Signals delivered: 0
	Page size (bytes): 4096
	Exit status: 0
### TRACE_EXIT 0
### CGROUP_MEMORY_PEAK_BYTES 14557184
### DOCKER_EXIT 0
### WALL_SECONDS 5.10
### END 2026-09-24T03:58:39-07:00
