### FILE netlists/MAIN/A_mul_s_w8__norm.aig
### ARGS -mul -s -idx -p -c -no-steps
### TIMEOUT 120
### START 2026-09-24T03:20:18-07:00
██▓▓░░░░░░░░░░░░░░░░░░░░░░░░░░░░░░░░░  Trace  ░░░░░░░░░░░░░░░░░░░░░░░░░░░░░░░░▓▓██
║ [Build]   compiled on: Apr 13 2026 at 16:17:50
║           built as: Release version
║ [Options] file: /data/netlists/MAIN/A_mul_s_w8__norm.aig
║           mode: mul
║           sign: signed
║           method: idx
║           phase optimization: enabled
║           conflict detection: enabled
║           progress steps: disabled
║
╚═ Result: Correct
╔═ Final Report
║ Trace compiled on: Apr 13 2026 at 16:17:30 (release build)
║ 
╠═ Program modes
║ Circuit mode: mul
║ Traversal method: idx
║ Debug mode: Y
║ 
╠═ General Information
║ Circuit path: /data/netlists/MAIN/A_mul_s_w8__norm.aig
║ Maximum polynomial : 81
║ Number of iteration: 14
║ Elapsed time: 1.21984 (in seconds)
║ Number and-gates : 695
║ Substitution steps : 16
║ Number of removed conflicts : 35489
║ Total calculated conflicts : 11056
║ Conflict calculation time: 0.00790103 (in seconds)
║ Number of negated nodes : 135
╚═ Process complete
	Command being timed: "/opt/trace/trace /data/netlists/MAIN/A_mul_s_w8__norm.aig -mul -s -idx -p -c -no-steps"
	User time (seconds): 0.83
	System time (seconds): 0.00
	Percent of CPU this job got: 66%
	Elapsed (wall clock) time (h:mm:ss or m:ss): 0m 1.24s
	Average shared text size (kbytes): 0
	Average unshared data size (kbytes): 0
	Average stack size (kbytes): 0
	Average total size (kbytes): 0
	Maximum resident set size (kbytes): 28096
	Average resident set size (kbytes): 0
	Major (requiring I/O) page faults: 0
	Minor (reclaiming a frame) page faults: 1210
	Voluntary context switches: 15
	Involuntary context switches: 90
	Swaps: 0
	File system inputs: 3
	File system outputs: 0
	Socket messages sent: 0
	Socket messages received: 0
	Signals delivered: 0
	Page size (bytes): 4096
	Exit status: 0
### TRACE_EXIT 0
### CGROUP_MEMORY_PEAK_BYTES 6569984
### DOCKER_EXIT 0
### WALL_SECONDS 2.74
### END 2026-09-24T03:20:21-07:00
