### FILE netlists/MAIN/B_mac_s_w64__tree_pre.aig
### ARGS -mac -s -dyn -p -c -no-steps
### TIMEOUT 900
### START 2026-09-24T11:40:16-07:00
██▓▓░░░░░░░░░░░░░░░░░░░░░░░░░░░░░░░░░  Trace  ░░░░░░░░░░░░░░░░░░░░░░░░░░░░░░░░▓▓██
║ [Build]   compiled on: Apr 13 2026 at 16:17:50
║           built as: Release version
║ [Options] file: /data/netlists/MAIN/B_mac_s_w64__tree_pre.aig
║           mode: mac
║           sign: signed
║           method: dyn
║           phase optimization: enabled
║           conflict detection: enabled
║           progress steps: disabled
║
╠═ Result: Buggy
║   [34mSP: {1} 340282366920938463463374607431768211456[39m
╔═ Final Report
║ Trace compiled on: Apr 13 2026 at 16:17:30 (release build)
║ 
╠═ Program modes
║ Circuit mode: mac
║ Traversal method: dyn
║ Debug mode: Y
║ 
╠═ General Information
║ Circuit path: /data/netlists/MAIN/B_mac_s_w64__tree_pre.aig
║ Maximum polynomial : 5921
║ Number of iteration: 43303
║ Elapsed time: 209.228 (in seconds)
║ Number and-gates : 43176
║ Substitution steps : 43305
║ Number of removed conflicts : 51923
║ Total calculated conflicts : 584782
║ Conflict calculation time: 1.05466 (in seconds)
║ Number of negated nodes : 4454
╚═ Process complete
	Command being timed: "/opt/trace/trace /data/netlists/MAIN/B_mac_s_w64__tree_pre.aig -mac -s -dyn -p -c -no-steps"
	User time (seconds): 143.69
	System time (seconds): 2.73
	Percent of CPU this job got: 69%
	Elapsed (wall clock) time (h:mm:ss or m:ss): 3m 30.71s
	Average shared text size (kbytes): 0
	Average unshared data size (kbytes): 0
	Average stack size (kbytes): 0
	Average total size (kbytes): 0
	Maximum resident set size (kbytes): 617184
	Average resident set size (kbytes): 0
	Major (requiring I/O) page faults: 0
	Minor (reclaiming a frame) page faults: 41987
	Voluntary context switches: 28
	Involuntary context switches: 28664
	Swaps: 0
	File system inputs: 216
	File system outputs: 0
	Socket messages sent: 0
	Socket messages received: 0
	Signals delivered: 0
	Page size (bytes): 4096
	Exit status: 0
### TRACE_EXIT 0
### CGROUP_MEMORY_PEAK_BYTES 157216768
### DOCKER_EXIT 0
### WALL_SECONDS 212.37
### END 2026-09-24T11:43:49-07:00
