### FILE netlists/MAIN/B_dot2_u_w16__norm_pre.aig
### ARGS -dot=2 -dyn -p -c -no-steps
### TIMEOUT 120
### START 2026-09-24T03:46:31-07:00
██▓▓░░░░░░░░░░░░░░░░░░░░░░░░░░░░░░░░░  Trace  ░░░░░░░░░░░░░░░░░░░░░░░░░░░░░░░░▓▓██
║ [Build]   compiled on: Apr 13 2026 at 16:17:50
║           built as: Release version
║ [Options] file: /data/netlists/MAIN/B_dot2_u_w16__norm_pre.aig
║           mode: dot=2
║           sign: unsigned
║           method: dyn
║           phase optimization: enabled
║           conflict detection: enabled
║           progress steps: disabled
║
╚═ Result: Correct
╔═ Final Report
║ Trace compiled on: Apr 13 2026 at 16:17:30 (release build)
║ 
╠═ Program modes
║ Circuit mode: dot
║ Traversal method: dyn
║ Debug mode: Y
║ 
╠═ General Information
║ Circuit path: /data/netlists/MAIN/B_dot2_u_w16__norm_pre.aig
║ Maximum polynomial : 731
║ Number of iteration: 5585
║ Elapsed time: 2.17919 (in seconds)
║ Number and-gates : 5554
║ Substitution steps : 5587
║ Number of removed conflicts : 1666
║ Total calculated conflicts : 89656
║ Conflict calculation time: 0.110323 (in seconds)
║ Number of negated nodes : 571
╚═ Process complete
	Command being timed: "/opt/trace/trace /data/netlists/MAIN/B_dot2_u_w16__norm_pre.aig -dot=2 -dyn -p -c -no-steps"
	User time (seconds): 1.72
	System time (seconds): 0.24
	Percent of CPU this job got: 83%
	Elapsed (wall clock) time (h:mm:ss or m:ss): 0m 2.35s
	Average shared text size (kbytes): 0
	Average unshared data size (kbytes): 0
	Average stack size (kbytes): 0
	Average total size (kbytes): 0
	Maximum resident set size (kbytes): 91632
	Average resident set size (kbytes): 0
	Major (requiring I/O) page faults: 0
	Minor (reclaiming a frame) page faults: 5684
	Voluntary context switches: 16
	Involuntary context switches: 1783
	Swaps: 0
	File system inputs: 27
	File system outputs: 0
	Socket messages sent: 0
	Socket messages received: 0
	Signals delivered: 0
	Page size (bytes): 4096
	Exit status: 0
### TRACE_EXIT 0
### CGROUP_MEMORY_PEAK_BYTES 22597632
### DOCKER_EXIT 0
### WALL_SECONDS 3.55
### END 2026-09-24T03:46:35-07:00
