### FILE netlists/PATCH/B_mac_s_w64__tree_pre.aig
### ARGS -mac -s -dyn -p -c -no-steps
### TIMEOUT 900
### START 2026-09-24T11:36:35-07:00
██▓▓░░░░░░░░░░░░░░░░░░░░░░░░░░░░░░░░░  Trace  ░░░░░░░░░░░░░░░░░░░░░░░░░░░░░░░░▓▓██
║ [Build]   compiled on: Apr 13 2026 at 16:17:50
║           built as: Release version
║ [Options] file: /data/netlists/PATCH/B_mac_s_w64__tree_pre.aig
║           mode: mac
║           sign: signed
║           method: dyn
║           phase optimization: enabled
║           conflict detection: enabled
║           progress steps: disabled
║
╚═ Result: Correct
╔═ Final Report
║ Trace compiled on: Apr 13 2026 at 16:17:30 (release build)
║ 
╠═ Program modes
║ Circuit mode: mac
║ Traversal method: dyn
║ Debug mode: Y
║ 
╠═ General Information
║ Circuit path: /data/netlists/PATCH/B_mac_s_w64__tree_pre.aig
║ Maximum polynomial : 5860
║ Number of iteration: 43303
║ Elapsed time: 216.962 (in seconds)
║ Number and-gates : 43176
║ Substitution steps : 43305
║ Number of removed conflicts : 53813
║ Total calculated conflicts : 584914
║ Conflict calculation time: 1.55312 (in seconds)
║ Number of negated nodes : 4528
╚═ Process complete
	Command being timed: "/opt/trace/trace /data/netlists/PATCH/B_mac_s_w64__tree_pre.aig -mac -s -dyn -p -c -no-steps"
	User time (seconds): 152.82
	System time (seconds): 3.44
	Percent of CPU this job got: 71%
	Elapsed (wall clock) time (h:mm:ss or m:ss): 3m 39.11s
	Average shared text size (kbytes): 0
	Average unshared data size (kbytes): 0
	Average stack size (kbytes): 0
	Average total size (kbytes): 0
	Maximum resident set size (kbytes): 618368
	Average resident set size (kbytes): 0
	Major (requiring I/O) page faults: 0
	Minor (reclaiming a frame) page faults: 41989
	Voluntary context switches: 28
	Involuntary context switches: 35637
	Swaps: 0
	File system inputs: 216
	File system outputs: 0
	Socket messages sent: 0
	Socket messages received: 0
	Signals delivered: 0
	Page size (bytes): 4096
	Exit status: 0
### TRACE_EXIT 0
### CGROUP_MEMORY_PEAK_BYTES 157241344
### DOCKER_EXIT 0
### WALL_SECONDS 221.35
### END 2026-09-24T11:40:16-07:00
