### FILE netlists/MAIN/B_mac_s_w32__tree_pre.aig
### ARGS -mac -s -ipc -p -c -no-steps
### TIMEOUT 300
### START 2026-09-24T03:52:21-07:00
██▓▓░░░░░░░░░░░░░░░░░░░░░░░░░░░░░░░░░  Trace  ░░░░░░░░░░░░░░░░░░░░░░░░░░░░░░░░▓▓██
║ [Build]   compiled on: Apr 13 2026 at 16:17:50
║           built as: Release version
║ [Options] file: /data/netlists/MAIN/B_mac_s_w32__tree_pre.aig
║           mode: mac
║           sign: signed
║           method: ipc
║           phase optimization: enabled
║           conflict detection: enabled
║           progress steps: disabled
║
Killed
### TRACE_EXIT 137
### CGROUP_MEMORY_PEAK_BYTES 712232960
### DOCKER_EXIT 0
### WALL_SECONDS 302.67
### END 2026-09-24T03:57:24-07:00
