### FILE netlists/CONTROL/A_mul_u_w64__booth_pre_folded.aig
### ARGS -mul -dyn -p -c -no-steps
### TIMEOUT 900
### START 2026-09-24T03:49:51-07:00
██▓▓░░░░░░░░░░░░░░░░░░░░░░░░░░░░░░░░░  Trace  ░░░░░░░░░░░░░░░░░░░░░░░░░░░░░░░░▓▓██
║ [Build]   compiled on: Apr 13 2026 at 16:17:50
║           built as: Release version
║ [Options] file: /data/netlists/CONTROL/A_mul_u_w64__booth_pre_folded.aig
║           mode: mul
║           sign: unsigned
║           method: dyn
║           phase optimization: enabled
║           conflict detection: enabled
║           progress steps: disabled
║
╚═ Result: Correct
╔═ Final Report
║ Trace compiled on: Apr 13 2026 at 16:17:30 (release build)
║ 
╠═ Program modes
║ Circuit mode: mul
║ Traversal method: dyn
║ Debug mode: Y
║ 
╠═ General Information
║ Circuit path: /data/netlists/CONTROL/A_mul_u_w64__booth_pre_folded.aig
║ Maximum polynomial : 11686
║ Number of iteration: 33635
║ Elapsed time: 294.072 (in seconds)
║ Number and-gates : 33509
║ Substitution steps : 33637
║ Number of removed conflicts : 38111
║ Total calculated conflicts : 1083594
║ Conflict calculation time: 2.50985 (in seconds)
║ Number of negated nodes : 2388
╚═ Process complete
	Command being timed: "/opt/trace/trace /data/netlists/CONTROL/A_mul_u_w64__booth_pre_folded.aig -mul -dyn -p -c -no-steps"
	User time (seconds): 222.53
	System time (seconds): 12.43
	Percent of CPU this job got: 79%
	Elapsed (wall clock) time (h:mm:ss or m:ss): 4m 57.01s
	Average shared text size (kbytes): 0
	Average unshared data size (kbytes): 0
	Average stack size (kbytes): 0
	Average total size (kbytes): 0
	Maximum resident set size (kbytes): 740736
	Average resident set size (kbytes): 0
	Major (requiring I/O) page faults: 0
	Minor (reclaiming a frame) page faults: 49054
	Voluntary context switches: 27
	Involuntary context switches: 83332
	Swaps: 0
	File system inputs: 182
	File system outputs: 0
	Socket messages sent: 0
	Socket messages received: 0
	Signals delivered: 0
	Page size (bytes): 4096
	Exit status: 0
### TRACE_EXIT 0
### CGROUP_MEMORY_PEAK_BYTES 189718528
### DOCKER_EXIT 0
### WALL_SECONDS 298.41
### END 2026-09-24T03:54:50-07:00
