### FILE netlists/MAIN/A_mul_s_w64__norm_pre.aig
### ARGS -mul -s -dyn -p -c -no-steps
### TIMEOUT 900
### START 2026-09-24T03:47:15-07:00
██▓▓░░░░░░░░░░░░░░░░░░░░░░░░░░░░░░░░░  Trace  ░░░░░░░░░░░░░░░░░░░░░░░░░░░░░░░░▓▓██
║ [Build]   compiled on: Apr 13 2026 at 16:17:50
║           built as: Release version
║ [Options] file: /data/netlists/MAIN/A_mul_s_w64__norm_pre.aig
║           mode: mul
║           sign: signed
║           method: dyn
║           phase optimization: enabled
║           conflict detection: enabled
║           progress steps: disabled
║
╚═ Result: Correct
╔═ Final Report
║ Trace compiled on: Apr 13 2026 at 16:17:30 (release build)
║ 
╠═ Program modes
║ Circuit mode: mul
║ Traversal method: dyn
║ Debug mode: Y
║ 
╠═ General Information
║ Circuit path: /data/netlists/MAIN/A_mul_s_w64__norm_pre.aig
║ Maximum polynomial : 4802
║ Number of iteration: 46286
║ Elapsed time: 151.752 (in seconds)
║ Number and-gates : 46160
║ Substitution steps : 46288
║ Number of removed conflicts : 14278
║ Total calculated conflicts : 731472
║ Conflict calculation time: 1.61723 (in seconds)
║ Number of negated nodes : 4547
╚═ Process complete
	Command being timed: "/opt/trace/trace /data/netlists/MAIN/A_mul_s_w64__norm_pre.aig -mul -s -dyn -p -c -no-steps"
	User time (seconds): 129.99
	System time (seconds): 3.21
	Percent of CPU this job got: 86%
	Elapsed (wall clock) time (h:mm:ss or m:ss): 2m 33.94s
	Average shared text size (kbytes): 0
	Average unshared data size (kbytes): 0
	Average stack size (kbytes): 0
	Average total size (kbytes): 0
	Maximum resident set size (kbytes): 684464
	Average resident set size (kbytes): 0
	Major (requiring I/O) page faults: 0
	Minor (reclaiming a frame) page faults: 46310
	Voluntary context switches: 28
	Involuntary context switches: 24348
	Swaps: 0
	File system inputs: 230
	File system outputs: 0
	Socket messages sent: 0
	Socket messages received: 0
	Signals delivered: 0
	Page size (bytes): 4096
	Exit status: 0
### TRACE_EXIT 0
### CGROUP_MEMORY_PEAK_BYTES 175226880
### DOCKER_EXIT 0
### WALL_SECONDS 155.36
### END 2026-09-24T03:49:51-07:00
