### FILE netlists/MAIN/B_dot2_u_w64__tree_pre.aig
### ARGS -dot=2 -ips -p -c -no-steps
### TIMEOUT 900
### START 2026-09-24T12:36:33-07:00
██▓▓░░░░░░░░░░░░░░░░░░░░░░░░░░░░░░░░░  Trace  ░░░░░░░░░░░░░░░░░░░░░░░░░░░░░░░░▓▓██
║ [Build]   compiled on: Apr 13 2026 at 16:17:50
║           built as: Release version
║ [Options] file: /data/netlists/MAIN/B_dot2_u_w64__tree_pre.aig
║           mode: dot=2
║           sign: unsigned
║           method: ips
║           phase optimization: enabled
║           conflict detection: enabled
║           progress steps: disabled
║
Killed
### TRACE_EXIT 137
### CGROUP_MEMORY_PEAK_BYTES 1351229440
### DOCKER_EXIT 0
### WALL_SECONDS 903.77
### END 2026-09-24T12:51:37-07:00
