### FILE netlists/MAIN/B_mac_u_w64__norm_pre.aig
### ARGS -mac -igs -p -c -no-steps
### TIMEOUT 900
### START 2026-09-24T12:25:43-07:00
██▓▓░░░░░░░░░░░░░░░░░░░░░░░░░░░░░░░░░  Trace  ░░░░░░░░░░░░░░░░░░░░░░░░░░░░░░░░▓▓██
║ [Build]   compiled on: Apr 13 2026 at 16:17:50
║           built as: Release version
║ [Options] file: /data/netlists/MAIN/B_mac_u_w64__norm_pre.aig
║           mode: mac
║           sign: unsigned
║           method: igs
║           phase optimization: enabled
║           conflict detection: enabled
║           progress steps: disabled
║
Killed
### TRACE_EXIT 137
### CGROUP_MEMORY_PEAK_BYTES 2646446080
### DOCKER_EXIT 0
### WALL_SECONDS 904.00
### END 2026-09-24T12:40:47-07:00
