### FILE netlists/MAIN/A_mul_s_w64__booth_pre.aig
### ARGS -mul -s -dyn -p -c -no-steps
### TIMEOUT 900
### START 2026-09-24T03:47:11-07:00
██▓▓░░░░░░░░░░░░░░░░░░░░░░░░░░░░░░░░░  Trace  ░░░░░░░░░░░░░░░░░░░░░░░░░░░░░░░░▓▓██
║ [Build]   compiled on: Apr 13 2026 at 16:17:50
║           built as: Release version
║ [Options] file: /data/netlists/MAIN/A_mul_s_w64__booth_pre.aig
║           mode: mul
║           sign: signed
║           method: dyn
║           phase optimization: enabled
║           conflict detection: enabled
║           progress steps: disabled
║
╚═ Result: Correct
╔═ Final Report
║ Trace compiled on: Apr 13 2026 at 16:17:30 (release build)
║ 
╠═ Program modes
║ Circuit mode: mul
║ Traversal method: dyn
║ Debug mode: Y
║ 
╠═ General Information
║ Circuit path: /data/netlists/MAIN/A_mul_s_w64__booth_pre.aig
║ Maximum polynomial : 12078
║ Number of iteration: 33171
║ Elapsed time: 466.972 (in seconds)
║ Number and-gates : 33045
║ Substitution steps : 33173
║ Number of removed conflicts : 235622
║ Total calculated conflicts : 1031274
║ Conflict calculation time: 3.51247 (in seconds)
║ Number of negated nodes : 2361
╚═ Process complete
	Command being timed: "/opt/trace/trace /data/netlists/MAIN/A_mul_s_w64__booth_pre.aig -mul -s -dyn -p -c -no-steps"
	User time (seconds): 370.89
	System time (seconds): 18.56
	Percent of CPU this job got: 82%
	Elapsed (wall clock) time (h:mm:ss or m:ss): 7m 51.13s
	Average shared text size (kbytes): 0
	Average unshared data size (kbytes): 0
	Average stack size (kbytes): 0
	Average total size (kbytes): 0
	Maximum resident set size (kbytes): 769248
	Average resident set size (kbytes): 0
	Major (requiring I/O) page faults: 0
	Minor (reclaiming a frame) page faults: 50807
	Voluntary context switches: 25
	Involuntary context switches: 134620
	Swaps: 0
	File system inputs: 185
	File system outputs: 0
	Socket messages sent: 0
	Socket messages received: 0
	Signals delivered: 0
	Page size (bytes): 4096
	Exit status: 0
### TRACE_EXIT 0
### CGROUP_MEMORY_PEAK_BYTES 196100096
### DOCKER_EXIT 0
### WALL_SECONDS 472.70
### END 2026-09-24T03:55:04-07:00
