### FILE netlists/MAIN/B_mac_s_w32__tree_pre.aig
### ARGS -mac -s -ips -p -c -no-steps
### TIMEOUT 300
### START 2026-09-24T03:58:14-07:00
██▓▓░░░░░░░░░░░░░░░░░░░░░░░░░░░░░░░░░  Trace  ░░░░░░░░░░░░░░░░░░░░░░░░░░░░░░░░▓▓██
║ [Build]   compiled on: Apr 13 2026 at 16:17:50
║           built as: Release version
║ [Options] file: /data/netlists/MAIN/B_mac_s_w32__tree_pre.aig
║           mode: mac
║           sign: signed
║           method: ips
║           phase optimization: enabled
║           conflict detection: enabled
║           progress steps: disabled
║
Killed
### TRACE_EXIT 137
### CGROUP_MEMORY_PEAK_BYTES 184098816
### DOCKER_EXIT 0
### WALL_SECONDS 27002.86
### END 2026-09-24T11:28:17-07:00
