### FILE netlists/MAIN/B_mac_s_w64__tree_pre.aig
### ARGS -mac -s -ips -p -c -no-steps
### TIMEOUT 900
### START 2026-09-24T12:45:13-07:00
██▓▓░░░░░░░░░░░░░░░░░░░░░░░░░░░░░░░░░  Trace  ░░░░░░░░░░░░░░░░░░░░░░░░░░░░░░░░▓▓██
║ [Build]   compiled on: Apr 13 2026 at 16:17:50
║           built as: Release version
║ [Options] file: /data/netlists/MAIN/B_mac_s_w64__tree_pre.aig
║           mode: mac
║           sign: signed
║           method: ips
║           phase optimization: enabled
║           conflict detection: enabled
║           progress steps: disabled
║
Killed
### TRACE_EXIT 137
### CGROUP_MEMORY_PEAK_BYTES 1431941120
### DOCKER_EXIT 0
### WALL_SECONDS 903.69
### END 2026-09-24T13:00:16-07:00
