### FILE netlists/SWEEP_MAIN/A_mul_s_w16__booth.aig
### ARGS -mul -s -idx -p -c -no-steps
### TIMEOUT 60
### START 2026-09-24T13:07:33-07:00
██▓▓░░░░░░░░░░░░░░░░░░░░░░░░░░░░░░░░░  Trace  ░░░░░░░░░░░░░░░░░░░░░░░░░░░░░░░░▓▓██
║ [Build]   compiled on: Apr 13 2026 at 16:17:50
║           built as: Release version
║ [Options] file: /data/netlists/SWEEP_MAIN/A_mul_s_w16__booth.aig
║           mode: mul
║           sign: signed
║           method: idx
║           phase optimization: enabled
║           conflict detection: enabled
║           progress steps: disabled
║
╚═ Result: Correct
╔═ Final Report
║ Trace compiled on: Apr 13 2026 at 16:17:30 (release build)
║ 
╠═ Program modes
║ Circuit mode: mul
║ Traversal method: idx
║ Debug mode: Y
║ 
╠═ General Information
║ Circuit path: /data/netlists/SWEEP_MAIN/A_mul_s_w16__booth.aig
║ Maximum polynomial : 289
║ Number of iteration: 30
║ Elapsed time: 1.17753 (in seconds)
║ Number and-gates : 2087
║ Substitution steps : 32
║ Number of removed conflicts : 1201
║ Total calculated conflicts : 34406
║ Conflict calculation time: 0.120867 (in seconds)
║ Number of negated nodes : 339
╚═ Process complete
	Command being timed: "/opt/trace/trace /data/netlists/SWEEP_MAIN/A_mul_s_w16__booth.aig -mul -s -idx -p -c -no-steps"
	User time (seconds): 0.64
	System time (seconds): 0.01
	Percent of CPU this job got: 49%
	Elapsed (wall clock) time (h:mm:ss or m:ss): 0m 1.33s
	Average shared text size (kbytes): 0
	Average unshared data size (kbytes): 0
	Average stack size (kbytes): 0
	Average total size (kbytes): 0
	Maximum resident set size (kbytes): 35264
	Average resident set size (kbytes): 0
	Major (requiring I/O) page faults: 0
	Minor (reclaiming a frame) page faults: 1725
	Voluntary context switches: 15
	Involuntary context switches: 176
	Swaps: 0
	File system inputs: 11
	File system outputs: 0
	Socket messages sent: 0
	Socket messages received: 0
	Signals delivered: 0
	Page size (bytes): 4096
	Exit status: 0
### TRACE_EXIT 0
### CGROUP_MEMORY_PEAK_BYTES 8159232
### DOCKER_EXIT 0
### WALL_SECONDS 2.92
### END 2026-09-24T13:07:36-07:00
