### FILE netlists/SWEEP_MAIN/A_mul_s_w15__norm.aig
### ARGS -mul -s -idx -p -c -no-steps
### TIMEOUT 60
### START 2026-09-24T13:07:25-07:00
██▓▓░░░░░░░░░░░░░░░░░░░░░░░░░░░░░░░░░  Trace  ░░░░░░░░░░░░░░░░░░░░░░░░░░░░░░░░▓▓██
║ [Build]   compiled on: Apr 13 2026 at 16:17:50
║           built as: Release version
║ [Options] file: /data/netlists/SWEEP_MAIN/A_mul_s_w15__norm.aig
║           mode: mul
║           sign: signed
║           method: idx
║           phase optimization: enabled
║           conflict detection: enabled
║           progress steps: disabled
║
╚═ Result: Correct
╔═ Final Report
║ Trace compiled on: Apr 13 2026 at 16:17:30 (release build)
║ 
╠═ Program modes
║ Circuit mode: mul
║ Traversal method: idx
║ Debug mode: Y
║ 
╠═ General Information
║ Circuit path: /data/netlists/SWEEP_MAIN/A_mul_s_w15__norm.aig
║ Maximum polynomial : 256
║ Number of iteration: 28
║ Elapsed time: 0.378544 (in seconds)
║ Number and-gates : 2674
║ Substitution steps : 30
║ Number of removed conflicts : 834
║ Total calculated conflicts : 43062
║ Conflict calculation time: 0.125241 (in seconds)
║ Number of negated nodes : 304
╚═ Process complete
	Command being timed: "/opt/trace/trace /data/netlists/SWEEP_MAIN/A_mul_s_w15__norm.aig -mul -s -idx -p -c -no-steps"
	User time (seconds): 0.41
	System time (seconds): 0.03
	Percent of CPU this job got: 79%
	Elapsed (wall clock) time (h:mm:ss or m:ss): 0m 0.56s
	Average shared text size (kbytes): 0
	Average unshared data size (kbytes): 0
	Average stack size (kbytes): 0
	Average total size (kbytes): 0
	Maximum resident set size (kbytes): 39856
	Average resident set size (kbytes): 0
	Major (requiring I/O) page faults: 0
	Minor (reclaiming a frame) page faults: 2148
	Voluntary context switches: 15
	Involuntary context switches: 79
	Swaps: 0
	File system inputs: 13
	File system outputs: 0
	Socket messages sent: 0
	Socket messages received: 0
	Signals delivered: 0
	Page size (bytes): 4096
	Exit status: 0
### TRACE_EXIT 0
### CGROUP_MEMORY_PEAK_BYTES 9236480
### DOCKER_EXIT 0
### WALL_SECONDS 2.08
### END 2026-09-24T13:07:27-07:00
