### FILE netlists/SWEEP_MAIN/A_mul_u_w10__booth.aig
### ARGS -mul -idx -p -c -no-steps
### TIMEOUT 60
### START 2026-09-24T12:58:58-07:00
██▓▓░░░░░░░░░░░░░░░░░░░░░░░░░░░░░░░░░  Trace  ░░░░░░░░░░░░░░░░░░░░░░░░░░░░░░░░▓▓██
║ [Build]   compiled on: Apr 13 2026 at 16:17:50
║           built as: Release version
║ [Options] file: /data/netlists/SWEEP_MAIN/A_mul_u_w10__booth.aig
║           mode: mul
║           sign: unsigned
║           method: idx
║           phase optimization: enabled
║           conflict detection: enabled
║           progress steps: disabled
║
Killed
### TRACE_EXIT 137
### CGROUP_MEMORY_PEAK_BYTES 82051072
### DOCKER_EXIT 0
### WALL_SECONDS 61.08
### END 2026-09-24T12:59:59-07:00
