### FILE netlists/SWEEP_MAIN/A_mul_s_w10__booth.aig
### ARGS -mul -s -idx -p -c -no-steps
### TIMEOUT 60
### START 2026-09-24T12:57:06-07:00
██▓▓░░░░░░░░░░░░░░░░░░░░░░░░░░░░░░░░░  Trace  ░░░░░░░░░░░░░░░░░░░░░░░░░░░░░░░░▓▓██
║ [Build]   compiled on: Apr 13 2026 at 16:17:50
║           built as: Release version
║ [Options] file: /data/netlists/SWEEP_MAIN/A_mul_s_w10__booth.aig
║           mode: mul
║           sign: signed
║           method: idx
║           phase optimization: enabled
║           conflict detection: enabled
║           progress steps: disabled
║
╚═ Result: Correct
╔═ Final Report
║ Trace compiled on: Apr 13 2026 at 16:17:30 (release build)
║ 
╠═ Program modes
║ Circuit mode: mul
║ Traversal method: idx
║ Debug mode: Y
║ 
╠═ General Information
║ Circuit path: /data/netlists/SWEEP_MAIN/A_mul_s_w10__booth.aig
║ Maximum polynomial : 121
║ Number of iteration: 18
║ Elapsed time: 0.252399 (in seconds)
║ Number and-gates : 812
║ Substitution steps : 20
║ Number of removed conflicts : 472
║ Total calculated conflicts : 12046
║ Conflict calculation time: 0.0441493 (in seconds)
║ Number of negated nodes : 142
╚═ Process complete
	Command being timed: "/opt/trace/trace /data/netlists/SWEEP_MAIN/A_mul_s_w10__booth.aig -mul -s -idx -p -c -no-steps"
	User time (seconds): 0.12
	System time (seconds): 0.00
	Percent of CPU this job got: 35%
	Elapsed (wall clock) time (h:mm:ss or m:ss): 0m 0.35s
	Average shared text size (kbytes): 0
	Average unshared data size (kbytes): 0
	Average stack size (kbytes): 0
	Average total size (kbytes): 0
	Maximum resident set size (kbytes): 19392
	Average resident set size (kbytes): 0
	Major (requiring I/O) page faults: 0
	Minor (reclaiming a frame) page faults: 623
	Voluntary context switches: 15
	Involuntary context switches: 36
	Swaps: 0
	File system inputs: 4
	File system outputs: 0
	Socket messages sent: 0
	Socket messages received: 0
	Signals delivered: 0
	Page size (bytes): 4096
	Exit status: 0
### TRACE_EXIT 0
### CGROUP_MEMORY_PEAK_BYTES 4882432
### DOCKER_EXIT 0
### WALL_SECONDS 1.81
### END 2026-09-24T12:57:08-07:00
