### FILE netlists/SWEEP_MAIN/A_mul_s_w4__booth_lp.aig
### ARGS -mul -s -dyn -p -c -no-steps
### TIMEOUT 60
### START 2026-09-24T12:49:23-07:00
██▓▓░░░░░░░░░░░░░░░░░░░░░░░░░░░░░░░░░  Trace  ░░░░░░░░░░░░░░░░░░░░░░░░░░░░░░░░▓▓██
║ [Build]   compiled on: Apr 13 2026 at 16:17:50
║           built as: Release version
║ [Options] file: /data/netlists/SWEEP_MAIN/A_mul_s_w4__booth_lp.aig
║           mode: mul
║           sign: signed
║           method: dyn
║           phase optimization: enabled
║           conflict detection: enabled
║           progress steps: disabled
║
╚═ Result: Correct
╔═ Final Report
║ Trace compiled on: Apr 13 2026 at 16:17:30 (release build)
║ 
╠═ Program modes
║ Circuit mode: mul
║ Traversal method: dyn
║ Debug mode: Y
║ 
╠═ General Information
║ Circuit path: /data/netlists/SWEEP_MAIN/A_mul_s_w4__booth_lp.aig
║ Maximum polynomial : 175
║ Number of iteration: 123
║ Elapsed time: 0.182412 (in seconds)
║ Number and-gates : 117
║ Substitution steps : 125
║ Number of removed conflicts : 1062
║ Total calculated conflicts : 1906
║ Conflict calculation time: 0.0068614 (in seconds)
║ Number of negated nodes : 44
╚═ Process complete
	Command being timed: "/opt/trace/trace /data/netlists/SWEEP_MAIN/A_mul_s_w4__booth_lp.aig -mul -s -dyn -p -c -no-steps"
	User time (seconds): 0.03
	System time (seconds): 0.00
	Percent of CPU this job got: 19%
	Elapsed (wall clock) time (h:mm:ss or m:ss): 0m 0.21s
	Average shared text size (kbytes): 0
	Average unshared data size (kbytes): 0
	Average stack size (kbytes): 0
	Average total size (kbytes): 0
	Maximum resident set size (kbytes): 12736
	Average resident set size (kbytes): 0
	Major (requiring I/O) page faults: 0
	Minor (reclaiming a frame) page faults: 221
	Voluntary context switches: 15
	Involuntary context switches: 42
	Swaps: 0
	File system inputs: 0
	File system outputs: 0
	Socket messages sent: 0
	Socket messages received: 0
	Signals delivered: 0
	Page size (bytes): 4096
	Exit status: 0
### TRACE_EXIT 0
### CGROUP_MEMORY_PEAK_BYTES 5365760
### DOCKER_EXIT 0
### WALL_SECONDS 1.51
### END 2026-09-24T12:49:25-07:00
