### FILE netlists/SWEEP_MAIN/A_mul_u_w8__booth.aig
### ARGS -mul -dyn -p -c -no-steps
### TIMEOUT 60
### START 2026-09-24T12:53:43-07:00
██▓▓░░░░░░░░░░░░░░░░░░░░░░░░░░░░░░░░░  Trace  ░░░░░░░░░░░░░░░░░░░░░░░░░░░░░░░░▓▓██
║ [Build]   compiled on: Apr 13 2026 at 16:17:50
║           built as: Release version
║ [Options] file: /data/netlists/SWEEP_MAIN/A_mul_u_w8__booth.aig
║           mode: mul
║           sign: unsigned
║           method: dyn
║           phase optimization: enabled
║           conflict detection: enabled
║           progress steps: disabled
║
Killed
### TRACE_EXIT 137
### CGROUP_MEMORY_PEAK_BYTES 50827264
### DOCKER_EXIT 0
### WALL_SECONDS 61.83
### END 2026-09-24T12:54:45-07:00
