### FILE netlists/SWEEP_MAIN/A_mul_s_w11__booth.aig
### ARGS -mul -s -dyn -p -c -no-steps
### TIMEOUT 60
### START 2026-09-24T12:59:17-07:00
██▓▓░░░░░░░░░░░░░░░░░░░░░░░░░░░░░░░░░  Trace  ░░░░░░░░░░░░░░░░░░░░░░░░░░░░░░░░▓▓██
║ [Build]   compiled on: Apr 13 2026 at 16:17:50
║           built as: Release version
║ [Options] file: /data/netlists/SWEEP_MAIN/A_mul_s_w11__booth.aig
║           mode: mul
║           sign: signed
║           method: dyn
║           phase optimization: enabled
║           conflict detection: enabled
║           progress steps: disabled
║
╚═ Result: Correct
╔═ Final Report
║ Trace compiled on: Apr 13 2026 at 16:17:30 (release build)
║ 
╠═ Program modes
║ Circuit mode: mul
║ Traversal method: dyn
║ Debug mode: Y
║ 
╠═ General Information
║ Circuit path: /data/netlists/SWEEP_MAIN/A_mul_s_w11__booth.aig
║ Maximum polynomial : 4509
║ Number of iteration: 1108
║ Elapsed time: 3.01097 (in seconds)
║ Number and-gates : 1088
║ Substitution steps : 1110
║ Number of removed conflicts : 20200
║ Total calculated conflicts : 18210
║ Conflict calculation time: 0.0963547 (in seconds)
║ Number of negated nodes : 191
╚═ Process complete
	Command being timed: "/opt/trace/trace /data/netlists/SWEEP_MAIN/A_mul_s_w11__booth.aig -mul -s -dyn -p -c -no-steps"
	User time (seconds): 1.74
	System time (seconds): 0.07
	Percent of CPU this job got: 57%
	Elapsed (wall clock) time (h:mm:ss or m:ss): 0m 3.16s
	Average shared text size (kbytes): 0
	Average unshared data size (kbytes): 0
	Average stack size (kbytes): 0
	Average total size (kbytes): 0
	Maximum resident set size (kbytes): 50832
	Average resident set size (kbytes): 0
	Major (requiring I/O) page faults: 0
	Minor (reclaiming a frame) page faults: 3276
	Voluntary context switches: 14
	Involuntary context switches: 775
	Swaps: 0
	File system inputs: 6
	File system outputs: 0
	Socket messages sent: 0
	Socket messages received: 0
	Signals delivered: 0
	Page size (bytes): 4096
	Exit status: 0
### TRACE_EXIT 0
### CGROUP_MEMORY_PEAK_BYTES 12529664
### DOCKER_EXIT 0
### WALL_SECONDS 4.57
### END 2026-09-24T12:59:21-07:00
