### FILE netlists/SWEEP_MAIN/A_mul_s_w4__booth.aig
### ARGS -mul -s -idx -p -c -no-steps
### TIMEOUT 60
### START 2026-09-24T12:49:22-07:00
██▓▓░░░░░░░░░░░░░░░░░░░░░░░░░░░░░░░░░  Trace  ░░░░░░░░░░░░░░░░░░░░░░░░░░░░░░░░▓▓██
║ [Build]   compiled on: Apr 13 2026 at 16:17:50
║           built as: Release version
║ [Options] file: /data/netlists/SWEEP_MAIN/A_mul_s_w4__booth.aig
║           mode: mul
║           sign: signed
║           method: idx
║           phase optimization: enabled
║           conflict detection: enabled
║           progress steps: disabled
║
╚═ Result: Correct
╔═ Final Report
║ Trace compiled on: Apr 13 2026 at 16:17:30 (release build)
║ 
╠═ Program modes
║ Circuit mode: mul
║ Traversal method: idx
║ Debug mode: Y
║ 
╠═ General Information
║ Circuit path: /data/netlists/SWEEP_MAIN/A_mul_s_w4__booth.aig
║ Maximum polynomial : 25
║ Number of iteration: 6
║ Elapsed time: 0.0211009 (in seconds)
║ Number and-gates : 109
║ Substitution steps : 8
║ Number of removed conflicts : 158
║ Total calculated conflicts : 1524
║ Conflict calculation time: 0.00076962 (in seconds)
║ Number of negated nodes : 30
╚═ Process complete
	Command being timed: "/opt/trace/trace /data/netlists/SWEEP_MAIN/A_mul_s_w4__booth.aig -mul -s -idx -p -c -no-steps"
	User time (seconds): 0.00
	System time (seconds): 0.00
	Percent of CPU this job got: 29%
	Elapsed (wall clock) time (h:mm:ss or m:ss): 0m 0.04s
	Average shared text size (kbytes): 0
	Average unshared data size (kbytes): 0
	Average stack size (kbytes): 0
	Average total size (kbytes): 0
	Maximum resident set size (kbytes): 12224
	Average resident set size (kbytes): 0
	Major (requiring I/O) page faults: 0
	Minor (reclaiming a frame) page faults: 155
	Voluntary context switches: 15
	Involuntary context switches: 15
	Swaps: 0
	File system inputs: 0
	File system outputs: 0
	Socket messages sent: 0
	Socket messages received: 0
	Signals delivered: 0
	Page size (bytes): 4096
	Exit status: 0
### TRACE_EXIT 0
### CGROUP_MEMORY_PEAK_BYTES 4870144
### DOCKER_EXIT 0
### WALL_SECONDS 1.16
### END 2026-09-24T12:49:23-07:00
