### FILE netlists/SWEEP_MAIN/A_mul_s_w14__booth.aig
### ARGS -mul -s -dyn -p -c -no-steps
### TIMEOUT 60
### START 2026-09-24T13:05:04-07:00
██▓▓░░░░░░░░░░░░░░░░░░░░░░░░░░░░░░░░░  Trace  ░░░░░░░░░░░░░░░░░░░░░░░░░░░░░░░░▓▓██
║ [Build]   compiled on: Apr 13 2026 at 16:17:50
║           built as: Release version
║ [Options] file: /data/netlists/SWEEP_MAIN/A_mul_s_w14__booth.aig
║           mode: mul
║           sign: signed
║           method: dyn
║           phase optimization: enabled
║           conflict detection: enabled
║           progress steps: disabled
║
╚═ Result: Correct
╔═ Final Report
║ Trace compiled on: Apr 13 2026 at 16:17:30 (release build)
║ 
╠═ Program modes
║ Circuit mode: mul
║ Traversal method: dyn
║ Debug mode: Y
║ 
╠═ General Information
║ Circuit path: /data/netlists/SWEEP_MAIN/A_mul_s_w14__booth.aig
║ Maximum polynomial : 534
║ Number of iteration: 1629
║ Elapsed time: 0.753695 (in seconds)
║ Number and-gates : 1603
║ Substitution steps : 1631
║ Number of removed conflicts : 853
║ Total calculated conflicts : 26254
║ Conflict calculation time: 0.0640634 (in seconds)
║ Number of negated nodes : 228
╚═ Process complete
	Command being timed: "/opt/trace/trace /data/netlists/SWEEP_MAIN/A_mul_s_w14__booth.aig -mul -s -dyn -p -c -no-steps"
	User time (seconds): 0.40
	System time (seconds): 0.02
	Percent of CPU this job got: 50%
	Elapsed (wall clock) time (h:mm:ss or m:ss): 0m 0.84s
	Average shared text size (kbytes): 0
	Average unshared data size (kbytes): 0
	Average stack size (kbytes): 0
	Average total size (kbytes): 0
	Maximum resident set size (kbytes): 35264
	Average resident set size (kbytes): 0
	Major (requiring I/O) page faults: 0
	Minor (reclaiming a frame) page faults: 1688
	Voluntary context switches: 15
	Involuntary context switches: 97
	Swaps: 0
	File system inputs: 9
	File system outputs: 0
	Socket messages sent: 0
	Socket messages received: 0
	Signals delivered: 0
	Page size (bytes): 4096
	Exit status: 0
### TRACE_EXIT 0
### CGROUP_MEMORY_PEAK_BYTES 8228864
### DOCKER_EXIT 0
### WALL_SECONDS 2.00
### END 2026-09-24T13:05:06-07:00
