### FILE netlists/SWEEP_MAIN/A_mul_u_w15__booth.aig
### ARGS -mul -dyn -p -c -no-steps
### TIMEOUT 60
### START 2026-09-24T13:07:27-07:00
██▓▓░░░░░░░░░░░░░░░░░░░░░░░░░░░░░░░░░  Trace  ░░░░░░░░░░░░░░░░░░░░░░░░░░░░░░░░▓▓██
║ [Build]   compiled on: Apr 13 2026 at 16:17:50
║           built as: Release version
║ [Options] file: /data/netlists/SWEEP_MAIN/A_mul_u_w15__booth.aig
║           mode: mul
║           sign: unsigned
║           method: dyn
║           phase optimization: enabled
║           conflict detection: enabled
║           progress steps: disabled
║
╚═ Result: Correct
╔═ Final Report
║ Trace compiled on: Apr 13 2026 at 16:17:30 (release build)
║ 
╠═ Program modes
║ Circuit mode: mul
║ Traversal method: dyn
║ Debug mode: Y
║ 
╠═ General Information
║ Circuit path: /data/netlists/SWEEP_MAIN/A_mul_u_w15__booth.aig
║ Maximum polynomial : 645
║ Number of iteration: 2066
║ Elapsed time: 0.920019 (in seconds)
║ Number and-gates : 2038
║ Substitution steps : 2068
║ Number of removed conflicts : 1078
║ Total calculated conflicts : 40836
║ Conflict calculation time: 0.0804144 (in seconds)
║ Number of negated nodes : 272
╚═ Process complete
	Command being timed: "/opt/trace/trace /data/netlists/SWEEP_MAIN/A_mul_u_w15__booth.aig -mul -dyn -p -c -no-steps"
	User time (seconds): 0.67
	System time (seconds): 0.04
	Percent of CPU this job got: 65%
	Elapsed (wall clock) time (h:mm:ss or m:ss): 0m 1.08s
	Average shared text size (kbytes): 0
	Average unshared data size (kbytes): 0
	Average stack size (kbytes): 0
	Average total size (kbytes): 0
	Maximum resident set size (kbytes): 44304
	Average resident set size (kbytes): 0
	Major (requiring I/O) page faults: 0
	Minor (reclaiming a frame) page faults: 2289
	Voluntary context switches: 15
	Involuntary context switches: 477
	Swaps: 0
	File system inputs: 11
	File system outputs: 0
	Socket messages sent: 0
	Socket messages received: 0
	Signals delivered: 0
	Page size (bytes): 4096
	Exit status: 0
### TRACE_EXIT 0
### CGROUP_MEMORY_PEAK_BYTES 10633216
### DOCKER_EXIT 0
### WALL_SECONDS 2.72
### END 2026-09-24T13:07:30-07:00
