### FILE netlists/SWEEP_MAIN/A_mul_u_w16__booth.aig
### ARGS -mul -dyn -p -c -no-steps
### TIMEOUT 60
### START 2026-09-24T13:08:39-07:00
██▓▓░░░░░░░░░░░░░░░░░░░░░░░░░░░░░░░░░  Trace  ░░░░░░░░░░░░░░░░░░░░░░░░░░░░░░░░▓▓██
║ [Build]   compiled on: Apr 13 2026 at 16:17:50
║           built as: Release version
║ [Options] file: /data/netlists/SWEEP_MAIN/A_mul_u_w16__booth.aig
║           mode: mul
║           sign: unsigned
║           method: dyn
║           phase optimization: enabled
║           conflict detection: enabled
║           progress steps: disabled
║
╚═ Result: Correct
╔═ Final Report
║ Trace compiled on: Apr 13 2026 at 16:17:30 (release build)
║ 
╠═ Program modes
║ Circuit mode: mul
║ Traversal method: dyn
║ Debug mode: Y
║ 
╠═ General Information
║ Circuit path: /data/netlists/SWEEP_MAIN/A_mul_u_w16__booth.aig
║ Maximum polynomial : 815
║ Number of iteration: 2319
║ Elapsed time: 1.34676 (in seconds)
║ Number and-gates : 2289
║ Substitution steps : 2321
║ Number of removed conflicts : 1262
║ Total calculated conflicts : 45330
║ Conflict calculation time: 0.214377 (in seconds)
║ Number of negated nodes : 330
╚═ Process complete
	Command being timed: "/opt/trace/trace /data/netlists/SWEEP_MAIN/A_mul_u_w16__booth.aig -mul -dyn -p -c -no-steps"
	User time (seconds): 0.82
	System time (seconds): 0.06
	Percent of CPU this job got: 55%
	Elapsed (wall clock) time (h:mm:ss or m:ss): 0m 1.60s
	Average shared text size (kbytes): 0
	Average unshared data size (kbytes): 0
	Average stack size (kbytes): 0
	Average total size (kbytes): 0
	Maximum resident set size (kbytes): 46944
	Average resident set size (kbytes): 0
	Major (requiring I/O) page faults: 0
	Minor (reclaiming a frame) page faults: 2625
	Voluntary context switches: 15
	Involuntary context switches: 150
	Swaps: 0
	File system inputs: 12
	File system outputs: 0
	Socket messages sent: 0
	Socket messages received: 0
	Signals delivered: 0
	Page size (bytes): 4096
	Exit status: 0
### TRACE_EXIT 0
### CGROUP_MEMORY_PEAK_BYTES 11210752
### DOCKER_EXIT 0
### WALL_SECONDS 3.12
### END 2026-09-24T13:08:42-07:00
