### FILE netlists/SWEEP_MAIN/A_mul_u_w14__norm.aig
### ARGS -mul -idx -p -c -no-steps
### TIMEOUT 60
### START 2026-09-24T13:06:17-07:00
██▓▓░░░░░░░░░░░░░░░░░░░░░░░░░░░░░░░░░  Trace  ░░░░░░░░░░░░░░░░░░░░░░░░░░░░░░░░▓▓██
║ [Build]   compiled on: Apr 13 2026 at 16:17:50
║           built as: Release version
║ [Options] file: /data/netlists/SWEEP_MAIN/A_mul_u_w14__norm.aig
║           mode: mul
║           sign: unsigned
║           method: idx
║           phase optimization: enabled
║           conflict detection: enabled
║           progress steps: disabled
║
╚═ Result: Correct
╔═ Final Report
║ Trace compiled on: Apr 13 2026 at 16:17:30 (release build)
║ 
╠═ Program modes
║ Circuit mode: mul
║ Traversal method: idx
║ Debug mode: Y
║ 
╠═ General Information
║ Circuit path: /data/netlists/SWEEP_MAIN/A_mul_u_w14__norm.aig
║ Maximum polynomial : 225
║ Number of iteration: 26
║ Elapsed time: 6.25287 (in seconds)
║ Number and-gates : 1914
║ Substitution steps : 28
║ Number of removed conflicts : 89517
║ Total calculated conflicts : 26304
║ Conflict calculation time: 0.0316395 (in seconds)
║ Number of negated nodes : 417
╚═ Process complete
	Command being timed: "/opt/trace/trace /data/netlists/SWEEP_MAIN/A_mul_u_w14__norm.aig -mul -idx -p -c -no-steps"
	User time (seconds): 4.88
	System time (seconds): 0.24
	Percent of CPU this job got: 80%
	Elapsed (wall clock) time (h:mm:ss or m:ss): 0m 6.36s
	Average shared text size (kbytes): 0
	Average unshared data size (kbytes): 0
	Average stack size (kbytes): 0
	Average total size (kbytes): 0
	Maximum resident set size (kbytes): 54688
	Average resident set size (kbytes): 0
	Major (requiring I/O) page faults: 0
	Minor (reclaiming a frame) page faults: 3002
	Voluntary context switches: 14
	Involuntary context switches: 2891
	Swaps: 0
	File system inputs: 9
	File system outputs: 0
	Socket messages sent: 0
	Socket messages received: 0
	Signals delivered: 0
	Page size (bytes): 4096
	Exit status: 0
### TRACE_EXIT 0
### CGROUP_MEMORY_PEAK_BYTES 12705792
### DOCKER_EXIT 0
### WALL_SECONDS 7.69
### END 2026-09-24T13:06:25-07:00
