### FILE netlists/SWEEP_MAIN/A_mul_u_w11__booth.aig
### ARGS -mul -dyn -p -c -no-steps
### TIMEOUT 60
### START 2026-09-24T13:00:28-07:00
██▓▓░░░░░░░░░░░░░░░░░░░░░░░░░░░░░░░░░  Trace  ░░░░░░░░░░░░░░░░░░░░░░░░░░░░░░░░▓▓██
║ [Build]   compiled on: Apr 13 2026 at 16:17:50
║           built as: Release version
║ [Options] file: /data/netlists/SWEEP_MAIN/A_mul_u_w11__booth.aig
║           mode: mul
║           sign: unsigned
║           method: dyn
║           phase optimization: enabled
║           conflict detection: enabled
║           progress steps: disabled
║
╚═ Result: Correct
╔═ Final Report
║ Trace compiled on: Apr 13 2026 at 16:17:30 (release build)
║ 
╠═ Program modes
║ Circuit mode: mul
║ Traversal method: dyn
║ Debug mode: Y
║ 
╠═ General Information
║ Circuit path: /data/netlists/SWEEP_MAIN/A_mul_u_w11__booth.aig
║ Maximum polynomial : 324
║ Number of iteration: 1093
║ Elapsed time: 0.360753 (in seconds)
║ Number and-gates : 1073
║ Substitution steps : 1095
║ Number of removed conflicts : 567
║ Total calculated conflicts : 19412
║ Conflict calculation time: 0.117658 (in seconds)
║ Number of negated nodes : 161
╚═ Process complete
	Command being timed: "/opt/trace/trace /data/netlists/SWEEP_MAIN/A_mul_u_w11__booth.aig -mul -dyn -p -c -no-steps"
	User time (seconds): 0.20
	System time (seconds): 0.00
	Percent of CPU this job got: 43%
	Elapsed (wall clock) time (h:mm:ss or m:ss): 0m 0.49s
	Average shared text size (kbytes): 0
	Average unshared data size (kbytes): 0
	Average stack size (kbytes): 0
	Average total size (kbytes): 0
	Maximum resident set size (kbytes): 27584
	Average resident set size (kbytes): 0
	Major (requiring I/O) page faults: 0
	Minor (reclaiming a frame) page faults: 1174
	Voluntary context switches: 15
	Involuntary context switches: 58
	Swaps: 0
	File system inputs: 6
	File system outputs: 0
	Socket messages sent: 0
	Socket messages received: 0
	Signals delivered: 0
	Page size (bytes): 4096
	Exit status: 0
### TRACE_EXIT 0
### CGROUP_MEMORY_PEAK_BYTES 5976064
### DOCKER_EXIT 0
### WALL_SECONDS 1.92
### END 2026-09-24T13:00:30-07:00
