### FILE netlists/MAIN/C_macw_u_w4_y16__norm.aig
### ARGS -mac -dyn -p -c -no-steps
### TIMEOUT 60
### START 2026-09-24T03:16:30-07:00
██▓▓░░░░░░░░░░░░░░░░░░░░░░░░░░░░░░░░░  Trace  ░░░░░░░░░░░░░░░░░░░░░░░░░░░░░░░░▓▓██
║ [Build]   compiled on: Apr 13 2026 at 16:17:50
║           built as: Release version
║ [Options] file: /data/netlists/MAIN/C_macw_u_w4_y16__norm.aig
║           mode: mac
║           sign: unsigned
║           method: dyn
║           phase optimization: enabled
║           conflict detection: enabled
║           progress steps: disabled
║
Killed
### TRACE_EXIT 137
### CGROUP_MEMORY_PEAK_BYTES 126881792
### DOCKER_EXIT 0
### WALL_SECONDS 60.96
### END 2026-09-24T03:17:31-07:00
