### FILE netlists/PATCH/C_macw_s_w4_y16__tree.aig
### ARGS -mac -s -dyn -p -c -no-steps
### TIMEOUT 60
### START 2026-09-24T03:16:33-07:00
██▓▓░░░░░░░░░░░░░░░░░░░░░░░░░░░░░░░░░  Trace  ░░░░░░░░░░░░░░░░░░░░░░░░░░░░░░░░▓▓██
║ [Build]   compiled on: Apr 13 2026 at 16:17:50
║           built as: Release version
║ [Options] file: /data/netlists/PATCH/C_macw_s_w4_y16__tree.aig
║           mode: mac
║           sign: signed
║           method: dyn
║           phase optimization: enabled
║           conflict detection: enabled
║           progress steps: disabled
║
Killed
### TRACE_EXIT 137
### CGROUP_MEMORY_PEAK_BYTES 160710656
### DOCKER_EXIT 0
### WALL_SECONDS 61.34
### END 2026-09-24T03:17:34-07:00
