### FILE netlists/MAIN/A_mul_s_w64__booth.aig
### ARGS -mul -s -dyn -p -c -no-steps
### TIMEOUT 900
### START 2026-09-24T13:09:06-07:00
██▓▓░░░░░░░░░░░░░░░░░░░░░░░░░░░░░░░░░  Trace  ░░░░░░░░░░░░░░░░░░░░░░░░░░░░░░░░▓▓██
║ [Build]   compiled on: Apr 13 2026 at 16:17:50
║           built as: Release version
║ [Options] file: /data/netlists/MAIN/A_mul_s_w64__booth.aig
║           mode: mul
║           sign: signed
║           method: dyn
║           phase optimization: enabled
║           conflict detection: enabled
║           progress steps: disabled
║
╚═ Result: Correct
╔═ Final Report
║ Trace compiled on: Apr 13 2026 at 16:17:30 (release build)
║ 
╠═ Program modes
║ Circuit mode: mul
║ Traversal method: dyn
║ Debug mode: Y
║ 
╠═ General Information
║ Circuit path: /data/netlists/MAIN/A_mul_s_w64__booth.aig
║ Maximum polynomial : 15583
║ Number of iteration: 32472
║ Elapsed time: 270.215 (in seconds)
║ Number and-gates : 32346
║ Substitution steps : 32474
║ Number of removed conflicts : 18748
║ Total calculated conflicts : 953138
║ Conflict calculation time: 2.19514 (in seconds)
║ Number of negated nodes : 4176
╚═ Process complete
	Command being timed: "/opt/trace/trace /data/netlists/MAIN/A_mul_s_w64__booth.aig -mul -s -dyn -p -c -no-steps"
	User time (seconds): 221.98
	System time (seconds): 3.03
	Percent of CPU this job got: 82%
	Elapsed (wall clock) time (h:mm:ss or m:ss): 4m 32.82s
	Average shared text size (kbytes): 0
	Average unshared data size (kbytes): 0
	Average stack size (kbytes): 0
	Average total size (kbytes): 0
	Maximum resident set size (kbytes): 668592
	Average resident set size (kbytes): 0
	Major (requiring I/O) page faults: 0
	Minor (reclaiming a frame) page faults: 43295
	Voluntary context switches: 24
	Involuntary context switches: 36607
	Swaps: 0
	File system inputs: 184
	File system outputs: 0
	Socket messages sent: 0
	Socket messages received: 0
	Signals delivered: 0
	Page size (bytes): 4096
	Exit status: 0
### TRACE_EXIT 0
### CGROUP_MEMORY_PEAK_BYTES 170803200
### DOCKER_EXIT 0
### WALL_SECONDS 274.04
### END 2026-09-24T13:13:40-07:00
