### FILE netlists/MAIN/B_mac_u_w64__tree.aig
### ARGS -mac -dyn -p -c -no-steps
### TIMEOUT 900
### START 2026-09-24T13:16:17-07:00
██▓▓░░░░░░░░░░░░░░░░░░░░░░░░░░░░░░░░░  Trace  ░░░░░░░░░░░░░░░░░░░░░░░░░░░░░░░░▓▓██
║ [Build]   compiled on: Apr 13 2026 at 16:17:50
║           built as: Release version
║ [Options] file: /data/netlists/MAIN/B_mac_u_w64__tree.aig
║           mode: mac
║           sign: unsigned
║           method: dyn
║           phase optimization: enabled
║           conflict detection: enabled
║           progress steps: disabled
║
Killed
### TRACE_EXIT 137
### CGROUP_MEMORY_PEAK_BYTES 589049856
### DOCKER_EXIT 0
### WALL_SECONDS 901.18
### END 2026-09-24T13:31:18-07:00
