### FILE netlists/MAIN/A_mul_s_w64__norm.aig
### ARGS -mul -s -dyn -p -c -no-steps
### TIMEOUT 900
### START 2026-09-24T13:09:06-07:00
██▓▓░░░░░░░░░░░░░░░░░░░░░░░░░░░░░░░░░  Trace  ░░░░░░░░░░░░░░░░░░░░░░░░░░░░░░░░▓▓██
║ [Build]   compiled on: Apr 13 2026 at 16:17:50
║           built as: Release version
║ [Options] file: /data/netlists/MAIN/A_mul_s_w64__norm.aig
║           mode: mul
║           sign: signed
║           method: dyn
║           phase optimization: enabled
║           conflict detection: enabled
║           progress steps: disabled
║
╚═ Result: Correct
╔═ Final Report
║ Trace compiled on: Apr 13 2026 at 16:17:30 (release build)
║ 
╠═ Program modes
║ Circuit mode: mul
║ Traversal method: dyn
║ Debug mode: Y
║ 
╠═ General Information
║ Circuit path: /data/netlists/MAIN/A_mul_s_w64__norm.aig
║ Maximum polynomial : 4640
║ Number of iteration: 45876
║ Elapsed time: 161.817 (in seconds)
║ Number and-gates : 45750
║ Substitution steps : 45878
║ Number of removed conflicts : 16527
║ Total calculated conflicts : 698968
║ Conflict calculation time: 2.01382 (in seconds)
║ Number of negated nodes : 4779
╚═ Process complete
	Command being timed: "/opt/trace/trace /data/netlists/MAIN/A_mul_s_w64__norm.aig -mul -s -dyn -p -c -no-steps"
	User time (seconds): 133.07
	System time (seconds): 2.44
	Percent of CPU this job got: 82%
	Elapsed (wall clock) time (h:mm:ss or m:ss): 2m 44.28s
	Average shared text size (kbytes): 0
	Average unshared data size (kbytes): 0
	Average stack size (kbytes): 0
	Average total size (kbytes): 0
	Maximum resident set size (kbytes): 668976
	Average resident set size (kbytes): 0
	Major (requiring I/O) page faults: 0
	Minor (reclaiming a frame) page faults: 45362
	Voluntary context switches: 25
	Involuntary context switches: 29035
	Swaps: 0
	File system inputs: 234
	File system outputs: 0
	Socket messages sent: 0
	Socket messages received: 0
	Signals delivered: 0
	Page size (bytes): 4096
	Exit status: 0
### TRACE_EXIT 0
### CGROUP_MEMORY_PEAK_BYTES 170496000
### DOCKER_EXIT 0
### WALL_SECONDS 165.59
### END 2026-09-24T13:11:51-07:00
