### FILE netlists/MAIN/B_mac_s_w64__tree.aig
### ARGS -mac -s -dyn -p -c -no-steps
### TIMEOUT 900
### START 2026-09-24T13:28:42-07:00
██▓▓░░░░░░░░░░░░░░░░░░░░░░░░░░░░░░░░░  Trace  ░░░░░░░░░░░░░░░░░░░░░░░░░░░░░░░░▓▓██
║ [Build]   compiled on: Apr 13 2026 at 16:17:50
║           built as: Release version
║ [Options] file: /data/netlists/MAIN/B_mac_s_w64__tree.aig
║           mode: mac
║           sign: signed
║           method: dyn
║           phase optimization: enabled
║           conflict detection: enabled
║           progress steps: disabled
║
Killed
### TRACE_EXIT 137
### CGROUP_MEMORY_PEAK_BYTES 615993344
### DOCKER_EXIT 0
### WALL_SECONDS 900.55
### END 2026-09-24T13:43:43-07:00
