### FILE netlists/CONTROL/A_mul_u_w8__norm_pre_xorself_b7_y15.aig
### ARGS -mul -igs -p -c -no-steps
### TIMEOUT 60
### START 2026-09-24T03:39:15-07:00
██▓▓░░░░░░░░░░░░░░░░░░░░░░░░░░░░░░░░░  Trace  ░░░░░░░░░░░░░░░░░░░░░░░░░░░░░░░░▓▓██
║ [Build]   compiled on: Apr 13 2026 at 16:17:50
║           built as: Release version
║ [Options] file: /data/netlists/CONTROL/A_mul_u_w8__norm_pre_xorself_b7_y15.aig
║           mode: mul
║           sign: unsigned
║           method: igs
║           phase optimization: enabled
║           conflict detection: enabled
║           progress steps: disabled
║
╚═ Result: Correct
╔═ Final Report
║ Trace compiled on: Apr 13 2026 at 16:17:30 (release build)
║ 
╠═ Program modes
║ Circuit mode: mul
║ Traversal method: igs
║ Debug mode: Y
║ 
╠═ General Information
║ Circuit path: /data/netlists/CONTROL/A_mul_u_w8__norm_pre_xorself_b7_y15.aig
║ Maximum polynomial : 80
║ Number of iteration: 14
║ Elapsed time: 0.11491 (in seconds)
║ Number and-gates : 613
║ Substitution steps : 16
║ Number of removed conflicts : 204
║ Total calculated conflicts : 11024
║ Conflict calculation time: 0.107988 (in seconds)
║ Number of negated nodes : 111
╚═ Process complete
	Command being timed: "/opt/trace/trace /data/netlists/CONTROL/A_mul_u_w8__norm_pre_xorself_b7_y15.aig -mul -igs -p -c -no-steps"
	User time (seconds): 0.05
	System time (seconds): 0.03
	Percent of CPU this job got: 33%
	Elapsed (wall clock) time (h:mm:ss or m:ss): 0m 0.24s
	Average shared text size (kbytes): 0
	Average unshared data size (kbytes): 0
	Average stack size (kbytes): 0
	Average total size (kbytes): 0
	Maximum resident set size (kbytes): 16832
	Average resident set size (kbytes): 0
	Major (requiring I/O) page faults: 0
	Minor (reclaiming a frame) page faults: 461
	Voluntary context switches: 16
	Involuntary context switches: 72
	Swaps: 0
	File system inputs: 2
	File system outputs: 0
	Socket messages sent: 0
	Socket messages received: 0
	Signals delivered: 0
	Page size (bytes): 4096
	Exit status: 0
### TRACE_EXIT 0
### CGROUP_MEMORY_PEAK_BYTES 5136384
### DOCKER_EXIT 0
### WALL_SECONDS 2.22
### END 2026-09-24T03:39:17-07:00
