### FILE netlists/CONTROL/A_mul_s_w8__norm_pre_xorself_b7_y15.aig
### ARGS -mul -s -dyn -c -no-steps
### TIMEOUT 60
### START 2026-09-24T03:39:27-07:00
██▓▓░░░░░░░░░░░░░░░░░░░░░░░░░░░░░░░░░  Trace  ░░░░░░░░░░░░░░░░░░░░░░░░░░░░░░░░▓▓██
║ [Build]   compiled on: Apr 13 2026 at 16:17:50
║           built as: Release version
║ [Options] file: /data/netlists/CONTROL/A_mul_s_w8__norm_pre_xorself_b7_y15.aig
║           mode: mul
║           sign: signed
║           method: dyn
║           phase optimization: disabled
║           conflict detection: enabled
║           progress steps: disabled
║
╚═ Result: Correct
╔═ Final Report
║ Trace compiled on: Apr 13 2026 at 16:17:30 (release build)
║ 
╠═ Program modes
║ Circuit mode: mul
║ Traversal method: dyn
║ Debug mode: Y
║ 
╠═ General Information
║ Circuit path: /data/netlists/CONTROL/A_mul_s_w8__norm_pre_xorself_b7_y15.aig
║ Maximum polynomial : 155
║ Number of iteration: 780
║ Elapsed time: 0.165419 (in seconds)
║ Number and-gates : 766
║ Substitution steps : 782
║ Number of removed conflicts : 401
║ Total calculated conflicts : 14650
║ Conflict calculation time: 0.0389748 (in seconds)
║ Number of negated nodes : 0
╚═ Process complete
	Command being timed: "/opt/trace/trace /data/netlists/CONTROL/A_mul_s_w8__norm_pre_xorself_b7_y15.aig -mul -s -dyn -c -no-steps"
	User time (seconds): 0.06
	System time (seconds): 0.00
	Percent of CPU this job got: 24%
	Elapsed (wall clock) time (h:mm:ss or m:ss): 0m 0.26s
	Average shared text size (kbytes): 0
	Average unshared data size (kbytes): 0
	Average stack size (kbytes): 0
	Average total size (kbytes): 0
	Maximum resident set size (kbytes): 22976
	Average resident set size (kbytes): 0
	Major (requiring I/O) page faults: 0
	Minor (reclaiming a frame) page faults: 846
	Voluntary context switches: 15
	Involuntary context switches: 47
	Swaps: 0
	File system inputs: 3
	File system outputs: 0
	Socket messages sent: 0
	Socket messages received: 0
	Signals delivered: 0
	Page size (bytes): 4096
	Exit status: 0
### TRACE_EXIT 0
### CGROUP_MEMORY_PEAK_BYTES 5087232
### DOCKER_EXIT 0
### WALL_SECONDS 2.06
### END 2026-09-24T03:39:29-07:00
