### FILE netlists/CONTROL/B_mac_u_w8__tree_pre_xorself_c15_y16.aig
### ARGS -mac -igs -p -c -no-steps
### TIMEOUT 60
### START 2026-09-24T03:39:35-07:00
██▓▓░░░░░░░░░░░░░░░░░░░░░░░░░░░░░░░░░  Trace  ░░░░░░░░░░░░░░░░░░░░░░░░░░░░░░░░▓▓██
║ [Build]   compiled on: Apr 13 2026 at 16:17:50
║           built as: Release version
║ [Options] file: /data/netlists/CONTROL/B_mac_u_w8__tree_pre_xorself_c15_y16.aig
║           mode: mac
║           sign: unsigned
║           method: igs
║           phase optimization: enabled
║           conflict detection: enabled
║           progress steps: disabled
║
╚═ Result: Correct
╔═ Final Report
║ Trace compiled on: Apr 13 2026 at 16:17:30 (release build)
║ 
╠═ Program modes
║ Circuit mode: mac
║ Traversal method: igs
║ Debug mode: Y
║ 
╠═ General Information
║ Circuit path: /data/netlists/CONTROL/B_mac_u_w8__tree_pre_xorself_c15_y16.aig
║ Maximum polynomial : 97
║ Number of iteration: 15
║ Elapsed time: 0.222565 (in seconds)
║ Number and-gates : 735
║ Substitution steps : 17
║ Number of removed conflicts : 265
║ Total calculated conflicts : 11372
║ Conflict calculation time: 0.058565 (in seconds)
║ Number of negated nodes : 125
╚═ Process complete
	Command being timed: "/opt/trace/trace /data/netlists/CONTROL/B_mac_u_w8__tree_pre_xorself_c15_y16.aig -mac -igs -p -c -no-steps"
	User time (seconds): 0.07
	System time (seconds): 0.01
	Percent of CPU this job got: 30%
	Elapsed (wall clock) time (h:mm:ss or m:ss): 0m 0.29s
	Average shared text size (kbytes): 0
	Average unshared data size (kbytes): 0
	Average stack size (kbytes): 0
	Average total size (kbytes): 0
	Maximum resident set size (kbytes): 16832
	Average resident set size (kbytes): 0
	Major (requiring I/O) page faults: 0
	Minor (reclaiming a frame) page faults: 496
	Voluntary context switches: 15
	Involuntary context switches: 33
	Swaps: 0
	File system inputs: 3
	File system outputs: 0
	Socket messages sent: 0
	Socket messages received: 0
	Signals delivered: 0
	Page size (bytes): 4096
	Exit status: 0
### TRACE_EXIT 0
### CGROUP_MEMORY_PEAK_BYTES 5124096
### DOCKER_EXIT 0
### WALL_SECONDS 2.08
### END 2026-09-24T03:39:37-07:00
