OpenROAD unknown 
Features included (+) or not (-): -GPU +GUI -Python
This program is licensed under the BSD-3 license. See the LICENSE file for details.
Components of this program may be licensed under more restrictive licenses which must be honored.
[INFO ORD-0030] Using 1 thread(s).
SIGNOFF_WS corner=ff setup=1.6142260861329305e-9 hold=1.3629580797314134e-10
SIGNOFF_SETUP_PATH_BEGIN
Startpoint: row30/_126_ (rising edge-triggered flip-flop clocked by clk)
Endpoint: y[30] (output port clocked by clk)
Path Group: clk
Path Type: max

Fanout       Cap      Slew     Delay      Time   Description
-------------------------------------------------------------------------------------
                              0.0000    0.0000   clock clk (rise edge)
                              0.7004    0.7004   clock network delay (propagated)
                    0.0487    0.0000    0.7004 ^ row30/_126_/CLK (sky130_fd_sc_hd__dfxtp_1)
     1    0.0048    0.0419    0.1991    0.8995 ^ row30/_126_/Q (sky130_fd_sc_hd__dfxtp_1)
                                                 net88 (net)
     1    0.0362    0.2642    0.4802    1.3797 ^ output89/X (sky130_fd_sc_hd__clkdlybuf4s50_1)
                                                 y[30] (net)
                    0.2644    0.0061    1.3858 ^ y[30] (out)
                                        1.3858   data arrival time

                              3.0000    3.0000   clock clk (rise edge)
                              0.0000    3.0000   clock network delay (propagated)
                              0.0000    3.0000   clock reconvergence pessimism
                              0.0000    3.0000   output external delay
                                        3.0000   data required time
-------------------------------------------------------------------------------------
                                        3.0000   data required time
                                       -1.3858   data arrival time
-------------------------------------------------------------------------------------
                                        1.6142   slack (MET)


SIGNOFF_SETUP_PATH_END
SIGNOFF_HOLD_PATH_BEGIN
Startpoint: x[5] (input port clocked by clk)
Endpoint: gen1/_122_ (rising edge-triggered flip-flop clocked by clk)
Path Group: clk
Path Type: min

    Delay      Time   Description
-------------------------------------------------------------
   0.0000    0.0000   clock clk (rise edge)
   0.0000    0.0000   clock network delay (propagated)
   0.0000    0.0000 v input external delay
   0.0000    0.0000 v x[5] (in)
                      x[5] (net)
   0.3518    0.3518 v hold378/X (sky130_fd_sc_hd__dlygate4sd3_1)
                      net377 (net)
   0.3907    0.7425 v input58/X (sky130_fd_sc_hd__clkdlybuf4s50_1)
                      net57 (net)
   0.0006    0.7432 v gen1/_122_/D (sky130_fd_sc_hd__dfxtp_1)
             0.7432   data arrival time

   0.0000    0.0000   clock clk (rise edge)
   0.6885    0.6885   clock network delay (propagated)
   0.0000    0.6885   clock reconvergence pessimism
             0.6885 ^ gen1/_122_/CLK (sky130_fd_sc_hd__dfxtp_1)
  -0.0816    0.6069   library hold time
             0.6069   data required time
-------------------------------------------------------------
             0.6069   data required time
            -0.7432   data arrival time
-------------------------------------------------------------
             0.1363   slack (MET)


SIGNOFF_HOLD_PATH_END
SIGNOFF_PROG_WS setup=1.6849601713886386e-9
SIGNOFF_PROG_PATH_BEGIN
Startpoint: ng12_5/_8_ (rising edge-triggered flip-flop clocked by clk)
Endpoint: row2/_160_ (rising edge-triggered flip-flop clocked by clk)
Path Group: clk
Path Type: max

Fanout       Cap      Slew     Delay      Time   Description
-------------------------------------------------------------------------------------
                              0.0000    0.0000   clock clk (rise edge)
                              0.6978    0.6978   clock network delay (propagated)
                    0.0489    0.0000    0.6978 ^ ng12_5/_8_/CLK (sky130_fd_sc_hd__dfxtp_1)
     4    0.1088    0.7609    0.6790    1.3768 ^ ng12_5/_8_/Q (sky130_fd_sc_hd__dfxtp_1)
                                                 pn12_5 (net)
    16    0.0535    0.1202    0.2007    1.5775 ^ lt_pn12_5_s0/Z (LTAP2)
                                                 pgm_pn12_5_s0 (net)
     2    0.0152    0.1370    0.1337    1.7112 ^ vs_2_12/Z (VSITE_BUF)
                                                 lf_2_12 (net)
     1    0.0067    0.0789    0.1969    1.9081 v row2/_107_/X (sky130_fd_sc_hd__xor3_1)
                                                 row2/_038_ (net)
                    0.0789    0.0002    1.9083 v row2/_160_/D (sky130_fd_sc_hd__dfxtp_1)
                                        1.9083   data arrival time

                              3.0000    3.0000   clock clk (rise edge)
                              0.6788    3.6788   clock network delay (propagated)
                              0.0000    3.6788   clock reconvergence pessimism
                                        3.6788 ^ row2/_160_/CLK (sky130_fd_sc_hd__dfxtp_1)
                             -0.0856    3.5932   library setup time
                                        3.5932   data required time
-------------------------------------------------------------------------------------
                                        3.5932   data required time
                                       -1.9083   data arrival time
-------------------------------------------------------------------------------------
                                        1.6850   slack (MET)


SIGNOFF_PROG_PATH_END
SIGNOFF_SLEW tap_input_max=0.763813 tap_input_pin=lt_pn12_5_s0/A site_input_max=0.128949 site_input_pin=vs_44_11/A
SIGNOFF_SPINE_DRIVERS sky130_fd_sc_hd__dfxtp_1 2192
