mkdir -p /work/orfs/results/sky130hd/ubp4_n32_u60/base/
echo 20.0 > /work/orfs/results/sky130hd/ubp4_n32_u60/base/clock_period.txt
/OpenROAD-flow-scripts/flow/scripts/synth.sh /OpenROAD-flow-scripts/flow/scripts/synth_canonicalize.tcl /work/orfs/logs/sky130hd/ubp4_n32_u60/base/1_1_yosys_canonicalize.log
exec cp /work/ubp4_n32/netlist.v /work/orfs/results/sky130hd/ubp4_n32_u60/base/1_2_yosys.v
exec touch -r /work/ubp4_n32/netlist.v /work/orfs/results/sky130hd/ubp4_n32_u60/base/1_2_yosys.v
Elapsed time: 0:00.05[h:]min:sec. CPU time: user 0.04 sys 0.01 (97%). Peak memory: 27336KB.
Log                       Ext     Elapsed/s Peak Memory/MB sha1sum result [0:20)
1_1_yosys_canonicalize                    0             26                  N/A
/OpenROAD-flow-scripts/flow/scripts/synth.sh /OpenROAD-flow-scripts/flow/scripts/synth.tcl /work/orfs/logs/sky130hd/ubp4_n32_u60/base/1_2_yosys.log
exec cp /work/ubp4_n32/netlist.v /work/orfs/results/sky130hd/ubp4_n32_u60/base/1_2_yosys.v
exec touch -r /work/ubp4_n32/netlist.v /work/orfs/results/sky130hd/ubp4_n32_u60/base/1_2_yosys.v
Elapsed time: 0:00.10[h:]min:sec. CPU time: user 0.04 sys 0.00 (48%). Peak memory: 27468KB.
Log                       Ext     Elapsed/s Peak Memory/MB sha1sum result [0:20)
1_2_yosys                 .v              0             26 293338fb105d9cda0f56
cp /work/ubp4_n32/constraint.sdc /work/orfs/results/sky130hd/ubp4_n32_u60/base/1_2_yosys.sdc
touch -r /work/ubp4_n32/constraint.sdc /work/orfs/results/sky130hd/ubp4_n32_u60/base/1_2_yosys.sdc
OpenROAD unknown 
Features included (+) or not (-): -GPU +GUI -Python
This program is licensed under the BSD-3 license. See the LICENSE file for details.
Components of this program may be licensed under more restrictive licenses which must be honored.
[INFO ORD-0030] Using 2 thread(s).
mkdir -p /work/orfs/objects/sky130hd/ubp4_n32_u60/base
/OpenROAD-flow-scripts/flow/scripts/flow.sh 1_synth synth_odb
Running synth_odb.tcl, stage 1_synth
read_liberty /OpenROAD-flow-scripts/flow/platforms/sky130hd/lib/sky130_fd_sc_hd__tt_025C_1v80.lib
[INFO ODB-0227] LEF file: /OpenROAD-flow-scripts/flow/platforms/sky130hd/lef/sky130_fd_sc_hd.tlef, created 13 layers, 25 vias
[INFO ODB-0227] LEF file: /OpenROAD-flow-scripts/flow/platforms/sky130hd/lef/sky130_fd_sc_hd_merged.lef, created 441 library cells
link_design top
read_sdc /work/orfs/results/sky130hd/ubp4_n32_u60/base/1_2_yosys.sdc
source /OpenROAD-flow-scripts/flow/platforms/sky130hd/setRC.tcl
eliminate_dead_logic
Removed 2722 unused instances and 2722 unused nets.
Design area 123570 um^2 100% utilization.
write_db /work/orfs/results/sky130hd/ubp4_n32_u60/base/1_synth.odb
write_sdc -no_timestamp /work/orfs/results/sky130hd/ubp4_n32_u60/base/1_synth.sdc
Warning: master sky130_ef_sc_hd__decap_12 has signal pins but no liberty cell
Elapsed time: 0:01.15[h:]min:sec. CPU time: user 0.97 sys 0.08 (91%). Peak memory: 149244KB.
Log                       Ext     Elapsed/s Peak Memory/MB sha1sum result [0:20)
1_synth                   .odb            1            145 47d7663a22b375ff247c
1_synth                   .sdc                             c5167e321845919ca71b
/OpenROAD-flow-scripts/flow/scripts/flow.sh 2_1_floorplan floorplan
Running floorplan.tcl, stage 2_1_floorplan
read_liberty /OpenROAD-flow-scripts/flow/platforms/sky130hd/lib/sky130_fd_sc_hd__tt_025C_1v80.lib
read_db /work/orfs/results/sky130hd/ubp4_n32_u60/base/1_synth.odb
read_sdc /work/orfs/results/sky130hd/ubp4_n32_u60/base/1_synth.sdc
source /OpenROAD-flow-scripts/flow/platforms/sky130hd/setRC.tcl
Master sky130_ef_sc_hd__decap_12 is loaded but not used in the design

==========================================================================
Floorplan check_setup
--------------------------------------------------------------------------
number instances in verilog is 14758
initialize_floorplan -utilization 60 -aspect_ratio 1 -core_space 2 -site unithd
[INFO IFP-0107] Defining die area using utilization: 60.00% and aspect ratio: 1.
[WARNING IFP-0028] Core area lower left (2.000, 2.000) snapped to (2.300, 2.720).
[INFO IFP-0001] Added 166 rows of 985 site unithd.
[INFO IFP-0100] Die BBox:  (  0.000  0.000 ) ( 457.815 457.815 ) um
[INFO IFP-0101] Core BBox: (  2.300  2.720 ) ( 455.400 454.240 ) um
[INFO IFP-0102] Core area:                       204583.712 um^2
[INFO IFP-0103] Total instances area:            123569.763 um^2
[INFO IFP-0104] Effective utilization:                0.604
[INFO IFP-0105] Number of instances:                  14758
source /OpenROAD-flow-scripts/flow/platforms/sky130hd/make_tracks.tcl
source /OpenROAD-flow-scripts/flow/platforms/sky130hd/fastroute.tcl
set_dont_use "sky130_fd_sc_hd__probe_p_8 sky130_fd_sc_hd__probec_p_8 sky130_fd_sc_hd__lpflow_bleeder_1 sky130_fd_sc_hd__lpflow_clkbufkapwr_1 sky130_fd_sc_hd__lpflow_clkbufkapwr_16 sky130_fd_sc_hd__lpflow_clkbufkapwr_2 sky130_fd_sc_hd__lpflow_clkbufkapwr_4 sky130_fd_sc_hd__lpflow_clkbufkapwr_8 sky130_fd_sc_hd__lpflow_clkinvkapwr_1 sky130_fd_sc_hd__lpflow_clkinvkapwr_16 sky130_fd_sc_hd__lpflow_clkinvkapwr_2 sky130_fd_sc_hd__lpflow_clkinvkapwr_4 sky130_fd_sc_hd__lpflow_clkinvkapwr_8 sky130_fd_sc_hd__lpflow_decapkapwr_12 sky130_fd_sc_hd__lpflow_decapkapwr_3 sky130_fd_sc_hd__lpflow_decapkapwr_4 sky130_fd_sc_hd__lpflow_decapkapwr_6 sky130_fd_sc_hd__lpflow_decapkapwr_8 sky130_fd_sc_hd__lpflow_inputiso0n_1 sky130_fd_sc_hd__lpflow_inputiso0p_1 sky130_fd_sc_hd__lpflow_inputiso1n_1 sky130_fd_sc_hd__lpflow_inputiso1p_1 sky130_fd_sc_hd__lpflow_inputisolatch_1 sky130_fd_sc_hd__lpflow_isobufsrc_1 sky130_fd_sc_hd__lpflow_isobufsrc_16 sky130_fd_sc_hd__lpflow_isobufsrc_2 sky130_fd_sc_hd__lpflow_isobufsrc_4 sky130_fd_sc_hd__lpflow_isobufsrc_8 sky130_fd_sc_hd__lpflow_isobufsrckapwr_16 sky130_fd_sc_hd__lpflow_lsbuf_lh_hl_isowell_tap_1 sky130_fd_sc_hd__lpflow_lsbuf_lh_hl_isowell_tap_2 sky130_fd_sc_hd__lpflow_lsbuf_lh_hl_isowell_tap_4 sky130_fd_sc_hd__lpflow_lsbuf_lh_isowell_4 sky130_fd_sc_hd__lpflow_lsbuf_lh_isowell_tap_1 sky130_fd_sc_hd__lpflow_lsbuf_lh_isowell_tap_2 sky130_fd_sc_hd__lpflow_lsbuf_lh_isowell_tap_4"
repair_tie_fanout -separation 0 sky130_fd_sc_hd__tt_025C_1v80/sky130_fd_sc_hd__conb_1/LO
[INFO RSZ-0042] Inserted 172 tie sky130_fd_sc_hd__conb_1 instances.
repair_tie_fanout -separation 0 sky130_fd_sc_hd__tt_025C_1v80/sky130_fd_sc_hd__conb_1/HI
repair_timing -setup_margin 0 -hold_margin 0 -repair_tns 100 -match_cell_footprint -setup -skip_last_gasp -sequence unbuffer,sizeup,swap,vt_swap -verbose
[WARNING EST-0027] no estimated parasitics. Using wire load models.
[INFO RSZ-0100] Repair move sequence: UnbufferMove SizeUpMove SwapPinsMove 
[INFO RSZ-0098] No setup violations found
[INFO RSZ-0505] Runtime: 0.09s
Default units for flow
 time 1ns
 capacitance 1pF
 resistance 1kohm
 voltage 1v
 current 1mA
 power 1nW
 distance 1um
   Layer   | Unit Resistance | Unit Capacitance 
           |       (kohm/um) |          (pF/um)
------------------------------------------------
       li1 |        7.18e-02 |         1.50e-04
      met1 |        1.21e-03 |         1.72e-04
      met2 |        1.22e-03 |         1.36e-04
      met3 |        1.66e-04 |         2.15e-04
      met4 |        1.68e-04 |         1.48e-04
      met5 |        1.84e-05 |         1.54e-04
------------------------------------------------

   Layer   | Via Resistance 
           |         (kohm) 
----------------------------
      mcon |       9.25e-03 
       via |       4.50e-03 
      via2 |       3.37e-03 
      via3 |       3.77e-04 
      via4 |       5.80e-06 
----------------------------
Report metrics stage 2, floorplan final...

==========================================================================
floorplan final report_design_area
--------------------------------------------------------------------------
Design area 124189 um^2 61% utilization.
write_db /work/orfs/results/sky130hd/ubp4_n32_u60/base/2_1_floorplan.odb
write_sdc -no_timestamp /work/orfs/results/sky130hd/ubp4_n32_u60/base/2_1_floorplan.sdc
Elapsed time: 0:01.78[h:]min:sec. CPU time: user 1.45 sys 0.10 (87%). Peak memory: 192704KB.
Log                       Ext     Elapsed/s Peak Memory/MB sha1sum result [0:20)
2_1_floorplan             .odb            1            188 28b9751b1103d62d534f
2_1_floorplan             .sdc                             c5167e321845919ca71b
/OpenROAD-flow-scripts/flow/scripts/flow.sh 2_2_floorplan_macro macro_place
Running macro_place.tcl, stage 2_2_floorplan_macro
read_liberty /OpenROAD-flow-scripts/flow/platforms/sky130hd/lib/sky130_fd_sc_hd__tt_025C_1v80.lib
read_db /work/orfs/results/sky130hd/ubp4_n32_u60/base/2_1_floorplan.odb
read_sdc /work/orfs/results/sky130hd/ubp4_n32_u60/base/2_1_floorplan.sdc
source /OpenROAD-flow-scripts/flow/platforms/sky130hd/setRC.tcl
No macros found: Skipping macro_placement
Design area 124189 um^2 61% utilization.
write_db /work/orfs/results/sky130hd/ubp4_n32_u60/base/2_2_floorplan_macro.odb
Elapsed time: 0:00.79[h:]min:sec. CPU time: user 0.51 sys 0.08 (75%). Peak memory: 127088KB.
Log                       Ext     Elapsed/s Peak Memory/MB sha1sum result [0:20)
2_2_floorplan_macro       .odb            0            124 28b9751b1103d62d534f
/OpenROAD-flow-scripts/flow/scripts/flow.sh 2_3_floorplan_tapcell tapcell
Running tapcell.tcl, stage 2_3_floorplan_tapcell
read_liberty /OpenROAD-flow-scripts/flow/platforms/sky130hd/lib/sky130_fd_sc_hd__tt_025C_1v80.lib
read_db /work/orfs/results/sky130hd/ubp4_n32_u60/base/2_2_floorplan_macro.odb
read_sdc /work/orfs/results/sky130hd/ubp4_n32_u60/base/2_1_floorplan.sdc
source /OpenROAD-flow-scripts/flow/platforms/sky130hd/setRC.tcl
[INFO TAP-0005] Inserted 2688 tapcells.
Design area 127552 um^2 62% utilization.
write_db /work/orfs/results/sky130hd/ubp4_n32_u60/base/2_3_floorplan_tapcell.odb
Elapsed time: 0:00.75[h:]min:sec. CPU time: user 0.60 sys 0.07 (89%). Peak memory: 125924KB.
Log                       Ext     Elapsed/s Peak Memory/MB sha1sum result [0:20)
2_3_floorplan_tapcell     .odb            0            122 5db44c5c2ee86865634f
/OpenROAD-flow-scripts/flow/scripts/flow.sh 2_4_floorplan_pdn pdn
Running pdn.tcl, stage 2_4_floorplan_pdn
read_liberty /OpenROAD-flow-scripts/flow/platforms/sky130hd/lib/sky130_fd_sc_hd__tt_025C_1v80.lib
read_db /work/orfs/results/sky130hd/ubp4_n32_u60/base/2_3_floorplan_tapcell.odb
read_sdc /work/orfs/results/sky130hd/ubp4_n32_u60/base/2_1_floorplan.sdc
source /OpenROAD-flow-scripts/flow/platforms/sky130hd/setRC.tcl
[WARNING PDN-1051] No instances found for grid (CORE_macro_grid_1).
[WARNING PDN-1051] No instances found for grid (CORE_macro_grid_2).
[INFO PDN-0001] Inserting grid: grid
[INFO PDN-0500] Runtime: 0.11s
Design area 127552 um^2 62% utilization.
write_db /work/orfs/results/sky130hd/ubp4_n32_u60/base/2_4_floorplan_pdn.odb
Elapsed time: 0:01.09[h:]min:sec. CPU time: user 0.89 sys 0.06 (87%). Peak memory: 134228KB.
Log                       Ext     Elapsed/s Peak Memory/MB sha1sum result [0:20)
2_4_floorplan_pdn         .odb            1            131 9ff6287297e9467c4746
cp /work/orfs/results/sky130hd/ubp4_n32_u60/base/2_4_floorplan_pdn.odb /work/orfs/results/sky130hd/ubp4_n32_u60/base/2_floorplan.odb
cp /work/orfs/results/sky130hd/ubp4_n32_u60/base/2_1_floorplan.sdc /work/orfs/results/sky130hd/ubp4_n32_u60/base/2_floorplan.sdc
/OpenROAD-flow-scripts/flow/scripts/flow.sh 3_1_place_gp_skip_io global_place_skip_io
Running global_place_skip_io.tcl, stage 3_1_place_gp_skip_io
read_liberty /OpenROAD-flow-scripts/flow/platforms/sky130hd/lib/sky130_fd_sc_hd__tt_025C_1v80.lib
read_db /work/orfs/results/sky130hd/ubp4_n32_u60/base/2_floorplan.odb
read_sdc /work/orfs/results/sky130hd/ubp4_n32_u60/base/2_floorplan.sdc
source /OpenROAD-flow-scripts/flow/platforms/sky130hd/setRC.tcl
global_placement -skip_io -density 0.6 -pad_left 0 -pad_right 0
[INFO GPL-0001] ---- Initialize GPL Main Data Structures
[INFO GPL-0002] DBU: 1000
[INFO GPL-0003] SiteSize: (  0.460  2.720 ) um
[INFO GPL-0004] CoreBBox: (  2.300  2.720 ) ( 455.400 454.240 ) um
[INFO GPL-0016] Core area:                  204583.712 um^2
[INFO GPL-0036] Movable instances area:     124189.107 um^2
[INFO GPL-0037] Total instances area:       127552.333 um^2
[INFO GPL-0035] Pin density area adjust:      3786.422 um^2
[INFO GPL-0032] ---- Initialize Region: Top-level
[INFO GPL-0006] Number of instances:             17611
[INFO GPL-0007] Movable instances:               14923
[INFO GPL-0008] Fixed instances:                  2688
[INFO GPL-0009] Dummy instances:                     0
[INFO GPL-0010] Number of nets:                  15179
[INFO GPL-0011] Number of pins:                  50028
[INFO GPL-0012] Die BBox:       (  0.000  0.000 ) ( 457.815 457.815 ) um
[INFO GPL-0013] Placement BBox: (  2.300  2.720 ) ( 455.400 454.240 ) um
[INFO GPL-0014] Region name: top-level.
[INFO GPL-0015] Region area:                204583.712 um^2
[INFO GPL-0017] Fixed instances area:         3363.226 um^2
[INFO GPL-0018] Movable instances area:     127975.529 um^2
[INFO GPL-0019] Utilization:                    63.600 %
[INFO GPL-0020] Standard cells area:        127975.529 um^2
[INFO GPL-0021] Large instances area:            0.000 um^2
[INFO GPL-0005] ---- Execute Conjugate Gradient Initial Placement.
[INFO GPL-0051] Source of initial instance position counters:
	Odb location = 0	Core center = 14923	Region center = 0
[INFO GPL-0033] ---- Initialize Nesterov Region: Top-level
[WARNING GPL-0302] Target density 0.6000 is too low for the available free area.
Automatically adjusting to uniform density 0.6400.
[INFO GPL-0023] Placement target density:       0.6400
[INFO GPL-0024] Movable insts average area:      8.576 um^2
[INFO GPL-0025] Ideal bin area:                 13.400 um^2
[INFO GPL-0026] Ideal bin count:                 15267
[INFO GPL-0027] Total bin area:             204583.712 um^2
[INFO GPL-0028] Bin count (X, Y):          64 ,     64
[INFO GPL-0029] Bin size (W * H):       7.080 *  7.055 um
[INFO GPL-0030] Number of bins:                   4096
[INFO GPL-0084] ---- Execute Nesterov Global Placement.
[INFO GPL-0031] HPWL: Half-Perimeter Wirelength
Iteration | Overflow |     HPWL (um) |  HPWL(%) |   Penalty | Group
---------------------------------------------------------------
        0 |   0.9989 |  3.141695e+04 |   +0.00% |  3.11e-15 |      
       10 |   0.9979 |  2.391724e+04 |  -23.87% |  5.07e-15 |      
       20 |   0.9979 |  2.321952e+04 |   -2.92% |  8.25e-15 |      
       30 |   0.9979 |  2.304486e+04 |   -0.75% |  1.34e-14 |      
       40 |   0.9979 |  2.304110e+04 |   -0.02% |  2.19e-14 |      
       50 |   0.9978 |  2.309950e+04 |   +0.25% |  3.57e-14 |      
       60 |   0.9976 |  2.319196e+04 |   +0.40% |  5.81e-14 |      
       70 |   0.9974 |  2.335567e+04 |   +0.71% |  9.46e-14 |      
       80 |   0.9974 |  2.371527e+04 |   +1.54% |  1.54e-13 |      
       90 |   0.9974 |  2.459886e+04 |   +3.73% |  2.51e-13 |      
      100 |   0.9969 |  2.663153e+04 |   +8.26% |  4.09e-13 |      
      110 |   0.9964 |  3.043748e+04 |  +14.29% |  6.66e-13 |      
      120 |   0.9954 |  3.630517e+04 |  +19.28% |  1.08e-12 |      
      130 |   0.9929 |  4.437242e+04 |  +22.22% |  1.76e-12 |      
      140 |   0.9884 |  5.689174e+04 |  +28.21% |  2.87e-12 |      
      150 |   0.9793 |  8.117204e+04 |  +42.68% |  4.66e-12 |      
      160 |   0.9630 |  1.116094e+05 |  +37.50% |  7.57e-12 |      
      170 |   0.9477 |  1.322478e+05 |  +18.49% |  1.23e-11 |      
      180 |   0.9314 |  1.514414e+05 |  +14.51% |  2.00e-11 |      
      190 |   0.9015 |  1.813879e+05 |  +19.77% |  3.25e-11 |      
      200 |   0.8644 |  2.133208e+05 |  +17.60% |  5.27e-11 |      
      210 |   0.8339 |  2.404045e+05 |  +12.70% |  8.56e-11 |      
      220 |   0.7974 |  2.722499e+05 |  +13.25% |  1.39e-10 |      
      230 |   0.7479 |  3.067239e+05 |  +12.66% |  2.25e-10 |      
      240 |   0.6996 |  3.327174e+05 |   +8.47% |  3.66e-10 |      
      250 |   0.6481 |  3.575485e+05 |   +7.46% |  5.95e-10 |      
      260 |   0.5930 |  3.842832e+05 |   +7.48% |  9.66e-10 |      
      270 |   0.5247 |  4.050792e+05 |   +5.41% |  1.57e-09 |      
      280 |   0.4531 |  4.244630e+05 |   +4.79% |  2.55e-09 |      
      290 |   0.3809 |  4.473784e+05 |   +5.40% |  4.15e-09 |      
      300 |   0.3324 |  4.702955e+05 |   +5.12% |  6.54e-09 |      
      310 |   0.3038 |  4.739259e+05 |   +0.77% |  9.62e-09 |      
      320 |   0.2827 |  4.667562e+05 |   -1.51% |  1.42e-08 |      
      330 |   0.2550 |  4.764879e+05 |   +2.08% |  2.09e-08 |      
      340 |   0.2323 |  4.772506e+05 |   +0.16% |  3.07e-08 |      
      350 |   0.2086 |  4.735699e+05 |   -0.77% |  4.53e-08 |      
      360 |   0.1895 |  4.753595e+05 |   +0.38% |  6.67e-08 |      
      370 |   0.1674 |  4.739429e+05 |   -0.30% |  9.82e-08 |      
      380 |   0.1486 |  4.737090e+05 |   -0.05% |  1.45e-07 |      
      390 |   0.1300 |  4.734909e+05 |   -0.05% |  2.13e-07 |      
      400 |   0.1101 |  4.732393e+05 |   -0.05% |  3.14e-07 |      
      407 |   0.0989 |  4.731804e+05 |          |  4.28e-07 |      
---------------------------------------------------------------
[INFO GPL-1001] Global placement finished at iteration 407
[INFO GPL-1002] Placed Cell Area            127975.5291
[INFO GPL-1003] Available Free Area         201220.4864
[INFO GPL-1004] Minimum Feasible Density        0.6400 (cell_area / free_area)
[INFO GPL-1006]   Suggested Target Densities:
[INFO GPL-1007]     - For 90% usage of free space: 0.7067
[INFO GPL-1008]     - For 80% usage of free space: 0.7950
[INFO GPL-1014] Final placement area: 127975.53 (+0.00%)
[INFO GPL-1018] Final HPWL (um): 473308.08
Design area 127552 um^2 62% utilization.
write_db /work/orfs/results/sky130hd/ubp4_n32_u60/base/3_1_place_gp_skip_io.odb
Elapsed time: 0:05.14[h:]min:sec. CPU time: user 3.43 sys 0.23 (71%). Peak memory: 154056KB.
Log                       Ext     Elapsed/s Peak Memory/MB sha1sum result [0:20)
3_1_place_gp_skip_io      .odb            5            150 3b8518580a4f2707be16
/OpenROAD-flow-scripts/flow/scripts/flow.sh 3_2_place_iop io_placement
Running io_placement.tcl, stage 3_2_place_iop
read_liberty /OpenROAD-flow-scripts/flow/platforms/sky130hd/lib/sky130_fd_sc_hd__tt_025C_1v80.lib
read_db /work/orfs/results/sky130hd/ubp4_n32_u60/base/3_1_place_gp_skip_io.odb
read_sdc /work/orfs/results/sky130hd/ubp4_n32_u60/base/2_floorplan.sdc
source /OpenROAD-flow-scripts/flow/platforms/sky130hd/setRC.tcl
place_pins -hor_layers met3 -ver_layers met2
Found 0 macro blocks.
Using 2 tracks default min distance between IO pins.
[INFO PPL-0001] Number of available slots 1658
[INFO PPL-0002] Number of I/O             672
[INFO PPL-0003] Number of I/O w/sink      672
[INFO PPL-0004] Number of I/O w/o sink    0
[INFO PPL-0005] Slots per section         200
[INFO PPL-0008] Successfully assigned pins to sections.
[INFO PPL-0012] I/O nets HPWL: 91223.70 um.
Design area 127552 um^2 62% utilization.
write_db /work/orfs/results/sky130hd/ubp4_n32_u60/base/3_2_place_iop.odb
Elapsed time: 0:00.93[h:]min:sec. CPU time: user 0.60 sys 0.14 (80%). Peak memory: 131064KB.
Log                       Ext     Elapsed/s Peak Memory/MB sha1sum result [0:20)
3_2_place_iop             .odb            0            127 d4c0a24bf89b8569d0fa
/OpenROAD-flow-scripts/flow/scripts/flow.sh 3_3_place_gp global_place
Running global_place.tcl, stage 3_3_place_gp
read_liberty /OpenROAD-flow-scripts/flow/platforms/sky130hd/lib/sky130_fd_sc_hd__tt_025C_1v80.lib
read_db /work/orfs/results/sky130hd/ubp4_n32_u60/base/3_2_place_iop.odb
read_sdc /work/orfs/results/sky130hd/ubp4_n32_u60/base/2_floorplan.sdc
source /OpenROAD-flow-scripts/flow/platforms/sky130hd/setRC.tcl
[INFO RSZ-0026] Removed 0 buffers.
Perform port buffering...
[INFO RSZ-0027] Inserted 256 sky130_fd_sc_hd__clkdlybuf4s50_1 input buffers.
[INFO RSZ-0028] Inserted 416 sky130_fd_sc_hd__clkdlybuf4s50_1 output buffers.
global_placement -density 0.6 -pad_left 0 -pad_right 0 -routability_driven -timing_driven -force_center_initial_place -min_phi_coef 0.95 -max_phi_coef 1.05
[INFO GPL-0001] ---- Initialize GPL Main Data Structures
[INFO GPL-0002] DBU: 1000
[INFO GPL-0003] SiteSize: (  0.460  2.720 ) um
[INFO GPL-0004] CoreBBox: (  2.300  2.720 ) ( 455.400 454.240 ) um
[INFO GPL-0016] Core area:                  204583.712 um^2
[INFO GPL-0036] Movable instances area:     130915.558 um^2
[INFO GPL-0037] Total instances area:       134278.784 um^2
[INFO GPL-0035] Pin density area adjust:      4759.599 um^2
[INFO GPL-0032] ---- Initialize Region: Top-level
[INFO GPL-0006] Number of instances:             18283
[INFO GPL-0007] Movable instances:               15595
[INFO GPL-0008] Fixed instances:                  2688
[INFO GPL-0009] Dummy instances:                     0
[INFO GPL-0010] Number of nets:                  15851
[INFO GPL-0011] Number of pins:                  52044
[INFO GPL-0012] Die BBox:       (  0.000  0.000 ) ( 457.815 457.815 ) um
[INFO GPL-0013] Placement BBox: (  2.300  2.720 ) ( 455.400 454.240 ) um
[INFO GPL-0014] Region name: top-level.
[INFO GPL-0015] Region area:                204583.712 um^2
[INFO GPL-0017] Fixed instances area:         3363.226 um^2
[INFO GPL-0018] Movable instances area:     135675.158 um^2
[INFO GPL-0019] Utilization:                    67.426 %
[INFO GPL-0020] Standard cells area:        135675.158 um^2
[INFO GPL-0021] Large instances area:            0.000 um^2
[INFO GPL-0005] ---- Execute Conjugate Gradient Initial Placement.
[INFO GPL-0051] Source of initial instance position counters:
	Odb location = 0	Core center = 15595	Region center = 0
[InitialPlace]  Iter: 1 conjugate gradient residual: 0.00000018 HPWL: 613798311
[InitialPlace]  Iter: 2 conjugate gradient residual: 0.00000012 HPWL: 333780221
[InitialPlace]  Iter: 3 conjugate gradient residual: 0.00000011 HPWL: 332875396
[InitialPlace]  Iter: 4 conjugate gradient residual: 0.00000010 HPWL: 332683281
[InitialPlace]  Iter: 5 conjugate gradient residual: 0.00000011 HPWL: 332279217
[INFO GPL-0033] ---- Initialize Nesterov Region: Top-level
[WARNING GPL-0302] Target density 0.6000 is too low for the available free area.
Automatically adjusting to uniform density 0.6800.
[INFO GPL-0023] Placement target density:       0.6800
[INFO GPL-0024] Movable insts average area:      8.700 um^2
[INFO GPL-0025] Ideal bin area:                 12.794 um^2
[INFO GPL-0026] Ideal bin count:                 15990
[INFO GPL-0027] Total bin area:             204583.712 um^2
[INFO GPL-0028] Bin count (X, Y):          64 ,     64
[INFO GPL-0029] Bin size (W * H):       7.080 *  7.055 um
[INFO GPL-0030] Number of bins:                   4096
[INFO GPL-0084] ---- Execute Nesterov Global Placement.
[INFO GPL-0031] HPWL: Half-Perimeter Wirelength
Iteration | Overflow |     HPWL (um) |  HPWL(%) |   Penalty | Group
---------------------------------------------------------------
        0 |   0.9493 |  2.338141e+05 |   +0.00% |  1.98e-15 |      
       10 |   0.8223 |  3.407606e+05 |  +45.74% |  3.19e-15 |      
       20 |   0.7564 |  3.791247e+05 |  +11.26% |  5.17e-15 |      
       30 |   0.7249 |  3.946750e+05 |   +4.10% |  8.40e-15 |      
       40 |   0.7129 |  4.015930e+05 |   +1.75% |  1.37e-14 |      
       50 |   0.7137 |  4.019073e+05 |   +0.08% |  2.23e-14 |      
       60 |   0.7186 |  3.986810e+05 |   -0.80% |  3.63e-14 |      
       70 |   0.7223 |  3.957688e+05 |   -0.73% |  5.91e-14 |      
       80 |   0.7228 |  3.950358e+05 |   -0.19% |  9.63e-14 |      
       90 |   0.7209 |  3.961320e+05 |   +0.28% |  1.57e-13 |      
      100 |   0.7183 |  3.976940e+05 |   +0.39% |  2.55e-13 |      
      110 |   0.7174 |  3.984294e+05 |   +0.18% |  4.16e-13 |      
      120 |   0.7180 |  3.981244e+05 |   -0.08% |  6.78e-13 |      
      130 |   0.7192 |  3.974276e+05 |   -0.18% |  1.10e-12 |      
      140 |   0.7195 |  3.971201e+05 |   -0.08% |  1.80e-12 |      
      150 |   0.7185 |  3.975751e+05 |   +0.11% |  2.93e-12 |      
      160 |   0.7166 |  3.987918e+05 |   +0.31% |  4.77e-12 |      
      170 |   0.7136 |  4.005760e+05 |   +0.45% |  7.77e-12 |      
      180 |   0.7099 |  4.029525e+05 |   +0.59% |  1.26e-11 |      
      190 |   0.7039 |  4.062523e+05 |   +0.82% |  2.06e-11 |      
      200 |   0.6954 |  4.110171e+05 |   +1.17% |  3.35e-11 |      
      210 |   0.6831 |  4.178532e+05 |   +1.66% |  5.46e-11 |      
      220 |   0.6652 |  4.268996e+05 |   +2.16% |  8.88e-11 |      
      230 |   0.6426 |  4.376797e+05 |   +2.53% |  1.45e-10 |      
[INFO GPL-0100] Timing-driven iteration 1/2, virtual: false.
[INFO GPL-0101]    Iter: 234, overflow: 0.635, keep resizer changes at: 1, HPWL: 441158450
Iteration |   Area    | Resized | Buffers | Nets repaired | Remaining
---------------------------------------------------------------------
        0 |     +0.0% |       0 |       0 |             0 |     16023
    final |     +0.2% |      22 |      13 |            23 |         0
---------------------------------------------------------------------
[INFO RSZ-0034] Found 22 slew violations.
[INFO RSZ-0036] Found 4 capacitance violations.
[INFO RSZ-0039] Resized 22 instances.
[INFO RSZ-0038] Inserted 13 buffers in 23 nets.
   Iter   |    Area   | Removed | Inserted |   Pins
          |           | Buffers | Buffers  | Remaining
-------------------------------------------------------
        0 |     +0.0% |       0 |        0 |     15411
     1500 |     +0.0% |       0 |        2 |     13911
     3000 |     +0.1% |       0 |        9 |     12411
     4500 |     +0.1% |       0 |        9 |     10911
     6000 |     +0.1% |       0 |        9 |      9411
     7500 |     +0.1% |       0 |       11 |      7911
     9000 |     +0.1% |       1 |       12 |      6411
    10500 |     +0.1% |       1 |       13 |      4911
    12000 |     +0.1% |       2 |       16 |      3411
    13500 |     +0.1% |       7 |       28 |      1911
    15000 |     +0.1% |      11 |       42 |       411
    final |     +0.5% |      13 |      123 |         0
-------------------------------------------------------
[INFO GPL-0106] Timing-driven: worst slack 9.011451e-09
[INFO GPL-0107] Timing-driven: repair_design delta area: 922.257 um^2 (+0.68%)
[INFO GPL-0108] Timing-driven: repair_design, gpl delta gcells: 123 (+0.79%)
[INFO GPL-0109] Timing-driven: repair_design, gcells created: 136, deleted: 13
[INFO GPL-0110] Timing-driven: new target density: 0.68458337
Iteration | Overflow |     HPWL (um) |  HPWL(%) |   Penalty | Group
---------------------------------------------------------------
      240 |   0.6132 |  4.544586e+05 |   +3.83% |  2.35e-10 |      
[INFO GPL-0038] Routability snapshot saved at iter = 247
      246 |   0.5986 |  4.602070e+05 |          |           |      
      250 |   0.5893 |  4.632984e+05 |   +1.95% |  3.82e-10 |      
      260 |   0.5619 |  4.723588e+05 |   +1.96% |  6.22e-10 |      
      270 |   0.5171 |  4.838396e+05 |   +2.43% |  1.01e-09 |      
      280 |   0.4541 |  4.939584e+05 |   +2.09% |  1.65e-09 |      
      290 |   0.3783 |  4.993384e+05 |   +1.09% |  2.68e-09 |      
      300 |   0.3209 |  5.059125e+05 |   +1.32% |  4.19e-09 |      
      310 |   0.3064 |  5.203029e+05 |   +2.84% |  6.17e-09 |      
[INFO GPL-0040] Routability iteration: 1
[INFO GPL-0088] Tiles the placer can act on: 3424 of 4356 (78.60%)
[INFO GPL-0041] Total routing overflow: 474.5147
[INFO GPL-0042] Number of overflowed tiles: 1230 (35.92%)
[INFO GPL-0043] Average top 0.5% routing congestion: 2.5304
[INFO GPL-0044] Average top 1.0% routing congestion: 2.4249
[INFO GPL-0045] Average top 2.0% routing congestion: 2.2811
[INFO GPL-0046] Average top 5.0% routing congestion: 2.0538
[INFO GPL-0047] Routability iteration weighted routing congestion: 2.4777
[INFO GPL-0048] Routing congestion (2.4777) lower than previous minimum (1e+30). Updating minimum.
[INFO GPL-0099] Routability inflation trimmed to 8.22% of what this iteration asked for; 25.00% of the 30.00% budget still unspent.
[INFO GPL-0086] Inflated area:                6757.193 um^2 (+4.95%)
[INFO GPL-0052] Placement target density:       0.6846
[INFO GPL-0076] Removing fillers, count: Before: 138, After: 0 (-100.00%)
[INFO GPL-0077] Filler area (um^2)     : Before: 1154.778, After: 0.000 (-100.00%)
[INFO GPL-0078] Removed fillers count: 138, area removed: 1151.375 um^2. Remaining area to be compensated by modifying density: 5605.818 um^2
[INFO GPL-0079] New target density: 0.71242553
[INFO GPL-0058] White space area:           201220.486 um^2 (+0.00%)
[INFO GPL-0059] Movable instances area:     143354.610 um^2 (+4.07%)
[INFO GPL-0060] Total filler area:               0.000 um^2 (-100.00%)
[INFO GPL-0061] Total non-inflated area:    143354.608 um^2 (+4.07%)
[INFO GPL-0062] Total inflated area:        150111.801 um^2 (+3.88%)
[INFO GPL-0063] New Target Density:             0.7124
[INFO GPL-0087] Routability end iteration: increase inflation and revert back to snapshot.
Iteration | Overflow |     HPWL (um) |  HPWL(%) |   Penalty | Group
---------------------------------------------------------------
      320 |   0.5863 |  4.681310e+05 |   +0.00% |  4.33e-10 |      
      330 |   0.5524 |  4.790798e+05 |   +2.34% |  6.37e-10 |      
      340 |   0.5106 |  4.887010e+05 |   +2.01% |  9.38e-10 |      
      350 |   0.4641 |  4.946653e+05 |   +1.22% |  1.38e-09 |      
      360 |   0.4121 |  4.980667e+05 |   +0.69% |  2.03e-09 |      
      370 |   0.3589 |  5.009773e+05 |   +0.58% |  3.00e-09 |      
      380 |   0.3294 |  5.095578e+05 |   +1.71% |  4.41e-09 |      
      390 |   0.2996 |  5.214022e+05 |   +2.32% |  6.49e-09 |      
[INFO GPL-0040] Routability iteration: 2
[INFO GPL-0088] Tiles the placer can act on: 3480 of 4356 (79.89%)
[INFO GPL-0041] Total routing overflow: 431.6061
[INFO GPL-0042] Number of overflowed tiles: 1213 (34.86%)
[INFO GPL-0043] Average top 0.5% routing congestion: 2.4193
[INFO GPL-0044] Average top 1.0% routing congestion: 2.3018
[INFO GPL-0045] Average top 2.0% routing congestion: 2.1645
[INFO GPL-0046] Average top 5.0% routing congestion: 1.9559
[INFO GPL-0047] Routability iteration weighted routing congestion: 2.3605
[INFO GPL-0048] Routing congestion (2.3605) lower than previous minimum (2.478). Updating minimum.
[INFO GPL-0099] Routability inflation trimmed to 8.31% of what this iteration asked for; 20.02% of the 30.00% budget still unspent.
[INFO GPL-0086] Inflated area:                6757.688 um^2 (+4.71%)
[INFO GPL-0052] Placement target density:       0.7124
[INFO GPL-0076] Removing fillers, count: Before: 0, After: 0 (+0.00%)
[INFO GPL-0077] Filler area (um^2)     : Before: 0.000, After: 0.000 (+0.00%)
[INFO GPL-0078] Removed fillers count: 0, area removed: 0.000 um^2. Remaining area to be compensated by modifying density: 6757.688 um^2
[INFO GPL-0079] New target density: 0.746009
[INFO GPL-0058] White space area:           201220.486 um^2 (+0.00%)
[INFO GPL-0059] Movable instances area:     150112.289 um^2 (+4.71%)
[INFO GPL-0060] Total filler area:               0.000 um^2 (+0.00%)
[INFO GPL-0061] Total non-inflated area:    150112.296 um^2 (+4.71%)
[INFO GPL-0062] Total inflated area:        156869.984 um^2 (+4.50%)
[INFO GPL-0063] New Target Density:             0.7460
[INFO GPL-0087] Routability end iteration: increase inflation and revert back to snapshot.
Iteration | Overflow |     HPWL (um) |  HPWL(%) |   Penalty | Group
---------------------------------------------------------------
      400 |   0.5839 |  4.722230e+05 |   +0.00% |  4.68e-10 |      
      410 |   0.5429 |  4.852631e+05 |   +2.76% |  6.88e-10 |      
      420 |   0.4962 |  4.947665e+05 |   +1.96% |  1.01e-09 |      
      430 |   0.4494 |  4.993864e+05 |   +0.93% |  1.49e-09 |      
      440 |   0.4004 |  5.021748e+05 |   +0.56% |  2.20e-09 |      
      450 |   0.3521 |  5.057740e+05 |   +0.72% |  3.24e-09 |      
      460 |   0.3255 |  5.157543e+05 |   +1.97% |  4.76e-09 |      
[INFO GPL-0040] Routability iteration: 3
[INFO GPL-0088] Tiles the placer can act on: 3497 of 4356 (80.28%)
[INFO GPL-0041] Total routing overflow: 407.6124
[INFO GPL-0042] Number of overflowed tiles: 1228 (35.12%)
[INFO GPL-0043] Average top 0.5% routing congestion: 2.2976
[INFO GPL-0044] Average top 1.0% routing congestion: 2.2019
[INFO GPL-0045] Average top 2.0% routing congestion: 2.0817
[INFO GPL-0046] Average top 5.0% routing congestion: 1.8894
[INFO GPL-0047] Routability iteration weighted routing congestion: 2.2497
[INFO GPL-0048] Routing congestion (2.2497) lower than previous minimum (2.361). Updating minimum.
[INFO GPL-0099] Routability inflation trimmed to 8.11% of what this iteration asked for; 15.04% of the 30.00% budget still unspent.
[INFO GPL-0086] Inflated area:                6754.542 um^2 (+4.50%)
[INFO GPL-0052] Placement target density:       0.7460
[INFO GPL-0076] Removing fillers, count: Before: 0, After: 0 (+0.00%)
[INFO GPL-0077] Filler area (um^2)     : Before: 0.000, After: 0.000 (+0.00%)
[INFO GPL-0078] Removed fillers count: 0, area removed: 0.000 um^2. Remaining area to be compensated by modifying density: 6754.542 um^2
[INFO GPL-0079] New target density: 0.77957684
[INFO GPL-0058] White space area:           201220.486 um^2 (+0.00%)
[INFO GPL-0059] Movable instances area:     156866.839 um^2 (+4.50%)
[INFO GPL-0060] Total filler area:               0.000 um^2 (+0.00%)
[INFO GPL-0061] Total non-inflated area:    156866.838 um^2 (+4.50%)
[INFO GPL-0062] Total inflated area:        163621.380 um^2 (+4.31%)
[INFO GPL-0063] New Target Density:             0.7796
[INFO GPL-0087] Routability end iteration: increase inflation and revert back to snapshot.
Iteration | Overflow |     HPWL (um) |  HPWL(%) |   Penalty | Group
---------------------------------------------------------------
      470 |   0.6136 |  4.618798e+05 |   +0.00% |  3.43e-10 |      
      480 |   0.5789 |  4.773705e+05 |   +3.35% |  5.05e-10 |      
      490 |   0.5305 |  4.919265e+05 |   +3.05% |  7.43e-10 |      
      500 |   0.4821 |  5.002447e+05 |   +1.69% |  1.09e-09 |      
      510 |   0.4368 |  5.035291e+05 |   +0.66% |  1.61e-09 |      
      520 |   0.3893 |  5.060620e+05 |   +0.50% |  2.37e-09 |      
      530 |   0.3483 |  5.109794e+05 |   +0.97% |  3.49e-09 |      
      540 |   0.3190 |  5.215305e+05 |   +2.06% |  5.14e-09 |      
[INFO GPL-0040] Routability iteration: 4
[INFO GPL-0088] Tiles the placer can act on: 3515 of 4356 (80.69%)
[INFO GPL-0041] Total routing overflow: 385.7551
[INFO GPL-0042] Number of overflowed tiles: 1243 (35.36%)
[INFO GPL-0043] Average top 0.5% routing congestion: 2.2421
[INFO GPL-0044] Average top 1.0% routing congestion: 2.1285
[INFO GPL-0045] Average top 2.0% routing congestion: 1.9968
[INFO GPL-0046] Average top 5.0% routing congestion: 1.8194
[INFO GPL-0047] Routability iteration weighted routing congestion: 2.1853
[INFO GPL-0048] Routing congestion (2.1853) lower than previous minimum (2.25). Updating minimum.
[INFO GPL-0099] Routability inflation trimmed to 8.19% of what this iteration asked for; 10.06% of the 30.00% budget still unspent.
[INFO GPL-0086] Inflated area:                6756.866 um^2 (+4.31%)
[INFO GPL-0052] Placement target density:       0.7796
[INFO GPL-0076] Removing fillers, count: Before: 0, After: 0 (+0.00%)
[INFO GPL-0077] Filler area (um^2)     : Before: 0.000, After: 0.000 (+0.00%)
[INFO GPL-0078] Removed fillers count: 0, area removed: 0.000 um^2. Remaining area to be compensated by modifying density: 6756.866 um^2
[INFO GPL-0079] New target density: 0.81315625
[INFO GPL-0058] White space area:           201220.486 um^2 (+0.00%)
[INFO GPL-0059] Movable instances area:     163623.698 um^2 (+4.31%)
[INFO GPL-0060] Total filler area:               0.000 um^2 (+0.00%)
[INFO GPL-0061] Total non-inflated area:    163623.704 um^2 (+4.31%)
[INFO GPL-0062] Total inflated area:        170380.570 um^2 (+4.13%)
[INFO GPL-0063] New Target Density:             0.8132
[INFO GPL-0087] Routability end iteration: increase inflation and revert back to snapshot.
Iteration | Overflow |     HPWL (um) |  HPWL(%) |   Penalty | Group
---------------------------------------------------------------
      550 |   0.6128 |  4.651201e+05 |   +0.00% |  3.71e-10 |      
      560 |   0.5703 |  4.836181e+05 |   +3.98% |  5.46e-10 |      
      570 |   0.5157 |  4.985561e+05 |   +3.09% |  8.03e-10 |      
      580 |   0.4677 |  5.050278e+05 |   +1.30% |  1.18e-09 |      
      590 |   0.4263 |  5.071965e+05 |   +0.43% |  1.74e-09 |      
      600 |   0.3803 |  5.098113e+05 |   +0.52% |  2.56e-09 |      
      610 |   0.3434 |  5.164504e+05 |   +1.30% |  3.77e-09 |      
      620 |   0.3142 |  5.267849e+05 |   +2.00% |  5.56e-09 |      
[INFO GPL-0040] Routability iteration: 5
[INFO GPL-0088] Tiles the placer can act on: 3531 of 4356 (81.06%)
[INFO GPL-0041] Total routing overflow: 354.1191
[INFO GPL-0042] Number of overflowed tiles: 1230 (34.83%)
[INFO GPL-0043] Average top 0.5% routing congestion: 2.1007
[INFO GPL-0044] Average top 1.0% routing congestion: 2.0064
[INFO GPL-0045] Average top 2.0% routing congestion: 1.8965
[INFO GPL-0046] Average top 5.0% routing congestion: 1.7285
[INFO GPL-0047] Routability iteration weighted routing congestion: 2.0535
[INFO GPL-0048] Routing congestion (2.0535) lower than previous minimum (2.185). Updating minimum.
[INFO GPL-0099] Routability inflation trimmed to 8.51% of what this iteration asked for; 5.08% of the 30.00% budget still unspent.
[INFO GPL-0086] Inflated area:                6755.543 um^2 (+4.13%)
[INFO GPL-0052] Placement target density:       0.8132
[INFO GPL-0076] Removing fillers, count: Before: 0, After: 0 (+0.00%)
[INFO GPL-0077] Filler area (um^2)     : Before: 0.000, After: 0.000 (+0.00%)
[INFO GPL-0078] Removed fillers count: 0, area removed: 0.000 um^2. Remaining area to be compensated by modifying density: 6755.544 um^2
[INFO GPL-0079] New target density: 0.8467291
[INFO GPL-0058] White space area:           201220.486 um^2 (+0.00%)
[INFO GPL-0059] Movable instances area:     170379.248 um^2 (+4.13%)
[INFO GPL-0060] Total filler area:               0.000 um^2 (+0.00%)
[INFO GPL-0061] Total non-inflated area:    170379.248 um^2 (+4.13%)
[INFO GPL-0062] Total inflated area:        177134.791 um^2 (+3.97%)
[INFO GPL-0063] New Target Density:             0.8467
[INFO GPL-0087] Routability end iteration: increase inflation and revert back to snapshot.
Iteration | Overflow |     HPWL (um) |  HPWL(%) |   Penalty | Group
---------------------------------------------------------------
      630 |   0.6138 |  4.677765e+05 |   +0.00% |  3.86e-10 |      
      640 |   0.5652 |  4.890427e+05 |   +4.55% |  5.67e-10 |      
      650 |   0.5057 |  5.040815e+05 |   +3.08% |  8.34e-10 |      
      660 |   0.4587 |  5.091519e+05 |   +1.01% |  1.23e-09 |      
      670 |   0.4207 |  5.109094e+05 |   +0.35% |  1.81e-09 |      
      680 |   0.3780 |  5.136628e+05 |   +0.54% |  2.66e-09 |      
      690 |   0.3404 |  5.209302e+05 |   +1.41% |  3.92e-09 |      
      700 |   0.3113 |  5.307899e+05 |   +1.89% |  5.77e-09 |      
[INFO GPL-0040] Routability iteration: 6
[INFO GPL-0088] Tiles the placer can act on: 3548 of 4356 (81.45%)
[INFO GPL-0041] Total routing overflow: 334.5277
[INFO GPL-0042] Number of overflowed tiles: 1216 (34.27%)
[INFO GPL-0043] Average top 0.5% routing congestion: 2.0183
[INFO GPL-0044] Average top 1.0% routing congestion: 1.9270
[INFO GPL-0045] Average top 2.0% routing congestion: 1.8255
[INFO GPL-0046] Average top 5.0% routing congestion: 1.6726
[INFO GPL-0047] Routability iteration weighted routing congestion: 1.9726
[INFO GPL-0048] Routing congestion (1.9726) lower than previous minimum (2.054). Updating minimum.
[INFO GPL-0099] Routability inflation trimmed to 8.47% of what this iteration asked for; 0.10% of the 30.00% budget still unspent.
[INFO GPL-0086] Inflated area:                6756.098 um^2 (+3.97%)
[INFO GPL-0052] Placement target density:       0.8467
[INFO GPL-0076] Removing fillers, count: Before: 0, After: 0 (+0.00%)
[INFO GPL-0077] Filler area (um^2)     : Before: 0.000, After: 0.000 (+0.00%)
[INFO GPL-0078] Removed fillers count: 0, area removed: 0.000 um^2. Remaining area to be compensated by modifying density: 6756.098 um^2
[INFO GPL-0079] New target density: 0.88030475
[INFO GPL-0058] White space area:           201220.486 um^2 (+0.00%)
[INFO GPL-0059] Movable instances area:     177135.354 um^2 (+3.97%)
[INFO GPL-0060] Total filler area:               0.000 um^2 (+0.00%)
[INFO GPL-0061] Total non-inflated area:    177135.346 um^2 (+3.97%)
[INFO GPL-0062] Total inflated area:        183891.444 um^2 (+3.81%)
[INFO GPL-0063] New Target Density:             0.8803
[INFO GPL-0087] Routability end iteration: increase inflation and revert back to snapshot.
Iteration | Overflow |     HPWL (um) |  HPWL(%) |   Penalty | Group
---------------------------------------------------------------
      710 |   0.6139 |  4.708090e+05 |   +0.00% |  4.01e-10 |      
      720 |   0.5575 |  4.944623e+05 |   +5.02% |  5.89e-10 |      
      730 |   0.4950 |  5.087272e+05 |   +2.88% |  8.67e-10 |      
      740 |   0.4509 |  5.123212e+05 |   +0.71% |  1.28e-09 |      
      750 |   0.4151 |  5.140479e+05 |   +0.34% |  1.88e-09 |      
      760 |   0.3746 |  5.173982e+05 |   +0.65% |  2.77e-09 |      
      770 |   0.3374 |  5.247673e+05 |   +1.42% |  4.08e-09 |      
      780 |   0.3095 |  5.344297e+05 |   +1.84% |  6.00e-09 |      
[INFO GPL-0040] Routability iteration: 7
[INFO GPL-0088] Tiles the placer can act on: 3546 of 4356 (81.40%)
[INFO GPL-0041] Total routing overflow: 316.8142
[INFO GPL-0042] Number of overflowed tiles: 1246 (35.14%)
[INFO GPL-0043] Average top 0.5% routing congestion: 1.9640
[INFO GPL-0044] Average top 1.0% routing congestion: 1.8650
[INFO GPL-0045] Average top 2.0% routing congestion: 1.7748
[INFO GPL-0046] Average top 5.0% routing congestion: 1.6330
[INFO GPL-0047] Routability iteration weighted routing congestion: 1.9145
[INFO GPL-0048] Routing congestion (1.9145) lower than previous minimum (1.973). Updating minimum.
[INFO GPL-0099] Routability inflation trimmed to 0.21% of what this iteration asked for; 0.00% of the 30.00% budget still unspent.
[INFO GPL-0086] Inflated area:                 137.249 um^2 (+0.08%)
[INFO GPL-0052] Placement target density:       0.8803
[INFO GPL-0076] Removing fillers, count: Before: 0, After: 0 (+0.00%)
[INFO GPL-0077] Filler area (um^2)     : Before: 0.000, After: 0.000 (+0.00%)
[INFO GPL-0078] Removed fillers count: 0, area removed: 0.000 um^2. Remaining area to be compensated by modifying density: 137.249 um^2
[INFO GPL-0079] New target density: 0.8809868
[INFO GPL-0058] White space area:           201220.486 um^2 (+0.00%)
[INFO GPL-0059] Movable instances area:     177272.603 um^2 (+0.08%)
[INFO GPL-0060] Total filler area:               0.000 um^2 (+0.00%)
[INFO GPL-0061] Total non-inflated area:    177272.595 um^2 (+0.08%)
[INFO GPL-0062] Total inflated area:        177409.844 um^2 (+0.08%)
[INFO GPL-0063] New Target Density:             0.8810
[INFO GPL-0097] Total routability inflation 29.98% of the movable area spent the 30.00% budget, ending routability.
[INFO GPL-0055] Reverting inflation values and target density from the iteration with minimum observed routing congestion.
[INFO GPL-0056] Minimum observed routing congestion: 1.9145
[INFO GPL-0057] Target density at minimum routing congestion: 0.8803
[INFO GPL-0080] Restoring 0 previously removed fillers.
[INFO GPL-0089] Routability finished. Reverting to minimal observed routing congestion, could not reach target.
Iteration | Overflow |     HPWL (um) |  HPWL(%) |   Penalty | Group
---------------------------------------------------------------
      790 |   0.6092 |  4.734088e+05 |   +0.00% |  4.16e-10 |      
      800 |   0.5508 |  4.966091e+05 |   +4.90% |  6.12e-10 |      
      810 |   0.4900 |  5.095197e+05 |   +2.60% |  9.01e-10 |      
      820 |   0.4471 |  5.126112e+05 |   +0.61% |  1.33e-09 |      
      830 |   0.4110 |  5.144420e+05 |   +0.36% |  1.95e-09 |      
      840 |   0.3703 |  5.180280e+05 |   +0.70% |  2.88e-09 |      
      850 |   0.3336 |  5.258150e+05 |   +1.50% |  4.24e-09 |      
      860 |   0.3061 |  5.354120e+05 |   +1.83% |  6.24e-09 |      
      870 |   0.2738 |  5.390532e+05 |   +0.68% |  9.18e-09 |      
      880 |   0.2557 |  5.372424e+05 |   -0.34% |  1.35e-08 |      
      890 |   0.2377 |  5.342148e+05 |   -0.56% |  1.99e-08 |      
      900 |   0.2119 |  5.363068e+05 |   +0.39% |  2.93e-08 |      
      910 |   0.1974 |  5.392622e+05 |   +0.55% |  4.32e-08 |      
[INFO GPL-0100] Timing-driven iteration 2/2, virtual: false.
[INFO GPL-0101]    Iter: 913, overflow: 0.193, keep resizer changes at: 1, HPWL: 539492007
Iteration |   Area    | Resized | Buffers | Nets repaired | Remaining
---------------------------------------------------------------------
        0 |     +0.0% |       0 |       0 |             0 |     16146
    final |     +0.5% |      47 |      26 |            50 |         0
---------------------------------------------------------------------
[INFO RSZ-0034] Found 47 slew violations.
[INFO RSZ-0036] Found 4 capacitance violations.
[INFO RSZ-0039] Resized 47 instances.
[INFO RSZ-0038] Inserted 26 buffers in 50 nets.
   Iter   |    Area   | Removed | Inserted |   Pins
          |           | Buffers | Buffers  | Remaining
-------------------------------------------------------
        0 |     +0.0% |       0 |        0 |     15411
     1500 |     +0.0% |       2 |        8 |     13911
     3000 |     +0.1% |       9 |       27 |     12411
     4500 |     +0.1% |       9 |       27 |     10911
     6000 |     +0.1% |       9 |       33 |      9411
     7500 |     +0.2% |      15 |       55 |      7911
     9000 |     +0.3% |      19 |       73 |      6411
    10500 |     +0.4% |      22 |      101 |      4911
    12000 |     +0.6% |      29 |      145 |      3411
    13500 |     +0.8% |      47 |      200 |      1911
    15000 |     +1.0% |      66 |      261 |       411
    final |     +1.5% |     149 |      441 |         0
-------------------------------------------------------
[INFO GPL-0106] Timing-driven: worst slack 9.49889e-09
[INFO GPL-0107] Timing-driven: repair_design delta area: 2465.359 um^2 (+1.39%)
[INFO GPL-0108] Timing-driven: repair_design, gpl delta gcells: 318 (+2.02%)
[INFO GPL-0109] Timing-driven: repair_design, gcells created: 467, deleted: 149
[INFO GPL-0110] Timing-driven: new target density: 0.89323884
Iteration | Overflow |     HPWL (um) |  HPWL(%) |   Penalty | Group
---------------------------------------------------------------
      920 |   0.1714 |  5.444004e+05 |   +0.95% |  6.36e-08 |      
      930 |   0.1538 |  5.465627e+05 |   +0.40% |  9.37e-08 |      
      940 |   0.1414 |  5.466646e+05 |   +0.02% |  1.38e-07 |      
      950 |   0.1202 |  5.466847e+05 |   +0.00% |  2.03e-07 |      
      960 |   0.1070 |  5.468356e+05 |   +0.03% |  3.00e-07 |      
      964 |   0.0996 |  5.467357e+05 |          |  3.64e-07 |      
---------------------------------------------------------------
[INFO GPL-1001] Global placement finished at iteration 964
[INFO GPL-1017] Routability mode iteration count: 608
[INFO GPL-1005] Routability final weighted congestion: 1.6128
[INFO GPL-1002] Placed Cell Area            179600.7048
[INFO GPL-1003] Available Free Area         201220.4864
[INFO GPL-1004] Minimum Feasible Density        0.6800 (cell_area / free_area)
[INFO GPL-1006]   Suggested Target Densities:
[INFO GPL-1007]     - For 90% usage of free space: 0.9917
[INFO GPL-1008]     - For 80% usage of free space: 1.1157
[INFO GPL-1011] Original area (um^2): 135675.16
[INFO GPL-1012] Total routability artificial inflation: 40537.93 (+29.88%)
[INFO GPL-1013] Total timing-driven delta area: 3387.62 (+2.50%)
[INFO GPL-1014] Final placement area: 179600.70 (+32.38%)
[INFO GPL-1018] Final HPWL (um): 546945.11
Took 29 seconds: global_placement -density 0.6 -pad_left 0 -pad_right 0 -routability_driven -timing_driven -force_center_initial_place -min_phi_coef 0.95 -max_phi_coef 1.05
estimate_parasitics -placement
Report metrics stage 3, global place...

==========================================================================
global place report_design_area
--------------------------------------------------------------------------
Design area 137915 um^2 67% utilization.
write_db /work/orfs/results/sky130hd/ubp4_n32_u60/base/3_3_place_gp.odb
Elapsed time: 0:32.10[h:]min:sec. CPU time: user 22.26 sys 1.29 (73%). Peak memory: 373524KB.
Log                       Ext     Elapsed/s Peak Memory/MB sha1sum result [0:20)
3_3_place_gp              .odb           32            364 5b691c929a1aebac58c8
/OpenROAD-flow-scripts/flow/scripts/flow.sh 3_4_place_resized resize
Running resize.tcl, stage 3_4_place_resized
read_liberty /OpenROAD-flow-scripts/flow/platforms/sky130hd/lib/sky130_fd_sc_hd__tt_025C_1v80.lib
read_db /work/orfs/results/sky130hd/ubp4_n32_u60/base/3_3_place_gp.odb
read_sdc /work/orfs/results/sky130hd/ubp4_n32_u60/base/2_floorplan.sdc
source /OpenROAD-flow-scripts/flow/platforms/sky130hd/setRC.tcl
estimate_parasitics -placement
Perform buffer insertion and gate resizing...
repair_design -verbose -match_cell_footprint
Iteration |   Area    | Resized | Buffers | Nets repaired | Remaining
---------------------------------------------------------------------
        0 |     +0.0% |       0 |       0 |             0 |     16464
     1000 |     +0.0% |       0 |       0 |             0 |     15464
     2000 |     +0.0% |       0 |       0 |             0 |     14464
     3000 |     +0.0% |       0 |       0 |             0 |     13464
     4000 |     +0.0% |       0 |       0 |             0 |     12464
     5000 |     +0.0% |       0 |       0 |             0 |     11464
     6000 |     +0.0% |       0 |       0 |             0 |     10464
     7000 |     +0.0% |       0 |       0 |             0 |      9464
     8000 |     +0.0% |       0 |       0 |             0 |      8464
     9000 |     +0.0% |       0 |       0 |             0 |      7464
    10000 |     +0.0% |       0 |       1 |             1 |      6464
    11000 |     +0.0% |       0 |       1 |             1 |      5464
    12000 |     +0.0% |       0 |       1 |             1 |      4464
    13000 |     +0.0% |       0 |       2 |             2 |      3464
    14000 |     +0.0% |       0 |       2 |             2 |      2464
    15000 |     +0.0% |       0 |       2 |             2 |      1464
    16000 |     +0.0% |       0 |       2 |             2 |       464
    final |     +0.0% |       0 |       2 |             2 |         0
---------------------------------------------------------------------
[INFO RSZ-0036] Found 2 capacitance violations.
[INFO RSZ-0038] Inserted 2 buffers in 2 nets.
[INFO RSZ-0504] Runtime: 2.17s
Floating nets: 
Report metrics stage 3, resizer...
No registers in design

==========================================================================
resizer report_design_area
--------------------------------------------------------------------------
Design area 137934 um^2 67% utilization.
Instance count before 18724, after 18726
Pin count before 52426, after 52430
write_db /work/orfs/results/sky130hd/ubp4_n32_u60/base/3_4_place_resized.odb
Elapsed time: 0:06.16[h:]min:sec. CPU time: user 4.50 sys 0.14 (75%). Peak memory: 201992KB.
Log                       Ext     Elapsed/s Peak Memory/MB sha1sum result [0:20)
3_4_place_resized         .odb            6            197 309a254e27dc7b00768c
/OpenROAD-flow-scripts/flow/scripts/flow.sh 3_5_place_dp detail_place
Running detail_place.tcl, stage 3_5_place_dp
read_liberty /OpenROAD-flow-scripts/flow/platforms/sky130hd/lib/sky130_fd_sc_hd__tt_025C_1v80.lib
read_db /work/orfs/results/sky130hd/ubp4_n32_u60/base/3_4_place_resized.odb
read_sdc /work/orfs/results/sky130hd/ubp4_n32_u60/base/2_floorplan.sdc
source /OpenROAD-flow-scripts/flow/platforms/sky130hd/setRC.tcl
detailed_placement
[INFO DPL-0006] Core area: 204583.71 um^2
[INFO DPL-0007] Movable instances area: 134570.31 um^2
[INFO DPL-0008] Fixed instances area within core: 3363.23 um^2
[INFO DPL-0009] Utilization: 67.4%
[INFO DPL-0005] Diamond search max displacement: +/- 500 sites horizontally, +/- 100 rows vertically.
[INFO DPL-1102] Legalizing using negotiation legalizer.
[INFO DPL-1103] Negotiation base search window: +/-20 sites horizontally, +/-5 rows vertically 
	Automatic search window extension enabled.
	Search window extendable up to the max displacement cap of +/-500 sites, +/-100 rows near walls.
[INFO DPL-1104] NegotiationLegalizer DRC penalty: 5.
[INFO DPL-0392] Negotiation cell height distribution (1 unique row-count(s)):
[INFO DPL-0393]   height 1 row(s): 18726 cells
          |      Total |  Illegal |  Illegal
Iteration | Violations |    Cells |    Sites
---------------------------------------------
        0 |      15542 |      3650 |     11649
        1 |       2277 |       475 |      1766
        2 |        815 |       131 |       660
        3 |        445 |        69 |       376
        4 |        242 |        36 |       206
        5 |        148 |        28 |       120
        6 |        138 |        18 |       120
        7 |        109 |        13 |        93
        8 |        110 |        12 |        98
        9 |         69 |         9 |        60
       10 |         87 |        11 |        76
       15 |          0 |         0 |         0
Negotiation phase 1 converged at iteration 15.
[INFO DPL-0500] Runtime: 0.84s
Detailed Placement Analysis
---------------------------------
legalizer            negotiation
total moves               19047
total displacement      52977.4 u
average displacement        2.8 u
max displacement           17.4 u
original HPWL          546953.8 u
legalized HPWL         589096.1 u
delta HPWL                    8 %

improve_placement -max_displacement "5 1"
Detailed placement improvement.
[INFO DPL-0401] Setting random seed to 1.
[INFO DPL-0402] Setting maximum displacement 5 1 to 13600 2720 units.
[INFO DPL-0320] Collected 3360 fixed cells.
[INFO DPL-0318] Collected 16038 single height cells.
[INFO DPL-0321] Collected 0 wide cells.
[INFO DPL-0322] Image (2300, 2720) - (455400, 454240)
[INFO DPL-0310] Assigned 16038 cells into segments.  Movement in X-direction is 0.000000, movement in Y-direction is 0.000000.
[INFO DPL-0313] Found 0 cells in wrong regions.
[INFO DPL-0315] Found 0 row alignment problems.
[INFO DPL-0314] Found 0 site alignment problems.
[INFO DPL-0311] Found 0 overlaps between adjacent cells.
[INFO DPL-0312] Found 0 edge spacing violations and 0 padding violations.
[INFO DPL-0303] Running algorithm for independent set matching.
[INFO DPL-0300] Set matching objective is wirelength.
[INFO DPL-0301] Pass   1 of matching; objective is 5.890194e+08.
[INFO DPL-0302] End of matching; objective is 5.881043e+08, improvement is 0.16 percent.
[INFO DPL-0303] Running algorithm for global swaps.
[INFO DPL-0306] Pass   1 of global swaps; hpwl is 5.815188e+08.
[INFO DPL-0306] Pass   2 of global swaps; hpwl is 5.803186e+08.
[INFO DPL-0307] End of global swaps; objective is 5.803186e+08, improvement is 1.32 percent.
[INFO DPL-0303] Running algorithm for vertical swaps.
[INFO DPL-0308] Pass   1 of vertical swaps; hpwl is 5.790521e+08.
[INFO DPL-0309] End of vertical swaps; objective is 5.790521e+08, improvement is 0.22 percent.
[INFO DPL-0303] Running algorithm for reordering.
[INFO DPL-0304] Pass   1 of reordering; objective is 5.775517e+08.
[INFO DPL-0305] End of reordering; objective is 5.775517e+08, improvement is 0.26 percent.
[INFO DPL-0303] Running algorithm for random improvement.
[INFO DPL-0324] Random improver is using random generator.
[INFO DPL-0325] Random improver is using hpwl objective.
[INFO DPL-0326] Random improver cost string is (a).
[INFO DPL-0332] End of pass, Generator random called 320760 times.
[INFO DPL-0335] Generator random, Cumulative attempts 320760, swaps 66950, moves 53370 since last reset.
[INFO DPL-0333] End of pass, Objective hpwl, Initial cost 5.775517e+08, Scratch cost 5.731814e+08, Incremental cost 5.731814e+08, Mismatch? N
[INFO DPL-0338] End of pass, Total cost is 5.731814e+08.
[INFO DPL-0327] Pass   1 of random improver; improvement in cost is 0.76 percent.
[INFO DPL-0328] End of random improver; improvement is 0.756704 percent.
[INFO DPL-0380] Cell flipping.
[INFO DPL-0382] Changed 0 cell orientations for row compatibility.
[INFO DPL-0383] Performed 5249 cell flips.
[INFO DPL-0384] End of flipping; objective is 5.635776e+08, improvement is 1.68 percent.
[INFO DPL-0313] Found 0 cells in wrong regions.
[INFO DPL-0315] Found 0 row alignment problems.
[INFO DPL-0314] Found 0 site alignment problems.
[INFO DPL-0311] Found 0 overlaps between adjacent cells.
[INFO DPL-0312] Found 0 edge spacing violations and 0 padding violations.
Place Optimization Analysis
---------------------------------
total attempts           320760
relocated cells            8865
total displacement      34695.7 u
average displacement        3.9 u
max displacement           16.1 u
original HPWL          589096.1 u
improved HPWL          563441.2 u
delta HPWL                   -4 %

optimize_mirroring
[INFO DPL-0020] Mirrored 675 instances
[INFO DPL-0021] HPWL before          563441.2 u
[INFO DPL-0022] HPWL after           563294.5 u
[INFO DPL-0023] HPWL delta               -0.0 %
[INFO FLW-0012] Placement violations .
estimate_parasitics -placement
Report metrics stage 3, detailed place...
No registers in design

==========================================================================
detailed place report_design_area
--------------------------------------------------------------------------
Design area 137934 um^2 67% utilization.
write_db /work/orfs/results/sky130hd/ubp4_n32_u60/base/3_5_place_dp.odb
write_sdc -no_timestamp /work/orfs/results/sky130hd/ubp4_n32_u60/base/3_place.sdc
Elapsed time: 0:08.63[h:]min:sec. CPU time: user 6.93 sys 0.16 (82%). Peak memory: 207996KB.
Log                       Ext     Elapsed/s Peak Memory/MB sha1sum result [0:20)
3_5_place_dp              .odb            8            203 512dacf72090b87f62b3
cp /work/orfs/results/sky130hd/ubp4_n32_u60/base/3_5_place_dp.odb /work/orfs/results/sky130hd/ubp4_n32_u60/base/3_place.odb
/OpenROAD-flow-scripts/flow/scripts/flow.sh 4_1_cts cts
Running cts.tcl, stage 4_1_cts
read_liberty /OpenROAD-flow-scripts/flow/platforms/sky130hd/lib/sky130_fd_sc_hd__tt_025C_1v80.lib
read_db /work/orfs/results/sky130hd/ubp4_n32_u60/base/3_place.odb
read_sdc /work/orfs/results/sky130hd/ubp4_n32_u60/base/3_place.sdc
source /OpenROAD-flow-scripts/flow/platforms/sky130hd/setRC.tcl
clock_tree_synthesis -sink_clustering_enable -repair_clock_nets
[INFO CTS-0050] Root buffer is sky130_fd_sc_hd__clkbuf_16.
[INFO CTS-0051] Sink buffer is sky130_fd_sc_hd__clkbuf_16.
[INFO CTS-0052] The following clock buffers will be used for CTS:
                    sky130_fd_sc_hd__clkbuf_16
[INFO CTS-0049] Characterization buffer is sky130_fd_sc_hd__clkbuf_16.
[WARNING CTS-0083] No clock nets have been found.
[INFO CTS-0008] TritonCTS found 0 clock nets.
[WARNING CTS-0082] No valid clock nets in the design.
[INFO CTS-0500] Runtime: 1.15s
estimate_parasitics -placement
detailed_placement
[INFO DPL-0006] Core area: 204583.71 um^2
[INFO DPL-0007] Movable instances area: 134570.31 um^2
[INFO DPL-0008] Fixed instances area within core: 3363.23 um^2
[INFO DPL-0009] Utilization: 67.4%
[INFO DPL-0005] Diamond search max displacement: +/- 500 sites horizontally, +/- 100 rows vertically.
[INFO DPL-1102] Legalizing using negotiation legalizer.
[INFO DPL-1103] Negotiation base search window: +/-20 sites horizontally, +/-5 rows vertically 
	Automatic search window extension enabled.
	Search window extendable up to the max displacement cap of +/-500 sites, +/-100 rows near walls.
[INFO DPL-1104] NegotiationLegalizer DRC penalty: 5.
[INFO DPL-0392] Negotiation cell height distribution (1 unique row-count(s)):
[INFO DPL-0393]   height 1 row(s): 18726 cells
[INFO DPL-0500] Runtime: 0.16s
Detailed Placement Analysis
---------------------------------
legalizer            negotiation
total moves                   0
total displacement      15120.7 u
average displacement        0.8 u
max displacement            8.7 u
original HPWL          563294.5 u
legalized HPWL         573324.3 u
delta HPWL                    2 %

estimate_parasitics -placement
Warning: master sky130_ef_sc_hd__decap_12 has signal pins but no liberty cell
repair_timing -setup_margin 0 -hold_margin 0 -repair_tns 100 -match_cell_footprint -verbose
[INFO RSZ-0100] Repair move sequence: UnbufferMove SizeUpMove SwapPinsMove BufferMove CloneMove SplitLoadMove 
[INFO RSZ-0098] No setup violations found
[INFO RSZ-0505] Runtime: 1.32s
[INFO RSZ-0033] No hold violations found.
[INFO RSZ-0506] Runtime: 0.24s
Warning: master sky130_ef_sc_hd__decap_12 has signal pins but no liberty cell
Repair timing output passed lec test
detailed_placement
[INFO DPL-0006] Core area: 204583.71 um^2
[INFO DPL-0007] Movable instances area: 134570.31 um^2
[INFO DPL-0008] Fixed instances area within core: 3363.23 um^2
[INFO DPL-0009] Utilization: 67.4%
[INFO DPL-0005] Diamond search max displacement: +/- 500 sites horizontally, +/- 100 rows vertically.
[INFO DPL-1102] Legalizing using negotiation legalizer.
[INFO DPL-1103] Negotiation base search window: +/-20 sites horizontally, +/-5 rows vertically 
	Automatic search window extension enabled.
	Search window extendable up to the max displacement cap of +/-500 sites, +/-100 rows near walls.
[INFO DPL-1104] NegotiationLegalizer DRC penalty: 5.
[INFO DPL-0392] Negotiation cell height distribution (1 unique row-count(s)):
[INFO DPL-0393]   height 1 row(s): 18726 cells
[INFO DPL-0500] Runtime: 0.24s
Detailed Placement Analysis
---------------------------------
legalizer            negotiation
total moves                   0
total displacement          0.0 u
average displacement        0.0 u
max displacement            0.0 u
original HPWL          573324.3 u
legalized HPWL         573324.3 u
delta HPWL                    0 %

estimate_parasitics -placement
Report metrics stage 4, cts final...
No registers in design

==========================================================================
cts final report_design_area
--------------------------------------------------------------------------
Design area 137934 um^2 67% utilization.
write_db /work/orfs/results/sky130hd/ubp4_n32_u60/base/4_1_cts.odb
write_sdc -no_timestamp /work/orfs/results/sky130hd/ubp4_n32_u60/base/4_cts.sdc
Elapsed time: 0:11.86[h:]min:sec. CPU time: user 8.89 sys 0.23 (76%). Peak memory: 237852KB.
Log                       Ext     Elapsed/s Peak Memory/MB sha1sum result [0:20)
4_1_cts                   .odb           11            232 179bbb60ee11ffa3a30b
cp /work/orfs/results/sky130hd/ubp4_n32_u60/base/4_1_cts.odb /work/orfs/results/sky130hd/ubp4_n32_u60/base/4_cts.odb
/OpenROAD-flow-scripts/flow/scripts/flow.sh 5_1_grt global_route
Running global_route.tcl, stage 5_1_grt
read_liberty /OpenROAD-flow-scripts/flow/platforms/sky130hd/lib/sky130_fd_sc_hd__tt_025C_1v80.lib
read_db /work/orfs/results/sky130hd/ubp4_n32_u60/base/4_cts.odb
read_sdc /work/orfs/results/sky130hd/ubp4_n32_u60/base/4_cts.sdc
source /OpenROAD-flow-scripts/flow/platforms/sky130hd/setRC.tcl
pin_access
[INFO DRT-0149] Reading tech and libs.
[WARNING DRT-0349] LEF58_ENCLOSURE with no CUTCLASS is not supported. Skipping for layer mcon
[WARNING DRT-0349] LEF58_ENCLOSURE with no CUTCLASS is not supported. Skipping for layer mcon
[WARNING DRT-0349] LEF58_ENCLOSURE with no CUTCLASS is not supported. Skipping for layer via
[WARNING DRT-0349] LEF58_ENCLOSURE with no CUTCLASS is not supported. Skipping for layer via
[WARNING DRT-0349] LEF58_ENCLOSURE with no CUTCLASS is not supported. Skipping for layer via2
[WARNING DRT-0349] LEF58_ENCLOSURE with no CUTCLASS is not supported. Skipping for layer via2
[WARNING DRT-0349] LEF58_ENCLOSURE with no CUTCLASS is not supported. Skipping for layer via3
[WARNING DRT-0349] LEF58_ENCLOSURE with no CUTCLASS is not supported. Skipping for layer via3
[WARNING DRT-0349] LEF58_ENCLOSURE with no CUTCLASS is not supported. Skipping for layer via4
[WARNING DRT-0349] LEF58_ENCLOSURE with no CUTCLASS is not supported. Skipping for layer via4

Units:                1000
Number of layers:     13
Number of macros:     441
Number of vias:       29
Number of viarulegen: 25

[INFO DRT-0150] Reading design.

Design:                   top
Die area:                 ( 0 0 ) ( 457815 457815 )
Number of track patterns: 12
Number of DEF vias:       0
Number of components:     18726
Number of terminals:      674
Number of snets:          2
Number of nets:           16294

[INFO DRT-0167] List of default vias:
  Layer via
    default via: M1M2_PR
  Layer via2
    default via: M2M3_PR
  Layer via3
    default via: M3M4_PR
  Layer via4
    default via: M4M5_PR
[INFO DRT-0162] Library cell analysis.
[INFO DRT-0163] Instance analysis.
[INFO DRT-0164] Number of unique instances = 88.
[INFO DRT-0168] Init region query.
[INFO DRT-0024]   Complete FR_MASTERSLICE.
[INFO DRT-0024]   Complete Fr_VIA.
[INFO DRT-0024]   Complete li1.
[INFO DRT-0024]   Complete mcon.
[INFO DRT-0024]   Complete met1.
[INFO DRT-0024]   Complete via.
[INFO DRT-0024]   Complete met2.
[INFO DRT-0024]   Complete via2.
[INFO DRT-0024]   Complete met3.
[INFO DRT-0024]   Complete via3.
[INFO DRT-0024]   Complete met4.
[INFO DRT-0024]   Complete via4.
[INFO DRT-0024]   Complete met5.
[INFO DRT-0033] FR_MASTERSLICE shape region query size = 0.
[INFO DRT-0033] FR_VIA shape region query size = 0.
[INFO DRT-0033] li1 shape region query size = 440265.
[INFO DRT-0033] mcon shape region query size = 227510.
[INFO DRT-0033] met1 shape region query size = 50511.
[INFO DRT-0033] via shape region query size = 13780.
[INFO DRT-0033] met2 shape region query size = 8639.
[INFO DRT-0033] via2 shape region query size = 11024.
[INFO DRT-0033] met3 shape region query size = 8569.
[INFO DRT-0033] via3 shape region query size = 11024.
[INFO DRT-0033] met4 shape region query size = 3334.
[INFO DRT-0033] via4 shape region query size = 545.
[INFO DRT-0033] met5 shape region query size = 611.
[INFO DRT-0165] Start pin access.
[INFO DRT-0078]   Complete 676 pins.
[INFO DRT-0081]   Complete 88 unique inst patterns.
[INFO DRT-0084]   Complete 9291 groups.
#scanned instances     = 18726
#unique  instances     = 88
#stdCellGenAp          = 2442
#stdCellValidPlanarAp  = 14
#stdCellValidViaAp     = 1934
#stdCellPinNoAp        = 0
#stdCellPinCnt         = 52258
#instTermValidViaApCnt = 0
#macroGenAp            = 0
#macroValidPlanarAp    = 0
#macroValidViaAp       = 0
#macroNoAp             = 0
[INFO DRT-0166] Complete pin access.
[INFO DRT-0267] cpu time = 00:03:08, elapsed time = 00:03:28, memory = 212.91 (MB), peak = 212.71 (MB)
Took 208 seconds: pin_access
global_route -congestion_report_file /work/orfs/reports/sky130hd/ubp4_n32_u60/base/congestion.rpt -congestion_iterations 30 -congestion_report_iter_step 5 -verbose
[INFO GRT-0020] Min routing layer: met1
[INFO GRT-0021] Max routing layer: met5
[INFO GRT-0022] Global adjustment: 0%
[INFO GRT-0023] Grid origin: (0, 0)
[INFO GRT-0088] Layer li1     Track-Pitch = 0.4600  line-2-Via Pitch: 0.3400
[INFO GRT-0088] Layer met1    Track-Pitch = 0.3400  line-2-Via Pitch: 0.3400
[INFO GRT-0088] Layer met2    Track-Pitch = 0.4600  line-2-Via Pitch: 0.3500
[INFO GRT-0088] Layer met3    Track-Pitch = 0.6800  line-2-Via Pitch: 0.6150
[INFO GRT-0088] Layer met4    Track-Pitch = 0.9200  line-2-Via Pitch: 1.0400
[INFO GRT-0088] Layer met5    Track-Pitch = 3.4000  line-2-Via Pitch: 3.1100
[INFO GRT-0003] Macros: 0
[INFO GRT-0004] Blockages: 17074
[INFO GRT-0019] Found 0 clock nets.
[INFO GRT-0001] Minimum degree: 2
[INFO GRT-0002] Maximum degree: 37

[INFO GRT-0053] Routing resources analysis:
          Routing      Original      Derated      Resource
Layer     Direction    Resources     Resources    Reduction (%)
---------------------------------------------------------------
li1        Vertical            0             0          0.00%
met1       Horizontal      67700         52287          22.77%
met2       Vertical        55835         42900          23.17%
met3       Horizontal      41633         32658          21.56%
met4       Vertical        27625         19630          28.94%
met5       Horizontal       6045          4355          27.96%
---------------------------------------------------------------

[INFO GRT-0101] Running extra iterations to remove congestion.
[INFO GRT-0102] Start extra iteration 1/30
[INFO GRT-0102] Start extra iteration 2/30
[INFO GRT-0102] Start extra iteration 3/30
[INFO GRT-0102] Start extra iteration 4/30
[INFO GRT-0102] Start extra iteration 5/30
[INFO GRT-0102] Start extra iteration 6/30
[INFO GRT-0102] Start extra iteration 7/30
[INFO GRT-0102] Start extra iteration 8/30
[INFO GRT-0197] Via related to pin nodes: 81906
[INFO GRT-0198] Via related Steiner nodes: 1178
[INFO GRT-0199] Via filling finished.
[INFO GRT-0111] Final number of vias: 103423
[INFO GRT-0112] Final usage 3D: 401355

[INFO GRT-0096] Final congestion report:
Layer         Resource        Demand        Usage (%)    Max H / Max V / Total Congestion
---------------------------------------------------------------------------------------
li1                  0             0            0.00%             0 /  0 /  0
met1             52287         36669           70.13%             0 /  0 /  0
met2             42900         33136           77.24%             0 /  0 /  0
met3             32658          8912           27.29%             0 /  0 /  0
met4             19630         12335           62.84%             0 /  0 /  0
met5              4355            34            0.78%             0 /  0 /  0
---------------------------------------------------------------------------------------
Total           151830         91086           59.99%             0 /  0 /  0

[INFO GRT-0018] Total wirelength: 863466 um
[INFO GRT-0014] Routed nets: 16294
[INFO GRT-0303] Global routing runtime = 00:00:06
Took 7 seconds: global_route -congestion_report_file /work/orfs/reports/sky130hd/ubp4_n32_u60/base/congestion.rpt -congestion_iterations 30 -congestion_report_iter_step 5 -verbose
[WARNING STA-0450] virtual clock clk can not be propagated.
estimate_parasitics -global_routing
Perform buffer insertion and gate resizing...
repair_design -verbose
Iteration |   Area    | Resized | Buffers | Nets repaired | Remaining
---------------------------------------------------------------------
        0 |     +0.0% |       0 |       0 |             0 |     16466
     1000 |     +0.0% |       0 |       0 |             0 |     15466
     2000 |     +0.0% |       2 |       0 |             2 |     14466
     3000 |     +0.0% |       2 |       0 |             2 |     13466
     4000 |     +0.0% |       2 |       0 |             2 |     12466
     5000 |     +0.0% |       2 |       0 |             2 |     11466
     6000 |     +0.0% |       2 |       0 |             2 |     10466
     7000 |     +0.0% |       2 |       0 |             2 |      9466
     8000 |     +0.0% |       2 |       0 |             2 |      8466
     9000 |     +0.0% |       4 |       2 |             4 |      7466
    10000 |     +0.0% |       5 |       2 |             5 |      6466
    11000 |     +0.1% |       9 |       7 |            10 |      5466
    12000 |     +0.1% |      11 |       7 |            12 |      4466
    13000 |     +0.2% |      13 |       8 |            14 |      3466
    14000 |     +0.2% |      18 |       9 |            19 |      2466
    15000 |     +0.2% |      20 |      10 |            21 |      1466
    16000 |     +0.2% |      21 |      10 |            22 |       466
    final |     +0.2% |      21 |      10 |            22 |         0
---------------------------------------------------------------------
[INFO RSZ-0034] Found 21 slew violations.
[INFO RSZ-0036] Found 1 capacitance violations.
[INFO RSZ-0039] Resized 21 instances.
[INFO RSZ-0038] Inserted 10 buffers in 22 nets.
[INFO RSZ-0504] Runtime: 7.38s
Took 7 seconds: repair_design -verbose
global_route -start_incremental
detailed_placement
[INFO DPL-0006] Core area: 204583.71 um^2
[INFO DPL-0007] Movable instances area: 134884.36 um^2
[INFO DPL-0008] Fixed instances area within core: 3363.23 um^2
[INFO DPL-0009] Utilization: 67.6%
[INFO DPL-0005] Diamond search max displacement: +/- 500 sites horizontally, +/- 100 rows vertically.
[INFO DPL-1102] Legalizing using negotiation legalizer.
[INFO DPL-1103] Negotiation base search window: +/-20 sites horizontally, +/-5 rows vertically 
	Automatic search window extension enabled.
	Search window extendable up to the max displacement cap of +/-500 sites, +/-100 rows near walls.
[INFO DPL-1104] NegotiationLegalizer DRC penalty: 5.
[INFO DPL-0392] Negotiation cell height distribution (1 unique row-count(s)):
[INFO DPL-0393]   height 1 row(s): 18736 cells
          |      Total |  Illegal |  Illegal
Iteration | Violations |    Cells |    Sites
---------------------------------------------
        0 |        215 |        31 |       172
        1 |         90 |        12 |        78
        2 |         18 |         2 |        16
        3 |          0 |         0 |         0
Negotiation phase 1 converged at iteration 3.
[INFO DPL-0500] Runtime: 0.15s
Detailed Placement Analysis
---------------------------------
legalizer            negotiation
total moves                1273
total displacement        175.7 u
average displacement        0.0 u
max displacement           12.3 u
original HPWL          573847.2 u
legalized HPWL         574044.4 u
delta HPWL                    0 %

global_route -end_incremental -congestion_report_file /work/orfs/reports/sky130hd/ubp4_n32_u60/base/congestion_post_repair_design.rpt
Repair setup and hold violations...
estimate_parasitics -global_routing
repair_timing -setup_margin 0 -hold_margin 0 -repair_tns 100 -verbose
[INFO RSZ-0100] Repair move sequence: UnbufferMove SizeUpMove SwapPinsMove BufferMove CloneMove SplitLoadMove 
[INFO RSZ-0098] No setup violations found
[INFO RSZ-0505] Runtime: 1.00s
[INFO RSZ-0033] No hold violations found.
[INFO RSZ-0506] Runtime: 0.33s
global_route -start_incremental
detailed_placement
[INFO DPL-0006] Core area: 204583.71 um^2
[INFO DPL-0007] Movable instances area: 134884.36 um^2
[INFO DPL-0008] Fixed instances area within core: 3363.23 um^2
[INFO DPL-0009] Utilization: 67.6%
[INFO DPL-0005] Diamond search max displacement: +/- 500 sites horizontally, +/- 100 rows vertically.
[INFO DPL-1102] Legalizing using negotiation legalizer.
[INFO DPL-1103] Negotiation base search window: +/-20 sites horizontally, +/-5 rows vertically 
	Automatic search window extension enabled.
	Search window extendable up to the max displacement cap of +/-500 sites, +/-100 rows near walls.
[INFO DPL-1104] NegotiationLegalizer DRC penalty: 5.
[INFO DPL-0392] Negotiation cell height distribution (1 unique row-count(s)):
[INFO DPL-0393]   height 1 row(s): 18736 cells
[INFO DPL-0500] Runtime: 0.13s
Detailed Placement Analysis
---------------------------------
legalizer            negotiation
total moves                   0
total displacement          0.0 u
average displacement        0.0 u
max displacement            0.0 u
original HPWL          574044.4 u
legalized HPWL         574044.4 u
delta HPWL                    0 %

check_placement -verbose
global_route -end_incremental -congestion_report_file /work/orfs/reports/sky130hd/ubp4_n32_u60/base/congestion_post_repair_timing.rpt
estimate_parasitics -global_routing
global_route -start_incremental
global_route -end_incremental -congestion_report_file /work/orfs/reports/sky130hd/ubp4_n32_u60/base/congestion_post_recover_power.rpt
Repair antennas...
[INFO GRT-0012] Found 43 antenna violations.
[INFO GRT-0302] Inserted 37 jumpers for 36 nets.
[INFO GRT-0012] Found 7 antenna violations.
[INFO DPL-0501] Legalized with 228 moves: displacement total 21.0 u, max 5.9 u; HPWL 574058.9 -> 574067.9 u (+0.0 %).
[INFO DPL-0500] Runtime: 0.17s
[INFO GRT-0015] Inserted 7 diodes.
[INFO GRT-0012] Found 0 antenna violations.
[INFO ANT-0002] Found 0 net violations.
[INFO ANT-0001] Found 0 pin violations.
Estimate parasitics...
estimate_parasitics -global_routing
Report metrics stage 5, global route...
No registers in design

==========================================================================
global route report_design_area
--------------------------------------------------------------------------
Design area 138265 um^2 68% utilization.
[INFO FLW-0007] clock clk period 20.000000
[INFO FLW-0008] Clock clk period 11.204
[INFO FLW-0009] Clock clk slack 8.206
write_sdc -no_timestamp /work/orfs/results/sky130hd/ubp4_n32_u60/base/updated_clks.sdc
[WARNING STA-0450] virtual clock clk can not be propagated.
[INFO FLW-0011] Path endpoint path count 447
write_db /work/orfs/results/sky130hd/ubp4_n32_u60/base/5_1_grt.odb
write_sdc -no_timestamp /work/orfs/results/sky130hd/ubp4_n32_u60/base/5_1_grt.sdc
Elapsed time: 4:24.59[h:]min:sec. CPU time: user 242.55 sys 0.61 (91%). Peak memory: 491732KB.
Log                       Ext     Elapsed/s Peak Memory/MB sha1sum result [0:20)
5_1_grt                   .odb          264            480 78e098020c91521ed4f0
5_1_grt                   .sdc                             c5167e321845919ca71b
/OpenROAD-flow-scripts/flow/scripts/flow.sh 5_2_route detail_route
Running detail_route.tcl, stage 5_2_route
read_liberty /OpenROAD-flow-scripts/flow/platforms/sky130hd/lib/sky130_fd_sc_hd__tt_025C_1v80.lib
read_db /work/orfs/results/sky130hd/ubp4_n32_u60/base/5_1_grt.odb
read_sdc /work/orfs/results/sky130hd/ubp4_n32_u60/base/5_1_grt.sdc
source /OpenROAD-flow-scripts/flow/platforms/sky130hd/setRC.tcl
[WARNING STA-0450] virtual clock clk can not be propagated.
detailed_route -output_drc /work/orfs/reports/sky130hd/ubp4_n32_u60/base/5_route_drc.rpt -output_maze /work/orfs/results/sky130hd/ubp4_n32_u60/base/maze.log -droute_end_iter 64 -verbose 1 -drc_report_iter_step 5
[INFO DRT-0149] Reading tech and libs.
[WARNING DRT-0349] LEF58_ENCLOSURE with no CUTCLASS is not supported. Skipping for layer mcon
[WARNING DRT-0349] LEF58_ENCLOSURE with no CUTCLASS is not supported. Skipping for layer mcon
[WARNING DRT-0349] LEF58_ENCLOSURE with no CUTCLASS is not supported. Skipping for layer via
[WARNING DRT-0349] LEF58_ENCLOSURE with no CUTCLASS is not supported. Skipping for layer via
[WARNING DRT-0349] LEF58_ENCLOSURE with no CUTCLASS is not supported. Skipping for layer via2
[WARNING DRT-0349] LEF58_ENCLOSURE with no CUTCLASS is not supported. Skipping for layer via2
[WARNING DRT-0349] LEF58_ENCLOSURE with no CUTCLASS is not supported. Skipping for layer via3
[WARNING DRT-0349] LEF58_ENCLOSURE with no CUTCLASS is not supported. Skipping for layer via3
[WARNING DRT-0349] LEF58_ENCLOSURE with no CUTCLASS is not supported. Skipping for layer via4
[WARNING DRT-0349] LEF58_ENCLOSURE with no CUTCLASS is not supported. Skipping for layer via4

Units:                1000
Number of layers:     13
Number of macros:     441
Number of vias:       29
Number of viarulegen: 25

[INFO DRT-0150] Reading design.

Design:                   top
Die area:                 ( 0 0 ) ( 457815 457815 )
Number of track patterns: 12
Number of DEF vias:       0
Number of components:     18743
Number of terminals:      674
Number of snets:          2
Number of nets:           16304

[INFO DRT-0167] List of default vias:
  Layer via
    default via: M1M2_PR
  Layer via2
    default via: M2M3_PR
  Layer via3
    default via: M3M4_PR
  Layer via4
    default via: M4M5_PR
[INFO DRT-0162] Library cell analysis.
[INFO DRT-0163] Instance analysis.
[INFO DRT-0164] Number of unique instances = 99.
[INFO DRT-0168] Init region query.
[INFO DRT-0024]   Complete FR_MASTERSLICE.
[INFO DRT-0024]   Complete Fr_VIA.
[INFO DRT-0024]   Complete li1.
[INFO DRT-0024]   Complete mcon.
[INFO DRT-0024]   Complete met1.
[INFO DRT-0024]   Complete via.
[INFO DRT-0024]   Complete met2.
[INFO DRT-0024]   Complete via2.
[INFO DRT-0024]   Complete met3.
[INFO DRT-0024]   Complete via3.
[INFO DRT-0024]   Complete met4.
[INFO DRT-0024]   Complete via4.
[INFO DRT-0024]   Complete met5.
[INFO DRT-0033] FR_MASTERSLICE shape region query size = 0.
[INFO DRT-0033] FR_VIA shape region query size = 0.
[INFO DRT-0033] li1 shape region query size = 441030.
[INFO DRT-0033] mcon shape region query size = 228072.
[INFO DRT-0033] met1 shape region query size = 50607.
[INFO DRT-0033] via shape region query size = 13780.
[INFO DRT-0033] met2 shape region query size = 8639.
[INFO DRT-0033] via2 shape region query size = 11024.
[INFO DRT-0033] met3 shape region query size = 8569.
[INFO DRT-0033] via3 shape region query size = 11024.
[INFO DRT-0033] met4 shape region query size = 3334.
[INFO DRT-0033] via4 shape region query size = 545.
[INFO DRT-0033] met5 shape region query size = 611.
[INFO DRT-0165] Start pin access.
[INFO DRT-0078]   Complete 744 pins.
[INFO DRT-0081]   Complete 99 unique inst patterns.
[INFO DRT-0084]   Complete 9282 groups.
#scanned instances     = 18743
#unique  instances     = 99
#stdCellGenAp          = 2796
#stdCellValidPlanarAp  = 16
#stdCellValidViaAp     = 2157
#stdCellPinNoAp        = 0
#stdCellPinCnt         = 52278
#instTermValidViaApCnt = 0
#macroGenAp            = 0
#macroValidPlanarAp    = 0
#macroValidViaAp       = 0
#macroNoAp             = 0
[INFO DRT-0166] Complete pin access.
[INFO DRT-0267] cpu time = 00:03:10, elapsed time = 00:03:11, memory = 347.93 (MB), peak = 347.69 (MB)
[INFO DRT-0156] guideIn read 100000 guides.

[INFO DRT-0157] Number of guides:     112445

[INFO DRT-0169] Post process guides.
[INFO DRT-0176] GCELLGRID X 0 DO 66 STEP 6900 ;
[INFO DRT-0177] GCELLGRID Y 0 DO 66 STEP 6900 ;
[INFO DRT-0026]   Complete 100000 origin guides.
[INFO DRT-0028]   Complete FR_MASTERSLICE.
[INFO DRT-0028]   Complete Fr_VIA.
[INFO DRT-0028]   Complete li1.
[INFO DRT-0028]   Complete mcon.
[INFO DRT-0028]   Complete met1.
[INFO DRT-0028]   Complete via.
[INFO DRT-0028]   Complete met2.
[INFO DRT-0028]   Complete via2.
[INFO DRT-0028]   Complete met3.
[INFO DRT-0028]   Complete via3.
[INFO DRT-0028]   Complete met4.
[INFO DRT-0028]   Complete via4.
[INFO DRT-0028]   Complete met5.
[INFO DRT-0178] Init guide query.
[INFO DRT-0035]   Complete FR_MASTERSLICE (guide).
[INFO DRT-0035]   Complete Fr_VIA (guide).
[INFO DRT-0035]   Complete li1 (guide).
[INFO DRT-0035]   Complete mcon (guide).
[INFO DRT-0035]   Complete met1 (guide).
[INFO DRT-0035]   Complete via (guide).
[INFO DRT-0035]   Complete met2 (guide).
[INFO DRT-0035]   Complete via2 (guide).
[INFO DRT-0035]   Complete met3 (guide).
[INFO DRT-0035]   Complete via3 (guide).
[INFO DRT-0035]   Complete met4 (guide).
[INFO DRT-0035]   Complete via4 (guide).
[INFO DRT-0035]   Complete met5 (guide).
[INFO DRT-0036] FR_MASTERSLICE guide region query size = 0.
[INFO DRT-0036] FR_VIA guide region query size = 0.
[INFO DRT-0036] li1 guide region query size = 39875.
[INFO DRT-0036] mcon guide region query size = 0.
[INFO DRT-0036] met1 guide region query size = 31871.
[INFO DRT-0036] via guide region query size = 0.
[INFO DRT-0036] met2 guide region query size = 15589.
[INFO DRT-0036] via2 guide region query size = 0.
[INFO DRT-0036] met3 guide region query size = 2808.
[INFO DRT-0036] via3 guide region query size = 0.
[INFO DRT-0036] met4 guide region query size = 1081.
[INFO DRT-0036] via4 guide region query size = 0.
[INFO DRT-0036] met5 guide region query size = 26.
[INFO DRT-0179] Init gr pin query.
[INFO DRT-0267] cpu time = 00:00:00, elapsed time = 00:00:00, memory = 377.63 (MB), peak = 377.37 (MB)
[INFO DRT-0245] skipped writing guide updates to database.
[INFO DRT-0181] Start track assignment.
[INFO DRT-0184] Done with 56545 vertical wires in 2 frboxes and 34705 horizontal wires in 2 frboxes.
[INFO DRT-0186] Done with 7754 vertical wires in 2 frboxes and 13168 horizontal wires in 2 frboxes.
[INFO DRT-0182] Complete track assignment.
[INFO DRT-0267] cpu time = 00:00:07, elapsed time = 00:00:07, memory = 447.76 (MB), peak = 510.80 (MB)
[INFO DRT-0187] Start routing data preparation.
[INFO DRT-0267] cpu time = 00:00:00, elapsed time = 00:00:00, memory = 447.82 (MB), peak = 510.80 (MB)
[INFO DRT-0194] Start detail routing.
[INFO DRT-0195] Start 0th optimization iteration.
    Completing 10% with 0 violations.
    elapsed time = 00:00:46, memory = 671.54 (MB).
    Completing 20% with 0 violations.
    elapsed time = 00:01:45, memory = 829.09 (MB).
    Completing 30% with 5198 violations.
    elapsed time = 00:02:39, memory = 884.45 (MB).
    Completing 40% with 5198 violations.
    elapsed time = 00:03:36, memory = 852.92 (MB).
    Completing 50% with 5198 violations.
    elapsed time = 00:04:28, memory = 869.64 (MB).
    Completing 60% with 9923 violations.
    elapsed time = 00:05:46, memory = 929.12 (MB).
    Completing 70% with 9923 violations.
    elapsed time = 00:06:38, memory = 898.21 (MB).
    Completing 80% with 14746 violations.
    elapsed time = 00:07:38, memory = 930.91 (MB).
    Completing 90% with 14746 violations.
    elapsed time = 00:08:27, memory = 930.39 (MB).
    Completing 100% with 18857 violations.
    elapsed time = 00:09:06, memory = 895.89 (MB).
[INFO DRT-0199]   Number of violations = 19784.
Viol/Layer         li1   mcon   met1    via   met2   met3   met4   via4   met5
Cut Spacing          0     66      0      1      0      0      0      0      0
Metal Spacing        0      0   1978      0    621     80     23      0      0
Min Hole             0      0      3      0      2      0      0      0      0
Recheck              9      0    527      0    223     50    116      0      2
Short                0      3  14296      5   1614     70     94      1      0
[INFO DRT-0267] cpu time = 00:09:00, elapsed time = 00:09:07, memory = 885.60 (MB), peak = 975.87 (MB)
Total wire length = 662237 um.
Total wire length on LAYER li1 = 0 um.
Total wire length on LAYER met1 = 262624 um.
Total wire length on LAYER met2 = 239307 um.
Total wire length on LAYER met3 = 75182 um.
Total wire length on LAYER met4 = 84739 um.
Total wire length on LAYER met5 = 383 um.
Total number of vias = 115988.
Up-via summary (total 115988):

-------------------------
 FR_MASTERSLICE         0
            li1     52989
           met1     54736
           met2      6128
           met3      2107
           met4        28
-------------------------
               115988


[INFO DRT-0195] Start 1st optimization iteration.
    Completing 10% with 19784 violations.
    elapsed time = 00:00:32, memory = 922.36 (MB).
    Completing 20% with 19784 violations.
    elapsed time = 00:01:38, memory = 931.46 (MB).
    Completing 30% with 18697 violations.
    elapsed time = 00:02:22, memory = 936.41 (MB).
    Completing 40% with 18697 violations.
    elapsed time = 00:03:22, memory = 948.89 (MB).
    Completing 50% with 18697 violations.
    elapsed time = 00:04:16, memory = 911.71 (MB).
    Completing 60% with 17634 violations.
    elapsed time = 00:05:09, memory = 961.50 (MB).
    Completing 70% with 17634 violations.
    elapsed time = 00:06:00, memory = 944.57 (MB).
    Completing 80% with 16028 violations.
    elapsed time = 00:06:56, memory = 971.29 (MB).
    Completing 90% with 16028 violations.
    elapsed time = 00:08:00, memory = 951.38 (MB).
    Completing 100% with 14641 violations.
    elapsed time = 00:08:33, memory = 921.89 (MB).
[INFO DRT-0199]   Number of violations = 14641.
Viol/Layer        mcon   met1    via   met2   met3   met4
Cut Spacing        162      0      0      0      0      0
Metal Spacing        0   1895      0    364     42      3
Min Hole             0      2      0      0      0      0
Short                0  11242      2    911      8     10
[INFO DRT-0267] cpu time = 00:08:27, elapsed time = 00:08:34, memory = 916.94 (MB), peak = 1009.43 (MB)
Total wire length = 657635 um.
Total wire length on LAYER li1 = 0 um.
Total wire length on LAYER met1 = 257579 um.
Total wire length on LAYER met2 = 237542 um.
Total wire length on LAYER met3 = 77779 um.
Total wire length on LAYER met4 = 84429 um.
Total wire length on LAYER met5 = 304 um.
Total number of vias = 114841.
Up-via summary (total 114841):

-------------------------
 FR_MASTERSLICE         0
            li1     52933
           met1     53553
           met2      6225
           met3      2112
           met4        18
-------------------------
               114841


[INFO DRT-0195] Start 2nd optimization iteration.
    Completing 10% with 14641 violations.
    elapsed time = 00:00:27, memory = 967.24 (MB).
    Completing 20% with 14641 violations.
    elapsed time = 00:01:17, memory = 967.62 (MB).
    Completing 30% with 14720 violations.
    elapsed time = 00:01:36, memory = 954.61 (MB).
    Completing 40% with 14720 violations.
    elapsed time = 00:02:31, memory = 958.45 (MB).
    Completing 50% with 14720 violations.
    elapsed time = 00:03:43, memory = 975.84 (MB).
    Completing 60% with 14600 violations.
    elapsed time = 00:04:18, memory = 957.34 (MB).
    Completing 70% with 14600 violations.
    elapsed time = 00:05:08, memory = 979.60 (MB).
    Completing 80% with 14578 violations.
    elapsed time = 00:05:56, memory = 960.41 (MB).
    Completing 90% with 14578 violations.
    elapsed time = 00:07:23, memory = 953.59 (MB).
    Completing 100% with 14133 violations.
    elapsed time = 00:08:57, memory = 1006.48 (MB).
[INFO DRT-0199]   Number of violations = 14133.
Viol/Layer        mcon   met1    via   met2   met3   met4
Cut Spacing        143      0      1      0      0      0
Metal Spacing        0   1915      0    307     37      4
Min Hole             0      1      0      0      0      0
Short                0  11011      0    681     20     13
[INFO DRT-0267] cpu time = 00:08:26, elapsed time = 00:08:59, memory = 1006.48 (MB), peak = 1077.43 (MB)
Total wire length = 655940 um.
Total wire length on LAYER li1 = 0 um.
Total wire length on LAYER met1 = 256751 um.
Total wire length on LAYER met2 = 236509 um.
Total wire length on LAYER met3 = 77694 um.
Total wire length on LAYER met4 = 84655 um.
Total wire length on LAYER met5 = 329 um.
Total number of vias = 114607.
Up-via summary (total 114607):

-------------------------
 FR_MASTERSLICE         0
            li1     52975
           met1     53283
           met2      6240
           met3      2087
           met4        22
-------------------------
               114607


[INFO DRT-0195] Start 3rd optimization iteration.
    Completing 10% with 14133 violations.
    elapsed time = 00:01:13, memory = 1040.01 (MB).
    Completing 20% with 14133 violations.
    elapsed time = 00:02:41, memory = 1034.23 (MB).
    Completing 30% with 11424 violations.
    elapsed time = 00:03:39, memory = 1028.86 (MB).
    Completing 40% with 11424 violations.
    elapsed time = 00:04:31, memory = 1018.50 (MB).
    Completing 50% with 11424 violations.
    elapsed time = 00:05:51, memory = 990.80 (MB).
