OpenROAD unknown 
Features included (+) or not (-): -GPU +GUI -Python
This program is licensed under the BSD-3 license. See the LICENSE file for details.
Components of this program may be licensed under more restrictive licenses which must be honored.
[INFO ORD-0030] Using 1 thread(s).
SIGNOFF_WS corner=ss setup=-8.882308222268875e-10 hold=3.406799287120066e-10
SIGNOFF_SETUP_PATH_BEGIN
Startpoint: stt1_ff (rising edge-triggered flip-flop clocked by clk)
Endpoint: row59/_482_ (rising edge-triggered flip-flop clocked by clk)
Path Group: clk
Path Type: max

Fanout       Cap      Slew     Delay      Time   Description
-------------------------------------------------------------------------------------
                              0.0000    0.0000   clock clk (rise edge)
                              1.8200    1.8200   clock network delay (propagated)
                    0.0944    0.0000    1.8200 ^ stt1_ff/CLK (sky130_fd_sc_hd__dfxtp_4)
    10    0.0593    0.2806    0.8761    2.6961 ^ stt1_ff/Q (sky130_fd_sc_hd__dfxtp_4)
                                                 st_tree (net)
    14    0.1589    0.2937    0.4194    3.1154 ^ place1988/X (sky130_fd_sc_hd__buf_12)
                                                 net1988 (net)
    50    0.2331    1.0068    0.9635    4.0789 ^ place1957/X (sky130_fd_sc_hd__buf_4)
                                                 net1957 (net)
     2    0.0083    0.2317    0.4774    4.5563 v row59/_336_/Y (sky130_fd_sc_hd__nor2b_1)
                                                 row59/_175_ (net)
     1    0.0047    0.1581    0.8464    5.4027 v row59/_337_/X (sky130_fd_sc_hd__maj3_1)
                                                 row59/_004_ (net)
                    0.1581    0.0002    5.4029 v row59/_482_/D (sky130_fd_sc_hd__dfxtp_1)
                                        5.4029   data arrival time

                              3.0000    3.0000   clock clk (rise edge)
                              1.8148    4.8148   clock network delay (propagated)
                              0.0000    4.8148   clock reconvergence pessimism
                                        4.8148 ^ row59/_482_/CLK (sky130_fd_sc_hd__dfxtp_1)
                             -0.3001    4.5147   library setup time
                                        4.5147   data required time
-------------------------------------------------------------------------------------
                                        4.5147   data required time
                                       -5.4029   data arrival time
-------------------------------------------------------------------------------------
                                       -0.8882   slack (VIOLATED)


SIGNOFF_SETUP_PATH_END
SIGNOFF_HOLD_PATH_BEGIN
Startpoint: x[0] (input port clocked by clk)
Endpoint: ng0/_7_ (rising edge-triggered flip-flop clocked by clk)
Path Group: clk
Path Type: min

    Delay      Time   Description
-------------------------------------------------------------
   0.0000    0.0000   clock clk (rise edge)
   0.0000    0.0000   clock network delay (propagated)
   0.0000    0.0000 ^ input external delay
   0.0000    0.0000 ^ x[0] (in)
                      x[0] (net)
   1.0318    1.0318 ^ hold2285/X (sky130_fd_sc_hd__dlygate4sd3_1)
                      net2285 (net)
   0.9942    2.0260 ^ input2/X (sky130_fd_sc_hd__clkdlybuf4s50_1)
                      net2 (net)
   0.0004    2.0264 ^ ng0/_7_/D (sky130_fd_sc_hd__dfxtp_1)
             2.0264   data arrival time

   0.0000    0.0000   clock clk (rise edge)
   1.8102    1.8102   clock network delay (propagated)
   0.0000    1.8102   clock reconvergence pessimism
             1.8102 ^ ng0/_7_/CLK (sky130_fd_sc_hd__dfxtp_1)
  -0.1245    1.6857   library hold time
             1.6857   data required time
-------------------------------------------------------------
             1.6857   data required time
            -2.0264   data arrival time
-------------------------------------------------------------
             0.3407   slack (MET)


SIGNOFF_HOLD_PATH_END
SIGNOFF_PROG_WS setup=3.759792477353585e-11
SIGNOFF_PROG_PATH_BEGIN
Startpoint: ng27/_8_ (rising edge-triggered flip-flop clocked by clk)
Endpoint: row7/_481_ (rising edge-triggered flip-flop clocked by clk)
Path Group: clk
Path Type: max

Fanout       Cap      Slew     Delay      Time   Description
-------------------------------------------------------------------------------------
                              0.0000    0.0000   clock clk (rise edge)
                              1.8334    1.8334   clock network delay (propagated)
                    0.0886    0.0000    1.8334 ^ ng27/_8_/CLK (sky130_fd_sc_hd__dfxtp_1)
     1    0.0091    0.1534    0.7000    2.5334 ^ ng27/_8_/Q (sky130_fd_sc_hd__dfxtp_1)
                                                 ln27 (net)
     1    0.0468    0.2176    0.3525    2.8859 ^ place2166/X (sky130_fd_sc_hd__buf_4)
                                                 net2166 (net)
    16    0.1210    0.2252    0.3784    3.2643 ^ lt_ln27/Z (LTAPBW12)
                                                 pgm_ln27 (net)
     2    0.0083    0.1710    0.2922    3.5565 ^ vs_7_27/Z (VSITE_BUF)
                                                 lf_7_27 (net)
     1    0.0099    0.1874    0.9357    4.4922 v row7/_338_/X (sky130_fd_sc_hd__xor3_1)
                                                 row7/_067_ (net)
                    0.1874    0.0005    4.4926 v row7/_481_/D (sky130_fd_sc_hd__dfxtp_1)
                                        4.4926   data arrival time

                              3.0000    3.0000   clock clk (rise edge)
                              1.8427    4.8427   clock network delay (propagated)
                              0.0000    4.8427   clock reconvergence pessimism
                                        4.8427 ^ row7/_481_/CLK (sky130_fd_sc_hd__dfxtp_1)
                             -0.3125    4.5302   library setup time
                                        4.5302   data required time
-------------------------------------------------------------------------------------
                                        4.5302   data required time
                                       -4.4926   data arrival time
-------------------------------------------------------------------------------------
                                        0.0376   slack (MET)


SIGNOFF_PROG_PATH_END
SIGNOFF_SLEW tap_input_max=0.334619 tap_input_pin=lt_lp3/A site_input_max=0.278243 site_input_pin=vs_0_50/A
SIGNOFF_SPINE_DRIVERS sky130_fd_sc_hd__buf_4 83 sky130_fd_sc_hd__dfxtp_1 45
