OpenROAD unknown 
Features included (+) or not (-): -GPU +GUI -Python
This program is licensed under the BSD-3 license. See the LICENSE file for details.
Components of this program may be licensed under more restrictive licenses which must be honored.
[INFO ORD-0030] Using 1 thread(s).
SIGNOFF_WS corner=ss setup=-1.213474210004506e-9 hold=6.241752670277378e-10
SIGNOFF_SETUP_PATH_BEGIN
Startpoint: ng16_4/_8_ (rising edge-triggered flip-flop clocked by clk)
Endpoint: row41/_156_ (rising edge-triggered flip-flop clocked by clk)
Path Group: clk
Path Type: max

Fanout       Cap      Slew     Delay      Time   Description
-------------------------------------------------------------------------------------
                              0.0000    0.0000   clock clk (rise edge)
                              1.6191    1.6191   clock network delay (propagated)
                    0.0896    0.0000    1.6191 ^ ng16_4/_8_/CLK (sky130_fd_sc_hd__dfxtp_1)
     4    0.1436    2.0893    2.0609    3.6800 ^ ng16_4/_8_/Q (sky130_fd_sc_hd__dfxtp_1)
                                                 pn16_4 (net)
     2    0.0101    0.1124    0.7954    4.4754 ^ lt_pn16_4_s2/Z (LTAP2)
                                                 pgm_pn16_4_s2 (net)
     2    0.0139    0.2727    0.3134    4.7888 ^ vs_41_16/Z (VSITE_BUF)
                                                 lf_41_16 (net)
     1    0.0055    0.1425    0.7397    5.5285 v row41/_101_/X (sky130_fd_sc_hd__xor3_1)
                                                 row41/_040_ (net)
                    0.1425    0.0002    5.5287 v row41/_156_/D (sky130_fd_sc_hd__dfxtp_1)
                                        5.5287   data arrival time

                              3.0000    3.0000   clock clk (rise edge)
                              1.6090    4.6090   clock network delay (propagated)
                              0.0000    4.6090   clock reconvergence pessimism
                                        4.6090 ^ row41/_156_/CLK (sky130_fd_sc_hd__dfxtp_1)
                             -0.2938    4.3152   library setup time
                                        4.3152   data required time
-------------------------------------------------------------------------------------
                                        4.3152   data required time
                                       -5.5287   data arrival time
-------------------------------------------------------------------------------------
                                       -1.2135   slack (VIOLATED)


SIGNOFF_SETUP_PATH_END
SIGNOFF_HOLD_PATH_BEGIN
Startpoint: x[62] (input port clocked by clk)
Endpoint: gen20/_122_ (rising edge-triggered flip-flop clocked by clk)
Path Group: clk
Path Type: min

    Delay      Time   Description
-------------------------------------------------------------
   0.0000    0.0000   clock clk (rise edge)
   0.0000    0.0000   clock network delay (propagated)
   0.0000    0.0000 ^ input external delay
   0.0000    0.0000 ^ x[62] (in)
                      x[62] (net)
   1.0122    1.0122 ^ hold376/X (sky130_fd_sc_hd__dlygate4sd3_1)
                      net375 (net)
   1.0818    2.0940 ^ input61/X (sky130_fd_sc_hd__clkdlybuf4s50_1)
                      net60 (net)
   0.0009    2.0949 ^ gen20/_122_/D (sky130_fd_sc_hd__dfxtp_1)
             2.0949   data arrival time

   0.0000    0.0000   clock clk (rise edge)
   1.6247    1.6247   clock network delay (propagated)
   0.0000    1.6247   clock reconvergence pessimism
             1.6247 ^ gen20/_122_/CLK (sky130_fd_sc_hd__dfxtp_1)
  -0.1540    1.4707   library hold time
             1.4707   data required time
-------------------------------------------------------------
             1.4707   data required time
            -2.0949   data arrival time
-------------------------------------------------------------
             0.6242   slack (MET)


SIGNOFF_HOLD_PATH_END
SIGNOFF_PROG_WS setup=-1.213474210004506e-9
SIGNOFF_PROG_PATH_BEGIN
Startpoint: ng16_4/_8_ (rising edge-triggered flip-flop clocked by clk)
Endpoint: row41/_156_ (rising edge-triggered flip-flop clocked by clk)
Path Group: clk
Path Type: max

Fanout       Cap      Slew     Delay      Time   Description
-------------------------------------------------------------------------------------
                              0.0000    0.0000   clock clk (rise edge)
                              1.6191    1.6191   clock network delay (propagated)
                    0.0896    0.0000    1.6191 ^ ng16_4/_8_/CLK (sky130_fd_sc_hd__dfxtp_1)
     4    0.1436    2.0893    2.0609    3.6800 ^ ng16_4/_8_/Q (sky130_fd_sc_hd__dfxtp_1)
                                                 pn16_4 (net)
     2    0.0101    0.1124    0.7954    4.4754 ^ lt_pn16_4_s2/Z (LTAP2)
                                                 pgm_pn16_4_s2 (net)
     2    0.0139    0.2727    0.3134    4.7888 ^ vs_41_16/Z (VSITE_BUF)
                                                 lf_41_16 (net)
     1    0.0055    0.1425    0.7397    5.5285 v row41/_101_/X (sky130_fd_sc_hd__xor3_1)
                                                 row41/_040_ (net)
                    0.1425    0.0002    5.5287 v row41/_156_/D (sky130_fd_sc_hd__dfxtp_1)
                                        5.5287   data arrival time

                              3.0000    3.0000   clock clk (rise edge)
                              1.6090    4.6090   clock network delay (propagated)
                              0.0000    4.6090   clock reconvergence pessimism
                                        4.6090 ^ row41/_156_/CLK (sky130_fd_sc_hd__dfxtp_1)
                             -0.2938    4.3152   library setup time
                                        4.3152   data required time
-------------------------------------------------------------------------------------
                                        4.3152   data required time
                                       -5.5287   data arrival time
-------------------------------------------------------------------------------------
                                       -1.2135   slack (VIOLATED)


SIGNOFF_PROG_PATH_END
SIGNOFF_SLEW tap_input_max=2.090066 tap_input_pin=lt_pn16_4_s3/A site_input_max=0.174095 site_input_pin=vs_0_11/A
SIGNOFF_SPINE_DRIVERS sky130_fd_sc_hd__dfxtp_1 2192
