OpenROAD unknown 
Features included (+) or not (-): -GPU +GUI -Python
This program is licensed under the BSD-3 license. See the LICENSE file for details.
Components of this program may be licensed under more restrictive licenses which must be honored.
[INFO ORD-0030] Using 1 thread(s).
SIGNOFF_WS corner=tt setup=8.489282610213422e-10 hold=6.477196556886611e-11
SIGNOFF_SETUP_PATH_BEGIN
Startpoint: row33/_378_ (rising edge-triggered flip-flop clocked by clk)
Endpoint: y[33] (output port clocked by clk)
Path Group: clk
Path Type: max

Fanout       Cap      Slew     Delay      Time   Description
-------------------------------------------------------------------------------------
                              0.0000    0.0000   clock clk (rise edge)
                              1.0860    1.0860   clock network delay (propagated)
                    0.0628    0.0000    1.0860 ^ row33/_378_/CLK (sky130_fd_sc_hd__dfxtp_1)
     1    0.0059    0.0671    0.3269    1.4129 ^ row33/_378_/Q (sky130_fd_sc_hd__dfxtp_1)
                                                 net92 (net)
     1    0.0409    0.3966    0.7297    2.1426 ^ output92/X (sky130_fd_sc_hd__clkdlybuf4s50_1)
                                                 y[33] (net)
                    0.3968    0.0084    2.1511 ^ y[33] (out)
                                        2.1511   data arrival time

                              3.0000    3.0000   clock clk (rise edge)
                              0.0000    3.0000   clock network delay (propagated)
                              0.0000    3.0000   clock reconvergence pessimism
                              0.0000    3.0000   output external delay
                                        3.0000   data required time
-------------------------------------------------------------------------------------
                                        3.0000   data required time
                                       -2.1511   data arrival time
-------------------------------------------------------------------------------------
                                        0.8489   slack (MET)


SIGNOFF_SETUP_PATH_END
SIGNOFF_HOLD_PATH_BEGIN
Startpoint: x[23] (input port clocked by clk)
Endpoint: ng23/_7_ (rising edge-triggered flip-flop clocked by clk)
Path Group: clk
Path Type: min

    Delay      Time   Description
-------------------------------------------------------------
   0.0000    0.0000   clock clk (rise edge)
   0.0000    0.0000   clock network delay (propagated)
   0.0000    0.0000 v input external delay
   0.0000    0.0000 v x[23] (in)
                      x[23] (net)
   0.5884    0.5884 v hold1999/X (sky130_fd_sc_hd__dlygate4sd3_1)
                      net1999 (net)
   0.4932    1.0816 v input17/X (sky130_fd_sc_hd__clkdlybuf4s50_1)
                      net17 (net)
   0.0002    1.0818 v ng23/_7_/D (sky130_fd_sc_hd__dfxtp_1)
             1.0818   data arrival time

   0.0000    0.0000   clock clk (rise edge)
   1.0892    1.0892   clock network delay (propagated)
   0.0000    1.0892   clock reconvergence pessimism
             1.0892 ^ ng23/_7_/CLK (sky130_fd_sc_hd__dfxtp_1)
  -0.0722    1.0171   library hold time
             1.0171   data required time
-------------------------------------------------------------
             1.0171   data required time
            -1.0818   data arrival time
-------------------------------------------------------------
             0.0648   slack (MET)


SIGNOFF_HOLD_PATH_END
SIGNOFF_PROG_WS setup=1.1679599509761829e-9
SIGNOFF_PROG_PATH_BEGIN
Startpoint: ng53/_8_ (rising edge-triggered flip-flop clocked by clk)
Endpoint: row21/_455_ (rising edge-triggered flip-flop clocked by clk)
Path Group: clk
Path Type: max

Fanout       Cap      Slew     Delay      Time   Description
-------------------------------------------------------------------------------------
                              0.0000    0.0000   clock clk (rise edge)
                              1.0832    1.0832   clock network delay (propagated)
                    0.0627    0.0000    1.0832 ^ ng53/_8_/CLK (sky130_fd_sc_hd__dfxtp_1)
     1    0.0462    0.4297    0.5803    1.6635 ^ ng53/_8_/Q (sky130_fd_sc_hd__dfxtp_1)
                                                 ln53 (net)
    28    0.1540    0.4184    0.4832    2.1467 ^ lt_ln53/Z (LTAP)
                                                 pgm_ln53 (net)
     2    0.0106    0.1326    0.2002    2.3469 ^ vs_21_53/Z (VSITE_BUF)
                                                 lf_21_53 (net)
     1    0.0054    0.0833    0.4392    2.7861 v row21/_299_/X (sky130_fd_sc_hd__xor3_1)
                                                 row21/_081_ (net)
                    0.0833    0.0002    2.7863 v row21/_455_/D (sky130_fd_sc_hd__dfxtp_1)
                                        2.7863   data arrival time

                              3.0000    3.0000   clock clk (rise edge)
                              1.0786    4.0786   clock network delay (propagated)
                              0.0000    4.0786   clock reconvergence pessimism
                                        4.0786 ^ row21/_455_/CLK (sky130_fd_sc_hd__dfxtp_1)
                             -0.1243    3.9543   library setup time
                                        3.9543   data required time
-------------------------------------------------------------------------------------
                                        3.9543   data required time
                                       -2.7863   data arrival time
-------------------------------------------------------------------------------------
                                        1.1680   slack (MET)


SIGNOFF_PROG_PATH_END
SIGNOFF_SLEW tap_input_max=0.471112 tap_input_pin=lt_ln45/A site_input_max=0.427562 site_input_pin=vs_61_47/A
SIGNOFF_SPINE_DRIVERS sky130_fd_sc_hd__dfxtp_1 128
