OpenROAD unknown 
Features included (+) or not (-): -GPU +GUI -Python
This program is licensed under the BSD-3 license. See the LICENSE file for details.
Components of this program may be licensed under more restrictive licenses which must be honored.
[INFO ORD-0030] Using 1 thread(s).
SIGNOFF_WS corner=ff setup=1.5192165303545835e-9 hold=-1.2034817586936697e-13
SIGNOFF_SETUP_PATH_BEGIN
Startpoint: row33/_378_ (rising edge-triggered flip-flop clocked by clk)
Endpoint: y[33] (output port clocked by clk)
Path Group: clk
Path Type: max

Fanout       Cap      Slew     Delay      Time   Description
-------------------------------------------------------------------------------------
                              0.0000    0.0000   clock clk (rise edge)
                              0.7629    0.7629   clock network delay (propagated)
                    0.0484    0.0000    0.7629 ^ row33/_378_/CLK (sky130_fd_sc_hd__dfxtp_1)
     1    0.0060    0.0498    0.2048    0.9677 ^ row33/_378_/Q (sky130_fd_sc_hd__dfxtp_1)
                                                 net92 (net)
     1    0.0409    0.2977    0.5047    1.4724 ^ output92/X (sky130_fd_sc_hd__clkdlybuf4s50_1)
                                                 y[33] (net)
                    0.2982    0.0084    1.4808 ^ y[33] (out)
                                        1.4808   data arrival time

                              3.0000    3.0000   clock clk (rise edge)
                              0.0000    3.0000   clock network delay (propagated)
                              0.0000    3.0000   clock reconvergence pessimism
                              0.0000    3.0000   output external delay
                                        3.0000   data required time
-------------------------------------------------------------------------------------
                                        3.0000   data required time
                                       -1.4808   data arrival time
-------------------------------------------------------------------------------------
                                        1.5192   slack (MET)


SIGNOFF_SETUP_PATH_END
SIGNOFF_HOLD_PATH_BEGIN
Startpoint: x[23] (input port clocked by clk)
Endpoint: ng23/_7_ (rising edge-triggered flip-flop clocked by clk)
Path Group: clk
Path Type: min

    Delay      Time   Description
-------------------------------------------------------------
   0.0000    0.0000   clock clk (rise edge)
   0.0000    0.0000   clock network delay (propagated)
   0.0000    0.0000 v input external delay
   0.0000    0.0000 v x[23] (in)
                      x[23] (net)
   0.3910    0.3910 v hold1999/X (sky130_fd_sc_hd__dlygate4sd3_1)
                      net1999 (net)
   0.3272    0.7183 v input17/X (sky130_fd_sc_hd__clkdlybuf4s50_1)
                      net17 (net)
   0.0002    0.7185 v ng23/_7_/D (sky130_fd_sc_hd__dfxtp_1)
             0.7185   data arrival time

   0.0000    0.0000   clock clk (rise edge)
   0.7691    0.7691   clock network delay (propagated)
   0.0000    0.7691   clock reconvergence pessimism
             0.7691 ^ ng23/_7_/CLK (sky130_fd_sc_hd__dfxtp_1)
  -0.0505    0.7186   library hold time
             0.7186   data required time
-------------------------------------------------------------
             0.7186   data required time
            -0.7185   data arrival time
-------------------------------------------------------------
            -0.0001   slack (VIOLATED)


SIGNOFF_HOLD_PATH_END
SIGNOFF_PROG_WS setup=1.8536850943107197e-9
SIGNOFF_PROG_PATH_BEGIN
Startpoint: ng53/_8_ (rising edge-triggered flip-flop clocked by clk)
Endpoint: row21/_455_ (rising edge-triggered flip-flop clocked by clk)
Path Group: clk
Path Type: max

Fanout       Cap      Slew     Delay      Time   Description
-------------------------------------------------------------------------------------
                              0.0000    0.0000   clock clk (rise edge)
                              0.7616    0.7616   clock network delay (propagated)
                    0.0483    0.0000    0.7616 ^ ng53/_8_/CLK (sky130_fd_sc_hd__dfxtp_1)
     1    0.0462    0.3259    0.3923    1.1539 ^ ng53/_8_/Q (sky130_fd_sc_hd__dfxtp_1)
                                                 ln53 (net)
    28    0.1559    0.3202    0.3188    1.4727 ^ lt_ln53/Z (LTAP)
                                                 pgm_ln53 (net)
     2    0.0108    0.0997    0.1082    1.5809 ^ vs_21_53/Z (VSITE_BUF)
                                                 lf_21_53 (net)
     1    0.0055    0.0752    0.2389    1.8198 v row21/_299_/X (sky130_fd_sc_hd__xor3_1)
                                                 row21/_081_ (net)
                    0.0752    0.0002    1.8200 v row21/_455_/D (sky130_fd_sc_hd__dfxtp_1)
                                        1.8200   data arrival time

                              3.0000    3.0000   clock clk (rise edge)
                              0.7579    3.7579   clock network delay (propagated)
                              0.0000    3.7579   clock reconvergence pessimism
                                        3.7579 ^ row21/_455_/CLK (sky130_fd_sc_hd__dfxtp_1)
                             -0.0842    3.6737   library setup time
                                        3.6737   data required time
-------------------------------------------------------------------------------------
                                        3.6737   data required time
                                       -1.8200   data arrival time
-------------------------------------------------------------------------------------
                                        1.8537   slack (MET)


SIGNOFF_PROG_PATH_END
SIGNOFF_SLEW tap_input_max=0.357631 tap_input_pin=lt_ln45/A site_input_max=0.326946 site_input_pin=vs_61_47/A
SIGNOFF_SPINE_DRIVERS sky130_fd_sc_hd__dfxtp_1 128
