OpenROAD unknown 
Features included (+) or not (-): -GPU +GUI -Python
This program is licensed under the BSD-3 license. See the LICENSE file for details.
Components of this program may be licensed under more restrictive licenses which must be honored.
[INFO ORD-0030] Using 1 thread(s).
SIGNOFF_WS corner=ss setup=-1.2078964495287892e-9 hold=3.0715652243884506e-10
SIGNOFF_SETUP_PATH_BEGIN
Startpoint: stt1_ff (rising edge-triggered flip-flop clocked by clk)
Endpoint: row5/_502_ (rising edge-triggered flip-flop clocked by clk)
Path Group: clk
Path Type: max

Fanout       Cap      Slew     Delay      Time   Description
-------------------------------------------------------------------------------------
                              0.0000    0.0000   clock clk (rise edge)
                              1.8216    1.8216   clock network delay (propagated)
                    0.0877    0.0000    1.8216 ^ stt1_ff/CLK (sky130_fd_sc_hd__dfxtp_4)
    14    0.2157    0.9521    1.3219    3.1435 ^ stt1_ff/Q (sky130_fd_sc_hd__dfxtp_4)
                                                 st_tree (net)
    25    0.1717    0.3157    0.7003    3.8437 ^ place1828/X (sky130_fd_sc_hd__buf_12)
                                                 net1828 (net)
    33    0.1452    0.6307    0.7202    4.5639 ^ place1825/X (sky130_fd_sc_hd__buf_4)
                                                 net1825 (net)
     2    0.0097    0.1859    0.3582    4.9221 v row5/_366_/Y (sky130_fd_sc_hd__nor2b_1)
                                                 row5/_185_ (net)
     1    0.0041    0.1515    0.8220    5.7441 v row5/_367_/X (sky130_fd_sc_hd__maj3_1)
                                                 row5/_033_ (net)
                    0.1515    0.0001    5.7443 v row5/_502_/D (sky130_fd_sc_hd__dfxtp_1)
                                        5.7443   data arrival time

                              3.0000    3.0000   clock clk (rise edge)
                              1.8331    4.8331   clock network delay (propagated)
                              0.0000    4.8331   clock reconvergence pessimism
                                        4.8331 ^ row5/_502_/CLK (sky130_fd_sc_hd__dfxtp_1)
                             -0.2967    4.5364   library setup time
                                        4.5364   data required time
-------------------------------------------------------------------------------------
                                        4.5364   data required time
                                       -5.7443   data arrival time
-------------------------------------------------------------------------------------
                                       -1.2079   slack (VIOLATED)


SIGNOFF_SETUP_PATH_END
SIGNOFF_HOLD_PATH_BEGIN
Startpoint: x[1] (input port clocked by clk)
Endpoint: ng1/_7_ (rising edge-triggered flip-flop clocked by clk)
Path Group: clk
Path Type: min

    Delay      Time   Description
-------------------------------------------------------------
   0.0000    0.0000   clock clk (rise edge)
   0.0000    0.0000   clock network delay (propagated)
   0.0000    0.0000 ^ input external delay
   0.0000    0.0000 ^ x[1] (in)
                      x[1] (net)
   0.9997    0.9997 ^ hold2074/X (sky130_fd_sc_hd__dlygate4sd3_1)
                      net2074 (net)
   0.9956    1.9952 ^ input13/X (sky130_fd_sc_hd__clkdlybuf4s50_1)
                      net13 (net)
   0.0007    1.9959 ^ ng1/_7_/D (sky130_fd_sc_hd__dfxtp_1)
             1.9959   data arrival time

   0.0000    0.0000   clock clk (rise edge)
   1.8166    1.8166   clock network delay (propagated)
   0.0000    1.8166   clock reconvergence pessimism
             1.8166 ^ ng1/_7_/CLK (sky130_fd_sc_hd__dfxtp_1)
  -0.1279    1.6888   library hold time
             1.6888   data required time
-------------------------------------------------------------
             1.6888   data required time
            -1.9959   data arrival time
-------------------------------------------------------------
             0.3072   slack (MET)


SIGNOFF_HOLD_PATH_END
SIGNOFF_PROG_WS setup=-6.111564587740759e-10
SIGNOFF_PROG_PATH_BEGIN
Startpoint: ng53/_8_ (rising edge-triggered flip-flop clocked by clk)
Endpoint: row0/_455_ (rising edge-triggered flip-flop clocked by clk)
Path Group: clk
Path Type: max

Fanout       Cap      Slew     Delay      Time   Description
-------------------------------------------------------------------------------------
                              0.0000    0.0000   clock clk (rise edge)
                              1.8270    1.8270   clock network delay (propagated)
                    0.0954    0.0000    1.8270 ^ ng53/_8_/CLK (sky130_fd_sc_hd__dfxtp_1)
     1    0.0462    0.6827    1.0784    2.9054 ^ ng53/_8_/Q (sky130_fd_sc_hd__dfxtp_1)
                                                 ln53 (net)
    28    0.1522    0.6569    0.8925    3.7979 ^ lt_ln53/Z (LTAP)
                                                 pgm_ln53 (net)
     2    0.0086    0.1797    0.4136    4.2115 ^ vs_0_53/Z (VSITE_BUF)
                                                 lf_0_53 (net)
     1    0.0092    0.1790    0.9303    5.1418 v row0/_299_/X (sky130_fd_sc_hd__xor3_1)
                                                 row0/_081_ (net)
                    0.1790    0.0004    5.1422 v row0/_455_/D (sky130_fd_sc_hd__dfxtp_1)
                                        5.1422   data arrival time

                              3.0000    3.0000   clock clk (rise edge)
                              1.8389    4.8389   clock network delay (propagated)
                              0.0000    4.8389   clock reconvergence pessimism
                                        4.8389 ^ row0/_455_/CLK (sky130_fd_sc_hd__dfxtp_1)
                             -0.3079    4.5310   library setup time
                                        4.5310   data required time
-------------------------------------------------------------------------------------
                                        4.5310   data required time
                                       -5.1422   data arrival time
-------------------------------------------------------------------------------------
                                       -0.6112   slack (VIOLATED)


SIGNOFF_PROG_PATH_END
SIGNOFF_SLEW tap_input_max=0.747894 tap_input_pin=lt_ln45/A site_input_max=0.670434 site_input_pin=vs_61_47/A
SIGNOFF_SPINE_DRIVERS sky130_fd_sc_hd__dfxtp_1 128
