/usr/bin/python3 /OpenROAD-flow-scripts/flow/scripts/run_command.py --log /tmp/wh/logs/asap7/aes/base/c6.log --tee -- /OpenROAD-flow-scripts/tools/install/OpenROAD/bin/openroad -exit -no_init -threads 8  -no_splash  /w/experiments/scripts/c6/c6_treat.tcl
source /OpenROAD-flow-scripts/flow/platforms/asap7/liberty_suppressions.tcl
read_liberty /OpenROAD-flow-scripts/flow/platforms/asap7/lib/NLDM/asap7sc7p5t_AO_RVT_FF_nldm_211120.lib.gz
read_liberty /OpenROAD-flow-scripts/flow/platforms/asap7/lib/NLDM/asap7sc7p5t_INVBUF_RVT_FF_nldm_220122.lib.gz
read_liberty /OpenROAD-flow-scripts/flow/platforms/asap7/lib/NLDM/asap7sc7p5t_OA_RVT_FF_nldm_211120.lib.gz
read_liberty /OpenROAD-flow-scripts/flow/platforms/asap7/lib/NLDM/asap7sc7p5t_SIMPLE_RVT_FF_nldm_211120.lib.gz
read_liberty /OpenROAD-flow-scripts/flow/platforms/asap7/lib/NLDM/asap7sc7p5t_SEQ_RVT_FF_nldm_220123.lib
[INFO ODB-0227] LEF file: /OpenROAD-flow-scripts/flow/platforms/asap7/lef/asap7_tech_1x_201209.lef, created 30 layers, 9 vias
[INFO ODB-0227] LEF file: /OpenROAD-flow-scripts/flow/platforms/asap7/lef/asap7sc7p5t_28_R_1x_220121a.lef, created 212 library cells
link_design aes_cipher_top
read_sdc /tmp/wh/results/asap7/aes/base/1_synth.sdc
source /OpenROAD-flow-scripts/flow/platforms/asap7/setRC.tcl
[WARNING EST-0027] no estimated parasitics. Using wire load models.
[INFO RSZ-0100] Repair move sequence: UnbufferMove SizeUpMove SwapPinsMove BufferMove CloneMove SplitLoadMove 
[INFO RSZ-0094] Found 150 endpoints with setup violations.
[INFO RSZ-0099] Repairing 150 out of 150 (100.00%) violating endpoints...
   Iter   | Removed | Resized | Inserted | Cloned |  Pin  |   Area   |    WNS   |   StTNS    |   EnTNS    |  Viol  |  Worst  
          | Buffers |  Gates  | Buffers  |  Gates | Swaps |          |          |            |            | Endpts | St/EnPt 
------------------------------------------------------------------------------------------------------------------------------
       0* |       0 |       0 |        0 |      0 |     0 |    +0.0% |  -59.315 |    -1859.0 |    -3397.0 |    150 | u983/D
[WARNING RSZ-0075] makeBufferedNet failed for driver u5176/Y
[WARNING RSZ-0075] makeBufferedNet failed for driver gain381/Y
[WARNING RSZ-0075] makeBufferedNet failed for driver gain239/Y
[WARNING RSZ-0075] makeBufferedNet failed for driver u5176/Y
[WARNING RSZ-0075] makeBufferedNet failed for driver u5176/Y
[WARNING RSZ-0075] makeBufferedNet failed for driver gain20/Y
[WARNING RSZ-0075] makeBufferedNet failed for driver u5176/Y
[WARNING RSZ-0075] makeBufferedNet failed for driver u5176/Y
[WARNING RSZ-0075] makeBufferedNet failed for driver gain20/Y
[WARNING RSZ-0075] makeBufferedNet failed for driver gain780/Y
[WARNING RSZ-0075] makeBufferedNet failed for driver u5176/Y
[WARNING RSZ-0075] makeBufferedNet failed for driver gain781/Y
[WARNING RSZ-0075] makeBufferedNet failed for driver gain20/Y
[WARNING RSZ-0075] makeBufferedNet failed for driver gain780/Y
[WARNING RSZ-0075] makeBufferedNet failed for driver u5176/Y
[WARNING RSZ-0075] makeBufferedNet failed for driver u5176/Y
[WARNING RSZ-0075] makeBufferedNet failed for driver gain781/Y
[WARNING RSZ-0075] makeBufferedNet failed for driver gain20/Y
[WARNING RSZ-0075] makeBufferedNet failed for driver u5176/Y
[WARNING RSZ-0075] makeBufferedNet failed for driver gain781/Y
[WARNING RSZ-0075] makeBufferedNet failed for driver gain20/Y
[WARNING RSZ-0075] makeBufferedNet failed for driver u8026/Y
[WARNING RSZ-0075] makeBufferedNet failed for driver gain186/Y
[WARNING RSZ-0075] makeBufferedNet failed for driver u5176/Y
[WARNING RSZ-0075] makeBufferedNet failed for driver gain781/Y
[WARNING RSZ-0075] makeBufferedNet failed for driver gain20/Y
[WARNING RSZ-0075] makeBufferedNet failed for driver u5177/Y
[WARNING RSZ-0075] makeBufferedNet failed for driver u8026/Y
[WARNING RSZ-0075] makeBufferedNet failed for driver u5176/Y
[WARNING RSZ-0075] makeBufferedNet failed for driver gain781/Y
[WARNING RSZ-0075] makeBufferedNet failed for driver gain20/Y
[WARNING RSZ-0075] makeBufferedNet failed for driver u5177/Y
[WARNING RSZ-0075] makeBufferedNet failed for driver u8026/Y
[WARNING RSZ-0075] makeBufferedNet failed for driver u5454/Y
[WARNING RSZ-0075] makeBufferedNet failed for driver gain488/Y
[WARNING RSZ-0075] makeBufferedNet failed for driver u5176/Y
[WARNING RSZ-0075] makeBufferedNet failed for driver gain781/Y
[WARNING RSZ-0075] makeBufferedNet failed for driver u5176/Y
[WARNING RSZ-0075] makeBufferedNet failed for driver gain781/Y
[WARNING RSZ-0075] makeBufferedNet failed for driver gain20/Y
[WARNING RSZ-0075] makeBufferedNet failed for driver u5177/Y
[WARNING RSZ-0075] makeBufferedNet failed for driver u8026/Y
[WARNING RSZ-0075] makeBufferedNet failed for driver u5454/Y
[WARNING RSZ-0075] makeBufferedNet failed for driver gain239/Y
[WARNING RSZ-0075] makeBufferedNet failed for driver gain49/Y
[WARNING RSZ-0075] makeBufferedNet failed for driver u5176/Y
[WARNING RSZ-0075] makeBufferedNet failed for driver gain781/Y
[WARNING RSZ-0075] makeBufferedNet failed for driver gain20/Y
[WARNING RSZ-0075] makeBufferedNet failed for driver u5177/Y
[WARNING RSZ-0075] makeBufferedNet failed for driver u8026/Y
[WARNING RSZ-0075] makeBufferedNet failed for driver u5454/Y
[WARNING RSZ-0075] makeBufferedNet failed for driver gain239/Y
[WARNING RSZ-0075] makeBufferedNet failed for driver gain49/Y
[WARNING RSZ-0075] makeBufferedNet failed for driver u5176/Y
[WARNING RSZ-0075] makeBufferedNet failed for driver gain781/Y
[WARNING RSZ-0075] makeBufferedNet failed for driver gain20/Y
[WARNING RSZ-0075] makeBufferedNet failed for driver u5177/Y
[WARNING RSZ-0075] makeBufferedNet failed for driver u8026/Y
[WARNING RSZ-0075] makeBufferedNet failed for driver u5454/Y
[WARNING RSZ-0075] makeBufferedNet failed for driver gain239/Y
[WARNING RSZ-0075] makeBufferedNet failed for driver gain49/Y
[WARNING RSZ-0075] makeBufferedNet failed for driver gain381/Y
[WARNING RSZ-0075] makeBufferedNet failed for driver u8507/Y
[WARNING RSZ-0075] makeBufferedNet failed for driver u5176/Y
[WARNING RSZ-0075] makeBufferedNet failed for driver gain781/Y
[WARNING RSZ-0075] makeBufferedNet failed for driver gain20/Y
[WARNING RSZ-0075] makeBufferedNet failed for driver u5177/Y
[WARNING RSZ-0075] makeBufferedNet failed for driver u8026/Y
[WARNING RSZ-0075] makeBufferedNet failed for driver u5454/Y
[WARNING RSZ-0075] makeBufferedNet failed for driver gain780/Y
[WARNING RSZ-0075] makeBufferedNet failed for driver gain239/Y
[WARNING RSZ-0075] makeBufferedNet failed for driver gain49/Y
[WARNING RSZ-0075] makeBufferedNet failed for driver gain381/Y
[WARNING RSZ-0075] makeBufferedNet failed for driver u8507/Y
[WARNING RSZ-0075] makeBufferedNet failed for driver gain239/Y
[WARNING RSZ-0075] makeBufferedNet failed for driver gain49/Y
[WARNING RSZ-0075] makeBufferedNet failed for driver gain381/Y
[WARNING RSZ-0075] makeBufferedNet failed for driver u8507/Y
[WARNING RSZ-0075] makeBufferedNet failed for driver u5176/Y
[WARNING RSZ-0075] makeBufferedNet failed for driver gain781/Y
[WARNING RSZ-0075] makeBufferedNet failed for driver gain20/Y
[WARNING RSZ-0075] makeBufferedNet failed for driver u5177/Y
[WARNING RSZ-0075] makeBufferedNet failed for driver u8026/Y
[WARNING RSZ-0075] makeBufferedNet failed for driver u5454/Y
[WARNING RSZ-0075] makeBufferedNet failed for driver gain780/Y
[WARNING RSZ-0075] makeBufferedNet failed for driver gain186/Y
[WARNING RSZ-0075] makeBufferedNet failed for driver gain239/Y
[WARNING RSZ-0075] makeBufferedNet failed for driver gain49/Y
[WARNING RSZ-0075] makeBufferedNet failed for driver gain381/Y
[WARNING RSZ-0075] makeBufferedNet failed for driver u8507/Y
[WARNING RSZ-0075] makeBufferedNet failed for driver gain621/Y
[WARNING RSZ-0075] makeBufferedNet failed for driver gain622/Y
[WARNING RSZ-0075] makeBufferedNet failed for driver gain239/Y
[WARNING RSZ-0075] makeBufferedNet failed for driver gain49/Y
[WARNING RSZ-0075] makeBufferedNet failed for driver u8507/Y
[WARNING RSZ-0075] makeBufferedNet failed for driver gain381/Y
[WARNING RSZ-0075] makeBufferedNet failed for driver gain621/Y
[WARNING RSZ-0075] makeBufferedNet failed for driver gain622/Y
[WARNING RSZ-0075] makeBufferedNet failed for driver gain239/Y
[WARNING RSZ-0075] makeBufferedNet failed for driver gain49/Y
[WARNING RSZ-0075] makeBufferedNet failed for driver u8507/Y
[WARNING RSZ-0075] makeBufferedNet failed for driver gain381/Y
[WARNING RSZ-0075] makeBufferedNet failed for driver gain622/Y
[WARNING RSZ-0075] makeBufferedNet failed for driver gain49/Y
[WARNING RSZ-0075] makeBufferedNet failed for driver gain239/Y
[WARNING RSZ-0075] makeBufferedNet failed for driver u8507/Y
[WARNING RSZ-0075] makeBufferedNet failed for driver gain381/Y
[WARNING RSZ-0075] makeBufferedNet failed for driver gain622/Y
[WARNING RSZ-0075] makeBufferedNet failed for driver gain49/Y
[WARNING RSZ-0075] makeBufferedNet failed for driver gain239/Y
[WARNING RSZ-0075] makeBufferedNet failed for driver u8507/Y
[WARNING RSZ-0075] makeBufferedNet failed for driver gain381/Y
[WARNING RSZ-0075] makeBufferedNet failed for driver u5176/Y
[WARNING RSZ-0075] makeBufferedNet failed for driver gain781/Y
[WARNING RSZ-0075] makeBufferedNet failed for driver gain20/Y
[WARNING RSZ-0075] makeBufferedNet failed for driver u5177/Y
[WARNING RSZ-0075] makeBufferedNet failed for driver u8026/Y
[WARNING RSZ-0075] makeBufferedNet failed for driver u5454/Y
[WARNING RSZ-0075] makeBufferedNet failed for driver gain780/Y
[WARNING RSZ-0075] makeBufferedNet failed for driver gain186/Y
[WARNING RSZ-0075] makeBufferedNet failed for driver gain488/Y
[WARNING RSZ-0075] makeBufferedNet failed for driver gain622/Y
[WARNING RSZ-0075] makeBufferedNet failed for driver gain49/Y
[WARNING RSZ-0075] makeBufferedNet failed for driver gain239/Y
[WARNING RSZ-0075] makeBufferedNet failed for driver u8507/Y
[WARNING RSZ-0075] makeBufferedNet failed for driver gain381/Y
[WARNING RSZ-0075] makeBufferedNet failed for driver u5176/Y
[WARNING RSZ-0075] makeBufferedNet failed for driver gain781/Y
[WARNING RSZ-0075] makeBufferedNet failed for driver gain20/Y
[WARNING RSZ-0075] makeBufferedNet failed for driver u5177/Y
[WARNING RSZ-0075] makeBufferedNet failed for driver u8026/Y
[WARNING RSZ-0075] makeBufferedNet failed for driver u5454/Y
[WARNING RSZ-0075] makeBufferedNet failed for driver gain780/Y
[WARNING RSZ-0075] makeBufferedNet failed for driver gain186/Y
[WARNING RSZ-0075] makeBufferedNet failed for driver u3913/Y
[WARNING RSZ-0075] makeBufferedNet failed for driver u5176/Y
[WARNING RSZ-0075] makeBufferedNet failed for driver gain781/Y
[WARNING RSZ-0075] makeBufferedNet failed for driver gain20/Y
[WARNING RSZ-0075] makeBufferedNet failed for driver u5177/Y
[WARNING RSZ-0075] makeBufferedNet failed for driver u8026/Y
[WARNING RSZ-0075] makeBufferedNet failed for driver u5454/Y
[WARNING RSZ-0075] makeBufferedNet failed for driver gain780/Y
[WARNING RSZ-0075] makeBufferedNet failed for driver gain186/Y
[WARNING RSZ-0075] makeBufferedNet failed for driver gain488/Y
[WARNING RSZ-0075] makeBufferedNet failed for driver u5176/Y
[WARNING RSZ-0075] makeBufferedNet failed for driver gain781/Y
[WARNING RSZ-0075] makeBufferedNet failed for driver gain20/Y
[WARNING RSZ-0075] makeBufferedNet failed for driver u5177/Y
[WARNING RSZ-0075] makeBufferedNet failed for driver u8026/Y
[WARNING RSZ-0075] makeBufferedNet failed for driver u5454/Y
[WARNING RSZ-0075] makeBufferedNet failed for driver gain780/Y
[WARNING RSZ-0075] makeBufferedNet failed for driver gain186/Y
[WARNING RSZ-0075] makeBufferedNet failed for driver gain488/Y
[WARNING RSZ-0075] makeBufferedNet failed for driver u5343/Y
[WARNING RSZ-0075] makeBufferedNet failed for driver u5162/Y
[WARNING RSZ-0075] makeBufferedNet failed for driver u5176/Y
[WARNING RSZ-0075] makeBufferedNet failed for driver gain781/Y
[WARNING RSZ-0075] makeBufferedNet failed for driver gain20/Y
[WARNING RSZ-0075] makeBufferedNet failed for driver u5177/Y
[WARNING RSZ-0075] makeBufferedNet failed for driver u8026/Y
[WARNING RSZ-0075] makeBufferedNet failed for driver u5454/Y
[WARNING RSZ-0075] makeBufferedNet failed for driver gain780/Y
[WARNING RSZ-0075] makeBufferedNet failed for driver gain186/Y
[WARNING RSZ-0075] makeBufferedNet failed for driver gain488/Y
[WARNING RSZ-0075] makeBufferedNet failed for driver u5343/Y
[WARNING RSZ-0075] makeBufferedNet failed for driver u5162/Y
[WARNING RSZ-0075] makeBufferedNet failed for driver u5176/Y
[WARNING RSZ-0075] makeBufferedNet failed for driver gain781/Y
[WARNING RSZ-0075] makeBufferedNet failed for driver gain20/Y
[WARNING RSZ-0075] makeBufferedNet failed for driver u5177/Y
[WARNING RSZ-0075] makeBufferedNet failed for driver u8026/Y
[WARNING RSZ-0075] makeBufferedNet failed for driver u5454/Y
[WARNING RSZ-0075] makeBufferedNet failed for driver gain780/Y
[WARNING RSZ-0075] makeBufferedNet failed for driver gain186/Y
[WARNING RSZ-0075] makeBufferedNet failed for driver gain488/Y
[WARNING RSZ-0075] makeBufferedNet failed for driver u5343/Y
[WARNING RSZ-0075] makeBufferedNet failed for driver u5162/Y
[WARNING RSZ-0075] makeBufferedNet failed for driver u5176/Y
[WARNING RSZ-0075] makeBufferedNet failed for driver gain781/Y
[WARNING RSZ-0075] makeBufferedNet failed for driver gain20/Y
[WARNING RSZ-0075] makeBufferedNet failed for driver u5177/Y
[WARNING RSZ-0075] makeBufferedNet failed for driver u8026/Y
[WARNING RSZ-0075] makeBufferedNet failed for driver u5454/Y
[WARNING RSZ-0075] makeBufferedNet failed for driver gain780/Y
[WARNING RSZ-0075] makeBufferedNet failed for driver gain186/Y
[WARNING RSZ-0075] makeBufferedNet failed for driver gain488/Y
[WARNING RSZ-0075] makeBufferedNet failed for driver u5343/Y
[WARNING RSZ-0075] makeBufferedNet failed for driver u5162/Y
[WARNING RSZ-0075] makeBufferedNet failed for driver gain12/Y
[WARNING RSZ-0075] makeBufferedNet failed for driver gain622/Y
[WARNING RSZ-0075] makeBufferedNet failed for driver gain239/Y
[WARNING RSZ-0075] makeBufferedNet failed for driver gain49/Y
[WARNING RSZ-0075] makeBufferedNet failed for driver u8507/Y
[WARNING RSZ-0075] makeBufferedNet failed for driver gain381/Y
[WARNING RSZ-0075] makeBufferedNet failed for driver u1294/Y
[WARNING RSZ-0075] makeBufferedNet failed for driver gain139/Y
[WARNING RSZ-0075] makeBufferedNet failed for driver u8506/Y
[WARNING RSZ-0075] makeBufferedNet failed for driver u5837/Y
[WARNING RSZ-0075] makeBufferedNet failed for driver u8004/Y
[WARNING RSZ-0075] makeBufferedNet failed for driver u5837/Y
[WARNING RSZ-0075] makeBufferedNet failed for driver gain480/Y
[WARNING RSZ-0075] makeBufferedNet failed for driver u8004/Y
[WARNING RSZ-0075] makeBufferedNet failed for driver u5837/Y
[WARNING RSZ-0075] makeBufferedNet failed for driver u8004/Y
[WARNING RSZ-0075] makeBufferedNet failed for driver u5837/Y
[WARNING RSZ-0075] makeBufferedNet failed for driver u1435/Y
[WARNING RSZ-0075] makeBufferedNet failed for driver u6994/Y
[WARNING RSZ-0075] makeBufferedNet failed for driver gain342/Y
[WARNING RSZ-0075] makeBufferedNet failed for driver u2660/Y
[WARNING RSZ-0075] makeBufferedNet failed for driver u6994/Y
[WARNING RSZ-0075] makeBufferedNet failed for driver gain342/Y
[WARNING RSZ-0075] makeBufferedNet failed for driver gain12/Y
[WARNING RSZ-0075] makeBufferedNet failed for driver gain456/Y
[WARNING RSZ-0075] makeBufferedNet failed for driver gain12/Y
[WARNING RSZ-0075] makeBufferedNet failed for driver u5176/Y
[WARNING RSZ-0075] makeBufferedNet failed for driver gain781/Y
[WARNING RSZ-0075] makeBufferedNet failed for driver gain20/Y
[WARNING RSZ-0075] makeBufferedNet failed for driver u5177/Y
[WARNING RSZ-0075] makeBufferedNet failed for driver u8026/Y
[WARNING RSZ-0075] makeBufferedNet failed for driver u5454/Y
[WARNING RSZ-0075] makeBufferedNet failed for driver gain780/Y
[WARNING RSZ-0075] makeBufferedNet failed for driver gain186/Y
[WARNING RSZ-0075] makeBufferedNet failed for driver gain488/Y
[WARNING RSZ-0075] makeBufferedNet failed for driver u5343/Y
[WARNING RSZ-0075] makeBufferedNet failed for driver u5162/Y
[WARNING RSZ-0075] makeBufferedNet failed for driver gain622/Y
[WARNING RSZ-0075] makeBufferedNet failed for driver gain239/Y
[WARNING RSZ-0075] makeBufferedNet failed for driver gain49/Y
[WARNING RSZ-0075] makeBufferedNet failed for driver u8507/Y
[WARNING RSZ-0075] makeBufferedNet failed for driver gain381/Y
[WARNING RSZ-0075] makeBufferedNet failed for driver u1294/Y
[WARNING RSZ-0075] makeBufferedNet failed for driver gain139/Y
[WARNING RSZ-0075] makeBufferedNet failed for driver u8506/Y
[WARNING RSZ-0075] makeBufferedNet failed for driver gain621/Y
[WARNING RSZ-0075] makeBufferedNet failed for driver gain361/Y
[WARNING RSZ-0075] makeBufferedNet failed for driver gain622/Y
[WARNING RSZ-0075] makeBufferedNet failed for driver gain239/Y
[WARNING RSZ-0075] makeBufferedNet failed for driver gain49/Y
[WARNING RSZ-0075] makeBufferedNet failed for driver u8507/Y
[WARNING RSZ-0075] makeBufferedNet failed for driver gain381/Y
[WARNING RSZ-0075] makeBufferedNet failed for driver u1294/Y
[WARNING RSZ-0075] makeBufferedNet failed for driver u8506/Y
[WARNING RSZ-0075] makeBufferedNet failed for driver gain139/Y
[WARNING RSZ-0075] makeBufferedNet failed for driver gain235/Y
[WARNING RSZ-0075] makeBufferedNet failed for driver gain621/Y
[WARNING RSZ-0075] makeBufferedNet failed for driver gain622/Y
[WARNING RSZ-0075] makeBufferedNet failed for driver gain49/Y
[WARNING RSZ-0075] makeBufferedNet failed for driver gain239/Y
[WARNING RSZ-0075] makeBufferedNet failed for driver u8507/Y
[WARNING RSZ-0075] makeBufferedNet failed for driver gain381/Y
[WARNING RSZ-0075] makeBufferedNet failed for driver u1294/Y
[WARNING RSZ-0075] makeBufferedNet failed for driver u8506/Y
[WARNING RSZ-0075] makeBufferedNet failed for driver u988/Y
[WARNING RSZ-0075] makeBufferedNet failed for driver gain139/Y
[WARNING RSZ-0075] makeBufferedNet failed for driver gain235/Y
[WARNING RSZ-0075] makeBufferedNet failed for driver gain621/Y
[WARNING RSZ-0075] makeBufferedNet failed for driver gain622/Y
[WARNING RSZ-0075] makeBufferedNet failed for driver gain49/Y
[WARNING RSZ-0075] makeBufferedNet failed for driver gain239/Y
[WARNING RSZ-0075] makeBufferedNet failed for driver u8507/Y
[WARNING RSZ-0075] makeBufferedNet failed for driver gain381/Y
[WARNING RSZ-0075] makeBufferedNet failed for driver u1294/Y
[WARNING RSZ-0075] makeBufferedNet failed for driver u8506/Y
[WARNING RSZ-0075] makeBufferedNet failed for driver u988/Y
[WARNING RSZ-0075] makeBufferedNet failed for driver gain139/Y
[WARNING RSZ-0075] makeBufferedNet failed for driver gain235/Y
[WARNING RSZ-0075] makeBufferedNet failed for driver gain621/Y
[WARNING RSZ-0075] makeBufferedNet failed for driver gain622/Y
[WARNING RSZ-0075] makeBufferedNet failed for driver gain49/Y
[WARNING RSZ-0075] makeBufferedNet failed for driver gain239/Y
[WARNING RSZ-0075] makeBufferedNet failed for driver u8507/Y
[WARNING RSZ-0075] makeBufferedNet failed for driver gain381/Y
[WARNING RSZ-0075] makeBufferedNet failed for driver u1294/Y
[WARNING RSZ-0075] makeBufferedNet failed for driver u8506/Y
[WARNING RSZ-0075] makeBufferedNet failed for driver u988/Y
[WARNING RSZ-0075] makeBufferedNet failed for driver gain139/Y
[WARNING RSZ-0075] makeBufferedNet failed for driver gain235/Y
[WARNING RSZ-0075] makeBufferedNet failed for driver gain621/Y
[WARNING RSZ-0075] makeBufferedNet failed for driver gain622/Y
[WARNING RSZ-0075] makeBufferedNet failed for driver gain49/Y
[WARNING RSZ-0075] makeBufferedNet failed for driver gain239/Y
[WARNING RSZ-0075] makeBufferedNet failed for driver u8507/Y
[WARNING RSZ-0075] makeBufferedNet failed for driver gain381/Y
[WARNING RSZ-0075] makeBufferedNet failed for driver u1294/Y
[WARNING RSZ-0075] makeBufferedNet failed for driver u8506/Y
[WARNING RSZ-0075] makeBufferedNet failed for driver u988/Y
[WARNING RSZ-0075] makeBufferedNet failed for driver gain139/Y
[WARNING RSZ-0075] makeBufferedNet failed for driver gain235/Y
[WARNING RSZ-0075] makeBufferedNet failed for driver gain621/Y
[WARNING RSZ-0075] makeBufferedNet failed for driver gain622/Y
[WARNING RSZ-0075] makeBufferedNet failed for driver gain49/Y
[WARNING RSZ-0075] makeBufferedNet failed for driver gain239/Y
[WARNING RSZ-0075] makeBufferedNet failed for driver u8507/Y
[WARNING RSZ-0075] makeBufferedNet failed for driver gain381/Y
[WARNING RSZ-0075] makeBufferedNet failed for driver u1294/Y
[WARNING RSZ-0075] makeBufferedNet failed for driver u8506/Y
[WARNING RSZ-0075] makeBufferedNet failed for driver u988/Y
[WARNING RSZ-0075] makeBufferedNet failed for driver gain139/Y
[WARNING RSZ-0075] makeBufferedNet failed for driver gain621/Y
[WARNING RSZ-0075] makeBufferedNet failed for driver gain235/Y
[WARNING RSZ-0075] makeBufferedNet failed for driver gain622/Y
[WARNING RSZ-0075] makeBufferedNet failed for driver gain49/Y
[WARNING RSZ-0075] makeBufferedNet failed for driver gain239/Y
[WARNING RSZ-0075] makeBufferedNet failed for driver u8507/Y
[WARNING RSZ-0075] makeBufferedNet failed for driver gain381/Y
[WARNING RSZ-0075] makeBufferedNet failed for driver u1294/Y
[WARNING RSZ-0075] makeBufferedNet failed for driver u8506/Y
[WARNING RSZ-0075] makeBufferedNet failed for driver u988/Y
[WARNING RSZ-0075] makeBufferedNet failed for driver gain621/Y
[WARNING RSZ-0075] makeBufferedNet failed for driver gain139/Y
[WARNING RSZ-0075] makeBufferedNet failed for driver gain235/Y
[WARNING RSZ-0075] makeBufferedNet failed for driver gain622/Y
[WARNING RSZ-0075] makeBufferedNet failed for driver gain49/Y
[WARNING RSZ-0075] makeBufferedNet failed for driver gain239/Y
[WARNING RSZ-0075] makeBufferedNet failed for driver u1087/Y
[WARNING RSZ-0075] makeBufferedNet failed for driver u8507/Y
[WARNING RSZ-0075] makeBufferedNet failed for driver gain622/Y
[WARNING RSZ-0075] makeBufferedNet failed for driver gain49/Y
[WARNING RSZ-0075] makeBufferedNet failed for driver gain239/Y
[WARNING RSZ-0075] makeBufferedNet failed for driver u1219/Y
[WARNING RSZ-0075] makeBufferedNet failed for driver u1087/Y
[WARNING RSZ-0075] makeBufferedNet failed for driver u8507/Y
[WARNING RSZ-0075] makeBufferedNet failed for driver gain381/Y
[WARNING RSZ-0075] makeBufferedNet failed for driver u8506/Y
[WARNING RSZ-0075] makeBufferedNet failed for driver u988/Y
[WARNING RSZ-0075] makeBufferedNet failed for driver gain621/Y
[WARNING RSZ-0075] makeBufferedNet failed for driver gain139/Y
[WARNING RSZ-0075] makeBufferedNet failed for driver gain235/Y
[WARNING RSZ-0075] makeBufferedNet failed for driver u973/Y
[WARNING RSZ-0075] makeBufferedNet failed for driver u1435/Y
[WARNING RSZ-0075] makeBufferedNet failed for driver u1435/Y
[WARNING RSZ-0075] makeBufferedNet failed for driver gain622/Y
[WARNING RSZ-0075] makeBufferedNet failed for driver gain49/Y
[WARNING RSZ-0075] makeBufferedNet failed for driver gain239/Y
[WARNING RSZ-0075] makeBufferedNet failed for driver u1087/Y
[WARNING RSZ-0075] makeBufferedNet failed for driver gain622/Y
[WARNING RSZ-0075] makeBufferedNet failed for driver gain49/Y
[WARNING RSZ-0075] makeBufferedNet failed for driver gain239/Y
[WARNING RSZ-0075] makeBufferedNet failed for driver u1087/Y
[WARNING RSZ-0075] makeBufferedNet failed for driver u1219/Y
[WARNING RSZ-0075] makeBufferedNet failed for driver u8545/Y
[WARNING RSZ-0075] makeBufferedNet failed for driver gain381/Y
[WARNING RSZ-0075] makeBufferedNet failed for driver u988/Y
[WARNING RSZ-0075] makeBufferedNet failed for driver gain621/Y
[WARNING RSZ-0075] makeBufferedNet failed for driver gain622/Y
[WARNING RSZ-0075] makeBufferedNet failed for driver gain49/Y
[WARNING RSZ-0075] makeBufferedNet failed for driver gain239/Y
[WARNING RSZ-0075] makeBufferedNet failed for driver u1087/Y
[WARNING RSZ-0075] makeBufferedNet failed for driver u1219/Y
[WARNING RSZ-0075] makeBufferedNet failed for driver u8545/Y
[WARNING RSZ-0075] makeBufferedNet failed for driver gain381/Y
[WARNING RSZ-0075] makeBufferedNet failed for driver u988/Y
[WARNING RSZ-0075] makeBufferedNet failed for driver gain621/Y
[WARNING RSZ-0075] makeBufferedNet failed for driver gain139/Y
[WARNING RSZ-0075] makeBufferedNet failed for driver gain235/Y
[WARNING RSZ-0075] makeBufferedNet failed for driver gain622/Y
[WARNING RSZ-0075] makeBufferedNet failed for driver gain49/Y
[WARNING RSZ-0075] makeBufferedNet failed for driver gain239/Y
[WARNING RSZ-0075] makeBufferedNet failed for driver u1087/Y
[WARNING RSZ-0075] makeBufferedNet failed for driver u1219/Y
[WARNING RSZ-0075] makeBufferedNet failed for driver gain381/Y
[WARNING RSZ-0075] makeBufferedNet failed for driver u8545/Y
[WARNING RSZ-0075] makeBufferedNet failed for driver u988/Y
[WARNING RSZ-0075] makeBufferedNet failed for driver gain621/Y
[WARNING RSZ-0075] makeBufferedNet failed for driver gain139/Y
[WARNING RSZ-0075] makeBufferedNet failed for driver gain235/Y
[WARNING RSZ-0075] makeBufferedNet failed for driver gain622/Y
[WARNING RSZ-0075] makeBufferedNet failed for driver gain49/Y
[WARNING RSZ-0075] makeBufferedNet failed for driver gain239/Y
[WARNING RSZ-0075] makeBufferedNet failed for driver u1087/Y
[WARNING RSZ-0075] makeBufferedNet failed for driver u1219/Y
[WARNING RSZ-0075] makeBufferedNet failed for driver gain381/Y
[WARNING RSZ-0075] makeBufferedNet failed for driver u8545/Y
[WARNING RSZ-0075] makeBufferedNet failed for driver u988/Y
[WARNING RSZ-0075] makeBufferedNet failed for driver gain621/Y
[WARNING RSZ-0075] makeBufferedNet failed for driver gain139/Y
[WARNING RSZ-0075] makeBufferedNet failed for driver gain235/Y
[WARNING RSZ-0075] makeBufferedNet failed for driver u973/Y
[WARNING RSZ-0075] makeBufferedNet failed for driver u2660/Y
[WARNING RSZ-0075] makeBufferedNet failed for driver u6994/Y
[WARNING RSZ-0075] makeBufferedNet failed for driver gain342/Y
[WARNING RSZ-0075] makeBufferedNet failed for driver u2660/Y
[WARNING RSZ-0075] makeBufferedNet failed for driver u6994/Y
[WARNING RSZ-0075] makeBufferedNet failed for driver gain342/Y
[WARNING RSZ-0075] makeBufferedNet failed for driver gain44/Y
[WARNING RSZ-0075] makeBufferedNet failed for driver gain555/Y
[WARNING RSZ-0075] makeBufferedNet failed for driver u6994/Y
[WARNING RSZ-0075] makeBufferedNet failed for driver u2660/Y
[WARNING RSZ-0075] makeBufferedNet failed for driver u6994/Y
[WARNING RSZ-0075] makeBufferedNet failed for driver u2660/Y
[WARNING RSZ-0075] makeBufferedNet failed for driver gain342/Y
[WARNING RSZ-0075] makeBufferedNet failed for driver gain44/Y
[WARNING RSZ-0075] makeBufferedNet failed for driver u6994/Y
[WARNING RSZ-0075] makeBufferedNet failed for driver u2660/Y
[WARNING RSZ-0075] makeBufferedNet failed for driver gain342/Y
[WARNING RSZ-0075] makeBufferedNet failed for driver u6994/Y
[WARNING RSZ-0075] makeBufferedNet failed for driver u2660/Y
[WARNING RSZ-0075] makeBufferedNet failed for driver gain342/Y
[WARNING RSZ-0075] makeBufferedNet failed for driver gain930/Y
[WARNING RSZ-0075] makeBufferedNet failed for driver gain931/Y
[WARNING RSZ-0075] makeBufferedNet failed for driver u6994/Y
[WARNING RSZ-0075] makeBufferedNet failed for driver u2660/Y
[WARNING RSZ-0075] makeBufferedNet failed for driver gain342/Y
[WARNING RSZ-0075] makeBufferedNet failed for driver gain930/Y
[WARNING RSZ-0075] makeBufferedNet failed for driver gain44/Y
[WARNING RSZ-0075] makeBufferedNet failed for driver gain931/Y
[WARNING RSZ-0075] makeBufferedNet failed for driver u6994/Y
[WARNING RSZ-0075] makeBufferedNet failed for driver u2660/Y
[WARNING RSZ-0075] makeBufferedNet failed for driver gain342/Y
[WARNING RSZ-0075] makeBufferedNet failed for driver gain930/Y
[WARNING RSZ-0075] makeBufferedNet failed for driver gain44/Y
[WARNING RSZ-0075] makeBufferedNet failed for driver gain133/Y
[WARNING RSZ-0075] makeBufferedNet failed for driver u2667/Y
[WARNING RSZ-0075] makeBufferedNet failed for driver gain931/Y
[WARNING RSZ-0075] makeBufferedNet failed for driver u6994/Y
[WARNING RSZ-0075] makeBufferedNet failed for driver u2660/Y
[WARNING RSZ-0075] makeBufferedNet failed for driver gain342/Y
[WARNING RSZ-0075] makeBufferedNet failed for driver gain930/Y
[WARNING RSZ-0075] makeBufferedNet failed for driver gain44/Y
[WARNING RSZ-0075] makeBufferedNet failed for driver gain133/Y
[WARNING RSZ-0075] makeBufferedNet failed for driver u2667/Y
[WARNING RSZ-0075] makeBufferedNet failed for driver gain931/Y
[WARNING RSZ-0075] makeBufferedNet failed for driver u6994/Y
[WARNING RSZ-0075] makeBufferedNet failed for driver u2660/Y
[WARNING RSZ-0075] makeBufferedNet failed for driver gain342/Y
[WARNING RSZ-0075] makeBufferedNet failed for driver gain930/Y
[WARNING RSZ-0075] makeBufferedNet failed for driver gain44/Y
[WARNING RSZ-0075] makeBufferedNet failed for driver gain133/Y
[WARNING RSZ-0075] makeBufferedNet failed for driver u2667/Y
[WARNING RSZ-0075] makeBufferedNet failed for driver gain931/Y
[WARNING RSZ-0075] makeBufferedNet failed for driver u6994/Y
[WARNING RSZ-0075] makeBufferedNet failed for driver u2660/Y
[WARNING RSZ-0075] makeBufferedNet failed for driver gain342/Y
[WARNING RSZ-0075] makeBufferedNet failed for driver gain930/Y
[WARNING RSZ-0075] makeBufferedNet failed for driver gain44/Y
[WARNING RSZ-0075] makeBufferedNet failed for driver u2667/Y
[WARNING RSZ-0075] makeBufferedNet failed for driver u2647/Y
[WARNING RSZ-0075] makeBufferedNet failed for driver gain133/Y
[WARNING RSZ-0075] makeBufferedNet failed for driver gain555/Y
[WARNING RSZ-0075] makeBufferedNet failed for driver gain931/Y
[WARNING RSZ-0075] makeBufferedNet failed for driver u6994/Y
[WARNING RSZ-0075] makeBufferedNet failed for driver u2660/Y
[WARNING RSZ-0075] makeBufferedNet failed for driver gain342/Y
[WARNING RSZ-0075] makeBufferedNet failed for driver gain930/Y
[WARNING RSZ-0075] makeBufferedNet failed for driver gain44/Y
[WARNING RSZ-0075] makeBufferedNet failed for driver u2667/Y
[WARNING RSZ-0075] makeBufferedNet failed for driver u2647/Y
[WARNING RSZ-0075] makeBufferedNet failed for driver gain133/Y
[WARNING RSZ-0075] makeBufferedNet failed for driver gain555/Y
[WARNING RSZ-0075] makeBufferedNet failed for driver gain931/Y
[WARNING RSZ-0075] makeBufferedNet failed for driver u6994/Y
[WARNING RSZ-0075] makeBufferedNet failed for driver u2660/Y
[WARNING RSZ-0075] makeBufferedNet failed for driver gain342/Y
[WARNING RSZ-0075] makeBufferedNet failed for driver gain930/Y
[WARNING RSZ-0075] makeBufferedNet failed for driver gain44/Y
[WARNING RSZ-0075] makeBufferedNet failed for driver u2667/Y
[WARNING RSZ-0075] makeBufferedNet failed for driver u2647/Y
[WARNING RSZ-0075] makeBufferedNet failed for driver gain133/Y
[WARNING RSZ-0075] makeBufferedNet failed for driver gain555/Y
[WARNING RSZ-0075] makeBufferedNet failed for driver gain931/Y
[WARNING RSZ-0075] makeBufferedNet failed for driver u6994/Y
[WARNING RSZ-0075] makeBufferedNet failed for driver u2660/Y
[WARNING RSZ-0075] makeBufferedNet failed for driver gain342/Y
[WARNING RSZ-0075] makeBufferedNet failed for driver gain930/Y
[WARNING RSZ-0075] makeBufferedNet failed for driver gain44/Y
[WARNING RSZ-0075] makeBufferedNet failed for driver u2667/Y
[WARNING RSZ-0075] makeBufferedNet failed for driver u2647/Y
[WARNING RSZ-0075] makeBufferedNet failed for driver gain133/Y
[WARNING RSZ-0075] makeBufferedNet failed for driver gain555/Y
[WARNING RSZ-0075] makeBufferedNet failed for driver gain931/Y
[WARNING RSZ-0075] makeBufferedNet failed for driver u6994/Y
[WARNING RSZ-0075] makeBufferedNet failed for driver u2660/Y
[WARNING RSZ-0075] makeBufferedNet failed for driver gain342/Y
[WARNING RSZ-0075] makeBufferedNet failed for driver gain930/Y
[WARNING RSZ-0075] makeBufferedNet failed for driver gain44/Y
[WARNING RSZ-0075] makeBufferedNet failed for driver u2667/Y
[WARNING RSZ-0075] makeBufferedNet failed for driver u2647/Y
[WARNING RSZ-0075] makeBufferedNet failed for driver gain133/Y
[WARNING RSZ-0075] makeBufferedNet failed for driver gain555/Y
[WARNING RSZ-0075] makeBufferedNet failed for driver gain931/Y
[WARNING RSZ-0075] makeBufferedNet failed for driver u6994/Y
[WARNING RSZ-0075] makeBufferedNet failed for driver u2660/Y
[WARNING RSZ-0075] makeBufferedNet failed for driver gain342/Y
[WARNING RSZ-0075] makeBufferedNet failed for driver gain930/Y
[WARNING RSZ-0075] makeBufferedNet failed for driver gain44/Y
[WARNING RSZ-0075] makeBufferedNet failed for driver u2667/Y
[WARNING RSZ-0075] makeBufferedNet failed for driver u2647/Y
[WARNING RSZ-0075] makeBufferedNet failed for driver gain133/Y
[WARNING RSZ-0075] makeBufferedNet failed for driver gain555/Y
[WARNING RSZ-0075] makeBufferedNet failed for driver u5176/Y
[WARNING RSZ-0075] makeBufferedNet failed for driver gain781/Y
[WARNING RSZ-0075] makeBufferedNet failed for driver gain20/Y
[WARNING RSZ-0075] makeBufferedNet failed for driver u5177/Y
[WARNING RSZ-0075] makeBufferedNet failed for driver u5454/Y
[WARNING RSZ-0075] makeBufferedNet failed for driver gain780/Y
[WARNING RSZ-0075] makeBufferedNet failed for driver gain186/Y
[WARNING RSZ-0075] makeBufferedNet failed for driver u5176/Y
[WARNING RSZ-0075] makeBufferedNet failed for driver gain781/Y
[WARNING RSZ-0075] makeBufferedNet failed for driver gain20/Y
[WARNING RSZ-0075] makeBufferedNet failed for driver u5177/Y
[WARNING RSZ-0075] makeBufferedNet failed for driver u5454/Y
[WARNING RSZ-0075] makeBufferedNet failed for driver gain780/Y
[WARNING RSZ-0075] makeBufferedNet failed for driver gain186/Y
[WARNING RSZ-0075] makeBufferedNet failed for driver u9256/Y
[WARNING RSZ-0075] makeBufferedNet failed for driver u5176/Y
[WARNING RSZ-0075] makeBufferedNet failed for driver gain781/Y
[WARNING RSZ-0075] makeBufferedNet failed for driver gain20/Y
[WARNING RSZ-0075] makeBufferedNet failed for driver u5177/Y
[WARNING RSZ-0075] makeBufferedNet failed for driver u5454/Y
[WARNING RSZ-0075] makeBufferedNet failed for driver gain780/Y
[WARNING RSZ-0075] makeBufferedNet failed for driver gain186/Y
[WARNING RSZ-0075] makeBufferedNet failed for driver u9256/Y
[WARNING RSZ-0075] makeBufferedNet failed for driver gain488/Y
[WARNING RSZ-0075] makeBufferedNet failed for driver u5343/Y
[WARNING RSZ-0075] makeBufferedNet failed for driver u5162/Y
[WARNING RSZ-0075] makeBufferedNet failed for driver u5176/Y
[WARNING RSZ-0075] makeBufferedNet failed for driver gain781/Y
[WARNING RSZ-0075] makeBufferedNet failed for driver gain20/Y
[WARNING RSZ-0075] makeBufferedNet failed for driver u5177/Y
[WARNING RSZ-0075] makeBufferedNet failed for driver u5454/Y
[WARNING RSZ-0075] makeBufferedNet failed for driver gain780/Y
[WARNING RSZ-0075] makeBufferedNet failed for driver gain186/Y
[WARNING RSZ-0075] makeBufferedNet failed for driver u9256/Y
[WARNING RSZ-0075] makeBufferedNet failed for driver gain488/Y
[WARNING RSZ-0075] makeBufferedNet failed for driver u5343/Y
[WARNING RSZ-0075] makeBufferedNet failed for driver u5162/Y
[WARNING RSZ-0075] makeBufferedNet failed for driver u5176/Y
[WARNING RSZ-0075] makeBufferedNet failed for driver gain781/Y
[WARNING RSZ-0075] makeBufferedNet failed for driver gain20/Y
[WARNING RSZ-0075] makeBufferedNet failed for driver u5177/Y
[WARNING RSZ-0075] makeBufferedNet failed for driver u5454/Y
[WARNING RSZ-0075] makeBufferedNet failed for driver gain780/Y
[WARNING RSZ-0075] makeBufferedNet failed for driver gain186/Y
[WARNING RSZ-0075] makeBufferedNet failed for driver u9256/Y
[WARNING RSZ-0075] makeBufferedNet failed for driver gain488/Y
[WARNING RSZ-0075] makeBufferedNet failed for driver u5343/Y
[WARNING RSZ-0075] makeBufferedNet failed for driver u5162/Y
[WARNING RSZ-0075] makeBufferedNet failed for driver u5176/Y
[WARNING RSZ-0075] makeBufferedNet failed for driver gain781/Y
[WARNING RSZ-0075] makeBufferedNet failed for driver gain20/Y
[WARNING RSZ-0075] makeBufferedNet failed for driver u5177/Y
[WARNING RSZ-0075] makeBufferedNet failed for driver u5454/Y
[WARNING RSZ-0075] makeBufferedNet failed for driver gain780/Y
[WARNING RSZ-0075] makeBufferedNet failed for driver gain186/Y
[WARNING RSZ-0075] makeBufferedNet failed for driver u9256/Y
[WARNING RSZ-0075] makeBufferedNet failed for driver gain488/Y
[WARNING RSZ-0075] makeBufferedNet failed for driver u5343/Y
[WARNING RSZ-0075] makeBufferedNet failed for driver u5162/Y
[WARNING RSZ-0075] makeBufferedNet failed for driver gain327/Y
[WARNING RSZ-0075] makeBufferedNet failed for driver gain32/Y
[WARNING RSZ-0075] makeBufferedNet failed for driver gain322/Y
[WARNING RSZ-0075] makeBufferedNet failed for driver gain32/Y
[WARNING RSZ-0075] makeBufferedNet failed for driver gain533/Y
[WARNING RSZ-0075] makeBufferedNet failed for driver gain32/Y
[WARNING RSZ-0075] makeBufferedNet failed for driver u7472/Y
[WARNING RSZ-0075] makeBufferedNet failed for driver gain32/Y
[WARNING RSZ-0075] makeBufferedNet failed for driver gain523/Y
[WARNING RSZ-0075] makeBufferedNet failed for driver gain32/Y
[WARNING RSZ-0075] makeBufferedNet failed for driver gain32/Y
[WARNING RSZ-0075] makeBufferedNet failed for driver gain199/Y
[WARNING RSZ-0075] makeBufferedNet failed for driver gain321/Y
[WARNING RSZ-0075] makeBufferedNet failed for driver gain32/Y
[WARNING RSZ-0075] makeBufferedNet failed for driver gain199/Y
[WARNING RSZ-0075] makeBufferedNet failed for driver gain321/Y
[WARNING RSZ-0075] makeBufferedNet failed for driver gain862/Y
[WARNING RSZ-0075] makeBufferedNet failed for driver gain863/Y
[WARNING RSZ-0075] makeBufferedNet failed for driver gain32/Y
[WARNING RSZ-0075] makeBufferedNet failed for driver gain199/Y
[WARNING RSZ-0075] makeBufferedNet failed for driver gain321/Y
[WARNING RSZ-0075] makeBufferedNet failed for driver gain862/Y
[WARNING RSZ-0075] makeBufferedNet failed for driver u3913/Y
[WARNING RSZ-0075] makeBufferedNet failed for driver gain863/Y
[WARNING RSZ-0075] makeBufferedNet failed for driver gain32/Y
[WARNING RSZ-0075] makeBufferedNet failed for driver gain199/Y
[WARNING RSZ-0075] makeBufferedNet failed for driver gain321/Y
[WARNING RSZ-0075] makeBufferedNet failed for driver gain862/Y
[WARNING RSZ-0075] makeBufferedNet failed for driver u3913/Y
[WARNING RSZ-0075] makeBufferedNet failed for driver gain522/Y
[WARNING RSZ-0075] makeBufferedNet failed for driver gain863/Y
[WARNING RSZ-0075] makeBufferedNet failed for driver gain32/Y
[WARNING RSZ-0075] makeBufferedNet failed for driver gain863/Y
[WARNING RSZ-0075] makeBufferedNet failed for driver gain32/Y
[WARNING RSZ-0075] makeBufferedNet failed for driver gain863/Y
[WARNING RSZ-0075] makeBufferedNet failed for driver gain32/Y
[WARNING RSZ-0075] makeBufferedNet failed for driver gain862/Y
[WARNING RSZ-0075] makeBufferedNet failed for driver gain199/Y
[WARNING RSZ-0075] makeBufferedNet failed for driver gain321/Y
[WARNING RSZ-0075] makeBufferedNet failed for driver u3913/Y
[WARNING RSZ-0075] makeBufferedNet failed for driver gain863/Y
[WARNING RSZ-0075] makeBufferedNet failed for driver gain32/Y
[WARNING RSZ-0075] makeBufferedNet failed for driver gain862/Y
[WARNING RSZ-0075] makeBufferedNet failed for driver gain199/Y
[WARNING RSZ-0075] makeBufferedNet failed for driver gain321/Y
[WARNING RSZ-0075] makeBufferedNet failed for driver u3913/Y
[WARNING RSZ-0075] makeBufferedNet failed for driver gain863/Y
[WARNING RSZ-0075] makeBufferedNet failed for driver gain32/Y
[WARNING RSZ-0075] makeBufferedNet failed for driver gain862/Y
[WARNING RSZ-0075] makeBufferedNet failed for driver gain199/Y
[WARNING RSZ-0075] makeBufferedNet failed for driver gain321/Y
[WARNING RSZ-0075] makeBufferedNet failed for driver u3913/Y
[WARNING RSZ-0075] makeBufferedNet failed for driver u4122/Y
[WARNING RSZ-0075] makeBufferedNet failed for driver gain863/Y
[WARNING RSZ-0075] makeBufferedNet failed for driver gain32/Y
[WARNING RSZ-0075] makeBufferedNet failed for driver gain862/Y
[WARNING RSZ-0075] makeBufferedNet failed for driver gain199/Y
[WARNING RSZ-0075] makeBufferedNet failed for driver gain321/Y
[WARNING RSZ-0075] makeBufferedNet failed for driver u3913/Y
[WARNING RSZ-0075] makeBufferedNet failed for driver u4122/Y
[WARNING RSZ-0075] makeBufferedNet failed for driver gain863/Y
[WARNING RSZ-0075] makeBufferedNet failed for driver gain32/Y
[WARNING RSZ-0075] makeBufferedNet failed for driver gain862/Y
[WARNING RSZ-0075] makeBufferedNet failed for driver gain199/Y
[WARNING RSZ-0075] makeBufferedNet failed for driver gain321/Y
[WARNING RSZ-0075] makeBufferedNet failed for driver u3913/Y
[WARNING RSZ-0075] makeBufferedNet failed for driver u4122/Y
[WARNING RSZ-0075] makeBufferedNet failed for driver u3910/Y
[WARNING RSZ-0075] makeBufferedNet failed for driver gain522/Y
[WARNING RSZ-0075] makeBufferedNet failed for driver gain863/Y
[WARNING RSZ-0075] makeBufferedNet failed for driver gain32/Y
[WARNING RSZ-0075] makeBufferedNet failed for driver gain862/Y
[WARNING RSZ-0075] makeBufferedNet failed for driver gain199/Y
[WARNING RSZ-0075] makeBufferedNet failed for driver u3913/Y
[WARNING RSZ-0075] makeBufferedNet failed for driver gain321/Y
[WARNING RSZ-0075] makeBufferedNet failed for driver u4122/Y
[WARNING RSZ-0075] makeBufferedNet failed for driver u3910/Y
[WARNING RSZ-0075] makeBufferedNet failed for driver gain522/Y
[WARNING RSZ-0075] makeBufferedNet failed for driver gain863/Y
[WARNING RSZ-0075] makeBufferedNet failed for driver gain32/Y
[WARNING RSZ-0075] makeBufferedNet failed for driver gain862/Y
[WARNING RSZ-0075] makeBufferedNet failed for driver gain199/Y
[WARNING RSZ-0075] makeBufferedNet failed for driver u3913/Y
[WARNING RSZ-0075] makeBufferedNet failed for driver gain321/Y
[WARNING RSZ-0075] makeBufferedNet failed for driver u4122/Y
[WARNING RSZ-0075] makeBufferedNet failed for driver u3910/Y
[WARNING RSZ-0075] makeBufferedNet failed for driver gain522/Y
[WARNING RSZ-0075] makeBufferedNet failed for driver gain863/Y
[WARNING RSZ-0075] makeBufferedNet failed for driver gain32/Y
[WARNING RSZ-0075] makeBufferedNet failed for driver gain862/Y
[WARNING RSZ-0075] makeBufferedNet failed for driver gain199/Y
[WARNING RSZ-0075] makeBufferedNet failed for driver u3913/Y
[WARNING RSZ-0075] makeBufferedNet failed for driver gain321/Y
[WARNING RSZ-0075] makeBufferedNet failed for driver u4122/Y
[WARNING RSZ-0075] makeBufferedNet failed for driver u3910/Y
[WARNING RSZ-0075] makeBufferedNet failed for driver gain522/Y
[WARNING RSZ-0075] makeBufferedNet failed for driver u7472/Y
[WARNING RSZ-0075] makeBufferedNet failed for driver gain327/Y
[WARNING RSZ-0075] makeBufferedNet failed for driver gain863/Y
[WARNING RSZ-0075] makeBufferedNet failed for driver gain32/Y
[WARNING RSZ-0075] makeBufferedNet failed for driver gain862/Y
[WARNING RSZ-0075] makeBufferedNet failed for driver gain199/Y
[WARNING RSZ-0075] makeBufferedNet failed for driver u3913/Y
[WARNING RSZ-0075] makeBufferedNet failed for driver gain321/Y
[WARNING RSZ-0075] makeBufferedNet failed for driver u4122/Y
[WARNING RSZ-0075] makeBufferedNet failed for driver u3910/Y
[WARNING RSZ-0075] makeBufferedNet failed for driver gain522/Y
[WARNING RSZ-0075] makeBufferedNet failed for driver gain863/Y
[WARNING RSZ-0075] makeBufferedNet failed for driver gain32/Y
[WARNING RSZ-0075] makeBufferedNet failed for driver gain862/Y
[WARNING RSZ-0075] makeBufferedNet failed for driver gain199/Y
[WARNING RSZ-0075] makeBufferedNet failed for driver u3913/Y
[WARNING RSZ-0075] makeBufferedNet failed for driver gain321/Y
[WARNING RSZ-0075] makeBufferedNet failed for driver u4122/Y
[WARNING RSZ-0075] makeBufferedNet failed for driver u3910/Y
[WARNING RSZ-0075] makeBufferedNet failed for driver gain522/Y
[WARNING RSZ-0075] makeBufferedNet failed for driver gain863/Y
[WARNING RSZ-0075] makeBufferedNet failed for driver gain32/Y
[WARNING RSZ-0075] makeBufferedNet failed for driver gain862/Y
[WARNING RSZ-0075] makeBufferedNet failed for driver gain199/Y
[WARNING RSZ-0075] makeBufferedNet failed for driver u3913/Y
[WARNING RSZ-0075] makeBufferedNet failed for driver gain321/Y
[WARNING RSZ-0075] makeBufferedNet failed for driver u4122/Y
[WARNING RSZ-0075] makeBufferedNet failed for driver u3910/Y
[WARNING RSZ-0075] makeBufferedNet failed for driver gain522/Y
[WARNING RSZ-0075] makeBufferedNet failed for driver gain931/Y
[WARNING RSZ-0075] makeBufferedNet failed for driver u2660/Y
[WARNING RSZ-0075] makeBufferedNet failed for driver gain342/Y
[WARNING RSZ-0075] makeBufferedNet failed for driver gain931/Y
[WARNING RSZ-0075] makeBufferedNet failed for driver u2660/Y
[WARNING RSZ-0075] makeBufferedNet failed for driver gain342/Y
[WARNING RSZ-0075] makeBufferedNet failed for driver gain930/Y
[WARNING RSZ-0075] makeBufferedNet failed for driver gain931/Y
[WARNING RSZ-0075] makeBufferedNet failed for driver u2660/Y
[WARNING RSZ-0075] makeBufferedNet failed for driver gain342/Y
[WARNING RSZ-0075] makeBufferedNet failed for driver gain930/Y
[WARNING RSZ-0075] makeBufferedNet failed for driver u9172/Y
[WARNING RSZ-0075] makeBufferedNet failed for driver gain44/Y
[WARNING RSZ-0075] makeBufferedNet failed for driver u9171/Y
[WARNING RSZ-0075] makeBufferedNet failed for driver u2667/Y
[WARNING RSZ-0075] makeBufferedNet failed for driver u2647/Y
[WARNING RSZ-0075] makeBufferedNet failed for driver gain133/Y
[WARNING RSZ-0075] makeBufferedNet failed for driver gain555/Y
[WARNING RSZ-0075] makeBufferedNet failed for driver gain931/Y
[WARNING RSZ-0075] makeBufferedNet failed for driver u2660/Y
[WARNING RSZ-0075] makeBufferedNet failed for driver gain342/Y
[WARNING RSZ-0075] makeBufferedNet failed for driver gain930/Y
[WARNING RSZ-0075] makeBufferedNet failed for driver u9172/Y
[WARNING RSZ-0075] makeBufferedNet failed for driver gain44/Y
[WARNING RSZ-0075] makeBufferedNet failed for driver u9171/Y
[WARNING RSZ-0075] makeBufferedNet failed for driver u2667/Y
[WARNING RSZ-0075] makeBufferedNet failed for driver u2647/Y
[WARNING RSZ-0075] makeBufferedNet failed for driver gain133/Y
[WARNING RSZ-0075] makeBufferedNet failed for driver gain555/Y
[WARNING RSZ-0075] makeBufferedNet failed for driver gain931/Y
[WARNING RSZ-0075] makeBufferedNet failed for driver u2660/Y
[WARNING RSZ-0075] makeBufferedNet failed for driver gain342/Y
[WARNING RSZ-0075] makeBufferedNet failed for driver gain930/Y
[WARNING RSZ-0075] makeBufferedNet failed for driver u9172/Y
[WARNING RSZ-0075] makeBufferedNet failed for driver gain44/Y
[WARNING RSZ-0075] makeBufferedNet failed for driver u9171/Y
[WARNING RSZ-0075] makeBufferedNet failed for driver u2667/Y
[WARNING RSZ-0075] makeBufferedNet failed for driver u2647/Y
[WARNING RSZ-0075] makeBufferedNet failed for driver gain133/Y
[WARNING RSZ-0075] makeBufferedNet failed for driver gain555/Y
[WARNING RSZ-0075] makeBufferedNet failed for driver gain931/Y
[WARNING RSZ-0075] makeBufferedNet failed for driver u2660/Y
[WARNING RSZ-0075] makeBufferedNet failed for driver gain342/Y
[WARNING RSZ-0075] makeBufferedNet failed for driver gain930/Y
[WARNING RSZ-0075] makeBufferedNet failed for driver u9172/Y
[WARNING RSZ-0075] makeBufferedNet failed for driver gain44/Y
[WARNING RSZ-0075] makeBufferedNet failed for driver u9171/Y
[WARNING RSZ-0075] makeBufferedNet failed for driver u2667/Y
[WARNING RSZ-0075] makeBufferedNet failed for driver u2647/Y
[WARNING RSZ-0075] makeBufferedNet failed for driver gain133/Y
[WARNING RSZ-0075] makeBufferedNet failed for driver gain555/Y
[WARNING RSZ-0075] makeBufferedNet failed for driver gain931/Y
[WARNING RSZ-0075] makeBufferedNet failed for driver u2660/Y
[WARNING RSZ-0075] makeBufferedNet failed for driver gain342/Y
[WARNING RSZ-0075] makeBufferedNet failed for driver gain930/Y
[WARNING RSZ-0075] makeBufferedNet failed for driver gain44/Y
[WARNING RSZ-0075] makeBufferedNet failed for driver u9171/Y
[WARNING RSZ-0075] makeBufferedNet failed for driver gain931/Y
[WARNING RSZ-0075] makeBufferedNet failed for driver u2660/Y
[WARNING RSZ-0075] makeBufferedNet failed for driver gain342/Y
[WARNING RSZ-0075] makeBufferedNet failed for driver gain930/Y
[WARNING RSZ-0075] makeBufferedNet failed for driver u9410/Y
[WARNING RSZ-0075] makeBufferedNet failed for driver gain44/Y
[WARNING RSZ-0075] makeBufferedNet failed for driver u9171/Y
[WARNING RSZ-0075] makeBufferedNet failed for driver u2667/Y
[WARNING RSZ-0075] makeBufferedNet failed for driver u2647/Y
[WARNING RSZ-0075] makeBufferedNet failed for driver gain133/Y
[WARNING RSZ-0075] makeBufferedNet failed for driver gain555/Y
[WARNING RSZ-0075] makeBufferedNet failed for driver gain931/Y
[WARNING RSZ-0075] makeBufferedNet failed for driver u2660/Y
[WARNING RSZ-0075] makeBufferedNet failed for driver gain342/Y
[WARNING RSZ-0075] makeBufferedNet failed for driver gain930/Y
[WARNING RSZ-0075] makeBufferedNet failed for driver u9410/Y
[WARNING RSZ-0075] makeBufferedNet failed for driver gain44/Y
[WARNING RSZ-0075] makeBufferedNet failed for driver u9171/Y
[WARNING RSZ-0075] makeBufferedNet failed for driver u2667/Y
[WARNING RSZ-0075] makeBufferedNet failed for driver u2647/Y
[WARNING RSZ-0075] makeBufferedNet failed for driver gain133/Y
[WARNING RSZ-0075] makeBufferedNet failed for driver gain555/Y
[WARNING RSZ-0075] makeBufferedNet failed for driver gain931/Y
[WARNING RSZ-0075] makeBufferedNet failed for driver u2660/Y
[WARNING RSZ-0075] makeBufferedNet failed for driver gain342/Y
[WARNING RSZ-0075] makeBufferedNet failed for driver gain930/Y
[WARNING RSZ-0075] makeBufferedNet failed for driver u9410/Y
[WARNING RSZ-0075] makeBufferedNet failed for driver gain44/Y
[WARNING RSZ-0075] makeBufferedNet failed for driver u9171/Y
[WARNING RSZ-0075] makeBufferedNet failed for driver u2667/Y
[WARNING RSZ-0075] makeBufferedNet failed for driver u2647/Y
[WARNING RSZ-0075] makeBufferedNet failed for driver gain133/Y
[WARNING RSZ-0075] makeBufferedNet failed for driver gain555/Y
[WARNING RSZ-0075] makeBufferedNet failed for driver u8004/Y
[WARNING RSZ-0075] makeBufferedNet failed for driver u5837/Y
[WARNING RSZ-0075] makeBufferedNet failed for driver u8004/Y
[WARNING RSZ-0075] makeBufferedNet failed for driver u5837/Y
[WARNING RSZ-0075] makeBufferedNet failed for driver u8004/Y
[WARNING RSZ-0075] makeBufferedNet failed for driver u5837/Y
[WARNING RSZ-0075] makeBufferedNet failed for driver u8004/Y
[WARNING RSZ-0075] makeBufferedNet failed for driver u5837/Y
[WARNING RSZ-0075] makeBufferedNet failed for driver u5622/Y
[WARNING RSZ-0075] makeBufferedNet failed for driver u8004/Y
[WARNING RSZ-0075] makeBufferedNet failed for driver u5837/Y
[WARNING RSZ-0075] makeBufferedNet failed for driver u5622/Y
[WARNING RSZ-0075] makeBufferedNet failed for driver u8004/Y
[WARNING RSZ-0075] makeBufferedNet failed for driver u5837/Y
[WARNING RSZ-0075] makeBufferedNet failed for driver gain290/Y
[WARNING RSZ-0075] makeBufferedNet failed for driver u8004/Y
[WARNING RSZ-0075] makeBufferedNet failed for driver u5837/Y
[WARNING RSZ-0075] makeBufferedNet failed for driver u8004/Y
[WARNING RSZ-0075] makeBufferedNet failed for driver u5837/Y
[WARNING RSZ-0075] makeBufferedNet failed for driver gain12/Y
[WARNING RSZ-0075] makeBufferedNet failed for driver gain172/Y
[WARNING RSZ-0075] makeBufferedNet failed for driver u6091/Y
[WARNING RSZ-0075] makeBufferedNet failed for driver gain283/Y
[WARNING RSZ-0075] makeBufferedNet failed for driver u8004/Y
[WARNING RSZ-0075] makeBufferedNet failed for driver u5837/Y
[WARNING RSZ-0075] makeBufferedNet failed for driver u6091/Y
[WARNING RSZ-0075] makeBufferedNet failed for driver gain12/Y
[WARNING RSZ-0075] makeBufferedNet failed for driver u6091/Y
[WARNING RSZ-0075] makeBufferedNet failed for driver gain12/Y
[WARNING RSZ-0075] makeBufferedNet failed for driver gain283/Y
[WARNING RSZ-0075] makeBufferedNet failed for driver u8004/Y
[WARNING RSZ-0075] makeBufferedNet failed for driver u5837/Y
[WARNING RSZ-0075] makeBufferedNet failed for driver u8004/Y
[WARNING RSZ-0075] makeBufferedNet failed for driver u5837/Y
[WARNING RSZ-0075] makeBufferedNet failed for driver u5638/Y
[WARNING RSZ-0075] makeBufferedNet failed for driver gain480/Y
[WARNING RSZ-0075] makeBufferedNet failed for driver u8004/Y
[WARNING RSZ-0075] makeBufferedNet failed for driver u5837/Y
[WARNING RSZ-0075] makeBufferedNet failed for driver u5638/Y
[WARNING RSZ-0075] makeBufferedNet failed for driver gain480/Y
[WARNING RSZ-0075] makeBufferedNet failed for driver u5652/Y
[WARNING RSZ-0075] makeBufferedNet failed for driver gain290/Y
[WARNING RSZ-0075] makeBufferedNet failed for driver u8004/Y
[WARNING RSZ-0075] makeBufferedNet failed for driver u5837/Y
[WARNING RSZ-0075] makeBufferedNet failed for driver u5638/Y
[WARNING RSZ-0075] makeBufferedNet failed for driver gain290/Y
[WARNING RSZ-0075] makeBufferedNet failed for driver gain480/Y
[WARNING RSZ-0075] makeBufferedNet failed for driver u5652/Y
[WARNING RSZ-0075] makeBufferedNet failed for driver u5818/Y
[WARNING RSZ-0075] makeBufferedNet failed for driver u8004/Y
[WARNING RSZ-0075] makeBufferedNet failed for driver u5837/Y
[WARNING RSZ-0075] makeBufferedNet failed for driver u5638/Y
[WARNING RSZ-0075] makeBufferedNet failed for driver gain290/Y
[WARNING RSZ-0075] makeBufferedNet failed for driver gain480/Y
[WARNING RSZ-0075] makeBufferedNet failed for driver u5652/Y
[WARNING RSZ-0075] makeBufferedNet failed for driver u8004/Y
[WARNING RSZ-0075] makeBufferedNet failed for driver u5837/Y
[WARNING RSZ-0075] makeBufferedNet failed for driver u5638/Y
[WARNING RSZ-0075] makeBufferedNet failed for driver gain290/Y
[WARNING RSZ-0075] makeBufferedNet failed for driver gain480/Y
[WARNING RSZ-0075] makeBufferedNet failed for driver u5652/Y
[WARNING RSZ-0075] makeBufferedNet failed for driver u5818/Y
[WARNING RSZ-0075] makeBufferedNet failed for driver gain752/Y
[WARNING RSZ-0075] makeBufferedNet failed for driver u8004/Y
[WARNING RSZ-0075] makeBufferedNet failed for driver u5837/Y
[WARNING RSZ-0075] makeBufferedNet failed for driver u5638/Y
[WARNING RSZ-0075] makeBufferedNet failed for driver gain753/Y
[WARNING RSZ-0075] makeBufferedNet failed for driver gain290/Y
[WARNING RSZ-0075] makeBufferedNet failed for driver gain480/Y
[WARNING RSZ-0075] makeBufferedNet failed for driver u5652/Y
[WARNING RSZ-0075] makeBufferedNet failed for driver u5818/Y
[WARNING RSZ-0075] makeBufferedNet failed for driver gain752/Y
[WARNING RSZ-0075] makeBufferedNet failed for driver u8004/Y
[WARNING RSZ-0075] makeBufferedNet failed for driver u5837/Y
[WARNING RSZ-0075] makeBufferedNet failed for driver u8004/Y
[WARNING RSZ-0075] makeBufferedNet failed for driver u5837/Y
[WARNING RSZ-0075] makeBufferedNet failed for driver u5638/Y
[WARNING RSZ-0075] makeBufferedNet failed for driver gain753/Y
[WARNING RSZ-0075] makeBufferedNet failed for driver gain290/Y
[WARNING RSZ-0075] makeBufferedNet failed for driver gain480/Y
[WARNING RSZ-0075] makeBufferedNet failed for driver u5652/Y
[WARNING RSZ-0075] makeBufferedNet failed for driver u5818/Y
[WARNING RSZ-0075] makeBufferedNet failed for driver u8004/Y
[WARNING RSZ-0075] makeBufferedNet failed for driver u5837/Y
[WARNING RSZ-0075] makeBufferedNet failed for driver u5638/Y
[WARNING RSZ-0075] makeBufferedNet failed for driver gain753/Y
[WARNING RSZ-0075] makeBufferedNet failed for driver gain290/Y
[WARNING RSZ-0075] makeBufferedNet failed for driver gain480/Y
[WARNING RSZ-0075] makeBufferedNet failed for driver u5652/Y
[WARNING RSZ-0075] makeBufferedNet failed for driver u8006/Y
[WARNING RSZ-0075] makeBufferedNet failed for driver u5818/Y
[WARNING RSZ-0075] makeBufferedNet failed for driver gain125/Y
[WARNING RSZ-0075] makeBufferedNet failed for driver u8004/Y
[WARNING RSZ-0075] makeBufferedNet failed for driver u5837/Y
[WARNING RSZ-0075] makeBufferedNet failed for driver u5638/Y
[WARNING RSZ-0075] makeBufferedNet failed for driver gain753/Y
[WARNING RSZ-0075] makeBufferedNet failed for driver gain290/Y
[WARNING RSZ-0075] makeBufferedNet failed for driver gain480/Y
[WARNING RSZ-0075] makeBufferedNet failed for driver u5652/Y
[WARNING RSZ-0075] makeBufferedNet failed for driver u5818/Y
[WARNING RSZ-0075] makeBufferedNet failed for driver u8006/Y
[WARNING RSZ-0075] makeBufferedNet failed for driver gain125/Y
[WARNING RSZ-0075] makeBufferedNet failed for driver u8004/Y
[WARNING RSZ-0075] makeBufferedNet failed for driver u5837/Y
[WARNING RSZ-0075] makeBufferedNet failed for driver u5638/Y
[WARNING RSZ-0075] makeBufferedNet failed for driver gain753/Y
[WARNING RSZ-0075] makeBufferedNet failed for driver gain290/Y
[WARNING RSZ-0075] makeBufferedNet failed for driver gain480/Y
[WARNING RSZ-0075] makeBufferedNet failed for driver u5652/Y
[WARNING RSZ-0075] makeBufferedNet failed for driver u5818/Y
[WARNING RSZ-0075] makeBufferedNet failed for driver u8006/Y
[WARNING RSZ-0075] makeBufferedNet failed for driver gain125/Y
[WARNING RSZ-0075] makeBufferedNet failed for driver u5817/Y
[WARNING RSZ-0075] makeBufferedNet failed for driver gain752/Y
[WARNING RSZ-0075] makeBufferedNet failed for driver u8004/Y
[WARNING RSZ-0075] makeBufferedNet failed for driver u5837/Y
[WARNING RSZ-0075] makeBufferedNet failed for driver u5638/Y
[WARNING RSZ-0075] makeBufferedNet failed for driver gain753/Y
[WARNING RSZ-0075] makeBufferedNet failed for driver gain290/Y
[WARNING RSZ-0075] makeBufferedNet failed for driver u5652/Y
[WARNING RSZ-0075] makeBufferedNet failed for driver u5818/Y
[WARNING RSZ-0075] makeBufferedNet failed for driver u8006/Y
[WARNING RSZ-0075] makeBufferedNet failed for driver gain480/Y
[WARNING RSZ-0075] makeBufferedNet failed for driver gain125/Y
[WARNING RSZ-0075] makeBufferedNet failed for driver u5817/Y
[WARNING RSZ-0075] makeBufferedNet failed for driver gain752/Y
[WARNING RSZ-0075] makeBufferedNet failed for driver u8004/Y
[WARNING RSZ-0075] makeBufferedNet failed for driver u5837/Y
[WARNING RSZ-0075] makeBufferedNet failed for driver u5638/Y
[WARNING RSZ-0075] makeBufferedNet failed for driver gain753/Y
[WARNING RSZ-0075] makeBufferedNet failed for driver gain290/Y
[WARNING RSZ-0075] makeBufferedNet failed for driver u5652/Y
[WARNING RSZ-0075] makeBufferedNet failed for driver u5818/Y
[WARNING RSZ-0075] makeBufferedNet failed for driver u8006/Y
[WARNING RSZ-0075] makeBufferedNet failed for driver gain480/Y
[WARNING RSZ-0075] makeBufferedNet failed for driver gain125/Y
[WARNING RSZ-0075] makeBufferedNet failed for driver u5817/Y
[WARNING RSZ-0075] makeBufferedNet failed for driver gain752/Y
[WARNING RSZ-0075] makeBufferedNet failed for driver u8004/Y
[WARNING RSZ-0075] makeBufferedNet failed for driver u5837/Y
[WARNING RSZ-0075] makeBufferedNet failed for driver u5638/Y
[WARNING RSZ-0075] makeBufferedNet failed for driver gain753/Y
[WARNING RSZ-0075] makeBufferedNet failed for driver gain290/Y
[WARNING RSZ-0075] makeBufferedNet failed for driver u5652/Y
[WARNING RSZ-0075] makeBufferedNet failed for driver u5818/Y
[WARNING RSZ-0075] makeBufferedNet failed for driver u8006/Y
[WARNING RSZ-0075] makeBufferedNet failed for driver gain480/Y
[WARNING RSZ-0075] makeBufferedNet failed for driver gain125/Y
[WARNING RSZ-0075] makeBufferedNet failed for driver gain752/Y
[WARNING RSZ-0075] makeBufferedNet failed for driver u5817/Y
[WARNING RSZ-0075] makeBufferedNet failed for driver u8004/Y
[WARNING RSZ-0075] makeBufferedNet failed for driver u5837/Y
[WARNING RSZ-0075] makeBufferedNet failed for driver u5638/Y
[WARNING RSZ-0075] makeBufferedNet failed for driver gain753/Y
[WARNING RSZ-0075] makeBufferedNet failed for driver gain290/Y
[WARNING RSZ-0075] makeBufferedNet failed for driver u5652/Y
[WARNING RSZ-0075] makeBufferedNet failed for driver u5818/Y
[WARNING RSZ-0075] makeBufferedNet failed for driver u8006/Y
[WARNING RSZ-0075] makeBufferedNet failed for driver gain480/Y
[WARNING RSZ-0075] makeBufferedNet failed for driver gain125/Y
[WARNING RSZ-0075] makeBufferedNet failed for driver gain752/Y
[WARNING RSZ-0075] makeBufferedNet failed for driver u5817/Y
[WARNING RSZ-0075] makeBufferedNet failed for driver u8004/Y
[WARNING RSZ-0075] makeBufferedNet failed for driver u5837/Y
[WARNING RSZ-0075] makeBufferedNet failed for driver u5638/Y
[WARNING RSZ-0075] makeBufferedNet failed for driver gain753/Y
[WARNING RSZ-0075] makeBufferedNet failed for driver gain290/Y
[WARNING RSZ-0075] makeBufferedNet failed for driver u5652/Y
[WARNING RSZ-0075] makeBufferedNet failed for driver u5818/Y
[WARNING RSZ-0075] makeBufferedNet failed for driver u8006/Y
[WARNING RSZ-0075] makeBufferedNet failed for driver gain480/Y
[WARNING RSZ-0075] makeBufferedNet failed for driver gain125/Y
[WARNING RSZ-0075] makeBufferedNet failed for driver gain752/Y
[WARNING RSZ-0075] makeBufferedNet failed for driver u5817/Y
[WARNING RSZ-0075] makeBufferedNet failed for driver u8004/Y
[WARNING RSZ-0075] makeBufferedNet failed for driver u5837/Y
[WARNING RSZ-0075] makeBufferedNet failed for driver u5638/Y
[WARNING RSZ-0075] makeBufferedNet failed for driver gain753/Y
[WARNING RSZ-0075] makeBufferedNet failed for driver gain290/Y
[WARNING RSZ-0075] makeBufferedNet failed for driver u5652/Y
[WARNING RSZ-0075] makeBufferedNet failed for driver u5818/Y
[WARNING RSZ-0075] makeBufferedNet failed for driver u8006/Y
[WARNING RSZ-0075] makeBufferedNet failed for driver gain480/Y
[WARNING RSZ-0075] makeBufferedNet failed for driver gain125/Y
[WARNING RSZ-0075] makeBufferedNet failed for driver gain752/Y
[WARNING RSZ-0075] makeBufferedNet failed for driver u5817/Y
[WARNING RSZ-0075] makeBufferedNet failed for driver u5573/Y
[WARNING RSZ-0075] makeBufferedNet failed for driver u8004/Y
[WARNING RSZ-0075] makeBufferedNet failed for driver u5837/Y
[WARNING RSZ-0075] makeBufferedNet failed for driver u5638/Y
[WARNING RSZ-0075] makeBufferedNet failed for driver gain753/Y
[WARNING RSZ-0075] makeBufferedNet failed for driver gain290/Y
[WARNING RSZ-0075] makeBufferedNet failed for driver u5652/Y
[WARNING RSZ-0075] makeBufferedNet failed for driver u5818/Y
[WARNING RSZ-0075] makeBufferedNet failed for driver u8006/Y
[WARNING RSZ-0075] makeBufferedNet failed for driver gain480/Y
[WARNING RSZ-0075] makeBufferedNet failed for driver gain125/Y
[WARNING RSZ-0075] makeBufferedNet failed for driver gain752/Y
[WARNING RSZ-0075] makeBufferedNet failed for driver u5817/Y
[WARNING RSZ-0075] makeBufferedNet failed for driver u5573/Y
[WARNING RSZ-0075] makeBufferedNet failed for driver gain598/Y
[WARNING RSZ-0075] makeBufferedNet failed for driver gain622/Y
[WARNING RSZ-0075] makeBufferedNet failed for driver gain49/Y
[WARNING RSZ-0075] makeBufferedNet failed for driver gain239/Y
[WARNING RSZ-0075] makeBufferedNet failed for driver u1087/Y
[WARNING RSZ-0075] makeBufferedNet failed for driver u1219/Y
[WARNING RSZ-0075] makeBufferedNet failed for driver gain381/Y
[WARNING RSZ-0075] makeBufferedNet failed for driver u8545/Y
[WARNING RSZ-0075] makeBufferedNet failed for driver u988/Y
[WARNING RSZ-0075] makeBufferedNet failed for driver gain621/Y
[WARNING RSZ-0075] makeBufferedNet failed for driver gain139/Y
[WARNING RSZ-0075] makeBufferedNet failed for driver gain235/Y
[WARNING RSZ-0075] makeBufferedNet failed for driver gain598/Y
[WARNING RSZ-0075] makeBufferedNet failed for driver gain366/Y
[WARNING RSZ-0075] makeBufferedNet failed for driver gain622/Y
[WARNING RSZ-0075] makeBufferedNet failed for driver gain49/Y
[WARNING RSZ-0075] makeBufferedNet failed for driver gain239/Y
[WARNING RSZ-0075] makeBufferedNet failed for driver u1087/Y
[WARNING RSZ-0075] makeBufferedNet failed for driver u1219/Y
[WARNING RSZ-0075] makeBufferedNet failed for driver gain381/Y
[WARNING RSZ-0075] makeBufferedNet failed for driver u8545/Y
[WARNING RSZ-0075] makeBufferedNet failed for driver u988/Y
[WARNING RSZ-0075] makeBufferedNet failed for driver gain621/Y
[WARNING RSZ-0075] makeBufferedNet failed for driver gain139/Y
[WARNING RSZ-0075] makeBufferedNet failed for driver gain235/Y
[WARNING RSZ-0075] makeBufferedNet failed for driver gain622/Y
[WARNING RSZ-0075] makeBufferedNet failed for driver gain49/Y
[WARNING RSZ-0075] makeBufferedNet failed for driver gain239/Y
[WARNING RSZ-0075] makeBufferedNet failed for driver u1087/Y
[WARNING RSZ-0075] makeBufferedNet failed for driver u1219/Y
[WARNING RSZ-0075] makeBufferedNet failed for driver gain381/Y
[WARNING RSZ-0075] makeBufferedNet failed for driver u8545/Y
[WARNING RSZ-0075] makeBufferedNet failed for driver u988/Y
[WARNING RSZ-0075] makeBufferedNet failed for driver gain621/Y
[WARNING RSZ-0075] makeBufferedNet failed for driver gain139/Y
[WARNING RSZ-0075] makeBufferedNet failed for driver gain235/Y
[WARNING RSZ-0075] makeBufferedNet failed for driver u973/Y
[WARNING RSZ-0075] message limit (1000) reached. This message will no longer print.
    1330* |       0 |     323 |        0 |    108 |   488 |    +2.4% |  -43.299 |    -1315.8 |    -1364.3 |    150 | u983/D
    1330+ |       0 |     323 |        0 |    108 |   488 |    +2.4% |  -43.299 |    -1315.8 |    -1364.3 |     94 | u983/D
    final |       0 |     329 |        0 |    108 |   491 |    +2.4% |  -43.299 |    -1312.5 |    -1356.9 |     92 | u983/D
------------------------------------------------------------------------------------------------------------------------------
[INFO RSZ-0051] Resized 329 instances: 329 up, 0 up match, 0 down, 0 VT
[INFO RSZ-0043] Swapped pins on 491 instances.
[INFO RSZ-0049] Cloned 108 instances.
[WARNING RSZ-0062] Unable to repair all setup violations.
[INFO RSZ-0505] Runtime: 28.98s
C6_DONE mode=repair_timing seed=1
Elapsed time: 0:32.94[h:]min:sec. CPU time: user 22.11 sys 4.36 (80%). Peak memory: 247544KB.
make_exit=0
