OpenROAD unknown 
Features included (+) or not (-): -GPU +GUI -Python
This program is licensed under the BSD-3 license. See the LICENSE file for details.
Components of this program may be licensed under more restrictive licenses which must be honored.
[INFO ORD-0030] Using 1 thread(s).
SIGNOFF_WS corner=ss setup=-7.395235979146264e-9 hold=2.4678026289137733e-10
SIGNOFF_SETUP_PATH_BEGIN
Startpoint: ln_49/_1_ (rising edge-triggered flip-flop clocked by clk)
Endpoint: row29/_644_ (rising edge-triggered flip-flop clocked by clk)
Path Group: clk
Path Type: max

Fanout       Cap      Slew     Delay      Time   Description
-------------------------------------------------------------------------------------
                              0.0000    0.0000   clock clk (rise edge)
                              1.7783    1.7783   clock network delay (propagated)
                    0.1004    0.0000    1.7783 ^ ln_49/_1_/CLK (sky130_fd_sc_hd__dfxtp_1)
     2    0.0324    0.4838    0.9448    2.7232 ^ ln_49/_1_/Q (sky130_fd_sc_hd__dfxtp_1)
                                                 lp49 (net)
     1    0.0513    0.7612    0.7997    3.5229 v ln_49/_0_/Y (sky130_fd_sc_hd__clkinv_1)
                                                 ln49 (net)
    33    0.1720    0.3768    0.8434    4.3663 v lt_ln49/Z (LTAP)
                                                 pgm_ln49 (net)
     2    0.0080    0.1075    0.3372    4.7035 v vs_29_49/Z (VSITE_BUF)
                                                 lf_29_49 (net)
     1    0.0046    0.1163    0.2404    4.9439 v row29/_549_/Y (sky130_fd_sc_hd__xnor2_1)
                                                 row29/_246_ (net)
     2    0.0095    0.4034    0.3997    5.3436 ^ row29/_550_/Y (sky130_fd_sc_hd__xnor2_1)
                                                 row29/_247_ (net)
     1    0.0055    0.2710    0.3423    5.6859 ^ row29/_551_/Y (sky130_fd_sc_hd__xnor2_1)
                                                 row29/_248_ (net)
     2    0.0089    0.1847    0.2642    5.9501 v row29/_552_/Y (sky130_fd_sc_hd__xnor2_1)
                                                 row29/_249_ (net)
     2    0.0104    0.2163    0.8991    6.8492 v row29/_569_/X (sky130_fd_sc_hd__maj3_1)
                                                 row29/_259_ (net)
     3    0.0109    0.2105    0.3783    7.2275 v row29/_572_/Y (sky130_fd_sc_hd__xnor2_1)
                                                 row29/_262_ (net)
     2    0.0584    2.7600    2.1601    9.3876 ^ row29/_573_/Y (sky130_fd_sc_hd__nor3_1)
                                                 row29/g48_6[3] (net)
     1    0.0458    1.3774    1.9815   11.3690 v row29/_575_/Y (sky130_fd_sc_hd__o21ai_0)
                                                 row29/g48_6[2] (net)
                    1.3774    0.0020   11.3711 v row29/_644_/D (sky130_fd_sc_hd__dfxtp_1)
                                       11.3711   data arrival time

                              3.0000    3.0000   clock clk (rise edge)
                              1.7818    4.7818   clock network delay (propagated)
                              0.0000    4.7818   clock reconvergence pessimism
                                        4.7818 ^ row29/_644_/CLK (sky130_fd_sc_hd__dfxtp_1)
                             -0.8060    3.9758   library setup time
                                        3.9758   data required time
-------------------------------------------------------------------------------------
                                        3.9758   data required time
                                      -11.3711   data arrival time
-------------------------------------------------------------------------------------
                                       -7.3952   slack (VIOLATED)


SIGNOFF_SETUP_PATH_END
SIGNOFF_HOLD_PATH_BEGIN
Startpoint: x[40] (input port clocked by clk)
Endpoint: ln_40/_1_ (rising edge-triggered flip-flop clocked by clk)
Path Group: clk
Path Type: min

    Delay      Time   Description
-------------------------------------------------------------
   0.0000    0.0000   clock clk (rise edge)
   0.0000    0.0000   clock network delay (propagated)
   0.0000    0.0000 ^ input external delay
   0.0000    0.0000 ^ x[40] (in)
                      x[40] (net)
   1.1080    1.1080 ^ hold7243/X (sky130_fd_sc_hd__dlygate4sd3_1)
                      net7243 (net)
   0.8605    1.9686 ^ input36/X (sky130_fd_sc_hd__clkdlybuf4s50_1)
                      net36 (net)
   0.0001    1.9687 ^ ln_40/_1_/D (sky130_fd_sc_hd__dfxtp_1)
             1.9687   data arrival time

   0.0000    0.0000   clock clk (rise edge)
   1.7942    1.7942   clock network delay (propagated)
   0.0000    1.7942   clock reconvergence pessimism
             1.7942 ^ ln_40/_1_/CLK (sky130_fd_sc_hd__dfxtp_1)
  -0.0723    1.7219   library hold time
             1.7219   data required time
-------------------------------------------------------------
             1.7219   data required time
            -1.9687   data arrival time
-------------------------------------------------------------
             0.2468   slack (MET)


SIGNOFF_HOLD_PATH_END
SIGNOFF_PROG_WS setup=-7.395235979146264e-9
SIGNOFF_PROG_PATH_BEGIN
Startpoint: ln_49/_1_ (rising edge-triggered flip-flop clocked by clk)
Endpoint: row29/_644_ (rising edge-triggered flip-flop clocked by clk)
Path Group: clk
Path Type: max

Fanout       Cap      Slew     Delay      Time   Description
-------------------------------------------------------------------------------------
                              0.0000    0.0000   clock clk (rise edge)
                              1.7783    1.7783   clock network delay (propagated)
                    0.1004    0.0000    1.7783 ^ ln_49/_1_/CLK (sky130_fd_sc_hd__dfxtp_1)
     2    0.0324    0.4838    0.9448    2.7232 ^ ln_49/_1_/Q (sky130_fd_sc_hd__dfxtp_1)
                                                 lp49 (net)
     1    0.0513    0.7612    0.7997    3.5229 v ln_49/_0_/Y (sky130_fd_sc_hd__clkinv_1)
                                                 ln49 (net)
    33    0.1720    0.3768    0.8434    4.3663 v lt_ln49/Z (LTAP)
                                                 pgm_ln49 (net)
     2    0.0080    0.1075    0.3372    4.7035 v vs_29_49/Z (VSITE_BUF)
                                                 lf_29_49 (net)
     1    0.0046    0.1163    0.2404    4.9439 v row29/_549_/Y (sky130_fd_sc_hd__xnor2_1)
                                                 row29/_246_ (net)
     2    0.0095    0.4034    0.3997    5.3436 ^ row29/_550_/Y (sky130_fd_sc_hd__xnor2_1)
                                                 row29/_247_ (net)
     1    0.0055    0.2710    0.3423    5.6859 ^ row29/_551_/Y (sky130_fd_sc_hd__xnor2_1)
                                                 row29/_248_ (net)
     2    0.0089    0.1847    0.2642    5.9501 v row29/_552_/Y (sky130_fd_sc_hd__xnor2_1)
                                                 row29/_249_ (net)
     2    0.0104    0.2163    0.8991    6.8492 v row29/_569_/X (sky130_fd_sc_hd__maj3_1)
                                                 row29/_259_ (net)
     3    0.0109    0.2105    0.3783    7.2275 v row29/_572_/Y (sky130_fd_sc_hd__xnor2_1)
                                                 row29/_262_ (net)
     2    0.0584    2.7600    2.1601    9.3876 ^ row29/_573_/Y (sky130_fd_sc_hd__nor3_1)
                                                 row29/g48_6[3] (net)
     1    0.0458    1.3774    1.9815   11.3690 v row29/_575_/Y (sky130_fd_sc_hd__o21ai_0)
                                                 row29/g48_6[2] (net)
                    1.3774    0.0020   11.3711 v row29/_644_/D (sky130_fd_sc_hd__dfxtp_1)
                                       11.3711   data arrival time

                              3.0000    3.0000   clock clk (rise edge)
                              1.7818    4.7818   clock network delay (propagated)
                              0.0000    4.7818   clock reconvergence pessimism
                                        4.7818 ^ row29/_644_/CLK (sky130_fd_sc_hd__dfxtp_1)
                             -0.8060    3.9758   library setup time
                                        3.9758   data required time
-------------------------------------------------------------------------------------
                                        3.9758   data required time
                                      -11.3711   data arrival time
-------------------------------------------------------------------------------------
                                       -7.3952   slack (VIOLATED)


SIGNOFF_PROG_PATH_END
SIGNOFF_SLEW tap_input_max=1.039689 tap_input_pin=lt_ln56/A site_input_max=0.926998 site_input_pin=vs_0_30/A
SIGNOFF_SPINE_DRIVERS sky130_fd_sc_hd__clkinv_1 64 sky130_fd_sc_hd__dfxtp_1 64
