[  3%] Building CXX object third-party/mockturtle/lib/abcsat/CMakeFiles/libabcsat.dir/AbcGlucose.cpp.o
[  6%] Building CXX object third-party/mockturtle/lib/abcesop/CMakeFiles/libabcesop.dir/exor.cpp.o
[ 10%] Building CXX object third-party/mockturtle/lib/abcesop/CMakeFiles/libabcesop.dir/exorBits.cpp.o
[ 13%] Building CXX object third-party/mockturtle/lib/abcesop/CMakeFiles/libabcesop.dir/exorCubes.cpp.o
[ 17%] Building CXX object third-party/mockturtle/lib/abcsat/CMakeFiles/libabcsat.dir/Glucose.cpp.o
[ 20%] Building CXX object third-party/mockturtle/lib/abcesop/CMakeFiles/libabcesop.dir/exorLink.cpp.o
[ 24%] Building CXX object third-party/mockturtle/lib/abcsat/CMakeFiles/libabcsat.dir/SimpSolver.cpp.o
[ 27%] Building CXX object third-party/mockturtle/lib/abcesop/CMakeFiles/libabcesop.dir/exorList.cpp.o
[ 31%] Building CXX object third-party/mockturtle/lib/abcesop/CMakeFiles/libabcesop.dir/exorUtil.cpp.o
[ 34%] Linking CXX static library liblibabcesop.a
[ 34%] Built target libabcesop
[ 37%] Building CXX object third-party/mockturtle/lib/abcsat/CMakeFiles/libabcsat.dir/satSolver.cpp.o
[ 41%] Building CXX object third-party/mockturtle/lib/abcsat/CMakeFiles/libabcsat.dir/satStore.cpp.o
[ 44%] Linking CXX static library liblibabcsat.a
[ 44%] Built target libabcsat
[ 48%] Building CXX object CMakeFiles/orig_ds_it05.dir/variants/ds_it05/main.cpp.o
[ 51%] Building CXX object CMakeFiles/orig_ds_it12.dir/variants/ds_it12/main.cpp.o
[ 55%] Building CXX object CMakeFiles/orig_ds_it15.dir/variants/ds_it15/main.cpp.o
[ 58%] Linking CXX executable orig_ds_it05
[ 58%] Built target orig_ds_it05
[ 62%] Building CXX object third-party/mockturtle/examples/CMakeFiles/cut_enumeration.dir/cut_enumeration.cpp.o
[ 65%] Linking CXX executable orig_ds_it12
[ 65%] Built target orig_ds_it12
[ 68%] Building CXX object third-party/mockturtle/examples/CMakeFiles/draw.dir/draw.cpp.o
[ 72%] Linking CXX executable orig_ds_it15
[ 72%] Built target orig_ds_it15
[ 75%] Building CXX object third-party/mockturtle/examples/CMakeFiles/fuzz.dir/fuzz.cpp.o
/tmp/c1ds/third-party/mockturtle/examples/draw.cpp: In function 'int main(int, char**)':
/tmp/c1ds/third-party/mockturtle/examples/draw.cpp:53:14: warning: ignoring return value of 'int system(const char*)' declared with attribute 'warn_unused_result' [-Wunused-result]
   53 |   std::system( fmt::format( "dot -Tpng -o {}.png {}.dot", filename_trimed, filename_trimed ).c_str() );
      |   ~~~~~~~~~~~^~~~~~~~~~~~~~~~~~~~~~~~~~~~~~~~~~~~~~~~~~~~~~~~~~~~~~~~~~~~~~~~~~~~~~~~~~~~~~~~~~~~~~~~~
/tmp/c1ds/third-party/mockturtle/examples/draw.cpp:54:14: warning: ignoring return value of 'int system(const char*)' declared with attribute 'warn_unused_result' [-Wunused-result]
   54 |   std::system( fmt::format( "rm {}.dot", filename_trimed ).c_str() );
      |   ~~~~~~~~~~~^~~~~~~~~~~~~~~~~~~~~~~~~~~~~~~~~~~~~~~~~~~~~~~~~~~~~~~
/tmp/c1ds/third-party/mockturtle/examples/draw.cpp:55:14: warning: ignoring return value of 'int system(const char*)' declared with attribute 'warn_unused_result' [-Wunused-result]
   55 |   std::system( fmt::format( "open {}.png", filename_trimed ).c_str() );
      |   ~~~~~~~~~~~^~~~~~~~~~~~~~~~~~~~~~~~~~~~~~~~~~~~~~~~~~~~~~~~~~~~~~~~~
[ 79%] Linking CXX executable draw
[ 79%] Built target draw
[ 82%] Building CXX object third-party/mockturtle/examples/CMakeFiles/fuzz_abc.dir/fuzz_abc.cpp.o
[ 86%] Linking CXX executable fuzz
[ 86%] Built target fuzz
[ 89%] Building CXX object third-party/mockturtle/examples/CMakeFiles/minimize.dir/minimize.cpp.o
[ 93%] Linking CXX executable cut_enumeration
[ 93%] Built target cut_enumeration
[ 96%] Linking CXX executable fuzz_abc
[ 96%] Built target fuzz_abc
[100%] Linking CXX executable minimize
[100%] Built target minimize
