[  6%] Building CXX object third-party/mockturtle/lib/abcsat/CMakeFiles/libabcsat.dir/AbcGlucose.cpp.o
[ 20%] Building CXX object third-party/mockturtle/lib/abcesop/CMakeFiles/libabcesop.dir/exor.cpp.o
[ 13%] Building CXX object third-party/mockturtle/lib/abcsat/CMakeFiles/libabcsat.dir/Glucose.cpp.o
[ 33%] Building CXX object third-party/mockturtle/lib/abcsat/CMakeFiles/libabcsat.dir/satSolver.cpp.o
[ 33%] Building CXX object third-party/mockturtle/lib/abcesop/CMakeFiles/libabcesop.dir/exorBits.cpp.o
[ 40%] Building CXX object third-party/mockturtle/lib/abcsat/CMakeFiles/libabcsat.dir/SimpSolver.cpp.o
[ 46%] Building CXX object third-party/mockturtle/lib/abcesop/CMakeFiles/libabcesop.dir/exorCubes.cpp.o
[ 53%] Building CXX object third-party/mockturtle/lib/abcesop/CMakeFiles/libabcesop.dir/exorLink.cpp.o
[ 60%] Building CXX object third-party/mockturtle/lib/abcsat/CMakeFiles/libabcsat.dir/satStore.cpp.o
[ 66%] Building CXX object third-party/mockturtle/lib/abcesop/CMakeFiles/libabcesop.dir/exorUtil.cpp.o
[ 73%] Building CXX object third-party/mockturtle/lib/abcesop/CMakeFiles/libabcesop.dir/exorList.cpp.o
[ 80%] Linking CXX static library liblibabcesop.a
[ 80%] Built target libabcesop
[ 86%] Linking CXX static library liblibabcsat.a
[ 86%] Built target libabcsat
[ 93%] Building CXX object CMakeFiles/drv_ab1.dir/variants/ab1/c1_driver.cpp.o
[100%] Linking CXX executable drv_ab1
[100%] Built target drv_ab1
[ 46%] Built target libabcesop
[ 86%] Built target libabcsat
[ 93%] Building CXX object CMakeFiles/drv_ab2.dir/variants/ab2/c1_driver.cpp.o
[100%] Linking CXX executable drv_ab2
[100%] Built target drv_ab2
