control mutated: EQUIV_ABC_NEQ | Verification failed for at least 1 outputs:  n3407_1 Output n3407_1: Value in Network1 = 0. Value in Net
annealing_repair_s1 :: EQUIV_ABC_PASS | Networks are equivalent.  Time =     2.62 sec  :: 11s
annealing_repair_s2 :: EQUIV_ABC_PASS | Networks are equivalent.  Time =     0.83 sec  :: 7s
annealing_repair_s3 :: EQUIV_ABC_PASS | Networks are equivalent.  Time =     0.75 sec  :: 8s
annealing_s1 :: EQUIV_ABC_PASS | Networks are equivalent.  Time =     3.13 sec  :: 15s
annealing_s2 :: EQUIV_ABC_PASS | Networks are equivalent.  Time =     0.99 sec  :: 11s
annealing_s3 :: EQUIV_ABC_PASS | Networks are equivalent.  Time =     1.03 sec  :: 11s
annealing_s4 :: EQUIV_ABC_PASS | Networks are equivalent.  Time =     3.86 sec  :: 16s
annealing_s5 :: EQUIV_ABC_PASS | Networks are equivalent.  Time =     2.61 sec  :: 10s
genetic_s1 :: EQUIV_ABC_PASS | Networks are equivalent.  Time =     3.27 sec  :: 15s
genetic_s2 :: EQUIV_ABC_PASS | Networks are equivalent.  Time =     1.07 sec  :: 12s
genetic_s3 :: EQUIV_ABC_PASS | Networks are equivalent.  Time =     2.64 sec  :: 11s
none_s1 :: EQUIV_ABC_PASS | Networks are equivalent after structural hashing.  Time =     0.01 sec  :: 10s
repair_timing_s1 :: EQUIV_ABC_PASS | Networks are equivalent.  Time =     0.12 sec  :: 11s
resynth_s1 :: EQUIV_ABC_PASS | Networks are equivalent.  Time =     1.18 sec  :: 14s
unplaced_annealing_s1 :: EQUIV_ABC_PASS | Networks are equivalent.  Time =     1.36 sec  :: 14s
unplaced_annealing_s2 :: EQUIV_ABC_PASS | Networks are equivalent.  Time =     2.67 sec  :: 10s
unplaced_annealing_s3 :: EQUIV_ABC_PASS | Networks are equivalent.  Time =     2.65 sec  :: 11s
unplaced_none_s1 :: EQUIV_ABC_PASS | Networks are equivalent after structural hashing.  Time =     0.01 sec  :: 9s
unplaced_repair_timing_s1 :: EQUIV_ABC_PASS | Networks are equivalent.  Time =     0.21 sec  :: 11s
