OpenROAD unknown 
Features included (+) or not (-): -GPU +GUI -Python
This program is licensed under the BSD-3 license. See the LICENSE file for details.
Components of this program may be licensed under more restrictive licenses which must be honored.
[INFO ORD-0030] Using 1 thread(s).
SIGNOFF_WS corner=ss setup=-9.614775642319273e-10 hold=5.885317788667521e-10
SIGNOFF_SETUP_PATH_BEGIN
Startpoint: stt3_ff (rising edge-triggered flip-flop clocked by clk)
Endpoint: row9/_167_ (rising edge-triggered flip-flop clocked by clk)
Path Group: clk
Path Type: max

Fanout       Cap      Slew     Delay      Time   Description
-------------------------------------------------------------------------------------
                              0.0000    0.0000   clock clk (rise edge)
                              1.6673    1.6673   clock network delay (propagated)
                    0.0931    0.0000    1.6673 ^ stt3_ff/CLK (sky130_fd_sc_hd__dfxtp_4)
    20    0.1556    0.6892    1.1678    2.8351 ^ stt3_ff/Q (sky130_fd_sc_hd__dfxtp_4)
                                                 st_tree (net)
    43    0.2354    1.0142    1.1053    3.9404 ^ place328/X (sky130_fd_sc_hd__buf_4)
                                                 net327 (net)
     2    0.0088    0.2371    0.4897    4.4301 v row9/_114_/Y (sky130_fd_sc_hd__nor2b_1)
                                                 row9/_059_ (net)
     1    0.0044    0.1555    0.8450    5.2751 v row9/_115_/X (sky130_fd_sc_hd__maj3_1)
                                                 row9/_014_ (net)
                    0.1555    0.0001    5.2753 v row9/_167_/D (sky130_fd_sc_hd__dfxtp_1)
                                        5.2753   data arrival time

                              3.0000    3.0000   clock clk (rise edge)
                              1.6141    4.6141   clock network delay (propagated)
                              0.0000    4.6141   clock reconvergence pessimism
                                        4.6141 ^ row9/_167_/CLK (sky130_fd_sc_hd__dfxtp_1)
                             -0.3004    4.3138   library setup time
                                        4.3138   data required time
-------------------------------------------------------------------------------------
                                        4.3138   data required time
                                       -5.2753   data arrival time
-------------------------------------------------------------------------------------
                                       -0.9615   slack (VIOLATED)


SIGNOFF_SETUP_PATH_END
SIGNOFF_HOLD_PATH_BEGIN
Startpoint: x[5] (input port clocked by clk)
Endpoint: gen1/_122_ (rising edge-triggered flip-flop clocked by clk)
Path Group: clk
Path Type: min

    Delay      Time   Description
-------------------------------------------------------------
   0.0000    0.0000   clock clk (rise edge)
   0.0000    0.0000   clock network delay (propagated)
   0.0000    0.0000 ^ input external delay
   0.0000    0.0000 ^ x[5] (in)
                      x[5] (net)
   1.0132    1.0132 ^ hold378/X (sky130_fd_sc_hd__dlygate4sd3_1)
                      net377 (net)
   1.0775    2.0907 ^ input58/X (sky130_fd_sc_hd__clkdlybuf4s50_1)
                      net57 (net)
   0.0006    2.0913 ^ gen1/_122_/D (sky130_fd_sc_hd__dfxtp_1)
             2.0913   data arrival time

   0.0000    0.0000   clock clk (rise edge)
   1.6556    1.6556   clock network delay (propagated)
   0.0000    1.6556   clock reconvergence pessimism
             1.6556 ^ gen1/_122_/CLK (sky130_fd_sc_hd__dfxtp_1)
  -0.1528    1.5028   library hold time
             1.5028   data required time
-------------------------------------------------------------
             1.5028   data required time
            -2.0913   data arrival time
-------------------------------------------------------------
             0.5885   slack (MET)


SIGNOFF_HOLD_PATH_END
SIGNOFF_PROG_WS setup=-8.227480918776564e-10
SIGNOFF_PROG_PATH_BEGIN
Startpoint: ng15_1/_7_ (rising edge-triggered flip-flop clocked by clk)
Endpoint: row39/_158_ (rising edge-triggered flip-flop clocked by clk)
Path Group: clk
Path Type: max

Fanout       Cap      Slew     Delay      Time   Description
-------------------------------------------------------------------------------------
                              0.0000    0.0000   clock clk (rise edge)
                              1.7081    1.7081   clock network delay (propagated)
                    0.0947    0.0000    1.7081 ^ ng15_1/_7_/CLK (sky130_fd_sc_hd__dfxtp_1)
     4    0.0871    1.2736    1.4874    3.1955 ^ ng15_1/_7_/Q (sky130_fd_sc_hd__dfxtp_1)
                                                 pp15_1 (net)
     4    0.0312    0.1680    0.6900    3.8855 ^ lt_pp15_1_s2/Z (LTAP2)
                                                 pgm_pp15_1_s2 (net)
     2    0.0109    0.2178    0.2977    4.1832 ^ vs_39_15/Z (VSITE_BUF)
                                                 lf_39_15 (net)
     1    0.0144    0.2236    1.0061    5.1893 v row39/_104_/X (sky130_fd_sc_hd__xor3_1)
                                                 row39/_039_ (net)
                    0.2236    0.0005    5.1898 v row39/_158_/D (sky130_fd_sc_hd__dfxtp_1)
                                        5.1898   data arrival time

                              3.0000    3.0000   clock clk (rise edge)
                              1.6927    4.6927   clock network delay (propagated)
                              0.0000    4.6927   clock reconvergence pessimism
                                        4.6927 ^ row39/_158_/CLK (sky130_fd_sc_hd__dfxtp_1)
                             -0.3257    4.3671   library setup time
                                        4.3671   data required time
-------------------------------------------------------------------------------------
                                        4.3671   data required time
                                       -5.1898   data arrival time
-------------------------------------------------------------------------------------
                                       -0.8227   slack (VIOLATED)


SIGNOFF_PROG_PATH_END
SIGNOFF_SLEW tap_input_max=1.594178 tap_input_pin=lt_pn12_5_s0/A site_input_max=0.197596 site_input_pin=vs_37_5/A
SIGNOFF_SPINE_DRIVERS sky130_fd_sc_hd__dfxtp_1 2192
