OpenROAD unknown 
Features included (+) or not (-): -GPU +GUI -Python
This program is licensed under the BSD-3 license. See the LICENSE file for details.
Components of this program may be licensed under more restrictive licenses which must be honored.
[INFO ORD-0030] Using 1 thread(s).
SIGNOFF_WS corner=tt setup=9.712914916804039e-10 hold=2.6486868254238516e-10
SIGNOFF_SETUP_PATH_BEGIN
Startpoint: row47/_126_ (rising edge-triggered flip-flop clocked by clk)
Endpoint: y[47] (output port clocked by clk)
Path Group: clk
Path Type: max

Fanout       Cap      Slew     Delay      Time   Description
-------------------------------------------------------------------------------------
                              0.0000    0.0000   clock clk (rise edge)
                              0.9924    0.9924   clock network delay (propagated)
                    0.0581    0.0000    0.9924 ^ row47/_126_/CLK (sky130_fd_sc_hd__dfxtp_1)
     2    0.0337    0.3176    0.5015    1.4939 ^ row47/_126_/Q (sky130_fd_sc_hd__dfxtp_1)
                                                 net106 (net)
     1    0.0012    0.0337    0.5348    2.0287 ^ output107/X (sky130_fd_sc_hd__clkdlybuf4s50_1)
                                                 y[47] (net)
                    0.0337    0.0000    2.0287 ^ y[47] (out)
                                        2.0287   data arrival time

                              3.0000    3.0000   clock clk (rise edge)
                              0.0000    3.0000   clock network delay (propagated)
                              0.0000    3.0000   clock reconvergence pessimism
                              0.0000    3.0000   output external delay
                                        3.0000   data required time
-------------------------------------------------------------------------------------
                                        3.0000   data required time
                                       -2.0287   data arrival time
-------------------------------------------------------------------------------------
                                        0.9713   slack (MET)


SIGNOFF_SETUP_PATH_END
SIGNOFF_HOLD_PATH_BEGIN
Startpoint: x[5] (input port clocked by clk)
Endpoint: gen1/_122_ (rising edge-triggered flip-flop clocked by clk)
Path Group: clk
Path Type: min

    Delay      Time   Description
-------------------------------------------------------------
   0.0000    0.0000   clock clk (rise edge)
   0.0000    0.0000   clock network delay (propagated)
   0.0000    0.0000 v input external delay
   0.0000    0.0000 v x[5] (in)
                      x[5] (net)
   0.5337    0.5337 v hold378/X (sky130_fd_sc_hd__dlygate4sd3_1)
                      net377 (net)
   0.5817    1.1154 v input58/X (sky130_fd_sc_hd__clkdlybuf4s50_1)
                      net57 (net)
   0.0006    1.1160 v gen1/_122_/D (sky130_fd_sc_hd__dfxtp_1)
             1.1160   data arrival time

   0.0000    0.0000   clock clk (rise edge)
   0.9778    0.9778   clock network delay (propagated)
   0.0000    0.9778   clock reconvergence pessimism
             0.9778 ^ gen1/_122_/CLK (sky130_fd_sc_hd__dfxtp_1)
  -0.1266    0.8512   library hold time
             0.8512   data required time
-------------------------------------------------------------
             0.8512   data required time
            -1.1160   data arrival time
-------------------------------------------------------------
             0.2649   slack (MET)


SIGNOFF_HOLD_PATH_END
SIGNOFF_PROG_WS setup=1.0479266343565996e-9
SIGNOFF_PROG_PATH_BEGIN
Startpoint: ng15_1/_7_ (rising edge-triggered flip-flop clocked by clk)
Endpoint: row39/_158_ (rising edge-triggered flip-flop clocked by clk)
Path Group: clk
Path Type: max

Fanout       Cap      Slew     Delay      Time   Description
-------------------------------------------------------------------------------------
                              0.0000    0.0000   clock clk (rise edge)
                              1.0099    1.0099   clock network delay (propagated)
                    0.0626    0.0000    1.0099 ^ ng15_1/_7_/CLK (sky130_fd_sc_hd__dfxtp_1)
     4    0.0871    0.8075    0.8339    1.8438 ^ ng15_1/_7_/Q (sky130_fd_sc_hd__dfxtp_1)
                                                 pp15_1 (net)
     4    0.0315    0.1057    0.3057    2.1495 ^ lt_pp15_1_s2/Z (LTAP2)
                                                 pgm_pp15_1_s2 (net)
     2    0.0110    0.1362    0.1629    2.3124 ^ vs_39_15/Z (VSITE_BUF)
                                                 lf_39_15 (net)
     1    0.0144    0.1252    0.4973    2.8097 v row39/_104_/X (sky130_fd_sc_hd__xor3_1)
                                                 row39/_039_ (net)
                    0.1252    0.0006    2.8103 v row39/_158_/D (sky130_fd_sc_hd__dfxtp_1)
                                        2.8103   data arrival time

                              3.0000    3.0000   clock clk (rise edge)
                              0.9995    3.9995   clock network delay (propagated)
                              0.0000    3.9995   clock reconvergence pessimism
                                        3.9995 ^ row39/_158_/CLK (sky130_fd_sc_hd__dfxtp_1)
                             -0.1413    3.8582   library setup time
                                        3.8582   data required time
-------------------------------------------------------------------------------------
                                        3.8582   data required time
                                       -2.8103   data arrival time
-------------------------------------------------------------------------------------
                                        1.0479   slack (MET)


SIGNOFF_PROG_PATH_END
SIGNOFF_SLEW tap_input_max=1.012719 tap_input_pin=lt_pn12_5_s0/A site_input_max=0.123401 site_input_pin=vs_37_5/A
SIGNOFF_SPINE_DRIVERS sky130_fd_sc_hd__dfxtp_1 2192
