OpenROAD unknown 
Features included (+) or not (-): -GPU +GUI -Python
This program is licensed under the BSD-3 license. See the LICENSE file for details.
Components of this program may be licensed under more restrictive licenses which must be honored.
[INFO ORD-0030] Using 1 thread(s).
SIGNOFF_WS corner=tt setup=8.875680190811863e-10 hold=2.871429760631372e-10
SIGNOFF_SETUP_PATH_BEGIN
Startpoint: ng21_0/_7_ (rising edge-triggered flip-flop clocked by clk)
Endpoint: row15/_152_ (rising edge-triggered flip-flop clocked by clk)
Path Group: clk
Path Type: max

Fanout       Cap      Slew     Delay      Time   Description
-------------------------------------------------------------------------------------
                              0.0000    0.0000   clock clk (rise edge)
                              0.9596    0.9596   clock network delay (propagated)
                    0.0596    0.0000    0.9596 ^ ng21_0/_7_/CLK (sky130_fd_sc_hd__dfxtp_1)
     4    0.0733    0.6800    0.7488    1.7084 ^ ng21_0/_7_/Q (sky130_fd_sc_hd__dfxtp_1)
                                                 pp21_0 (net)
     5    0.0271    0.0932    0.2916    1.9999 ^ lt_pp21_0_s0/Z (LTAP2)
                                                 pgm_pp21_0_s0 (net)
     2    0.0185    0.2220    0.2187    2.2186 ^ vs_15_21/Z (VSITE_BUF)
                                                 lf_15_21 (net)
     2    0.0452    0.2612    0.6606    2.8792 v row15/_095_/X (sky130_fd_sc_hd__xor3_1)
                                                 row15/_022_ (net)
                    0.2612    0.0017    2.8809 v row15/_152_/D (sky130_fd_sc_hd__dfxtp_1)
                                        2.8809   data arrival time

                              3.0000    3.0000   clock clk (rise edge)
                              0.9707    3.9707   clock network delay (propagated)
                              0.0000    3.9707   clock reconvergence pessimism
                                        3.9707 ^ row15/_152_/CLK (sky130_fd_sc_hd__dfxtp_1)
                             -0.2022    3.7685   library setup time
                                        3.7685   data required time
-------------------------------------------------------------------------------------
                                        3.7685   data required time
                                       -2.8809   data arrival time
-------------------------------------------------------------------------------------
                                        0.8876   slack (MET)


SIGNOFF_SETUP_PATH_END
SIGNOFF_HOLD_PATH_BEGIN
Startpoint: x[62] (input port clocked by clk)
Endpoint: gen20/_122_ (rising edge-triggered flip-flop clocked by clk)
Path Group: clk
Path Type: min

    Delay      Time   Description
-------------------------------------------------------------
   0.0000    0.0000   clock clk (rise edge)
   0.0000    0.0000   clock network delay (propagated)
   0.0000    0.0000 v input external delay
   0.0000    0.0000 v x[62] (in)
                      x[62] (net)
   0.5332    0.5332 v hold376/X (sky130_fd_sc_hd__dlygate4sd3_1)
                      net375 (net)
   0.5833    1.1164 v input61/X (sky130_fd_sc_hd__clkdlybuf4s50_1)
                      net60 (net)
   0.0009    1.1173 v gen20/_122_/D (sky130_fd_sc_hd__dfxtp_1)
             1.1173   data arrival time

   0.0000    0.0000   clock clk (rise edge)
   0.9574    0.9574   clock network delay (propagated)
   0.0000    0.9574   clock reconvergence pessimism
             0.9574 ^ gen20/_122_/CLK (sky130_fd_sc_hd__dfxtp_1)
  -0.1273    0.8301   library hold time
             0.8301   data required time
-------------------------------------------------------------
             0.8301   data required time
            -1.1173   data arrival time
-------------------------------------------------------------
             0.2871   slack (MET)


SIGNOFF_HOLD_PATH_END
SIGNOFF_PROG_WS setup=8.875680190811863e-10
SIGNOFF_PROG_PATH_BEGIN
Startpoint: ng21_0/_7_ (rising edge-triggered flip-flop clocked by clk)
Endpoint: row15/_152_ (rising edge-triggered flip-flop clocked by clk)
Path Group: clk
Path Type: max

Fanout       Cap      Slew     Delay      Time   Description
-------------------------------------------------------------------------------------
                              0.0000    0.0000   clock clk (rise edge)
                              0.9596    0.9596   clock network delay (propagated)
                    0.0596    0.0000    0.9596 ^ ng21_0/_7_/CLK (sky130_fd_sc_hd__dfxtp_1)
     4    0.0733    0.6800    0.7488    1.7084 ^ ng21_0/_7_/Q (sky130_fd_sc_hd__dfxtp_1)
                                                 pp21_0 (net)
     5    0.0271    0.0932    0.2916    1.9999 ^ lt_pp21_0_s0/Z (LTAP2)
                                                 pgm_pp21_0_s0 (net)
     2    0.0185    0.2220    0.2187    2.2186 ^ vs_15_21/Z (VSITE_BUF)
                                                 lf_15_21 (net)
     2    0.0452    0.2612    0.6606    2.8792 v row15/_095_/X (sky130_fd_sc_hd__xor3_1)
                                                 row15/_022_ (net)
                    0.2612    0.0017    2.8809 v row15/_152_/D (sky130_fd_sc_hd__dfxtp_1)
                                        2.8809   data arrival time

                              3.0000    3.0000   clock clk (rise edge)
                              0.9707    3.9707   clock network delay (propagated)
                              0.0000    3.9707   clock reconvergence pessimism
                                        3.9707 ^ row15/_152_/CLK (sky130_fd_sc_hd__dfxtp_1)
                             -0.2022    3.7685   library setup time
                                        3.7685   data required time
-------------------------------------------------------------------------------------
                                        3.7685   data required time
                                       -2.8809   data arrival time
-------------------------------------------------------------------------------------
                                        0.8876   slack (MET)


SIGNOFF_PROG_PATH_END
SIGNOFF_SLEW tap_input_max=1.319303 tap_input_pin=lt_pn16_4_s3/A site_input_max=0.118448 site_input_pin=vs_16_21/A
SIGNOFF_SPINE_DRIVERS sky130_fd_sc_hd__dfxtp_1 2192
