
==========================================================================
synth report_tns
--------------------------------------------------------------------------
tns max -3397.02

==========================================================================
synth report_wns
--------------------------------------------------------------------------
wns max -59.31

==========================================================================
synth report_worst_slack
--------------------------------------------------------------------------
worst slack max -59.31

==========================================================================
synth report_clock_min_period
--------------------------------------------------------------------------
clk period_min = 439.31 fmax = 2276.27
vclk_clk period_min = 0.00 fmax = inf

==========================================================================
synth report_checks -path_delay min
--------------------------------------------------------------------------
Startpoint: u6981 (rising edge-triggered flip-flop clocked by clk)
Endpoint: u6981 (rising edge-triggered flip-flop clocked by clk)
Path Group: clk
Path Type: min

Fanout     Cap    Slew   Delay    Time   Description
-----------------------------------------------------------------------------
                  0.00    0.00    0.00   clock clk (rise edge)
                         77.93   77.93   clock network delay (ideal)
                  0.00    0.00   77.93 ^ u6981/CLK (DFFHQNx1_ASAP7_75t_R)
     2    1.38   17.02   35.29  113.22 ^ u6981/QN (DFFHQNx1_ASAP7_75t_R)
                                         text_in_r[36] (net)
                 17.02    0.00  113.22 ^ u9869/B2 (OAI22x1_ASAP7_75t_R)
     1    0.55    3.98    7.13  120.36 v u9869/Y (OAI22x1_ASAP7_75t_R)
                                         n6843 (net)
                  3.98    0.00  120.36 v u6981/D (DFFHQNx1_ASAP7_75t_R)
                                120.36   data arrival time

                  0.00    0.00    0.00   clock clk (rise edge)
                         77.93   77.93   clock network delay (ideal)
                          0.00   77.93   clock reconvergence pessimism
                                 77.93 ^ u6981/CLK (DFFHQNx1_ASAP7_75t_R)
                          8.83   86.76   library hold time
                                 86.76   data required time
-----------------------------------------------------------------------------
                                 86.76   data required time
                               -120.36   data arrival time
-----------------------------------------------------------------------------
                                 33.59   slack (MET)


Startpoint: u0 (rising edge-triggered flip-flop clocked by clk)
Endpoint: done (output port clocked by vclk_clk)
Path Group: vclk_clk
Path Type: min

Fanout     Cap    Slew   Delay    Time   Description
-----------------------------------------------------------------------------
                  0.00    0.00    0.00   clock clk (rise edge)
                         77.93   77.93   clock network delay (ideal)
                  0.00    0.00   77.93 ^ u0/CLK (DFFHQNx1_ASAP7_75t_R)
     1    0.00    8.43   27.13  105.06 v u0/QN (DFFHQNx1_ASAP7_75t_R)
                                         done (net)
                  8.43    0.00  105.06 v done (out)
                                105.06   data arrival time

                  0.00    0.00    0.00   clock vclk_clk (rise edge)
                         77.93   77.93   clock network delay (ideal)
                          0.00   77.93   clock reconvergence pessimism
                        -76.00    1.93   output external delay
                                  1.93   data required time
-----------------------------------------------------------------------------
                                  1.93   data required time
                               -105.06   data arrival time
-----------------------------------------------------------------------------
                                103.13   slack (MET)



==========================================================================
synth report_checks -path_delay max
--------------------------------------------------------------------------
Startpoint: u5158 (rising edge-triggered flip-flop clocked by clk)
Endpoint: u983 (rising edge-triggered flip-flop clocked by clk)
Path Group: clk
Path Type: max

Fanout     Cap    Slew   Delay    Time   Description
-----------------------------------------------------------------------------
                  0.00    0.00    0.00   clock clk (rise edge)
                         77.93   77.93   clock network delay (ideal)
                  0.00    0.00   77.93 ^ u5158/CLK (DFFHQNx1_ASAP7_75t_R)
     1    0.69   12.43   32.06  109.99 ^ u5158/QN (DFFHQNx1_ASAP7_75t_R)
                                         sa33[0] (net)
                 12.43    0.00  109.99 ^ gain781/A (BUFx3_ASAP7_75t_R)
     1    2.61    8.70   15.12  125.11 ^ gain781/Y (BUFx3_ASAP7_75t_R)
                                         net781 (net)
                  8.70    0.00  125.11 ^ gain780/A (BUFx24_ASAP7_75t_R)
    17   17.73   13.28   19.97  145.08 ^ gain780/Y (BUFx24_ASAP7_75t_R)
                                         net780 (net)
                 13.28    0.00  145.08 ^ u5162/A (INVx1_ASAP7_75t_R)
     1    2.60   15.54   11.64  156.72 v u5162/Y (INVx1_ASAP7_75t_R)
                                         n5065 (net)
                 15.54    0.00  156.72 v gain488/A (BUFx24_ASAP7_75t_R)
    14   15.01   11.64   22.68  179.40 v gain488/Y (BUFx24_ASAP7_75t_R)
                                         net488 (net)
                 11.64    0.00  179.40 v u5176/B (NAND2x2_ASAP7_75t_R)
     8    6.28   24.37   15.30  194.71 ^ u5176/Y (NAND2x2_ASAP7_75t_R)
                                         n5079 (net)
                 24.37    0.00  194.71 ^ u5177/B (AND2x2_ASAP7_75t_R)
     1    1.33    8.53   19.26  213.96 ^ u5177/Y (AND2x2_ASAP7_75t_R)
                                         n5080 (net)
                  8.53    0.00  213.96 ^ gain186/A (BUFx6f_ASAP7_75t_R)
    12   10.14   13.52   16.20  230.17 ^ gain186/Y (BUFx6f_ASAP7_75t_R)
                                         net186 (net)
                 13.52    0.00  230.17 ^ u5343/B (NOR2x1_ASAP7_75t_R)
     2    1.19   12.14    9.14  239.31 v u5343/Y (NOR2x1_ASAP7_75t_R)
                                         n5244 (net)
                 12.14    0.00  239.31 v u5454/A (OR2x2_ASAP7_75t_R)
     3    1.67    8.66   18.68  257.99 v u5454/Y (OR2x2_ASAP7_75t_R)
                                         n5353 (net)
                  8.66    0.00  257.99 v u5455/B (OR2x2_ASAP7_75t_R)
     1    0.51    5.71   15.74  273.73 v u5455/Y (OR2x2_ASAP7_75t_R)
                                         n5354 (net)
                  5.71    0.00  273.73 v u5457/A3 (AO33x2_ASAP7_75t_R)
     1    0.51    8.90   28.73  302.46 v u5457/Y (AO33x2_ASAP7_75t_R)
                                         n5356 (net)
                  8.90    0.00  302.46 v u5461/A3 (AO33x2_ASAP7_75t_R)
     1    0.44    8.71   29.36  331.82 v u5461/Y (AO33x2_ASAP7_75t_R)
                                         n5360 (net)
                  8.71    0.00  331.82 v u5462/B2 (AO32x1_ASAP7_75t_R)
     1    0.63    8.34   21.71  353.52 v u5462/Y (AO32x1_ASAP7_75t_R)
                                         n5361 (net)
                  8.34    0.00  353.52 v u5463/B (AO21x1_ASAP7_75t_R)
     1    0.69    7.06   15.65  369.17 v u5463/Y (AO21x1_ASAP7_75t_R)
                                         n5362 (net)
                  7.06    0.00  369.17 v gain20/A (BUFx3_ASAP7_75t_R)
     5    5.24   11.93   16.67  385.85 v gain20/Y (BUFx3_ASAP7_75t_R)
                                         net20 (net)
                 11.93    0.00  385.85 v u8026/A (XNOR2x2_ASAP7_75t_R)
     2    2.16   11.03   23.41  409.26 ^ u8026/Y (XNOR2x2_ASAP7_75t_R)
                                         n7853 (net)
                 11.03    0.00  409.26 ^ u8027/B (XOR2x2_ASAP7_75t_R)
     1    0.92    7.51   24.75  434.01 ^ u8027/Y (XOR2x2_ASAP7_75t_R)
                                         n7854 (net)
                  7.51    0.00  434.01 ^ u8029/A (XOR2x2_ASAP7_75t_R)
     1    0.58    6.51   22.64  456.65 ^ u8029/Y (XOR2x2_ASAP7_75t_R)
                                         n7856 (net)
                  6.51    0.00  456.65 ^ u8030/B (AND2x2_ASAP7_75t_R)
     1    0.63    6.21   13.58  470.23 ^ u8030/Y (AND2x2_ASAP7_75t_R)
                                         n7857 (net)
                  6.21    0.00  470.23 ^ u8031/B (AO21x1_ASAP7_75t_R)
     1    1.01    9.77   11.57  481.80 ^ u8031/Y (AO21x1_ASAP7_75t_R)
                                         n7858 (net)
                  9.77    0.00  481.80 ^ u8032/B (XNOR2x2_ASAP7_75t_R)
     1    0.62    6.54   20.39  502.19 ^ u8032/Y (XNOR2x2_ASAP7_75t_R)
                                         n966 (net)
                  6.54    0.00  502.19 ^ u983/D (DFFHQNx1_ASAP7_75t_R)
                                502.19   data arrival time

                  0.00  380.00  380.00   clock clk (rise edge)
                         77.93  457.93   clock network delay (ideal)
                          0.00  457.93   clock reconvergence pessimism
                                457.93 ^ u983/CLK (DFFHQNx1_ASAP7_75t_R)
                        -15.05  442.88   library setup time
                                442.88   data required time
-----------------------------------------------------------------------------
                                442.88   data required time
                               -502.19   data arrival time
-----------------------------------------------------------------------------
                                -59.31   slack (VIOLATED)


Startpoint: u0 (rising edge-triggered flip-flop clocked by clk)
Endpoint: done (output port clocked by vclk_clk)
Path Group: vclk_clk
Path Type: max

Fanout     Cap    Slew   Delay    Time   Description
-----------------------------------------------------------------------------
                  0.00    0.00    0.00   clock clk (rise edge)
                         77.93   77.93   clock network delay (ideal)
                  0.00    0.00   77.93 ^ u0/CLK (DFFHQNx1_ASAP7_75t_R)
     1    0.00    7.82   28.81  106.74 ^ u0/QN (DFFHQNx1_ASAP7_75t_R)
                                         done (net)
                  7.82    0.00  106.74 ^ done (out)
                                106.74   data arrival time

                  0.00  380.00  380.00   clock vclk_clk (rise edge)
                         77.93  457.93   clock network delay (ideal)
                          0.00  457.93   clock reconvergence pessimism
                        -76.00  381.93   output external delay
                                381.93   data required time
-----------------------------------------------------------------------------
                                381.93   data required time
                               -106.74   data arrival time
-----------------------------------------------------------------------------
                                275.19   slack (MET)



==========================================================================
synth report_checks -unconstrained
--------------------------------------------------------------------------
Startpoint: u5158 (rising edge-triggered flip-flop clocked by clk)
Endpoint: u983 (rising edge-triggered flip-flop clocked by clk)
Path Group: clk
Path Type: max

Fanout     Cap    Slew   Delay    Time   Description
-----------------------------------------------------------------------------
                  0.00    0.00    0.00   clock clk (rise edge)
                         77.93   77.93   clock network delay (ideal)
                  0.00    0.00   77.93 ^ u5158/CLK (DFFHQNx1_ASAP7_75t_R)
     1    0.69   12.43   32.06  109.99 ^ u5158/QN (DFFHQNx1_ASAP7_75t_R)
                                         sa33[0] (net)
                 12.43    0.00  109.99 ^ gain781/A (BUFx3_ASAP7_75t_R)
     1    2.61    8.70   15.12  125.11 ^ gain781/Y (BUFx3_ASAP7_75t_R)
                                         net781 (net)
                  8.70    0.00  125.11 ^ gain780/A (BUFx24_ASAP7_75t_R)
    17   17.73   13.28   19.97  145.08 ^ gain780/Y (BUFx24_ASAP7_75t_R)
                                         net780 (net)
                 13.28    0.00  145.08 ^ u5162/A (INVx1_ASAP7_75t_R)
     1    2.60   15.54   11.64  156.72 v u5162/Y (INVx1_ASAP7_75t_R)
                                         n5065 (net)
                 15.54    0.00  156.72 v gain488/A (BUFx24_ASAP7_75t_R)
    14   15.01   11.64   22.68  179.40 v gain488/Y (BUFx24_ASAP7_75t_R)
                                         net488 (net)
                 11.64    0.00  179.40 v u5176/B (NAND2x2_ASAP7_75t_R)
     8    6.28   24.37   15.30  194.71 ^ u5176/Y (NAND2x2_ASAP7_75t_R)
                                         n5079 (net)
                 24.37    0.00  194.71 ^ u5177/B (AND2x2_ASAP7_75t_R)
     1    1.33    8.53   19.26  213.96 ^ u5177/Y (AND2x2_ASAP7_75t_R)
                                         n5080 (net)
                  8.53    0.00  213.96 ^ gain186/A (BUFx6f_ASAP7_75t_R)
    12   10.14   13.52   16.20  230.17 ^ gain186/Y (BUFx6f_ASAP7_75t_R)
                                         net186 (net)
                 13.52    0.00  230.17 ^ u5343/B (NOR2x1_ASAP7_75t_R)
     2    1.19   12.14    9.14  239.31 v u5343/Y (NOR2x1_ASAP7_75t_R)
                                         n5244 (net)
                 12.14    0.00  239.31 v u5454/A (OR2x2_ASAP7_75t_R)
     3    1.67    8.66   18.68  257.99 v u5454/Y (OR2x2_ASAP7_75t_R)
                                         n5353 (net)
                  8.66    0.00  257.99 v u5455/B (OR2x2_ASAP7_75t_R)
     1    0.51    5.71   15.74  273.73 v u5455/Y (OR2x2_ASAP7_75t_R)
                                         n5354 (net)
                  5.71    0.00  273.73 v u5457/A3 (AO33x2_ASAP7_75t_R)
     1    0.51    8.90   28.73  302.46 v u5457/Y (AO33x2_ASAP7_75t_R)
                                         n5356 (net)
                  8.90    0.00  302.46 v u5461/A3 (AO33x2_ASAP7_75t_R)
     1    0.44    8.71   29.36  331.82 v u5461/Y (AO33x2_ASAP7_75t_R)
                                         n5360 (net)
                  8.71    0.00  331.82 v u5462/B2 (AO32x1_ASAP7_75t_R)
     1    0.63    8.34   21.71  353.52 v u5462/Y (AO32x1_ASAP7_75t_R)
                                         n5361 (net)
                  8.34    0.00  353.52 v u5463/B (AO21x1_ASAP7_75t_R)
     1    0.69    7.06   15.65  369.17 v u5463/Y (AO21x1_ASAP7_75t_R)
                                         n5362 (net)
                  7.06    0.00  369.17 v gain20/A (BUFx3_ASAP7_75t_R)
     5    5.24   11.93   16.67  385.85 v gain20/Y (BUFx3_ASAP7_75t_R)
                                         net20 (net)
                 11.93    0.00  385.85 v u8026/A (XNOR2x2_ASAP7_75t_R)
     2    2.16   11.03   23.41  409.26 ^ u8026/Y (XNOR2x2_ASAP7_75t_R)
                                         n7853 (net)
                 11.03    0.00  409.26 ^ u8027/B (XOR2x2_ASAP7_75t_R)
     1    0.92    7.51   24.75  434.01 ^ u8027/Y (XOR2x2_ASAP7_75t_R)
                                         n7854 (net)
                  7.51    0.00  434.01 ^ u8029/A (XOR2x2_ASAP7_75t_R)
     1    0.58    6.51   22.64  456.65 ^ u8029/Y (XOR2x2_ASAP7_75t_R)
                                         n7856 (net)
                  6.51    0.00  456.65 ^ u8030/B (AND2x2_ASAP7_75t_R)
     1    0.63    6.21   13.58  470.23 ^ u8030/Y (AND2x2_ASAP7_75t_R)
                                         n7857 (net)
                  6.21    0.00  470.23 ^ u8031/B (AO21x1_ASAP7_75t_R)
     1    1.01    9.77   11.57  481.80 ^ u8031/Y (AO21x1_ASAP7_75t_R)
                                         n7858 (net)
                  9.77    0.00  481.80 ^ u8032/B (XNOR2x2_ASAP7_75t_R)
     1    0.62    6.54   20.39  502.19 ^ u8032/Y (XNOR2x2_ASAP7_75t_R)
                                         n966 (net)
                  6.54    0.00  502.19 ^ u983/D (DFFHQNx1_ASAP7_75t_R)
                                502.19   data arrival time

                  0.00  380.00  380.00   clock clk (rise edge)
                         77.93  457.93   clock network delay (ideal)
                          0.00  457.93   clock reconvergence pessimism
                                457.93 ^ u983/CLK (DFFHQNx1_ASAP7_75t_R)
                        -15.05  442.88   library setup time
                                442.88   data required time
-----------------------------------------------------------------------------
                                442.88   data required time
                               -502.19   data arrival time
-----------------------------------------------------------------------------
                                -59.31   slack (VIOLATED)


Startpoint: u0 (rising edge-triggered flip-flop clocked by clk)
Endpoint: done (output port clocked by vclk_clk)
Path Group: vclk_clk
Path Type: max

Fanout     Cap    Slew   Delay    Time   Description
-----------------------------------------------------------------------------
                  0.00    0.00    0.00   clock clk (rise edge)
                         77.93   77.93   clock network delay (ideal)
                  0.00    0.00   77.93 ^ u0/CLK (DFFHQNx1_ASAP7_75t_R)
     1    0.00    7.82   28.81  106.74 ^ u0/QN (DFFHQNx1_ASAP7_75t_R)
                                         done (net)
                  7.82    0.00  106.74 ^ done (out)
                                106.74   data arrival time

                  0.00  380.00  380.00   clock vclk_clk (rise edge)
                         77.93  457.93   clock network delay (ideal)
                          0.00  457.93   clock reconvergence pessimism
                        -76.00  381.93   output external delay
                                381.93   data required time
-----------------------------------------------------------------------------
                                381.93   data required time
                               -106.74   data arrival time
-----------------------------------------------------------------------------
                                275.19   slack (MET)



==========================================================================
synth report_power
--------------------------------------------------------------------------
Group                  Internal  Switching    Leakage      Total
                          Power      Power      Power      Power (Watts)
----------------------------------------------------------------
Sequential             4.45e-03   1.97e-04   8.01e-08   4.65e-03   6.6%
Combinational          4.12e-02   2.49e-02   9.66e-07   6.60e-02  93.4%
Clock                  0.00e+00   0.00e+00   0.00e+00   0.00e+00   0.0%
Macro                  0.00e+00   0.00e+00   0.00e+00   0.00e+00   0.0%
Pad                    0.00e+00   0.00e+00   0.00e+00   0.00e+00   0.0%
----------------------------------------------------------------
Total                  4.56e-02   2.51e-02   1.05e-06   7.07e-02 100.0%
                          64.5%      35.5%       0.0%
