
==========================================================================
floorplan final report_tns
--------------------------------------------------------------------------
tns max -1244.38

==========================================================================
floorplan final report_wns
--------------------------------------------------------------------------
wns max -45.02

==========================================================================
floorplan final report_worst_slack
--------------------------------------------------------------------------
worst slack max -45.02

==========================================================================
floorplan final report_clock_min_period
--------------------------------------------------------------------------
clk period_min = 425.02 fmax = 2352.81
vclk_clk period_min = 0.00 fmax = inf

==========================================================================
floorplan final report_checks -path_delay min
--------------------------------------------------------------------------
Startpoint: u6981 (rising edge-triggered flip-flop clocked by clk)
Endpoint: u6981 (rising edge-triggered flip-flop clocked by clk)
Path Group: clk
Path Type: min

Fanout     Cap    Slew   Delay    Time   Description
-----------------------------------------------------------------------------
                  0.00    0.00    0.00   clock clk (rise edge)
                         77.93   77.93   clock network delay (ideal)
                  0.00    0.00   77.93 ^ u6981/CLK (DFFHQNx1_ASAP7_75t_R)
     2    1.38   17.02   35.29  113.22 ^ u6981/QN (DFFHQNx1_ASAP7_75t_R)
                                         text_in_r[36] (net)
                 17.02    0.00  113.22 ^ u9869/B2 (OAI22x1_ASAP7_75t_R)
     1    0.55    3.98    7.13  120.36 v u9869/Y (OAI22x1_ASAP7_75t_R)
                                         n6843 (net)
                  3.98    0.00  120.36 v u6981/D (DFFHQNx1_ASAP7_75t_R)
                                120.36   data arrival time

                  0.00    0.00    0.00   clock clk (rise edge)
                         77.93   77.93   clock network delay (ideal)
                          0.00   77.93   clock reconvergence pessimism
                                 77.93 ^ u6981/CLK (DFFHQNx1_ASAP7_75t_R)
                          8.83   86.76   library hold time
                                 86.76   data required time
-----------------------------------------------------------------------------
                                 86.76   data required time
                               -120.36   data arrival time
-----------------------------------------------------------------------------
                                 33.59   slack (MET)


Startpoint: u0 (rising edge-triggered flip-flop clocked by clk)
Endpoint: done (output port clocked by vclk_clk)
Path Group: vclk_clk
Path Type: min

Fanout     Cap    Slew   Delay    Time   Description
-----------------------------------------------------------------------------
                  0.00    0.00    0.00   clock clk (rise edge)
                         77.93   77.93   clock network delay (ideal)
                  0.00    0.00   77.93 ^ u0/CLK (DFFHQNx1_ASAP7_75t_R)
     1    0.00    8.43   27.13  105.06 v u0/QN (DFFHQNx1_ASAP7_75t_R)
                                         done (net)
                  8.43    0.00  105.06 v done (out)
                                105.06   data arrival time

                  0.00    0.00    0.00   clock vclk_clk (rise edge)
                         77.93   77.93   clock network delay (ideal)
                          0.00   77.93   clock reconvergence pessimism
                        -76.00    1.93   output external delay
                                  1.93   data required time
-----------------------------------------------------------------------------
                                  1.93   data required time
                               -105.06   data arrival time
-----------------------------------------------------------------------------
                                103.13   slack (MET)



==========================================================================
floorplan final report_checks -path_delay max
--------------------------------------------------------------------------
Startpoint: u5158 (rising edge-triggered flip-flop clocked by clk)
Endpoint: u983 (rising edge-triggered flip-flop clocked by clk)
Path Group: clk
Path Type: max

Fanout     Cap    Slew   Delay    Time   Description
-----------------------------------------------------------------------------
                  0.00    0.00    0.00   clock clk (rise edge)
                         77.93   77.93   clock network delay (ideal)
                  0.00    0.00   77.93 ^ u5158/CLK (DFFHQNx1_ASAP7_75t_R)
     1    0.69   12.43   32.06  109.99 ^ u5158/QN (DFFHQNx1_ASAP7_75t_R)
                                         sa33[0] (net)
                 12.43    0.00  109.99 ^ gain781/A (BUFx3_ASAP7_75t_R)
     1    2.61    8.70   15.12  125.11 ^ gain781/Y (BUFx3_ASAP7_75t_R)
                                         net781 (net)
                  8.70    0.00  125.11 ^ gain780/A (BUFx24_ASAP7_75t_R)
    17   21.41   14.82   20.66  145.77 ^ gain780/Y (BUFx24_ASAP7_75t_R)
                                         net780 (net)
                 14.82    0.00  145.77 ^ u5162/A (INVx5_ASAP7_75t_R)
     1    2.60    6.49    5.72  151.49 v u5162/Y (INVx5_ASAP7_75t_R)
                                         n5065 (net)
                  6.49    0.00  151.49 v gain488/A (BUFx24_ASAP7_75t_R)
    14   14.82   11.53   19.58  171.07 v gain488/Y (BUFx24_ASAP7_75t_R)
                                         net488 (net)
                 11.53    0.00  171.07 v u5176/A (NAND2x2_ASAP7_75t_R)
     8    6.27   24.32   16.53  187.60 ^ u5176/Y (NAND2x2_ASAP7_75t_R)
                                         n5079 (net)
                 24.32    0.00  187.60 ^ u5177/A (AND2x2_ASAP7_75t_R)
     1    1.33    8.44   17.74  205.34 ^ u5177/Y (AND2x2_ASAP7_75t_R)
                                         n5080 (net)
                  8.44    0.00  205.34 ^ gain186/A (BUFx6f_ASAP7_75t_R)
    12   11.26   14.65   16.75  222.09 ^ gain186/Y (BUFx6f_ASAP7_75t_R)
                                         net186 (net)
                 14.65    0.00  222.09 ^ u5343/B (NOR2x2_ASAP7_75t_R)
     2    1.19    9.57    7.62  229.70 v u5343/Y (NOR2x2_ASAP7_75t_R)
                                         n5244 (net)
                  9.57    0.00  229.70 v u5454/B (OR2x2_ASAP7_75t_R)
     3    1.67    8.66   17.99  247.69 v u5454/Y (OR2x2_ASAP7_75t_R)
                                         n5353 (net)
                  8.66    0.00  247.69 v u5455/A (OR2x2_ASAP7_75t_R)
     1    0.48    5.63   15.85  263.54 v u5455/Y (OR2x2_ASAP7_75t_R)
                                         n5354 (net)
                  5.63    0.00  263.54 v u5457/A2 (AO33x2_ASAP7_75t_R)
     1    0.48    8.82   27.12  290.65 v u5457/Y (AO33x2_ASAP7_75t_R)
                                         n5356 (net)
                  8.82    0.00  290.65 v u5461/A2 (AO33x2_ASAP7_75t_R)
     1    0.49    8.84   27.90  318.56 v u5461/Y (AO33x2_ASAP7_75t_R)
                                         n5360 (net)
                  8.84    0.00  318.56 v u5462/B1 (AO32x1_ASAP7_75t_R)
     1    0.63    8.34   21.14  339.70 v u5462/Y (AO32x1_ASAP7_75t_R)
                                         n5361 (net)
                  8.34    0.00  339.70 v u5463/B (AO21x1_ASAP7_75t_R)
     1    0.69    7.06   15.65  355.35 v u5463/Y (AO21x1_ASAP7_75t_R)
                                         n5362 (net)
                  7.06    0.00  355.35 v gain20/A (BUFx3_ASAP7_75t_R)
     5    4.75   11.15   16.21  371.56 v gain20/Y (BUFx3_ASAP7_75t_R)
                                         net20 (net)
                 11.15    0.00  371.56 v u8026/B (XNOR2x2_ASAP7_75t_R)
     2    1.93   10.38   22.83  394.38 ^ u8026/Y (XNOR2x2_ASAP7_75t_R)
                                         n7853 (net)
                 10.38    0.00  394.38 ^ u8027/A (XOR2x2_ASAP7_75t_R)
     1    1.08    7.98   24.40  418.79 ^ u8027/Y (XOR2x2_ASAP7_75t_R)
                                         n7854 (net)
                  7.98    0.00  418.79 ^ u8029/B (XOR2x2_ASAP7_75t_R)
     1    0.58    6.51   23.16  441.95 ^ u8029/Y (XOR2x2_ASAP7_75t_R)
                                         n7856 (net)
                  6.51    0.00  441.95 ^ u8030/B (AND2x2_ASAP7_75t_R)
     1    0.63    6.21   13.58  455.52 ^ u8030/Y (AND2x2_ASAP7_75t_R)
                                         n7857 (net)
                  6.21    0.00  455.52 ^ u8031/B (AO21x1_ASAP7_75t_R)
     1    1.08   10.12   11.75  467.28 ^ u8031/Y (AO21x1_ASAP7_75t_R)
                                         n7858 (net)
                 10.12    0.00  467.28 ^ u8032/A (XNOR2x2_ASAP7_75t_R)
     1    0.62    6.54   20.62  487.90 ^ u8032/Y (XNOR2x2_ASAP7_75t_R)
                                         n966 (net)
                  6.54    0.00  487.90 ^ u983/D (DFFHQNx1_ASAP7_75t_R)
                                487.90   data arrival time

                  0.00  380.00  380.00   clock clk (rise edge)
                         77.93  457.93   clock network delay (ideal)
                          0.00  457.93   clock reconvergence pessimism
                                457.93 ^ u983/CLK (DFFHQNx1_ASAP7_75t_R)
                        -15.05  442.88   library setup time
                                442.88   data required time
-----------------------------------------------------------------------------
                                442.88   data required time
                               -487.90   data arrival time
-----------------------------------------------------------------------------
                                -45.02   slack (VIOLATED)


Startpoint: u0 (rising edge-triggered flip-flop clocked by clk)
Endpoint: done (output port clocked by vclk_clk)
Path Group: vclk_clk
Path Type: max

Fanout     Cap    Slew   Delay    Time   Description
-----------------------------------------------------------------------------
                  0.00    0.00    0.00   clock clk (rise edge)
                         77.93   77.93   clock network delay (ideal)
                  0.00    0.00   77.93 ^ u0/CLK (DFFHQNx1_ASAP7_75t_R)
     1    0.00    7.82   28.81  106.74 ^ u0/QN (DFFHQNx1_ASAP7_75t_R)
                                         done (net)
                  7.82    0.00  106.74 ^ done (out)
                                106.74   data arrival time

                  0.00  380.00  380.00   clock vclk_clk (rise edge)
                         77.93  457.93   clock network delay (ideal)
                          0.00  457.93   clock reconvergence pessimism
                        -76.00  381.93   output external delay
                                381.93   data required time
-----------------------------------------------------------------------------
                                381.93   data required time
                               -106.74   data arrival time
-----------------------------------------------------------------------------
                                275.19   slack (MET)



==========================================================================
floorplan final report_checks -unconstrained
--------------------------------------------------------------------------
Startpoint: u5158 (rising edge-triggered flip-flop clocked by clk)
Endpoint: u983 (rising edge-triggered flip-flop clocked by clk)
Path Group: clk
Path Type: max

Fanout     Cap    Slew   Delay    Time   Description
-----------------------------------------------------------------------------
                  0.00    0.00    0.00   clock clk (rise edge)
                         77.93   77.93   clock network delay (ideal)
                  0.00    0.00   77.93 ^ u5158/CLK (DFFHQNx1_ASAP7_75t_R)
     1    0.69   12.43   32.06  109.99 ^ u5158/QN (DFFHQNx1_ASAP7_75t_R)
                                         sa33[0] (net)
                 12.43    0.00  109.99 ^ gain781/A (BUFx3_ASAP7_75t_R)
     1    2.61    8.70   15.12  125.11 ^ gain781/Y (BUFx3_ASAP7_75t_R)
                                         net781 (net)
                  8.70    0.00  125.11 ^ gain780/A (BUFx24_ASAP7_75t_R)
    17   21.41   14.82   20.66  145.77 ^ gain780/Y (BUFx24_ASAP7_75t_R)
                                         net780 (net)
                 14.82    0.00  145.77 ^ u5162/A (INVx5_ASAP7_75t_R)
     1    2.60    6.49    5.72  151.49 v u5162/Y (INVx5_ASAP7_75t_R)
                                         n5065 (net)
                  6.49    0.00  151.49 v gain488/A (BUFx24_ASAP7_75t_R)
    14   14.82   11.53   19.58  171.07 v gain488/Y (BUFx24_ASAP7_75t_R)
                                         net488 (net)
                 11.53    0.00  171.07 v u5176/A (NAND2x2_ASAP7_75t_R)
     8    6.27   24.32   16.53  187.60 ^ u5176/Y (NAND2x2_ASAP7_75t_R)
                                         n5079 (net)
                 24.32    0.00  187.60 ^ u5177/A (AND2x2_ASAP7_75t_R)
     1    1.33    8.44   17.74  205.34 ^ u5177/Y (AND2x2_ASAP7_75t_R)
                                         n5080 (net)
                  8.44    0.00  205.34 ^ gain186/A (BUFx6f_ASAP7_75t_R)
    12   11.26   14.65   16.75  222.09 ^ gain186/Y (BUFx6f_ASAP7_75t_R)
                                         net186 (net)
                 14.65    0.00  222.09 ^ u5343/B (NOR2x2_ASAP7_75t_R)
     2    1.19    9.57    7.62  229.70 v u5343/Y (NOR2x2_ASAP7_75t_R)
                                         n5244 (net)
                  9.57    0.00  229.70 v u5454/B (OR2x2_ASAP7_75t_R)
     3    1.67    8.66   17.99  247.69 v u5454/Y (OR2x2_ASAP7_75t_R)
                                         n5353 (net)
                  8.66    0.00  247.69 v u5455/A (OR2x2_ASAP7_75t_R)
     1    0.48    5.63   15.85  263.54 v u5455/Y (OR2x2_ASAP7_75t_R)
                                         n5354 (net)
                  5.63    0.00  263.54 v u5457/A2 (AO33x2_ASAP7_75t_R)
     1    0.48    8.82   27.12  290.65 v u5457/Y (AO33x2_ASAP7_75t_R)
                                         n5356 (net)
                  8.82    0.00  290.65 v u5461/A2 (AO33x2_ASAP7_75t_R)
     1    0.49    8.84   27.90  318.56 v u5461/Y (AO33x2_ASAP7_75t_R)
                                         n5360 (net)
                  8.84    0.00  318.56 v u5462/B1 (AO32x1_ASAP7_75t_R)
     1    0.63    8.34   21.14  339.70 v u5462/Y (AO32x1_ASAP7_75t_R)
                                         n5361 (net)
                  8.34    0.00  339.70 v u5463/B (AO21x1_ASAP7_75t_R)
     1    0.69    7.06   15.65  355.35 v u5463/Y (AO21x1_ASAP7_75t_R)
                                         n5362 (net)
                  7.06    0.00  355.35 v gain20/A (BUFx3_ASAP7_75t_R)
     5    4.75   11.15   16.21  371.56 v gain20/Y (BUFx3_ASAP7_75t_R)
                                         net20 (net)
                 11.15    0.00  371.56 v u8026/B (XNOR2x2_ASAP7_75t_R)
     2    1.93   10.38   22.83  394.38 ^ u8026/Y (XNOR2x2_ASAP7_75t_R)
                                         n7853 (net)
                 10.38    0.00  394.38 ^ u8027/A (XOR2x2_ASAP7_75t_R)
     1    1.08    7.98   24.40  418.79 ^ u8027/Y (XOR2x2_ASAP7_75t_R)
                                         n7854 (net)
                  7.98    0.00  418.79 ^ u8029/B (XOR2x2_ASAP7_75t_R)
     1    0.58    6.51   23.16  441.95 ^ u8029/Y (XOR2x2_ASAP7_75t_R)
                                         n7856 (net)
                  6.51    0.00  441.95 ^ u8030/B (AND2x2_ASAP7_75t_R)
     1    0.63    6.21   13.58  455.52 ^ u8030/Y (AND2x2_ASAP7_75t_R)
                                         n7857 (net)
                  6.21    0.00  455.52 ^ u8031/B (AO21x1_ASAP7_75t_R)
     1    1.08   10.12   11.75  467.28 ^ u8031/Y (AO21x1_ASAP7_75t_R)
                                         n7858 (net)
                 10.12    0.00  467.28 ^ u8032/A (XNOR2x2_ASAP7_75t_R)
     1    0.62    6.54   20.62  487.90 ^ u8032/Y (XNOR2x2_ASAP7_75t_R)
                                         n966 (net)
                  6.54    0.00  487.90 ^ u983/D (DFFHQNx1_ASAP7_75t_R)
                                487.90   data arrival time

                  0.00  380.00  380.00   clock clk (rise edge)
                         77.93  457.93   clock network delay (ideal)
                          0.00  457.93   clock reconvergence pessimism
                                457.93 ^ u983/CLK (DFFHQNx1_ASAP7_75t_R)
                        -15.05  442.88   library setup time
                                442.88   data required time
-----------------------------------------------------------------------------
                                442.88   data required time
                               -487.90   data arrival time
-----------------------------------------------------------------------------
                                -45.02   slack (VIOLATED)


Startpoint: u0 (rising edge-triggered flip-flop clocked by clk)
Endpoint: done (output port clocked by vclk_clk)
Path Group: vclk_clk
Path Type: max

Fanout     Cap    Slew   Delay    Time   Description
-----------------------------------------------------------------------------
                  0.00    0.00    0.00   clock clk (rise edge)
                         77.93   77.93   clock network delay (ideal)
                  0.00    0.00   77.93 ^ u0/CLK (DFFHQNx1_ASAP7_75t_R)
     1    0.00    7.82   28.81  106.74 ^ u0/QN (DFFHQNx1_ASAP7_75t_R)
                                         done (net)
                  7.82    0.00  106.74 ^ done (out)
                                106.74   data arrival time

                  0.00  380.00  380.00   clock vclk_clk (rise edge)
                         77.93  457.93   clock network delay (ideal)
                          0.00  457.93   clock reconvergence pessimism
                        -76.00  381.93   output external delay
                                381.93   data required time
-----------------------------------------------------------------------------
                                381.93   data required time
                               -106.74   data arrival time
-----------------------------------------------------------------------------
                                275.19   slack (MET)



==========================================================================
floorplan final report_power
--------------------------------------------------------------------------
Group                  Internal  Switching    Leakage      Total
                          Power      Power      Power      Power (Watts)
----------------------------------------------------------------
Sequential             4.45e-03   1.97e-04   8.01e-08   4.65e-03   6.5%
Combinational          4.15e-02   2.51e-02   9.78e-07   6.65e-02  93.5%
Clock                  0.00e+00   0.00e+00   0.00e+00   0.00e+00   0.0%
Macro                  0.00e+00   0.00e+00   0.00e+00   0.00e+00   0.0%
Pad                    0.00e+00   0.00e+00   0.00e+00   0.00e+00   0.0%
----------------------------------------------------------------
Total                  4.59e-02   2.53e-02   1.06e-06   7.12e-02 100.0%
                          64.5%      35.5%       0.0%
