
==========================================================================
detailed place report_tns
--------------------------------------------------------------------------
tns max -568.89

==========================================================================
detailed place report_wns
--------------------------------------------------------------------------
wns max -29.38

==========================================================================
detailed place report_worst_slack
--------------------------------------------------------------------------
worst slack max -29.38

==========================================================================
detailed place report_clock_min_period
--------------------------------------------------------------------------
clk period_min = 409.38 fmax = 2442.73
vclk_clk period_min = 0.00 fmax = inf

==========================================================================
detailed place report_checks -path_delay min
--------------------------------------------------------------------------
Startpoint: u9100 (rising edge-triggered flip-flop clocked by clk)
Endpoint: u9100 (rising edge-triggered flip-flop clocked by clk)
Path Group: clk
Path Type: min

Fanout     Cap    Slew   Delay    Time   Description
-----------------------------------------------------------------------------
                  0.00    0.00    0.00   clock clk (rise edge)
                         77.93   77.93   clock network delay (ideal)
                  0.00    0.00   77.93 ^ u9100/CLK (DFFHQNx1_ASAP7_75t_R)
     2    1.69   18.81   36.47  114.40 ^ u9100/QN (DFFHQNx1_ASAP7_75t_R)
                                         text_in_r[17] (net)
                 18.81    0.07  114.47 ^ u9947/B2 (OAI22x1_ASAP7_75t_R)
     1    0.66    5.65    7.62  122.09 v u9947/Y (OAI22x1_ASAP7_75t_R)
                                         n8866 (net)
                  5.65    0.03  122.12 v u9100/D (DFFHQNx1_ASAP7_75t_R)
                                122.12   data arrival time

                  0.00    0.00    0.00   clock clk (rise edge)
                         77.93   77.93   clock network delay (ideal)
                          0.00   77.93   clock reconvergence pessimism
                                 77.93 ^ u9100/CLK (DFFHQNx1_ASAP7_75t_R)
                          8.68   86.61   library hold time
                                 86.61   data required time
-----------------------------------------------------------------------------
                                 86.61   data required time
                               -122.12   data arrival time
-----------------------------------------------------------------------------
                                 35.50   slack (MET)


Startpoint: u1 (rising edge-triggered flip-flop clocked by clk)
Endpoint: text_out[0] (output port clocked by vclk_clk)
Path Group: vclk_clk
Path Type: min

Fanout     Cap    Slew   Delay    Time   Description
-----------------------------------------------------------------------------
                  0.00    0.00    0.00   clock clk (rise edge)
                         77.93   77.93   clock network delay (ideal)
                  0.00    0.00   77.93 ^ u1/CLK (DFFHQNx1_ASAP7_75t_R)
     1    0.45   10.98   29.37  107.30 v u1/QN (DFFHQNx1_ASAP7_75t_R)
                                         net1319 (net)
                 10.98    0.01  107.32 v output1319/A (BUFx2_ASAP7_75t_R)
     1    0.38    4.49   13.71  121.03 v output1319/Y (BUFx2_ASAP7_75t_R)
                                         text_out[0] (net)
                  4.49    0.02  121.04 v text_out[0] (out)
                                121.04   data arrival time

                  0.00    0.00    0.00   clock vclk_clk (rise edge)
                         77.93   77.93   clock network delay (ideal)
                          0.00   77.93   clock reconvergence pessimism
                        -76.00    1.93   output external delay
                                  1.93   data required time
-----------------------------------------------------------------------------
                                  1.93   data required time
                               -121.04   data arrival time
-----------------------------------------------------------------------------
                                119.11   slack (MET)



==========================================================================
detailed place report_checks -path_delay max
--------------------------------------------------------------------------
Startpoint: u2221 (rising edge-triggered flip-flop clocked by clk)
Endpoint: u147 (rising edge-triggered flip-flop clocked by clk)
Path Group: clk
Path Type: max

Fanout     Cap    Slew   Delay    Time   Description
-----------------------------------------------------------------------------
                  0.00    0.00    0.00   clock clk (rise edge)
                         77.93   77.93   clock network delay (ideal)
                  0.00    0.00   77.93 ^ u2221/CLK (DFFHQNx1_ASAP7_75t_R)
     2    7.71   56.53   53.91  131.84 ^ u2221/QN (DFFHQNx1_ASAP7_75t_R)
                                         sa20[1] (net)
                 57.68    4.46  136.30 ^ u2222/A (INVx1_ASAP7_75t_R)
     4    5.72   40.44   30.65  166.95 v u2222/Y (INVx1_ASAP7_75t_R)
                                         n2181 (net)
                 40.45    0.27  167.23 v place5500/A (BUFx6f_ASAP7_75t_R)
    18   20.06   23.05   28.39  195.61 v place5500/Y (BUFx6f_ASAP7_75t_R)
                                         net5500 (net)
                 23.13    0.79  196.41 v u2312/C (OR3x1_ASAP7_75t_R)
     4    4.15   26.68   32.63  229.04 v u2312/Y (OR3x1_ASAP7_75t_R)
                                         n2271 (net)
                 26.68    0.47  229.50 v u2348/A2 (AO21x1_ASAP7_75t_R)
     2    1.45   11.01   20.94  250.44 v u2348/Y (AO21x1_ASAP7_75t_R)
                                         n2306 (net)
                 11.01    0.04  250.48 v u2349/B (AO21x1_ASAP7_75t_R)
     1    1.02    8.57   17.18  267.66 v u2349/Y (AO21x1_ASAP7_75t_R)
                                         n2307 (net)
                  8.57    0.09  267.75 v u2350/C (OA211x2_ASAP7_75t_R)
     1    0.91    9.88   27.15  294.90 v u2350/Y (OA211x2_ASAP7_75t_R)
                                         n2308 (net)
                  9.89    0.05  294.95 v u2351/B (AO21x1_ASAP7_75t_R)
     1    0.69    7.09   15.96  310.91 v u2351/Y (AO21x1_ASAP7_75t_R)
                                         n2309 (net)
                  7.09    0.02  310.94 v u2368/A2 (AO21x1_ASAP7_75t_R)
     1    0.75    7.69   14.17  325.11 v u2368/Y (AO21x1_ASAP7_75t_R)
                                         n2326 (net)
                  7.69    0.04  325.15 v u2399/A2 (AO22x1_ASAP7_75t_R)
     4    5.14   31.16   29.82  354.97 v u2399/Y (AO22x1_ASAP7_75t_R)
                                         n2357 (net)
                 31.18    0.57  355.54 v u7021/B (XOR2x2_ASAP7_75t_R)
     2    3.03   14.06   33.61  389.16 ^ u7021/Y (XOR2x2_ASAP7_75t_R)
                                         n6879 (net)
                 14.07    0.20  389.36 ^ u7022/A (XNOR2x2_ASAP7_75t_R)
     2    1.72   10.40   23.14  412.50 ^ u7022/Y (XNOR2x2_ASAP7_75t_R)
                                         n6880 (net)
                 10.40    0.04  412.55 ^ u7026/B (NAND2x1_ASAP7_75t_R)
     1    0.51    6.53    5.71  418.26 v u7026/Y (NAND2x1_ASAP7_75t_R)
                                         n6884 (net)
                  6.53    0.02  418.28 v u7027/B (OA211x2_ASAP7_75t_R)
     1    1.54   12.18   26.21  444.49 v u7027/Y (OA211x2_ASAP7_75t_R)
                                         n6885 (net)
                 12.20    0.19  444.68 v u7028/B (AO21x1_ASAP7_75t_R)
     1    5.68   33.98   28.35  473.03 v u7028/Y (AO21x1_ASAP7_75t_R)
                                         n146 (net)
                 34.63    2.60  475.63 v u147/D (DFFHQNx1_ASAP7_75t_R)
                                475.63   data arrival time

                  0.00  380.00  380.00   clock clk (rise edge)
                         77.93  457.93   clock network delay (ideal)
                          0.00  457.93   clock reconvergence pessimism
                                457.93 ^ u147/CLK (DFFHQNx1_ASAP7_75t_R)
                        -11.68  446.25   library setup time
                                446.25   data required time
-----------------------------------------------------------------------------
                                446.25   data required time
                               -475.63   data arrival time
-----------------------------------------------------------------------------
                                -29.38   slack (VIOLATED)


Startpoint: u29 (rising edge-triggered flip-flop clocked by clk)
Endpoint: text_out[28] (output port clocked by vclk_clk)
Path Group: vclk_clk
Path Type: max

Fanout     Cap    Slew   Delay    Time   Description
-----------------------------------------------------------------------------
                  0.00    0.00    0.00   clock clk (rise edge)
                         77.93   77.93   clock network delay (ideal)
                  0.00    0.00   77.93 ^ u29/CLK (DFFHQNx1_ASAP7_75t_R)
     1    3.71   30.01   42.25  120.18 v u29/QN (DFFHQNx1_ASAP7_75t_R)
                                         net1347 (net)
                 30.14    1.13  121.31 v output1347/A (BUFx2_ASAP7_75t_R)
     1    0.70    6.00   19.38  140.69 v output1347/Y (BUFx2_ASAP7_75t_R)
                                         text_out[28] (net)
                  6.00    0.05  140.74 v text_out[28] (out)
                                140.74   data arrival time

                  0.00  380.00  380.00   clock vclk_clk (rise edge)
                         77.93  457.93   clock network delay (ideal)
                          0.00  457.93   clock reconvergence pessimism
                        -76.00  381.93   output external delay
                                381.93   data required time
-----------------------------------------------------------------------------
                                381.93   data required time
                               -140.74   data arrival time
-----------------------------------------------------------------------------
                                241.19   slack (MET)



==========================================================================
detailed place report_checks -unconstrained
--------------------------------------------------------------------------
Startpoint: u2221 (rising edge-triggered flip-flop clocked by clk)
Endpoint: u147 (rising edge-triggered flip-flop clocked by clk)
Path Group: clk
Path Type: max

Fanout     Cap    Slew   Delay    Time   Description
-----------------------------------------------------------------------------
                  0.00    0.00    0.00   clock clk (rise edge)
                         77.93   77.93   clock network delay (ideal)
                  0.00    0.00   77.93 ^ u2221/CLK (DFFHQNx1_ASAP7_75t_R)
     2    7.71   56.53   53.91  131.84 ^ u2221/QN (DFFHQNx1_ASAP7_75t_R)
                                         sa20[1] (net)
                 57.68    4.46  136.30 ^ u2222/A (INVx1_ASAP7_75t_R)
     4    5.72   40.44   30.65  166.95 v u2222/Y (INVx1_ASAP7_75t_R)
                                         n2181 (net)
                 40.45    0.27  167.23 v place5500/A (BUFx6f_ASAP7_75t_R)
    18   20.06   23.05   28.39  195.61 v place5500/Y (BUFx6f_ASAP7_75t_R)
                                         net5500 (net)
                 23.13    0.79  196.41 v u2312/C (OR3x1_ASAP7_75t_R)
     4    4.15   26.68   32.63  229.04 v u2312/Y (OR3x1_ASAP7_75t_R)
                                         n2271 (net)
                 26.68    0.47  229.50 v u2348/A2 (AO21x1_ASAP7_75t_R)
     2    1.45   11.01   20.94  250.44 v u2348/Y (AO21x1_ASAP7_75t_R)
                                         n2306 (net)
                 11.01    0.04  250.48 v u2349/B (AO21x1_ASAP7_75t_R)
     1    1.02    8.57   17.18  267.66 v u2349/Y (AO21x1_ASAP7_75t_R)
                                         n2307 (net)
                  8.57    0.09  267.75 v u2350/C (OA211x2_ASAP7_75t_R)
     1    0.91    9.88   27.15  294.90 v u2350/Y (OA211x2_ASAP7_75t_R)
                                         n2308 (net)
                  9.89    0.05  294.95 v u2351/B (AO21x1_ASAP7_75t_R)
     1    0.69    7.09   15.96  310.91 v u2351/Y (AO21x1_ASAP7_75t_R)
                                         n2309 (net)
                  7.09    0.02  310.94 v u2368/A2 (AO21x1_ASAP7_75t_R)
     1    0.75    7.69   14.17  325.11 v u2368/Y (AO21x1_ASAP7_75t_R)
                                         n2326 (net)
                  7.69    0.04  325.15 v u2399/A2 (AO22x1_ASAP7_75t_R)
     4    5.14   31.16   29.82  354.97 v u2399/Y (AO22x1_ASAP7_75t_R)
                                         n2357 (net)
                 31.18    0.57  355.54 v u7021/B (XOR2x2_ASAP7_75t_R)
     2    3.03   14.06   33.61  389.16 ^ u7021/Y (XOR2x2_ASAP7_75t_R)
                                         n6879 (net)
                 14.07    0.20  389.36 ^ u7022/A (XNOR2x2_ASAP7_75t_R)
     2    1.72   10.40   23.14  412.50 ^ u7022/Y (XNOR2x2_ASAP7_75t_R)
                                         n6880 (net)
                 10.40    0.04  412.55 ^ u7026/B (NAND2x1_ASAP7_75t_R)
     1    0.51    6.53    5.71  418.26 v u7026/Y (NAND2x1_ASAP7_75t_R)
                                         n6884 (net)
                  6.53    0.02  418.28 v u7027/B (OA211x2_ASAP7_75t_R)
     1    1.54   12.18   26.21  444.49 v u7027/Y (OA211x2_ASAP7_75t_R)
                                         n6885 (net)
                 12.20    0.19  444.68 v u7028/B (AO21x1_ASAP7_75t_R)
     1    5.68   33.98   28.35  473.03 v u7028/Y (AO21x1_ASAP7_75t_R)
                                         n146 (net)
                 34.63    2.60  475.63 v u147/D (DFFHQNx1_ASAP7_75t_R)
                                475.63   data arrival time

                  0.00  380.00  380.00   clock clk (rise edge)
                         77.93  457.93   clock network delay (ideal)
                          0.00  457.93   clock reconvergence pessimism
                                457.93 ^ u147/CLK (DFFHQNx1_ASAP7_75t_R)
                        -11.68  446.25   library setup time
                                446.25   data required time
-----------------------------------------------------------------------------
                                446.25   data required time
                               -475.63   data arrival time
-----------------------------------------------------------------------------
                                -29.38   slack (VIOLATED)


Startpoint: u29 (rising edge-triggered flip-flop clocked by clk)
Endpoint: text_out[28] (output port clocked by vclk_clk)
Path Group: vclk_clk
Path Type: max

Fanout     Cap    Slew   Delay    Time   Description
-----------------------------------------------------------------------------
                  0.00    0.00    0.00   clock clk (rise edge)
                         77.93   77.93   clock network delay (ideal)
                  0.00    0.00   77.93 ^ u29/CLK (DFFHQNx1_ASAP7_75t_R)
     1    3.71   30.01   42.25  120.18 v u29/QN (DFFHQNx1_ASAP7_75t_R)
                                         net1347 (net)
                 30.14    1.13  121.31 v output1347/A (BUFx2_ASAP7_75t_R)
     1    0.70    6.00   19.38  140.69 v output1347/Y (BUFx2_ASAP7_75t_R)
                                         text_out[28] (net)
                  6.00    0.05  140.74 v text_out[28] (out)
                                140.74   data arrival time

                  0.00  380.00  380.00   clock vclk_clk (rise edge)
                         77.93  457.93   clock network delay (ideal)
                          0.00  457.93   clock reconvergence pessimism
                        -76.00  381.93   output external delay
                                381.93   data required time
-----------------------------------------------------------------------------
                                381.93   data required time
                               -140.74   data arrival time
-----------------------------------------------------------------------------
                                241.19   slack (MET)



==========================================================================
detailed place report_check_types -max_slew -max_cap -max_fanout -violators
--------------------------------------------------------------------------

==========================================================================
detailed place max_slew_check_slack
--------------------------------------------------------------------------
204.5743408203125

==========================================================================
detailed place max_slew_check_limit
--------------------------------------------------------------------------
320.0

==========================================================================
detailed place max_slew_check_slack_limit
--------------------------------------------------------------------------
0.6393

==========================================================================
detailed place max_fanout_check_slack
--------------------------------------------------------------------------
1.0000000150474662e+30

==========================================================================
detailed place max_fanout_check_limit
--------------------------------------------------------------------------
1.0000000150474662e+30

==========================================================================
detailed place max_capacitance_check_slack
--------------------------------------------------------------------------
19.198190689086914

==========================================================================
detailed place max_capacitance_check_limit
--------------------------------------------------------------------------
23.040000915527344

==========================================================================
detailed place max_capacitance_check_slack_limit
--------------------------------------------------------------------------
0.8333

==========================================================================
detailed place max_slew_violation_count
--------------------------------------------------------------------------
max slew violation count 0

==========================================================================
detailed place max_fanout_violation_count
--------------------------------------------------------------------------
max fanout violation count 0

==========================================================================
detailed place max_cap_violation_count
--------------------------------------------------------------------------
max cap violation count 0

==========================================================================
detailed place setup_violation_count
--------------------------------------------------------------------------
setup violation count 68

==========================================================================
detailed place hold_violation_count
--------------------------------------------------------------------------
hold violation count 0

==========================================================================
detailed place report_checks -path_delay max reg to reg
--------------------------------------------------------------------------
Startpoint: u2221 (rising edge-triggered flip-flop clocked by clk)
Endpoint: u147 (rising edge-triggered flip-flop clocked by clk)
Path Group: clk
Path Type: max

  Delay    Time   Description
---------------------------------------------------------
   0.00    0.00   clock clk (rise edge)
  77.93   77.93   clock network delay (ideal)
   0.00   77.93 ^ u2221/CLK (DFFHQNx1_ASAP7_75t_R)
  53.91  131.84 ^ u2221/QN (DFFHQNx1_ASAP7_75t_R)
  35.11  166.95 v u2222/Y (INVx1_ASAP7_75t_R)
  28.66  195.61 v place5500/Y (BUFx6f_ASAP7_75t_R)
  33.42  229.04 v u2312/Y (OR3x1_ASAP7_75t_R)
  21.40  250.44 v u2348/Y (AO21x1_ASAP7_75t_R)
  17.22  267.66 v u2349/Y (AO21x1_ASAP7_75t_R)
  27.23  294.90 v u2350/Y (OA211x2_ASAP7_75t_R)
  16.02  310.91 v u2351/Y (AO21x1_ASAP7_75t_R)
  14.19  325.11 v u2368/Y (AO21x1_ASAP7_75t_R)
  29.87  354.97 v u2399/Y (AO22x1_ASAP7_75t_R)
  34.18  389.16 ^ u7021/Y (XOR2x2_ASAP7_75t_R)
  23.35  412.50 ^ u7022/Y (XNOR2x2_ASAP7_75t_R)
   5.76  418.26 v u7026/Y (NAND2x1_ASAP7_75t_R)
  26.23  444.49 v u7027/Y (OA211x2_ASAP7_75t_R)
  28.54  473.03 v u7028/Y (AO21x1_ASAP7_75t_R)
   2.60  475.63 v u147/D (DFFHQNx1_ASAP7_75t_R)
         475.63   data arrival time

 380.00  380.00   clock clk (rise edge)
  77.93  457.93   clock network delay (ideal)
   0.00  457.93   clock reconvergence pessimism
         457.93 ^ u147/CLK (DFFHQNx1_ASAP7_75t_R)
 -11.68  446.25   library setup time
         446.25   data required time
---------------------------------------------------------
         446.25   data required time
        -475.63   data arrival time
---------------------------------------------------------
         -29.38   slack (VIOLATED)



==========================================================================
detailed place report_checks -path_delay min reg to reg
--------------------------------------------------------------------------
Startpoint: u9100 (rising edge-triggered flip-flop clocked by clk)
Endpoint: u9100 (rising edge-triggered flip-flop clocked by clk)
Path Group: clk
Path Type: min

  Delay    Time   Description
---------------------------------------------------------
   0.00    0.00   clock clk (rise edge)
  77.93   77.93   clock network delay (ideal)
   0.00   77.93 ^ u9100/CLK (DFFHQNx1_ASAP7_75t_R)
  36.47  114.40 ^ u9100/QN (DFFHQNx1_ASAP7_75t_R)
   7.69  122.09 v u9947/Y (OAI22x1_ASAP7_75t_R)
   0.03  122.12 v u9100/D (DFFHQNx1_ASAP7_75t_R)
         122.12   data arrival time

   0.00    0.00   clock clk (rise edge)
  77.93   77.93   clock network delay (ideal)
   0.00   77.93   clock reconvergence pessimism
          77.93 ^ u9100/CLK (DFFHQNx1_ASAP7_75t_R)
   8.68   86.61   library hold time
          86.61   data required time
---------------------------------------------------------
          86.61   data required time
        -122.12   data arrival time
---------------------------------------------------------
          35.50   slack (MET)



==========================================================================
detailed place critical path target clock latency max path
--------------------------------------------------------------------------
77.9300

==========================================================================
detailed place critical path target clock latency min path
--------------------------------------------------------------------------
77.9300

==========================================================================
detailed place critical path source clock latency min path
--------------------------------------------------------------------------
77.9300

==========================================================================
detailed place critical path delay
--------------------------------------------------------------------------
475.6273

==========================================================================
detailed place critical path slack
--------------------------------------------------------------------------
-29.3777

==========================================================================
detailed place slack div critical path delay
--------------------------------------------------------------------------
-6.176622

==========================================================================
detailed place report_power
--------------------------------------------------------------------------
Group                  Internal  Switching    Leakage      Total
                          Power      Power      Power      Power (Watts)
----------------------------------------------------------------
Sequential             4.45e-03   1.13e-03   8.01e-08   5.58e-03   7.1%
Combinational          4.00e-02   3.29e-02   9.21e-07   7.29e-02  92.9%
Clock                  0.00e+00   0.00e+00   0.00e+00   0.00e+00   0.0%
Macro                  0.00e+00   0.00e+00   0.00e+00   0.00e+00   0.0%
Pad                    0.00e+00   0.00e+00   0.00e+00   0.00e+00   0.0%
----------------------------------------------------------------
Total                  4.45e-02   3.40e-02   1.00e-06   7.85e-02 100.0%
                          56.7%      43.3%       0.0%
