
==========================================================================
global place report_tns
--------------------------------------------------------------------------
tns max -621.66

==========================================================================
global place report_wns
--------------------------------------------------------------------------
wns max -30.12

==========================================================================
global place report_worst_slack
--------------------------------------------------------------------------
worst slack max -30.12

==========================================================================
global place report_clock_min_period
--------------------------------------------------------------------------
clk period_min = 410.12 fmax = 2438.30
vclk_clk period_min = 0.00 fmax = inf

==========================================================================
global place report_checks -path_delay min
--------------------------------------------------------------------------
Startpoint: u9100 (rising edge-triggered flip-flop clocked by clk)
Endpoint: u9100 (rising edge-triggered flip-flop clocked by clk)
Path Group: clk
Path Type: min

Fanout     Cap    Slew   Delay    Time   Description
-----------------------------------------------------------------------------
                  0.00    0.00    0.00   clock clk (rise edge)
                         77.93   77.93   clock network delay (ideal)
                  0.00    0.00   77.93 ^ u9100/CLK (DFFHQNx1_ASAP7_75t_R)
     2    1.77   19.33   36.77  114.70 ^ u9100/QN (DFFHQNx1_ASAP7_75t_R)
                                         text_in_r[17] (net)
                 19.33    0.07  114.77 ^ u9947/B2 (OAI22x1_ASAP7_75t_R)
     1    0.56    5.40    7.47  122.23 v u9947/Y (OAI22x1_ASAP7_75t_R)
                                         n8866 (net)
                  5.40    0.02  122.25 v u9100/D (DFFHQNx1_ASAP7_75t_R)
                                122.25   data arrival time

                  0.00    0.00    0.00   clock clk (rise edge)
                         77.93   77.93   clock network delay (ideal)
                          0.00   77.93   clock reconvergence pessimism
                                 77.93 ^ u9100/CLK (DFFHQNx1_ASAP7_75t_R)
                          8.70   86.63   library hold time
                                 86.63   data required time
-----------------------------------------------------------------------------
                                 86.63   data required time
                               -122.25   data arrival time
-----------------------------------------------------------------------------
                                 35.61   slack (MET)


Startpoint: u1 (rising edge-triggered flip-flop clocked by clk)
Endpoint: text_out[0] (output port clocked by vclk_clk)
Path Group: vclk_clk
Path Type: min

Fanout     Cap    Slew   Delay    Time   Description
-----------------------------------------------------------------------------
                  0.00    0.00    0.00   clock clk (rise edge)
                         77.93   77.93   clock network delay (ideal)
                  0.00    0.00   77.93 ^ u1/CLK (DFFHQNx1_ASAP7_75t_R)
     1    0.46   11.01   29.40  107.33 v u1/QN (DFFHQNx1_ASAP7_75t_R)
                                         net1319 (net)
                 11.01    0.01  107.34 v output1319/A (BUFx2_ASAP7_75t_R)
     1    0.44    4.62   13.81  121.15 v output1319/Y (BUFx2_ASAP7_75t_R)
                                         text_out[0] (net)
                  4.62    0.02  121.18 v text_out[0] (out)
                                121.18   data arrival time

                  0.00    0.00    0.00   clock vclk_clk (rise edge)
                         77.93   77.93   clock network delay (ideal)
                          0.00   77.93   clock reconvergence pessimism
                        -76.00    1.93   output external delay
                                  1.93   data required time
-----------------------------------------------------------------------------
                                  1.93   data required time
                               -121.18   data arrival time
-----------------------------------------------------------------------------
                                119.25   slack (MET)



==========================================================================
global place report_checks -path_delay max
--------------------------------------------------------------------------
Startpoint: u2221 (rising edge-triggered flip-flop clocked by clk)
Endpoint: u147 (rising edge-triggered flip-flop clocked by clk)
Path Group: clk
Path Type: max

Fanout     Cap    Slew   Delay    Time   Description
-----------------------------------------------------------------------------
                  0.00    0.00    0.00   clock clk (rise edge)
                         77.93   77.93   clock network delay (ideal)
                  0.00    0.00   77.93 ^ u2221/CLK (DFFHQNx1_ASAP7_75t_R)
     2    7.76   56.80   54.02  131.95 ^ u2221/QN (DFFHQNx1_ASAP7_75t_R)
                                         sa20[1] (net)
                 57.98    4.52  136.47 ^ u2222/A (INVx1_ASAP7_75t_R)
     4    5.83   41.03   31.06  167.53 v u2222/Y (INVx1_ASAP7_75t_R)
                                         n2181 (net)
                 41.03    0.34  167.88 v place5500/A (BUFx6f_ASAP7_75t_R)
    18   19.85   22.87   28.41  196.28 v place5500/Y (BUFx6f_ASAP7_75t_R)
                                         net5500 (net)
                 23.01    1.02  197.31 v u2312/C (OR3x1_ASAP7_75t_R)
     4    4.13   26.54   32.56  229.86 v u2312/Y (OR3x1_ASAP7_75t_R)
                                         n2271 (net)
                 26.55    0.46  230.32 v u2348/A2 (AO21x1_ASAP7_75t_R)
     2    1.40   10.79   20.78  251.10 v u2348/Y (AO21x1_ASAP7_75t_R)
                                         n2306 (net)
                 10.79    0.03  251.14 v u2349/B (AO21x1_ASAP7_75t_R)
     1    1.04    8.71   17.22  268.35 v u2349/Y (AO21x1_ASAP7_75t_R)
                                         n2307 (net)
                  8.72    0.09  268.45 v u2350/C (OA211x2_ASAP7_75t_R)
     1    0.89    9.89   27.16  295.61 v u2350/Y (OA211x2_ASAP7_75t_R)
                                         n2308 (net)
                  9.90    0.05  295.66 v u2351/B (AO21x1_ASAP7_75t_R)
     1    0.71    7.20   16.04  311.70 v u2351/Y (AO21x1_ASAP7_75t_R)
                                         n2309 (net)
                  7.21    0.03  311.73 v u2368/A2 (AO21x1_ASAP7_75t_R)
     1    0.77    7.80   14.26  325.99 v u2368/Y (AO21x1_ASAP7_75t_R)
                                         n2326 (net)
                  7.80    0.05  326.03 v u2399/A2 (AO22x1_ASAP7_75t_R)
     4    5.12   31.04   29.81  355.84 v u2399/Y (AO22x1_ASAP7_75t_R)
                                         n2357 (net)
                 31.06    0.58  356.43 v u7021/B (XOR2x2_ASAP7_75t_R)
     2    2.95   13.81   33.46  389.89 ^ u7021/Y (XOR2x2_ASAP7_75t_R)
                                         n6879 (net)
                 13.82    0.20  390.08 ^ u7022/A (XNOR2x2_ASAP7_75t_R)
     2    1.73   10.40   23.10  413.19 ^ u7022/Y (XNOR2x2_ASAP7_75t_R)
                                         n6880 (net)
                 10.40    0.06  413.24 ^ u7026/B (NAND2x1_ASAP7_75t_R)
     1    0.47    6.40    5.62  418.86 v u7026/Y (NAND2x1_ASAP7_75t_R)
                                         n6884 (net)
                  6.40    0.01  418.88 v u7027/B (OA211x2_ASAP7_75t_R)
     1    1.50   11.92   26.09  444.96 v u7027/Y (OA211x2_ASAP7_75t_R)
                                         n6885 (net)
                 11.94    0.18  445.14 v u7028/B (AO21x1_ASAP7_75t_R)
     1    5.82   34.67   28.58  473.72 v u7028/Y (AO21x1_ASAP7_75t_R)
                                         n146 (net)
                 35.37    2.72  476.44 v u147/D (DFFHQNx1_ASAP7_75t_R)
                                476.44   data arrival time

                  0.00  380.00  380.00   clock clk (rise edge)
                         77.93  457.93   clock network delay (ideal)
                          0.00  457.93   clock reconvergence pessimism
                                457.93 ^ u147/CLK (DFFHQNx1_ASAP7_75t_R)
                        -11.61  446.32   library setup time
                                446.32   data required time
-----------------------------------------------------------------------------
                                446.32   data required time
                               -476.44   data arrival time
-----------------------------------------------------------------------------
                                -30.12   slack (VIOLATED)


Startpoint: u29 (rising edge-triggered flip-flop clocked by clk)
Endpoint: text_out[28] (output port clocked by vclk_clk)
Path Group: vclk_clk
Path Type: max

Fanout     Cap    Slew   Delay    Time   Description
-----------------------------------------------------------------------------
                  0.00    0.00    0.00   clock clk (rise edge)
                         77.93   77.93   clock network delay (ideal)
                  0.00    0.00   77.93 ^ u29/CLK (DFFHQNx1_ASAP7_75t_R)
     1    3.86   30.84   42.66  120.59 v u29/QN (DFFHQNx1_ASAP7_75t_R)
                                         net1347 (net)
                 30.99    1.22  121.80 v output1347/A (BUFx2_ASAP7_75t_R)
     1    0.56    5.75   19.36  141.17 v output1347/Y (BUFx2_ASAP7_75t_R)
                                         text_out[28] (net)
                  5.75    0.03  141.20 v text_out[28] (out)
                                141.20   data arrival time

                  0.00  380.00  380.00   clock vclk_clk (rise edge)
                         77.93  457.93   clock network delay (ideal)
                          0.00  457.93   clock reconvergence pessimism
                        -76.00  381.93   output external delay
                                381.93   data required time
-----------------------------------------------------------------------------
                                381.93   data required time
                               -141.20   data arrival time
-----------------------------------------------------------------------------
                                240.73   slack (MET)



==========================================================================
global place report_checks -unconstrained
--------------------------------------------------------------------------
Startpoint: u2221 (rising edge-triggered flip-flop clocked by clk)
Endpoint: u147 (rising edge-triggered flip-flop clocked by clk)
Path Group: clk
Path Type: max

Fanout     Cap    Slew   Delay    Time   Description
-----------------------------------------------------------------------------
                  0.00    0.00    0.00   clock clk (rise edge)
                         77.93   77.93   clock network delay (ideal)
                  0.00    0.00   77.93 ^ u2221/CLK (DFFHQNx1_ASAP7_75t_R)
     2    7.76   56.80   54.02  131.95 ^ u2221/QN (DFFHQNx1_ASAP7_75t_R)
                                         sa20[1] (net)
                 57.98    4.52  136.47 ^ u2222/A (INVx1_ASAP7_75t_R)
     4    5.83   41.03   31.06  167.53 v u2222/Y (INVx1_ASAP7_75t_R)
                                         n2181 (net)
                 41.03    0.34  167.88 v place5500/A (BUFx6f_ASAP7_75t_R)
    18   19.85   22.87   28.41  196.28 v place5500/Y (BUFx6f_ASAP7_75t_R)
                                         net5500 (net)
                 23.01    1.02  197.31 v u2312/C (OR3x1_ASAP7_75t_R)
     4    4.13   26.54   32.56  229.86 v u2312/Y (OR3x1_ASAP7_75t_R)
                                         n2271 (net)
                 26.55    0.46  230.32 v u2348/A2 (AO21x1_ASAP7_75t_R)
     2    1.40   10.79   20.78  251.10 v u2348/Y (AO21x1_ASAP7_75t_R)
                                         n2306 (net)
                 10.79    0.03  251.14 v u2349/B (AO21x1_ASAP7_75t_R)
     1    1.04    8.71   17.22  268.35 v u2349/Y (AO21x1_ASAP7_75t_R)
                                         n2307 (net)
                  8.72    0.09  268.45 v u2350/C (OA211x2_ASAP7_75t_R)
     1    0.89    9.89   27.16  295.61 v u2350/Y (OA211x2_ASAP7_75t_R)
                                         n2308 (net)
                  9.90    0.05  295.66 v u2351/B (AO21x1_ASAP7_75t_R)
     1    0.71    7.20   16.04  311.70 v u2351/Y (AO21x1_ASAP7_75t_R)
                                         n2309 (net)
                  7.21    0.03  311.73 v u2368/A2 (AO21x1_ASAP7_75t_R)
     1    0.77    7.80   14.26  325.99 v u2368/Y (AO21x1_ASAP7_75t_R)
                                         n2326 (net)
                  7.80    0.05  326.03 v u2399/A2 (AO22x1_ASAP7_75t_R)
     4    5.12   31.04   29.81  355.84 v u2399/Y (AO22x1_ASAP7_75t_R)
                                         n2357 (net)
                 31.06    0.58  356.43 v u7021/B (XOR2x2_ASAP7_75t_R)
     2    2.95   13.81   33.46  389.89 ^ u7021/Y (XOR2x2_ASAP7_75t_R)
                                         n6879 (net)
                 13.82    0.20  390.08 ^ u7022/A (XNOR2x2_ASAP7_75t_R)
     2    1.73   10.40   23.10  413.19 ^ u7022/Y (XNOR2x2_ASAP7_75t_R)
                                         n6880 (net)
                 10.40    0.06  413.24 ^ u7026/B (NAND2x1_ASAP7_75t_R)
     1    0.47    6.40    5.62  418.86 v u7026/Y (NAND2x1_ASAP7_75t_R)
                                         n6884 (net)
                  6.40    0.01  418.88 v u7027/B (OA211x2_ASAP7_75t_R)
     1    1.50   11.92   26.09  444.96 v u7027/Y (OA211x2_ASAP7_75t_R)
                                         n6885 (net)
                 11.94    0.18  445.14 v u7028/B (AO21x1_ASAP7_75t_R)
     1    5.82   34.67   28.58  473.72 v u7028/Y (AO21x1_ASAP7_75t_R)
                                         n146 (net)
                 35.37    2.72  476.44 v u147/D (DFFHQNx1_ASAP7_75t_R)
                                476.44   data arrival time

                  0.00  380.00  380.00   clock clk (rise edge)
                         77.93  457.93   clock network delay (ideal)
                          0.00  457.93   clock reconvergence pessimism
                                457.93 ^ u147/CLK (DFFHQNx1_ASAP7_75t_R)
                        -11.61  446.32   library setup time
                                446.32   data required time
-----------------------------------------------------------------------------
                                446.32   data required time
                               -476.44   data arrival time
-----------------------------------------------------------------------------
                                -30.12   slack (VIOLATED)


Startpoint: u29 (rising edge-triggered flip-flop clocked by clk)
Endpoint: text_out[28] (output port clocked by vclk_clk)
Path Group: vclk_clk
Path Type: max

Fanout     Cap    Slew   Delay    Time   Description
-----------------------------------------------------------------------------
                  0.00    0.00    0.00   clock clk (rise edge)
                         77.93   77.93   clock network delay (ideal)
                  0.00    0.00   77.93 ^ u29/CLK (DFFHQNx1_ASAP7_75t_R)
     1    3.86   30.84   42.66  120.59 v u29/QN (DFFHQNx1_ASAP7_75t_R)
                                         net1347 (net)
                 30.99    1.22  121.80 v output1347/A (BUFx2_ASAP7_75t_R)
     1    0.56    5.75   19.36  141.17 v output1347/Y (BUFx2_ASAP7_75t_R)
                                         text_out[28] (net)
                  5.75    0.03  141.20 v text_out[28] (out)
                                141.20   data arrival time

                  0.00  380.00  380.00   clock vclk_clk (rise edge)
                         77.93  457.93   clock network delay (ideal)
                          0.00  457.93   clock reconvergence pessimism
                        -76.00  381.93   output external delay
                                381.93   data required time
-----------------------------------------------------------------------------
                                381.93   data required time
                               -141.20   data arrival time
-----------------------------------------------------------------------------
                                240.73   slack (MET)



==========================================================================
global place report_power
--------------------------------------------------------------------------
Group                  Internal  Switching    Leakage      Total
                          Power      Power      Power      Power (Watts)
----------------------------------------------------------------
Sequential             4.45e-03   1.13e-03   8.01e-08   5.58e-03   7.1%
Combinational          4.00e-02   3.30e-02   9.21e-07   7.30e-02  92.9%
Clock                  0.00e+00   0.00e+00   0.00e+00   0.00e+00   0.0%
Macro                  0.00e+00   0.00e+00   0.00e+00   0.00e+00   0.0%
Pad                    0.00e+00   0.00e+00   0.00e+00   0.00e+00   0.0%
----------------------------------------------------------------
Total                  4.45e-02   3.41e-02   1.00e-06   7.86e-02 100.0%
                          56.6%      43.4%       0.0%
