OpenROAD unknown 
Features included (+) or not (-): -GPU +GUI -Python
This program is licensed under the BSD-3 license. See the LICENSE file for details.
Components of this program may be licensed under more restrictive licenses which must be honored.
[INFO ORD-0030] Using 1 thread(s).
R3X_TIMING setup_ws=9.756855323672653e-10 hold_ws=2.682021271738222e-10
R3X_PROG_WS setup=1.0769791725095956e-9
Startpoint: ng15_10/_8_ (rising edge-triggered flip-flop clocked by clk)
Endpoint: row4/_158_ (rising edge-triggered flip-flop clocked by clk)
Path Group: clk
Path Type: max

     Cap     Slew    Delay     Time   Description
---------------------------------------------------------------------------
                     0.000    0.000   clock clk (rise edge)
                     1.003    1.003   clock network delay (propagated)
            0.061    0.000    1.003 ^ ng15_10/_8_/CLK (sky130_fd_sc_hd__dfxtp_1)
   0.095    0.880    0.883    1.886 ^ ng15_10/_8_/Q (sky130_fd_sc_hd__dfxtp_1)
   0.015    0.071    0.292    2.178 ^ lt_pn15_10_s0/Z (LTAP2)
   0.012    0.150    0.163    2.341 ^ vs_4_15/Z (VSITE_BUF)
   0.003    0.074    0.425    2.766 v row4/_104_/X (sky130_fd_sc_hd__xor3_1)
            0.074    0.000    2.766 v row4/_158_/D (sky130_fd_sc_hd__dfxtp_1)
                              2.766   data arrival time

                     3.000    3.000   clock clk (rise edge)
                     0.963    3.963   clock network delay (propagated)
                     0.000    3.963   clock reconvergence pessimism
                              3.963 ^ row4/_158_/CLK (sky130_fd_sc_hd__dfxtp_1)
                    -0.120    3.843   library setup time
                              3.843   data required time
---------------------------------------------------------------------------
                              3.843   data required time
                             -2.766   data arrival time
---------------------------------------------------------------------------
                              1.077   slack (MET)


