OpenROAD unknown 
Features included (+) or not (-): -GPU +GUI -Python
This program is licensed under the BSD-3 license. See the LICENSE file for details.
Components of this program may be licensed under more restrictive licenses which must be honored.
[INFO ORD-0030] Using 1 thread(s).
R3X_TIMING setup_ws=9.756855323672653e-10 hold_ws=2.682021271738222e-10
R3X_PROG_WS setup=1.061837062721338e-9
Startpoint: ng15_1/_7_ (rising edge-triggered flip-flop clocked by clk)
Endpoint: row39/_158_ (rising edge-triggered flip-flop clocked by clk)
Path Group: clk
Path Type: max

     Cap     Slew    Delay     Time   Description
---------------------------------------------------------------------------
                     0.000    0.000   clock clk (rise edge)
                     1.005    1.005   clock network delay (propagated)
            0.063    0.000    1.005 ^ ng15_1/_7_/CLK (sky130_fd_sc_hd__dfxtp_1)
   0.086    0.802    0.830    1.835 ^ ng15_1/_7_/Q (sky130_fd_sc_hd__dfxtp_1)
   0.029    0.100    0.300    2.135 ^ lt_pp15_1_s2/Z (LTAP2)
   0.011    0.136    0.161    2.296 ^ vs_39_15/Z (VSITE_BUF)
   0.014    0.124    0.496    2.792 v row39/_104_/X (sky130_fd_sc_hd__xor3_1)
            0.124    0.001    2.793 v row39/_158_/D (sky130_fd_sc_hd__dfxtp_1)
                              2.793   data arrival time

                     3.000    3.000   clock clk (rise edge)
                     0.996    3.996   clock network delay (propagated)
                     0.000    3.996   clock reconvergence pessimism
                              3.996 ^ row39/_158_/CLK (sky130_fd_sc_hd__dfxtp_1)
                    -0.141    3.855   library setup time
                              3.855   data required time
---------------------------------------------------------------------------
                              3.855   data required time
                             -2.793   data arrival time
---------------------------------------------------------------------------
                              1.062   slack (MET)


