OpenROAD unknown 
Features included (+) or not (-): -GPU +GUI -Python
This program is licensed under the BSD-3 license. See the LICENSE file for details.
Components of this program may be licensed under more restrictive licenses which must be honored.
[INFO ORD-0030] Using 1 thread(s).
R3X_TIMING setup_ws=9.177636428603364e-10 hold_ws=2.682021271738222e-10
R3X_PROG_WS setup=9.177636428603364e-10
Startpoint: ng12_5/_8_ (rising edge-triggered flip-flop clocked by clk)
Endpoint: row2/_160_ (rising edge-triggered flip-flop clocked by clk)
Path Group: clk
Path Type: max

     Cap     Slew    Delay     Time   Description
---------------------------------------------------------------------------
                     0.000    0.000   clock clk (rise edge)
                     0.989    0.989   clock network delay (propagated)
            0.063    0.000    0.989 ^ ng12_5/_8_/CLK (sky130_fd_sc_hd__dfxtp_1)
   0.109    1.005    0.965    1.954 ^ ng12_5/_8_/Q (sky130_fd_sc_hd__dfxtp_1)
   0.056    0.166    0.395    2.349 ^ lt_pn12_5_s0/Z (LTAP2)
   0.015    0.183    0.207    2.556 ^ vs_2_12/Z (VSITE_BUF)
   0.006    0.088    0.361    2.917 v row2/_107_/X (sky130_fd_sc_hd__xor3_1)
            0.088    0.000    2.917 v row2/_160_/D (sky130_fd_sc_hd__dfxtp_1)
                              2.917   data arrival time

                     3.000    3.000   clock clk (rise edge)
                     0.962    3.962   clock network delay (propagated)
                     0.000    3.962   clock reconvergence pessimism
                              3.962 ^ row2/_160_/CLK (sky130_fd_sc_hd__dfxtp_1)
                    -0.127    3.835   library setup time
                              3.835   data required time
---------------------------------------------------------------------------
                              3.835   data required time
                             -2.917   data arrival time
---------------------------------------------------------------------------
                              0.918   slack (MET)


