OpenROAD unknown 
Features included (+) or not (-): -GPU +GUI -Python
This program is licensed under the BSD-3 license. See the LICENSE file for details.
Components of this program may be licensed under more restrictive licenses which must be honored.
[INFO ORD-0030] Using 1 thread(s).
R3X_TIMING setup_ws=8.529339456941898e-10 hold_ws=2.927088571524905e-10
R3X_PROG_WS setup=8.529339456941898e-10
Startpoint: ng16_4/_8_ (rising edge-triggered flip-flop clocked by clk)
Endpoint: row41/_156_ (rising edge-triggered flip-flop clocked by clk)
Path Group: clk
Path Type: max

     Cap     Slew    Delay     Time   Description
---------------------------------------------------------------------------
                     0.000    0.000   clock clk (rise edge)
                     0.951    0.951   clock network delay (propagated)
            0.059    0.000    0.951 ^ ng16_4/_8_/CLK (sky130_fd_sc_hd__dfxtp_1)
   0.142    1.301    1.181    2.132 ^ ng16_4/_8_/Q (sky130_fd_sc_hd__dfxtp_1)
   0.011    0.070    0.304    2.436 ^ lt_pn16_4_s2/Z (LTAP2)
   0.014    0.170    0.177    2.613 ^ vs_41_16/Z (VSITE_BUF)
   0.006    0.084    0.349    2.962 v row41/_101_/X (sky130_fd_sc_hd__xor3_1)
            0.084    0.000    2.962 v row41/_156_/D (sky130_fd_sc_hd__dfxtp_1)
                              2.962   data arrival time

                     3.000    3.000   clock clk (rise edge)
                     0.940    3.940   clock network delay (propagated)
                     0.000    3.940   clock reconvergence pessimism
                              3.940 ^ row41/_156_/CLK (sky130_fd_sc_hd__dfxtp_1)
                    -0.124    3.815   library setup time
                              3.815   data required time
---------------------------------------------------------------------------
                              3.815   data required time
                             -2.962   data arrival time
---------------------------------------------------------------------------
                              0.853   slack (MET)


