OpenROAD unknown 
Features included (+) or not (-): -GPU +GUI -Python
This program is licensed under the BSD-3 license. See the LICENSE file for details.
Components of this program may be licensed under more restrictive licenses which must be honored.
[INFO ORD-0030] Using 1 thread(s).
[WARNING ORD-2056] The following 1 liberty cell(s) do not have LEF masters and will be marked as dont-use:
  LTAP2
R3X_TIMING setup_ws=8.530463002642819e-10 hold_ws=7.416678382554664e-11
R3X_PROG_WS setup=9.435865422346978e-10
Startpoint: ng29/_8_ (rising edge-triggered flip-flop clocked by clk)
Endpoint: row43/_479_ (rising edge-triggered flip-flop clocked by clk)
Path Group: clk
Path Type: max

     Cap     Slew    Delay     Time   Description
---------------------------------------------------------------------------
                     0.000    0.000   clock clk (rise edge)
                     1.080    1.080   clock network delay (propagated)
            0.061    0.000    1.080 ^ ng29/_8_/CLK (sky130_fd_sc_hd__dfxtp_1)
   0.049    0.451    0.594    1.674 ^ ng29/_8_/Q (sky130_fd_sc_hd__dfxtp_1)
   0.254    0.707    0.667    2.341 ^ lt_ln29/Z (LTAP)
   0.010    0.125    0.239    2.580 ^ vs_43_29/Z (VSITE_BUF)
   0.004    0.079    0.428    3.008 v row43/_335_/X (sky130_fd_sc_hd__xor3_1)
            0.079    0.000    3.008 v row43/_479_/D (sky130_fd_sc_hd__dfxtp_1)
                              3.008   data arrival time

                     3.000    3.000   clock clk (rise edge)
                     1.074    4.074   clock network delay (propagated)
                     0.000    4.074   clock reconvergence pessimism
                              4.074 ^ row43/_479_/CLK (sky130_fd_sc_hd__dfxtp_1)
                    -0.122    3.952   library setup time
                              3.952   data required time
---------------------------------------------------------------------------
                              3.952   data required time
                             -3.008   data arrival time
---------------------------------------------------------------------------
                              0.944   slack (MET)


