OpenROAD unknown 
Features included (+) or not (-): -GPU +GUI -Python
This program is licensed under the BSD-3 license. See the LICENSE file for details.
Components of this program may be licensed under more restrictive licenses which must be honored.
[INFO ORD-0030] Using 1 thread(s).
WHATIF_BEFORE setup_ws=8.880771673602794e-10 hold_ws=1.922891845751451e-10 prog_ws=9.960041680301401e-10
WHATIF_ROOTS n_roots=548 upsized=548 delta_area_um2=2056.9733 masters=sky130_fd_sc_hd__dfxtp_1 548
WHATIF_AFTER setup_ws=8.881089197387837e-10 hold_ws=1.922891845751451e-10 prog_ws=1.404651506220489e-9
Startpoint: row47/_126_ (rising edge-triggered flip-flop clocked by clk)
Endpoint: y[47] (output port clocked by clk)
Path Group: clk
Path Type: max

Fanout      Cap     Slew    Delay     Time   Description
---------------------------------------------------------------------------------
                            0.000    0.000   clock clk (rise edge)
                            1.056    1.056   clock network delay (propagated)
                   0.059    0.000    1.056 ^ row47/_126_/CLK (sky130_fd_sc_hd__dfxtp_1)
     2    0.035    0.330    0.511    1.567 ^ row47/_126_/Q (sky130_fd_sc_hd__dfxtp_1)
     1    0.002    0.041    0.544    2.112 ^ output107/X (sky130_fd_sc_hd__clkdlybuf4s50_1)
                   0.041    0.000    2.112 ^ y[47] (out)
                                     2.112   data arrival time

                            3.000    3.000   clock clk (rise edge)
                            0.000    3.000   clock network delay (propagated)
                            0.000    3.000   clock reconvergence pessimism
                            0.000    3.000   output external delay
                                     3.000   data required time
---------------------------------------------------------------------------------
                                     3.000   data required time
                                    -2.112   data arrival time
---------------------------------------------------------------------------------
                                     0.888   slack (MET)


