
 /----------------------------------------------------------------------------\
 |  yosys -- Yosys Open SYnthesis Suite                                       |
 |  Copyright (C) 2012 - 2026  Claire Xenia Wolf <claire@yosyshq.com>         |
 |  Distributed under an ISC-like license, type "license" to see terms        |
 \----------------------------------------------------------------------------/
 Yosys 0.69 (git sha1 9f75ca1f9, Release, Clang /workspace/YoWASP/yosys/wasi-sdk-33.0-x86_64-linux/share/cmake/../..//bin/clang++ 22.1.0)

-- Running command `read_verilog rtl.v; synth -flatten -top top -noabc; aigmap; opt_clean; write_aiger -ascii -symbols design.aag; write_aiger -symbols design.aig' --

1. Executing Verilog-2005 frontend: rtl.v
Parsing Verilog input from `rtl.v' to AST representation.
Generating RTLIL representation for module `\top'.
Successfully finished Verilog frontend.

2. Executing SYNTH pass.

2.1. Executing HIERARCHY pass (managing design hierarchy).

2.1.1. Analyzing design hierarchy..
Top module:  \top

2.1.2. Analyzing design hierarchy..
Top module:  \top
Removed 0 unused modules.

2.2. Executing PROC pass (convert processes to netlists).

2.2.1. Executing PROC_CLEAN pass (remove empty switches from decision trees).
Cleaned up 0 empty switches.

2.2.2. Executing PROC_RMDEAD pass (remove dead branches from decision trees).
Removed a total of 0 dead cases.

2.2.3. Executing PROC_PRUNE pass (remove redundant assignments in processes).
Removed 0 redundant assignments.
Promoted 0 assignments to connections.

2.2.4. Executing PROC_INIT pass (extract init attributes).

2.2.5. Executing PROC_ARST pass (detect async resets in processes).

2.2.6. Executing PROC_ROM pass (convert switches to ROMs).
Converted 0 switches.

2.2.7. Executing PROC_MUX pass (convert decision trees to multiplexers).

2.2.8. Executing PROC_DLATCH pass (convert process syncs to latches).

2.2.9. Executing PROC_DFF pass (convert process syncs to FFs).

2.2.10. Executing PROC_MEMWR pass (convert process memory writes to cells).

2.2.11. Executing PROC_CLEAN pass (remove empty switches from decision trees).
Cleaned up 0 empty switches.

2.2.12. Executing OPT_EXPR pass (perform const folding).
Optimizing module top.

2.3. Executing CHECK pass (checking for obvious problems).
Checking module top...
Found and reported 0 problems.

2.4. Executing FLATTEN pass (flatten design).

2.5. Executing OPT_EXPR pass (perform const folding).
Optimizing module top.

2.6. Executing OPT_CLEAN pass (remove unused cells and wires).
Finding unused cells or wires in module \top..
Removed 0 unused cells and 1 unused wires.
<suppressed ~1 debug messages>

2.7. Executing CHECK pass (checking for obvious problems).
Checking module top...
Found and reported 0 problems.

2.8. Executing OPT pass (performing simple optimizations).

2.8.1. Executing OPT_EXPR pass (perform const folding).
Optimizing module top.

2.8.2. Executing OPT_MERGE pass (detect identical cells).
Finding identical cells in module `\top'.
Computing hashes of 127 cells of `\top'.
Finding duplicate cells in `\top'.
Removed a total of 0 cells.

2.8.3. Executing OPT_MUXTREE pass (detect dead branches in mux trees).
Running muxtree optimizer on module \top..
  Creating internal representation of mux trees.
  No muxes found in this module.
Removed 0 multiplexer ports.

2.8.4. Executing OPT_REDUCE pass (consolidate $*mux and $reduce_* inputs).
  Optimizing cells in module \top.
Performed a total of 0 changes.

2.8.5. Executing OPT_MERGE pass (detect identical cells).
Finding identical cells in module `\top'.
Computing hashes of 127 cells of `\top'.
Finding duplicate cells in `\top'.
Removed a total of 0 cells.

2.8.6. Executing OPT_DFF pass (perform DFF optimizations).

2.8.7. Executing OPT_CLEAN pass (remove unused cells and wires).
Finding unused cells or wires in module \top..

2.8.8. Executing OPT_EXPR pass (perform const folding).
Optimizing module top.

2.8.9. Finished fast OPT passes. (There is nothing left to do.)

2.9. Executing FSM pass (extract and optimize FSM).

2.9.1. Executing FSM_DETECT pass (finding FSMs in design).

2.9.2. Executing FSM_EXTRACT pass (extracting FSM from design).

2.9.3. Executing FSM_OPT pass (simple optimizations of FSMs).

2.9.4. Executing OPT_CLEAN pass (remove unused cells and wires).
Finding unused cells or wires in module \top..

2.9.5. Executing FSM_OPT pass (simple optimizations of FSMs).

2.9.6. Executing FSM_RECODE pass (re-assigning FSM state encoding).

2.9.7. Executing FSM_INFO pass (dumping all available information on FSM cells).

2.9.8. Executing FSM_MAP pass (mapping FSMs to basic logic).

2.10. Executing OPT pass (performing simple optimizations).

2.10.1. Executing OPT_EXPR pass (perform const folding).
Optimizing module top.

2.10.2. Executing OPT_MERGE pass (detect identical cells).
Finding identical cells in module `\top'.
Computing hashes of 127 cells of `\top'.
Finding duplicate cells in `\top'.
Removed a total of 0 cells.

2.10.3. Executing OPT_MUXTREE pass (detect dead branches in mux trees).
Running muxtree optimizer on module \top..
  Creating internal representation of mux trees.
  No muxes found in this module.
Removed 0 multiplexer ports.

2.10.4. Executing OPT_REDUCE pass (consolidate $*mux and $reduce_* inputs).
  Optimizing cells in module \top.
Performed a total of 0 changes.

2.10.5. Executing OPT_MERGE pass (detect identical cells).
Finding identical cells in module `\top'.
Computing hashes of 127 cells of `\top'.
Finding duplicate cells in `\top'.
Removed a total of 0 cells.

2.10.6. Executing OPT_DFF pass (perform DFF optimizations).

2.10.7. Executing OPT_CLEAN pass (remove unused cells and wires).
Finding unused cells or wires in module \top..

2.10.8. Executing OPT_EXPR pass (perform const folding).
Optimizing module top.

2.10.9. Finished fast OPT passes. (There is nothing left to do.)

2.11. Executing WREDUCE pass (reducing word size of cells).
Converting cell top.$add$rtl.v:2$1 ($add) from unsigned to signed.
Removed top 7 bits (of 15) from port A of cell top.$add$rtl.v:2$1 ($add).
Removed top 7 bits (of 15) from port B of cell top.$add$rtl.v:2$1 ($add).
Removed top 6 bits (of 15) from port Y of cell top.$add$rtl.v:2$1 ($add).
Converting cell top.$add$rtl.v:2$2 ($add) from unsigned to signed.
Removed top 6 bits (of 15) from port A of cell top.$add$rtl.v:2$2 ($add).
Removed top 7 bits (of 15) from port B of cell top.$add$rtl.v:2$2 ($add).
Removed top 5 bits (of 15) from port Y of cell top.$add$rtl.v:2$2 ($add).
Converting cell top.$add$rtl.v:2$3 ($add) from unsigned to signed.
Removed top 5 bits (of 15) from port A of cell top.$add$rtl.v:2$3 ($add).
Removed top 7 bits (of 15) from port B of cell top.$add$rtl.v:2$3 ($add).
Removed top 4 bits (of 15) from port Y of cell top.$add$rtl.v:2$3 ($add).
Converting cell top.$add$rtl.v:2$4 ($add) from unsigned to signed.
Removed top 4 bits (of 15) from port A of cell top.$add$rtl.v:2$4 ($add).
Removed top 7 bits (of 15) from port B of cell top.$add$rtl.v:2$4 ($add).
Removed top 3 bits (of 15) from port Y of cell top.$add$rtl.v:2$4 ($add).
Converting cell top.$add$rtl.v:2$5 ($add) from unsigned to signed.
Removed top 3 bits (of 15) from port A of cell top.$add$rtl.v:2$5 ($add).
Removed top 7 bits (of 15) from port B of cell top.$add$rtl.v:2$5 ($add).
Removed top 2 bits (of 15) from port Y of cell top.$add$rtl.v:2$5 ($add).
Converting cell top.$add$rtl.v:2$6 ($add) from unsigned to signed.
Removed top 2 bits (of 15) from port A of cell top.$add$rtl.v:2$6 ($add).
Removed top 7 bits (of 15) from port B of cell top.$add$rtl.v:2$6 ($add).
Removed top 1 bits (of 15) from port Y of cell top.$add$rtl.v:2$6 ($add).
Converting cell top.$add$rtl.v:2$7 ($add) from unsigned to signed.
Removed top 1 bits (of 15) from port A of cell top.$add$rtl.v:2$7 ($add).
Removed top 7 bits (of 15) from port B of cell top.$add$rtl.v:2$7 ($add).
Removed top 7 bits (of 15) from port B of cell top.$add$rtl.v:2$8 ($add).
Removed top 7 bits (of 15) from port B of cell top.$add$rtl.v:2$9 ($add).
Removed top 7 bits (of 15) from port B of cell top.$add$rtl.v:2$10 ($add).
Removed top 7 bits (of 15) from port B of cell top.$add$rtl.v:2$11 ($add).
Removed top 7 bits (of 15) from port B of cell top.$add$rtl.v:2$12 ($add).
Removed top 7 bits (of 15) from port B of cell top.$add$rtl.v:2$13 ($add).
Removed top 7 bits (of 15) from port B of cell top.$add$rtl.v:2$14 ($add).
Removed top 7 bits (of 15) from port B of cell top.$add$rtl.v:2$15 ($add).
Removed top 7 bits (of 15) from port B of cell top.$add$rtl.v:2$16 ($add).
Removed top 7 bits (of 15) from port B of cell top.$add$rtl.v:2$17 ($add).
Removed top 7 bits (of 15) from port B of cell top.$add$rtl.v:2$18 ($add).
Removed top 7 bits (of 15) from port B of cell top.$add$rtl.v:2$19 ($add).
Removed top 7 bits (of 15) from port B of cell top.$add$rtl.v:2$20 ($add).
Removed top 7 bits (of 15) from port B of cell top.$add$rtl.v:2$21 ($add).
Removed top 7 bits (of 15) from port B of cell top.$add$rtl.v:2$22 ($add).
Removed top 7 bits (of 15) from port B of cell top.$add$rtl.v:2$23 ($add).
Removed top 7 bits (of 15) from port B of cell top.$add$rtl.v:2$24 ($add).
Removed top 7 bits (of 15) from port B of cell top.$add$rtl.v:2$25 ($add).
Removed top 7 bits (of 15) from port B of cell top.$add$rtl.v:2$26 ($add).
Removed top 7 bits (of 15) from port B of cell top.$add$rtl.v:2$27 ($add).
Removed top 7 bits (of 15) from port B of cell top.$add$rtl.v:2$28 ($add).
Removed top 7 bits (of 15) from port B of cell top.$add$rtl.v:2$29 ($add).
Removed top 7 bits (of 15) from port B of cell top.$add$rtl.v:2$30 ($add).
Removed top 7 bits (of 15) from port B of cell top.$add$rtl.v:2$31 ($add).
Removed top 7 bits (of 15) from port B of cell top.$add$rtl.v:2$32 ($add).
Removed top 7 bits (of 15) from port B of cell top.$add$rtl.v:2$33 ($add).
Removed top 7 bits (of 15) from port B of cell top.$add$rtl.v:2$34 ($add).
Removed top 7 bits (of 15) from port B of cell top.$add$rtl.v:2$35 ($add).
Removed top 7 bits (of 15) from port B of cell top.$add$rtl.v:2$36 ($add).
Removed top 7 bits (of 15) from port B of cell top.$add$rtl.v:2$37 ($add).
Removed top 7 bits (of 15) from port B of cell top.$add$rtl.v:2$38 ($add).
Removed top 7 bits (of 15) from port B of cell top.$add$rtl.v:2$39 ($add).
Removed top 7 bits (of 15) from port B of cell top.$add$rtl.v:2$40 ($add).
Removed top 7 bits (of 15) from port B of cell top.$add$rtl.v:2$41 ($add).
Removed top 7 bits (of 15) from port B of cell top.$add$rtl.v:2$42 ($add).
Removed top 7 bits (of 15) from port B of cell top.$add$rtl.v:2$43 ($add).
Removed top 7 bits (of 15) from port B of cell top.$add$rtl.v:2$44 ($add).
Removed top 7 bits (of 15) from port B of cell top.$add$rtl.v:2$45 ($add).
Removed top 7 bits (of 15) from port B of cell top.$add$rtl.v:2$46 ($add).
Removed top 7 bits (of 15) from port B of cell top.$add$rtl.v:2$47 ($add).
Removed top 7 bits (of 15) from port B of cell top.$add$rtl.v:2$48 ($add).
Removed top 7 bits (of 15) from port B of cell top.$add$rtl.v:2$49 ($add).
Removed top 7 bits (of 15) from port B of cell top.$add$rtl.v:2$50 ($add).
Removed top 7 bits (of 15) from port B of cell top.$add$rtl.v:2$51 ($add).
Removed top 7 bits (of 15) from port B of cell top.$add$rtl.v:2$52 ($add).
Removed top 7 bits (of 15) from port B of cell top.$add$rtl.v:2$53 ($add).
Removed top 7 bits (of 15) from port B of cell top.$add$rtl.v:2$54 ($add).
Removed top 7 bits (of 15) from port B of cell top.$add$rtl.v:2$55 ($add).
Removed top 7 bits (of 15) from port B of cell top.$add$rtl.v:2$56 ($add).
Removed top 7 bits (of 15) from port B of cell top.$add$rtl.v:2$57 ($add).
Removed top 7 bits (of 15) from port B of cell top.$add$rtl.v:2$58 ($add).
Removed top 7 bits (of 15) from port B of cell top.$add$rtl.v:2$59 ($add).
Removed top 7 bits (of 15) from port B of cell top.$add$rtl.v:2$60 ($add).
Removed top 7 bits (of 15) from port B of cell top.$add$rtl.v:2$61 ($add).
Removed top 7 bits (of 15) from port B of cell top.$add$rtl.v:2$62 ($add).
Removed top 7 bits (of 15) from port B of cell top.$add$rtl.v:2$63 ($add).
Removed top 7 bits (of 15) from port B of cell top.$add$rtl.v:2$64 ($add).
Removed top 7 bits (of 15) from port B of cell top.$add$rtl.v:2$65 ($add).
Removed top 7 bits (of 15) from port B of cell top.$add$rtl.v:2$66 ($add).
Removed top 7 bits (of 15) from port B of cell top.$add$rtl.v:2$67 ($add).
Removed top 7 bits (of 15) from port B of cell top.$add$rtl.v:2$68 ($add).
Removed top 7 bits (of 15) from port B of cell top.$add$rtl.v:2$69 ($add).
Removed top 7 bits (of 15) from port B of cell top.$add$rtl.v:2$70 ($add).
Removed top 7 bits (of 15) from port B of cell top.$add$rtl.v:2$71 ($add).
Removed top 7 bits (of 15) from port B of cell top.$add$rtl.v:2$72 ($add).
Removed top 7 bits (of 15) from port B of cell top.$add$rtl.v:2$73 ($add).
Removed top 7 bits (of 15) from port B of cell top.$add$rtl.v:2$74 ($add).
Removed top 7 bits (of 15) from port B of cell top.$add$rtl.v:2$75 ($add).
Removed top 7 bits (of 15) from port B of cell top.$add$rtl.v:2$76 ($add).
Removed top 7 bits (of 15) from port B of cell top.$add$rtl.v:2$77 ($add).
Removed top 7 bits (of 15) from port B of cell top.$add$rtl.v:2$78 ($add).
Removed top 7 bits (of 15) from port B of cell top.$add$rtl.v:2$79 ($add).
Removed top 7 bits (of 15) from port B of cell top.$add$rtl.v:2$80 ($add).
Removed top 7 bits (of 15) from port B of cell top.$add$rtl.v:2$81 ($add).
Removed top 7 bits (of 15) from port B of cell top.$add$rtl.v:2$82 ($add).
Removed top 7 bits (of 15) from port B of cell top.$add$rtl.v:2$83 ($add).
Removed top 7 bits (of 15) from port B of cell top.$add$rtl.v:2$84 ($add).
Removed top 7 bits (of 15) from port B of cell top.$add$rtl.v:2$85 ($add).
Removed top 7 bits (of 15) from port B of cell top.$add$rtl.v:2$86 ($add).
Removed top 7 bits (of 15) from port B of cell top.$add$rtl.v:2$87 ($add).
Removed top 7 bits (of 15) from port B of cell top.$add$rtl.v:2$88 ($add).
Removed top 7 bits (of 15) from port B of cell top.$add$rtl.v:2$89 ($add).
Removed top 7 bits (of 15) from port B of cell top.$add$rtl.v:2$90 ($add).
Removed top 7 bits (of 15) from port B of cell top.$add$rtl.v:2$91 ($add).
Removed top 7 bits (of 15) from port B of cell top.$add$rtl.v:2$92 ($add).
Removed top 7 bits (of 15) from port B of cell top.$add$rtl.v:2$93 ($add).
Removed top 7 bits (of 15) from port B of cell top.$add$rtl.v:2$94 ($add).
Removed top 7 bits (of 15) from port B of cell top.$add$rtl.v:2$95 ($add).
Removed top 7 bits (of 15) from port B of cell top.$add$rtl.v:2$96 ($add).
Removed top 7 bits (of 15) from port B of cell top.$add$rtl.v:2$97 ($add).
Removed top 7 bits (of 15) from port B of cell top.$add$rtl.v:2$98 ($add).
Removed top 7 bits (of 15) from port B of cell top.$add$rtl.v:2$99 ($add).
Removed top 7 bits (of 15) from port B of cell top.$add$rtl.v:2$100 ($add).
Removed top 7 bits (of 15) from port B of cell top.$add$rtl.v:2$101 ($add).
Removed top 7 bits (of 15) from port B of cell top.$add$rtl.v:2$102 ($add).
Removed top 7 bits (of 15) from port B of cell top.$add$rtl.v:2$103 ($add).
Removed top 7 bits (of 15) from port B of cell top.$add$rtl.v:2$104 ($add).
Removed top 7 bits (of 15) from port B of cell top.$add$rtl.v:2$105 ($add).
Removed top 7 bits (of 15) from port B of cell top.$add$rtl.v:2$106 ($add).
Removed top 7 bits (of 15) from port B of cell top.$add$rtl.v:2$107 ($add).
Removed top 7 bits (of 15) from port B of cell top.$add$rtl.v:2$108 ($add).
Removed top 7 bits (of 15) from port B of cell top.$add$rtl.v:2$109 ($add).
Removed top 7 bits (of 15) from port B of cell top.$add$rtl.v:2$110 ($add).
Removed top 7 bits (of 15) from port B of cell top.$add$rtl.v:2$111 ($add).
Removed top 7 bits (of 15) from port B of cell top.$add$rtl.v:2$112 ($add).
Removed top 7 bits (of 15) from port B of cell top.$add$rtl.v:2$113 ($add).
Removed top 7 bits (of 15) from port B of cell top.$add$rtl.v:2$114 ($add).
Removed top 7 bits (of 15) from port B of cell top.$add$rtl.v:2$115 ($add).
Removed top 7 bits (of 15) from port B of cell top.$add$rtl.v:2$116 ($add).
Removed top 7 bits (of 15) from port B of cell top.$add$rtl.v:2$117 ($add).
Removed top 7 bits (of 15) from port B of cell top.$add$rtl.v:2$118 ($add).
Removed top 7 bits (of 15) from port B of cell top.$add$rtl.v:2$119 ($add).
Removed top 7 bits (of 15) from port B of cell top.$add$rtl.v:2$120 ($add).
Removed top 7 bits (of 15) from port B of cell top.$add$rtl.v:2$121 ($add).
Removed top 7 bits (of 15) from port B of cell top.$add$rtl.v:2$122 ($add).
Removed top 7 bits (of 15) from port B of cell top.$add$rtl.v:2$123 ($add).
Removed top 7 bits (of 15) from port B of cell top.$add$rtl.v:2$124 ($add).
Removed top 7 bits (of 15) from port B of cell top.$add$rtl.v:2$125 ($add).
Removed top 7 bits (of 15) from port B of cell top.$add$rtl.v:2$126 ($add).
Removed top 7 bits (of 15) from port B of cell top.$add$rtl.v:2$127 ($add).

2.12. Executing PEEPOPT pass (run peephole optimizers).

2.13. Executing OPT_CLEAN pass (remove unused cells and wires).
Finding unused cells or wires in module \top..

2.14. Executing ALUMACC pass (create $alu and $macc cells).
Extracting $alu and $macc cells in module top:
  creating $macc model for $add$rtl.v:2$127 ($add).
  creating $macc model for $add$rtl.v:2$126 ($add).
  creating $macc model for $add$rtl.v:2$125 ($add).
  creating $macc model for $add$rtl.v:2$124 ($add).
  creating $macc model for $add$rtl.v:2$123 ($add).
  creating $macc model for $add$rtl.v:2$122 ($add).
  creating $macc model for $add$rtl.v:2$121 ($add).
  creating $macc model for $add$rtl.v:2$120 ($add).
  creating $macc model for $add$rtl.v:2$119 ($add).
  creating $macc model for $add$rtl.v:2$118 ($add).
  creating $macc model for $add$rtl.v:2$117 ($add).
  creating $macc model for $add$rtl.v:2$116 ($add).
  creating $macc model for $add$rtl.v:2$115 ($add).
  creating $macc model for $add$rtl.v:2$114 ($add).
  creating $macc model for $add$rtl.v:2$113 ($add).
  creating $macc model for $add$rtl.v:2$112 ($add).
  creating $macc model for $add$rtl.v:2$111 ($add).
  creating $macc model for $add$rtl.v:2$110 ($add).
  creating $macc model for $add$rtl.v:2$109 ($add).
  creating $macc model for $add$rtl.v:2$108 ($add).
  creating $macc model for $add$rtl.v:2$107 ($add).
  creating $macc model for $add$rtl.v:2$106 ($add).
  creating $macc model for $add$rtl.v:2$105 ($add).
  creating $macc model for $add$rtl.v:2$104 ($add).
  creating $macc model for $add$rtl.v:2$103 ($add).
  creating $macc model for $add$rtl.v:2$102 ($add).
  creating $macc model for $add$rtl.v:2$101 ($add).
  creating $macc model for $add$rtl.v:2$100 ($add).
  creating $macc model for $add$rtl.v:2$99 ($add).
  creating $macc model for $add$rtl.v:2$98 ($add).
  creating $macc model for $add$rtl.v:2$97 ($add).
  creating $macc model for $add$rtl.v:2$96 ($add).
  creating $macc model for $add$rtl.v:2$95 ($add).
  creating $macc model for $add$rtl.v:2$94 ($add).
  creating $macc model for $add$rtl.v:2$93 ($add).
  creating $macc model for $add$rtl.v:2$92 ($add).
  creating $macc model for $add$rtl.v:2$91 ($add).
  creating $macc model for $add$rtl.v:2$90 ($add).
  creating $macc model for $add$rtl.v:2$89 ($add).
  creating $macc model for $add$rtl.v:2$88 ($add).
  creating $macc model for $add$rtl.v:2$87 ($add).
  creating $macc model for $add$rtl.v:2$86 ($add).
  creating $macc model for $add$rtl.v:2$85 ($add).
  creating $macc model for $add$rtl.v:2$84 ($add).
  creating $macc model for $add$rtl.v:2$83 ($add).
  creating $macc model for $add$rtl.v:2$82 ($add).
  creating $macc model for $add$rtl.v:2$81 ($add).
  creating $macc model for $add$rtl.v:2$80 ($add).
  creating $macc model for $add$rtl.v:2$79 ($add).
  creating $macc model for $add$rtl.v:2$78 ($add).
  creating $macc model for $add$rtl.v:2$77 ($add).
  creating $macc model for $add$rtl.v:2$76 ($add).
  creating $macc model for $add$rtl.v:2$75 ($add).
  creating $macc model for $add$rtl.v:2$74 ($add).
  creating $macc model for $add$rtl.v:2$73 ($add).
  creating $macc model for $add$rtl.v:2$72 ($add).
  creating $macc model for $add$rtl.v:2$71 ($add).
  creating $macc model for $add$rtl.v:2$70 ($add).
  creating $macc model for $add$rtl.v:2$69 ($add).
  creating $macc model for $add$rtl.v:2$68 ($add).
  creating $macc model for $add$rtl.v:2$67 ($add).
  creating $macc model for $add$rtl.v:2$66 ($add).
  creating $macc model for $add$rtl.v:2$65 ($add).
  creating $macc model for $add$rtl.v:2$64 ($add).
  creating $macc model for $add$rtl.v:2$63 ($add).
  creating $macc model for $add$rtl.v:2$62 ($add).
  creating $macc model for $add$rtl.v:2$61 ($add).
  creating $macc model for $add$rtl.v:2$60 ($add).
  creating $macc model for $add$rtl.v:2$59 ($add).
  creating $macc model for $add$rtl.v:2$58 ($add).
  creating $macc model for $add$rtl.v:2$57 ($add).
  creating $macc model for $add$rtl.v:2$56 ($add).
  creating $macc model for $add$rtl.v:2$55 ($add).
  creating $macc model for $add$rtl.v:2$54 ($add).
  creating $macc model for $add$rtl.v:2$53 ($add).
  creating $macc model for $add$rtl.v:2$52 ($add).
  creating $macc model for $add$rtl.v:2$51 ($add).
  creating $macc model for $add$rtl.v:2$50 ($add).
  creating $macc model for $add$rtl.v:2$49 ($add).
  creating $macc model for $add$rtl.v:2$48 ($add).
  creating $macc model for $add$rtl.v:2$47 ($add).
  creating $macc model for $add$rtl.v:2$46 ($add).
  creating $macc model for $add$rtl.v:2$45 ($add).
  creating $macc model for $add$rtl.v:2$44 ($add).
  creating $macc model for $add$rtl.v:2$43 ($add).
  creating $macc model for $add$rtl.v:2$42 ($add).
  creating $macc model for $add$rtl.v:2$41 ($add).
  creating $macc model for $add$rtl.v:2$40 ($add).
  creating $macc model for $add$rtl.v:2$39 ($add).
  creating $macc model for $add$rtl.v:2$38 ($add).
  creating $macc model for $add$rtl.v:2$37 ($add).
  creating $macc model for $add$rtl.v:2$36 ($add).
  creating $macc model for $add$rtl.v:2$35 ($add).
  creating $macc model for $add$rtl.v:2$34 ($add).
  creating $macc model for $add$rtl.v:2$33 ($add).
  creating $macc model for $add$rtl.v:2$32 ($add).
  creating $macc model for $add$rtl.v:2$31 ($add).
  creating $macc model for $add$rtl.v:2$30 ($add).
  creating $macc model for $add$rtl.v:2$29 ($add).
  creating $macc model for $add$rtl.v:2$28 ($add).
  creating $macc model for $add$rtl.v:2$27 ($add).
  creating $macc model for $add$rtl.v:2$26 ($add).
  creating $macc model for $add$rtl.v:2$25 ($add).
  creating $macc model for $add$rtl.v:2$24 ($add).
  creating $macc model for $add$rtl.v:2$23 ($add).
  creating $macc model for $add$rtl.v:2$22 ($add).
  creating $macc model for $add$rtl.v:2$21 ($add).
  creating $macc model for $add$rtl.v:2$20 ($add).
  creating $macc model for $add$rtl.v:2$19 ($add).
  creating $macc model for $add$rtl.v:2$18 ($add).
  creating $macc model for $add$rtl.v:2$17 ($add).
  creating $macc model for $add$rtl.v:2$16 ($add).
  creating $macc model for $add$rtl.v:2$15 ($add).
  creating $macc model for $add$rtl.v:2$14 ($add).
  creating $macc model for $add$rtl.v:2$13 ($add).
  creating $macc model for $add$rtl.v:2$12 ($add).
  creating $macc model for $add$rtl.v:2$11 ($add).
  creating $macc model for $add$rtl.v:2$10 ($add).
  creating $macc model for $add$rtl.v:2$9 ($add).
  creating $macc model for $add$rtl.v:2$8 ($add).
  creating $macc model for $add$rtl.v:2$7 ($add).
  creating $macc model for $add$rtl.v:2$6 ($add).
  creating $macc model for $add$rtl.v:2$5 ($add).
  creating $macc model for $add$rtl.v:2$4 ($add).
  creating $macc model for $add$rtl.v:2$3 ($add).
  creating $macc model for $add$rtl.v:2$2 ($add).
  creating $macc model for $add$rtl.v:2$1 ($add).
  merging $macc model for $add$rtl.v:2$1 into $add$rtl.v:2$2.
  merging $macc model for $add$rtl.v:2$2 into $add$rtl.v:2$3.
  merging $macc model for $add$rtl.v:2$3 into $add$rtl.v:2$4.
  merging $macc model for $add$rtl.v:2$4 into $add$rtl.v:2$5.
  merging $macc model for $add$rtl.v:2$5 into $add$rtl.v:2$6.
  merging $macc model for $add$rtl.v:2$6 into $add$rtl.v:2$7.
  merging $macc model for $add$rtl.v:2$7 into $add$rtl.v:2$8.
  merging $macc model for $add$rtl.v:2$8 into $add$rtl.v:2$9.
  merging $macc model for $add$rtl.v:2$9 into $add$rtl.v:2$10.
  merging $macc model for $add$rtl.v:2$10 into $add$rtl.v:2$11.
  merging $macc model for $add$rtl.v:2$11 into $add$rtl.v:2$12.
  merging $macc model for $add$rtl.v:2$12 into $add$rtl.v:2$13.
  merging $macc model for $add$rtl.v:2$13 into $add$rtl.v:2$14.
  merging $macc model for $add$rtl.v:2$14 into $add$rtl.v:2$15.
  merging $macc model for $add$rtl.v:2$15 into $add$rtl.v:2$16.
  merging $macc model for $add$rtl.v:2$16 into $add$rtl.v:2$17.
  merging $macc model for $add$rtl.v:2$17 into $add$rtl.v:2$18.
  merging $macc model for $add$rtl.v:2$18 into $add$rtl.v:2$19.
  merging $macc model for $add$rtl.v:2$19 into $add$rtl.v:2$20.
  merging $macc model for $add$rtl.v:2$20 into $add$rtl.v:2$21.
  merging $macc model for $add$rtl.v:2$21 into $add$rtl.v:2$22.
  merging $macc model for $add$rtl.v:2$22 into $add$rtl.v:2$23.
  merging $macc model for $add$rtl.v:2$23 into $add$rtl.v:2$24.
  merging $macc model for $add$rtl.v:2$24 into $add$rtl.v:2$25.
  merging $macc model for $add$rtl.v:2$25 into $add$rtl.v:2$26.
  merging $macc model for $add$rtl.v:2$26 into $add$rtl.v:2$27.
  merging $macc model for $add$rtl.v:2$27 into $add$rtl.v:2$28.
  merging $macc model for $add$rtl.v:2$28 into $add$rtl.v:2$29.
  merging $macc model for $add$rtl.v:2$29 into $add$rtl.v:2$30.
  merging $macc model for $add$rtl.v:2$30 into $add$rtl.v:2$31.
  merging $macc model for $add$rtl.v:2$31 into $add$rtl.v:2$32.
  merging $macc model for $add$rtl.v:2$32 into $add$rtl.v:2$33.
  merging $macc model for $add$rtl.v:2$33 into $add$rtl.v:2$34.
  merging $macc model for $add$rtl.v:2$34 into $add$rtl.v:2$35.
  merging $macc model for $add$rtl.v:2$35 into $add$rtl.v:2$36.
  merging $macc model for $add$rtl.v:2$36 into $add$rtl.v:2$37.
  merging $macc model for $add$rtl.v:2$37 into $add$rtl.v:2$38.
  merging $macc model for $add$rtl.v:2$38 into $add$rtl.v:2$39.
  merging $macc model for $add$rtl.v:2$39 into $add$rtl.v:2$40.
  merging $macc model for $add$rtl.v:2$40 into $add$rtl.v:2$41.
  merging $macc model for $add$rtl.v:2$41 into $add$rtl.v:2$42.
  merging $macc model for $add$rtl.v:2$42 into $add$rtl.v:2$43.
  merging $macc model for $add$rtl.v:2$43 into $add$rtl.v:2$44.
  merging $macc model for $add$rtl.v:2$44 into $add$rtl.v:2$45.
  merging $macc model for $add$rtl.v:2$45 into $add$rtl.v:2$46.
  merging $macc model for $add$rtl.v:2$46 into $add$rtl.v:2$47.
  merging $macc model for $add$rtl.v:2$47 into $add$rtl.v:2$48.
  merging $macc model for $add$rtl.v:2$48 into $add$rtl.v:2$49.
  merging $macc model for $add$rtl.v:2$49 into $add$rtl.v:2$50.
  merging $macc model for $add$rtl.v:2$50 into $add$rtl.v:2$51.
  merging $macc model for $add$rtl.v:2$51 into $add$rtl.v:2$52.
  merging $macc model for $add$rtl.v:2$52 into $add$rtl.v:2$53.
  merging $macc model for $add$rtl.v:2$53 into $add$rtl.v:2$54.
  merging $macc model for $add$rtl.v:2$54 into $add$rtl.v:2$55.
  merging $macc model for $add$rtl.v:2$55 into $add$rtl.v:2$56.
  merging $macc model for $add$rtl.v:2$56 into $add$rtl.v:2$57.
  merging $macc model for $add$rtl.v:2$57 into $add$rtl.v:2$58.
  merging $macc model for $add$rtl.v:2$58 into $add$rtl.v:2$59.
  merging $macc model for $add$rtl.v:2$59 into $add$rtl.v:2$60.
  merging $macc model for $add$rtl.v:2$60 into $add$rtl.v:2$61.
  merging $macc model for $add$rtl.v:2$61 into $add$rtl.v:2$62.
  merging $macc model for $add$rtl.v:2$62 into $add$rtl.v:2$63.
  merging $macc model for $add$rtl.v:2$63 into $add$rtl.v:2$64.
  merging $macc model for $add$rtl.v:2$64 into $add$rtl.v:2$65.
  merging $macc model for $add$rtl.v:2$65 into $add$rtl.v:2$66.
  merging $macc model for $add$rtl.v:2$66 into $add$rtl.v:2$67.
  merging $macc model for $add$rtl.v:2$67 into $add$rtl.v:2$68.
  merging $macc model for $add$rtl.v:2$68 into $add$rtl.v:2$69.
  merging $macc model for $add$rtl.v:2$69 into $add$rtl.v:2$70.
  merging $macc model for $add$rtl.v:2$70 into $add$rtl.v:2$71.
  merging $macc model for $add$rtl.v:2$71 into $add$rtl.v:2$72.
  merging $macc model for $add$rtl.v:2$72 into $add$rtl.v:2$73.
  merging $macc model for $add$rtl.v:2$73 into $add$rtl.v:2$74.
  merging $macc model for $add$rtl.v:2$74 into $add$rtl.v:2$75.
  merging $macc model for $add$rtl.v:2$75 into $add$rtl.v:2$76.
  merging $macc model for $add$rtl.v:2$76 into $add$rtl.v:2$77.
  merging $macc model for $add$rtl.v:2$77 into $add$rtl.v:2$78.
  merging $macc model for $add$rtl.v:2$78 into $add$rtl.v:2$79.
  merging $macc model for $add$rtl.v:2$79 into $add$rtl.v:2$80.
  merging $macc model for $add$rtl.v:2$80 into $add$rtl.v:2$81.
  merging $macc model for $add$rtl.v:2$81 into $add$rtl.v:2$82.
  merging $macc model for $add$rtl.v:2$82 into $add$rtl.v:2$83.
  merging $macc model for $add$rtl.v:2$83 into $add$rtl.v:2$84.
  merging $macc model for $add$rtl.v:2$84 into $add$rtl.v:2$85.
  merging $macc model for $add$rtl.v:2$85 into $add$rtl.v:2$86.
  merging $macc model for $add$rtl.v:2$86 into $add$rtl.v:2$87.
  merging $macc model for $add$rtl.v:2$87 into $add$rtl.v:2$88.
  merging $macc model for $add$rtl.v:2$88 into $add$rtl.v:2$89.
  merging $macc model for $add$rtl.v:2$89 into $add$rtl.v:2$90.
  merging $macc model for $add$rtl.v:2$90 into $add$rtl.v:2$91.
  merging $macc model for $add$rtl.v:2$91 into $add$rtl.v:2$92.
  merging $macc model for $add$rtl.v:2$92 into $add$rtl.v:2$93.
  merging $macc model for $add$rtl.v:2$93 into $add$rtl.v:2$94.
  merging $macc model for $add$rtl.v:2$94 into $add$rtl.v:2$95.
  merging $macc model for $add$rtl.v:2$95 into $add$rtl.v:2$96.
  merging $macc model for $add$rtl.v:2$96 into $add$rtl.v:2$97.
  merging $macc model for $add$rtl.v:2$97 into $add$rtl.v:2$98.
  merging $macc model for $add$rtl.v:2$98 into $add$rtl.v:2$99.
  merging $macc model for $add$rtl.v:2$99 into $add$rtl.v:2$100.
  merging $macc model for $add$rtl.v:2$100 into $add$rtl.v:2$101.
  merging $macc model for $add$rtl.v:2$101 into $add$rtl.v:2$102.
  merging $macc model for $add$rtl.v:2$102 into $add$rtl.v:2$103.
  merging $macc model for $add$rtl.v:2$103 into $add$rtl.v:2$104.
  merging $macc model for $add$rtl.v:2$104 into $add$rtl.v:2$105.
  merging $macc model for $add$rtl.v:2$105 into $add$rtl.v:2$106.
  merging $macc model for $add$rtl.v:2$106 into $add$rtl.v:2$107.
  merging $macc model for $add$rtl.v:2$107 into $add$rtl.v:2$108.
  merging $macc model for $add$rtl.v:2$108 into $add$rtl.v:2$109.
  merging $macc model for $add$rtl.v:2$109 into $add$rtl.v:2$110.
  merging $macc model for $add$rtl.v:2$110 into $add$rtl.v:2$111.
  merging $macc model for $add$rtl.v:2$111 into $add$rtl.v:2$112.
  merging $macc model for $add$rtl.v:2$112 into $add$rtl.v:2$113.
  merging $macc model for $add$rtl.v:2$113 into $add$rtl.v:2$114.
  merging $macc model for $add$rtl.v:2$114 into $add$rtl.v:2$115.
  merging $macc model for $add$rtl.v:2$115 into $add$rtl.v:2$116.
  merging $macc model for $add$rtl.v:2$116 into $add$rtl.v:2$117.
  merging $macc model for $add$rtl.v:2$117 into $add$rtl.v:2$118.
  merging $macc model for $add$rtl.v:2$118 into $add$rtl.v:2$119.
  merging $macc model for $add$rtl.v:2$119 into $add$rtl.v:2$120.
  merging $macc model for $add$rtl.v:2$120 into $add$rtl.v:2$121.
  merging $macc model for $add$rtl.v:2$121 into $add$rtl.v:2$122.
  merging $macc model for $add$rtl.v:2$122 into $add$rtl.v:2$123.
  merging $macc model for $add$rtl.v:2$123 into $add$rtl.v:2$124.
  merging $macc model for $add$rtl.v:2$124 into $add$rtl.v:2$125.
  merging $macc model for $add$rtl.v:2$125 into $add$rtl.v:2$126.
  merging $macc model for $add$rtl.v:2$126 into $add$rtl.v:2$127.
  creating $macc cell for $add$rtl.v:2$127: $auto$alumacc.cc:399:replace_macc$128
  created 0 $alu and 1 $macc cells.

2.15. Executing SHARE pass (SAT-based resource sharing).

2.16. Executing OPT pass (performing simple optimizations).

2.16.1. Executing OPT_EXPR pass (perform const folding).
Optimizing module top.

2.16.2. Executing OPT_MERGE pass (detect identical cells).
Finding identical cells in module `\top'.
Computing hashes of 127 cells of `\top'.
Finding duplicate cells in `\top'.
Removed a total of 0 cells.

2.16.3. Executing OPT_MUXTREE pass (detect dead branches in mux trees).
Running muxtree optimizer on module \top..
  Creating internal representation of mux trees.
  No muxes found in this module.
Removed 0 multiplexer ports.

2.16.4. Executing OPT_REDUCE pass (consolidate $*mux and $reduce_* inputs).
  Optimizing cells in module \top.
Performed a total of 0 changes.

2.16.5. Executing OPT_MERGE pass (detect identical cells).
Finding identical cells in module `\top'.
Computing hashes of 127 cells of `\top'.
Finding duplicate cells in `\top'.
Removed a total of 0 cells.

2.16.6. Executing OPT_DFF pass (perform DFF optimizations).

2.16.7. Executing OPT_CLEAN pass (remove unused cells and wires).
Finding unused cells or wires in module \top..
Removed 126 unused cells and 126 unused wires.
<suppressed ~127 debug messages>

2.16.8. Executing OPT_EXPR pass (perform const folding).
Optimizing module top.

2.16.9. Rerunning OPT passes. (Maybe there is more to do..)

2.16.10. Executing OPT_MUXTREE pass (detect dead branches in mux trees).
Running muxtree optimizer on module \top..
  Creating internal representation of mux trees.
  No muxes found in this module.
Removed 0 multiplexer ports.

2.16.11. Executing OPT_REDUCE pass (consolidate $*mux and $reduce_* inputs).
  Optimizing cells in module \top.
Performed a total of 0 changes.

2.16.12. Executing OPT_MERGE pass (detect identical cells).
Finding identical cells in module `\top'.
Computing hashes of 1 cells of `\top'.
Finding duplicate cells in `\top'.
Removed a total of 0 cells.

2.16.13. Executing OPT_DFF pass (perform DFF optimizations).

2.16.14. Executing OPT_CLEAN pass (remove unused cells and wires).
Finding unused cells or wires in module \top..

2.16.15. Executing OPT_EXPR pass (perform const folding).
Optimizing module top.

2.16.16. Finished fast OPT passes. (There is nothing left to do.)

2.17. Executing MEMORY pass.

2.17.1. Executing OPT_MEM pass (optimize memories).
Performed a total of 0 transformations.

2.17.2. Executing OPT_MEM_PRIORITY pass (removing unnecessary memory write priority relations).
Performed a total of 0 transformations.

2.17.3. Executing OPT_MEM_FEEDBACK pass (finding memory read-to-write feedback paths).

2.17.4. Executing MEMORY_BMUX2ROM pass (converting muxes to ROMs).

2.17.5. Executing MEMORY_DFF pass (merging $dff cells to $memrd).

2.17.6. Executing OPT_CLEAN pass (remove unused cells and wires).
Finding unused cells or wires in module \top..

2.17.7. Executing MEMORY_SHARE pass (consolidating $memrd/$memwr cells).

2.17.8. Executing OPT_MEM_WIDEN pass (optimize memories where all ports are wide).
Performed a total of 0 transformations.

2.17.9. Executing OPT_CLEAN pass (remove unused cells and wires).
Finding unused cells or wires in module \top..

2.17.10. Executing MEMORY_COLLECT pass (generating $mem cells).

2.18. Executing OPT_CLEAN pass (remove unused cells and wires).
Finding unused cells or wires in module \top..

2.19. Executing OPT pass (performing simple optimizations).

2.19.1. Executing OPT_EXPR pass (perform const folding).
Optimizing module top.

2.19.2. Executing OPT_MERGE pass (detect identical cells).
Finding identical cells in module `\top'.
Computing hashes of 1 cells of `\top'.
Finding duplicate cells in `\top'.
Removed a total of 0 cells.

2.19.3. Executing OPT_DFF pass (perform DFF optimizations).

2.19.4. Executing OPT_CLEAN pass (remove unused cells and wires).
Finding unused cells or wires in module \top..

2.19.5. Finished fast OPT passes.

2.20. Executing MEMORY_MAP pass (converting memories to logic and flip-flops).

2.21. Executing OPT pass (performing simple optimizations).

2.21.1. Executing OPT_EXPR pass (perform const folding).
Optimizing module top.

2.21.2. Executing OPT_MERGE pass (detect identical cells).
Finding identical cells in module `\top'.
Computing hashes of 1 cells of `\top'.
Finding duplicate cells in `\top'.
Removed a total of 0 cells.

2.21.3. Executing OPT_MUXTREE pass (detect dead branches in mux trees).
Running muxtree optimizer on module \top..
  Creating internal representation of mux trees.
  No muxes found in this module.
Removed 0 multiplexer ports.

2.21.4. Executing OPT_REDUCE pass (consolidate $*mux and $reduce_* inputs).
  Optimizing cells in module \top.
Performed a total of 0 changes.

2.21.5. Executing OPT_MERGE pass (detect identical cells).
Finding identical cells in module `\top'.
Computing hashes of 1 cells of `\top'.
Finding duplicate cells in `\top'.
Removed a total of 0 cells.

2.21.6. Executing OPT_SHARE pass.

2.21.7. Executing OPT_DFF pass (perform DFF optimizations).

2.21.8. Executing OPT_CLEAN pass (remove unused cells and wires).
Finding unused cells or wires in module \top..

2.21.9. Executing OPT_EXPR pass (perform const folding).
Optimizing module top.

2.21.10. Finished fast OPT passes. (There is nothing left to do.)

2.22. Executing TECHMAP pass (map to technology primitives).

2.22.1. Executing Verilog-2005 frontend: /share/techmap.v
Parsing Verilog input from `/share/techmap.v' to AST representation.
Generating RTLIL representation for module `\_90_simplemap_bool_ops'.
Generating RTLIL representation for module `\_90_simplemap_reduce_ops'.
Generating RTLIL representation for module `\_90_simplemap_logic_ops'.
Generating RTLIL representation for module `\_90_simplemap_compare_ops'.
Generating RTLIL representation for module `\_90_simplemap_various'.
Generating RTLIL representation for module `\_90_simplemap_registers'.
Generating RTLIL representation for module `\_90_shift_ops_shr_shl_sshl_sshr'.
Generating RTLIL representation for module `\_90_shift_shiftx'.
Generating RTLIL representation for module `\_90_fa'.
Generating RTLIL representation for module `\_90_lcu_brent_kung'.
Generating RTLIL representation for module `\_90_alu'.
Generating RTLIL representation for module `\_90_macc'.
Generating RTLIL representation for module `\_90_alumacc'.
Generating RTLIL representation for module `$__div_mod_u'.
Generating RTLIL representation for module `$__div_mod_trunc'.
Generating RTLIL representation for module `\_90_div'.
Generating RTLIL representation for module `\_90_mod'.
Generating RTLIL representation for module `$__div_mod_floor'.
Generating RTLIL representation for module `\_90_divfloor'.
Generating RTLIL representation for module `\_90_modfloor'.
Generating RTLIL representation for module `\_90_pow'.
Generating RTLIL representation for module `\_90_demux'.
Generating RTLIL representation for module `\_90_lut'.
Generating RTLIL representation for module `$connect'.
Generating RTLIL representation for module `$input_port'.
Successfully finished Verilog frontend.

2.22.2. Continuing TECHMAP pass.
Using extmapper maccmap for cells of type $macc_v2.
  add \x [7:0] (8 bits, signed)
  add \x [1023:1016] (8 bits, signed)
  add \x [1015:1008] (8 bits, signed)
  add \x [1007:1000] (8 bits, signed)
  add \x [999:992] (8 bits, signed)
  add \x [991:984] (8 bits, signed)
  add \x [983:976] (8 bits, signed)
  add \x [975:968] (8 bits, signed)
  add \x [967:960] (8 bits, signed)
  add \x [959:952] (8 bits, signed)
  add \x [951:944] (8 bits, signed)
  add \x [943:936] (8 bits, signed)
  add \x [935:928] (8 bits, signed)
  add \x [927:920] (8 bits, signed)
  add \x [919:912] (8 bits, signed)
  add \x [911:904] (8 bits, signed)
  add \x [903:896] (8 bits, signed)
  add \x [895:888] (8 bits, signed)
  add \x [887:880] (8 bits, signed)
  add \x [879:872] (8 bits, signed)
  add \x [871:864] (8 bits, signed)
  add \x [863:856] (8 bits, signed)
  add \x [855:848] (8 bits, signed)
  add \x [847:840] (8 bits, signed)
  add \x [839:832] (8 bits, signed)
  add \x [831:824] (8 bits, signed)
  add \x [823:816] (8 bits, signed)
  add \x [815:808] (8 bits, signed)
  add \x [807:800] (8 bits, signed)
  add \x [799:792] (8 bits, signed)
  add \x [791:784] (8 bits, signed)
  add \x [783:776] (8 bits, signed)
  add \x [775:768] (8 bits, signed)
  add \x [767:760] (8 bits, signed)
  add \x [759:752] (8 bits, signed)
  add \x [751:744] (8 bits, signed)
  add \x [743:736] (8 bits, signed)
  add \x [735:728] (8 bits, signed)
  add \x [727:720] (8 bits, signed)
  add \x [719:712] (8 bits, signed)
  add \x [711:704] (8 bits, signed)
  add \x [703:696] (8 bits, signed)
  add \x [695:688] (8 bits, signed)
  add \x [687:680] (8 bits, signed)
  add \x [679:672] (8 bits, signed)
  add \x [671:664] (8 bits, signed)
  add \x [663:656] (8 bits, signed)
  add \x [655:648] (8 bits, signed)
  add \x [647:640] (8 bits, signed)
  add \x [639:632] (8 bits, signed)
  add \x [631:624] (8 bits, signed)
  add \x [623:616] (8 bits, signed)
  add \x [615:608] (8 bits, signed)
  add \x [607:600] (8 bits, signed)
  add \x [599:592] (8 bits, signed)
  add \x [591:584] (8 bits, signed)
  add \x [583:576] (8 bits, signed)
  add \x [575:568] (8 bits, signed)
  add \x [567:560] (8 bits, signed)
  add \x [559:552] (8 bits, signed)
  add \x [551:544] (8 bits, signed)
  add \x [543:536] (8 bits, signed)
  add \x [535:528] (8 bits, signed)
  add \x [527:520] (8 bits, signed)
  add \x [519:512] (8 bits, signed)
  add \x [511:504] (8 bits, signed)
  add \x [503:496] (8 bits, signed)
  add \x [495:488] (8 bits, signed)
  add \x [487:480] (8 bits, signed)
  add \x [479:472] (8 bits, signed)
  add \x [471:464] (8 bits, signed)
  add \x [463:456] (8 bits, signed)
  add \x [455:448] (8 bits, signed)
  add \x [447:440] (8 bits, signed)
  add \x [439:432] (8 bits, signed)
  add \x [431:424] (8 bits, signed)
  add \x [423:416] (8 bits, signed)
  add \x [415:408] (8 bits, signed)
  add \x [407:400] (8 bits, signed)
  add \x [399:392] (8 bits, signed)
  add \x [391:384] (8 bits, signed)
  add \x [383:376] (8 bits, signed)
  add \x [375:368] (8 bits, signed)
  add \x [367:360] (8 bits, signed)
  add \x [359:352] (8 bits, signed)
  add \x [351:344] (8 bits, signed)
  add \x [343:336] (8 bits, signed)
  add \x [335:328] (8 bits, signed)
  add \x [327:320] (8 bits, signed)
  add \x [319:312] (8 bits, signed)
  add \x [311:304] (8 bits, signed)
  add \x [303:296] (8 bits, signed)
  add \x [295:288] (8 bits, signed)
  add \x [287:280] (8 bits, signed)
  add \x [279:272] (8 bits, signed)
  add \x [271:264] (8 bits, signed)
  add \x [263:256] (8 bits, signed)
  add \x [255:248] (8 bits, signed)
  add \x [247:240] (8 bits, signed)
  add \x [239:232] (8 bits, signed)
  add \x [231:224] (8 bits, signed)
  add \x [223:216] (8 bits, signed)
  add \x [215:208] (8 bits, signed)
  add \x [207:200] (8 bits, signed)
  add \x [199:192] (8 bits, signed)
  add \x [191:184] (8 bits, signed)
  add \x [183:176] (8 bits, signed)
  add \x [175:168] (8 bits, signed)
  add \x [167:160] (8 bits, signed)
  add \x [159:152] (8 bits, signed)
  add \x [151:144] (8 bits, signed)
  add \x [143:136] (8 bits, signed)
  add \x [135:128] (8 bits, signed)
  add \x [127:120] (8 bits, signed)
  add \x [119:112] (8 bits, signed)
  add \x [111:104] (8 bits, signed)
  add \x [103:96] (8 bits, signed)
  add \x [95:88] (8 bits, signed)
  add \x [87:80] (8 bits, signed)
  add \x [79:72] (8 bits, signed)
  add \x [71:64] (8 bits, signed)
  add \x [63:56] (8 bits, signed)
  add \x [55:48] (8 bits, signed)
  add \x [47:40] (8 bits, signed)
  add \x [39:32] (8 bits, signed)
  add \x [31:24] (8 bits, signed)
  add \x [23:16] (8 bits, signed)
  add \x [15:8] (8 bits, signed)
Using template $paramod\_90_fa\WIDTH=32'00000000000000000000000000001111 for cells of type $fa.
Using template $paramod$67e8f4b8dba01cd3d8fc718acd02276257d102de\_90_alu for cells of type $alu.
Using extmapper simplemap for cells of type $xor.
Using extmapper simplemap for cells of type $and.
Using extmapper simplemap for cells of type $or.
Using template $paramod\_90_lcu_brent_kung\WIDTH=32'00000000000000000000000000001111 for cells of type $lcu.
Using extmapper simplemap for cells of type $pos.
Using extmapper simplemap for cells of type $mux.
Using extmapper simplemap for cells of type $not.
No more expansions possible.
<suppressed ~1028 debug messages>

2.23. Executing OPT pass (performing simple optimizations).

2.23.1. Executing OPT_EXPR pass (perform const folding).
Optimizing module top.
<suppressed ~534 debug messages>

2.23.2. Executing OPT_MERGE pass (detect identical cells).
Finding identical cells in module `\top'.
Computing hashes of 9091 cells of `\top'.
Finding duplicate cells in `\top'.
Computing hashes of 8503 cells of `\top'.
Finding duplicate cells in `\top'.
Computing hashes of 7915 cells of `\top'.
Finding duplicate cells in `\top'.
Computing hashes of 7621 cells of `\top'.
Finding duplicate cells in `\top'.
Computing hashes of 7285 cells of `\top'.
Finding duplicate cells in `\top'.
Computing hashes of 6949 cells of `\top'.
Finding duplicate cells in `\top'.
Computing hashes of 6781 cells of `\top'.
Finding duplicate cells in `\top'.
Computing hashes of 6591 cells of `\top'.
Finding duplicate cells in `\top'.
Computing hashes of 6401 cells of `\top'.
Finding duplicate cells in `\top'.
Computing hashes of 6306 cells of `\top'.
Finding duplicate cells in `\top'.
Computing hashes of 6202 cells of `\top'.
Finding duplicate cells in `\top'.
Computing hashes of 6098 cells of `\top'.
Finding duplicate cells in `\top'.
Computing hashes of 6046 cells of `\top'.
Finding duplicate cells in `\top'.
Computing hashes of 5998 cells of `\top'.
Finding duplicate cells in `\top'.
Computing hashes of 5950 cells of `\top'.
Finding duplicate cells in `\top'.
Computing hashes of 5926 cells of `\top'.
Finding duplicate cells in `\top'.
Computing hashes of 5902 cells of `\top'.
Finding duplicate cells in `\top'.
Computing hashes of 5878 cells of `\top'.
Finding duplicate cells in `\top'.
Computing hashes of 5866 cells of `\top'.
Finding duplicate cells in `\top'.
Computing hashes of 5858 cells of `\top'.
Finding duplicate cells in `\top'.
Computing hashes of 5850 cells of `\top'.
Finding duplicate cells in `\top'.
Computing hashes of 5846 cells of `\top'.
Finding duplicate cells in `\top'.
<suppressed ~9735 debug messages>
Removed a total of 3245 cells.

2.23.3. Executing OPT_DFF pass (perform DFF optimizations).

2.23.4. Executing OPT_CLEAN pass (remove unused cells and wires).
Finding unused cells or wires in module \top..
Removed 35 unused cells and 1306 unused wires.
<suppressed ~36 debug messages>

2.23.5. Finished fast OPT passes.

2.24. Executing HIERARCHY pass (managing design hierarchy).
Attribute `top' found on module `top'. Setting top module to top.

2.24.1. Analyzing design hierarchy..
Top module:  \top

2.24.2. Analyzing design hierarchy..
Top module:  \top
Removed 0 unused modules.

2.25. Printing statistics.

=== top ===

        +----------Local Count, excluding submodules.
        | 
      668 wires
    10581 wire bits
        3 public wires
     1054 public wire bits
        2 ports
     1039 port bits
     5811 cells
     2341   $_AND_
     1129   $_OR_
     2341   $_XOR_

2.26. Executing CHECK pass (checking for obvious problems).
Checking module top...
Found and reported 0 problems.

3. Executing AIGMAP pass (map logic to AIG).
Module top: replaced 3470 cells with 20903 new cells, skipped 2341 cells.
  replaced 2 cell types:
    1129 $_OR_
    2341 $_XOR_
  not replaced 1 cell types:
    2341 $_AND_

4. Executing OPT_CLEAN pass (remove unused cells and wires).
Finding unused cells or wires in module \top..
Removed 0 unused cells and 3470 unused wires.
<suppressed ~1 debug messages>

5. Executing AIGER backend.

6. Executing AIGER backend.

End of script. Logfile hash: 6d02e32b1f, time: 1.05s, user: 1.05s, system: 0.00s
Yosys 0.69 (git sha1 9f75ca1f9, Release, Clang /workspace/YoWASP/yosys/wasi-sdk-33.0-x86_64-linux/share/cmake/../..//bin/clang++ 22.1.0)
Time spent: 31% 15x opt_clean (0 sec), 13% 12x opt_merge (0 sec), ...

rc=0 wall=1.3
