
 /----------------------------------------------------------------------------\
 |  yosys -- Yosys Open SYnthesis Suite                                       |
 |  Copyright (C) 2012 - 2026  Claire Xenia Wolf <claire@yosyshq.com>         |
 |  Distributed under an ISC-like license, type "license" to see terms        |
 \----------------------------------------------------------------------------/
 Yosys 0.68 (git sha1 38e001a6f, Release, GNU /usr/local/bin/wrapped-cc/g++ 11.4.0)

-- Running command `read_verilog GEN4_W10.v; synth -flatten -top GEN4_W10; abc -liberty /OpenROAD-flow-scripts/flow/platforms/sky130hd/lib/sky130_fd_sc_hd__tt_025C_1v80.lib -dont_use sky130_fd_sc_hd__probe_p_8 -dont_use sky130_fd_sc_hd__probec_p_8 -dont_use sky130_fd_sc_hd__lpflow_bleeder_1 -dont_use sky130_fd_sc_hd__lpflow_clkbufkapwr_1 -dont_use sky130_fd_sc_hd__lpflow_clkbufkapwr_16 -dont_use sky130_fd_sc_hd__lpflow_clkbufkapwr_2 -dont_use sky130_fd_sc_hd__lpflow_clkbufkapwr_4 -dont_use sky130_fd_sc_hd__lpflow_clkbufkapwr_8 -dont_use sky130_fd_sc_hd__lpflow_clkinvkapwr_1 -dont_use sky130_fd_sc_hd__lpflow_clkinvkapwr_16 -dont_use sky130_fd_sc_hd__lpflow_clkinvkapwr_2 -dont_use sky130_fd_sc_hd__lpflow_clkinvkapwr_4 -dont_use sky130_fd_sc_hd__lpflow_clkinvkapwr_8 -dont_use sky130_fd_sc_hd__lpflow_decapkapwr_12 -dont_use sky130_fd_sc_hd__lpflow_decapkapwr_3 -dont_use sky130_fd_sc_hd__lpflow_decapkapwr_4 -dont_use sky130_fd_sc_hd__lpflow_decapkapwr_6 -dont_use sky130_fd_sc_hd__lpflow_decapkapwr_8 -dont_use sky130_fd_sc_hd__lpflow_inputiso0n_1 -dont_use sky130_fd_sc_hd__lpflow_inputiso0p_1 -dont_use sky130_fd_sc_hd__lpflow_inputiso1n_1 -dont_use sky130_fd_sc_hd__lpflow_inputiso1p_1 -dont_use sky130_fd_sc_hd__lpflow_inputisolatch_1 -dont_use sky130_fd_sc_hd__lpflow_isobufsrc_1 -dont_use sky130_fd_sc_hd__lpflow_isobufsrc_16 -dont_use sky130_fd_sc_hd__lpflow_isobufsrc_2 -dont_use sky130_fd_sc_hd__lpflow_isobufsrc_4 -dont_use sky130_fd_sc_hd__lpflow_isobufsrc_8 -dont_use sky130_fd_sc_hd__lpflow_isobufsrckapwr_16 -dont_use sky130_fd_sc_hd__lpflow_lsbuf_lh_hl_isowell_tap_1 -dont_use sky130_fd_sc_hd__lpflow_lsbuf_lh_hl_isowell_tap_2 -dont_use sky130_fd_sc_hd__lpflow_lsbuf_lh_hl_isowell_tap_4 -dont_use sky130_fd_sc_hd__lpflow_lsbuf_lh_isowell_4 -dont_use sky130_fd_sc_hd__lpflow_lsbuf_lh_isowell_tap_1 -dont_use sky130_fd_sc_hd__lpflow_lsbuf_lh_isowell_tap_2 -dont_use sky130_fd_sc_hd__lpflow_lsbuf_lh_isowell_tap_4 -dont_use sky130_fd_sc_hd__fill_1 -dont_use sky130_fd_sc_hd__fill_2 -dont_use sky130_fd_sc_hd__fill_4 -dont_use sky130_fd_sc_hd__fill_8; opt_clean; hilomap -singleton -hicell sky130_fd_sc_hd__conb_1 HI -locell sky130_fd_sc_hd__conb_1 LO; opt_clean -purge; write_verilog -noattr -noexpr -nohex -nodec GEN4_W10_gl_raw.v' --

1. Executing Verilog-2005 frontend: GEN4_W10.v
Parsing Verilog input from `GEN4_W10.v' to AST representation.
Generating RTLIL representation for module `\GEN4_W10'.
Successfully finished Verilog frontend.

2. Executing SYNTH pass.

2.1. Executing HIERARCHY pass (managing design hierarchy).

2.1.1. Analyzing design hierarchy..
Top module:  \GEN4_W10

2.1.2. Analyzing design hierarchy..
Top module:  \GEN4_W10
Removed 0 unused modules.

2.2. Executing PROC pass (convert processes to netlists).

2.2.1. Executing PROC_CLEAN pass (remove empty switches from decision trees).
Cleaned up 0 empty switches.

2.2.2. Executing PROC_RMDEAD pass (remove dead branches from decision trees).
Removed a total of 0 dead cases.

2.2.3. Executing PROC_PRUNE pass (remove redundant assignments in processes).
Removed 0 redundant assignments.
Promoted 0 assignments to connections.

2.2.4. Executing PROC_INIT pass (extract init attributes).

2.2.5. Executing PROC_ARST pass (detect async resets in processes).

2.2.6. Executing PROC_ROM pass (convert switches to ROMs).
Converted 0 switches.

2.2.7. Executing PROC_MUX pass (convert decision trees to multiplexers).

2.2.8. Executing PROC_DLATCH pass (convert process syncs to latches).

2.2.9. Executing PROC_DFF pass (convert process syncs to FFs).

2.2.10. Executing PROC_MEMWR pass (convert process memory writes to cells).

2.2.11. Executing PROC_CLEAN pass (remove empty switches from decision trees).
Cleaned up 0 empty switches.

2.2.12. Executing OPT_EXPR pass (perform const folding).
Optimizing module GEN4_W10.

2.3. Executing CHECK pass (checking for obvious problems).
Checking module GEN4_W10...
Found and reported 0 problems.

2.4. Executing FLATTEN pass (flatten design).

2.5. Executing OPT_EXPR pass (perform const folding).
Optimizing module GEN4_W10.

2.6. Executing OPT_CLEAN pass (remove unused cells and wires).
Finding unused cells or wires in module \GEN4_W10..
Removed 0 unused cells and 36 unused wires.
<suppressed ~1 debug messages>

2.7. Executing CHECK pass (checking for obvious problems).
Checking module GEN4_W10...
Found and reported 0 problems.

2.8. Executing OPT pass (performing simple optimizations).

2.8.1. Executing OPT_EXPR pass (perform const folding).
Optimizing module GEN4_W10.

2.8.2. Executing OPT_MERGE pass (detect identical cells).
Finding identical cells in module `\GEN4_W10'.
Computing hashes of 36 cells of `\GEN4_W10'.
Finding duplicate cells in `\GEN4_W10'.
Removed a total of 0 cells.

2.8.3. Executing OPT_MUXTREE pass (detect dead branches in mux trees).
Running muxtree optimizer on module \GEN4_W10..
  Creating internal representation of mux trees.
  No muxes found in this module.
Removed 0 multiplexer ports.

2.8.4. Executing OPT_REDUCE pass (consolidate $*mux and $reduce_* inputs).
  Optimizing cells in module \GEN4_W10.
Performed a total of 0 changes.

2.8.5. Executing OPT_MERGE pass (detect identical cells).
Finding identical cells in module `\GEN4_W10'.
Computing hashes of 36 cells of `\GEN4_W10'.
Finding duplicate cells in `\GEN4_W10'.
Removed a total of 0 cells.

2.8.6. Executing OPT_DFF pass (perform DFF optimizations).

2.8.7. Executing OPT_CLEAN pass (remove unused cells and wires).
Finding unused cells or wires in module \GEN4_W10..

2.8.8. Executing OPT_EXPR pass (perform const folding).
Optimizing module GEN4_W10.

2.8.9. Finished fast OPT passes. (There is nothing left to do.)

2.9. Executing FSM pass (extract and optimize FSM).

2.9.1. Executing FSM_DETECT pass (finding FSMs in design).

2.9.2. Executing FSM_EXTRACT pass (extracting FSM from design).

2.9.3. Executing FSM_OPT pass (simple optimizations of FSMs).

2.9.4. Executing OPT_CLEAN pass (remove unused cells and wires).
Finding unused cells or wires in module \GEN4_W10..

2.9.5. Executing FSM_OPT pass (simple optimizations of FSMs).

2.9.6. Executing FSM_RECODE pass (re-assigning FSM state encoding).

2.9.7. Executing FSM_INFO pass (dumping all available information on FSM cells).

2.9.8. Executing FSM_MAP pass (mapping FSMs to basic logic).

2.10. Executing OPT pass (performing simple optimizations).

2.10.1. Executing OPT_EXPR pass (perform const folding).
Optimizing module GEN4_W10.

2.10.2. Executing OPT_MERGE pass (detect identical cells).
Finding identical cells in module `\GEN4_W10'.
Computing hashes of 36 cells of `\GEN4_W10'.
Finding duplicate cells in `\GEN4_W10'.
Removed a total of 0 cells.

2.10.3. Executing OPT_MUXTREE pass (detect dead branches in mux trees).
Running muxtree optimizer on module \GEN4_W10..
  Creating internal representation of mux trees.
  No muxes found in this module.
Removed 0 multiplexer ports.

2.10.4. Executing OPT_REDUCE pass (consolidate $*mux and $reduce_* inputs).
  Optimizing cells in module \GEN4_W10.
Performed a total of 0 changes.

2.10.5. Executing OPT_MERGE pass (detect identical cells).
Finding identical cells in module `\GEN4_W10'.
Computing hashes of 36 cells of `\GEN4_W10'.
Finding duplicate cells in `\GEN4_W10'.
Removed a total of 0 cells.

2.10.6. Executing OPT_DFF pass (perform DFF optimizations).

2.10.7. Executing OPT_CLEAN pass (remove unused cells and wires).
Finding unused cells or wires in module \GEN4_W10..

2.10.8. Executing OPT_EXPR pass (perform const folding).
Optimizing module GEN4_W10.

2.10.9. Finished fast OPT passes. (There is nothing left to do.)

2.11. Executing WREDUCE pass (reducing word size of cells).
Removed top 1 bits (of 10) from port Y of cell GEN4_W10.$sub$GEN4_W10.v:6$1 ($sub).
Removed top 1 bits (of 10) from port Y of cell GEN4_W10.$add$GEN4_W10.v:7$2 ($add).
Removed top 1 bits (of 10) from port Y of cell GEN4_W10.$sub$GEN4_W10.v:8$3 ($sub).
Removed top 1 bits (of 10) from port Y of cell GEN4_W10.$add$GEN4_W10.v:9$4 ($add).
Removed top 1 bits (of 10) from port Y of cell GEN4_W10.$sub$GEN4_W10.v:10$5 ($sub).
Removed top 1 bits (of 10) from port Y of cell GEN4_W10.$add$GEN4_W10.v:11$6 ($add).
Removed top 1 bits (of 10) from port Y of cell GEN4_W10.$sub$GEN4_W10.v:12$7 ($sub).
Removed top 1 bits (of 10) from port Y of cell GEN4_W10.$add$GEN4_W10.v:13$8 ($add).
Removed top 1 bits (of 10) from port Y of cell GEN4_W10.$sub$GEN4_W10.v:14$9 ($sub).
Removed top 1 bits (of 10) from port Y of cell GEN4_W10.$add$GEN4_W10.v:15$10 ($add).
Removed top 1 bits (of 10) from port Y of cell GEN4_W10.$sub$GEN4_W10.v:16$11 ($sub).
Removed top 1 bits (of 10) from port Y of cell GEN4_W10.$add$GEN4_W10.v:17$12 ($add).
Removed top 1 bits (of 10) from port A of cell GEN4_W10.$sub$GEN4_W10.v:18$13 ($sub).
Removed top 1 bits (of 10) from port A of cell GEN4_W10.$add$GEN4_W10.v:19$14 ($add).
Removed top 1 bits (of 10) from port A of cell GEN4_W10.$sub$GEN4_W10.v:20$15 ($sub).
Removed top 1 bits (of 10) from port A of cell GEN4_W10.$add$GEN4_W10.v:21$16 ($add).
Removed top 1 bits (of 10) from port A of cell GEN4_W10.$sub$GEN4_W10.v:22$17 ($sub).
Removed top 1 bits (of 10) from port A of cell GEN4_W10.$add$GEN4_W10.v:23$18 ($add).
Removed top 1 bits (of 10) from port A of cell GEN4_W10.$sub$GEN4_W10.v:24$19 ($sub).
Removed top 1 bits (of 10) from port A of cell GEN4_W10.$add$GEN4_W10.v:25$20 ($add).
Removed top 1 bits (of 10) from port A of cell GEN4_W10.$sub$GEN4_W10.v:26$21 ($sub).
Removed top 1 bits (of 10) from port A of cell GEN4_W10.$add$GEN4_W10.v:27$22 ($add).
Removed top 1 bits (of 10) from port A of cell GEN4_W10.$sub$GEN4_W10.v:28$23 ($sub).
Removed top 1 bits (of 10) from port A of cell GEN4_W10.$add$GEN4_W10.v:29$24 ($add).
Removed top 1 bits (of 10) from port A of cell GEN4_W10.$sub$GEN4_W10.v:30$25 ($sub).
Removed top 1 bits (of 10) from port A of cell GEN4_W10.$add$GEN4_W10.v:31$26 ($add).
Removed top 1 bits (of 10) from port A of cell GEN4_W10.$sub$GEN4_W10.v:32$27 ($sub).
Removed top 1 bits (of 10) from port A of cell GEN4_W10.$add$GEN4_W10.v:33$28 ($add).

2.12. Executing PEEPOPT pass (run peephole optimizers).

2.13. Executing OPT_CLEAN pass (remove unused cells and wires).
Finding unused cells or wires in module \GEN4_W10..

2.14. Executing ALUMACC pass (create $alu and $macc cells).
Extracting $alu and $macc cells in module GEN4_W10:
  creating $macc model for $add$GEN4_W10.v:41$36 ($add).
  creating $macc model for $sub$GEN4_W10.v:40$35 ($sub).
  creating $macc model for $add$GEN4_W10.v:39$34 ($add).
  creating $macc model for $sub$GEN4_W10.v:38$33 ($sub).
  creating $macc model for $add$GEN4_W10.v:37$32 ($add).
  creating $macc model for $sub$GEN4_W10.v:36$31 ($sub).
  creating $macc model for $add$GEN4_W10.v:35$30 ($add).
  creating $macc model for $sub$GEN4_W10.v:34$29 ($sub).
  creating $macc model for $add$GEN4_W10.v:33$28 ($add).
  creating $macc model for $sub$GEN4_W10.v:32$27 ($sub).
  creating $macc model for $add$GEN4_W10.v:31$26 ($add).
  creating $macc model for $sub$GEN4_W10.v:30$25 ($sub).
  creating $macc model for $add$GEN4_W10.v:29$24 ($add).
  creating $macc model for $sub$GEN4_W10.v:28$23 ($sub).
  creating $macc model for $add$GEN4_W10.v:27$22 ($add).
  creating $macc model for $sub$GEN4_W10.v:26$21 ($sub).
  creating $macc model for $add$GEN4_W10.v:25$20 ($add).
  creating $macc model for $sub$GEN4_W10.v:24$19 ($sub).
  creating $macc model for $add$GEN4_W10.v:23$18 ($add).
  creating $macc model for $sub$GEN4_W10.v:22$17 ($sub).
  creating $macc model for $add$GEN4_W10.v:21$16 ($add).
  creating $macc model for $sub$GEN4_W10.v:20$15 ($sub).
  creating $macc model for $add$GEN4_W10.v:19$14 ($add).
  creating $macc model for $sub$GEN4_W10.v:18$13 ($sub).
  creating $macc model for $add$GEN4_W10.v:17$12 ($add).
  creating $macc model for $sub$GEN4_W10.v:16$11 ($sub).
  creating $macc model for $add$GEN4_W10.v:15$10 ($add).
  creating $macc model for $sub$GEN4_W10.v:14$9 ($sub).
  creating $macc model for $add$GEN4_W10.v:13$8 ($add).
  creating $macc model for $sub$GEN4_W10.v:12$7 ($sub).
  creating $macc model for $add$GEN4_W10.v:11$6 ($add).
  creating $macc model for $sub$GEN4_W10.v:10$5 ($sub).
  creating $macc model for $add$GEN4_W10.v:9$4 ($add).
  creating $macc model for $sub$GEN4_W10.v:8$3 ($sub).
  creating $macc model for $add$GEN4_W10.v:7$2 ($add).
  creating $macc model for $sub$GEN4_W10.v:6$1 ($sub).
  creating $alu model for $macc $sub$GEN4_W10.v:6$1.
  creating $alu model for $macc $add$GEN4_W10.v:7$2.
  creating $alu model for $macc $sub$GEN4_W10.v:8$3.
  creating $alu model for $macc $add$GEN4_W10.v:9$4.
  creating $alu model for $macc $sub$GEN4_W10.v:10$5.
  creating $alu model for $macc $add$GEN4_W10.v:11$6.
  creating $alu model for $macc $sub$GEN4_W10.v:12$7.
  creating $alu model for $macc $add$GEN4_W10.v:13$8.
  creating $alu model for $macc $sub$GEN4_W10.v:14$9.
  creating $alu model for $macc $add$GEN4_W10.v:15$10.
  creating $alu model for $macc $sub$GEN4_W10.v:16$11.
  creating $alu model for $macc $add$GEN4_W10.v:17$12.
  creating $alu model for $macc $sub$GEN4_W10.v:18$13.
  creating $alu model for $macc $add$GEN4_W10.v:19$14.
  creating $alu model for $macc $sub$GEN4_W10.v:20$15.
  creating $alu model for $macc $add$GEN4_W10.v:21$16.
  creating $alu model for $macc $sub$GEN4_W10.v:22$17.
  creating $alu model for $macc $add$GEN4_W10.v:23$18.
  creating $alu model for $macc $sub$GEN4_W10.v:24$19.
  creating $alu model for $macc $add$GEN4_W10.v:25$20.
  creating $alu model for $macc $sub$GEN4_W10.v:26$21.
  creating $alu model for $macc $add$GEN4_W10.v:27$22.
  creating $alu model for $macc $sub$GEN4_W10.v:28$23.
  creating $alu model for $macc $add$GEN4_W10.v:29$24.
  creating $alu model for $macc $sub$GEN4_W10.v:30$25.
  creating $alu model for $macc $add$GEN4_W10.v:31$26.
  creating $alu model for $macc $sub$GEN4_W10.v:32$27.
  creating $alu model for $macc $add$GEN4_W10.v:33$28.
  creating $alu model for $macc $sub$GEN4_W10.v:34$29.
  creating $alu model for $macc $add$GEN4_W10.v:35$30.
  creating $alu model for $macc $sub$GEN4_W10.v:36$31.
  creating $alu model for $macc $add$GEN4_W10.v:37$32.
  creating $alu model for $macc $sub$GEN4_W10.v:38$33.
  creating $alu model for $macc $add$GEN4_W10.v:39$34.
  creating $alu model for $macc $sub$GEN4_W10.v:40$35.
  creating $alu model for $macc $add$GEN4_W10.v:41$36.
  creating $alu cell for $add$GEN4_W10.v:41$36: $auto$alumacc.cc:548:replace_alu$37
  creating $alu cell for $sub$GEN4_W10.v:40$35: $auto$alumacc.cc:548:replace_alu$40
  creating $alu cell for $add$GEN4_W10.v:39$34: $auto$alumacc.cc:548:replace_alu$43
  creating $alu cell for $sub$GEN4_W10.v:38$33: $auto$alumacc.cc:548:replace_alu$46
  creating $alu cell for $add$GEN4_W10.v:37$32: $auto$alumacc.cc:548:replace_alu$49
  creating $alu cell for $sub$GEN4_W10.v:36$31: $auto$alumacc.cc:548:replace_alu$52
  creating $alu cell for $add$GEN4_W10.v:35$30: $auto$alumacc.cc:548:replace_alu$55
  creating $alu cell for $sub$GEN4_W10.v:34$29: $auto$alumacc.cc:548:replace_alu$58
  creating $alu cell for $add$GEN4_W10.v:33$28: $auto$alumacc.cc:548:replace_alu$61
  creating $alu cell for $sub$GEN4_W10.v:32$27: $auto$alumacc.cc:548:replace_alu$64
  creating $alu cell for $add$GEN4_W10.v:31$26: $auto$alumacc.cc:548:replace_alu$67
  creating $alu cell for $sub$GEN4_W10.v:30$25: $auto$alumacc.cc:548:replace_alu$70
  creating $alu cell for $add$GEN4_W10.v:29$24: $auto$alumacc.cc:548:replace_alu$73
  creating $alu cell for $sub$GEN4_W10.v:28$23: $auto$alumacc.cc:548:replace_alu$76
  creating $alu cell for $add$GEN4_W10.v:27$22: $auto$alumacc.cc:548:replace_alu$79
  creating $alu cell for $sub$GEN4_W10.v:26$21: $auto$alumacc.cc:548:replace_alu$82
  creating $alu cell for $add$GEN4_W10.v:25$20: $auto$alumacc.cc:548:replace_alu$85
  creating $alu cell for $sub$GEN4_W10.v:24$19: $auto$alumacc.cc:548:replace_alu$88
  creating $alu cell for $add$GEN4_W10.v:23$18: $auto$alumacc.cc:548:replace_alu$91
  creating $alu cell for $sub$GEN4_W10.v:22$17: $auto$alumacc.cc:548:replace_alu$94
  creating $alu cell for $add$GEN4_W10.v:21$16: $auto$alumacc.cc:548:replace_alu$97
  creating $alu cell for $sub$GEN4_W10.v:20$15: $auto$alumacc.cc:548:replace_alu$100
  creating $alu cell for $add$GEN4_W10.v:19$14: $auto$alumacc.cc:548:replace_alu$103
  creating $alu cell for $sub$GEN4_W10.v:18$13: $auto$alumacc.cc:548:replace_alu$106
  creating $alu cell for $add$GEN4_W10.v:17$12: $auto$alumacc.cc:548:replace_alu$109
  creating $alu cell for $sub$GEN4_W10.v:16$11: $auto$alumacc.cc:548:replace_alu$112
  creating $alu cell for $add$GEN4_W10.v:15$10: $auto$alumacc.cc:548:replace_alu$115
  creating $alu cell for $sub$GEN4_W10.v:14$9: $auto$alumacc.cc:548:replace_alu$118
  creating $alu cell for $add$GEN4_W10.v:13$8: $auto$alumacc.cc:548:replace_alu$121
  creating $alu cell for $sub$GEN4_W10.v:12$7: $auto$alumacc.cc:548:replace_alu$124
  creating $alu cell for $add$GEN4_W10.v:11$6: $auto$alumacc.cc:548:replace_alu$127
  creating $alu cell for $sub$GEN4_W10.v:10$5: $auto$alumacc.cc:548:replace_alu$130
  creating $alu cell for $add$GEN4_W10.v:9$4: $auto$alumacc.cc:548:replace_alu$133
  creating $alu cell for $sub$GEN4_W10.v:8$3: $auto$alumacc.cc:548:replace_alu$136
  creating $alu cell for $add$GEN4_W10.v:7$2: $auto$alumacc.cc:548:replace_alu$139
  creating $alu cell for $sub$GEN4_W10.v:6$1: $auto$alumacc.cc:548:replace_alu$142
  created 36 $alu and 0 $macc cells.

2.15. Executing SHARE pass (SAT-based resource sharing).

2.16. Executing OPT pass (performing simple optimizations).

2.16.1. Executing OPT_EXPR pass (perform const folding).
Optimizing module GEN4_W10.

2.16.2. Executing OPT_MERGE pass (detect identical cells).
Finding identical cells in module `\GEN4_W10'.
Computing hashes of 36 cells of `\GEN4_W10'.
Finding duplicate cells in `\GEN4_W10'.
Removed a total of 0 cells.

2.16.3. Executing OPT_MUXTREE pass (detect dead branches in mux trees).
Running muxtree optimizer on module \GEN4_W10..
  Creating internal representation of mux trees.
  No muxes found in this module.
Removed 0 multiplexer ports.

2.16.4. Executing OPT_REDUCE pass (consolidate $*mux and $reduce_* inputs).
  Optimizing cells in module \GEN4_W10.
Performed a total of 0 changes.

2.16.5. Executing OPT_MERGE pass (detect identical cells).
Finding identical cells in module `\GEN4_W10'.
Computing hashes of 36 cells of `\GEN4_W10'.
Finding duplicate cells in `\GEN4_W10'.
Removed a total of 0 cells.

2.16.6. Executing OPT_DFF pass (perform DFF optimizations).

2.16.7. Executing OPT_CLEAN pass (remove unused cells and wires).
Finding unused cells or wires in module \GEN4_W10..

2.16.8. Executing OPT_EXPR pass (perform const folding).
Optimizing module GEN4_W10.

2.16.9. Finished fast OPT passes. (There is nothing left to do.)

2.17. Executing MEMORY pass.

2.17.1. Executing OPT_MEM pass (optimize memories).
Performed a total of 0 transformations.

2.17.2. Executing OPT_MEM_PRIORITY pass (removing unnecessary memory write priority relations).
Performed a total of 0 transformations.

2.17.3. Executing OPT_MEM_FEEDBACK pass (finding memory read-to-write feedback paths).

2.17.4. Executing MEMORY_BMUX2ROM pass (converting muxes to ROMs).

2.17.5. Executing MEMORY_DFF pass (merging $dff cells to $memrd).

2.17.6. Executing OPT_CLEAN pass (remove unused cells and wires).
Finding unused cells or wires in module \GEN4_W10..

2.17.7. Executing MEMORY_SHARE pass (consolidating $memrd/$memwr cells).

2.17.8. Executing OPT_MEM_WIDEN pass (optimize memories where all ports are wide).
Performed a total of 0 transformations.

2.17.9. Executing OPT_CLEAN pass (remove unused cells and wires).
Finding unused cells or wires in module \GEN4_W10..

2.17.10. Executing MEMORY_COLLECT pass (generating $mem cells).

2.18. Executing OPT_CLEAN pass (remove unused cells and wires).
Finding unused cells or wires in module \GEN4_W10..

2.19. Executing OPT pass (performing simple optimizations).

2.19.1. Executing OPT_EXPR pass (perform const folding).
Optimizing module GEN4_W10.

2.19.2. Executing OPT_MERGE pass (detect identical cells).
Finding identical cells in module `\GEN4_W10'.
Computing hashes of 36 cells of `\GEN4_W10'.
Finding duplicate cells in `\GEN4_W10'.
Removed a total of 0 cells.

2.19.3. Executing OPT_DFF pass (perform DFF optimizations).

2.19.4. Executing OPT_CLEAN pass (remove unused cells and wires).
Finding unused cells or wires in module \GEN4_W10..

2.19.5. Finished fast OPT passes.

2.20. Executing MEMORY_MAP pass (converting memories to logic and flip-flops).

2.21. Executing OPT pass (performing simple optimizations).

2.21.1. Executing OPT_EXPR pass (perform const folding).
Optimizing module GEN4_W10.

2.21.2. Executing OPT_MERGE pass (detect identical cells).
Finding identical cells in module `\GEN4_W10'.
Computing hashes of 36 cells of `\GEN4_W10'.
Finding duplicate cells in `\GEN4_W10'.
Removed a total of 0 cells.

2.21.3. Executing OPT_MUXTREE pass (detect dead branches in mux trees).
Running muxtree optimizer on module \GEN4_W10..
  Creating internal representation of mux trees.
  No muxes found in this module.
Removed 0 multiplexer ports.

2.21.4. Executing OPT_REDUCE pass (consolidate $*mux and $reduce_* inputs).
  Optimizing cells in module \GEN4_W10.
Performed a total of 0 changes.

2.21.5. Executing OPT_MERGE pass (detect identical cells).
Finding identical cells in module `\GEN4_W10'.
Computing hashes of 36 cells of `\GEN4_W10'.
Finding duplicate cells in `\GEN4_W10'.
Removed a total of 0 cells.

2.21.6. Executing OPT_SHARE pass.

2.21.7. Executing OPT_DFF pass (perform DFF optimizations).

2.21.8. Executing OPT_CLEAN pass (remove unused cells and wires).
Finding unused cells or wires in module \GEN4_W10..

2.21.9. Executing OPT_EXPR pass (perform const folding).
Optimizing module GEN4_W10.

2.21.10. Finished fast OPT passes. (There is nothing left to do.)

2.22. Executing TECHMAP pass (map to technology primitives).

2.22.1. Executing Verilog-2005 frontend: /usr/local/bin/../share/yosys/techmap.v
Parsing Verilog input from `/usr/local/bin/../share/yosys/techmap.v' to AST representation.
Generating RTLIL representation for module `\_90_simplemap_bool_ops'.
Generating RTLIL representation for module `\_90_simplemap_reduce_ops'.
Generating RTLIL representation for module `\_90_simplemap_logic_ops'.
Generating RTLIL representation for module `\_90_simplemap_compare_ops'.
Generating RTLIL representation for module `\_90_simplemap_various'.
Generating RTLIL representation for module `\_90_simplemap_registers'.
Generating RTLIL representation for module `\_90_shift_ops_shr_shl_sshl_sshr'.
Generating RTLIL representation for module `\_90_shift_shiftx'.
Generating RTLIL representation for module `\_90_fa'.
Generating RTLIL representation for module `\_90_lcu_brent_kung'.
Generating RTLIL representation for module `\_90_alu'.
Generating RTLIL representation for module `\_90_macc'.
Generating RTLIL representation for module `\_90_alumacc'.
Generating RTLIL representation for module `$__div_mod_u'.
Generating RTLIL representation for module `$__div_mod_trunc'.
Generating RTLIL representation for module `\_90_div'.
Generating RTLIL representation for module `\_90_mod'.
Generating RTLIL representation for module `$__div_mod_floor'.
Generating RTLIL representation for module `\_90_divfloor'.
Generating RTLIL representation for module `\_90_modfloor'.
Generating RTLIL representation for module `\_90_pow'.
Generating RTLIL representation for module `\_90_demux'.
Generating RTLIL representation for module `\_90_lut'.
Generating RTLIL representation for module `$connect'.
Generating RTLIL representation for module `$input_port'.
Successfully finished Verilog frontend.

2.22.2. Continuing TECHMAP pass.
Using template $paramod$381d5ac9ce4d79feb95fa03ade8f84c5a58bb3c0\_90_alu for cells of type $alu.
Using template $paramod$fd1ed558bf45777e56fc887290454192663a02cc\_90_alu for cells of type $alu.
Using template $paramod$2ee99f7d34604d49220c508e2a022c99f49ec060\_90_alu for cells of type $alu.
Using template $paramod$c6d197d8767d5e7f567fab59c9b3b537bafbfd3f\_90_alu for cells of type $alu.
Using template $paramod$5404fad1a86b446f39b010a8ce9b5ebc058574c5\_90_alu for cells of type $alu.
Using extmapper simplemap for cells of type $xor.
Using template $paramod\_90_fa\WIDTH=32'00000000000000000000000000001001 for cells of type $fa.
Using template $paramod\_90_lcu_brent_kung\WIDTH=32'00000000000000000000000000001001 for cells of type $lcu.
Using extmapper simplemap for cells of type $pos.
Using extmapper simplemap for cells of type $mux.
Using extmapper simplemap for cells of type $not.
Using template $paramod\_90_fa\WIDTH=32'00000000000000000000000000001010 for cells of type $fa.
Using template $paramod\_90_lcu_brent_kung\WIDTH=32'00000000000000000000000000001010 for cells of type $lcu.
Using extmapper simplemap for cells of type $or.
Using extmapper simplemap for cells of type $and.
No more expansions possible.
<suppressed ~2095 debug messages>

2.23. Executing OPT pass (performing simple optimizations).

2.23.1. Executing OPT_EXPR pass (perform const folding).
Optimizing module GEN4_W10.
<suppressed ~1524 debug messages>

2.23.2. Executing OPT_MERGE pass (detect identical cells).
Finding identical cells in module `\GEN4_W10'.
Computing hashes of 2514 cells of `\GEN4_W10'.
Finding duplicate cells in `\GEN4_W10'.
Computing hashes of 2257 cells of `\GEN4_W10'.
Finding duplicate cells in `\GEN4_W10'.
Computing hashes of 2229 cells of `\GEN4_W10'.
Finding duplicate cells in `\GEN4_W10'.
<suppressed ~855 debug messages>
Removed a total of 285 cells.

2.23.3. Executing OPT_DFF pass (perform DFF optimizations).

2.23.4. Executing OPT_CLEAN pass (remove unused cells and wires).
Finding unused cells or wires in module \GEN4_W10..
Removed 241 unused cells and 1527 unused wires.
<suppressed ~242 debug messages>

2.23.5. Finished fast OPT passes.

2.24. Executing ABC pass (technology mapping using ABC).

2.24.1. Extracting gate netlist of module `\GEN4_W10' to `<abc-temp-dir>/input.blif'..

2.24.1.1. Executed ABC.
Extracted 1988 gates and 2020 wires to a netlist network with 32 inputs and 348 outputs.
Running ABC script: <abc-temp-dir>/abc.script
ABC: UC Berkeley, ABC 1.01 (compiled 0 0)
ABC: abc 01> empty
ABC: abc 01> source <abc-temp-dir>/abc.script
ABC: + read_blif <abc-temp-dir>/input.blif 
ABC: + read_library <abc-temp-dir>/stdcells.genlib 
ABC: + strash 
ABC: + &get -n 
ABC: + &fraig -x 
ABC: + &put 
ABC: + scorr 
ABC: Warning: The network is combinational (run "fraig" or "fraig_sweep").
ABC: + dc2 
ABC: + dretime 
ABC: + strash 
ABC: + &get -n 
ABC: + &dch -f 
ABC: + &nf 
ABC: + &put 
ABC: + write_blif <abc-temp-dir>/output.blif 
ABC: 
ABC: YOSYS_ABC_DONE 

2.24.1.2. Re-integrating ABC results.
ABC RESULTS:               AND cells:      154
ABC RESULTS:            ANDNOT cells:       10
ABC RESULTS:              NAND cells:      430
ABC RESULTS:               NOR cells:        2
ABC RESULTS:               NOT cells:       25
ABC RESULTS:                OR cells:      166
ABC RESULTS:             ORNOT cells:      153
ABC RESULTS:              XNOR cells:      225
ABC RESULTS:               XOR cells:      232
ABC RESULTS:        internal signals:     1640
ABC RESULTS:           input signals:       32
ABC RESULTS:          output signals:      348
Removing temp directory.
Removing global temp directory.

2.25. Executing OPT pass (performing simple optimizations).

2.25.1. Executing OPT_EXPR pass (perform const folding).
Optimizing module GEN4_W10.

2.25.2. Executing OPT_MERGE pass (detect identical cells).
Finding identical cells in module `\GEN4_W10'.
Computing hashes of 1397 cells of `\GEN4_W10'.
Finding duplicate cells in `\GEN4_W10'.
Computing hashes of 1372 cells of `\GEN4_W10'.
Finding duplicate cells in `\GEN4_W10'.
<suppressed ~75 debug messages>
Removed a total of 25 cells.

2.25.3. Executing OPT_DFF pass (perform DFF optimizations).

2.25.4. Executing OPT_CLEAN pass (remove unused cells and wires).
Finding unused cells or wires in module \GEN4_W10..
Removed 0 unused cells and 1199 unused wires.
<suppressed ~1 debug messages>

2.25.5. Finished fast OPT passes.

2.26. Executing HIERARCHY pass (managing design hierarchy).
Attribute `top' found on module `GEN4_W10'. Setting top module to GEN4_W10.

2.26.1. Analyzing design hierarchy..
Top module:  \GEN4_W10

2.26.2. Analyzing design hierarchy..
Top module:  \GEN4_W10
Removed 0 unused modules.

2.27. Printing statistics.

=== GEN4_W10 ===

        +----------Local Count, excluding submodules.
        | 
     1131 wires
     2273 wire bits
       82 public wires
     1224 public wire bits
        2 ports
      432 port bits
     1372 cells
       10   $_ANDNOT_
      154   $_AND_
      430   $_NAND_
        2   $_NOR_
       24   $_NOT_
      153   $_ORNOT_
      166   $_OR_
      219   $_XNOR_
      214   $_XOR_

2.28. Executing CHECK pass (checking for obvious problems).
Checking module GEN4_W10...
Found and reported 0 problems.

3. Executing ABC pass (technology mapping using ABC).

3.1. Extracting gate netlist of module `\GEN4_W10' to `<abc-temp-dir>/input.blif'..

3.1.1. Executed ABC.
Extracted 1372 gates and 1404 wires to a netlist network with 32 inputs and 323 outputs.
Running ABC script: <abc-temp-dir>/abc.script
ABC: UC Berkeley, ABC 1.01 (compiled 0 0)
ABC: abc 01> empty
ABC: abc 01> source <abc-temp-dir>/abc.script
ABC: + read_blif <abc-temp-dir>/input.blif 
ABC: + read_scl /tmp/yosys-liberty-scl-cache/yosys_merged_f352e82c.scl 
ABC: Warning: Detected 9 multi-output cells (for example, "sky130_fd_sc_hd__fa_1").
ABC: + strash 
ABC: + &get -n 
ABC: + &fraig -x 
ABC: + &put 
ABC: + scorr 
ABC: Warning: The network is combinational (run "fraig" or "fraig_sweep").
ABC: + dc2 
ABC: + dretime 
ABC: + strash 
ABC: + &get -n 
ABC: + &dch -f 
ABC: + &nf 
ABC: + &put 
ABC: + write_blif <abc-temp-dir>/output.blif 
ABC: 
ABC: YOSYS_ABC_DONE 

3.1.2. Re-integrating ABC results.
ABC RESULTS:   sky130_fd_sc_hd__a211oi_1 cells:        2
ABC RESULTS:   sky130_fd_sc_hd__a21boi_0 cells:        4
ABC RESULTS:   sky130_fd_sc_hd__a21o_1 cells:       18
ABC RESULTS:   sky130_fd_sc_hd__a21oi_1 cells:       42
ABC RESULTS:   sky130_fd_sc_hd__a221oi_1 cells:        1
ABC RESULTS:   sky130_fd_sc_hd__a2bb2oi_1 cells:        1
ABC RESULTS:   sky130_fd_sc_hd__a31oi_1 cells:        2
ABC RESULTS:   sky130_fd_sc_hd__a32o_1 cells:        4
ABC RESULTS:   sky130_fd_sc_hd__and2_0 cells:       42
ABC RESULTS:   sky130_fd_sc_hd__and3_1 cells:        7
ABC RESULTS:   sky130_fd_sc_hd__clkinv_1 cells:       70
ABC RESULTS:   sky130_fd_sc_hd__maj3_1 cells:      143
ABC RESULTS:   sky130_fd_sc_hd__nand2_1 cells:       88
ABC RESULTS:   sky130_fd_sc_hd__nand2b_1 cells:       12
ABC RESULTS:   sky130_fd_sc_hd__nand3_1 cells:       15
ABC RESULTS:   sky130_fd_sc_hd__nor2_1 cells:       83
ABC RESULTS:   sky130_fd_sc_hd__nor2b_1 cells:       17
ABC RESULTS:   sky130_fd_sc_hd__nor3_1 cells:       13
ABC RESULTS:   sky130_fd_sc_hd__nor4_1 cells:        1
ABC RESULTS:   sky130_fd_sc_hd__o211ai_1 cells:        1
ABC RESULTS:   sky130_fd_sc_hd__o21a_1 cells:       16
ABC RESULTS:   sky130_fd_sc_hd__o21ai_0 cells:       34
ABC RESULTS:   sky130_fd_sc_hd__o2bb2ai_1 cells:        1
ABC RESULTS:   sky130_fd_sc_hd__o31ai_1 cells:        4
ABC RESULTS:   sky130_fd_sc_hd__o32a_1 cells:        1
ABC RESULTS:   sky130_fd_sc_hd__o32ai_1 cells:        3
ABC RESULTS:   sky130_fd_sc_hd__or2_0 cells:        3
ABC RESULTS:   sky130_fd_sc_hd__or4_1 cells:        1
ABC RESULTS:   sky130_fd_sc_hd__xnor2_1 cells:      244
ABC RESULTS:   sky130_fd_sc_hd__xnor3_1 cells:       19
ABC RESULTS:   sky130_fd_sc_hd__xor2_1 cells:      128
ABC RESULTS:   sky130_fd_sc_hd__xor3_1 cells:        2
ABC RESULTS:        internal signals:     1049
ABC RESULTS:           input signals:       32
ABC RESULTS:          output signals:      323
Removing temp directory.
Removing global temp directory.

4. Executing OPT_CLEAN pass (remove unused cells and wires).
Finding unused cells or wires in module \GEN4_W10..
Removed 0 unused cells and 1404 unused wires.
<suppressed ~1 debug messages>

5. Executing HILOMAP pass (mapping to constant drivers).

6. Executing OPT_CLEAN pass (remove unused cells and wires).
Finding unused cells or wires in module \GEN4_W10..
Removed 0 unused cells and 80 unused wires.
<suppressed ~80 debug messages>

7. Executing Verilog backend.
Dumping module `\GEN4_W10'.

End of script. Logfile hash: ee70bf13d3, time: 0.86s, user: 0.24s, system: 0.04s, MEM: 40.16 MB peak
Yosys 0.68 (git sha1 38e001a6f, Release, GNU /usr/local/bin/wrapped-cc/g++ 11.4.0)
Time spent: 76% 2x abc (0 sec), 5% 17x opt_clean (0 sec), ...
