mkdir -p /work/orfs/results/sky130hd/ubp4_n32_u75/base/
echo 20.0 > /work/orfs/results/sky130hd/ubp4_n32_u75/base/clock_period.txt
/OpenROAD-flow-scripts/flow/scripts/synth.sh /OpenROAD-flow-scripts/flow/scripts/synth_canonicalize.tcl /work/orfs/logs/sky130hd/ubp4_n32_u75/base/1_1_yosys_canonicalize.log
exec cp /work/ubp4_n32/netlist.v /work/orfs/results/sky130hd/ubp4_n32_u75/base/1_2_yosys.v
exec touch -r /work/ubp4_n32/netlist.v /work/orfs/results/sky130hd/ubp4_n32_u75/base/1_2_yosys.v
Elapsed time: 0:00.10[h:]min:sec. CPU time: user 0.03 sys 0.02 (60%). Peak memory: 27424KB.
Log                       Ext     Elapsed/s Peak Memory/MB sha1sum result [0:20)
1_1_yosys_canonicalize                    0             26                  N/A
/OpenROAD-flow-scripts/flow/scripts/synth.sh /OpenROAD-flow-scripts/flow/scripts/synth.tcl /work/orfs/logs/sky130hd/ubp4_n32_u75/base/1_2_yosys.log
exec cp /work/ubp4_n32/netlist.v /work/orfs/results/sky130hd/ubp4_n32_u75/base/1_2_yosys.v
exec touch -r /work/ubp4_n32/netlist.v /work/orfs/results/sky130hd/ubp4_n32_u75/base/1_2_yosys.v
Elapsed time: 0:00.07[h:]min:sec. CPU time: user 0.04 sys 0.00 (66%). Peak memory: 27328KB.
Log                       Ext     Elapsed/s Peak Memory/MB sha1sum result [0:20)
1_2_yosys                 .v              0             26 7a008e231d1edb9a09c8
cp /work/ubp4_n32/constraint.sdc /work/orfs/results/sky130hd/ubp4_n32_u75/base/1_2_yosys.sdc
touch -r /work/ubp4_n32/constraint.sdc /work/orfs/results/sky130hd/ubp4_n32_u75/base/1_2_yosys.sdc
OpenROAD unknown 
Features included (+) or not (-): -GPU +GUI -Python
This program is licensed under the BSD-3 license. See the LICENSE file for details.
Components of this program may be licensed under more restrictive licenses which must be honored.
[INFO ORD-0030] Using 2 thread(s).
mkdir -p /work/orfs/objects/sky130hd/ubp4_n32_u75/base
/OpenROAD-flow-scripts/flow/scripts/flow.sh 1_synth synth_odb
Running synth_odb.tcl, stage 1_synth
read_liberty /OpenROAD-flow-scripts/flow/platforms/sky130hd/lib/sky130_fd_sc_hd__tt_025C_1v80.lib
[INFO ODB-0227] LEF file: /OpenROAD-flow-scripts/flow/platforms/sky130hd/lef/sky130_fd_sc_hd.tlef, created 13 layers, 25 vias
[INFO ODB-0227] LEF file: /OpenROAD-flow-scripts/flow/platforms/sky130hd/lef/sky130_fd_sc_hd_merged.lef, created 441 library cells
link_design top
read_sdc /work/orfs/results/sky130hd/ubp4_n32_u75/base/1_2_yosys.sdc
source /OpenROAD-flow-scripts/flow/platforms/sky130hd/setRC.tcl
Design area 169813 um^2 100% utilization.
write_db /work/orfs/results/sky130hd/ubp4_n32_u75/base/1_synth.odb
write_sdc -no_timestamp /work/orfs/results/sky130hd/ubp4_n32_u75/base/1_synth.sdc
Warning: master sky130_ef_sc_hd__decap_12 has signal pins but no liberty cell
Elapsed time: 0:01.56[h:]min:sec. CPU time: user 0.93 sys 0.06 (63%). Peak memory: 159056KB.
Log                       Ext     Elapsed/s Peak Memory/MB sha1sum result [0:20)
1_synth                   .odb            1            155 d4b7b73013eea0d52f74
1_synth                   .sdc                             c5167e321845919ca71b
/OpenROAD-flow-scripts/flow/scripts/flow.sh 2_1_floorplan floorplan
Running floorplan.tcl, stage 2_1_floorplan
read_liberty /OpenROAD-flow-scripts/flow/platforms/sky130hd/lib/sky130_fd_sc_hd__tt_025C_1v80.lib
read_db /work/orfs/results/sky130hd/ubp4_n32_u75/base/1_synth.odb
read_sdc /work/orfs/results/sky130hd/ubp4_n32_u75/base/1_synth.sdc
source /OpenROAD-flow-scripts/flow/platforms/sky130hd/setRC.tcl
Master sky130_ef_sc_hd__decap_12 is loaded but not used in the design

==========================================================================
Floorplan check_setup
--------------------------------------------------------------------------
number instances in verilog is 21296
initialize_floorplan -utilization 75 -aspect_ratio 1 -core_space 2 -site unithd
[INFO IFP-0107] Defining die area using utilization: 75.00% and aspect ratio: 1.
[WARNING IFP-0028] Core area lower left (2.000, 2.000) snapped to (2.300, 2.720).
[INFO IFP-0001] Added 174 rows of 1033 site unithd.
[INFO IFP-0100] Die BBox:  (  0.000  0.000 ) ( 479.835 479.835 ) um
[INFO IFP-0101] Core BBox: (  2.300  2.720 ) ( 477.480 476.000 ) um
[INFO IFP-0102] Core area:                       224893.190 um^2
[INFO IFP-0103] Total instances area:            169812.864 um^2
[INFO IFP-0104] Effective utilization:                0.755
[INFO IFP-0105] Number of instances:                  21296
source /OpenROAD-flow-scripts/flow/platforms/sky130hd/make_tracks.tcl
source /OpenROAD-flow-scripts/flow/platforms/sky130hd/fastroute.tcl
set_dont_use "sky130_fd_sc_hd__probe_p_8 sky130_fd_sc_hd__probec_p_8 sky130_fd_sc_hd__lpflow_bleeder_1 sky130_fd_sc_hd__lpflow_clkbufkapwr_1 sky130_fd_sc_hd__lpflow_clkbufkapwr_16 sky130_fd_sc_hd__lpflow_clkbufkapwr_2 sky130_fd_sc_hd__lpflow_clkbufkapwr_4 sky130_fd_sc_hd__lpflow_clkbufkapwr_8 sky130_fd_sc_hd__lpflow_clkinvkapwr_1 sky130_fd_sc_hd__lpflow_clkinvkapwr_16 sky130_fd_sc_hd__lpflow_clkinvkapwr_2 sky130_fd_sc_hd__lpflow_clkinvkapwr_4 sky130_fd_sc_hd__lpflow_clkinvkapwr_8 sky130_fd_sc_hd__lpflow_decapkapwr_12 sky130_fd_sc_hd__lpflow_decapkapwr_3 sky130_fd_sc_hd__lpflow_decapkapwr_4 sky130_fd_sc_hd__lpflow_decapkapwr_6 sky130_fd_sc_hd__lpflow_decapkapwr_8 sky130_fd_sc_hd__lpflow_inputiso0n_1 sky130_fd_sc_hd__lpflow_inputiso0p_1 sky130_fd_sc_hd__lpflow_inputiso1n_1 sky130_fd_sc_hd__lpflow_inputiso1p_1 sky130_fd_sc_hd__lpflow_inputisolatch_1 sky130_fd_sc_hd__lpflow_isobufsrc_1 sky130_fd_sc_hd__lpflow_isobufsrc_16 sky130_fd_sc_hd__lpflow_isobufsrc_2 sky130_fd_sc_hd__lpflow_isobufsrc_4 sky130_fd_sc_hd__lpflow_isobufsrc_8 sky130_fd_sc_hd__lpflow_isobufsrckapwr_16 sky130_fd_sc_hd__lpflow_lsbuf_lh_hl_isowell_tap_1 sky130_fd_sc_hd__lpflow_lsbuf_lh_hl_isowell_tap_2 sky130_fd_sc_hd__lpflow_lsbuf_lh_hl_isowell_tap_4 sky130_fd_sc_hd__lpflow_lsbuf_lh_isowell_4 sky130_fd_sc_hd__lpflow_lsbuf_lh_isowell_tap_1 sky130_fd_sc_hd__lpflow_lsbuf_lh_isowell_tap_2 sky130_fd_sc_hd__lpflow_lsbuf_lh_isowell_tap_4"
repair_tie_fanout -separation 0 sky130_fd_sc_hd__tt_025C_1v80/sky130_fd_sc_hd__conb_1/LO
[INFO RSZ-0042] Inserted 172 tie sky130_fd_sc_hd__conb_1 instances.
repair_tie_fanout -separation 0 sky130_fd_sc_hd__tt_025C_1v80/sky130_fd_sc_hd__conb_1/HI
repair_timing -setup_margin 0 -hold_margin 0 -repair_tns 100 -match_cell_footprint -setup -skip_last_gasp -sequence unbuffer,sizeup,swap,vt_swap -verbose
[WARNING EST-0027] no estimated parasitics. Using wire load models.
[INFO RSZ-0100] Repair move sequence: UnbufferMove SizeUpMove SwapPinsMove 
[INFO RSZ-0098] No setup violations found
[INFO RSZ-0505] Runtime: 0.43s
Default units for flow
 time 1ns
 capacitance 1pF
 resistance 1kohm
 voltage 1v
 current 1mA
 power 1nW
 distance 1um
   Layer   | Unit Resistance | Unit Capacitance 
           |       (kohm/um) |          (pF/um)
------------------------------------------------
       li1 |        7.18e-02 |         1.50e-04
      met1 |        1.21e-03 |         1.72e-04
      met2 |        1.22e-03 |         1.36e-04
      met3 |        1.66e-04 |         2.15e-04
      met4 |        1.68e-04 |         1.48e-04
      met5 |        1.84e-05 |         1.54e-04
------------------------------------------------

   Layer   | Via Resistance 
           |         (kohm) 
----------------------------
      mcon |       9.25e-03 
       via |       4.50e-03 
      via2 |       3.37e-03 
      via3 |       3.77e-04 
      via4 |       5.80e-06 
----------------------------
Report metrics stage 2, floorplan final...

==========================================================================
floorplan final report_design_area
--------------------------------------------------------------------------
Design area 170338 um^2 76% utilization.
write_db /work/orfs/results/sky130hd/ubp4_n32_u75/base/2_1_floorplan.odb
write_sdc -no_timestamp /work/orfs/results/sky130hd/ubp4_n32_u75/base/2_1_floorplan.sdc
Elapsed time: 0:04.26[h:]min:sec. CPU time: user 2.44 sys 0.15 (60%). Peak memory: 213992KB.
Log                       Ext     Elapsed/s Peak Memory/MB sha1sum result [0:20)
2_1_floorplan             .odb            4            208 2dba654bcb449e2e8d43
2_1_floorplan             .sdc                             c5167e321845919ca71b
/OpenROAD-flow-scripts/flow/scripts/flow.sh 2_2_floorplan_macro macro_place
Running macro_place.tcl, stage 2_2_floorplan_macro
read_liberty /OpenROAD-flow-scripts/flow/platforms/sky130hd/lib/sky130_fd_sc_hd__tt_025C_1v80.lib
read_db /work/orfs/results/sky130hd/ubp4_n32_u75/base/2_1_floorplan.odb
read_sdc /work/orfs/results/sky130hd/ubp4_n32_u75/base/2_1_floorplan.sdc
source /OpenROAD-flow-scripts/flow/platforms/sky130hd/setRC.tcl
No macros found: Skipping macro_placement
Design area 170338 um^2 76% utilization.
write_db /work/orfs/results/sky130hd/ubp4_n32_u75/base/2_2_floorplan_macro.odb
Elapsed time: 0:01.32[h:]min:sec. CPU time: user 0.59 sys 0.08 (50%). Peak memory: 133168KB.
Log                       Ext     Elapsed/s Peak Memory/MB sha1sum result [0:20)
2_2_floorplan_macro       .odb            1            130 2dba654bcb449e2e8d43
/OpenROAD-flow-scripts/flow/scripts/flow.sh 2_3_floorplan_tapcell tapcell
Running tapcell.tcl, stage 2_3_floorplan_tapcell
read_liberty /OpenROAD-flow-scripts/flow/platforms/sky130hd/lib/sky130_fd_sc_hd__tt_025C_1v80.lib
read_db /work/orfs/results/sky130hd/ubp4_n32_u75/base/2_2_floorplan_macro.odb
read_sdc /work/orfs/results/sky130hd/ubp4_n32_u75/base/2_1_floorplan.sdc
source /OpenROAD-flow-scripts/flow/platforms/sky130hd/setRC.tcl
[INFO TAP-0005] Inserted 2992 tapcells.
Design area 174082 um^2 77% utilization.
write_db /work/orfs/results/sky130hd/ubp4_n32_u75/base/2_3_floorplan_tapcell.odb
Elapsed time: 0:01.04[h:]min:sec. CPU time: user 0.57 sys 0.10 (63%). Peak memory: 132164KB.
Log                       Ext     Elapsed/s Peak Memory/MB sha1sum result [0:20)
2_3_floorplan_tapcell     .odb            1            129 ae986d7f0a1a7d9a5af0
/OpenROAD-flow-scripts/flow/scripts/flow.sh 2_4_floorplan_pdn pdn
Running pdn.tcl, stage 2_4_floorplan_pdn
read_liberty /OpenROAD-flow-scripts/flow/platforms/sky130hd/lib/sky130_fd_sc_hd__tt_025C_1v80.lib
read_db /work/orfs/results/sky130hd/ubp4_n32_u75/base/2_3_floorplan_tapcell.odb
read_sdc /work/orfs/results/sky130hd/ubp4_n32_u75/base/2_1_floorplan.sdc
source /OpenROAD-flow-scripts/flow/platforms/sky130hd/setRC.tcl
[WARNING PDN-1051] No instances found for grid (CORE_macro_grid_1).
[WARNING PDN-1051] No instances found for grid (CORE_macro_grid_2).
[INFO PDN-0001] Inserting grid: grid
[INFO PDN-0500] Runtime: 0.24s
Design area 174082 um^2 77% utilization.
write_db /work/orfs/results/sky130hd/ubp4_n32_u75/base/2_4_floorplan_pdn.odb
Elapsed time: 0:01.86[h:]min:sec. CPU time: user 0.95 sys 0.09 (55%). Peak memory: 142908KB.
Log                       Ext     Elapsed/s Peak Memory/MB sha1sum result [0:20)
2_4_floorplan_pdn         .odb            1            139 ef9f5e8a1d97aac3eb61
cp /work/orfs/results/sky130hd/ubp4_n32_u75/base/2_4_floorplan_pdn.odb /work/orfs/results/sky130hd/ubp4_n32_u75/base/2_floorplan.odb
cp /work/orfs/results/sky130hd/ubp4_n32_u75/base/2_1_floorplan.sdc /work/orfs/results/sky130hd/ubp4_n32_u75/base/2_floorplan.sdc
/OpenROAD-flow-scripts/flow/scripts/flow.sh 3_1_place_gp_skip_io global_place_skip_io
Running global_place_skip_io.tcl, stage 3_1_place_gp_skip_io
read_liberty /OpenROAD-flow-scripts/flow/platforms/sky130hd/lib/sky130_fd_sc_hd__tt_025C_1v80.lib
read_db /work/orfs/results/sky130hd/ubp4_n32_u75/base/2_floorplan.odb
read_sdc /work/orfs/results/sky130hd/ubp4_n32_u75/base/2_floorplan.sdc
source /OpenROAD-flow-scripts/flow/platforms/sky130hd/setRC.tcl
global_placement -skip_io -density 0.6 -pad_left 0 -pad_right 0
[INFO GPL-0001] ---- Initialize GPL Main Data Structures
[INFO GPL-0002] DBU: 1000
[INFO GPL-0003] SiteSize: (  0.460  2.720 ) um
[INFO GPL-0004] CoreBBox: (  2.300  2.720 ) ( 477.480 476.000 ) um
[INFO GPL-0016] Core area:                  224893.190 um^2
[INFO GPL-0036] Movable instances area:     170338.368 um^2
[INFO GPL-0037] Total instances area:       174081.958 um^2
[INFO GPL-0035] Pin density area adjust:      6827.281 um^2
[INFO GPL-0032] ---- Initialize Region: Top-level
[INFO GPL-0006] Number of instances:             24428
[INFO GPL-0007] Movable instances:               21436
[INFO GPL-0008] Fixed instances:                  2992
[INFO GPL-0009] Dummy instances:                     0
[INFO GPL-0010] Number of nets:                  21692
[INFO GPL-0011] Number of pins:                  72860
[INFO GPL-0012] Die BBox:       (  0.000  0.000 ) ( 479.835 479.835 ) um
[INFO GPL-0013] Placement BBox: (  2.300  2.720 ) ( 477.480 476.000 ) um
[INFO GPL-0014] Region name: top-level.
[INFO GPL-0015] Region area:                224893.190 um^2
[INFO GPL-0017] Fixed instances area:         3743.590 um^2
[INFO GPL-0018] Movable instances area:     177165.649 um^2
[INFO GPL-0019] Utilization:                    80.111 %
[INFO GPL-0020] Standard cells area:        177165.649 um^2
[INFO GPL-0021] Large instances area:            0.000 um^2
[INFO GPL-0005] ---- Execute Conjugate Gradient Initial Placement.
[INFO GPL-0051] Source of initial instance position counters:
	Odb location = 0	Core center = 21436	Region center = 0
[INFO GPL-0033] ---- Initialize Nesterov Region: Top-level
[WARNING GPL-0302] Target density 0.6000 is too low for the available free area.
Automatically adjusting to uniform density 0.8100.
[INFO GPL-0023] Placement target density:       0.8100
[INFO GPL-0024] Movable insts average area:      8.265 um^2
[INFO GPL-0025] Ideal bin area:                 10.204 um^2
[INFO GPL-0026] Ideal bin count:                 22040
[INFO GPL-0027] Total bin area:             224893.190 um^2
[INFO GPL-0028] Bin count (X, Y):         128 ,    128
[INFO GPL-0029] Bin size (W * H):       3.712 *  3.697 um
[INFO GPL-0030] Number of bins:                  16384
[INFO GPL-0084] ---- Execute Nesterov Global Placement.
[INFO GPL-0031] HPWL: Half-Perimeter Wirelength
Iteration | Overflow |     HPWL (um) |  HPWL(%) |   Penalty | Group
---------------------------------------------------------------
        0 |   0.9993 |  3.745147e+04 |   +0.00% |  7.65e-16 |      
       10 |   0.9992 |  2.878274e+04 |  -23.15% |  1.25e-15 |      
       20 |   0.9991 |  2.792215e+04 |   -2.99% |  2.03e-15 |      
       30 |   0.9990 |  2.767343e+04 |   -0.89% |  3.31e-15 |      
       40 |   0.9990 |  2.763404e+04 |   -0.14% |  5.39e-15 |      
       50 |   0.9990 |  2.764932e+04 |   +0.06% |  8.78e-15 |      
       60 |   0.9990 |  2.765910e+04 |   +0.04% |  1.43e-14 |      
       70 |   0.9989 |  2.767925e+04 |   +0.07% |  2.33e-14 |      
       80 |   0.9989 |  2.777451e+04 |   +0.34% |  3.79e-14 |      
       90 |   0.9988 |  2.808807e+04 |   +1.13% |  6.18e-14 |      
      100 |   0.9986 |  2.897486e+04 |   +3.16% |  1.01e-13 |      
      110 |   0.9981 |  3.105196e+04 |   +7.17% |  1.64e-13 |      
      120 |   0.9976 |  3.527123e+04 |  +13.59% |  2.67e-13 |      
      130 |   0.9963 |  4.368799e+04 |  +23.86% |  4.34e-13 |      
      140 |   0.9936 |  5.698251e+04 |  +30.43% |  7.06e-13 |      
      150 |   0.9907 |  7.169701e+04 |  +25.82% |  1.15e-12 |      
      160 |   0.9868 |  8.624548e+04 |  +20.29% |  1.87e-12 |      
      170 |   0.9815 |  1.035995e+05 |  +20.12% |  3.04e-12 |      
      180 |   0.9733 |  1.271986e+05 |  +22.78% |  4.94e-12 |      
      190 |   0.9598 |  1.569839e+05 |  +23.42% |  8.01e-12 |      
      200 |   0.9421 |  1.898227e+05 |  +20.92% |  1.30e-11 |      
      210 |   0.9195 |  2.245887e+05 |  +18.31% |  2.11e-11 |      
      220 |   0.8918 |  2.627641e+05 |  +17.00% |  3.42e-11 |      
      230 |   0.8573 |  3.044429e+05 |  +15.86% |  5.55e-11 |      
      240 |   0.8184 |  3.462598e+05 |  +13.74% |  9.00e-11 |      
      250 |   0.7765 |  3.868549e+05 |  +11.72% |  1.46e-10 |      
      260 |   0.7289 |  4.263907e+05 |  +10.22% |  2.37e-10 |      
      270 |   0.6742 |  4.611565e+05 |   +8.15% |  3.84e-10 |      
      280 |   0.6145 |  4.882013e+05 |   +5.86% |  6.24e-10 |      
      290 |   0.5403 |  5.159864e+05 |   +5.69% |  1.01e-09 |      
      300 |   0.4797 |  5.573992e+05 |   +8.03% |  1.64e-09 |      
      310 |   0.4281 |  6.104257e+05 |   +9.51% |  2.66e-09 |      
      320 |   0.4012 |  6.329412e+05 |   +3.69% |  4.32e-09 |      
      330 |   0.3802 |  6.274024e+05 |   -0.88% |  7.04e-09 |      
      340 |   0.3557 |  6.172350e+05 |   -1.62% |  1.15e-08 |      
      350 |   0.3332 |  6.327406e+05 |   +2.51% |  1.76e-08 |      
      360 |   0.3113 |  6.253350e+05 |   -1.17% |  2.59e-08 |      
      370 |   0.2860 |  6.251657e+05 |   -0.03% |  3.81e-08 |      
      380 |   0.2647 |  6.234873e+05 |   -0.27% |  5.61e-08 |      
      390 |   0.2385 |  6.230904e+05 |   -0.06% |  8.27e-08 |      
      400 |   0.2151 |  6.222146e+05 |   -0.14% |  1.22e-07 |      
      410 |   0.1923 |  6.224295e+05 |   +0.03% |  1.79e-07 |      
      420 |   0.1705 |  6.227590e+05 |   +0.05% |  2.64e-07 |      
      430 |   0.1496 |  6.233267e+05 |   +0.09% |  3.89e-07 |      
      440 |   0.1317 |  6.240124e+05 |   +0.11% |  5.73e-07 |      
      450 |   0.1146 |  6.247750e+05 |   +0.12% |  8.45e-07 |      
      460 |   0.1001 |  6.257907e+05 |   +0.16% |  1.24e-06 |      
      461 |   0.0988 |  6.258577e+05 |          |  1.34e-06 |      
---------------------------------------------------------------
[INFO GPL-1001] Global placement finished at iteration 461
[INFO GPL-1002] Placed Cell Area            177165.6491
[INFO GPL-1003] Available Free Area         221149.6000
[INFO GPL-1004] Minimum Feasible Density        0.8100 (cell_area / free_area)
[INFO GPL-1006]   Suggested Target Densities:
[INFO GPL-1007]     - For 90% usage of free space: 0.8901
[INFO GPL-1008]     - For 80% usage of free space: 1.0014
[INFO GPL-1014] Final placement area: 177165.65 (+0.00%)
[INFO GPL-1018] Final HPWL (um): 626343.18
Took 8 seconds: global_placement -skip_io -density 0.6 -pad_left 0 -pad_right 0
Design area 174082 um^2 77% utilization.
write_db /work/orfs/results/sky130hd/ubp4_n32_u75/base/3_1_place_gp_skip_io.odb
Elapsed time: 0:09.06[h:]min:sec. CPU time: user 5.40 sys 0.19 (61%). Peak memory: 171484KB.
Log                       Ext     Elapsed/s Peak Memory/MB sha1sum result [0:20)
3_1_place_gp_skip_io      .odb            9            167 543ae615cc4a482e97ba
/OpenROAD-flow-scripts/flow/scripts/flow.sh 3_2_place_iop io_placement
Running io_placement.tcl, stage 3_2_place_iop
read_liberty /OpenROAD-flow-scripts/flow/platforms/sky130hd/lib/sky130_fd_sc_hd__tt_025C_1v80.lib
read_db /work/orfs/results/sky130hd/ubp4_n32_u75/base/3_1_place_gp_skip_io.odb
read_sdc /work/orfs/results/sky130hd/ubp4_n32_u75/base/2_floorplan.sdc
source /OpenROAD-flow-scripts/flow/platforms/sky130hd/setRC.tcl
place_pins -hor_layers met3 -ver_layers met2
Found 0 macro blocks.
Using 2 tracks default min distance between IO pins.
[INFO PPL-0001] Number of available slots 1738
[INFO PPL-0002] Number of I/O             672
[INFO PPL-0003] Number of I/O w/sink      672
[INFO PPL-0004] Number of I/O w/o sink    0
[INFO PPL-0005] Slots per section         200
[INFO PPL-0008] Successfully assigned pins to sections.
[INFO PPL-0012] I/O nets HPWL: 103309.42 um.
Design area 174082 um^2 77% utilization.
write_db /work/orfs/results/sky130hd/ubp4_n32_u75/base/3_2_place_iop.odb
Elapsed time: 0:01.12[h:]min:sec. CPU time: user 0.61 sys 0.06 (60%). Peak memory: 138592KB.
Log                       Ext     Elapsed/s Peak Memory/MB sha1sum result [0:20)
3_2_place_iop             .odb            1            135 48dc149616c8bdac08fa
/OpenROAD-flow-scripts/flow/scripts/flow.sh 3_3_place_gp global_place
Running global_place.tcl, stage 3_3_place_gp
read_liberty /OpenROAD-flow-scripts/flow/platforms/sky130hd/lib/sky130_fd_sc_hd__tt_025C_1v80.lib
read_db /work/orfs/results/sky130hd/ubp4_n32_u75/base/3_2_place_iop.odb
read_sdc /work/orfs/results/sky130hd/ubp4_n32_u75/base/2_floorplan.sdc
source /OpenROAD-flow-scripts/flow/platforms/sky130hd/setRC.tcl
[INFO RSZ-0026] Removed 0 buffers.
Perform port buffering...
[INFO RSZ-0027] Inserted 256 sky130_fd_sc_hd__clkdlybuf4s50_1 input buffers.
[INFO RSZ-0028] Inserted 416 sky130_fd_sc_hd__clkdlybuf4s50_1 output buffers.
global_placement -density 0.6 -pad_left 0 -pad_right 0 -routability_driven -timing_driven -force_center_initial_place -min_phi_coef 0.95 -max_phi_coef 1.05
[INFO GPL-0001] ---- Initialize GPL Main Data Structures
[INFO GPL-0002] DBU: 1000
[INFO GPL-0003] SiteSize: (  0.460  2.720 ) um
[INFO GPL-0004] CoreBBox: (  2.300  2.720 ) ( 477.480 476.000 ) um
[INFO GPL-0016] Core area:                  224893.190 um^2
[INFO GPL-0036] Movable instances area:     177064.819 um^2
[INFO GPL-0037] Total instances area:       180808.410 um^2
[INFO GPL-0035] Pin density area adjust:      7819.718 um^2
[INFO GPL-0032] ---- Initialize Region: Top-level
[INFO GPL-0006] Number of instances:             25100
[INFO GPL-0007] Movable instances:               22108
[INFO GPL-0008] Fixed instances:                  2992
[INFO GPL-0009] Dummy instances:                     0
[INFO GPL-0010] Number of nets:                  22364
[INFO GPL-0011] Number of pins:                  74876
[INFO GPL-0012] Die BBox:       (  0.000  0.000 ) ( 479.835 479.835 ) um
[INFO GPL-0013] Placement BBox: (  2.300  2.720 ) ( 477.480 476.000 ) um
[INFO GPL-0014] Region name: top-level.
[INFO GPL-0015] Region area:                224893.190 um^2
[INFO GPL-0017] Fixed instances area:         3743.590 um^2
[INFO GPL-0018] Movable instances area:     184884.537 um^2
[INFO GPL-0019] Utilization:                    83.602 %
[INFO GPL-0020] Standard cells area:        184884.537 um^2
[INFO GPL-0021] Large instances area:            0.000 um^2
[INFO GPL-0005] ---- Execute Conjugate Gradient Initial Placement.
[INFO GPL-0051] Source of initial instance position counters:
	Odb location = 0	Core center = 22108	Region center = 0
[InitialPlace]  Iter: 1 conjugate gradient residual: 0.00000102 HPWL: 811239391
[InitialPlace]  Iter: 2 conjugate gradient residual: 0.00000063 HPWL: 380387696
[InitialPlace]  Iter: 3 conjugate gradient residual: 0.00000011 HPWL: 379660983
[InitialPlace]  Iter: 4 conjugate gradient residual: 0.00000124 HPWL: 380164882
[InitialPlace]  Iter: 5 conjugate gradient residual: 0.00000157 HPWL: 379764464
[INFO GPL-0033] ---- Initialize Nesterov Region: Top-level
[WARNING GPL-0302] Target density 0.6000 is too low for the available free area.
Automatically adjusting to uniform density 0.8400.
[INFO GPL-0023] Placement target density:       0.8400
[INFO GPL-0024] Movable insts average area:      8.363 um^2
[INFO GPL-0025] Ideal bin area:                  9.956 um^2
[INFO GPL-0026] Ideal bin count:                 22589
[INFO GPL-0027] Total bin area:             224893.190 um^2
[INFO GPL-0028] Bin count (X, Y):         128 ,    128
[INFO GPL-0029] Bin size (W * H):       3.712 *  3.697 um
[INFO GPL-0030] Number of bins:                  16384
[INFO GPL-0084] ---- Execute Nesterov Global Placement.
[INFO GPL-0031] HPWL: Half-Perimeter Wirelength
Iteration | Overflow |     HPWL (um) |  HPWL(%) |   Penalty | Group
---------------------------------------------------------------
        0 |   0.9661 |  2.451162e+05 |   +0.00% |  5.79e-16 |      
       10 |   0.8713 |  3.564581e+05 |  +45.42% |  9.32e-16 |      
       20 |   0.8219 |  4.067229e+05 |  +14.10% |  1.51e-15 |      
       30 |   0.7998 |  4.283067e+05 |   +5.31% |  2.45e-15 |      
       40 |   0.7904 |  4.379558e+05 |   +2.25% |  3.99e-15 |      
       50 |   0.7894 |  4.393519e+05 |   +0.32% |  6.50e-15 |      
       60 |   0.7927 |  4.358762e+05 |   -0.79% |  1.06e-14 |      
       70 |   0.7961 |  4.319321e+05 |   -0.90% |  1.72e-14 |      
       80 |   0.7970 |  4.301921e+05 |   -0.40% |  2.81e-14 |      
       90 |   0.7963 |  4.307481e+05 |   +0.13% |  4.57e-14 |      
      100 |   0.7949 |  4.323421e+05 |   +0.37% |  7.45e-14 |      
      110 |   0.7940 |  4.335594e+05 |   +0.28% |  1.21e-13 |      
      120 |   0.7938 |  4.338588e+05 |   +0.07% |  1.98e-13 |      
      130 |   0.7940 |  4.336329e+05 |   -0.05% |  3.22e-13 |      
      140 |   0.7940 |  4.335759e+05 |   -0.01% |  5.24e-13 |      
      150 |   0.7935 |  4.340330e+05 |   +0.11% |  8.54e-13 |      
      160 |   0.7927 |  4.349636e+05 |   +0.21% |  1.39e-12 |      
      170 |   0.7915 |  4.363620e+05 |   +0.32% |  2.26e-12 |      
      180 |   0.7895 |  4.385703e+05 |   +0.51% |  3.69e-12 |      
      190 |   0.7861 |  4.421747e+05 |   +0.82% |  6.01e-12 |      
      200 |   0.7809 |  4.478878e+05 |   +1.29% |  9.78e-12 |      
      210 |   0.7727 |  4.562794e+05 |   +1.87% |  1.59e-11 |      
      220 |   0.7615 |  4.678245e+05 |   +2.53% |  2.59e-11 |      
      230 |   0.7451 |  4.826537e+05 |   +3.17% |  4.21e-11 |      
      240 |   0.7227 |  5.001938e+05 |   +3.63% |  6.84e-11 |      
      250 |   0.6946 |  5.191050e+05 |   +3.78% |  1.11e-10 |      
      260 |   0.6591 |  5.373530e+05 |   +3.52% |  1.81e-10 |      
[INFO GPL-0100] Timing-driven iteration 1/2, virtual: false.
[INFO GPL-0101]    Iter: 267, overflow: 0.635, keep resizer changes at: 1, HPWL: 547589515
Iteration |   Area    | Resized | Buffers | Nets repaired | Remaining
---------------------------------------------------------------------
        0 |     +0.0% |       0 |       0 |             0 |     22536
    final |     +0.5% |      89 |      58 |            87 |         0
---------------------------------------------------------------------
[INFO RSZ-0034] Found 89 slew violations.
[INFO RSZ-0035] Found 8 fanout violations.
[INFO RSZ-0036] Found 6 capacitance violations.
[INFO RSZ-0039] Resized 89 instances.
[INFO RSZ-0038] Inserted 58 buffers in 87 nets.
   Iter   |    Area   | Removed | Inserted |   Pins
          |           | Buffers | Buffers  | Remaining
-------------------------------------------------------
        0 |     +0.0% |       0 |        0 |     21924
     2100 |     +0.1% |       0 |       17 |     19824
     4200 |     +0.1% |       0 |       17 |     17724
     6300 |     +0.1% |       0 |       17 |     15624
     8400 |     +0.1% |       2 |       26 |     13524
    10500 |     +0.1% |       4 |       39 |     11424
    12600 |     +0.2% |       6 |       47 |      9324
    14700 |     +0.2% |       6 |       62 |      7224
    16800 |     +0.3% |       6 |       79 |      5124
    18900 |     +0.4% |      13 |      122 |      3024
    21000 |     +0.4% |      36 |      175 |       924
    final |     +0.9% |      58 |      341 |         0
-------------------------------------------------------
[INFO GPL-0106] Timing-driven: worst slack 8.89226e-09
[INFO GPL-0107] Timing-driven: repair_design delta area: 2493.310 um^2 (+1.35%)
[INFO GPL-0108] Timing-driven: repair_design, gpl delta gcells: 341 (+1.54%)
[INFO GPL-0109] Timing-driven: repair_design, gcells created: 399, deleted: 58
[INFO GPL-0110] Timing-driven: new target density: 0.8512744
Iteration | Overflow |     HPWL (um) |  HPWL(%) |   Penalty | Group
---------------------------------------------------------------
      270 |   0.6141 |  5.621354e+05 |   +4.61% |  2.94e-10 |      
[INFO GPL-0038] Routability snapshot saved at iter = 275
      274 |   0.5978 |  5.695839e+05 |          |           |      
      280 |   0.5733 |  5.760618e+05 |   +2.48% |  4.78e-10 |      
      290 |   0.5261 |  5.844374e+05 |   +1.45% |  7.78e-10 |      
      300 |   0.4721 |  5.982702e+05 |   +2.37% |  1.26e-09 |      
      310 |   0.4318 |  6.261963e+05 |   +4.67% |  2.05e-09 |      
      320 |   0.3964 |  6.679753e+05 |   +6.67% |  3.33e-09 |      
      330 |   0.3737 |  6.960791e+05 |   +4.21% |  5.41e-09 |      
      340 |   0.3544 |  6.974305e+05 |   +0.19% |  8.80e-09 |      
      350 |   0.3327 |  6.772075e+05 |   -2.90% |  1.35e-08 |      
      360 |   0.3183 |  6.747728e+05 |   -0.36% |  1.99e-08 |      
[INFO GPL-0040] Routability iteration: 1
[INFO GPL-0088] Tiles the placer can act on: 4312 of 4761 (90.57%)
[INFO GPL-0041] Total routing overflow: 620.2705
[INFO GPL-0042] Number of overflowed tiles: 1913 (44.36%)
[INFO GPL-0043] Average top 0.5% routing congestion: 2.1860
[INFO GPL-0044] Average top 1.0% routing congestion: 2.0845
[INFO GPL-0045] Average top 2.0% routing congestion: 1.9851
[INFO GPL-0046] Average top 5.0% routing congestion: 1.8304
[INFO GPL-0047] Routability iteration weighted routing congestion: 2.1352
[INFO GPL-0048] Routing congestion (2.1352) lower than previous minimum (1e+30). Updating minimum.
[INFO GPL-0099] Routability inflation trimmed to 8.89% of what this iteration asked for; 25.00% of the 30.00% budget still unspent.
[INFO GPL-0086] Inflated area:                9205.207 um^2 (+4.91%)
[INFO GPL-0052] Placement target density:       0.8513
[INFO GPL-0076] Removing fillers, count: Before: 110, After: 0 (-100.00%)
[INFO GPL-0077] Filler area (um^2)     : Before: 881.122, After: 0.000 (-100.00%)
[INFO GPL-0078] Removed fillers count: 110, area removed: 880.630 um^2. Remaining area to be compensated by modifying density: 8324.576 um^2
[INFO GPL-0079] New target density: 0.88891435
[INFO GPL-0058] White space area:           221149.600 um^2 (+0.00%)
[INFO GPL-0059] Movable instances area:     196583.047 um^2 (+4.42%)
[INFO GPL-0060] Total filler area:               0.000 um^2 (-100.00%)
[INFO GPL-0061] Total non-inflated area:    196583.053 um^2 (+4.42%)
[INFO GPL-0062] Total inflated area:        205788.260 um^2 (+4.22%)
[INFO GPL-0063] New Target Density:             0.8889
[INFO GPL-0087] Routability end iteration: increase inflation and revert back to snapshot.
Iteration | Overflow |     HPWL (um) |  HPWL(%) |   Penalty | Group
---------------------------------------------------------------
      370 |   0.5907 |  5.736363e+05 |   +0.00% |  4.05e-10 |      
      380 |   0.5447 |  5.850186e+05 |   +1.98% |  5.96e-10 |      
      390 |   0.4998 |  5.946151e+05 |   +1.64% |  8.77e-10 |      
      400 |   0.4609 |  6.091697e+05 |   +2.45% |  1.29e-09 |      
      410 |   0.4304 |  6.362271e+05 |   +4.44% |  1.90e-09 |      
      420 |   0.4018 |  6.664867e+05 |   +4.76% |  2.79e-09 |      
      430 |   0.3819 |  6.848889e+05 |   +2.76% |  4.10e-09 |      
      440 |   0.3701 |  6.901575e+05 |   +0.77% |  6.03e-09 |      
      450 |   0.3542 |  6.819432e+05 |   -1.19% |  8.89e-09 |      
      460 |   0.3365 |  6.761961e+05 |   -0.84% |  1.31e-08 |      
      470 |   0.3137 |  6.878731e+05 |   +1.73% |  1.93e-08 |      
[INFO GPL-0040] Routability iteration: 2
[INFO GPL-0088] Tiles the placer can act on: 4310 of 4761 (90.53%)
[INFO GPL-0041] Total routing overflow: 529.4057
[INFO GPL-0042] Number of overflowed tiles: 1847 (42.85%)
[INFO GPL-0043] Average top 0.5% routing congestion: 2.1067
[INFO GPL-0044] Average top 1.0% routing congestion: 2.0019
[INFO GPL-0045] Average top 2.0% routing congestion: 1.8947
[INFO GPL-0046] Average top 5.0% routing congestion: 1.7412
[INFO GPL-0047] Routability iteration weighted routing congestion: 2.0543
[INFO GPL-0048] Routing congestion (2.0543) lower than previous minimum (2.135). Updating minimum.
[INFO GPL-0099] Routability inflation trimmed to 10.55% of what this iteration asked for; 20.02% of the 30.00% budget still unspent.
[INFO GPL-0086] Inflated area:                9206.979 um^2 (+4.68%)
[INFO GPL-0052] Placement target density:       0.8889
[INFO GPL-0076] Removing fillers, count: Before: 0, After: 0 (+0.00%)
[INFO GPL-0077] Filler area (um^2)     : Before: 0.000, After: 0.000 (+0.00%)
[INFO GPL-0078] Removed fillers count: 0, area removed: 0.000 um^2. Remaining area to be compensated by modifying density: 9206.978 um^2
[INFO GPL-0079] New target density: 0.93054676
[INFO GPL-0058] White space area:           221149.600 um^2 (+0.00%)
[INFO GPL-0059] Movable instances area:     205790.036 um^2 (+4.68%)
[INFO GPL-0060] Total filler area:               0.000 um^2 (+0.00%)
[INFO GPL-0061] Total non-inflated area:    205790.031 um^2 (+4.68%)
[INFO GPL-0062] Total inflated area:        214997.010 um^2 (+4.47%)
[INFO GPL-0063] New Target Density:             0.9305
[INFO GPL-0087] Routability end iteration: increase inflation and revert back to snapshot.
Iteration | Overflow |     HPWL (um) |  HPWL(%) |   Penalty | Group
---------------------------------------------------------------
      480 |   0.5943 |  5.740413e+05 |   +0.00% |  4.05e-10 |      
      490 |   0.5451 |  5.891864e+05 |   +2.64% |  5.95e-10 |      
      500 |   0.4945 |  6.015848e+05 |   +2.10% |  8.76e-10 |      
      510 |   0.4568 |  6.178624e+05 |   +2.71% |  1.29e-09 |      
      520 |   0.4255 |  6.465369e+05 |   +4.64% |  1.89e-09 |      
      530 |   0.3999 |  6.751916e+05 |   +4.43% |  2.78e-09 |      
      540 |   0.3816 |  6.905472e+05 |   +2.27% |  4.09e-09 |      
      550 |   0.3675 |  6.927318e+05 |   +0.32% |  6.03e-09 |      
      560 |   0.3548 |  6.841716e+05 |   -1.24% |  8.88e-09 |      
      570 |   0.3345 |  6.826120e+05 |   -0.23% |  1.31e-08 |      
      580 |   0.3099 |  6.953782e+05 |   +1.87% |  1.93e-08 |      
[INFO GPL-0040] Routability iteration: 3
[INFO GPL-0088] Tiles the placer can act on: 4303 of 4761 (90.38%)
[INFO GPL-0041] Total routing overflow: 536.5243
[INFO GPL-0042] Number of overflowed tiles: 1902 (44.20%)
[INFO GPL-0043] Average top 0.5% routing congestion: 2.0555
[INFO GPL-0044] Average top 1.0% routing congestion: 1.9524
[INFO GPL-0045] Average top 2.0% routing congestion: 1.8550
[INFO GPL-0046] Average top 5.0% routing congestion: 1.7241
[INFO GPL-0047] Routability iteration weighted routing congestion: 2.0040
[INFO GPL-0048] Routing congestion (2.0040) lower than previous minimum (2.054). Updating minimum.
[INFO GPL-0099] Routability inflation trimmed to 9.81% of what this iteration asked for; 15.04% of the 30.00% budget still unspent.
[INFO GPL-0086] Inflated area:                9205.165 um^2 (+4.47%)
[INFO GPL-0052] Placement target density:       0.9305
[INFO GPL-0076] Removing fillers, count: Before: 0, After: 0 (+0.00%)
[INFO GPL-0077] Filler area (um^2)     : Before: 0.000, After: 0.000 (+0.00%)
[INFO GPL-0078] Removed fillers count: 0, area removed: 0.000 um^2. Remaining area to be compensated by modifying density: 9205.165 um^2
[INFO GPL-0079] New target density: 0.9721708
[INFO GPL-0058] White space area:           221149.600 um^2 (+0.00%)
[INFO GPL-0059] Movable instances area:     214995.190 um^2 (+4.47%)
[INFO GPL-0060] Total filler area:               0.000 um^2 (+0.00%)
[INFO GPL-0061] Total non-inflated area:    214995.197 um^2 (+4.47%)
[INFO GPL-0062] Total inflated area:        224200.362 um^2 (+4.28%)
[INFO GPL-0063] New Target Density:             0.9722
[INFO GPL-0087] Routability end iteration: increase inflation and revert back to snapshot.
Iteration | Overflow |     HPWL (um) |  HPWL(%) |   Penalty | Group
---------------------------------------------------------------
      590 |   0.5977 |  5.744319e+05 |   +0.00% |  4.05e-10 |      
      600 |   0.5455 |  5.934455e+05 |   +3.31% |  5.95e-10 |      
      610 |   0.4904 |  6.085337e+05 |   +2.54% |  8.76e-10 |      
      620 |   0.4523 |  6.268146e+05 |   +3.00% |  1.29e-09 |      
      630 |   0.4223 |  6.564819e+05 |   +4.73% |  1.89e-09 |      
      640 |   0.3996 |  6.832627e+05 |   +4.08% |  2.78e-09 |      
      650 |   0.3799 |  6.957724e+05 |   +1.83% |  4.09e-09 |      
      660 |   0.3655 |  6.948698e+05 |   -0.13% |  6.03e-09 |      
      670 |   0.3524 |  6.864539e+05 |   -1.21% |  8.88e-09 |      
      680 |   0.3305 |  6.887693e+05 |   +0.34% |  1.31e-08 |      
      690 |   0.3104 |  7.013867e+05 |   +1.83% |  1.92e-08 |      
[INFO GPL-0040] Routability iteration: 4
[INFO GPL-0088] Tiles the placer can act on: 4305 of 4761 (90.42%)
[INFO GPL-0041] Total routing overflow: 522.6151
[INFO GPL-0042] Number of overflowed tiles: 1879 (43.65%)
[INFO GPL-0043] Average top 0.5% routing congestion: 1.9986
[INFO GPL-0044] Average top 1.0% routing congestion: 1.9252
[INFO GPL-0045] Average top 2.0% routing congestion: 1.8456
[INFO GPL-0046] Average top 5.0% routing congestion: 1.7203
[INFO GPL-0047] Routability iteration weighted routing congestion: 1.9619
[INFO GPL-0048] Routing congestion (1.9619) lower than previous minimum (2.004). Updating minimum.
[INFO GPL-0099] Routability inflation trimmed to 9.64% of what this iteration asked for; 10.06% of the 30.00% budget still unspent.
[INFO GPL-0086] Inflated area:                9204.846 um^2 (+4.28%)
[INFO GPL-0052] Placement target density:       0.9722
[INFO GPL-0076] Removing fillers, count: Before: 0, After: 0 (+0.00%)
[INFO GPL-0077] Filler area (um^2)     : Before: 0.000, After: 0.000 (+0.00%)
[INFO GPL-0078] Removed fillers count: 0, area removed: 0.000 um^2. Remaining area to be compensated by modifying density: 9204.846 um^2
[INFO GPL-0079] New target density: 1.0137936
[INFO GPL-0053] Target density 1.0138 exceeds the maximum allowed 0.9900.
[INFO GPL-0055] Reverting inflation values and target density from the iteration with minimum observed routing congestion.
[INFO GPL-0056] Minimum observed routing congestion: 1.9619
[INFO GPL-0057] Target density at minimum routing congestion: 0.9722
[INFO GPL-0080] Restoring 0 previously removed fillers.
[INFO GPL-0089] Routability finished. Reverting to minimal observed routing congestion, could not reach target.
Iteration | Overflow |     HPWL (um) |  HPWL(%) |   Penalty | Group
---------------------------------------------------------------
      700 |   0.5977 |  5.744319e+05 |   +0.00% |  4.05e-10 |      
      710 |   0.5455 |  5.934455e+05 |   +3.31% |  5.95e-10 |      
      720 |   0.4904 |  6.085337e+05 |   +2.54% |  8.76e-10 |      
      730 |   0.4523 |  6.268146e+05 |   +3.00% |  1.29e-09 |      
      740 |   0.4223 |  6.564819e+05 |   +4.73% |  1.89e-09 |      
      750 |   0.3996 |  6.832627e+05 |   +4.08% |  2.78e-09 |      
      760 |   0.3799 |  6.957724e+05 |   +1.83% |  4.09e-09 |      
      770 |   0.3655 |  6.948698e+05 |   -0.13% |  6.03e-09 |      
      780 |   0.3524 |  6.864539e+05 |   -1.21% |  8.88e-09 |      
      790 |   0.3305 |  6.887693e+05 |   +0.34% |  1.31e-08 |      
      800 |   0.3104 |  7.013867e+05 |   +1.83% |  1.92e-08 |      
      810 |   0.2893 |  7.040151e+05 |   +0.37% |  2.83e-08 |      
      820 |   0.2693 |  6.967900e+05 |   -1.03% |  4.17e-08 |      
      830 |   0.2452 |  7.005641e+05 |   +0.54% |  6.15e-08 |      
      840 |   0.2232 |  6.996093e+05 |   -0.14% |  9.06e-08 |      
      850 |   0.2014 |  6.989449e+05 |   -0.09% |  1.33e-07 |      
[INFO GPL-0100] Timing-driven iteration 2/2, virtual: false.
[INFO GPL-0101]    Iter: 854, overflow: 0.194, keep resizer changes at: 1, HPWL: 699352885
Iteration |   Area    | Resized | Buffers | Nets repaired | Remaining
---------------------------------------------------------------------
        0 |     +0.0% |       0 |       0 |             0 |     22877
    final |     +0.8% |      79 |      61 |            82 |         0
---------------------------------------------------------------------
[INFO RSZ-0034] Found 79 slew violations.
[INFO RSZ-0036] Found 3 capacitance violations.
[INFO RSZ-0039] Resized 79 instances.
[INFO RSZ-0038] Inserted 61 buffers in 82 nets.
   Iter   |    Area   | Removed | Inserted |   Pins
          |           | Buffers | Buffers  | Remaining
-------------------------------------------------------
        0 |     +0.0% |       0 |        0 |     21924
     2100 |     -0.0% |      20 |       19 |     19824
     4200 |     +0.0% |      20 |       24 |     17724
     6300 |     +0.0% |      24 |       33 |     15624
     8400 |     +0.1% |      40 |       69 |     13524
    10500 |     +0.1% |      61 |      118 |     11424
    12600 |     +0.2% |      72 |      152 |      9324
    14700 |     +0.4% |      95 |      217 |      7224
    16800 |     +0.5% |     120 |      276 |      5124
    18900 |     +0.6% |     174 |      377 |      3024
    21000 |     +0.8% |     236 |      485 |       924
    final |     +1.1% |     402 |      738 |         0
-------------------------------------------------------
[INFO GPL-0106] Timing-driven: worst slack 9.280714e-09
[INFO GPL-0107] Timing-driven: repair_design delta area: 3253.018 um^2 (+1.51%)
[INFO GPL-0108] Timing-driven: repair_design, gpl delta gcells: 397 (+1.77%)
[INFO GPL-0109] Timing-driven: repair_design, gcells created: 799, deleted: 402
[INFO GPL-0110] Timing-driven: new target density: 0.9868805
Iteration | Overflow |     HPWL (um) |  HPWL(%) |   Penalty | Group
---------------------------------------------------------------
      860 |   0.1815 |  7.145008e+05 |   +2.23% |  1.96e-07 |      
      870 |   0.1611 |  7.161476e+05 |   +0.23% |  2.89e-07 |      
      880 |   0.1432 |  7.167839e+05 |   +0.09% |  4.26e-07 |      
      890 |   0.1247 |  7.169303e+05 |   +0.02% |  6.27e-07 |      
      900 |   0.1091 |  7.167797e+05 |   -0.02% |  9.24e-07 |      
      906 |   0.0999 |  7.171605e+05 |          |  1.21e-06 |      
---------------------------------------------------------------
[INFO GPL-1001] Global placement finished at iteration 906
[INFO GPL-1017] Routability mode iteration count: 528
[INFO GPL-1005] Routability final weighted congestion: 1.8986
[INFO GPL-1002] Placed Cell Area            218248.2151
[INFO GPL-1003] Available Free Area         221149.6000
[INFO GPL-1004] Minimum Feasible Density        0.8400 (cell_area / free_area)
[INFO GPL-1006]   Suggested Target Densities:
[INFO GPL-1007]     - For 90% usage of free space: 1.0965
[INFO GPL-1008]     - For 80% usage of free space: 1.2336
[INFO GPL-1011] Original area (um^2): 184884.54
[INFO GPL-1012] Total routability artificial inflation: 27617.35 (+14.94%)
[INFO GPL-1013] Total timing-driven delta area: 5746.33 (+3.11%)
[INFO GPL-1014] Final placement area: 218248.22 (+18.05%)
[INFO GPL-1018] Final HPWL (um): 717748.17
Took 50 seconds: global_placement -density 0.6 -pad_left 0 -pad_right 0 -routability_driven -timing_driven -force_center_initial_place -min_phi_coef 0.95 -max_phi_coef 1.05
estimate_parasitics -placement
Report metrics stage 3, global place...

==========================================================================
global place report_design_area
--------------------------------------------------------------------------
Design area 186857 um^2 83% utilization.
write_db /work/orfs/results/sky130hd/ubp4_n32_u75/base/3_3_place_gp.odb
Elapsed time: 0:55.88[h:]min:sec. CPU time: user 33.94 sys 0.70 (61%). Peak memory: 417948KB.
Log                       Ext     Elapsed/s Peak Memory/MB sha1sum result [0:20)
3_3_place_gp              .odb           55            408 c8d23146d93c463c2977
/OpenROAD-flow-scripts/flow/scripts/flow.sh 3_4_place_resized resize
Running resize.tcl, stage 3_4_place_resized
read_liberty /OpenROAD-flow-scripts/flow/platforms/sky130hd/lib/sky130_fd_sc_hd__tt_025C_1v80.lib
read_db /work/orfs/results/sky130hd/ubp4_n32_u75/base/3_3_place_gp.odb
read_sdc /work/orfs/results/sky130hd/ubp4_n32_u75/base/2_floorplan.sdc
source /OpenROAD-flow-scripts/flow/platforms/sky130hd/setRC.tcl
estimate_parasitics -placement
Perform buffer insertion and gate resizing...
repair_design -verbose -match_cell_footprint
Iteration |   Area    | Resized | Buffers | Nets repaired | Remaining
---------------------------------------------------------------------
        0 |     +0.0% |       0 |       0 |             0 |     23274
     1000 |     +0.0% |       0 |       0 |             0 |     22274
     2000 |     +0.0% |       1 |       1 |             1 |     21274
     3000 |     +0.0% |       1 |       1 |             1 |     20274
     4000 |     +0.0% |       1 |       1 |             1 |     19274
     5000 |     +0.0% |       1 |       1 |             1 |     18274
     6000 |     +0.0% |       1 |       1 |             1 |     17274
     7000 |     +0.0% |       1 |       1 |             1 |     16274
     8000 |     +0.0% |       1 |       1 |             1 |     15274
     9000 |     +0.0% |       1 |       1 |             1 |     14274
    10000 |     +0.0% |       1 |       1 |             1 |     13274
    11000 |     +0.0% |       1 |       1 |             1 |     12274
    12000 |     +0.0% |       1 |       1 |             1 |     11274
    13000 |     +0.0% |       1 |       1 |             1 |     10274
    14000 |     +0.0% |       1 |       1 |             1 |      9274
    15000 |     +0.0% |       1 |       1 |             1 |      8274
    16000 |     +0.0% |       1 |       1 |             1 |      7274
    17000 |     +0.0% |       1 |       1 |             1 |      6274
    18000 |     +0.0% |       1 |       1 |             1 |      5274
    19000 |     +0.0% |       1 |       1 |             1 |      4274
    20000 |     +0.0% |       1 |       1 |             1 |      3274
    21000 |     +0.0% |       1 |       1 |             1 |      2274
    22000 |     +0.0% |       1 |       1 |             1 |      1274
    23000 |     +0.0% |       1 |       1 |             1 |       274
    final |     +0.0% |       1 |       1 |             1 |         0
---------------------------------------------------------------------
[INFO RSZ-0034] Found 1 slew violations.
[INFO RSZ-0039] Resized 1 instances.
[INFO RSZ-0038] Inserted 1 buffers in 1 nets.
[INFO RSZ-0504] Runtime: 4.32s
Took 5 seconds: repair_design -verbose -match_cell_footprint
Floating nets: 
Report metrics stage 3, resizer...
No registers in design

==========================================================================
resizer report_design_area
--------------------------------------------------------------------------
Design area 186868 um^2 83% utilization.
Instance count before 25838, after 25839
Pin count before 75852, after 75854
write_db /work/orfs/results/sky130hd/ubp4_n32_u75/base/3_4_place_resized.odb
Elapsed time: 0:10.60[h:]min:sec. CPU time: user 6.78 sys 0.11 (64%). Peak memory: 226792KB.
Log                       Ext     Elapsed/s Peak Memory/MB sha1sum result [0:20)
3_4_place_resized         .odb           10            221 75cf42b9e79550c77afb
/OpenROAD-flow-scripts/flow/scripts/flow.sh 3_5_place_dp detail_place
Running detail_place.tcl, stage 3_5_place_dp
read_liberty /OpenROAD-flow-scripts/flow/platforms/sky130hd/lib/sky130_fd_sc_hd__tt_025C_1v80.lib
read_db /work/orfs/results/sky130hd/ubp4_n32_u75/base/3_4_place_resized.odb
read_sdc /work/orfs/results/sky130hd/ubp4_n32_u75/base/2_floorplan.sdc
source /OpenROAD-flow-scripts/flow/platforms/sky130hd/setRC.tcl
detailed_placement
[INFO DPL-0006] Core area: 224893.19 um^2
[INFO DPL-0007] Movable instances area: 183124.38 um^2
[INFO DPL-0008] Fixed instances area within core: 3743.59 um^2
[INFO DPL-0009] Utilization: 83.1%
[INFO DPL-0005] Diamond search max displacement: +/- 500 sites horizontally, +/- 100 rows vertically.
[INFO DPL-1102] Legalizing using negotiation legalizer.
[INFO DPL-1103] Negotiation base search window: +/-20 sites horizontally, +/-5 rows vertically 
	Automatic search window extension enabled.
	Search window extendable up to the max displacement cap of +/-500 sites, +/-100 rows near walls.
[INFO DPL-1104] NegotiationLegalizer DRC penalty: 5.
[INFO DPL-0392] Negotiation cell height distribution (1 unique row-count(s)):
[INFO DPL-0393]   height 1 row(s): 25839 cells
          |      Total |  Illegal |  Illegal
Iteration | Violations |    Cells |    Sites
---------------------------------------------
        0 |      21211 |      5131 |     16029
        1 |       8094 |      1674 |      6357
        2 |       6067 |      1123 |      4896
        3 |       4494 |       806 |      3661
        4 |       3463 |       621 |      2815
        5 |       2999 |       517 |      2419
        6 |       2303 |       389 |      1887
        7 |       1991 |       313 |      1642
        8 |       1756 |       300 |      1426
        9 |       1361 |       237 |      1124
       10 |       1248 |       198 |       993
       20 |        374 |        56 |       318
       30 |        123 |        21 |       102
       40 |         90 |        18 |        72
       50 |         42 |         6 |        33
       56 |          0 |         0 |         0
Negotiation phase 1 converged at iteration 56.
[INFO DPL-0500] Runtime: 5.31s
Detailed Placement Analysis
---------------------------------
legalizer            negotiation
total moves               36200
total displacement      76296.7 u
average displacement        3.0 u
max displacement           25.4 u
original HPWL          717748.7 u
legalized HPWL         780704.6 u
delta HPWL                    9 %

Took 5 seconds: detailed_placement
improve_placement -max_displacement "5 1"
Detailed placement improvement.
[INFO DPL-0401] Setting random seed to 1.
[INFO DPL-0402] Setting maximum displacement 5 1 to 13600 2720 units.
[INFO DPL-0320] Collected 3664 fixed cells.
[INFO DPL-0318] Collected 22847 single height cells.
[INFO DPL-0321] Collected 0 wide cells.
[INFO DPL-0322] Image (2300, 2720) - (477480, 476000)
[INFO DPL-0310] Assigned 22847 cells into segments.  Movement in X-direction is 0.000000, movement in Y-direction is 0.000000.
[INFO DPL-0313] Found 0 cells in wrong regions.
[INFO DPL-0315] Found 0 row alignment problems.
[INFO DPL-0314] Found 0 site alignment problems.
[INFO DPL-0311] Found 0 overlaps between adjacent cells.
[INFO DPL-0312] Found 0 edge spacing violations and 0 padding violations.
[INFO DPL-0303] Running algorithm for independent set matching.
[INFO DPL-0300] Set matching objective is wirelength.
[INFO DPL-0301] Pass   1 of matching; objective is 7.807416e+08.
[INFO DPL-0302] End of matching; objective is 7.795737e+08, improvement is 0.15 percent.
[INFO DPL-0303] Running algorithm for global swaps.
[INFO DPL-0306] Pass   1 of global swaps; hpwl is 7.717881e+08.
[INFO DPL-0307] End of global swaps; objective is 7.717881e+08, improvement is 1.00 percent.
[INFO DPL-0303] Running algorithm for vertical swaps.
[INFO DPL-0308] Pass   1 of vertical swaps; hpwl is 7.700561e+08.
[INFO DPL-0309] End of vertical swaps; objective is 7.700561e+08, improvement is 0.22 percent.
[INFO DPL-0303] Running algorithm for reordering.
[INFO DPL-0304] Pass   1 of reordering; objective is 7.657687e+08.
[INFO DPL-0305] End of reordering; objective is 7.657687e+08, improvement is 0.56 percent.
[INFO DPL-0303] Running algorithm for random improvement.
[INFO DPL-0324] Random improver is using random generator.
[INFO DPL-0325] Random improver is using hpwl objective.
[INFO DPL-0326] Random improver cost string is (a).
[INFO DPL-0332] End of pass, Generator random called 456940 times.
[INFO DPL-0335] Generator random, Cumulative attempts 456940, swaps 114234, moves 28227 since last reset.
[INFO DPL-0333] End of pass, Objective hpwl, Initial cost 7.657687e+08, Scratch cost 7.599294e+08, Incremental cost 7.599294e+08, Mismatch? N
[INFO DPL-0338] End of pass, Total cost is 7.599294e+08.
[INFO DPL-0327] Pass   1 of random improver; improvement in cost is 0.76 percent.
[INFO DPL-0328] End of random improver; improvement is 0.762539 percent.
[INFO DPL-0380] Cell flipping.
[INFO DPL-0382] Changed 0 cell orientations for row compatibility.
[INFO DPL-0383] Performed 6861 cell flips.
[INFO DPL-0384] End of flipping; objective is 7.482430e+08, improvement is 1.54 percent.
[INFO DPL-0313] Found 0 cells in wrong regions.
[INFO DPL-0315] Found 0 row alignment problems.
[INFO DPL-0314] Found 0 site alignment problems.
[INFO DPL-0311] Found 0 overlaps between adjacent cells.
[INFO DPL-0312] Found 0 edge spacing violations and 0 padding violations.
Place Optimization Analysis
---------------------------------
total attempts           456940
relocated cells           12584
total displacement      45707.5 u
average displacement        3.6 u
max displacement           16.1 u
original HPWL          780704.6 u
improved HPWL          747947.3 u
delta HPWL                   -4 %

Took 7 seconds: improve_placement -max_displacement "5 1"
optimize_mirroring
[INFO DPL-0020] Mirrored 1665 instances
[INFO DPL-0021] HPWL before          747947.3 u
[INFO DPL-0022] HPWL after           747756.3 u
[INFO DPL-0023] HPWL delta               -0.0 %
[INFO FLW-0012] Placement violations .
estimate_parasitics -placement
Report metrics stage 3, detailed place...
No registers in design

==========================================================================
detailed place report_design_area
--------------------------------------------------------------------------
Design area 186868 um^2 83% utilization.
write_db /work/orfs/results/sky130hd/ubp4_n32_u75/base/3_5_place_dp.odb
write_sdc -no_timestamp /work/orfs/results/sky130hd/ubp4_n32_u75/base/3_place.sdc
Elapsed time: 0:20.98[h:]min:sec. CPU time: user 13.68 sys 0.19 (66%). Peak memory: 244688KB.
Log                       Ext     Elapsed/s Peak Memory/MB sha1sum result [0:20)
3_5_place_dp              .odb           20            238 299d312d26befcacaef5
cp /work/orfs/results/sky130hd/ubp4_n32_u75/base/3_5_place_dp.odb /work/orfs/results/sky130hd/ubp4_n32_u75/base/3_place.odb
/OpenROAD-flow-scripts/flow/scripts/flow.sh 4_1_cts cts
Running cts.tcl, stage 4_1_cts
read_liberty /OpenROAD-flow-scripts/flow/platforms/sky130hd/lib/sky130_fd_sc_hd__tt_025C_1v80.lib
read_db /work/orfs/results/sky130hd/ubp4_n32_u75/base/3_place.odb
read_sdc /work/orfs/results/sky130hd/ubp4_n32_u75/base/3_place.sdc
source /OpenROAD-flow-scripts/flow/platforms/sky130hd/setRC.tcl
clock_tree_synthesis -sink_clustering_enable -repair_clock_nets
[INFO CTS-0050] Root buffer is sky130_fd_sc_hd__clkbuf_16.
[INFO CTS-0051] Sink buffer is sky130_fd_sc_hd__clkbuf_16.
[INFO CTS-0052] The following clock buffers will be used for CTS:
                    sky130_fd_sc_hd__clkbuf_16
[INFO CTS-0049] Characterization buffer is sky130_fd_sc_hd__clkbuf_16.
[WARNING CTS-0083] No clock nets have been found.
[INFO CTS-0008] TritonCTS found 0 clock nets.
[WARNING CTS-0082] No valid clock nets in the design.
[INFO CTS-0500] Runtime: 1.63s
estimate_parasitics -placement
detailed_placement
[INFO DPL-0006] Core area: 224893.19 um^2
[INFO DPL-0007] Movable instances area: 183124.38 um^2
[INFO DPL-0008] Fixed instances area within core: 3743.59 um^2
[INFO DPL-0009] Utilization: 83.1%
[INFO DPL-0005] Diamond search max displacement: +/- 500 sites horizontally, +/- 100 rows vertically.
[INFO DPL-1102] Legalizing using negotiation legalizer.
[INFO DPL-1103] Negotiation base search window: +/-20 sites horizontally, +/-5 rows vertically 
	Automatic search window extension enabled.
	Search window extendable up to the max displacement cap of +/-500 sites, +/-100 rows near walls.
[INFO DPL-1104] NegotiationLegalizer DRC penalty: 5.
[INFO DPL-0392] Negotiation cell height distribution (1 unique row-count(s)):
[INFO DPL-0393]   height 1 row(s): 25839 cells
[INFO DPL-0500] Runtime: 0.25s
Detailed Placement Analysis
---------------------------------
legalizer            negotiation
total moves                   0
total displacement      21788.8 u
average displacement        0.8 u
max displacement            8.7 u
original HPWL          747756.3 u
legalized HPWL         759925.6 u
delta HPWL                    2 %

estimate_parasitics -placement
Warning: master sky130_ef_sc_hd__decap_12 has signal pins but no liberty cell
repair_timing -setup_margin 0 -hold_margin 0 -repair_tns 100 -match_cell_footprint -verbose
[INFO RSZ-0100] Repair move sequence: UnbufferMove SizeUpMove SwapPinsMove BufferMove CloneMove SplitLoadMove 
[INFO RSZ-0098] No setup violations found
[INFO RSZ-0505] Runtime: 2.11s
[INFO RSZ-0033] No hold violations found.
[INFO RSZ-0506] Runtime: 0.48s
Warning: master sky130_ef_sc_hd__decap_12 has signal pins but no liberty cell
Repair timing output passed lec test
detailed_placement
[INFO DPL-0006] Core area: 224893.19 um^2
[INFO DPL-0007] Movable instances area: 183124.38 um^2
[INFO DPL-0008] Fixed instances area within core: 3743.59 um^2
[INFO DPL-0009] Utilization: 83.1%
[INFO DPL-0005] Diamond search max displacement: +/- 500 sites horizontally, +/- 100 rows vertically.
[INFO DPL-1102] Legalizing using negotiation legalizer.
[INFO DPL-1103] Negotiation base search window: +/-20 sites horizontally, +/-5 rows vertically 
	Automatic search window extension enabled.
	Search window extendable up to the max displacement cap of +/-500 sites, +/-100 rows near walls.
[INFO DPL-1104] NegotiationLegalizer DRC penalty: 5.
[INFO DPL-0392] Negotiation cell height distribution (1 unique row-count(s)):
[INFO DPL-0393]   height 1 row(s): 25839 cells
[INFO DPL-0500] Runtime: 0.29s
Detailed Placement Analysis
---------------------------------
legalizer            negotiation
total moves                   0
total displacement          0.0 u
average displacement        0.0 u
max displacement            0.0 u
original HPWL          759925.6 u
legalized HPWL         759925.6 u
delta HPWL                    0 %

estimate_parasitics -placement
Report metrics stage 4, cts final...
No registers in design

==========================================================================
cts final report_design_area
--------------------------------------------------------------------------
Design area 186868 um^2 83% utilization.
write_db /work/orfs/results/sky130hd/ubp4_n32_u75/base/4_1_cts.odb
write_sdc -no_timestamp /work/orfs/results/sky130hd/ubp4_n32_u75/base/4_cts.sdc
Elapsed time: 0:18.88[h:]min:sec. CPU time: user 11.98 sys 0.28 (64%). Peak memory: 271968KB.
Log                       Ext     Elapsed/s Peak Memory/MB sha1sum result [0:20)
4_1_cts                   .odb           18            265 dd4d6dd366aa708a9cbd
cp /work/orfs/results/sky130hd/ubp4_n32_u75/base/4_1_cts.odb /work/orfs/results/sky130hd/ubp4_n32_u75/base/4_cts.odb
/OpenROAD-flow-scripts/flow/scripts/flow.sh 5_1_grt global_route
Running global_route.tcl, stage 5_1_grt
read_liberty /OpenROAD-flow-scripts/flow/platforms/sky130hd/lib/sky130_fd_sc_hd__tt_025C_1v80.lib
read_db /work/orfs/results/sky130hd/ubp4_n32_u75/base/4_cts.odb
read_sdc /work/orfs/results/sky130hd/ubp4_n32_u75/base/4_cts.sdc
source /OpenROAD-flow-scripts/flow/platforms/sky130hd/setRC.tcl
pin_access
[INFO DRT-0149] Reading tech and libs.
[WARNING DRT-0349] LEF58_ENCLOSURE with no CUTCLASS is not supported. Skipping for layer mcon
[WARNING DRT-0349] LEF58_ENCLOSURE with no CUTCLASS is not supported. Skipping for layer mcon
[WARNING DRT-0349] LEF58_ENCLOSURE with no CUTCLASS is not supported. Skipping for layer via
[WARNING DRT-0349] LEF58_ENCLOSURE with no CUTCLASS is not supported. Skipping for layer via
[WARNING DRT-0349] LEF58_ENCLOSURE with no CUTCLASS is not supported. Skipping for layer via2
[WARNING DRT-0349] LEF58_ENCLOSURE with no CUTCLASS is not supported. Skipping for layer via2
[WARNING DRT-0349] LEF58_ENCLOSURE with no CUTCLASS is not supported. Skipping for layer via3
[WARNING DRT-0349] LEF58_ENCLOSURE with no CUTCLASS is not supported. Skipping for layer via3
[WARNING DRT-0349] LEF58_ENCLOSURE with no CUTCLASS is not supported. Skipping for layer via4
[WARNING DRT-0349] LEF58_ENCLOSURE with no CUTCLASS is not supported. Skipping for layer via4

Units:                1000
Number of layers:     13
Number of macros:     441
Number of vias:       29
Number of viarulegen: 25

[INFO DRT-0150] Reading design.

Design:                   top
Die area:                 ( 0 0 ) ( 479835 479835 )
Number of track patterns: 12
Number of DEF vias:       0
Number of components:     25839
Number of terminals:      674
Number of snets:          2
Number of nets:           23103

[INFO DRT-0167] List of default vias:
  Layer via
    default via: M1M2_PR
  Layer via2
    default via: M2M3_PR
  Layer via3
    default via: M3M4_PR
  Layer via4
    default via: M4M5_PR
[INFO DRT-0162] Library cell analysis.
[INFO DRT-0163] Instance analysis.
[INFO DRT-0164] Number of unique instances = 95.
[INFO DRT-0168] Init region query.
[INFO DRT-0024]   Complete FR_MASTERSLICE.
[INFO DRT-0024]   Complete Fr_VIA.
[INFO DRT-0024]   Complete li1.
[INFO DRT-0024]   Complete mcon.
[INFO DRT-0024]   Complete met1.
[INFO DRT-0024]   Complete via.
[INFO DRT-0024]   Complete met2.
[INFO DRT-0024]   Complete via2.
[INFO DRT-0024]   Complete met3.
[INFO DRT-0024]   Complete via3.
[INFO DRT-0024]   Complete met4.
[INFO DRT-0024]   Complete via4.
[INFO DRT-0024]   Complete met5.
[INFO DRT-0033] FR_MASTERSLICE shape region query size = 0.
[INFO DRT-0033] FR_VIA shape region query size = 0.
[INFO DRT-0033] li1 shape region query size = 596231.
[INFO DRT-0033] mcon shape region query size = 306080.
[INFO DRT-0033] met1 shape region query size = 65599.
[INFO DRT-0033] via shape region query size = 15315.
[INFO DRT-0033] met2 shape region query size = 9486.
[INFO DRT-0033] via2 shape region query size = 12252.
[INFO DRT-0033] met3 shape region query size = 9564.
[INFO DRT-0033] via3 shape region query size = 12252.
[INFO DRT-0033] met4 shape region query size = 3693.
[INFO DRT-0033] via4 shape region query size = 595.
[INFO DRT-0033] met5 shape region query size = 663.
[INFO DRT-0165] Start pin access.
[INFO DRT-0078]   Complete 729 pins.
[INFO DRT-0081]   Complete 95 unique inst patterns.
[INFO DRT-0082]   Complete 10000 groups.
[INFO DRT-0084]   Complete 11366 groups.
#scanned instances     = 25839
#unique  instances     = 95
#stdCellGenAp          = 2665
#stdCellValidPlanarAp  = 16
#stdCellValidViaAp     = 2091
#stdCellPinNoAp        = 0
#stdCellPinCnt         = 75682
#instTermValidViaApCnt = 0
#macroGenAp            = 0
#macroValidPlanarAp    = 0
#macroValidViaAp       = 0
#macroNoAp             = 0
[INFO DRT-0166] Complete pin access.
[INFO DRT-0267] cpu time = 00:05:19, elapsed time = 00:08:07, memory = 243.36 (MB), peak = 251.87 (MB)
Took 488 seconds: pin_access
global_route -congestion_report_file /work/orfs/reports/sky130hd/ubp4_n32_u75/base/congestion.rpt -congestion_iterations 30 -congestion_report_iter_step 5 -verbose
[INFO GRT-0020] Min routing layer: met1
[INFO GRT-0021] Max routing layer: met5
[INFO GRT-0022] Global adjustment: 0%
[INFO GRT-0023] Grid origin: (0, 0)
[INFO GRT-0088] Layer li1     Track-Pitch = 0.4600  line-2-Via Pitch: 0.3400
[INFO GRT-0088] Layer met1    Track-Pitch = 0.3400  line-2-Via Pitch: 0.3400
[INFO GRT-0088] Layer met2    Track-Pitch = 0.4600  line-2-Via Pitch: 0.3500
[INFO GRT-0088] Layer met3    Track-Pitch = 0.6800  line-2-Via Pitch: 0.6150
[INFO GRT-0088] Layer met4    Track-Pitch = 0.9200  line-2-Via Pitch: 1.0400
[INFO GRT-0088] Layer met5    Track-Pitch = 3.4000  line-2-Via Pitch: 3.1100
[INFO GRT-0003] Macros: 0
[INFO GRT-0004] Blockages: 17924
[INFO GRT-0019] Found 0 clock nets.
[INFO GRT-0001] Minimum degree: 2
[INFO GRT-0002] Maximum degree: 45

[INFO GRT-0053] Routing resources analysis:
          Routing      Original      Derated      Resource
Layer     Direction    Resources     Resources    Reduction (%)
---------------------------------------------------------------
li1        Vertical            0             0          0.00%
met1       Horizontal      74449         57508          22.76%
met2       Vertical        61404         47192          23.15%
met3       Horizontal      45594         35802          21.48%
met4       Vertical        30396         21556          29.08%
met5       Horizontal       6732          4828          28.28%
---------------------------------------------------------------

[INFO GRT-0101] Running extra iterations to remove congestion.
[INFO GRT-0102] Start extra iteration 1/30
[INFO GRT-0102] Start extra iteration 2/30
[INFO GRT-0102] Start extra iteration 3/30
[INFO GRT-0102] Start extra iteration 4/30
[INFO GRT-0102] Start extra iteration 5/30
[INFO GRT-0102] Start extra iteration 6/30
[INFO GRT-0102] Start extra iteration 7/30
[INFO GRT-0102] Start extra iteration 8/30
[INFO GRT-0102] Start extra iteration 9/30
[INFO GRT-0102] Start extra iteration 10/30
[INFO GRT-0102] Start extra iteration 11/30
[INFO GRT-0102] Start extra iteration 12/30
[INFO GRT-0102] Start extra iteration 13/30
[INFO GRT-0102] Start extra iteration 14/30
[INFO GRT-0102] Start extra iteration 15/30
[INFO GRT-0102] Start extra iteration 16/30
[INFO GRT-0102] Start extra iteration 17/30
[INFO GRT-0102] Start extra iteration 18/30
[INFO GRT-0102] Start extra iteration 19/30
[INFO GRT-0102] Start extra iteration 20/30
[INFO GRT-0102] Start extra iteration 21/30
[INFO GRT-0102] Start extra iteration 22/30
[INFO GRT-0102] Start extra iteration 23/30
[INFO GRT-0102] Start extra iteration 24/30
[INFO GRT-0102] Start extra iteration 25/30
[INFO GRT-0102] Start extra iteration 26/30
[INFO GRT-0102] Start extra iteration 27/30
[INFO GRT-0102] Start extra iteration 28/30
[INFO GRT-0102] Start extra iteration 29/30
[INFO GRT-0102] Start extra iteration 30/30
[INFO GRT-0197] Via related to pin nodes: 116187
[INFO GRT-0198] Via related Steiner nodes: 1753
[INFO GRT-0199] Via filling finished.
[INFO GRT-0111] Final number of vias: 150795
[INFO GRT-0112] Final usage 3D: 577287

[INFO GRT-0096] Final congestion report:
Layer         Resource        Demand        Usage (%)    Max H / Max V / Total Congestion
---------------------------------------------------------------------------------------
li1                  0             0            0.00%             0 /  0 /  0
met1             57508         45837           79.71%             0 /  0 /  0
met2             47192         40042           84.85%             0 /  1 /  1
met3             35802         22886           63.92%             0 /  0 /  0
met4             21556         13884           64.41%             0 /  1 /  3
met5              4828          2253           46.67%             0 /  0 /  0
---------------------------------------------------------------------------------------
Total           166886        124902           74.84%             0 /  2 /  4

[INFO GRT-0018] Total wirelength: 1205775 um
[INFO GRT-0014] Routed nets: 21096
[WARNING GRT-0704] Try reduce the layer adjustment from 20% to 14%
[ERROR GRT-0116] Global routing finished with congestion. Check the congestion regions in the DRC Viewer.
write_db /work/orfs/results/sky130hd/ubp4_n32_u75/base/5_1_grt-failed.odb
GRT-0116
    while executing
"error $errMsg"
    (procedure "run_global_route_and_catch_failures" line 7)
    invoked from within
"run_global_route_and_catch_failures {*}$all_args"
    (procedure "do_global_route" line 10)
    invoked from within
"do_global_route $res_aware $use_cugr"
    (procedure "global_route_helper" line 50)
    invoked from within
"global_route_helper"
    (file "/OpenROAD-flow-scripts/flow/scripts/global_route.tcl" line 175)
Elapsed time: 9:02.48[h:]min:sec. CPU time: user 355.22 sys 0.52 (65%). Peak memory: 480124KB.
make[1]: *** [Makefile:613: do-5_1_grt] Error 1
make: *** [Makefile:613: /work/orfs/results/sky130hd/ubp4_n32_u75/base/5_1_grt.odb] Error 2
