======== ABC command line "read_lib -w /home/user/all-the-info/13_FABLE_5_1_SCIENTIFIC_DISCOVERY/experiments/inputs/lib/sky130_fd_sc_hd__tt_025C_1v80.lib; read_aiger design.aig; strash; dch; map -D 5320.65; topo; stime -p; print_stats; write_blif mapped_iso_n1024.blif; cec design.aig"
Parsing finished successfully.  Parsing time =     0.11 sec
Scl_LibertyReadGenlib() skipped cell "sky130_fd_sc_hd__decap_12" without logic function.
Scl_LibertyReadGenlib() skipped cell "sky130_fd_sc_hd__decap_3" without logic function.
Scl_LibertyReadGenlib() skipped cell "sky130_fd_sc_hd__decap_4" without logic function.
Scl_LibertyReadGenlib() skipped cell "sky130_fd_sc_hd__decap_6" without logic function.
Scl_LibertyReadGenlib() skipped cell "sky130_fd_sc_hd__decap_8" without logic function.
Scl_LibertyReadGenlib() skipped sequential cell "sky130_fd_sc_hd__dfbbn_1".
Scl_LibertyReadGenlib() skipped sequential cell "sky130_fd_sc_hd__dfbbn_2".
Scl_LibertyReadGenlib() skipped sequential cell "sky130_fd_sc_hd__dfbbp_1".
Scl_LibertyReadGenlib() skipped sequential cell "sky130_fd_sc_hd__dfrbp_1".
Scl_LibertyReadGenlib() skipped sequential cell "sky130_fd_sc_hd__dfrbp_2".
Scl_LibertyReadGenlib() skipped sequential cell "sky130_fd_sc_hd__dfrtn_1".
Scl_LibertyReadGenlib() skipped sequential cell "sky130_fd_sc_hd__dfrtp_1".
Scl_LibertyReadGenlib() skipped sequential cell "sky130_fd_sc_hd__dfrtp_2".
Scl_LibertyReadGenlib() skipped sequential cell "sky130_fd_sc_hd__dfrtp_4".
Scl_LibertyReadGenlib() skipped sequential cell "sky130_fd_sc_hd__dfsbp_1".
Scl_LibertyReadGenlib() skipped sequential cell "sky130_fd_sc_hd__dfsbp_2".
Scl_LibertyReadGenlib() skipped sequential cell "sky130_fd_sc_hd__dfstp_1".
Scl_LibertyReadGenlib() skipped sequential cell "sky130_fd_sc_hd__dfstp_2".
Scl_LibertyReadGenlib() skipped sequential cell "sky130_fd_sc_hd__dfstp_4".
Scl_LibertyReadGenlib() skipped sequential cell "sky130_fd_sc_hd__dfxbp_1".
Scl_LibertyReadGenlib() skipped sequential cell "sky130_fd_sc_hd__dfxbp_2".
Scl_LibertyReadGenlib() skipped sequential cell "sky130_fd_sc_hd__dfxtp_1".
Scl_LibertyReadGenlib() skipped sequential cell "sky130_fd_sc_hd__dfxtp_2".
Scl_LibertyReadGenlib() skipped sequential cell "sky130_fd_sc_hd__dfxtp_4".
Scl_LibertyReadGenlib() skipped cell "sky130_fd_sc_hd__diode_2" without logic function.
Scl_LibertyReadGenlib() skipped cell "sky130_fd_sc_hd__dlclkp_1" without logic function.
Scl_LibertyReadGenlib() skipped cell "sky130_fd_sc_hd__dlclkp_2" without logic function.
Scl_LibertyReadGenlib() skipped cell "sky130_fd_sc_hd__dlclkp_4" without logic function.
Scl_LibertyReadGenlib() skipped sequential cell "sky130_fd_sc_hd__dlrbn_1".
Scl_LibertyReadGenlib() skipped sequential cell "sky130_fd_sc_hd__dlrbn_2".
Scl_LibertyReadGenlib() skipped sequential cell "sky130_fd_sc_hd__dlrbp_1".
Scl_LibertyReadGenlib() skipped sequential cell "sky130_fd_sc_hd__dlrbp_2".
Scl_LibertyReadGenlib() skipped sequential cell "sky130_fd_sc_hd__dlrtn_1".
Scl_LibertyReadGenlib() skipped sequential cell "sky130_fd_sc_hd__dlrtn_2".
Scl_LibertyReadGenlib() skipped sequential cell "sky130_fd_sc_hd__dlrtn_4".
Scl_LibertyReadGenlib() skipped sequential cell "sky130_fd_sc_hd__dlrtp_1".
Scl_LibertyReadGenlib() skipped sequential cell "sky130_fd_sc_hd__dlrtp_2".
Scl_LibertyReadGenlib() skipped sequential cell "sky130_fd_sc_hd__dlrtp_4".
Scl_LibertyReadGenlib() skipped sequential cell "sky130_fd_sc_hd__dlxbn_1".
Scl_LibertyReadGenlib() skipped sequential cell "sky130_fd_sc_hd__dlxbn_2".
Scl_LibertyReadGenlib() skipped sequential cell "sky130_fd_sc_hd__dlxbp_1".
Scl_LibertyReadGenlib() skipped sequential cell "sky130_fd_sc_hd__dlxtn_1".
Scl_LibertyReadGenlib() skipped sequential cell "sky130_fd_sc_hd__dlxtn_2".
Scl_LibertyReadGenlib() skipped sequential cell "sky130_fd_sc_hd__dlxtn_4".
Scl_LibertyReadGenlib() skipped sequential cell "sky130_fd_sc_hd__dlxtp_1".
Scl_LibertyReadGenlib() skipped three-state cell "sky130_fd_sc_hd__ebufn_1".
Scl_LibertyReadGenlib() skipped three-state cell "sky130_fd_sc_hd__ebufn_2".
Scl_LibertyReadGenlib() skipped three-state cell "sky130_fd_sc_hd__ebufn_4".
Scl_LibertyReadGenlib() skipped three-state cell "sky130_fd_sc_hd__ebufn_8".
Scl_LibertyReadGenlib() skipped sequential cell "sky130_fd_sc_hd__edfxbp_1".
Scl_LibertyReadGenlib() skipped sequential cell "sky130_fd_sc_hd__edfxtp_1".
Scl_LibertyReadGenlib() skipped three-state cell "sky130_fd_sc_hd__einvn_0".
Scl_LibertyReadGenlib() skipped three-state cell "sky130_fd_sc_hd__einvn_1".
Scl_LibertyReadGenlib() skipped three-state cell "sky130_fd_sc_hd__einvn_2".
Scl_LibertyReadGenlib() skipped three-state cell "sky130_fd_sc_hd__einvn_4".
Scl_LibertyReadGenlib() skipped three-state cell "sky130_fd_sc_hd__einvn_8".
Scl_LibertyReadGenlib() skipped three-state cell "sky130_fd_sc_hd__einvp_1".
Scl_LibertyReadGenlib() skipped three-state cell "sky130_fd_sc_hd__einvp_2".
Scl_LibertyReadGenlib() skipped three-state cell "sky130_fd_sc_hd__einvp_4".
Scl_LibertyReadGenlib() skipped three-state cell "sky130_fd_sc_hd__einvp_8".
Scl_LibertyReadGenlib() skipped cell "sky130_fd_sc_hd__lpflow_bleeder_1" without logic function.
Scl_LibertyReadGenlib() skipped cell "sky130_fd_sc_hd__lpflow_decapkapwr_12" without logic function.
Scl_LibertyReadGenlib() skipped cell "sky130_fd_sc_hd__lpflow_decapkapwr_3" without logic function.
Scl_LibertyReadGenlib() skipped cell "sky130_fd_sc_hd__lpflow_decapkapwr_4" without logic function.
Scl_LibertyReadGenlib() skipped cell "sky130_fd_sc_hd__lpflow_decapkapwr_6" without logic function.
Scl_LibertyReadGenlib() skipped cell "sky130_fd_sc_hd__lpflow_decapkapwr_8" without logic function.
Scl_LibertyReadGenlib() skipped sequential cell "sky130_fd_sc_hd__lpflow_inputisolatch_1".
Scl_LibertyReadGenlib() skipped sequential cell "sky130_fd_sc_hd__sdfbbn_1".
Scl_LibertyReadGenlib() skipped sequential cell "sky130_fd_sc_hd__sdfbbn_2".
Scl_LibertyReadGenlib() skipped sequential cell "sky130_fd_sc_hd__sdfbbp_1".
Scl_LibertyReadGenlib() skipped sequential cell "sky130_fd_sc_hd__sdfrbp_1".
Scl_LibertyReadGenlib() skipped sequential cell "sky130_fd_sc_hd__sdfrbp_2".
Scl_LibertyReadGenlib() skipped sequential cell "sky130_fd_sc_hd__sdfrtn_1".
Scl_LibertyReadGenlib() skipped sequential cell "sky130_fd_sc_hd__sdfrtp_1".
Scl_LibertyReadGenlib() skipped sequential cell "sky130_fd_sc_hd__sdfrtp_2".
Scl_LibertyReadGenlib() skipped sequential cell "sky130_fd_sc_hd__sdfrtp_4".
Scl_LibertyReadGenlib() skipped sequential cell "sky130_fd_sc_hd__sdfsbp_1".
Scl_LibertyReadGenlib() skipped sequential cell "sky130_fd_sc_hd__sdfsbp_2".
Scl_LibertyReadGenlib() skipped sequential cell "sky130_fd_sc_hd__sdfstp_1".
Scl_LibertyReadGenlib() skipped sequential cell "sky130_fd_sc_hd__sdfstp_2".
Scl_LibertyReadGenlib() skipped sequential cell "sky130_fd_sc_hd__sdfstp_4".
Scl_LibertyReadGenlib() skipped sequential cell "sky130_fd_sc_hd__sdfxbp_1".
Scl_LibertyReadGenlib() skipped sequential cell "sky130_fd_sc_hd__sdfxbp_2".
Scl_LibertyReadGenlib() skipped sequential cell "sky130_fd_sc_hd__sdfxtp_1".
Scl_LibertyReadGenlib() skipped sequential cell "sky130_fd_sc_hd__sdfxtp_2".
Scl_LibertyReadGenlib() skipped sequential cell "sky130_fd_sc_hd__sdfxtp_4".
Scl_LibertyReadGenlib() skipped cell "sky130_fd_sc_hd__sdlclkp_1" without logic function.
Scl_LibertyReadGenlib() skipped cell "sky130_fd_sc_hd__sdlclkp_2" without logic function.
Scl_LibertyReadGenlib() skipped cell "sky130_fd_sc_hd__sdlclkp_4" without logic function.
Scl_LibertyReadGenlib() skipped sequential cell "sky130_fd_sc_hd__sedfxbp_1".
Scl_LibertyReadGenlib() skipped sequential cell "sky130_fd_sc_hd__sedfxbp_2".
Scl_LibertyReadGenlib() skipped sequential cell "sky130_fd_sc_hd__sedfxtp_1".
Scl_LibertyReadGenlib() skipped sequential cell "sky130_fd_sc_hd__sedfxtp_2".
Scl_LibertyReadGenlib() skipped sequential cell "sky130_fd_sc_hd__sedfxtp_4".
Library "sky130_fd_sc_hd__tt_025C_1v80" from "/home/user/all-the-info/13_FABLE_5_1_SCIENTIFIC_DISCOVERY/experiments/inputs/lib/sky130_fd_sc_hd__tt_025C_1v80.lib" has 334 cells (94 skipped: 63 seq; 13 tri-state; 18 no func; 0 dont_use; 0 with 2 outputs; 0 with 3+ outputs).  Time =     0.19 sec
Memory =   19.81 MB. Time =     0.19 sec
Warning: Detected 9 multi-output cells (for example, "sky130_fd_sc_hd__fa_1").
WireLoad = "none"  [1;33mGates =  31937[0m (  8.8 %)   [1;32mCap =  5.0 ff[0m (  1.3 %)   [1;36mArea =   179887.52[0m ( 91.2 %)   [1;35mDelay =  7111.34 ps[0m  (  1.5 %)               
Path  0 --     825 : 0    2 pi                         A =   0.00  Df =   0.0   -0.0 ps  S =   0.0 ps  Cin =  0.0 ff  Cout =   4.0 ff  Cmax =   0.0 ff  G =    0  
Path  1 --   17261 : 2    2 sky130_fd_sc_hd__and2_2    A =   7.51  Df = 170.9  -47.3 ps  S =  48.1 ps  Cin =  1.5 ff  Cout =   5.0 ff  Cmax = 303.0 ff  G =  320  
Path  2 --   17262 : 2    2 sky130_fd_sc_hd__nor2_1    A =   3.75  Df = 302.7 -129.5 ps  S = 148.1 ps  Cin =  2.4 ff  Cout =   6.9 ff  Cmax =  86.1 ff  G =  283  
Path  3 --   17263 : 2    2 sky130_fd_sc_hd__xor2_1    A =   8.76  Df = 513.1 -190.2 ps  S = 179.2 ps  Cin =  4.4 ff  Cout =   6.3 ff  Cmax =  76.9 ff  G =  139  
Path  4 --   17264 : 2    2 sky130_fd_sc_hd__xor2_1    A =   8.76  Df = 742.5 -154.9 ps  S = 191.0 ps  Cin =  4.4 ff  Cout =   6.9 ff  Cmax =  76.9 ff  G =  152  
Path  5 --   17265 : 2    2 sky130_fd_sc_hd__xor2_1    A =   8.76  Df = 948.0 -209.2 ps  S = 155.3 ps  Cin =  4.4 ff  Cout =   4.9 ff  Cmax =  76.9 ff  G =  107  
Path  6 --   17266 : 2    2 sky130_fd_sc_hd__nor2_1    A =   3.75  Df =1016.2 -145.3 ps  S = 114.8 ps  Cin =  2.4 ff  Cout =   5.0 ff  Cmax =  86.1 ff  G =  201  
Path  7 --   17271 : 3    4 sky130_fd_sc_hd__nor3b_1   A =   7.51  Df =1342.6 -180.4 ps  S = 346.9 ps  Cin =  2.1 ff  Cout =   9.3 ff  Cmax =  49.4 ff  G =  429  
Path  8 --   20368 : 3    4 sky130_fd_sc_hd__o21ai_0   A =   5.00  Df =1544.8  -92.3 ps  S = 331.6 ps  Cin =  1.7 ff  Cout =   9.8 ff  Cmax =  50.4 ff  G =  553  
Path  9 --   20371 : 3    5 sky130_fd_sc_hd__nand3_1   A =   5.00  Df =1725.4  -47.9 ps  S = 151.2 ps  Cin =  2.4 ff  Cout =  11.3 ff  Cmax = 146.5 ff  G =  463  
Path 10 --   23291 : 2    3 sky130_fd_sc_hd__nand2_1   A =   3.75  Df =1814.0  -16.4 ps  S =  87.3 ps  Cin =  2.3 ff  Cout =   6.3 ff  Cmax = 166.6 ff  G =  260  
Path 11 --   23293 : 3    1 sky130_fd_sc_hd__and3_2    A =   7.51  Df =1993.6  -36.2 ps  S =  38.6 ps  Cin =  1.5 ff  Cout =   1.8 ff  Cmax = 309.5 ff  G =  114  
Path 12 --   23341 : 3    3 sky130_fd_sc_hd__o21ai_0   A =   5.00  Df =2220.0 -163.0 ps  S = 259.4 ps  Cin =  1.7 ff  Cout =   7.2 ff  Cmax =  50.4 ff  G =  411  
Path 13 --   23347 : 3    2 sky130_fd_sc_hd__a21oi_1   A =   5.00  Df =2331.7  -34.4 ps  S = 138.6 ps  Cin =  2.3 ff  Cout =   4.3 ff  Cmax =  74.2 ff  G =  175  
Path 14 --   27852 : 3    3 sky130_fd_sc_hd__o21ai_0   A =   5.00  Df =2566.4 -145.8 ps  S = 245.4 ps  Cin =  1.7 ff  Cout =   6.7 ff  Cmax =  50.4 ff  G =  376  
Path 15 --   27857 : 3    6 sky130_fd_sc_hd__nand3_1   A =   5.00  Df =2755.0 -160.9 ps  S = 161.4 ps  Cin =  2.4 ff  Cout =  13.1 ff  Cmax = 146.5 ff  G =  537  
Path 16 --   27866 : 4    1 sky130_fd_sc_hd__o211a_1   A =  10.01  Df =2956.5  -41.0 ps  S =  38.0 ps  Cin =  2.3 ff  Cout =   1.8 ff  Cmax = 183.1 ff  G =   72  
Path 17 --   27867 : 3    5 sky130_fd_sc_hd__o21ai_0   A =   5.00  Df =3212.4 -127.9 ps  S = 355.1 ps  Cin =  1.7 ff  Cout =  10.7 ff  Cmax =  50.4 ff  G =  609  
Path 18 --   28135 : 3    3 sky130_fd_sc_hd__nand3_1   A =   5.00  Df =3365.4 -147.4 ps  S = 129.6 ps  Cin =  2.4 ff  Cout =   6.5 ff  Cmax = 146.5 ff  G =  263  
Path 19 --   28138 : 3    2 sky130_fd_sc_hd__and3_2    A =   7.51  Df =3609.6  -12.0 ps  S =  51.4 ps  Cin =  1.5 ff  Cout =   4.3 ff  Cmax = 309.5 ff  G =  271  
Path 20 --   28928 : 3    1 sky130_fd_sc_hd__o21ai_0   A =   5.00  Df =3737.6  -48.7 ps  S = 124.0 ps  Cin =  1.7 ff  Cout =   2.4 ff  Cmax =  50.4 ff  G =  135  
Path 21 --   28930 : 2    2 sky130_fd_sc_hd__nand2_1   A =   3.75  Df =3811.0  -51.3 ps  S =  58.8 ps  Cin =  2.3 ff  Cout =   4.4 ff  Cmax = 166.6 ff  G =  180  
Path 22 --   30921 : 3    4 sky130_fd_sc_hd__o21ai_0   A =   5.00  Df =4079.7 -192.4 ps  S = 288.1 ps  Cin =  1.7 ff  Cout =   8.3 ff  Cmax =  50.4 ff  G =  464  
Path 23 --   30931 : 3    4 sky130_fd_sc_hd__o21bai_1  A =   7.51  Df =4287.8 -181.4 ps  S = 237.9 ps  Cin =  2.1 ff  Cout =   9.9 ff  Cmax =  77.8 ff  G =  450  
Path 24 --   31361 : 4    3 sky130_fd_sc_hd__o2bb2ai_1 A =   8.76  Df =4455.9  -31.8 ps  S = 171.8 ps  Cin =  2.4 ff  Cout =   6.2 ff  Cmax =  76.0 ff  G =  254  
Path 25 --   31365 : 3    3 sky130_fd_sc_hd__a21oi_1   A =   5.00  Df =4639.2  -72.5 ps  S = 184.7 ps  Cin =  2.3 ff  Cout =   6.8 ff  Cmax =  74.2 ff  G =  279  
Path 26 --   32881 : 3    3 sky130_fd_sc_hd__o21ai_0   A =   5.00  Df =4805.0  -30.9 ps  S = 245.4 ps  Cin =  1.7 ff  Cout =   6.7 ff  Cmax =  50.4 ff  G =  376  
Path 27 --   32886 : 3    6 sky130_fd_sc_hd__nand3_1   A =   5.00  Df =4987.4  -45.4 ps  S = 153.3 ps  Cin =  2.4 ff  Cout =  12.3 ff  Cmax = 146.5 ff  G =  502  
Path 28 --   33242 : 3    1 sky130_fd_sc_hd__and3_2    A =   7.51  Df =5231.4   -7.2 ps  S =  43.4 ps  Cin =  1.5 ff  Cout =   2.5 ff  Cmax = 309.5 ff  G =  157  
Path 29 --   33244 : 3    5 sky130_fd_sc_hd__o21bai_1  A =   7.51  Df =5461.1 -138.7 ps  S = 265.0 ps  Cin =  2.1 ff  Cout =  11.4 ff  Cmax =  77.8 ff  G =  522  
Path 30 --   33255 : 3    1 sky130_fd_sc_hd__a21oi_1   A =   5.00  Df =5552.9  -39.3 ps  S =  90.5 ps  Cin =  2.3 ff  Cout =   1.8 ff  Cmax =  74.2 ff  G =   74  
Path 31 --   33258 : 3    5 sky130_fd_sc_hd__o21ai_0   A =   5.00  Df =5891.4 -115.8 ps  S = 375.7 ps  Cin =  1.7 ff  Cout =  11.4 ff  Cmax =  50.4 ff  G =  652  
Path 32 --   34466 : 3    2 sky130_fd_sc_hd__a21boi_0  A =   7.51  Df =6053.5  -56.3 ps  S = 183.3 ps  Cin =  1.7 ff  Cout =   4.2 ff  Cmax =  48.5 ff  G =  232  
Path 33 --   34467 : 3    2 sky130_fd_sc_hd__o21ai_0   A =   5.00  Df =6186.0  -47.9 ps  S = 217.3 ps  Cin =  1.7 ff  Cout =   5.7 ff  Cmax =  50.4 ff  G =  320  
Path 34 --   35204 : 4    2 sky130_fd_sc_hd__nand4_1   A =   6.26  Df =6312.7  -42.0 ps  S =  94.8 ps  Cin =  2.3 ff  Cout =   3.9 ff  Cmax = 124.5 ff  G =  162  
Path 35 --   35205 : 3    1 sky130_fd_sc_hd__nand3b_1  A =   7.51  Df =6478.9 -103.5 ps  S =  63.3 ps  Cin =  2.0 ff  Cout =   2.5 ff  Cmax = 143.7 ff  G =  116  
Path 36 --   35208 : 3    4 sky130_fd_sc_hd__o21bai_1  A =   7.51  Df =6737.3 -140.9 ps  S = 270.1 ps  Cin =  2.1 ff  Cout =  11.7 ff  Cmax =  77.8 ff  G =  532  
Path 37 --   36494 : 3    3 sky130_fd_sc_hd__a21oi_1   A =   5.00  Df =6887.8  -54.2 ps  S = 235.8 ps  Cin =  2.3 ff  Cout =   9.5 ff  Cmax =  74.2 ff  G =  386  
Path 38 --   36497 : 3    1 sky130_fd_sc_hd__o21bai_1  A =   7.51  Df =7024.4 -106.1 ps  S = 101.0 ps  Cin =  2.1 ff  Cout =   2.4 ff  Cmax =  77.8 ff  G =  108  
Path 39 --   36560 : 2    1 sky130_fd_sc_hd__nand2_1   A =   3.75  Df =7079.0 -107.1 ps  S =  40.8 ps  Cin =  2.3 ff  Cout =   2.4 ff  Cmax = 166.6 ff  G =   99  
Path 40 --   36563 : 2    1 sky130_fd_sc_hd__nand2_1   A =   3.75  Df =7111.3   -5.6 ps  S =  25.0 ps  Cin =  2.3 ff  Cout =   0.0 ff  Cmax = 166.6 ff  G =    0  
Start-point = pi0824.  End-point = po17.
[1;37mdesign                        :[0m i/o = 4608/   18  lat =    0  nd = 31937  edge =  73254  area =179824.78  delay =5320.64  lev = 61
Networks are equivalent.  Time =    13.17 sec

rc=0 wall=24.8
