OpenROAD unknown 
Features included (+) or not (-): -GPU +GUI -Python
This program is licensed under the BSD-3 license. See the LICENSE file for details.
Components of this program may be licensed under more restrictive licenses which must be honored.
[INFO ORD-0030] Using 8 thread(s).
source /OpenROAD-flow-scripts/flow/platforms/asap7/liberty_suppressions.tcl
read_liberty /OpenROAD-flow-scripts/flow/platforms/asap7/lib/NLDM/asap7sc7p5t_AO_RVT_FF_nldm_211120.lib.gz
read_liberty /OpenROAD-flow-scripts/flow/platforms/asap7/lib/NLDM/asap7sc7p5t_INVBUF_RVT_FF_nldm_220122.lib.gz
read_liberty /OpenROAD-flow-scripts/flow/platforms/asap7/lib/NLDM/asap7sc7p5t_OA_RVT_FF_nldm_211120.lib.gz
read_liberty /OpenROAD-flow-scripts/flow/platforms/asap7/lib/NLDM/asap7sc7p5t_SIMPLE_RVT_FF_nldm_211120.lib.gz
read_liberty /OpenROAD-flow-scripts/flow/platforms/asap7/lib/NLDM/asap7sc7p5t_SEQ_RVT_FF_nldm_220123.lib
read_db /w/experiments/outputs/orfs/asap7/aes/base/results/asap7/aes/base/1_synth.odb
read_sdc /w/experiments/outputs/orfs/asap7/aes/base/results/asap7/aes/base/1_synth.sdc
source /OpenROAD-flow-scripts/flow/platforms/asap7/setRC.tcl

==========================================================================
Floorplan check_setup
--------------------------------------------------------------------------
number instances in verilog is 11086
initialize_floorplan -utilization 70 -aspect_ratio 1 -core_space 2 -site asap7sc7p5t
[INFO IFP-0107] Defining die area using utilization: 70.00% and aspect ratio: 1.
[WARNING IFP-0028] Core area lower left (2.000, 2.000) snapped to (2.052, 2.160).
[INFO IFP-0001] Added 164 rows of 826 site asap7sc7p5t.
[INFO IFP-0100] Die BBox:  (  0.000  0.000 ) ( 48.709 48.709 ) um
[INFO IFP-0101] Core BBox: (  2.052  2.160 ) ( 46.656 46.440 ) um
[INFO IFP-0102] Core area:                         1975.065 um^2
[INFO IFP-0103] Total instances area:              1399.286 um^2
[INFO IFP-0104] Effective utilization:                0.708
[INFO IFP-0105] Number of instances:                  11086
source /OpenROAD-flow-scripts/flow/platforms/asap7/openRoad/make_tracks.tcl
source /OpenROAD-flow-scripts/flow/platforms/asap7/fastroute.tcl
set_dont_use "*x1p*_ASAP7* *xp*_ASAP7* SDF* ICG*"
repair_tie_fanout -separation 0 asap7sc7p5t_SIMPLE_RVT_FF_nldm_250407/TIELOx1_ASAP7_75t_R/L
repair_tie_fanout -separation 0 asap7sc7p5t_SIMPLE_RVT_FF_nldm_250407/TIEHIx1_ASAP7_75t_R/H
repair_timing -setup_margin 0 -hold_margin 0 -repair_tns 100 -setup -skip_last_gasp -sequence unbuffer,sizeup,swap,vt_swap -verbose
[WARNING EST-0027] no estimated parasitics. Using wire load models.
[INFO RSZ-0100] Repair move sequence: UnbufferMove SizeUpMove SwapPinsMove 
[INFO RSZ-0094] Found 150 endpoints with setup violations.
[INFO RSZ-0099] Repairing 150 out of 150 (100.00%) violating endpoints...
   Iter   | Removed | Resized | Inserted | Cloned |  Pin  |   Area   |    WNS   |   StTNS    |   EnTNS    |  Viol  |  Worst  
          | Buffers |  Gates  | Buffers  |  Gates | Swaps |          |          |            |            | Endpts | St/EnPt 
------------------------------------------------------------------------------------------------------------------------------
       0* |       0 |       0 |        0 |      0 |     0 |    +0.0% |  -59.315 |    -1859.0 |    -3397.0 |    150 | u983/D
      10* |       0 |       6 |        0 |      0 |     3 |    +0.0% |  -52.777 |    -1827.8 |    -3166.7 |    150 | u983/D
      20* |       0 |      12 |        0 |      0 |     7 |    +0.0% |  -50.701 |    -1815.6 |    -3045.9 |    150 | u2643/D
      30* |       0 |      19 |        0 |      0 |    10 |    +0.0% |  -47.856 |    -1786.0 |    -2860.2 |    150 | u983/D
      40* |       0 |      22 |        0 |      0 |    17 |    +0.1% |  -47.208 |    -1776.6 |    -2828.7 |    150 | u983/D
      45* |       0 |      26 |        0 |      0 |    18 |    +0.1% |  -45.613 |    -1757.7 |    -2751.4 |    150 | u983/D
      50* |       0 |      30 |        0 |      0 |    18 |    +0.1% |  -45.613 |    -1742.7 |    -2682.8 |    150 | u983/D
      59* |       0 |      32 |        0 |      0 |    20 |    +0.1% |  -45.613 |    -1738.8 |    -2664.7 |    150 | u983/D
      60* |       0 |      32 |        0 |      0 |    20 |    +0.1% |  -45.613 |    -1738.8 |    -2664.7 |    150 | u983/D
      69* |       0 |      35 |        0 |      0 |    25 |    +0.1% |  -45.613 |    -1725.7 |    -2606.2 |    150 | u983/D
      70* |       0 |      35 |        0 |      0 |    25 |    +0.1% |  -45.613 |    -1725.7 |    -2606.2 |    150 | u983/D
      80* |       0 |      42 |        0 |      0 |    28 |    +0.1% |  -45.613 |    -1707.5 |    -2532.2 |    150 | u983/D
      90* |       0 |      45 |        0 |      0 |    35 |    +0.1% |  -45.613 |    -1703.0 |    -2501.1 |    150 | u983/D
      95* |       0 |      46 |        0 |      0 |    39 |    +0.1% |  -45.613 |    -1699.2 |    -2495.6 |    150 | u983/D
     100* |       0 |      46 |        0 |      0 |    43 |    +0.1% |  -45.389 |    -1698.1 |    -2494.8 |    150 | u983/D
     101* |       0 |      46 |        0 |      0 |    43 |    +0.1% |  -45.389 |    -1698.1 |    -2494.8 |    150 | u983/D
     110* |       0 |      51 |        0 |      0 |    46 |    +0.1% |  -45.389 |    -1687.1 |    -2457.9 |    150 | u983/D
     120* |       0 |      54 |        0 |      0 |    53 |    +0.1% |  -45.389 |    -1682.8 |    -2450.6 |    150 | u983/D
     122* |       0 |      55 |        0 |      0 |    54 |    +0.1% |  -45.389 |    -1680.8 |    -2445.5 |    150 | u983/D
     128* |       0 |      55 |        0 |      0 |    58 |    +0.1% |  -45.389 |    -1680.8 |    -2441.9 |    150 | u983/D
     130* |       0 |      55 |        0 |      0 |    59 |    +0.1% |  -45.389 |    -1680.8 |    -2442.3 |    150 | u983/D
     132* |       0 |      55 |        0 |      0 |    58 |    +0.1% |  -45.389 |    -1680.8 |    -2441.9 |    150 | u983/D
     140* |       0 |      61 |        0 |      0 |    59 |    +0.1% |  -45.389 |    -1670.6 |    -2410.6 |    150 | u983/D
     150* |       0 |      67 |        0 |      0 |    63 |    +0.2% |  -45.389 |    -1659.0 |    -2355.7 |    150 | u983/D
     160* |       0 |      71 |        0 |      0 |    69 |    +0.2% |  -45.389 |    -1648.7 |    -2353.1 |    150 | u983/D
     170* |       0 |      76 |        0 |      0 |    74 |    +0.2% |  -45.389 |    -1646.3 |    -2345.9 |    150 | u983/D
     176* |       0 |      78 |        0 |      0 |    78 |    +0.2% |  -45.389 |    -1641.4 |    -2323.0 |    150 | u983/D
     180* |       0 |      79 |        0 |      0 |    80 |    +0.2% |  -45.389 |    -1640.8 |    -2318.2 |    150 | u983/D
     184* |       0 |      80 |        0 |      0 |    83 |    +0.2% |  -45.389 |    -1637.5 |    -2307.3 |    150 | u983/D
     190* |       0 |      83 |        0 |      0 |    85 |    +0.2% |  -45.389 |    -1626.6 |    -2297.8 |    150 | u983/D
     200* |       0 |      87 |        0 |      0 |    91 |    +0.2% |  -45.389 |    -1609.0 |    -2290.0 |    150 | u983/D
     203* |       0 |      87 |        0 |      0 |    92 |    +0.2% |  -45.389 |    -1609.0 |    -2289.9 |    150 | u983/D
     210* |       0 |      89 |        0 |      0 |    96 |    +0.2% |  -45.389 |    -1609.0 |    -2285.6 |    150 | u983/D
     214* |       0 |      89 |        0 |      0 |   100 |    +0.2% |  -45.389 |    -1609.0 |    -2255.3 |    150 | u983/D
     219* |       0 |      89 |        0 |      0 |   101 |    +0.2% |  -45.389 |    -1609.0 |    -2255.5 |    150 | u983/D
     220* |       0 |      89 |        0 |      0 |   101 |    +0.2% |  -45.389 |    -1609.0 |    -2255.5 |    150 | u983/D
     230* |       0 |      96 |        0 |      0 |   104 |    +0.2% |  -45.389 |    -1588.2 |    -2113.0 |    150 | u983/D
     240* |       0 |     101 |        0 |      0 |   109 |    +0.2% |  -45.389 |    -1580.6 |    -2077.8 |    150 | u983/D
     243* |       0 |     101 |        0 |      0 |   112 |    +0.2% |  -45.389 |    -1573.4 |    -2063.5 |    150 | u983/D
     250* |       0 |     103 |        0 |      0 |   116 |    +0.2% |  -45.389 |    -1570.2 |    -2045.1 |    150 | u983/D
     253* |       0 |     104 |        0 |      0 |   118 |    +0.2% |  -45.389 |    -1568.2 |    -2043.1 |    150 | u983/D
     260* |       0 |     104 |        0 |      0 |   124 |    +0.2% |  -45.498 |    -1565.3 |    -2041.5 |    150 | u983/D
     263* |       0 |     104 |        0 |      0 |   118 |    +0.2% |  -45.389 |    -1568.2 |    -2043.1 |    150 | u983/D
     270* |       0 |     106 |        0 |      0 |   122 |    +0.3% |  -46.080 |    -1569.6 |    -2010.8 |    150 | u983/D
     277* |       0 |     104 |        0 |      0 |   118 |    +0.2% |  -45.389 |    -1568.2 |    -2043.1 |    150 | u983/D
     280* |       0 |     105 |        0 |      0 |   119 |    +0.3% |  -45.389 |    -1562.3 |    -2017.6 |    150 | u983/D
     290* |       0 |     110 |        0 |      0 |   124 |    +0.3% |  -45.389 |    -1549.4 |    -1953.9 |    150 | u983/D
     298* |       0 |     114 |        0 |      0 |   128 |    +0.3% |  -45.389 |    -1541.1 |    -1934.3 |    150 | u983/D
     300* |       0 |     115 |        0 |      0 |   128 |    +0.3% |  -46.151 |    -1542.7 |    -1904.4 |    150 | u983/D
     305* |       0 |     114 |        0 |      0 |   128 |    +0.3% |  -45.389 |    -1541.1 |    -1934.3 |    150 | u983/D
     310* |       0 |     114 |        0 |      0 |   132 |    +0.3% |  -45.389 |    -1538.9 |    -1931.8 |    150 | u983/D
     318* |       0 |     117 |        0 |      0 |   137 |    +0.3% |  -45.389 |    -1534.6 |    -1920.2 |    150 | u983/D
     320* |       0 |     118 |        0 |      0 |   137 |    +0.3% |  -46.151 |    -1536.1 |    -1890.3 |    150 | u983/D
     330* |       0 |     119 |        0 |      0 |   146 |    +0.3% |  -46.151 |    -1535.9 |    -1884.8 |    150 | u983/D
     332* |       0 |     117 |        0 |      0 |   137 |    +0.3% |  -45.389 |    -1534.6 |    -1920.2 |    150 | u983/D
     336* |       0 |     117 |        0 |      0 |   137 |    +0.3% |  -45.389 |    -1534.6 |    -1920.2 |    150 | u983/D
     340* |       0 |     118 |        0 |      0 |   139 |    +0.3% |  -45.389 |    -1534.6 |    -1917.0 |    150 | u983/D
     344* |       0 |     118 |        0 |      0 |   143 |    +0.3% |  -45.389 |    -1534.4 |    -1907.0 |    150 | u983/D
     350* |       0 |     120 |        0 |      0 |   146 |    +0.3% |  -45.389 |    -1529.9 |    -1879.6 |    150 | u983/D
     360* |       0 |     125 |        0 |      0 |   151 |    +0.3% |  -45.389 |    -1525.3 |    -1869.4 |    150 | u983/D
     362* |       0 |     125 |        0 |      0 |   152 |    +0.3% |  -45.389 |    -1524.5 |    -1868.6 |    150 | u983/D
     370* |       0 |     128 |        0 |      0 |   156 |    +0.3% |  -45.389 |    -1521.7 |    -1865.0 |    150 | u983/D
     375* |       0 |     129 |        0 |      0 |   160 |    +0.3% |  -45.389 |    -1518.8 |    -1861.6 |    150 | u983/D
     380* |       0 |     129 |        0 |      0 |   164 |    +0.3% |  -45.389 |    -1517.7 |    -1859.7 |    150 | u983/D
     381* |       0 |     129 |        0 |      0 |   165 |    +0.3% |  -45.389 |    -1517.7 |    -1859.3 |    150 | u983/D
     385* |       0 |     129 |        0 |      0 |   166 |    +0.3% |  -45.389 |    -1517.3 |    -1858.9 |    150 | u983/D
     390* |       0 |     132 |        0 |      0 |   167 |    +0.3% |  -45.389 |    -1503.6 |    -1838.9 |    150 | u983/D
     400* |       0 |     136 |        0 |      0 |   173 |    +0.3% |  -45.389 |    -1494.5 |    -1829.4 |    150 | u983/D
     410* |       0 |     139 |        0 |      0 |   180 |    +0.3% |  -45.389 |    -1489.8 |    -1827.7 |    150 | u983/D
     414* |       0 |     142 |        0 |      0 |   181 |    +0.3% |  -45.389 |    -1480.0 |    -1825.7 |    150 | u983/D
     417* |       0 |     142 |        0 |      0 |   181 |    +0.3% |  -45.389 |    -1480.0 |    -1825.7 |    150 | u983/D
     420* |       0 |     142 |        0 |      0 |   183 |    +0.3% |  -45.389 |    -1480.0 |    -1826.6 |    150 | u983/D
     421* |       0 |     142 |        0 |      0 |   182 |    +0.3% |  -45.389 |    -1480.0 |    -1825.1 |    150 | u983/D
     425* |       0 |     142 |        0 |      0 |   185 |    +0.3% |  -45.389 |    -1480.0 |    -1823.6 |    150 | u983/D
     429* |       0 |     142 |        0 |      0 |   186 |    +0.3% |  -45.389 |    -1480.0 |    -1823.0 |    150 | u983/D
     430* |       0 |     142 |        0 |      0 |   186 |    +0.3% |  -45.389 |    -1480.0 |    -1823.0 |    150 | u983/D
     440* |       0 |     143 |        0 |      0 |   195 |    +0.3% |  -45.389 |    -1481.2 |    -1824.0 |    150 | u983/D
     442* |       0 |     143 |        0 |      0 |   195 |    +0.3% |  -45.389 |    -1481.2 |    -1824.0 |    150 | u983/D
     450* |       0 |     143 |        0 |      0 |   202 |    +0.3% |  -45.389 |    -1481.2 |    -1821.6 |    150 | u983/D
     451* |       0 |     143 |        0 |      0 |   203 |    +0.3% |  -45.389 |    -1481.2 |    -1821.2 |    150 | u983/D
     460* |       0 |     144 |        0 |      0 |   210 |    +0.4% |  -45.389 |    -1480.6 |    -1810.3 |    150 | u983/D
     466* |       0 |     146 |        0 |      0 |   214 |    +0.4% |  -45.389 |    -1476.7 |    -1791.1 |    150 | u983/D
     470* |       0 |     146 |        0 |      0 |   217 |    +0.4% |  -45.389 |    -1476.7 |    -1790.5 |    150 | u983/D
     470* |       0 |     146 |        0 |      0 |   215 |    +0.4% |  -45.389 |    -1476.7 |    -1789.4 |    150 | u983/D
     480* |       0 |     150 |        0 |      0 |   220 |    +0.4% |  -45.389 |    -1467.4 |    -1767.1 |    150 | u983/D
     490* |       0 |     155 |        0 |      0 |   225 |    +0.4% |  -45.389 |    -1463.0 |    -1755.3 |    150 | u983/D
     491* |       0 |     155 |        0 |      0 |   224 |    +0.4% |  -45.389 |    -1463.1 |    -1755.0 |    150 | u983/D
     495* |       0 |     155 |        0 |      0 |   227 |    +0.4% |  -45.389 |    -1463.1 |    -1755.5 |    150 | u983/D
     499* |       0 |     155 |        0 |      0 |   229 |    +0.4% |  -45.166 |    -1462.2 |    -1753.8 |    150 | u983/D
     500* |       0 |     155 |        0 |      0 |   229 |    +0.4% |  -45.166 |    -1462.2 |    -1753.8 |    150 | u983/D
     510* |       0 |     158 |        0 |      0 |   236 |    +0.4% |  -45.166 |    -1454.9 |    -1725.1 |    150 | u983/D
     514* |       0 |     158 |        0 |      0 |   238 |    +0.4% |  -45.166 |    -1454.9 |    -1722.6 |    150 | u983/D
     517* |       0 |     158 |        0 |      0 |   238 |    +0.4% |  -45.166 |    -1454.9 |    -1722.6 |    150 | u983/D
     520* |       0 |     158 |        0 |      0 |   240 |    +0.4% |  -45.166 |    -1454.9 |    -1720.9 |    150 | u983/D
     530* |       0 |     160 |        0 |      0 |   248 |    +0.4% |  -45.166 |    -1454.9 |    -1718.2 |    150 | u983/D
     530* |       0 |     160 |        0 |      0 |   248 |    +0.4% |  -45.166 |    -1454.9 |    -1718.2 |    150 | u983/D
     540* |       0 |     163 |        0 |      0 |   254 |    +0.4% |  -45.853 |    -1456.3 |    -1689.2 |    150 | u983/D
     545* |       0 |     160 |        0 |      0 |   248 |    +0.4% |  -45.166 |    -1454.9 |    -1718.2 |    150 | u983/D
     550* |       0 |     160 |        0 |      0 |   252 |    +0.4% |  -45.166 |    -1454.9 |    -1718.4 |    150 | u983/D
     550* |       0 |     160 |        0 |      0 |   250 |    +0.4% |  -45.166 |    -1454.9 |    -1717.0 |    150 | u983/D
     560* |       0 |     161 |        0 |      0 |   258 |    +0.4% |  -45.166 |    -1453.1 |    -1693.5 |    150 | u983/D
     562* |       0 |     161 |        0 |      0 |   259 |    +0.4% |  -45.166 |    -1453.1 |    -1693.4 |    150 | u983/D
     570* |       0 |     166 |        0 |      0 |   261 |    +0.4% |  -45.166 |    -1448.2 |    -1686.8 |    150 | u983/D
     580* |       0 |     173 |        0 |      0 |   264 |    +0.4% |  -45.166 |    -1444.7 |    -1676.9 |    150 | u983/D
     590* |       0 |     177 |        0 |      0 |   270 |    +0.5% |  -45.166 |    -1432.0 |    -1668.7 |    150 | u983/D
     594* |       0 |     177 |        0 |      0 |   274 |    +0.5% |  -45.166 |    -1430.0 |    -1666.6 |    150 | u983/D
     598* |       0 |     177 |        0 |      0 |   277 |    +0.5% |  -45.166 |    -1430.0 |    -1665.5 |    150 | u983/D
     600* |       0 |     177 |        0 |      0 |   278 |    +0.5% |  -45.166 |    -1430.0 |    -1666.1 |    150 | u983/D
     602* |       0 |     177 |        0 |      0 |   277 |    +0.5% |  -45.166 |    -1430.0 |    -1665.5 |    150 | u983/D
     606* |       0 |     177 |        0 |      0 |   278 |    +0.5% |  -45.166 |    -1430.0 |    -1665.2 |    150 | u983/D
     609* |       0 |     177 |        0 |      0 |   279 |    +0.5% |  -45.166 |    -1430.0 |    -1664.8 |    150 | u983/D
     610* |       0 |     177 |        0 |      0 |   279 |    +0.5% |  -45.166 |    -1430.0 |    -1664.8 |    150 | u983/D
     620* |       0 |     183 |        0 |      0 |   283 |    +0.5% |  -45.166 |    -1411.1 |    -1631.6 |    150 | u983/D
     630* |       0 |     189 |        0 |      0 |   287 |    +0.5% |  -45.166 |    -1408.3 |    -1623.1 |    150 | u983/D
     638* |       0 |     191 |        0 |      0 |   293 |    +0.5% |  -45.166 |    -1406.4 |    -1615.0 |    150 | u983/D
     640* |       0 |     191 |        0 |      0 |   294 |    +0.5% |  -45.023 |    -1405.8 |    -1614.6 |    150 | u983/D
     641* |       0 |     191 |        0 |      0 |   294 |    +0.5% |  -45.023 |    -1405.8 |    -1614.6 |    150 | u983/D
     646* |       0 |     191 |        0 |      0 |   298 |    +0.5% |  -45.023 |    -1406.3 |    -1612.7 |    150 | u983/D
     650* |       0 |     191 |        0 |      0 |   301 |    +0.5% |  -45.023 |    -1406.3 |    -1612.0 |    150 | u983/D
     654* |       0 |     191 |        0 |      0 |   305 |    +0.5% |  -45.023 |    -1406.3 |    -1609.8 |    150 | u983/D
     657* |       0 |     191 |        0 |      0 |   305 |    +0.5% |  -45.023 |    -1406.3 |    -1609.8 |    150 | u983/D
     660* |       0 |     191 |        0 |      0 |   307 |    +0.5% |  -45.023 |    -1406.5 |    -1611.6 |    150 | u983/D
     662* |       0 |     191 |        0 |      0 |   309 |    +0.5% |  -45.023 |    -1406.5 |    -1609.6 |    150 | u983/D
     670* |       0 |     194 |        0 |      0 |   313 |    +0.5% |  -45.023 |    -1402.6 |    -1597.7 |    150 | u983/D
     676* |       0 |     194 |        0 |      0 |   319 |    +0.5% |  -45.023 |    -1396.7 |    -1593.6 |    150 | u983/D
     680* |       0 |     196 |        0 |      0 |   320 |    +0.5% |  -45.023 |    -1387.9 |    -1546.1 |    150 | u983/D
     690* |       0 |     199 |        0 |      0 |   327 |    +0.5% |  -45.023 |    -1386.4 |    -1533.1 |    150 | u983/D
     691* |       0 |     199 |        0 |      0 |   328 |    +0.5% |  -45.023 |    -1386.4 |    -1531.6 |    150 | u983/D
     700* |       0 |     203 |        0 |      0 |   332 |    +0.5% |  -45.023 |    -1386.4 |    -1527.2 |    150 | u983/D
     710* |       0 |     206 |        0 |      0 |   339 |    +0.5% |  -45.023 |    -1374.8 |    -1519.8 |    150 | u983/D
     714* |       0 |     207 |        0 |      0 |   342 |    +0.5% |  -45.023 |    -1373.6 |    -1517.5 |    150 | u983/D
     717* |       0 |     207 |        0 |      0 |   344 |    +0.5% |  -45.023 |    -1373.6 |    -1515.8 |    150 | u983/D
     720* |       0 |     208 |        0 |      0 |   345 |    +0.5% |  -45.023 |    -1373.9 |    -1504.4 |    150 | u983/D
     730* |       0 |     209 |        0 |      0 |   354 |    +0.5% |  -45.023 |    -1374.3 |    -1495.9 |    150 | u983/D
     731* |       0 |     209 |        0 |      0 |   354 |    +0.5% |  -45.023 |    -1374.3 |    -1495.9 |    150 | u983/D
     740* |       0 |     213 |        0 |      0 |   358 |    +0.5% |  -45.785 |    -1375.9 |    -1463.0 |    150 | u983/D
     744* |       0 |     209 |        0 |      0 |   354 |    +0.5% |  -45.023 |    -1374.3 |    -1495.9 |    150 | u983/D
     748* |       0 |     209 |        0 |      0 |   355 |    +0.5% |  -45.023 |    -1374.3 |    -1495.5 |    150 | u983/D
     750* |       0 |     209 |        0 |      0 |   356 |    +0.5% |  -45.023 |    -1373.2 |    -1494.3 |    150 | u983/D
     760* |       0 |     211 |        0 |      0 |   364 |    +0.5% |  -45.023 |    -1367.1 |    -1487.7 |    150 | u983/D
     762* |       0 |     211 |        0 |      0 |   366 |    +0.5% |  -45.023 |    -1366.2 |    -1486.8 |    150 | u983/D
     766* |       0 |     211 |        0 |      0 |   369 |    +0.5% |  -45.023 |    -1366.2 |    -1485.8 |    150 | u983/D
     770* |       0 |     211 |        0 |      0 |   372 |    +0.5% |  -45.023 |    -1366.2 |    -1482.7 |    150 | u983/D
     777* |       0 |     212 |        0 |      0 |   377 |    +0.5% |  -45.023 |    -1366.3 |    -1480.3 |    150 | u983/D
     780* |       0 |     213 |        0 |      0 |   378 |    +0.5% |  -45.023 |    -1367.7 |    -1478.8 |    150 | u983/D
     790* |       0 |     216 |        0 |      0 |   385 |    +0.6% |  -45.023 |    -1365.0 |    -1455.9 |    150 | u983/D
     791* |       0 |     216 |        0 |      0 |   386 |    +0.6% |  -45.023 |    -1365.0 |    -1455.3 |    150 | u983/D
     800* |       0 |     219 |        0 |      0 |   391 |    +0.6% |  -45.023 |    -1360.6 |    -1443.8 |    150 | u983/D
     806* |       0 |     219 |        0 |      0 |   394 |    +0.6% |  -45.023 |    -1360.6 |    -1442.6 |    150 | u983/D
     810* |       0 |     219 |        0 |      0 |   397 |    +0.6% |  -45.023 |    -1360.4 |    -1442.8 |    150 | u983/D
     817* |       0 |     220 |        0 |      0 |   403 |    +0.6% |  -45.023 |    -1360.4 |    -1438.4 |    150 | u983/D
     820* |       0 |     221 |        0 |      0 |   404 |    +0.6% |  -45.023 |    -1360.2 |    -1433.8 |    150 | u983/D
     826* |       0 |     222 |        0 |      0 |   409 |    +0.6% |  -45.023 |    -1360.3 |    -1426.6 |    150 | u983/D
     830* |       0 |     223 |        0 |      0 |   411 |    +0.6% |  -45.023 |    -1360.3 |    -1425.9 |    150 | u983/D
     836* |       0 |     223 |        0 |      0 |   410 |    +0.6% |  -45.023 |    -1360.3 |    -1424.4 |    150 | u983/D
     840* |       0 |     223 |        0 |      0 |   413 |    +0.6% |  -45.023 |    -1359.4 |    -1416.3 |    150 | u983/D
     848* |       0 |     226 |        0 |      0 |   418 |    +0.6% |  -45.023 |    -1357.1 |    -1404.1 |    150 | u983/D
     850* |       0 |     227 |        0 |      0 |   418 |    +0.6% |  -45.023 |    -1357.1 |    -1402.8 |    150 | u983/D
     860* |       0 |     231 |        0 |      0 |   424 |    +0.6% |  -45.023 |    -1357.2 |    -1395.8 |    150 | u983/D
     865* |       0 |     231 |        0 |      0 |   426 |    +0.6% |  -45.023 |    -1357.2 |    -1394.0 |    150 | u983/D
     870* |       0 |     232 |        0 |      0 |   429 |    +0.6% |  -45.023 |    -1357.9 |    -1390.5 |    150 | u983/D
     880* |       0 |     238 |        0 |      0 |   433 |    +0.6% |  -45.023 |    -1333.7 |    -1363.5 |    150 | u983/D
     890* |       0 |     243 |        0 |      0 |   438 |    +0.6% |  -45.023 |    -1327.1 |    -1355.4 |    150 | u983/D
     891* |       0 |     243 |        0 |      0 |   438 |    +0.6% |  -45.023 |    -1327.1 |    -1355.4 |    150 | u983/D
     895* |       0 |     243 |        0 |      0 |   439 |    +0.6% |  -45.023 |    -1327.1 |    -1354.8 |    150 | u983/D
     900* |       0 |     244 |        0 |      0 |   442 |    +0.6% |  -45.023 |    -1325.6 |    -1354.9 |    150 | u983/D
     900* |       0 |     244 |        0 |      0 |   440 |    +0.6% |  -45.023 |    -1325.6 |    -1353.6 |    150 | u983/D
     908* |       0 |     244 |        0 |      0 |   447 |    +0.6% |  -45.023 |    -1325.6 |    -1349.5 |    150 | u983/D
     910* |       0 |     245 |        0 |      0 |   447 |    +0.6% |  -45.785 |    -1327.1 |    -1319.6 |    150 | u983/D
     914* |       0 |     244 |        0 |      0 |   447 |    +0.6% |  -45.023 |    -1325.6 |    -1349.5 |    150 | u983/D
     915* |       0 |     244 |        0 |      0 |   447 |    +0.6% |  -45.023 |    -1325.6 |    -1349.5 |    150 | u983/D
     918* |       0 |     244 |        0 |      0 |   449 |    +0.6% |  -45.023 |    -1325.6 |    -1349.2 |    150 | u983/D
     920* |       0 |     245 |        0 |      0 |   449 |    +0.6% |  -45.023 |    -1320.1 |    -1343.6 |    150 | u983/D
     930* |       0 |     247 |        0 |      0 |   457 |    +0.6% |  -45.023 |    -1318.4 |    -1331.8 |    150 | u983/D
     931* |       0 |     247 |        0 |      0 |   458 |    +0.6% |  -45.023 |    -1318.4 |    -1331.7 |    150 | u983/D
     933* |       0 |     247 |        0 |      0 |   459 |    +0.6% |  -45.023 |    -1318.4 |    -1331.4 |    150 | u983/D
     935* |       0 |     248 |        0 |      0 |   459 |    +0.6% |  -45.023 |    -1312.9 |    -1312.1 |    150 | u983/D
     940* |       0 |     250 |        0 |      0 |   461 |    +0.6% |  -45.023 |    -1310.9 |    -1307.7 |    150 | u983/D
     945* |       0 |     252 |        0 |      0 |   464 |    +0.7% |  -45.023 |    -1300.0 |    -1304.8 |    150 | u983/D
     950* |       0 |     254 |        0 |      0 |   466 |    +0.7% |  -45.023 |    -1293.5 |    -1285.9 |    150 | u983/D
     960* |       0 |     257 |        0 |      0 |   473 |    +0.7% |  -45.023 |    -1289.3 |    -1256.9 |    150 | u983/D
     961* |       0 |     258 |        0 |      0 |   473 |    +0.7% |  -45.023 |    -1288.9 |    -1255.7 |    150 | u983/D
     964* |       0 |     258 |        0 |      0 |   475 |    +0.7% |  -45.023 |    -1288.9 |    -1254.6 |    150 | u983/D
     968* |       0 |     258 |        0 |      0 |   478 |    +0.7% |  -45.023 |    -1288.9 |    -1253.9 |    150 | u983/D
     970* |       0 |     259 |        0 |      0 |   478 |    +0.7% |  -45.023 |    -1291.0 |    -1260.9 |    150 | u983/D
     979* |       0 |     262 |        0 |      0 |   482 |    +0.7% |  -45.023 |    -1289.2 |    -1258.3 |    150 | u983/D
     980* |       0 |     262 |        0 |      0 |   482 |    +0.7% |  -45.023 |    -1289.2 |    -1258.3 |    150 | u983/D
     980* |       0 |     262 |        0 |      0 |   482 |    +0.7% |  -45.023 |    -1289.2 |    -1258.3 |    150 | u983/D
     981* |       0 |     262 |        0 |      0 |   482 |    +0.7% |  -45.023 |    -1289.2 |    -1258.3 |    150 | u983/D
     990* |       0 |     263 |        0 |      0 |   489 |    +0.7% |  -45.023 |    -1287.4 |    -1252.5 |    150 | u983/D
     990* |       0 |     263 |        0 |      0 |   489 |    +0.7% |  -45.023 |    -1287.4 |    -1252.5 |    150 | u983/D
     991* |       0 |     263 |        0 |      0 |   489 |    +0.7% |  -45.023 |    -1287.4 |    -1252.5 |    150 | u983/D
     996* |       0 |     263 |        0 |      0 |   493 |    +0.7% |  -45.023 |    -1287.4 |    -1250.7 |    150 | u983/D
     997* |       0 |     263 |        0 |      0 |   493 |    +0.7% |  -45.023 |    -1287.4 |    -1250.7 |    150 | u983/D
     998* |       0 |     263 |        0 |      0 |   493 |    +0.7% |  -45.023 |    -1287.4 |    -1250.7 |    150 | u983/D
    1000* |       0 |     263 |        0 |      0 |   494 |    +0.7% |  -45.023 |    -1287.4 |    -1250.6 |    150 | u983/D
    1002* |       0 |     263 |        0 |      0 |   494 |    +0.7% |  -45.023 |    -1287.4 |    -1250.6 |    150 | u983/D
    1003* |       0 |     263 |        0 |      0 |   494 |    +0.7% |  -45.023 |    -1287.4 |    -1250.6 |    150 | u983/D
    1005* |       0 |     263 |        0 |      0 |   495 |    +0.7% |  -45.023 |    -1287.4 |    -1250.1 |    150 | u983/D
    1009* |       0 |     263 |        0 |      0 |   495 |    +0.7% |  -45.023 |    -1287.4 |    -1250.1 |    150 | u983/D
    1010* |       0 |     263 |        0 |      0 |   495 |    +0.7% |  -45.023 |    -1287.4 |    -1250.1 |    150 | u983/D
    1010* |       0 |     263 |        0 |      0 |   495 |    +0.7% |  -45.023 |    -1287.4 |    -1250.1 |    150 | u983/D
    1011* |       0 |     263 |        0 |      0 |   495 |    +0.7% |  -45.023 |    -1287.4 |    -1250.1 |    150 | u983/D
    1012* |       0 |     263 |        0 |      0 |   495 |    +0.7% |  -45.023 |    -1287.4 |    -1250.1 |    150 | u983/D
    1013* |       0 |     263 |        0 |      0 |   495 |    +0.7% |  -45.023 |    -1287.4 |    -1250.1 |    150 | u983/D
    1014* |       0 |     263 |        0 |      0 |   495 |    +0.7% |  -45.023 |    -1287.4 |    -1250.1 |    150 | u983/D
    1015* |       0 |     263 |        0 |      0 |   495 |    +0.7% |  -45.023 |    -1287.4 |    -1250.1 |    150 | u983/D
    1016* |       0 |     263 |        0 |      0 |   495 |    +0.7% |  -45.023 |    -1287.4 |    -1250.1 |    150 | u983/D
    1017* |       0 |     263 |        0 |      0 |   495 |    +0.7% |  -45.023 |    -1287.4 |    -1250.1 |    150 | u983/D
    1018* |       0 |     263 |        0 |      0 |   495 |    +0.7% |  -45.023 |    -1287.4 |    -1250.1 |    150 | u983/D
    1019* |       0 |     263 |        0 |      0 |   495 |    +0.7% |  -45.023 |    -1287.4 |    -1250.1 |    150 | u983/D
    1020* |       0 |     263 |        0 |      0 |   495 |    +0.7% |  -45.023 |    -1287.4 |    -1250.1 |    150 | u983/D
    1020* |       0 |     263 |        0 |      0 |   495 |    +0.7% |  -45.023 |    -1287.4 |    -1250.1 |    150 | u983/D
    1021* |       0 |     263 |        0 |      0 |   495 |    +0.7% |  -45.023 |    -1287.4 |    -1250.1 |    150 | u983/D
    1024* |       0 |     264 |        0 |      0 |   496 |    +0.7% |  -45.023 |    -1287.5 |    -1249.9 |    150 | u983/D
    1025* |       0 |     264 |        0 |      0 |   496 |    +0.7% |  -45.023 |    -1287.5 |    -1249.9 |    150 | u983/D
    1026* |       0 |     264 |        0 |      0 |   496 |    +0.7% |  -45.023 |    -1287.5 |    -1249.9 |    150 | u983/D
    1027* |       0 |     264 |        0 |      0 |   496 |    +0.7% |  -45.023 |    -1287.5 |    -1249.9 |    150 | u983/D
    1028* |       0 |     264 |        0 |      0 |   496 |    +0.7% |  -45.023 |    -1287.5 |    -1249.9 |    150 | u983/D
    1029* |       0 |     264 |        0 |      0 |   496 |    +0.7% |  -45.023 |    -1287.5 |    -1249.9 |    150 | u983/D
    1030* |       0 |     264 |        0 |      0 |   496 |    +0.7% |  -45.023 |    -1287.5 |    -1249.9 |    150 | u983/D
    1040* |       0 |     268 |        0 |      0 |   502 |    +0.7% |  -45.023 |    -1283.4 |    -1246.6 |    150 | u983/D
    1043* |       0 |     268 |        0 |      0 |   500 |    +0.7% |  -45.023 |    -1282.5 |    -1245.6 |    150 | u983/D
    1044* |       0 |     268 |        0 |      0 |   500 |    +0.7% |  -45.023 |    -1282.5 |    -1245.6 |    150 | u983/D
    1045* |       0 |     268 |        0 |      0 |   500 |    +0.7% |  -45.023 |    -1282.5 |    -1245.6 |    150 | u983/D
    1046* |       0 |     268 |        0 |      0 |   500 |    +0.7% |  -45.023 |    -1282.5 |    -1245.6 |    150 | u983/D
    1047* |       0 |     268 |        0 |      0 |   500 |    +0.7% |  -45.023 |    -1282.5 |    -1245.6 |    150 | u983/D
    1049* |       0 |     268 |        0 |      0 |   501 |    +0.7% |  -45.023 |    -1282.5 |    -1244.8 |    150 | u983/D
    1050* |       0 |     268 |        0 |      0 |   501 |    +0.7% |  -45.023 |    -1282.5 |    -1244.8 |    150 | u983/D
    1050* |       0 |     268 |        0 |      0 |   501 |    +0.7% |  -45.023 |    -1282.5 |    -1244.8 |    150 | u983/D
    1051* |       0 |     268 |        0 |      0 |   501 |    +0.7% |  -45.023 |    -1282.5 |    -1244.8 |    150 | u983/D
    1052* |       0 |     268 |        0 |      0 |   501 |    +0.7% |  -45.023 |    -1282.5 |    -1244.8 |    150 | u983/D
    1053* |       0 |     268 |        0 |      0 |   501 |    +0.7% |  -45.023 |    -1282.5 |    -1244.8 |    150 | u983/D
    1054* |       0 |     268 |        0 |      0 |   501 |    +0.7% |  -45.023 |    -1282.5 |    -1244.8 |    150 | u983/D
    1055* |       0 |     268 |        0 |      0 |   501 |    +0.7% |  -45.023 |    -1282.5 |    -1244.8 |    150 | u983/D
    1057* |       0 |     269 |        0 |      0 |   501 |    +0.7% |  -45.023 |    -1282.5 |    -1244.4 |    150 | u983/D
    1058* |       0 |     269 |        0 |      0 |   501 |    +0.7% |  -45.023 |    -1282.5 |    -1244.4 |    150 | u983/D
    1059* |       0 |     269 |        0 |      0 |   501 |    +0.7% |  -45.023 |    -1282.5 |    -1244.4 |    150 | u983/D
    1060* |       0 |     269 |        0 |      0 |   501 |    +0.7% |  -45.023 |    -1282.5 |    -1244.4 |    150 | u983/D
    1060* |       0 |     269 |        0 |      0 |   501 |    +0.7% |  -45.023 |    -1282.5 |    -1244.4 |    150 | u983/D
    1061* |       0 |     269 |        0 |      0 |   501 |    +0.7% |  -45.023 |    -1282.5 |    -1244.4 |    150 | u983/D
    1062* |       0 |     269 |        0 |      0 |   501 |    +0.7% |  -45.023 |    -1282.5 |    -1244.4 |    150 | u983/D
    1063* |       0 |     269 |        0 |      0 |   501 |    +0.7% |  -45.023 |    -1282.5 |    -1244.4 |    150 | u983/D
    1064* |       0 |     269 |        0 |      0 |   501 |    +0.7% |  -45.023 |    -1282.5 |    -1244.4 |    150 | u983/D
    1065* |       0 |     269 |        0 |      0 |   501 |    +0.7% |  -45.023 |    -1282.5 |    -1244.4 |    150 | u983/D
    1066* |       0 |     269 |        0 |      0 |   501 |    +0.7% |  -45.023 |    -1282.5 |    -1244.4 |    150 | u983/D
    1067* |       0 |     269 |        0 |      0 |   501 |    +0.7% |  -45.023 |    -1282.5 |    -1244.4 |    150 | u983/D
    1068* |       0 |     269 |        0 |      0 |   501 |    +0.7% |  -45.023 |    -1282.5 |    -1244.4 |    150 | u983/D
    1069* |       0 |     269 |        0 |      0 |   501 |    +0.7% |  -45.023 |    -1282.5 |    -1244.4 |    150 | u983/D
    1070* |       0 |     269 |        0 |      0 |   501 |    +0.7% |  -45.023 |    -1282.5 |    -1244.4 |    150 | u983/D
    1070* |       0 |     269 |        0 |      0 |   501 |    +0.7% |  -45.023 |    -1282.5 |    -1244.4 |    150 | u983/D
    1071* |       0 |     269 |        0 |      0 |   501 |    +0.7% |  -45.023 |    -1282.5 |    -1244.4 |    150 | u983/D
    1072* |       0 |     269 |        0 |      0 |   501 |    +0.7% |  -45.023 |    -1282.5 |    -1244.4 |    150 | u983/D
    1073* |       0 |     269 |        0 |      0 |   501 |    +0.7% |  -45.023 |    -1282.5 |    -1244.4 |    150 | u983/D
    1074* |       0 |     269 |        0 |      0 |   501 |    +0.7% |  -45.023 |    -1282.5 |    -1244.4 |    150 | u983/D
    1075* |       0 |     269 |        0 |      0 |   501 |    +0.7% |  -45.023 |    -1282.5 |    -1244.4 |    150 | u983/D
    1076* |       0 |     269 |        0 |      0 |   501 |    +0.7% |  -45.023 |    -1282.5 |    -1244.4 |    150 | u983/D
    1077* |       0 |     269 |        0 |      0 |   501 |    +0.7% |  -45.023 |    -1282.5 |    -1244.4 |    150 | u983/D
    1077* |       0 |     269 |        0 |      0 |   501 |    +0.7% |  -45.023 |    -1282.5 |    -1244.4 |    150 | u983/D
    final |       0 |     269 |        0 |      0 |   501 |    +0.7% |  -45.023 |    -1282.5 |    -1244.4 |     82 | u983/D
------------------------------------------------------------------------------------------------------------------------------
[INFO RSZ-0051] Resized 269 instances: 269 up, 0 up match, 0 down, 0 VT
[INFO RSZ-0043] Swapped pins on 501 instances.
[WARNING RSZ-0062] Unable to repair all setup violations.
[INFO RSZ-0505] Runtime: 11.68s
Took 12 seconds: repair_timing -setup_margin 0 -hold_margin 0 -repair_tns 100 -setup -skip_last_gasp -sequence unbuffer,sizeup,swap,vt_swap -verbose
Default units for flow
 time 1ps
 capacitance 1fF
 resistance 1kohm
 voltage 1v
 current 1mA
 power 1pW
 distance 1um
   Layer   | Unit Resistance | Unit Capacitance 
           |       (kohm/um) |          (fF/um)
------------------------------------------------
        M1 |        7.04e-02 |         1.00e-10
        M2 |        2.97e-02 |         1.75e-01
        M3 |        3.13e-02 |         1.56e-01
        M4 |        1.80e-02 |         1.78e-01
        M5 |        1.90e-02 |         1.64e-01
        M6 |        1.19e-02 |         1.87e-01
        M7 |        1.25e-02 |         1.63e-01
        M8 |        8.45e-03 |         1.04e-01
        M9 |        8.90e-03 |         9.28e-02
       Pad |        0.00e+00 |         0.00e+00
------------------------------------------------

   Layer   | Via Resistance 
           |         (kohm) 
----------------------------
        V1 |       1.72e-02 
        V2 |       1.72e-02 
        V3 |       1.72e-02 
        V4 |       1.18e-02 
        V5 |       1.18e-02 
        V6 |       8.20e-03 
        V7 |       8.20e-03 
        V8 |       6.30e-03 
        V9 |       6.30e-03 
----------------------------
Report metrics stage 2, floorplan final...

==========================================================================
floorplan final report_design_area
--------------------------------------------------------------------------
Design area 1409 um^2 71% utilization.
write_db /w/experiments/outputs/orfs/asap7/aes/base/results/asap7/aes/base/2_1_floorplan.odb
write_sdc -no_timestamp /w/experiments/outputs/orfs/asap7/aes/base/results/asap7/aes/base/2_1_floorplan.sdc
Elapsed time: 0:15.35[h:]min:sec. CPU time: user 16.68 sys 3.80 (133%). Peak memory: 240264KB.
Log                       Ext     Elapsed/s Peak Memory/MB sha1sum result [0:20)
2_1_floorplan             .odb           15            234 6a612011b922a089739e
2_1_floorplan             .sdc                             f1097b520eac1b47b8e3
