OpenROAD unknown 
Features included (+) or not (-): -GPU +GUI -Python
This program is licensed under the BSD-3 license. See the LICENSE file for details.
Components of this program may be licensed under more restrictive licenses which must be honored.
[INFO ORD-0030] Using 8 thread(s).
source /OpenROAD-flow-scripts/flow/platforms/asap7/liberty_suppressions.tcl
read_liberty /OpenROAD-flow-scripts/flow/platforms/asap7/lib/NLDM/asap7sc7p5t_AO_RVT_FF_nldm_211120.lib.gz
read_liberty /OpenROAD-flow-scripts/flow/platforms/asap7/lib/NLDM/asap7sc7p5t_INVBUF_RVT_FF_nldm_220122.lib.gz
read_liberty /OpenROAD-flow-scripts/flow/platforms/asap7/lib/NLDM/asap7sc7p5t_OA_RVT_FF_nldm_211120.lib.gz
read_liberty /OpenROAD-flow-scripts/flow/platforms/asap7/lib/NLDM/asap7sc7p5t_SIMPLE_RVT_FF_nldm_211120.lib.gz
read_liberty /OpenROAD-flow-scripts/flow/platforms/asap7/lib/NLDM/asap7sc7p5t_SEQ_RVT_FF_nldm_220123.lib
read_db /w/experiments/outputs/orfs/asap7/aes/base/results/asap7/aes/base/3_2_place_iop.odb
read_sdc /w/experiments/outputs/orfs/asap7/aes/base/results/asap7/aes/base/2_floorplan.sdc
source /OpenROAD-flow-scripts/flow/platforms/asap7/setRC.tcl
[INFO RSZ-0026] Removed 1059 buffers.
Perform port buffering...
[INFO RSZ-0027] Inserted 258 BUFx2_ASAP7_75t_R input buffers.
[INFO RSZ-0028] Inserted 129 BUFx2_ASAP7_75t_R output buffers.
global_placement -density 0.65 -pad_left 0 -pad_right 0 -routability_driven -timing_driven -force_center_initial_place -min_phi_coef 0.95 -max_phi_coef 1.05
[INFO GPL-0001] ---- Initialize GPL Main Data Structures
[INFO GPL-0002] DBU: 1000
[INFO GPL-0003] SiteSize: (  0.054  0.270 ) um
[INFO GPL-0004] CoreBBox: (  2.052  2.160 ) ( 46.656 46.440 ) um
[INFO GPL-0016] Core area:                    1975.065 um^2
[INFO GPL-0036] Movable instances area:       1217.240 um^2
[INFO GPL-0037] Total instances area:         1229.225 um^2
[INFO GPL-0035] Pin density area adjust:       148.997 um^2
[INFO GPL-0032] ---- Initialize Region: Top-level
[INFO GPL-0006] Number of instances:             10825
[INFO GPL-0007] Movable instances:               10414
[INFO GPL-0008] Fixed instances:                   411
[INFO GPL-0009] Dummy instances:                     0
[INFO GPL-0010] Number of nets:                  10673
[INFO GPL-0011] Number of pins:                  39695
[INFO GPL-0012] Die BBox:       (  0.000  0.000 ) ( 48.709 48.709 ) um
[INFO GPL-0013] Placement BBox: (  2.052  2.160 ) ( 46.656 46.440 ) um
[INFO GPL-0014] Region name: top-level.
[INFO GPL-0015] Region area:                  1975.065 um^2
[INFO GPL-0017] Fixed instances area:           11.985 um^2
[INFO GPL-0018] Movable instances area:       1366.237 um^2
[INFO GPL-0019] Utilization:                    69.597 %
[INFO GPL-0020] Standard cells area:          1366.237 um^2
[INFO GPL-0021] Large instances area:            0.000 um^2
[INFO GPL-0005] ---- Execute Conjugate Gradient Initial Placement.
[INFO GPL-0051] Source of initial instance position counters:
	Odb location = 0	Core center = 10414	Region center = 0
[InitialPlace]  Iter: 1 conjugate gradient residual: 0.00007434 HPWL: 42779608
[InitialPlace]  Iter: 2 conjugate gradient residual: 0.00001940 HPWL: 20494387
[InitialPlace]  Iter: 3 conjugate gradient residual: 0.00001511 HPWL: 20431752
[InitialPlace]  Iter: 4 conjugate gradient residual: 0.00000802 HPWL: 20558955
[InitialPlace]  Iter: 5 conjugate gradient residual: 0.00001427 HPWL: 20541769
[InitialPlace]  Iter: 6 conjugate gradient residual: 0.00000910 HPWL: 20607391
[INFO GPL-0033] ---- Initialize Nesterov Region: Top-level
[WARNING GPL-0302] Target density 0.6500 is too low for the available free area.
Automatically adjusting to uniform density 0.7000.
[INFO GPL-0023] Placement target density:       0.7000
[INFO GPL-0024] Movable insts average area:      0.131 um^2
[INFO GPL-0025] Ideal bin area:                  0.187 um^2
[INFO GPL-0026] Ideal bin count:                 10538
[INFO GPL-0027] Total bin area:               1975.065 um^2
[INFO GPL-0028] Bin count (X, Y):          64 ,     64
[INFO GPL-0029] Bin size (W * H):       0.697 *  0.692 um
[INFO GPL-0030] Number of bins:                   4096
[INFO GPL-0084] ---- Execute Nesterov Global Placement.
[INFO GPL-0031] HPWL: Half-Perimeter Wirelength
Iteration | Overflow |     HPWL (um) |  HPWL(%) |   Penalty | Group
---------------------------------------------------------------
        0 |   0.8754 |  1.338344e+04 |   +0.00% |  5.92e-13 |      
       10 |   0.7986 |  1.497531e+04 |  +11.89% |  9.63e-13 |      
       20 |   0.7782 |  1.526842e+04 |   +1.96% |  1.57e-12 |      
       30 |   0.7785 |  1.511275e+04 |   -1.02% |  2.56e-12 |      
       40 |   0.7811 |  1.495684e+04 |   -1.03% |  4.16e-12 |      
       50 |   0.7806 |  1.494582e+04 |   -0.07% |  6.78e-12 |      
       60 |   0.7793 |  1.492370e+04 |   -0.15% |  1.10e-11 |      
       70 |   0.7797 |  1.488411e+04 |   -0.27% |  1.80e-11 |      
       80 |   0.7790 |  1.487307e+04 |   -0.07% |  2.93e-11 |      
       90 |   0.7782 |  1.488226e+04 |   +0.06% |  4.77e-11 |      
      100 |   0.7771 |  1.488636e+04 |   +0.03% |  7.78e-11 |      
      110 |   0.7765 |  1.489174e+04 |   +0.04% |  1.27e-10 |      
      120 |   0.7753 |  1.490527e+04 |   +0.09% |  2.06e-10 |      
      130 |   0.7747 |  1.492444e+04 |   +0.13% |  3.36e-10 |      
      140 |   0.7738 |  1.495268e+04 |   +0.19% |  5.47e-10 |      
      150 |   0.7715 |  1.500433e+04 |   +0.35% |  8.92e-10 |      
      160 |   0.7680 |  1.510130e+04 |   +0.65% |  1.45e-09 |      
      170 |   0.7621 |  1.527307e+04 |   +1.14% |  2.37e-09 |      
      180 |   0.7520 |  1.557134e+04 |   +1.95% |  3.85e-09 |      
      190 |   0.7420 |  1.607339e+04 |   +3.22% |  6.28e-09 |      
      200 |   0.7282 |  1.684213e+04 |   +4.78% |  1.02e-08 |      
      210 |   0.7111 |  1.787948e+04 |   +6.16% |  1.67e-08 |      
      220 |   0.6937 |  1.903756e+04 |   +6.48% |  2.71e-08 |      
      230 |   0.6737 |  2.024147e+04 |   +6.32% |  4.42e-08 |      
      240 |   0.6517 |  2.144692e+04 |   +5.96% |  7.19e-08 |      
[INFO GPL-0100] Timing-driven iteration 1/2, virtual: false.
[INFO GPL-0101]    Iter: 248, overflow: 0.635, keep resizer changes at: 1, HPWL: 22209264
Iteration |   Area    | Resized | Buffers | Nets repaired | Remaining
---------------------------------------------------------------------
        0 |     +0.0% |       0 |       0 |             0 |     10673
    final |     +0.3% |       0 |      47 |            33 |         0
---------------------------------------------------------------------
[INFO RSZ-0034] Found 7 slew violations.
[INFO RSZ-0035] Found 33 fanout violations.
[INFO RSZ-0038] Inserted 47 buffers in 33 nets.
   Iter   |    Area   | Removed | Inserted |   Pins
          |           | Buffers | Buffers  | Remaining
-------------------------------------------------------
        0 |     +0.0% |       0 |        0 |     10414
     1000 |     +0.7% |       0 |       94 |      9414
     2000 |     +2.1% |       0 |      290 |      8414
     3000 |     +2.1% |       0 |      290 |      7414
     4000 |     +2.2% |       0 |      310 |      6414
     5000 |     +2.6% |       0 |      355 |      5414
     6000 |     +3.4% |       0 |      468 |      4414
     7000 |     +4.8% |       0 |      664 |      3414
     8000 |     +7.4% |       0 |     1019 |      2414
     9000 |    +11.9% |       0 |     1626 |      1414
    10000 |    +19.2% |      34 |     2552 |       414
    final |    +20.4% |      47 |     2711 |         0
-------------------------------------------------------
[INFO GPL-0106] Timing-driven: worst slack -1.587977e-11
[INFO GPL-0107] Timing-driven: repair_design delta area: 255.063 um^2 (+18.67%)
[INFO GPL-0108] Timing-driven: repair_design, gpl delta gcells: 2711 (+26.03%)
[INFO GPL-0109] Timing-driven: repair_design, gcells created: 2758, deleted: 47
[INFO GPL-0110] Timing-driven: new target density: 0.8299297
Iteration | Overflow |     HPWL (um) |  HPWL(%) |   Penalty | Group
---------------------------------------------------------------
      250 |   0.6271 |  2.615766e+04 |  +21.96% |  1.17e-07 |      
[INFO GPL-0038] Routability snapshot saved at iter = 254
      253 |   0.5930 |  2.812523e+04 |          |           |      
      260 |   0.5767 |  2.859915e+04 |   +9.33% |  1.91e-07 |      
      270 |   0.5661 |  2.904909e+04 |   +1.57% |  3.11e-07 |      
      280 |   0.5188 |  3.058449e+04 |   +5.29% |  5.06e-07 |      
      290 |   0.4826 |  3.192972e+04 |   +4.40% |  8.24e-07 |      
      300 |   0.4421 |  3.306322e+04 |   +3.55% |  1.34e-06 |      
      310 |   0.3934 |  3.454339e+04 |   +4.48% |  2.19e-06 |      
      320 |   0.3399 |  3.600978e+04 |   +4.25% |  3.56e-06 |      
[INFO GPL-0040] Routability iteration: 1
[INFO GPL-0088] Tiles the placer can act on: 4206 of 7225 (58.21%)
[INFO GPL-0041] Total routing overflow: 0.0192
[INFO GPL-0042] Number of overflowed tiles: 2 (0.05%)
[INFO GPL-0043] Average top 0.5% routing congestion: 0.8931
[INFO GPL-0044] Average top 1.0% routing congestion: 0.8429
[INFO GPL-0045] Average top 2.0% routing congestion: 0.7894
[INFO GPL-0046] Average top 5.0% routing congestion: 0.7209
[INFO GPL-0047] Routability iteration weighted routing congestion: 0.8680
[INFO GPL-0050] Weighted routing congestion is lower than target routing congestion(1.0100), end routability optimization.
[INFO GPL-0090] Routability finished. Target routing congestion achieved succesfully.
Iteration | Overflow |     HPWL (um) |  HPWL(%) |   Penalty | Group
---------------------------------------------------------------
      330 |   0.2884 |  3.728963e+04 |   +3.55% |  5.24e-06 |      
      340 |   0.2355 |  3.838346e+04 |   +2.93% |  7.72e-06 |      
[INFO GPL-0100] Timing-driven iteration 2/2, virtual: false.
[INFO GPL-0101]    Iter: 350, overflow: 0.194, keep resizer changes at: 1, HPWL: 39247250
Iteration |   Area    | Resized | Buffers | Nets repaired | Remaining
---------------------------------------------------------------------
        0 |     +0.0% |       0 |       0 |             0 |     13384
    final |     +0.0% |       0 |       0 |             0 |         0
---------------------------------------------------------------------
   Iter   |    Area   | Removed | Inserted |   Pins
          |           | Buffers | Buffers  | Remaining
-------------------------------------------------------
        0 |     +0.0% |       0 |        0 |     10414
     1000 |     -0.2% |      94 |       58 |      9414
     2000 |     -0.5% |     290 |      205 |      8414
     3000 |     -0.5% |     290 |      205 |      7414
     4000 |     -0.6% |     310 |      210 |      6414
     5000 |     -0.7% |     355 |      237 |      5414
     6000 |     -0.9% |     468 |      308 |      4414
     7000 |     -1.4% |     664 |      416 |      3414
     8000 |     -2.2% |    1019 |      633 |      2414
     9000 |     -3.7% |    1626 |     1001 |      1414
    10000 |     -6.1% |    2552 |     1530 |       414
    final |     -6.2% |    2711 |     1660 |         0
-------------------------------------------------------
[INFO GPL-0106] Timing-driven: worst slack -1.2323642e-11
[INFO GPL-0107] Timing-driven: repair_design delta area: -91.592 um^2 (-5.65%)
[INFO GPL-0108] Timing-driven: repair_design, gpl delta gcells: -1051 (-8.01%)
[INFO GPL-0109] Timing-driven: repair_design, gcells created: 1660, deleted: 2711
[INFO GPL-0110] Timing-driven: new target density: 0.7832727
Iteration | Overflow |     HPWL (um) |  HPWL(%) |   Penalty | Group
---------------------------------------------------------------
      350 |   0.2062 |  3.911161e+04 |   +1.90% |  1.14e-05 |      
      360 |   0.1596 |  3.928801e+04 |   +0.45% |  1.68e-05 |      
      370 |   0.1302 |  3.943074e+04 |   +0.36% |  2.47e-05 |      
      380 |   0.1088 |  3.949822e+04 |   +0.17% |  3.64e-05 |      
      385 |   0.0996 |  3.952919e+04 |          |  4.59e-05 |      
---------------------------------------------------------------
[INFO GPL-1001] Global placement finished at iteration 385
[INFO GPL-1017] Routability mode iteration count: 74
[INFO GPL-1005] Routability final weighted congestion: 0.6515
[INFO GPL-1002] Placed Cell Area             1529.7080
[INFO GPL-1003] Available Free Area          1963.0804
[INFO GPL-1004] Minimum Feasible Density        0.7000 (cell_area / free_area)
[INFO GPL-1006]   Suggested Target Densities:
[INFO GPL-1007]     - For 90% usage of free space: 0.8658
[INFO GPL-1008]     - For 80% usage of free space: 0.9740
[INFO GPL-1011] Original area (um^2): 1366.24
[INFO GPL-1012] Total routability artificial inflation: 0.00 (+0.00%)
[INFO GPL-1013] Total timing-driven delta area: 163.47 (+11.97%)
[INFO GPL-1014] Final placement area: 1529.71 (+11.97%)
[INFO GPL-1018] Final HPWL (um): 39509.39
Took 15 seconds: global_placement -density 0.65 -pad_left 0 -pad_right 0 -routability_driven -timing_driven -force_center_initial_place -min_phi_coef 0.95 -max_phi_coef 1.05
estimate_parasitics -placement
Report metrics stage 3, global place...

==========================================================================
global place report_design_area
--------------------------------------------------------------------------
Design area 1393 um^2 71% utilization.
write_db /w/experiments/outputs/orfs/asap7/aes/base/results/asap7/aes/base/3_3_place_gp.odb
Elapsed time: 0:20.05[h:]min:sec. CPU time: user 23.07 sys 4.31 (136%). Peak memory: 516960KB.
Log                       Ext     Elapsed/s Peak Memory/MB sha1sum result [0:20)
3_3_place_gp              .odb           20            504 1d975b7f5a9d66efa334
