OpenROAD unknown 
Features included (+) or not (-): -GPU +GUI -Python
This program is licensed under the BSD-3 license. See the LICENSE file for details.
Components of this program may be licensed under more restrictive licenses which must be honored.
[INFO ORD-0030] Using 8 thread(s).
source /OpenROAD-flow-scripts/flow/platforms/asap7/liberty_suppressions.tcl
read_liberty /OpenROAD-flow-scripts/flow/platforms/asap7/lib/NLDM/asap7sc7p5t_AO_RVT_FF_nldm_211120.lib.gz
read_liberty /OpenROAD-flow-scripts/flow/platforms/asap7/lib/NLDM/asap7sc7p5t_INVBUF_RVT_FF_nldm_220122.lib.gz
read_liberty /OpenROAD-flow-scripts/flow/platforms/asap7/lib/NLDM/asap7sc7p5t_OA_RVT_FF_nldm_211120.lib.gz
read_liberty /OpenROAD-flow-scripts/flow/platforms/asap7/lib/NLDM/asap7sc7p5t_SIMPLE_RVT_FF_nldm_211120.lib.gz
read_liberty /OpenROAD-flow-scripts/flow/platforms/asap7/lib/NLDM/asap7sc7p5t_SEQ_RVT_FF_nldm_220123.lib
read_db /w/experiments/outputs/orfs/asap7/aes/base/results/asap7/aes/base/4_cts.odb
read_sdc /w/experiments/outputs/orfs/asap7/aes/base/results/asap7/aes/base/4_cts.sdc
source /OpenROAD-flow-scripts/flow/platforms/asap7/setRC.tcl
pin_access
[INFO DRT-0149] Reading tech and libs.

Units:                1000
Number of layers:     21
Number of macros:     212
Number of vias:       14
Number of viarulegen: 11

[INFO DRT-0150] Reading design.

Design:                   aes_cipher_top
Die area:                 ( 0 0 ) ( 48709 48709 )
Number of track patterns: 32
Number of DEF vias:       0
Number of components:     12604
Number of terminals:      390
Number of snets:          2
Number of nets:           12426

[INFO DRT-0167] List of default vias:
  Layer V2
    default via: VIA23
  Layer V3
    default via: VIA34
  Layer V4
    default via: VIA45
  Layer V5
    default via: VIA56
  Layer V6
    default via: VIA67
  Layer V7
    default via: VIA78
  Layer V8
    default via: VIA89
  Layer V9
    default via: VIA9Pad
[INFO DRT-0162] Library cell analysis.
[INFO DRT-0163] Instance analysis.
[INFO DRT-0164] Number of unique instances = 236.
[INFO DRT-0168] Init region query.
[INFO DRT-0024]   Complete Active.
[INFO DRT-0024]   Complete V0.
[INFO DRT-0024]   Complete M1.
[INFO DRT-0024]   Complete V1.
[INFO DRT-0024]   Complete M2.
[INFO DRT-0024]   Complete V2.
[INFO DRT-0024]   Complete M3.
[INFO DRT-0024]   Complete V3.
[INFO DRT-0024]   Complete M4.
[INFO DRT-0024]   Complete V4.
[INFO DRT-0024]   Complete M5.
[INFO DRT-0024]   Complete V5.
[INFO DRT-0024]   Complete M6.
[INFO DRT-0024]   Complete V6.
[INFO DRT-0024]   Complete M7.
[INFO DRT-0024]   Complete V7.
[INFO DRT-0024]   Complete M8.
[INFO DRT-0024]   Complete V8.
[INFO DRT-0024]   Complete M9.
[INFO DRT-0024]   Complete V9.
[INFO DRT-0024]   Complete Pad.
[INFO DRT-0033] Active shape region query size = 0.
[INFO DRT-0033] V0 shape region query size = 0.
[INFO DRT-0033] M1 shape region query size = 195721.
[INFO DRT-0033] V1 shape region query size = 209213.
[INFO DRT-0033] M2 shape region query size = 3409.
[INFO DRT-0033] V2 shape region query size = 4455.
[INFO DRT-0033] M3 shape region query size = 4455.
[INFO DRT-0033] V3 shape region query size = 2970.
[INFO DRT-0033] M4 shape region query size = 3215.
[INFO DRT-0033] V4 shape region query size = 2970.
[INFO DRT-0033] M5 shape region query size = 1808.
[INFO DRT-0033] V5 shape region query size = 324.
[INFO DRT-0033] M6 shape region query size = 198.
[INFO DRT-0033] V6 shape region query size = 0.
[INFO DRT-0033] M7 shape region query size = 0.
[INFO DRT-0033] V7 shape region query size = 0.
[INFO DRT-0033] M8 shape region query size = 0.
[INFO DRT-0033] V8 shape region query size = 0.
[INFO DRT-0033] M9 shape region query size = 0.
[INFO DRT-0033] V9 shape region query size = 0.
[INFO DRT-0033] Pad shape region query size = 0.
[INFO DRT-0165] Start pin access.
[INFO DRT-0076]   Complete 1000 pins.
[INFO DRT-0078]   Complete 1392 pins.
[INFO DRT-0079]   Complete 100 unique inst patterns.
[INFO DRT-0079]   Complete 200 unique inst patterns.
[INFO DRT-0081]   Complete 236 unique inst patterns.
[INFO DRT-0084]   Complete 6883 groups.
#scanned instances     = 12604
#unique  instances     = 236
#stdCellGenAp          = 6748
#stdCellValidPlanarAp  = 10
#stdCellValidViaAp     = 5689
#stdCellPinNoAp        = 0
#stdCellPinCnt         = 42839
#instTermValidViaApCnt = 0
#macroGenAp            = 0
#macroValidPlanarAp    = 0
#macroValidViaAp       = 0
#macroNoAp             = 0
[INFO DRT-0166] Complete pin access.
[INFO DRT-0267] cpu time = 00:02:28, elapsed time = 00:01:14, memory = 219.39 (MB), peak = 218.57 (MB)
Took 74 seconds: pin_access
global_route -congestion_report_file /w/experiments/outputs/orfs/asap7/aes/base/reports/asap7/aes/base/congestion.rpt -congestion_iterations 30 -congestion_report_iter_step 5 -verbose -resistance_aware
[INFO GRT-0020] Min routing layer: M2
[INFO GRT-0021] Max routing layer: M7
[INFO GRT-0022] Global adjustment: 0%
[INFO GRT-0023] Grid origin: (0, 0)
[INFO GRT-0088] Layer M1      Track-Pitch = 0.0360  line-2-Via Pitch: 0.0360
[INFO GRT-0088] Layer M2      Track-Pitch = 0.0390  line-2-Via Pitch: 0.0360
[INFO GRT-0088] Layer M3      Track-Pitch = 0.0360  line-2-Via Pitch: 0.0360
[INFO GRT-0088] Layer M4      Track-Pitch = 0.0480  line-2-Via Pitch: 0.0480
[INFO GRT-0088] Layer M5      Track-Pitch = 0.0480  line-2-Via Pitch: 0.0480
[INFO GRT-0088] Layer M6      Track-Pitch = 0.0640  line-2-Via Pitch: 0.0640
[INFO GRT-0088] Layer M7      Track-Pitch = 0.0640  line-2-Via Pitch: 0.0640
[INFO GRT-0003] Macros: 0
[INFO GRT-0004] Blockages: 1590
[INFO GRT-0019] Found 32 clock nets.
[INFO GRT-0001] Minimum degree: 2
[INFO GRT-0002] Maximum degree: 51

[INFO GRT-0053] Routing resources analysis:
          Routing      Original      Derated      Resource
Layer     Direction    Resources     Resources    Reduction (%)
---------------------------------------------------------------
M1         Vertical            0             0          0.00%
M2         Horizontal      96331         68542          28.85%
M3         Vertical       109746         81638          25.61%
M4         Horizontal      84152         62564          25.65%
M5         Vertical        81429         60459          25.75%
M6         Horizontal      56826         38724          31.86%
M7         Vertical        63924         43092          32.59%
---------------------------------------------------------------

[INFO GRT-0197] Via related to pin nodes: 106007
[INFO GRT-0198] Via related Steiner nodes: 2914
[INFO GRT-0199] Via filling finished.
[INFO GRT-0111] Final number of vias: 142941
[INFO GRT-0112] Final usage 3D: 511820

[INFO GRT-0096] Final congestion report:
Layer         Resource        Demand        Usage (%)    Max H / Max V / Total Congestion
---------------------------------------------------------------------------------------
M1                   0             0            0.00%             0 /  0 /  0
M2               68542         23713           34.60%             0 /  0 /  0
M3               81638         27428           33.60%             0 /  0 /  0
M4               62564          8629           13.79%             0 /  0 /  0
M5               60459          5981            9.89%             0 /  0 /  0
M6               38724          8527           22.02%             0 /  0 /  0
M7               43092          8719           20.23%             0 /  0 /  0
---------------------------------------------------------------------------------------
Total           355019         82997           23.38%             0 /  0 /  0

[INFO GRT-0018] Total wirelength: 680722 um
[INFO GRT-0014] Routed nets: 12426
[INFO GRT-0303] Global routing runtime = 00:00:06
Took 7 seconds: global_route -congestion_report_file /w/experiments/outputs/orfs/asap7/aes/base/reports/asap7/aes/base/congestion.rpt -congestion_iterations 30 -congestion_report_iter_step 5 -verbose -resistance_aware
[WARNING STA-0450] virtual clock vclk_clk can not be propagated.
estimate_parasitics -global_routing
Perform buffer insertion and gate resizing...
repair_design -verbose
Iteration |   Area    | Resized | Buffers | Nets repaired | Remaining
---------------------------------------------------------------------
        0 |     +0.0% |       0 |       0 |             0 |     12452
     1000 |     +0.0% |       0 |       0 |             0 |     11452
     2000 |     +0.0% |       0 |       0 |             0 |     10452
     3000 |     +0.0% |       0 |       0 |             0 |      9452
     4000 |     +0.0% |       0 |       0 |             0 |      8452
     5000 |     +0.0% |       0 |       0 |             0 |      7452
     6000 |     +0.0% |       0 |       0 |             0 |      6452
     7000 |     +0.0% |       0 |       0 |             0 |      5452
     8000 |     +0.0% |       0 |       0 |             0 |      4452
     9000 |     +0.0% |       0 |       0 |             0 |      3452
    10000 |     +0.0% |       0 |       0 |             0 |      2452
    11000 |     +0.0% |       0 |       0 |             0 |      1452
    12000 |     +0.0% |       0 |       0 |             0 |       452
    final |     +0.0% |       0 |       0 |             0 |         0
---------------------------------------------------------------------
[INFO RSZ-0504] Runtime: 1.46s
global_route -start_incremental
detailed_placement
[INFO DPL-0006] Core area: 1975.07 um^2
[INFO DPL-0007] Movable instances area: 1409.64 um^2
[INFO DPL-0008] Fixed instances area within core: 11.98 um^2
[INFO DPL-0009] Utilization: 72.0%
[INFO DPL-0005] Diamond search max displacement: +/- 500 sites horizontally, +/- 100 rows vertically.
[INFO DPL-1102] Legalizing using negotiation legalizer.
[INFO DPL-1103] Negotiation base search window: +/-20 sites horizontally, +/-5 rows vertically 
	Automatic search window extension enabled.
	Search window extendable up to the max displacement cap of +/-500 sites, +/-100 rows near walls.
[INFO DPL-1104] NegotiationLegalizer DRC penalty: 5.
[INFO DPL-0392] Negotiation cell height distribution (1 unique row-count(s)):
[INFO DPL-0393]   height 1 row(s): 12604 cells
[INFO DPL-0500] Runtime: 0.06s
Placement Analysis
---------------------------------
total displacement          0.0 u
average displacement        0.0 u
max displacement            0.0 u
original HPWL           40581.8 u
legalized HPWL          40581.8 u
delta HPWL                    0 %

global_route -end_incremental -resistance_aware -congestion_report_file /w/experiments/outputs/orfs/asap7/aes/base/reports/asap7/aes/base/congestion_post_repair_design.rpt
Repair setup and hold violations...
estimate_parasitics -global_routing
repair_timing -setup_margin 0 -hold_margin 0 -repair_tns 100 -verbose
[INFO RSZ-0100] Repair move sequence: UnbufferMove SizeUpMove SwapPinsMove BufferMove CloneMove SplitLoadMove 
[INFO RSZ-0094] Found 111 endpoints with setup violations.
[INFO RSZ-0099] Repairing 111 out of 111 (100.00%) violating endpoints...
   Iter   | Removed | Resized | Inserted | Cloned |  Pin  |   Area   |    WNS   |   StTNS    |   EnTNS    |  Viol  |  Worst  
          | Buffers |  Gates  | Buffers  |  Gates | Swaps |          |          |            |            | Endpts | St/EnPt 
------------------------------------------------------------------------------------------------------------------------------
       0* |       0 |       0 |        0 |      0 |     0 |    +0.0% |  -16.794 |     -636.9 |     -749.7 |    111 | u1796/D
      10* |       0 |       4 |        4 |      0 |     2 |    +0.0% |  -14.644 |     -618.0 |     -730.5 |    111 | u1386/D
      20* |       0 |       9 |        5 |      1 |     5 |    +0.1% |  -13.475 |     -595.7 |     -710.4 |    111 | u147/D
      30* |       0 |      14 |        5 |      1 |    10 |    +0.1% |  -14.011 |     -585.1 |     -689.6 |    111 | u1386/D
      40* |       0 |      18 |        8 |      1 |    13 |    +0.1% |  -12.534 |     -575.4 |     -679.3 |    111 | u1694/D
      50* |       0 |      19 |       13 |      1 |    19 |    +0.1% |  -12.172 |     -567.3 |     -664.9 |    111 | u144/D
      60* |       0 |      23 |       16 |      1 |    23 |    +0.2% |  -17.540 |     -568.9 |     -690.1 |    111 | u563/D
      70* |       0 |      26 |       19 |      1 |    27 |    +0.2% |  -11.723 |     -557.4 |     -659.4 |    111 | u1386/D
      80* |       0 |      30 |       22 |      1 |    30 |    +0.2% |  -12.957 |     -558.7 |     -664.0 |    111 | u2643/D
      90* |       0 |      30 |       24 |      1 |    38 |    +0.3% |  -11.386 |     -552.4 |     -660.3 |    111 | u983/D
     100* |       0 |      32 |       27 |      1 |    43 |    +0.3% |  -11.219 |     -541.7 |     -645.7 |    111 | u1615/D
     110* |       0 |      37 |       32 |      1 |    46 |    +0.3% |  -11.237 |     -528.2 |     -638.0 |    111 | u1617/D
     120* |       0 |      42 |       35 |      1 |    49 |    +0.4% |  -10.857 |     -511.5 |     -632.0 |    111 | u2643/D
     130* |       0 |      45 |       36 |      1 |    55 |    +0.4% |  -10.670 |     -506.0 |     -625.0 |    111 | u147/D
     140* |       0 |      48 |       42 |      1 |    61 |    +0.4% |  -12.462 |     -496.5 |     -624.0 |    111 | u144/D
     140* |       0 |      48 |       42 |      1 |    56 |    +0.4% |  -10.526 |     -500.1 |     -620.2 |    111 | u144/D
     150* |       0 |      50 |       45 |      1 |    60 |    +0.4% |  -10.526 |     -492.6 |     -609.7 |    111 | u144/D
     160* |       0 |      52 |       47 |      1 |    66 |    +0.5% |  -10.526 |     -492.5 |     -606.9 |    111 | u144/D
     161* |       0 |      52 |       47 |      1 |    63 |    +0.5% |  -10.526 |     -492.0 |     -605.1 |    111 | u144/D
     170* |       0 |      54 |       51 |      1 |    66 |    +0.5% |  -10.682 |     -491.0 |     -600.0 |    111 | u2643/D
     180* |       0 |      55 |       53 |      1 |    73 |    +0.5% |  -11.442 |     -488.8 |     -600.4 |    111 | u2643/D
     188* |       0 |      55 |       53 |      1 |    75 |    +0.5% |  -10.526 |     -488.5 |     -595.1 |    111 | u144/D
     190* |       0 |      56 |       53 |      1 |    75 |    +0.5% |  -10.526 |     -481.9 |     -595.0 |    111 | u144/D
     200* |       0 |      59 |       64 |      2 |    76 |    +0.6% |  -10.664 |     -470.1 |     -595.4 |    111 | u5571/D
     210* |       0 |      62 |       68 |      3 |    79 |    +0.6% |  -10.664 |     -466.1 |     -596.8 |    111 | u5571/D
     220* |       0 |      64 |       70 |      3 |    85 |    +0.7% |  -10.664 |     -462.9 |     -601.7 |    111 | u5571/D
     230* |       0 |      67 |       74 |      3 |    88 |    +0.7% |  -10.664 |     -462.0 |     -600.0 |    111 | u5571/D
     233* |       0 |      57 |       53 |      1 |    75 |    +0.5% |  -10.526 |     -477.0 |     -594.3 |    111 | u144/D
     239* |       0 |      57 |       53 |      1 |    75 |    +0.5% |  -10.526 |     -477.0 |     -594.3 |    111 | u144/D
     240* |       0 |      57 |       53 |      1 |    75 |    +0.5% |  -10.526 |     -477.0 |     -594.3 |    111 | u144/D
     250* |       0 |      59 |       56 |      1 |    80 |    +0.6% |  -10.526 |     -471.0 |     -591.9 |    111 | u144/D
     250* |       0 |      59 |       56 |      1 |    76 |    +0.6% |  -10.526 |     -471.0 |     -588.2 |    111 | u144/D
     257* |       0 |      62 |       56 |      1 |    77 |    +0.6% |  -10.526 |     -468.8 |     -578.0 |    111 | u144/D
     260* |       0 |      63 |       56 |      1 |    78 |    +0.6% |  -10.526 |     -464.3 |     -564.2 |    111 | u144/D
     270* |       0 |      66 |       62 |      1 |    81 |    +0.6% |  -10.526 |     -460.3 |     -552.5 |    111 | u144/D
     272* |       0 |      67 |       62 |      1 |    82 |    +0.6% |  -10.526 |     -460.3 |     -552.3 |    111 | u144/D
     273* |       0 |      67 |       62 |      1 |    82 |    +0.6% |  -10.526 |     -460.3 |     -552.3 |    111 | u144/D
     280* |       0 |      69 |       63 |      1 |    85 |    +0.6% |  -10.526 |     -459.4 |     -550.7 |    111 | u144/D
     290* |       0 |      74 |       63 |      1 |    90 |    +0.7% |  -10.526 |     -457.9 |     -547.1 |    111 | u144/D
     298* |       0 |      74 |       63 |      1 |    90 |    +0.7% |  -10.526 |     -457.9 |     -547.1 |    111 | u144/D
     300* |       0 |      74 |       63 |      1 |    91 |    +0.7% |  -10.526 |     -457.9 |     -547.6 |    111 | u144/D
     310* |       0 |      76 |       68 |      1 |    96 |    +0.7% |  -11.732 |     -461.9 |     -545.0 |    111 | u1792/D
     312* |       0 |      74 |       63 |      1 |    93 |    +0.7% |  -10.526 |     -457.7 |     -546.3 |    111 | u144/D
     320* |       0 |      77 |       64 |      1 |    96 |    +0.7% |  -10.526 |     -460.1 |     -545.3 |    111 | u144/D
     330* |       0 |      78 |       66 |      1 |   103 |    +0.7% |  -10.526 |     -459.0 |     -542.3 |    111 | u144/D
     337* |       0 |      78 |       67 |      1 |   106 |    +0.7% |  -10.526 |     -459.0 |     -541.4 |    111 | u144/D
     340* |       0 |      79 |       67 |      1 |   107 |    +0.7% |  -10.526 |     -455.5 |     -537.4 |    111 | u144/D
     350* |       0 |      82 |       69 |      1 |   112 |    +0.7% |  -10.526 |     -446.5 |     -535.2 |    111 | u144/D
     360* |       0 |      86 |       71 |      1 |   117 |    +0.8% |  -10.526 |     -437.0 |     -527.3 |    111 | u144/D
     363* |       0 |      88 |       71 |      1 |   117 |    +0.8% |  -10.526 |     -434.8 |     -527.1 |    111 | u144/D
     370* |       0 |      89 |       72 |      1 |   121 |    +0.8% |  -11.739 |     -436.5 |     -545.8 |    111 | u563/D
     374* |       0 |      88 |       71 |      1 |   117 |    +0.8% |  -10.526 |     -434.8 |     -527.1 |    111 | u144/D
     380* |       0 |      91 |       72 |      1 |   118 |    +0.8% |  -10.526 |     -433.5 |     -525.4 |    111 | u144/D
     383* |       0 |      91 |       72 |      1 |   117 |    +0.8% |  -10.526 |     -434.0 |     -525.0 |    111 | u144/D
     390* |       0 |      93 |       75 |      1 |   120 |    +0.8% |  -10.539 |     -430.8 |     -518.6 |    111 | u1796/D
     400* |       1 |      95 |       80 |      1 |   123 |    +0.8% |  -10.526 |     -424.3 |     -512.8 |    111 | u144/D
     406* |       1 |      95 |       80 |      1 |   122 |    +0.8% |  -10.526 |     -424.3 |     -512.4 |    111 | u144/D
     410* |       1 |      96 |       81 |      1 |   123 |    +0.8% |  -10.526 |     -423.4 |     -488.2 |    111 | u144/D
     410* |       1 |      96 |       81 |      1 |   123 |    +0.8% |  -10.526 |     -423.4 |     -488.2 |    111 | u144/D
     416* |       1 |      98 |       84 |      1 |   124 |    +0.9% |  -10.526 |     -414.5 |     -480.8 |    111 | u144/D
     420* |       1 |     100 |       87 |      1 |   124 |    +0.9% |  -10.526 |     -406.4 |     -476.4 |    111 | u144/D
     430* |       1 |     106 |       98 |      1 |   124 |    +1.0% |  -10.526 |     -404.8 |     -471.3 |    111 | u144/D
     436* |       1 |     108 |      100 |      2 |   126 |    +1.0% |  -10.526 |     -407.7 |     -477.0 |    111 | u144/D
     440* |       1 |     110 |      102 |      2 |   126 |    +1.0% |  -10.526 |     -403.8 |     -475.5 |    111 | u144/D
     450* |       1 |     117 |      104 |      2 |   128 |    +1.1% |  -10.705 |     -405.6 |     -481.8 |    111 | u1347/D
     460* |       1 |     120 |      110 |      2 |   131 |    +1.1% |  -12.305 |     -402.8 |     -476.2 |    111 | u1347/D
     470* |       1 |     121 |      118 |      2 |   134 |    +1.2% |  -10.526 |     -395.6 |     -476.3 |    111 | u144/D
     480* |       1 |     124 |      122 |      2 |   138 |    +1.2% |  -10.526 |     -394.7 |     -472.4 |    111 | u144/D
     480* |       1 |     123 |      122 |      2 |   135 |    +1.2% |  -10.526 |     -395.6 |     -472.9 |    111 | u144/D
     490* |       1 |     125 |      125 |      2 |   140 |    +1.2% |  -10.526 |     -387.5 |     -462.5 |    111 | u144/D
     495* |       1 |     126 |      126 |      2 |   143 |    +1.2% |  -10.526 |     -387.6 |     -458.8 |    111 | u144/D
     500* |       1 |     129 |      127 |      2 |   143 |    +1.3% |  -10.540 |     -388.0 |     -444.3 |    111 | u2643/D
     508* |       1 |     127 |      126 |      2 |   143 |    +1.2% |  -10.526 |     -387.3 |     -450.3 |    111 | u144/D
     510* |       1 |     127 |      126 |      2 |   144 |    +1.2% |  -10.526 |     -387.6 |     -451.6 |    111 | u144/D
     520* |       1 |     128 |      135 |      2 |   148 |    +1.3% |  -10.526 |     -381.2 |     -439.2 |    111 | u144/D
     526* |       1 |     128 |      136 |      2 |   149 |    +1.3% |  -10.526 |     -378.2 |     -436.0 |    111 | u144/D
     530* |       1 |     129 |      136 |      2 |   151 |    +1.3% |  -10.526 |     -377.6 |     -436.0 |    111 | u144/D
     540* |       1 |     131 |      137 |      2 |   158 |    +1.3% |  -10.526 |     -380.4 |     -432.8 |    111 | u144/D
     543* |       1 |     128 |      136 |      2 |   150 |    +1.3% |  -10.526 |     -377.3 |     -434.8 |    111 | u144/D
     550* |       1 |     130 |      139 |      2 |   153 |    +1.3% |  -10.526 |     -373.2 |     -433.0 |    111 | u144/D
     560* |       1 |     134 |      142 |      2 |   157 |    +1.4% |  -10.526 |     -371.5 |     -433.0 |    111 | u144/D
     570* |       1 |     137 |      144 |      2 |   162 |    +1.4% |  -10.526 |     -371.4 |     -433.0 |    111 | u144/D
     573* |       1 |     138 |      144 |      2 |   163 |    +1.4% |  -10.526 |     -371.4 |     -431.3 |    111 | u144/D
     580* |       1 |     140 |      144 |      2 |   167 |    +1.4% |  -10.636 |     -371.8 |     -429.6 |    111 | u1792/D
     587* |       1 |     139 |      144 |      2 |   164 |    +1.4% |  -10.526 |     -371.4 |     -428.2 |    111 | u144/D
     590* |       1 |     139 |      144 |      2 |   166 |    +1.4% |  -10.526 |     -371.6 |     -428.4 |    111 | u144/D
     597* |       1 |     139 |      144 |      2 |   165 |    +1.4% |  -10.526 |     -370.3 |     -427.1 |    111 | u144/D
     599* |       1 |     140 |      144 |      2 |   165 |    +1.4% |  -10.526 |     -366.6 |     -420.9 |    111 | u144/D
     600* |       1 |     140 |      144 |      2 |   165 |    +1.4% |  -10.526 |     -366.6 |     -420.9 |    111 | u144/D
     605* |       1 |     144 |      144 |      2 |   166 |    +1.4% |  -10.526 |     -367.4 |     -407.4 |    111 | u144/D
     610* |       1 |     145 |      144 |      2 |   169 |    +1.4% |  -10.526 |     -367.2 |     -405.4 |    111 | u144/D
     620* |       1 |     149 |      148 |      2 |   171 |    +1.4% |  -10.526 |     -371.2 |     -402.9 |    111 | u144/D
     622* |       1 |     149 |      148 |      2 |   171 |    +1.4% |  -10.526 |     -371.2 |     -402.9 |    111 | u144/D
     630* |       1 |     152 |      150 |      2 |   173 |    +1.5% |  -10.526 |     -370.6 |     -391.4 |    111 | u144/D
     632* |       1 |     152 |      151 |      2 |   174 |    +1.5% |  -10.526 |     -370.4 |     -389.8 |    111 | u144/D
     634* |       1 |     153 |      151 |      2 |   174 |    +1.5% |  -10.526 |     -370.4 |     -387.7 |    111 | u144/D
     640* |       1 |     156 |      152 |      2 |   175 |    +1.5% |  -10.526 |     -371.3 |     -379.1 |    111 | u144/D
     647* |       1 |     156 |      156 |      3 |   175 |    +1.5% |  -10.526 |     -370.9 |     -376.0 |    111 | u144/D
     650* |       1 |     158 |      156 |      3 |   175 |    +1.5% |  -10.526 |     -369.2 |     -370.8 |    111 | u144/D
     660* |       1 |     165 |      157 |      3 |   177 |    +1.5% |  -10.526 |     -368.1 |     -368.2 |    111 | u144/D
     670* |       1 |     167 |      163 |      4 |   179 |    +1.6% |  -10.513 |     -366.7 |     -366.6 |    111 | u144/D
     670* |       1 |     167 |      163 |      4 |   179 |    +1.6% |  -10.513 |     -366.7 |     -366.6 |    111 | u144/D
     680* |       1 |     169 |      166 |      4 |   183 |    +1.6% |  -10.513 |     -359.3 |     -362.3 |    111 | u144/D
     683* |       1 |     171 |      166 |      4 |   184 |    +1.6% |  -10.513 |     -357.8 |     -357.9 |    111 | u144/D
     689* |       1 |     171 |      166 |      4 |   184 |    +1.6% |  -10.513 |     -357.8 |     -357.9 |    111 | u144/D
     690* |       1 |     171 |      166 |      4 |   184 |    +1.6% |  -10.513 |     -357.8 |     -357.9 |    111 | u144/D
     692* |       1 |     173 |      166 |      4 |   184 |    +1.6% |  -10.513 |     -354.7 |     -355.0 |    111 | u144/D
     699* |       1 |     173 |      166 |      4 |   184 |    +1.6% |  -10.513 |     -354.7 |     -355.0 |    111 | u144/D
     700* |       1 |     173 |      166 |      4 |   184 |    +1.6% |  -10.513 |     -354.7 |     -355.0 |    111 | u144/D
     701* |       1 |     174 |      166 |      4 |   184 |    +1.6% |  -10.513 |     -354.7 |     -351.5 |    111 | u144/D
     710* |       1 |     174 |      167 |      4 |   191 |    +1.6% |  -10.513 |     -354.8 |     -352.6 |    111 | u144/D
     713* |       1 |     174 |      167 |      4 |   194 |    +1.6% |  -10.513 |     -354.8 |     -349.9 |    111 | u144/D
     720* |       1 |     180 |      167 |      4 |   194 |    +1.6% |  -10.521 |     -354.1 |     -342.6 |    111 | u144/D
     721* |       1 |     176 |      167 |      4 |   194 |    +1.6% |  -10.513 |     -354.8 |     -349.1 |    111 | u144/D
     722* |       1 |     176 |      167 |      4 |   194 |    +1.6% |  -10.513 |     -354.8 |     -349.1 |    111 | u144/D
     730* |       1 |     179 |      167 |      4 |   198 |    +1.6% |  -10.513 |     -351.7 |     -342.8 |    111 | u144/D
     740* |       1 |     180 |      170 |      4 |   206 |    +1.7% |  -10.513 |     -353.7 |     -344.0 |    111 | u144/D
     741* |       1 |     179 |      167 |      4 |   197 |    +1.6% |  -10.513 |     -351.7 |     -339.0 |    111 | u144/D
     750* |       1 |     182 |      171 |      4 |   200 |    +1.7% |  -11.226 |     -344.6 |     -331.2 |    111 | u144/D
     751* |       1 |     179 |      167 |      4 |   199 |    +1.6% |  -10.513 |     -351.7 |     -335.8 |    111 | u144/D
     760* |       1 |     182 |      170 |      4 |   201 |    +1.7% |  -14.384 |     -355.9 |     -357.7 |    111 | u563/D
     762* |       1 |     179 |      168 |      4 |   200 |    +1.7% |  -10.513 |     -351.7 |     -332.1 |    111 | u144/D
     768* |       1 |     179 |      168 |      4 |   200 |    +1.7% |  -10.513 |     -351.7 |     -332.1 |    111 | u144/D
     770* |       1 |     179 |      168 |      4 |   201 |    +1.7% |  -10.513 |     -351.7 |     -329.3 |    111 | u144/D
     780* |       1 |     179 |      169 |      5 |   209 |    +1.7% |  -10.512 |     -353.4 |     -342.6 |    111 | u144/D
     782* |       1 |     179 |      169 |      5 |   206 |    +1.7% |  -10.512 |     -352.2 |     -338.8 |    111 | u144/D
     790* |       1 |     182 |      174 |      5 |   208 |    +1.7% |  -10.512 |     -350.3 |     -335.5 |    111 | u144/D
     792* |       1 |     184 |      174 |      5 |   208 |    +1.7% |  -10.512 |     -346.7 |     -330.5 |    111 | u144/D
     800* |       1 |     187 |      179 |      7 |   209 |    +1.8% |  -10.470 |     -341.9 |     -320.2 |    111 | u144/D
     801* |       1 |     185 |      179 |      7 |   209 |    +1.8% |  -10.462 |     -342.6 |     -319.9 |    111 | u144/D
     802* |       1 |     185 |      179 |      7 |   209 |    +1.8% |  -10.462 |     -342.6 |     -319.9 |    111 | u144/D
     803* |       1 |     185 |      179 |      7 |   209 |    +1.8% |  -10.462 |     -342.6 |     -319.9 |    111 | u144/D
     810* |       1 |     188 |      179 |      7 |   212 |    +1.8% |  -10.462 |     -341.7 |     -316.4 |    111 | u144/D
     810* |       1 |     188 |      179 |      7 |   212 |    +1.8% |  -10.462 |     -341.7 |     -316.4 |    111 | u144/D
     817* |       1 |     190 |      185 |      7 |   213 |    +1.8% |  -10.462 |     -328.4 |     -310.3 |    111 | u144/D
     820* |       1 |     191 |      188 |      7 |   213 |    +1.8% |  -10.462 |     -322.6 |     -306.8 |    111 | u144/D
     823* |       1 |     191 |      189 |      7 |   215 |    +1.9% |  -10.462 |     -322.6 |     -304.5 |    111 | u144/D
     830* |       1 |     192 |      190 |      7 |   219 |    +1.9% |  -10.462 |     -321.8 |     -298.6 |    111 | u144/D
     833* |       1 |     192 |      190 |      7 |   217 |    +1.9% |  -10.462 |     -322.6 |     -297.3 |    111 | u144/D
     835* |       1 |     193 |      190 |      7 |   217 |    +1.9% |  -10.462 |     -321.8 |     -296.5 |    111 | u144/D
     836* |       1 |     193 |      190 |      7 |   217 |    +1.9% |  -10.462 |     -321.8 |     -296.5 |    111 | u144/D
     840* |       1 |     194 |      190 |      7 |   219 |    +1.9% |  -10.903 |     -322.3 |     -294.3 |    111 | u144/D
     844* |       1 |     193 |      190 |      7 |   217 |    +1.9% |  -10.462 |     -321.8 |     -296.5 |    111 | u144/D
     850* |       1 |     195 |      190 |      7 |   220 |    +1.9% |  -10.462 |     -321.8 |     -295.7 |    111 | u144/D
     850* |       1 |     195 |      190 |      7 |   220 |    +1.9% |  -10.462 |     -321.8 |     -295.7 |    111 | u144/D
     851* |       1 |     195 |      190 |      7 |   220 |    +1.9% |  -10.462 |     -321.8 |     -295.7 |    111 | u144/D
     860* |       1 |     195 |      200 |      8 |   223 |    +1.9% |  -10.462 |     -321.6 |     -293.4 |    111 | u144/D
     861* |       1 |     196 |      200 |      8 |   223 |    +1.9% |  -10.462 |     -321.6 |     -293.4 |    111 | u144/D
     862* |       1 |     196 |      200 |      8 |   223 |    +1.9% |  -10.462 |     -321.6 |     -293.4 |    111 | u144/D
     868* |       1 |     196 |      203 |      8 |   225 |    +2.0% |  -10.462 |     -321.6 |     -292.4 |    111 | u144/D
     870* |       1 |     197 |      203 |      8 |   225 |    +2.0% |  -10.783 |     -322.3 |     -291.8 |    111 | u2643/D
     870* |       1 |     196 |      203 |      8 |   225 |    +2.0% |  -10.462 |     -321.6 |     -292.4 |    111 | u144/D
     872* |       1 |     197 |      203 |      8 |   225 |    +2.0% |  -10.462 |     -321.6 |     -285.9 |    111 | u144/D
     874* |       1 |     197 |      203 |      8 |   225 |    +2.0% |  -10.462 |     -321.6 |     -285.9 |    111 | u144/D
     879* |       1 |     199 |      203 |      8 |   227 |    +2.0% |  -10.462 |     -318.5 |     -280.5 |    111 | u144/D
     880* |       1 |     199 |      203 |      8 |   227 |    +2.0% |  -10.462 |     -318.5 |     -280.5 |    111 | u144/D
     890* |       1 |     204 |      204 |      8 |   231 |    +2.0% |  -10.462 |     -312.6 |     -278.4 |    111 | u144/D
     892* |       1 |     204 |      204 |      8 |   231 |    +2.0% |  -10.462 |     -312.6 |     -278.4 |    111 | u144/D
     899* |       1 |     204 |      204 |      8 |   231 |    +2.0% |  -10.462 |     -312.6 |     -278.4 |    111 | u144/D
     900* |       1 |     204 |      204 |      8 |   231 |    +2.0% |  -10.462 |     -312.6 |     -278.4 |    111 | u144/D
     910* |       1 |     208 |      208 |      8 |   235 |    +2.0% |  -10.460 |     -298.7 |     -266.9 |    111 | u144/D
     914* |       1 |     210 |      208 |      8 |   237 |    +2.0% |  -10.460 |     -297.9 |     -265.5 |    111 | u144/D
     916* |       1 |     211 |      208 |      8 |   237 |    +2.0% |  -10.460 |     -297.9 |     -261.9 |    111 | u144/D
     920* |       1 |     211 |      210 |      8 |   239 |    +2.1% |  -10.460 |     -295.8 |     -259.8 |    111 | u144/D
     920* |       1 |     211 |      210 |      8 |   239 |    +2.1% |  -10.460 |     -295.8 |     -259.8 |    111 | u144/D
     921* |       1 |     211 |      210 |      8 |   239 |    +2.1% |  -10.460 |     -295.8 |     -259.8 |    111 | u144/D
     927* |       1 |     211 |      210 |      8 |   239 |    +2.1% |  -10.460 |     -295.8 |     -259.8 |    111 | u144/D
     928* |       1 |     211 |      210 |      8 |   239 |    +2.1% |  -10.460 |     -295.8 |     -259.8 |    111 | u144/D
     929* |       1 |     211 |      210 |      8 |   239 |    +2.1% |  -10.460 |     -295.8 |     -259.8 |    111 | u144/D
     930* |       1 |     211 |      210 |      8 |   239 |    +2.1% |  -10.460 |     -295.8 |     -259.8 |    111 | u144/D
     934* |       1 |     211 |      211 |      8 |   242 |    +2.1% |  -10.460 |     -292.8 |     -253.3 |    111 | u144/D
     935* |       1 |     211 |      211 |      8 |   242 |    +2.1% |  -10.460 |     -292.8 |     -253.3 |    111 | u144/D
     940* |       1 |     214 |      211 |      9 |   242 |    +2.1% |  -10.460 |     -291.5 |     -258.9 |    111 | u144/D
     941* |       1 |     214 |      211 |      9 |   243 |    +2.1% |  -10.460 |     -291.5 |     -258.1 |    111 | u144/D
     942* |       1 |     214 |      211 |      9 |   243 |    +2.1% |  -10.460 |     -291.5 |     -258.1 |    111 | u144/D
     943* |       1 |     214 |      211 |      9 |   243 |    +2.1% |  -10.460 |     -291.5 |     -258.1 |    111 | u144/D
     950* |       1 |     215 |      213 |      9 |   246 |    +2.1% |  -10.460 |     -287.9 |     -253.7 |    111 | u144/D
     955* |       1 |     219 |      213 |      9 |   247 |    +2.1% |  -10.460 |     -287.1 |     -253.4 |    111 | u144/D
     958* |       1 |     221 |      213 |      9 |   247 |    +2.1% |  -10.460 |     -283.0 |     -249.0 |    111 | u144/D
     959* |       1 |     221 |      213 |      9 |   247 |    +2.1% |  -10.460 |     -283.0 |     -249.0 |    111 | u144/D
     960* |       1 |     221 |      213 |      9 |   247 |    +2.1% |  -10.460 |     -283.0 |     -249.0 |    111 | u144/D
     964* |       1 |     222 |      213 |      9 |   250 |    +2.1% |  -10.460 |     -285.9 |     -249.5 |    111 | u144/D
     965* |       1 |     222 |      213 |      9 |   250 |    +2.1% |  -10.460 |     -285.9 |     -249.5 |    111 | u144/D
     967* |       1 |     222 |      213 |      9 |   250 |    +2.1% |  -10.460 |     -285.9 |     -249.5 |    111 | u144/D
     968* |       1 |     222 |      213 |      9 |   250 |    +2.1% |  -10.460 |     -285.9 |     -249.5 |    111 | u144/D
     969* |       1 |     222 |      213 |      9 |   250 |    +2.1% |  -10.460 |     -285.9 |     -249.5 |    111 | u144/D
     970* |       1 |     222 |      213 |      9 |   250 |    +2.1% |  -10.460 |     -285.9 |     -249.5 |    111 | u144/D
     971* |       1 |     223 |      213 |      9 |   250 |    +2.1% |  -10.460 |     -286.6 |     -250.3 |    111 | u144/D
     972* |       1 |     223 |      213 |      9 |   250 |    +2.1% |  -10.460 |     -286.6 |     -250.3 |    111 | u144/D
     973* |       1 |     223 |      213 |      9 |   250 |    +2.1% |  -10.460 |     -286.6 |     -250.3 |    111 | u144/D
     974* |       1 |     223 |      213 |      9 |   250 |    +2.1% |  -10.460 |     -286.6 |     -250.3 |    111 | u144/D
     975* |       1 |     223 |      213 |      9 |   250 |    +2.1% |  -10.460 |     -286.6 |     -250.3 |    111 | u144/D
     980* |       1 |     225 |      213 |      9 |   252 |    +2.1% |  -10.460 |     -287.1 |     -250.0 |    111 | u144/D
     987* |       1 |     224 |      213 |      9 |   251 |    +2.1% |  -10.460 |     -286.6 |     -246.9 |    111 | u144/D
     988* |       1 |     224 |      213 |      9 |   251 |    +2.1% |  -10.460 |     -286.6 |     -246.9 |    111 | u144/D
     989* |       1 |     224 |      213 |      9 |   251 |    +2.1% |  -10.460 |     -286.6 |     -246.9 |    111 | u144/D
     990* |       1 |     224 |      213 |      9 |   251 |    +2.1% |  -10.460 |     -286.6 |     -246.9 |    111 | u144/D
     990* |       1 |     224 |      213 |      9 |   251 |    +2.1% |  -10.460 |     -286.6 |     -246.9 |    111 | u144/D
     992* |       1 |     224 |      213 |      9 |   252 |    +2.1% |  -10.460 |     -286.6 |     -246.6 |    111 | u144/D
     993* |       1 |     224 |      213 |      9 |   252 |    +2.1% |  -10.460 |     -286.6 |     -246.6 |    111 | u144/D
     994* |       1 |     224 |      213 |      9 |   252 |    +2.1% |  -10.460 |     -286.6 |     -246.6 |    111 | u144/D
     995* |       1 |     224 |      213 |      9 |   252 |    +2.1% |  -10.460 |     -286.6 |     -246.6 |    111 | u144/D
     996* |       1 |     224 |      213 |      9 |   252 |    +2.1% |  -10.460 |     -286.6 |     -246.6 |    111 | u144/D
     997* |       1 |     224 |      213 |      9 |   252 |    +2.1% |  -10.460 |     -286.6 |     -246.6 |    111 | u144/D
    1000* |       1 |     224 |      213 |      9 |   254 |    +2.1% |  -10.460 |     -286.6 |     -247.3 |    111 | u144/D
    1003* |       1 |     226 |      214 |      9 |   254 |    +2.1% |  -10.460 |     -286.9 |     -245.8 |    111 | u144/D
    1004* |       1 |     226 |      214 |      9 |   254 |    +2.1% |  -10.460 |     -286.9 |     -245.8 |    111 | u144/D
    1005* |       1 |     226 |      214 |      9 |   254 |    +2.1% |  -10.460 |     -286.9 |     -245.8 |    111 | u144/D
    1006* |       1 |     226 |      214 |      9 |   254 |    +2.1% |  -10.460 |     -286.9 |     -245.8 |    111 | u144/D
    1007* |       1 |     226 |      214 |      9 |   254 |    +2.1% |  -10.460 |     -286.9 |     -245.8 |    111 | u144/D
    1008* |       1 |     226 |      214 |      9 |   254 |    +2.1% |  -10.460 |     -286.9 |     -245.8 |    111 | u144/D
    1009* |       1 |     226 |      214 |      9 |   254 |    +2.1% |  -10.460 |     -286.9 |     -245.8 |    111 | u144/D
    1009* |       1 |     226 |      214 |      9 |   254 |    +2.1% |  -10.460 |     -286.9 |     -245.8 |    111 | u144/D
    1010+ |       1 |     226 |      214 |      9 |   254 |    +2.1% |  -10.460 |     -286.9 |     -245.8 |     53 | u144/D
    1010+ |       1 |     226 |      214 |      9 |   254 |    +2.1% |  -10.460 |     -286.9 |     -245.8 |     53 | u144/D
    1011+ |       1 |     226 |      214 |      9 |   254 |    +2.1% |  -10.460 |     -286.9 |     -245.8 |     53 | u144/D
    1012+ |       1 |     226 |      214 |      9 |   254 |    +2.1% |  -10.460 |     -286.9 |     -245.8 |     53 | u144/D
    1013+ |       1 |     226 |      214 |      9 |   254 |    +2.1% |  -10.460 |     -286.9 |     -245.8 |     53 | u144/D
    1015+ |       1 |     226 |      214 |      9 |   255 |    +2.1% |  -10.460 |     -284.1 |     -245.8 |     53 | u144/D
    1016+ |       1 |     226 |      214 |      9 |   255 |    +2.1% |  -10.460 |     -284.1 |     -245.8 |     53 | u144/D
    1017+ |       1 |     226 |      214 |      9 |   255 |    +2.1% |  -10.460 |     -284.1 |     -245.8 |     53 | u144/D
    1018+ |       1 |     226 |      214 |      9 |   255 |    +2.1% |  -10.460 |     -284.1 |     -245.8 |     53 | u144/D
    1019+ |       1 |     226 |      214 |      9 |   255 |    +2.1% |  -10.460 |     -284.1 |     -245.8 |     53 | u144/D
    1020+ |       1 |     226 |      214 |      9 |   255 |    +2.1% |  -10.460 |     -284.1 |     -245.8 |     53 | u144/D
    1020+ |       1 |     226 |      214 |      9 |   255 |    +2.1% |  -10.460 |     -284.1 |     -245.8 |     53 | u144/D
    1021+ |       1 |     226 |      214 |      9 |   255 |    +2.1% |  -10.460 |     -284.1 |     -245.8 |     53 | u144/D
    1024+ |       1 |     228 |      214 |      9 |   255 |    +2.1% |  -10.460 |     -285.1 |     -243.2 |     53 | u144/D
    1025+ |       1 |     228 |      214 |      9 |   255 |    +2.1% |  -10.460 |     -285.1 |     -243.2 |     53 | u144/D
    1026+ |       1 |     228 |      214 |      9 |   255 |    +2.1% |  -10.460 |     -285.1 |     -243.2 |     53 | u144/D
    1027+ |       1 |     228 |      214 |      9 |   255 |    +2.1% |  -10.460 |     -285.1 |     -243.2 |     53 | u144/D
    1028+ |       1 |     228 |      214 |      9 |   255 |    +2.1% |  -10.460 |     -285.1 |     -243.2 |     53 | u144/D
    1029+ |       1 |     228 |      214 |      9 |   255 |    +2.1% |  -10.460 |     -285.1 |     -243.2 |     53 | u144/D
    1030+ |       1 |     228 |      214 |      9 |   255 |    +2.1% |  -10.460 |     -285.1 |     -243.2 |     53 | u144/D
    1031+ |       1 |     228 |      214 |      9 |   256 |    +2.1% |  -10.460 |     -285.1 |     -243.1 |     53 | u144/D
    1032+ |       1 |     228 |      214 |      9 |   256 |    +2.1% |  -10.460 |     -285.1 |     -243.1 |     53 | u144/D
    1033+ |       1 |     228 |      214 |      9 |   256 |    +2.1% |  -10.460 |     -285.1 |     -243.1 |     53 | u144/D
    1034+ |       1 |     228 |      214 |      9 |   256 |    +2.1% |  -10.460 |     -285.1 |     -243.1 |     53 | u144/D
    1035+ |       1 |     228 |      214 |      9 |   256 |    +2.1% |  -10.460 |     -285.1 |     -243.1 |     53 | u144/D
    1036+ |       1 |     228 |      214 |      9 |   256 |    +2.1% |  -10.460 |     -285.1 |     -243.1 |     53 | u144/D
    1038+ |       1 |     228 |      214 |      9 |   257 |    +2.1% |  -10.460 |     -285.1 |     -242.9 |     53 | u144/D
    1039+ |       1 |     228 |      214 |      9 |   257 |    +2.1% |  -10.460 |     -285.1 |     -242.9 |     53 | u144/D
    1040+ |       1 |     228 |      214 |      9 |   257 |    +2.1% |  -10.460 |     -285.1 |     -242.9 |     53 | u144/D
    1042+ |       1 |     229 |      214 |      9 |   258 |    +2.1% |  -10.460 |     -285.2 |     -240.8 |     53 | u144/D
    1043+ |       1 |     229 |      214 |      9 |   258 |    +2.1% |  -10.460 |     -285.2 |     -240.8 |     53 | u144/D
    1045+ |       1 |     231 |      214 |      9 |   258 |    +2.1% |  -10.460 |     -284.8 |     -237.0 |     53 | u144/D
    1046+ |       1 |     231 |      214 |      9 |   258 |    +2.1% |  -10.460 |     -284.8 |     -237.0 |     53 | u144/D
    1047+ |       1 |     231 |      214 |      9 |   258 |    +2.1% |  -10.460 |     -284.8 |     -237.0 |     53 | u144/D
    1048+ |       1 |     231 |      214 |      9 |   258 |    +2.1% |  -10.460 |     -284.8 |     -237.0 |     53 | u144/D
    1049+ |       1 |     231 |      214 |      9 |   258 |    +2.1% |  -10.460 |     -284.8 |     -237.0 |     53 | u144/D
    1050+ |       1 |     231 |      214 |      9 |   258 |    +2.1% |  -10.460 |     -284.8 |     -237.0 |     53 | u144/D
    1050+ |       1 |     232 |      214 |      9 |   258 |    +2.1% |  -10.460 |     -280.9 |     -233.0 |     53 | u144/D
    1051+ |       1 |     232 |      214 |      9 |   258 |    +2.1% |  -10.460 |     -280.9 |     -233.0 |     53 | u144/D
    1053+ |       1 |     232 |      214 |      9 |   259 |    +2.1% |  -10.460 |     -280.9 |     -232.0 |     53 | u144/D
    1054+ |       1 |     232 |      214 |      9 |   259 |    +2.1% |  -10.460 |     -280.9 |     -232.0 |     53 | u144/D
    1055+ |       1 |     232 |      214 |      9 |   259 |    +2.1% |  -10.460 |     -280.9 |     -232.0 |     53 | u144/D
    1056+ |       1 |     232 |      214 |      9 |   259 |    +2.1% |  -10.460 |     -280.9 |     -232.0 |     53 | u144/D
    1058+ |       1 |     233 |      214 |      9 |   259 |    +2.2% |  -10.460 |     -281.2 |     -231.3 |     53 | u144/D
    1059+ |       1 |     233 |      214 |      9 |   259 |    +2.2% |  -10.460 |     -281.2 |     -231.3 |     53 | u144/D
    1060+ |       1 |     233 |      214 |      9 |   259 |    +2.2% |  -10.460 |     -281.2 |     -231.3 |     53 | u144/D
    1060+ |       1 |     233 |      214 |      9 |   259 |    +2.2% |  -10.460 |     -281.2 |     -231.3 |     53 | u144/D
    1061+ |       1 |     233 |      214 |      9 |   259 |    +2.2% |  -10.460 |     -281.2 |     -231.3 |     53 | u144/D
    1062+ |       1 |     233 |      214 |      9 |   259 |    +2.2% |  -10.460 |     -281.2 |     -231.3 |     53 | u144/D
    1063+ |       1 |     233 |      214 |      9 |   259 |    +2.2% |  -10.460 |     -281.2 |     -231.3 |     53 | u144/D
    1064+ |       1 |     233 |      214 |      9 |   259 |    +2.2% |  -10.460 |     -281.2 |     -231.3 |     53 | u144/D
    1065+ |       1 |     233 |      214 |      9 |   259 |    +2.2% |  -10.460 |     -281.2 |     -231.3 |     53 | u144/D
    1067+ |       1 |     233 |      214 |      9 |   261 |    +2.2% |  -10.460 |     -281.2 |     -230.4 |     53 | u144/D
    1069+ |       1 |     233 |      214 |      9 |   262 |    +2.2% |  -10.460 |     -280.2 |     -229.9 |     53 | u144/D
    1070+ |       1 |     233 |      214 |      9 |   262 |    +2.2% |  -10.460 |     -280.2 |     -229.9 |     53 | u144/D
    1071+ |       1 |     233 |      214 |      9 |   263 |    +2.2% |  -10.460 |     -280.2 |     -229.8 |     53 | u144/D
    1072+ |       1 |     233 |      214 |      9 |   263 |    +2.2% |  -10.460 |     -280.2 |     -229.8 |     53 | u144/D
    1073+ |       1 |     233 |      214 |      9 |   263 |    +2.2% |  -10.460 |     -280.2 |     -229.8 |     53 | u144/D
    1074+ |       1 |     233 |      214 |      9 |   263 |    +2.2% |  -10.460 |     -280.2 |     -229.8 |     53 | u144/D
    1075+ |       1 |     233 |      214 |      9 |   263 |    +2.2% |  -10.460 |     -280.2 |     -229.8 |     53 | u144/D
    final |       1 |     233 |      214 |      9 |   263 |    +2.2% |  -10.460 |     -280.2 |     -229.8 |     51 | u144/D
------------------------------------------------------------------------------------------------------------------------------
[INFO RSZ-0059] Removed 1 buffers.
[INFO RSZ-0040] Inserted 214 buffers.
[INFO RSZ-0051] Resized 233 instances: 233 up, 0 up match, 0 down, 0 VT
[INFO RSZ-0043] Swapped pins on 263 instances.
[INFO RSZ-0049] Cloned 9 instances.
[WARNING RSZ-0062] Unable to repair all setup violations.
[INFO RSZ-0505] Runtime: 44.82s
[INFO RSZ-0033] No hold violations found.
[INFO RSZ-0506] Runtime: 0.06s
Took 45 seconds: repair_timing -setup_margin 0 -hold_margin 0 -repair_tns 100 -verbose
global_route -start_incremental
detailed_placement
[INFO DPL-0006] Core area: 1975.07 um^2
[INFO DPL-0007] Movable instances area: 1440.21 um^2
[INFO DPL-0008] Fixed instances area within core: 11.98 um^2
[INFO DPL-0009] Utilization: 73.5%
[INFO DPL-0005] Diamond search max displacement: +/- 500 sites horizontally, +/- 100 rows vertically.
[INFO DPL-1102] Legalizing using negotiation legalizer.
[INFO DPL-1103] Negotiation base search window: +/-20 sites horizontally, +/-5 rows vertically 
	Automatic search window extension enabled.
	Search window extendable up to the max displacement cap of +/-500 sites, +/-100 rows near walls.
[INFO DPL-1104] NegotiationLegalizer DRC penalty: 5.
[INFO DPL-0392] Negotiation cell height distribution (1 unique row-count(s)):
[INFO DPL-0393]   height 1 row(s): 12826 cells
          |      Total |  Illegal |  Illegal
Iteration | Violations |    Cells |    Sites
---------------------------------------------
        0 |       2266 |       456 |      1798
        1 |        864 |       178 |       683
        2 |        479 |        87 |       386
        3 |        275 |        43 |       232
        4 |        241 |        39 |       196
        5 |        112 |        16 |        96
        6 |        105 |        18 |        87
        7 |         14 |         4 |        10
        8 |          0 |         0 |         0
Negotiation phase 1 converged at iteration 8.
[INFO DPL-0500] Runtime: 0.23s
Placement Analysis
---------------------------------
total displacement        265.8 u
average displacement        0.0 u
max displacement            2.4 u
original HPWL           40846.4 u
legalized HPWL          41095.7 u
delta HPWL                    1 %

check_placement -verbose
global_route -end_incremental -resistance_aware -congestion_report_file /w/experiments/outputs/orfs/asap7/aes/base/reports/asap7/aes/base/congestion_post_repair_timing.rpt
Took 13 seconds: global_route -end_incremental -resistance_aware -congestion_report_file /w/experiments/outputs/orfs/asap7/aes/base/reports/asap7/aes/base/congestion_post_repair_timing.rpt
estimate_parasitics -global_routing
repair_timing -setup -sequence "vt_swap reroute" -skip_last_gasp -repair_tns 0 -verbose
[INFO RSZ-0100] Repair move sequence: RerouteMove 
[INFO RSZ-0094] Found 59 endpoints with setup violations.
[INFO RSZ-0099] Repairing 1 out of 59 (0.00%) violating endpoints...
   Iter   | Removed | Resized | Inserted | Cloned |  Pin  |   Area   |    WNS   |   StTNS    |   EnTNS    |  Viol  |  Worst  
          | Buffers |  Gates  | Buffers  |  Gates | Swaps |          |          |            |            | Endpts | St/EnPt 
------------------------------------------------------------------------------------------------------------------------------
       0* |       0 |       0 |        0 |      0 |     0 |    +0.0% |  -10.547 |     -297.9 |     -258.5 |     59 | u563/D
       1* |       0 |       0 |        0 |      0 |     0 |    +0.0% |  -10.547 |     -297.9 |     -258.5 |     59 | u563/D
       1* |       0 |       0 |        0 |      0 |     0 |    +0.0% |  -10.547 |     -297.9 |     -258.5 |     59 | u563/D
    final |       0 |       0 |        0 |      0 |     0 |    +0.0% |  -10.547 |     -297.9 |     -258.5 |     59 | u563/D
------------------------------------------------------------------------------------------------------------------------------
[WARNING RSZ-0062] Unable to repair all setup violations.
[INFO RSZ-0505] Runtime: 1.13s
Repair antennas...
[WARNING GRT-0246] No diode with LEF class CORE ANTENNACELL found.
[INFO ANT-0002] Found 0 net violations.
[INFO ANT-0001] Found 0 pin violations.
Estimate parasitics...
estimate_parasitics -global_routing
Report metrics stage 5, global route...

==========================================================================
global route report_design_area
--------------------------------------------------------------------------
Design area 1452 um^2 74% utilization.
[INFO FLW-0007] clock clk period 380.000000
[WARNING FLW-0010] more than one clock found. Skipping sdc update.
[INFO FLW-0011] Path endpoint path count 685
write_db /w/experiments/outputs/orfs/asap7/aes/base/results/asap7/aes/base/5_1_grt.odb
write_sdc -no_timestamp /w/experiments/outputs/orfs/asap7/aes/base/results/asap7/aes/base/5_1_grt.sdc
Elapsed time: 2:37.11[h:]min:sec. CPU time: user 255.13 sys 11.44 (169%). Peak memory: 511736KB.
Log                       Ext     Elapsed/s Peak Memory/MB sha1sum result [0:20)
5_1_grt                   .odb          157            499 f26f47bf04a6361503eb
5_1_grt                   .sdc                             fac572f5cfbc5b8e1282
