OpenROAD unknown 
Features included (+) or not (-): -GPU +GUI -Python
This program is licensed under the BSD-3 license. See the LICENSE file for details.
Components of this program may be licensed under more restrictive licenses which must be honored.
[INFO ORD-0030] Using 8 thread(s).
source /OpenROAD-flow-scripts/flow/platforms/asap7/liberty_suppressions.tcl
read_liberty /OpenROAD-flow-scripts/flow/platforms/asap7/lib/NLDM/asap7sc7p5t_AO_RVT_FF_nldm_211120.lib.gz
read_liberty /OpenROAD-flow-scripts/flow/platforms/asap7/lib/NLDM/asap7sc7p5t_INVBUF_RVT_FF_nldm_220122.lib.gz
read_liberty /OpenROAD-flow-scripts/flow/platforms/asap7/lib/NLDM/asap7sc7p5t_OA_RVT_FF_nldm_211120.lib.gz
read_liberty /OpenROAD-flow-scripts/flow/platforms/asap7/lib/NLDM/asap7sc7p5t_SIMPLE_RVT_FF_nldm_211120.lib.gz
read_liberty /OpenROAD-flow-scripts/flow/platforms/asap7/lib/NLDM/asap7sc7p5t_SEQ_RVT_FF_nldm_220123.lib
read_db /w/experiments/outputs/orfs/asap7/aes/base/results/asap7/aes/base/5_1_grt.odb
read_sdc /w/experiments/outputs/orfs/asap7/aes/base/results/asap7/aes/base/5_1_grt.sdc
source /OpenROAD-flow-scripts/flow/platforms/asap7/setRC.tcl
[WARNING STA-0450] virtual clock vclk_clk can not be propagated.
detailed_route -output_drc /w/experiments/outputs/orfs/asap7/aes/base/reports/asap7/aes/base/5_route_drc.rpt -output_maze /w/experiments/outputs/orfs/asap7/aes/base/results/asap7/aes/base/maze.log -droute_end_iter 64 -verbose 1 -drc_report_iter_step 5
[INFO DRT-0149] Reading tech and libs.

Units:                1000
Number of layers:     21
Number of macros:     212
Number of vias:       14
Number of viarulegen: 11

[INFO DRT-0150] Reading design.

Design:                   aes_cipher_top
Die area:                 ( 0 0 ) ( 48709 48709 )
Number of track patterns: 32
Number of DEF vias:       0
Number of components:     12826
Number of terminals:      390
Number of snets:          2
Number of nets:           12648

[INFO DRT-0167] List of default vias:
  Layer V2
    default via: VIA23
  Layer V3
    default via: VIA34
  Layer V4
    default via: VIA45
  Layer V5
    default via: VIA56
  Layer V6
    default via: VIA67
  Layer V7
    default via: VIA78
  Layer V8
    default via: VIA89
  Layer V9
    default via: VIA9Pad
[INFO DRT-0162] Library cell analysis.
[INFO DRT-0163] Instance analysis.
[INFO DRT-0164] Number of unique instances = 253.
[INFO DRT-0168] Init region query.
[INFO DRT-0024]   Complete Active.
[INFO DRT-0024]   Complete V0.
[INFO DRT-0024]   Complete M1.
[INFO DRT-0024]   Complete V1.
[INFO DRT-0024]   Complete M2.
[INFO DRT-0024]   Complete V2.
[INFO DRT-0024]   Complete M3.
[INFO DRT-0024]   Complete V3.
[INFO DRT-0024]   Complete M4.
[INFO DRT-0024]   Complete V4.
[INFO DRT-0024]   Complete M5.
[INFO DRT-0024]   Complete V5.
[INFO DRT-0024]   Complete M6.
[INFO DRT-0024]   Complete V6.
[INFO DRT-0024]   Complete M7.
[INFO DRT-0024]   Complete V7.
[INFO DRT-0024]   Complete M8.
[INFO DRT-0024]   Complete V8.
[INFO DRT-0024]   Complete M9.
[INFO DRT-0024]   Complete V9.
[INFO DRT-0024]   Complete Pad.
[INFO DRT-0033] Active shape region query size = 0.
[INFO DRT-0033] V0 shape region query size = 0.
[INFO DRT-0033] M1 shape region query size = 198819.
[INFO DRT-0033] V1 shape region query size = 209213.
[INFO DRT-0033] M2 shape region query size = 3409.
[INFO DRT-0033] V2 shape region query size = 4455.
[INFO DRT-0033] M3 shape region query size = 4455.
[INFO DRT-0033] V3 shape region query size = 2970.
[INFO DRT-0033] M4 shape region query size = 3215.
[INFO DRT-0033] V4 shape region query size = 2970.
[INFO DRT-0033] M5 shape region query size = 1808.
[INFO DRT-0033] V5 shape region query size = 324.
[INFO DRT-0033] M6 shape region query size = 198.
[INFO DRT-0033] V6 shape region query size = 0.
[INFO DRT-0033] M7 shape region query size = 0.
[INFO DRT-0033] V7 shape region query size = 0.
[INFO DRT-0033] M8 shape region query size = 0.
[INFO DRT-0033] V8 shape region query size = 0.
[INFO DRT-0033] M9 shape region query size = 0.
[INFO DRT-0033] V9 shape region query size = 0.
[INFO DRT-0033] Pad shape region query size = 0.
[INFO DRT-0165] Start pin access.
[INFO DRT-0076]   Complete 1000 pins.
[INFO DRT-0078]   Complete 1488 pins.
[INFO DRT-0079]   Complete 100 unique inst patterns.
[INFO DRT-0079]   Complete 200 unique inst patterns.
[INFO DRT-0081]   Complete 253 unique inst patterns.
[INFO DRT-0084]   Complete 6723 groups.
#scanned instances     = 12826
#unique  instances     = 253
#stdCellGenAp          = 7223
#stdCellValidPlanarAp  = 10
#stdCellValidViaAp     = 6136
#stdCellPinNoAp        = 0
#stdCellPinCnt         = 43283
#instTermValidViaApCnt = 0
#macroGenAp            = 0
#macroValidPlanarAp    = 0
#macroValidViaAp       = 0
#macroNoAp             = 0
[INFO DRT-0166] Complete pin access.
[INFO DRT-0267] cpu time = 00:02:49, elapsed time = 00:01:24, memory = 366.74 (MB), peak = 365.92 (MB)
[INFO DRT-0156] guideIn read 100000 guides.

[INFO DRT-0157] Number of guides:     144149

[INFO DRT-0169] Post process guides.
[INFO DRT-0176] GCELLGRID X 0 DO 85 STEP 570 ;
[INFO DRT-0177] GCELLGRID Y 0 DO 85 STEP 570 ;
[INFO DRT-0026]   Complete 100000 origin guides.
[INFO DRT-0028]   Complete Active.
[INFO DRT-0028]   Complete V0.
[INFO DRT-0028]   Complete M1.
[INFO DRT-0028]   Complete V1.
[INFO DRT-0028]   Complete M2.
[INFO DRT-0028]   Complete V2.
[INFO DRT-0028]   Complete M3.
[INFO DRT-0028]   Complete V3.
[INFO DRT-0028]   Complete M4.
[INFO DRT-0028]   Complete V4.
[INFO DRT-0028]   Complete M5.
[INFO DRT-0028]   Complete V5.
[INFO DRT-0028]   Complete M6.
[INFO DRT-0028]   Complete V6.
[INFO DRT-0028]   Complete M7.
[INFO DRT-0028]   Complete V7.
[INFO DRT-0028]   Complete M8.
[INFO DRT-0028]   Complete V8.
[INFO DRT-0028]   Complete M9.
[INFO DRT-0028]   Complete V9.
[INFO DRT-0028]   Complete Pad.
[INFO DRT-0178] Init guide query.
[INFO DRT-0035]   Complete Active (guide).
[INFO DRT-0035]   Complete V0 (guide).
[INFO DRT-0035]   Complete M1 (guide).
[INFO DRT-0035]   Complete V1 (guide).
[INFO DRT-0035]   Complete M2 (guide).
[INFO DRT-0035]   Complete V2 (guide).
[INFO DRT-0035]   Complete M3 (guide).
[INFO DRT-0035]   Complete V3 (guide).
[INFO DRT-0035]   Complete M4 (guide).
[INFO DRT-0035]   Complete V4 (guide).
[INFO DRT-0035]   Complete M5 (guide).
[INFO DRT-0035]   Complete V5 (guide).
[INFO DRT-0035]   Complete M6 (guide).
[INFO DRT-0035]   Complete V6 (guide).
[INFO DRT-0035]   Complete M7 (guide).
[INFO DRT-0035]   Complete V7 (guide).
[INFO DRT-0035]   Complete M8 (guide).
[INFO DRT-0035]   Complete V8 (guide).
[INFO DRT-0035]   Complete M9 (guide).
[INFO DRT-0035]   Complete V9 (guide).
[INFO DRT-0035]   Complete Pad (guide).
[INFO DRT-0036] Active guide region query size = 0.
[INFO DRT-0036] V0 guide region query size = 0.
[INFO DRT-0036] M1 guide region query size = 38313.
[INFO DRT-0036] V1 guide region query size = 0.
[INFO DRT-0036] M2 guide region query size = 34242.
[INFO DRT-0036] V2 guide region query size = 0.
[INFO DRT-0036] M3 guide region query size = 21566.
[INFO DRT-0036] V3 guide region query size = 0.
[INFO DRT-0036] M4 guide region query size = 9927.
[INFO DRT-0036] V4 guide region query size = 0.
[INFO DRT-0036] M5 guide region query size = 7903.
[INFO DRT-0036] V5 guide region query size = 0.
[INFO DRT-0036] M6 guide region query size = 6003.
[INFO DRT-0036] V6 guide region query size = 0.
[INFO DRT-0036] M7 guide region query size = 2738.
[INFO DRT-0036] V7 guide region query size = 0.
[INFO DRT-0036] M8 guide region query size = 0.
[INFO DRT-0036] V8 guide region query size = 0.
[INFO DRT-0036] M9 guide region query size = 0.
[INFO DRT-0036] V9 guide region query size = 0.
[INFO DRT-0036] Pad guide region query size = 0.
[INFO DRT-0179] Init gr pin query.
[INFO DRT-0267] cpu time = 00:00:00, elapsed time = 00:00:00, memory = 420.29 (MB), peak = 419.61 (MB)
[INFO DRT-0245] skipped writing guide updates to database.
[INFO DRT-0181] Start track assignment.
[INFO DRT-0184] Done with 70520 vertical wires in 2 frboxes and 50172 horizontal wires in 2 frboxes.
[INFO DRT-0186] Done with 8650 vertical wires in 2 frboxes and 10750 horizontal wires in 2 frboxes.
[INFO DRT-0182] Complete track assignment.
[INFO DRT-0267] cpu time = 00:00:08, elapsed time = 00:00:05, memory = 596.07 (MB), peak = 603.49 (MB)
[INFO DRT-0187] Start routing data preparation.
[INFO DRT-0267] cpu time = 00:00:00, elapsed time = 00:00:00, memory = 596.14 (MB), peak = 603.49 (MB)
[INFO DRT-0194] Start detail routing.
[INFO DRT-0195] Start 0th optimization iteration.
    Completing 10% with 0 violations.
    elapsed time = 00:00:05, memory = 1010.02 (MB).
    Completing 20% with 0 violations.
    elapsed time = 00:00:24, memory = 1408.65 (MB).
    Completing 30% with 723 violations.
    elapsed time = 00:00:35, memory = 1413.23 (MB).
    Completing 40% with 723 violations.
    elapsed time = 00:00:47, memory = 1454.89 (MB).
    Completing 50% with 723 violations.
    elapsed time = 00:01:02, memory = 1607.23 (MB).
    Completing 60% with 1482 violations.
    elapsed time = 00:01:19, memory = 1717.86 (MB).
    Completing 70% with 1482 violations.
    elapsed time = 00:01:35, memory = 1716.30 (MB).
    Completing 80% with 2463 violations.
    elapsed time = 00:01:57, memory = 1939.08 (MB).
    Completing 90% with 2463 violations.
    elapsed time = 00:02:18, memory = 1997.27 (MB).
    Completing 100% with 3374 violations.
    elapsed time = 00:02:40, memory = 2104.92 (MB).
[INFO DRT-0199]   Number of violations = 4626.
Viol/Layer          M1     M2     V2     M3     V3     M4     V4     M5     V5     M6     V6     M7
CutSpcTbl            0      0      0      0     37      0     19      0     16      0      9      0
EOL                  0    320      0     32      0     33      0      5      0      2      0      0
Metal Spacing       58    108      0    169      0     15      0      5      0     23      0      0
Recheck              0    374      0    342      0    224      0    175      0    112      0     25
Short                0    205      8     50      3     19      4      6      6     48      0      1
eolKeepOut           0   1911      0    102      0    130      0     24      0      6      0      0
[INFO DRT-0267] cpu time = 00:05:18, elapsed time = 00:02:41, memory = 2113.00 (MB), peak = 2284.35 (MB)
Total wire length = 50544 um.
Total wire length on LAYER M1 = 0 um.
Total wire length on LAYER M2 = 11007 um.
Total wire length on LAYER M3 = 17251 um.
Total wire length on LAYER M4 = 9105 um.
Total wire length on LAYER M5 = 3654 um.
Total wire length on LAYER M6 = 4733 um.
Total wire length on LAYER M7 = 4792 um.
Total wire length on LAYER M8 = 0 um.
Total wire length on LAYER M9 = 0 um.
Total wire length on LAYER Pad = 0 um.
Total number of vias = 147757.
Up-via summary (total 147757):

-----------------
 Active         0
     M1     43292
     M2     63979
     M3     21120
     M4      9072
     M5      6187
     M6      4107
     M7         0
     M8         0
     M9         0
-----------------
       147757


[INFO DRT-0195] Start 1st optimization iteration.
    Completing 10% with 4626 violations.
    elapsed time = 00:00:05, memory = 2130.65 (MB).
    Completing 20% with 4626 violations.
    elapsed time = 00:00:27, memory = 2230.67 (MB).
    Completing 30% with 3764 violations.
    elapsed time = 00:00:41, memory = 2238.93 (MB).
    Completing 40% with 3764 violations.
    elapsed time = 00:00:56, memory = 2238.93 (MB).
    Completing 50% with 3764 violations.
    elapsed time = 00:01:15, memory = 2242.30 (MB).
    Completing 60% with 3072 violations.
    elapsed time = 00:01:35, memory = 2243.29 (MB).
    Completing 70% with 3072 violations.
    elapsed time = 00:01:57, memory = 2243.83 (MB).
    Completing 80% with 1790 violations.
    elapsed time = 00:02:17, memory = 2243.90 (MB).
    Completing 90% with 1790 violations.
    elapsed time = 00:02:38, memory = 2243.91 (MB).
    Completing 100% with 644 violations.
    elapsed time = 00:02:50, memory = 2259.00 (MB).
[INFO DRT-0199]   Number of violations = 644.
Viol/Layer          M1     M2     M3     V3     M4     V4     M5     V5     V6
CutSpcTbl            0      0      0      9      0      3      0      1      1
EOL                  0     60      5      0      4      0      1      0      0
Metal Spacing       14     25     89      0      3      0      0      0      0
Short                0     28     27      0      4      0      0      0      0
eolKeepOut           0    339     16      0     12      0      3      0      0
[INFO DRT-0267] cpu time = 00:05:38, elapsed time = 00:02:51, memory = 2264.52 (MB), peak = 2409.88 (MB)
Total wire length = 49969 um.
Total wire length on LAYER M1 = 0 um.
Total wire length on LAYER M2 = 10769 um.
Total wire length on LAYER M3 = 17534 um.
Total wire length on LAYER M4 = 9309 um.
Total wire length on LAYER M5 = 3517 um.
Total wire length on LAYER M6 = 4452 um.
Total wire length on LAYER M7 = 4385 um.
Total wire length on LAYER M8 = 0 um.
Total wire length on LAYER M9 = 0 um.
Total wire length on LAYER Pad = 0 um.
Total number of vias = 140821.
Up-via summary (total 140821):

-----------------
 Active         0
     M1     43280
     M2     60818
     M3     20149
     M4      7997
     M5      5229
     M6      3348
     M7         0
     M8         0
     M9         0
-----------------
       140821


[INFO DRT-0195] Start 2nd optimization iteration.
    Completing 10% with 644 violations.
    elapsed time = 00:00:07, memory = 2265.95 (MB).
    Completing 20% with 644 violations.
    elapsed time = 00:00:20, memory = 2265.95 (MB).
    Completing 30% with 650 violations.
    elapsed time = 00:00:30, memory = 2263.95 (MB).
    Completing 40% with 650 violations.
    elapsed time = 00:00:42, memory = 2263.95 (MB).
    Completing 50% with 650 violations.
    elapsed time = 00:00:57, memory = 2263.95 (MB).
    Completing 60% with 610 violations.
    elapsed time = 00:01:13, memory = 2259.96 (MB).
    Completing 70% with 610 violations.
    elapsed time = 00:01:25, memory = 2265.95 (MB).
    Completing 80% with 591 violations.
    elapsed time = 00:01:43, memory = 2259.95 (MB).
    Completing 90% with 591 violations.
    elapsed time = 00:02:02, memory = 2259.95 (MB).
    Completing 100% with 580 violations.
    elapsed time = 00:02:23, memory = 2259.95 (MB).
[INFO DRT-0199]   Number of violations = 580.
Viol/Layer          M1     M2     M3     V3     M4     V4     V6
CutSpcTbl            0      0      0      6      0      1      1
EOL                  0     64      7      0      3      0      0
Metal Spacing       11     14     71      0      2      0      0
Short                0     39     19      0      2      0      0
eolKeepOut           0    303     24      0     13      0      0
[INFO DRT-0267] cpu time = 00:04:40, elapsed time = 00:02:23, memory = 2263.36 (MB), peak = 2409.88 (MB)
Total wire length = 49867 um.
Total wire length on LAYER M1 = 0 um.
Total wire length on LAYER M2 = 10787 um.
Total wire length on LAYER M3 = 17666 um.
Total wire length on LAYER M4 = 9286 um.
Total wire length on LAYER M5 = 3494 um.
Total wire length on LAYER M6 = 4395 um.
Total wire length on LAYER M7 = 4236 um.
Total wire length on LAYER M8 = 0 um.
Total wire length on LAYER M9 = 0 um.
Total wire length on LAYER Pad = 0 um.
Total number of vias = 139491.
Up-via summary (total 139491):

-----------------
 Active         0
     M1     43280
     M2     60479
     M3     19879
     M4      7762
     M5      4999
     M6      3092
     M7         0
     M8         0
     M9         0
-----------------
       139491


[INFO DRT-0195] Start 3rd optimization iteration.
    Completing 10% with 580 violations.
    elapsed time = 00:00:01, memory = 2263.36 (MB).
    Completing 20% with 580 violations.
    elapsed time = 00:00:05, memory = 2263.36 (MB).
    Completing 30% with 474 violations.
    elapsed time = 00:00:11, memory = 2263.95 (MB).
    Completing 40% with 474 violations.
    elapsed time = 00:00:16, memory = 2263.96 (MB).
    Completing 50% with 474 violations.
    elapsed time = 00:00:20, memory = 2263.96 (MB).
    Completing 60% with 320 violations.
    elapsed time = 00:00:28, memory = 2263.96 (MB).
    Completing 70% with 320 violations.
    elapsed time = 00:00:36, memory = 2263.96 (MB).
    Completing 80% with 159 violations.
    elapsed time = 00:00:42, memory = 2263.96 (MB).
    Completing 90% with 159 violations.
    elapsed time = 00:00:49, memory = 2263.96 (MB).
    Completing 100% with 29 violations.
    elapsed time = 00:00:55, memory = 2263.96 (MB).
[INFO DRT-0199]   Number of violations = 29.
Viol/Layer          M2     M3     V3     M4
CutSpcTbl            0      0      1      0
EOL                  2      1      0      0
Metal Spacing        2      3      0      0
Short                0      1      0      1
eolKeepOut          15      3      0      0
[INFO DRT-0267] cpu time = 00:01:45, elapsed time = 00:00:56, memory = 2266.75 (MB), peak = 2409.88 (MB)
Total wire length = 49876 um.
Total wire length on LAYER M1 = 0 um.
Total wire length on LAYER M2 = 10530 um.
Total wire length on LAYER M3 = 17564 um.
Total wire length on LAYER M4 = 9574 um.
Total wire length on LAYER M5 = 3623 um.
Total wire length on LAYER M6 = 4385 um.
Total wire length on LAYER M7 = 4199 um.
Total wire length on LAYER M8 = 0 um.
Total wire length on LAYER M9 = 0 um.
Total wire length on LAYER Pad = 0 um.
Total number of vias = 139546.
Up-via summary (total 139546):

-----------------
 Active         0
     M1     43280
     M2     59831
     M3     20427
     M4      7964
     M5      4990
     M6      3054
     M7         0
     M8         0
     M9         0
-----------------
       139546


[INFO DRT-0195] Start 4th guides tiles iteration.
    Completing 10% with 29 violations.
    elapsed time = 00:00:00, memory = 2266.75 (MB).
    Completing 20% with 29 violations.
    elapsed time = 00:00:00, memory = 2266.75 (MB).
    Completing 30% with 29 violations.
    elapsed time = 00:00:01, memory = 2266.75 (MB).
    Completing 40% with 29 violations.
    elapsed time = 00:00:01, memory = 2266.75 (MB).
    Completing 50% with 29 violations.
    elapsed time = 00:00:01, memory = 2266.75 (MB).
    Completing 60% with 7 violations.
    elapsed time = 00:00:01, memory = 2266.75 (MB).
    Completing 70% with 7 violations.
    elapsed time = 00:00:02, memory = 2266.75 (MB).
    Completing 80% with 7 violations.
    elapsed time = 00:00:02, memory = 2266.75 (MB).
    Completing 100% with 5 violations.
    elapsed time = 00:00:02, memory = 2266.75 (MB).
[INFO DRT-0199]   Number of violations = 5.
Viol/Layer          M3
EOL                  1
Metal Spacing        1
eolKeepOut           3
[INFO DRT-0267] cpu time = 00:00:04, elapsed time = 00:00:02, memory = 2271.52 (MB), peak = 2415.06 (MB)
Total wire length = 49877 um.
Total wire length on LAYER M1 = 0 um.
Total wire length on LAYER M2 = 10529 um.
Total wire length on LAYER M3 = 17563 um.
Total wire length on LAYER M4 = 9572 um.
Total wire length on LAYER M5 = 3622 um.
Total wire length on LAYER M6 = 4388 um.
Total wire length on LAYER M7 = 4199 um.
Total wire length on LAYER M8 = 0 um.
Total wire length on LAYER M9 = 0 um.
Total wire length on LAYER Pad = 0 um.
Total number of vias = 139556.
Up-via summary (total 139556):

-----------------
 Active         0
     M1     43280
     M2     59832
     M3     20433
     M4      7964
     M5      4993
     M6      3054
     M7         0
     M8         0
     M9         0
-----------------
       139556


[INFO DRT-0195] Start 5th guides tiles iteration.
    Completing 100% with 5 violations.
    elapsed time = 00:00:00, memory = 2271.52 (MB).
[INFO DRT-0199]   Number of violations = 5.
Viol/Layer          M3
EOL                  1
Metal Spacing        1
eolKeepOut           3
[INFO DRT-0267] cpu time = 00:00:00, elapsed time = 00:00:00, memory = 2271.83 (MB), peak = 2415.06 (MB)
Total wire length = 49877 um.
Total wire length on LAYER M1 = 0 um.
Total wire length on LAYER M2 = 10529 um.
Total wire length on LAYER M3 = 17563 um.
Total wire length on LAYER M4 = 9572 um.
Total wire length on LAYER M5 = 3622 um.
Total wire length on LAYER M6 = 4388 um.
Total wire length on LAYER M7 = 4199 um.
Total wire length on LAYER M8 = 0 um.
Total wire length on LAYER M9 = 0 um.
Total wire length on LAYER Pad = 0 um.
Total number of vias = 139556.
Up-via summary (total 139556):

-----------------
 Active         0
     M1     43280
     M2     59832
     M3     20433
     M4      7964
     M5      4993
     M6      3054
     M7         0
     M8         0
     M9         0
-----------------
       139556


[INFO DRT-0195] Start 6th stubborn tiles iteration.
    Completing 10% with 5 violations.
    elapsed time = 00:00:06, memory = 2271.84 (MB).
    Completing 20% with 5 violations.
    elapsed time = 00:00:07, memory = 2271.84 (MB).
    Completing 30% with 5 violations.
    elapsed time = 00:00:10, memory = 2271.84 (MB).
    Completing 40% with 5 violations.
    elapsed time = 00:00:13, memory = 2272.27 (MB).
    Completing 50% with 5 violations.
    elapsed time = 00:00:17, memory = 2272.27 (MB).
    Completing 60% with 5 violations.
    elapsed time = 00:00:20, memory = 2337.00 (MB).
    Completing 70% with 5 violations.
    elapsed time = 00:00:24, memory = 2455.71 (MB).
    Completing 80% with 5 violations.
    elapsed time = 00:00:26, memory = 2622.37 (MB).
    Completing 90% with 5 violations.
    elapsed time = 00:00:29, memory = 2695.87 (MB).
    Completing 100% with 0 violations.
    elapsed time = 00:00:30, memory = 2648.57 (MB).
[INFO DRT-0199]   Number of violations = 0.
[INFO DRT-0267] cpu time = 00:01:00, elapsed time = 00:00:30, memory = 2701.78 (MB), peak = 2741.05 (MB)
Total wire length = 49876 um.
Total wire length on LAYER M1 = 0 um.
Total wire length on LAYER M2 = 10529 um.
Total wire length on LAYER M3 = 17562 um.
Total wire length on LAYER M4 = 9573 um.
Total wire length on LAYER M5 = 3623 um.
Total wire length on LAYER M6 = 4388 um.
Total wire length on LAYER M7 = 4199 um.
Total wire length on LAYER M8 = 0 um.
Total wire length on LAYER M9 = 0 um.
Total wire length on LAYER Pad = 0 um.
Total number of vias = 139554.
Up-via summary (total 139554):

-----------------
 Active         0
     M1     43280
     M2     59833
     M3     20432
     M4      7962
     M5      4993
     M6      3054
     M7         0
     M8         0
     M9         0
-----------------
       139554


[INFO DRT-0198] Complete detail routing.
Total wire length = 49876 um.
Total wire length on LAYER M1 = 0 um.
Total wire length on LAYER M2 = 10529 um.
Total wire length on LAYER M3 = 17562 um.
Total wire length on LAYER M4 = 9573 um.
Total wire length on LAYER M5 = 3623 um.
Total wire length on LAYER M6 = 4388 um.
Total wire length on LAYER M7 = 4199 um.
Total wire length on LAYER M8 = 0 um.
Total wire length on LAYER M9 = 0 um.
Total wire length on LAYER Pad = 0 um.
Total number of vias = 139554.
Up-via summary (total 139554):

-----------------
 Active         0
     M1     43280
     M2     59833
     M3     20432
     M4      7962
     M5      4993
     M6      3054
     M7         0
     M8         0
     M9         0
-----------------
       139554


[INFO DRT-0267] cpu time = 00:18:28, elapsed time = 00:09:27, memory = 2701.78 (MB), peak = 2741.05 (MB)

[INFO DRT-0180] Post processing.
[INFO DRT-0501] Runtime: 658.15s
Took 658 seconds: detailed_route -output_drc /w/experiments/outputs/orfs/asap7/aes/base/reports/asap7/aes/base/5_route_drc.rpt -output_maze /w/experiments/outputs/orfs/asap7/aes/base/results/asap7/aes/base/maze.log -droute_end_iter 64 -verbose 1 -drc_report_iter_step 5
[WARNING GRT-0246] No diode with LEF class CORE ANTENNACELL found.
[INFO ANT-0002] Found 0 net violations.
[INFO ANT-0001] Found 0 pin violations.
[INFO ANT-0002] Found 0 net violations.
[INFO ANT-0001] Found 0 pin violations.
Design area 1452 um^2 74% utilization.
write_db /w/experiments/outputs/orfs/asap7/aes/base/results/asap7/aes/base/5_2_route.odb
Elapsed time: 11:09.52[h:]min:sec. CPU time: user 1289.95 sys 15.23 (194%). Peak memory: 2806836KB.
Log                       Ext     Elapsed/s Peak Memory/MB sha1sum result [0:20)
5_2_route                 .odb          669           2741 2d8a371d4b5f32469bbb
