OpenROAD unknown 
Features included (+) or not (-): -GPU +GUI -Python
This program is licensed under the BSD-3 license. See the LICENSE file for details.
Components of this program may be licensed under more restrictive licenses which must be honored.
[INFO ORD-0030] Using 1 thread(s).
SIGNOFF_WS corner=tt setup=7.912592803194229e-10 hold=3.2078895095821736e-10
SIGNOFF_SETUP_PATH_BEGIN
Startpoint: stt3_ff (rising edge-triggered flip-flop clocked by clk)
Endpoint: row47/_153_ (rising edge-triggered flip-flop clocked by clk)
Path Group: clk
Path Type: max

Fanout       Cap      Slew     Delay      Time   Description
-------------------------------------------------------------------------------------
                              0.0000    0.0000   clock clk (rise edge)
                              0.9754    0.9754   clock network delay (propagated)
                    0.0593    0.0000    0.9754 ^ stt3_ff/CLK (sky130_fd_sc_hd__dfxtp_4)
    23    0.3184    0.8833    0.9121    1.8875 ^ stt3_ff/Q (sky130_fd_sc_hd__dfxtp_4)
                                                 st_tree (net)
    40    0.1995    0.5406    0.6026    2.4902 ^ place2496/X (sky130_fd_sc_hd__buf_4)
                                                 net2495 (net)
     2    0.0091    0.1317    0.1800    2.6702 v row47/_093_/Y (sky130_fd_sc_hd__nor2b_1)
                                                 row47/_052_ (net)
     1    0.0050    0.0766    0.3890    3.0592 v row47/_094_/X (sky130_fd_sc_hd__maj3_1)
                                                 row47/_001_ (net)
                    0.0766    0.0002    3.0594 v row47/_153_/D (sky130_fd_sc_hd__dfxtp_1)
                                        3.0594   data arrival time

                              3.0000    3.0000   clock clk (rise edge)
                              0.9708    3.9708   clock network delay (propagated)
                              0.0000    3.9708   clock reconvergence pessimism
                                        3.9708 ^ row47/_153_/CLK (sky130_fd_sc_hd__dfxtp_1)
                             -0.1202    3.8506   library setup time
                                        3.8506   data required time
-------------------------------------------------------------------------------------
                                        3.8506   data required time
                                       -3.0594   data arrival time
-------------------------------------------------------------------------------------
                                        0.7913   slack (MET)


SIGNOFF_SETUP_PATH_END
SIGNOFF_HOLD_PATH_BEGIN
Startpoint: gen1/_113_ (rising edge-triggered flip-flop clocked by clk)
Endpoint: gen1/_092_ (rising edge-triggered flip-flop clocked by clk)
Path Group: clk
Path Type: min

    Delay      Time   Description
-------------------------------------------------------------
   0.0000    0.0000   clock clk (rise edge)
   0.9599    0.9599   clock network delay (propagated)
   0.0000    0.9599 ^ gen1/_113_/CLK (sky130_fd_sc_hd__dfxtp_1)
   0.2981    1.2580 ^ gen1/_113_/Q (sky130_fd_sc_hd__dfxtp_1)
                      gen1/g3 (net)
   0.0000    1.2580 ^ gen1/_092_/D (sky130_fd_sc_hd__dfxtp_1)
             1.2580   data arrival time

   0.0000    0.0000   clock clk (rise edge)
   0.9641    0.9641   clock network delay (propagated)
   0.0000    0.9641   clock reconvergence pessimism
             0.9641 ^ gen1/_092_/CLK (sky130_fd_sc_hd__dfxtp_1)
  -0.0268    0.9372   library hold time
             0.9372   data required time
-------------------------------------------------------------
             0.9372   data required time
            -1.2580   data arrival time
-------------------------------------------------------------
             0.3208   slack (MET)


SIGNOFF_HOLD_PATH_END
SIGNOFF_PROG_WS setup=1.2272094451759585e-9
SIGNOFF_PROG_PATH_BEGIN
Startpoint: ng11_5/_8_ (rising edge-triggered flip-flop clocked by clk)
Endpoint: row31/_162_ (rising edge-triggered flip-flop clocked by clk)
Path Group: clk
Path Type: max

Fanout       Cap      Slew     Delay      Time   Description
-------------------------------------------------------------------------------------
                              0.0000    0.0000   clock clk (rise edge)
                              0.9787    0.9787   clock network delay (propagated)
                    0.0620    0.0000    0.9787 ^ ng11_5/_8_/CLK (sky130_fd_sc_hd__dfxtp_1)
     1    0.0041    0.0511    0.3145    1.2932 ^ ng11_5/_8_/Q (sky130_fd_sc_hd__dfxtp_1)
                                                 pn11_5 (net)
     3    0.0337    0.1014    0.1556    1.4487 ^ place3206/X (sky130_fd_sc_hd__buf_4)
                                                 net3205 (net)
     2    0.0654    0.1847    0.2319    1.6807 ^ place3205/X (sky130_fd_sc_hd__buf_4)
                                                 net3204 (net)
     1    0.0147    0.0799    0.1925    1.8732 ^ lt_pn11_5_s1/Z (LTAPB2)
                                                 pgm_pn11_5_s1 (net)
     2    0.0211    0.2517    0.2358    2.1090 ^ vs_31_11/Z (VSITE_BUF)
                                                 lf_31_11 (net)
     1    0.0088    0.0994    0.5017    2.6108 v row31/_110_/X (sky130_fd_sc_hd__xor3_1)
                                                 row31/_037_ (net)
                    0.0995    0.0004    2.6111 v row31/_162_/D (sky130_fd_sc_hd__dfxtp_1)
                                        2.6111   data arrival time

                              3.0000    3.0000   clock clk (rise edge)
                              0.9697    3.9697   clock network delay (propagated)
                              0.0000    3.9697   clock reconvergence pessimism
                                        3.9697 ^ row31/_162_/CLK (sky130_fd_sc_hd__dfxtp_1)
                             -0.1314    3.8384   library setup time
                                        3.8384   data required time
-------------------------------------------------------------------------------------
                                        3.8384   data required time
                                       -2.6111   data arrival time
-------------------------------------------------------------------------------------
                                        1.2272   slack (MET)


SIGNOFF_PROG_PATH_END
SIGNOFF_SLEW tap_input_max=0.305095 tap_input_pin=lt_pn10_3_s3/A site_input_max=0.173657 site_input_pin=vs_63_11/A
SIGNOFF_SPINE_DRIVERS sky130_fd_sc_hd__buf_4 1972 sky130_fd_sc_hd__dfxtp_1 218 sky130_fd_sc_hd__buf_2 2
