OpenROAD unknown 
Features included (+) or not (-): -GPU +GUI -Python
This program is licensed under the BSD-3 license. See the LICENSE file for details.
Components of this program may be licensed under more restrictive licenses which must be honored.
[INFO ORD-0030] Using 1 thread(s).
SIGNOFF_WS corner=tt setup=9.680887202989652e-10 hold=2.606383997516559e-10
SIGNOFF_SETUP_PATH_BEGIN
Startpoint: row47/_126_ (rising edge-triggered flip-flop clocked by clk)
Endpoint: y[47] (output port clocked by clk)
Path Group: clk
Path Type: max

Fanout       Cap      Slew     Delay      Time   Description
-------------------------------------------------------------------------------------
                              0.0000    0.0000   clock clk (rise edge)
                              0.9946    0.9946   clock network delay (propagated)
                    0.0581    0.0000    0.9946 ^ row47/_126_/CLK (sky130_fd_sc_hd__dfxtp_1)
     2    0.0338    0.3186    0.5022    1.4969 ^ row47/_126_/Q (sky130_fd_sc_hd__dfxtp_1)
                                                 net106 (net)
     1    0.0012    0.0337    0.5350    2.0319 ^ output107/X (sky130_fd_sc_hd__clkdlybuf4s50_1)
                                                 y[47] (net)
                    0.0337    0.0000    2.0319 ^ y[47] (out)
                                        2.0319   data arrival time

                              3.0000    3.0000   clock clk (rise edge)
                              0.0000    3.0000   clock network delay (propagated)
                              0.0000    3.0000   clock reconvergence pessimism
                              0.0000    3.0000   output external delay
                                        3.0000   data required time
-------------------------------------------------------------------------------------
                                        3.0000   data required time
                                       -2.0319   data arrival time
-------------------------------------------------------------------------------------
                                        0.9681   slack (MET)


SIGNOFF_SETUP_PATH_END
SIGNOFF_HOLD_PATH_BEGIN
Startpoint: x[5] (input port clocked by clk)
Endpoint: gen1/_122_ (rising edge-triggered flip-flop clocked by clk)
Path Group: clk
Path Type: min

    Delay      Time   Description
-------------------------------------------------------------
   0.0000    0.0000   clock clk (rise edge)
   0.0000    0.0000   clock network delay (propagated)
   0.0000    0.0000 v input external delay
   0.0000    0.0000 v x[5] (in)
                      x[5] (net)
   0.5337    0.5337 v hold378/X (sky130_fd_sc_hd__dlygate4sd3_1)
                      net377 (net)
   0.5817    1.1154 v input58/X (sky130_fd_sc_hd__clkdlybuf4s50_1)
                      net57 (net)
   0.0006    1.1160 v gen1/_122_/D (sky130_fd_sc_hd__dfxtp_1)
             1.1160   data arrival time

   0.0000    0.0000   clock clk (rise edge)
   0.9820    0.9820   clock network delay (propagated)
   0.0000    0.9820   clock reconvergence pessimism
             0.9820 ^ gen1/_122_/CLK (sky130_fd_sc_hd__dfxtp_1)
  -0.1266    0.8554   library hold time
             0.8554   data required time
-------------------------------------------------------------
             0.8554   data required time
            -1.1160   data arrival time
-------------------------------------------------------------
             0.2606   slack (MET)


SIGNOFF_HOLD_PATH_END
SIGNOFF_PROG_WS setup=1.0674179318215238e-9
SIGNOFF_PROG_PATH_BEGIN
Startpoint: ng15_10/_8_ (rising edge-triggered flip-flop clocked by clk)
Endpoint: row4/_158_ (rising edge-triggered flip-flop clocked by clk)
Path Group: clk
Path Type: max

Fanout       Cap      Slew     Delay      Time   Description
-------------------------------------------------------------------------------------
                              0.0000    0.0000   clock clk (rise edge)
                              1.0100    1.0100   clock network delay (propagated)
                    0.0611    0.0000    1.0100 ^ ng15_10/_8_/CLK (sky130_fd_sc_hd__dfxtp_1)
     4    0.0961    0.8850    0.8910    1.9010 ^ ng15_10/_8_/Q (sky130_fd_sc_hd__dfxtp_1)
                                                 pn15_10 (net)
     1    0.0168    0.0740    0.2954    2.1964 ^ lt_pn15_10_s0/Z (LTAP2)
                                                 pgm_pn15_10_s0 (net)
     2    0.0122    0.1500    0.1639    2.3603 ^ vs_4_15/Z (VSITE_BUF)
                                                 lf_4_15 (net)
     1    0.0031    0.0738    0.4252    2.7854 v row4/_104_/X (sky130_fd_sc_hd__xor3_1)
                                                 row4/_039_ (net)
                    0.0738    0.0001    2.7855 v row4/_158_/D (sky130_fd_sc_hd__dfxtp_1)
                                        2.7855   data arrival time

                              3.0000    3.0000   clock clk (rise edge)
                              0.9728    3.9728   clock network delay (propagated)
                              0.0000    3.9728   clock reconvergence pessimism
                                        3.9728 ^ row4/_158_/CLK (sky130_fd_sc_hd__dfxtp_1)
                             -0.1198    3.8530   library setup time
                                        3.8530   data required time
-------------------------------------------------------------------------------------
                                        3.8530   data required time
                                       -2.7855   data arrival time
-------------------------------------------------------------------------------------
                                        1.0674   slack (MET)


SIGNOFF_PROG_PATH_END
SIGNOFF_SLEW tap_input_max=1.016048 tap_input_pin=lt_pn12_5_s0/A site_input_max=0.123733 site_input_pin=vs_33_10/A
SIGNOFF_SPINE_DRIVERS sky130_fd_sc_hd__dfxtp_1 2192
