
-- Running command `read_verilog /mnt/c/Users/meetb/Downloads/passwitness/research/pilot_zero/issue1047/source.v; prep -top top; write_ilang /mnt/c/Users/meetb/Downloads/passwitness/research/pilot_one/out/1047-historical/pre-shiftmul.il; write_verilog -noattr /mnt/c/Users/meetb/Downloads/passwitness/research/pilot_one/out/1047-historical/pre-shiftmul.v; peepopt; write_ilang /mnt/c/Users/meetb/Downloads/passwitness/research/pilot_one/out/1047-historical/post-shiftmul.il; write_verilog -noattr /mnt/c/Users/meetb/Downloads/passwitness/research/pilot_one/out/1047-historical/post-shiftmul.v' --

1. Executing Verilog-2005 frontend: /mnt/c/Users/meetb/Downloads/passwitness/research/pilot_zero/issue1047/source.v
Parsing Verilog input from `/mnt/c/Users/meetb/Downloads/passwitness/research/pilot_zero/issue1047/source.v' to AST representation.
Generating RTLIL representation for module `\top'.
Successfully finished Verilog frontend.

2. Executing PREP pass.

2.1. Executing HIERARCHY pass (managing design hierarchy).

2.1.1. Analyzing design hierarchy..
Top module:  \top

2.1.2. Analyzing design hierarchy..
Top module:  \top
Removed 0 unused modules.

2.2. Executing PROC pass (convert processes to netlists).

2.2.1. Executing PROC_CLEAN pass (remove empty switches from decision trees).
Cleaned up 0 empty switches.

2.2.2. Executing PROC_RMDEAD pass (remove dead branches from decision trees).
Removed a total of 0 dead cases.

2.2.3. Executing PROC_INIT pass (extract init attributes).

2.2.4. Executing PROC_ARST pass (detect async resets in processes).

2.2.5. Executing PROC_MUX pass (convert decision trees to multiplexers).

2.2.6. Executing PROC_DLATCH pass (convert process syncs to latches).

2.2.7. Executing PROC_DFF pass (convert process syncs to FFs).

2.2.8. Executing PROC_CLEAN pass (remove empty switches from decision trees).
Cleaned up 0 empty switches.

2.3. Executing OPT_EXPR pass (perform const folding).
Optimizing module top.

2.4. Executing OPT_CLEAN pass (remove unused cells and wires).
Finding unused cells or wires in module \top..
Removed 0 unused cells and 1 unused wires.
<suppressed ~1 debug messages>

2.5. Executing CHECK pass (checking for obvious problems).
checking module top..
found and reported 0 problems.

2.6. Executing OPT pass (performing simple optimizations).

2.6.1. Executing OPT_EXPR pass (perform const folding).
Optimizing module top.

2.6.2. Executing OPT_MERGE pass (detect identical cells).
Finding identical cells in module `\top'.
Removed a total of 0 cells.

2.6.3. Executing OPT_MUXTREE pass (detect dead branches in mux trees).
Running muxtree optimizer on module \top..
  Creating internal representation of mux trees.
  No muxes found in this module.
Removed 0 multiplexer ports.

2.6.4. Executing OPT_REDUCE pass (consolidate $*mux and $reduce_* inputs).
  Optimizing cells in module \top.
Performed a total of 0 changes.

2.6.5. Executing OPT_MERGE pass (detect identical cells).
Finding identical cells in module `\top'.
Removed a total of 0 cells.

2.6.6. Executing OPT_RMDFF pass (remove dff with constant values).

2.6.7. Executing OPT_CLEAN pass (remove unused cells and wires).
Finding unused cells or wires in module \top..

2.6.8. Executing OPT_EXPR pass (perform const folding).
Optimizing module top.

2.6.9. Finished OPT passes. (There is nothing left to do.)

2.7. Executing WREDUCE pass (reducing word size of cells).

2.8. Executing MEMORY_DFF pass (merging $dff cells to $memrd and $memwr).

2.9. Executing OPT_CLEAN pass (remove unused cells and wires).
Finding unused cells or wires in module \top..

2.10. Executing MEMORY_COLLECT pass (generating $mem cells).

2.11. Executing OPT pass (performing simple optimizations).

2.11.1. Executing OPT_EXPR pass (perform const folding).
Optimizing module top.

2.11.2. Executing OPT_MERGE pass (detect identical cells).
Finding identical cells in module `\top'.
Removed a total of 0 cells.

2.11.3. Executing OPT_RMDFF pass (remove dff with constant values).

2.11.4. Executing OPT_CLEAN pass (remove unused cells and wires).
Finding unused cells or wires in module \top..

2.11.5. Finished fast OPT passes.

2.12. Printing statistics.

=== top ===

   Number of wires:                  3
   Number of wire bits:              7
   Number of public wires:           2
   Number of public wire bits:       4
   Number of memories:               0
   Number of memory bits:            0
   Number of processes:              0
   Number of cells:                  2
     $mul                            1
     $shr                            1

2.13. Executing CHECK pass (checking for obvious problems).
checking module top..
found and reported 0 problems.

3. Executing ILANG backend.
Output filename: /mnt/c/Users/meetb/Downloads/passwitness/research/pilot_one/out/1047-historical/pre-shiftmul.il

4. Executing Verilog backend.
Dumping module `\top'.

5. Executing PEEPOPT pass (run peephole optimizers).
shiftmul pattern in top: shift=$shr$/mnt/c/Users/meetb/Downloads/passwitness/research/pilot_zero/issue1047/source.v:4$2, mul=$mul$/mnt/c/Users/meetb/Downloads/passwitness/research/pilot_zero/issue1047/source.v:4$1

6. Executing ILANG backend.
Output filename: /mnt/c/Users/meetb/Downloads/passwitness/research/pilot_one/out/1047-historical/post-shiftmul.il

7. Executing Verilog backend.
Dumping module `\top'.

End of script. Logfile hash: 0549e5abf1
CPU: user 0.01s system 0.02s, MEM: 16.64 MB total, 7.95 MB resident
Yosys 0.8+0 (git sha1 UNKNOWN, clang 18.1.3 -fPIC -Os)
Time spent: 14% 4x opt_clean (0 sec), 13% 2x read_verilog (0 sec), ...
