======== ABC command line "read_lib -w /home/user/all-the-info/13_FABLE_5_1_SCIENTIFIC_DISCOVERY/experiments/inputs/lib/sky130_fd_sc_hd__tt_025C_1v80.lib; read_aiger design.aig; strash; dch; map; topo; stime -p; print_stats; write_blif mapped_delay.blif; cec design.aig"
Parsing finished successfully.  Parsing time =     0.13 sec
Scl_LibertyReadGenlib() skipped cell "sky130_fd_sc_hd__decap_12" without logic function.
Scl_LibertyReadGenlib() skipped cell "sky130_fd_sc_hd__decap_3" without logic function.
Scl_LibertyReadGenlib() skipped cell "sky130_fd_sc_hd__decap_4" without logic function.
Scl_LibertyReadGenlib() skipped cell "sky130_fd_sc_hd__decap_6" without logic function.
Scl_LibertyReadGenlib() skipped cell "sky130_fd_sc_hd__decap_8" without logic function.
Scl_LibertyReadGenlib() skipped sequential cell "sky130_fd_sc_hd__dfbbn_1".
Scl_LibertyReadGenlib() skipped sequential cell "sky130_fd_sc_hd__dfbbn_2".
Scl_LibertyReadGenlib() skipped sequential cell "sky130_fd_sc_hd__dfbbp_1".
Scl_LibertyReadGenlib() skipped sequential cell "sky130_fd_sc_hd__dfrbp_1".
Scl_LibertyReadGenlib() skipped sequential cell "sky130_fd_sc_hd__dfrbp_2".
Scl_LibertyReadGenlib() skipped sequential cell "sky130_fd_sc_hd__dfrtn_1".
Scl_LibertyReadGenlib() skipped sequential cell "sky130_fd_sc_hd__dfrtp_1".
Scl_LibertyReadGenlib() skipped sequential cell "sky130_fd_sc_hd__dfrtp_2".
Scl_LibertyReadGenlib() skipped sequential cell "sky130_fd_sc_hd__dfrtp_4".
Scl_LibertyReadGenlib() skipped sequential cell "sky130_fd_sc_hd__dfsbp_1".
Scl_LibertyReadGenlib() skipped sequential cell "sky130_fd_sc_hd__dfsbp_2".
Scl_LibertyReadGenlib() skipped sequential cell "sky130_fd_sc_hd__dfstp_1".
Scl_LibertyReadGenlib() skipped sequential cell "sky130_fd_sc_hd__dfstp_2".
Scl_LibertyReadGenlib() skipped sequential cell "sky130_fd_sc_hd__dfstp_4".
Scl_LibertyReadGenlib() skipped sequential cell "sky130_fd_sc_hd__dfxbp_1".
Scl_LibertyReadGenlib() skipped sequential cell "sky130_fd_sc_hd__dfxbp_2".
Scl_LibertyReadGenlib() skipped sequential cell "sky130_fd_sc_hd__dfxtp_1".
Scl_LibertyReadGenlib() skipped sequential cell "sky130_fd_sc_hd__dfxtp_2".
Scl_LibertyReadGenlib() skipped sequential cell "sky130_fd_sc_hd__dfxtp_4".
Scl_LibertyReadGenlib() skipped cell "sky130_fd_sc_hd__diode_2" without logic function.
Scl_LibertyReadGenlib() skipped cell "sky130_fd_sc_hd__dlclkp_1" without logic function.
Scl_LibertyReadGenlib() skipped cell "sky130_fd_sc_hd__dlclkp_2" without logic function.
Scl_LibertyReadGenlib() skipped cell "sky130_fd_sc_hd__dlclkp_4" without logic function.
Scl_LibertyReadGenlib() skipped sequential cell "sky130_fd_sc_hd__dlrbn_1".
Scl_LibertyReadGenlib() skipped sequential cell "sky130_fd_sc_hd__dlrbn_2".
Scl_LibertyReadGenlib() skipped sequential cell "sky130_fd_sc_hd__dlrbp_1".
Scl_LibertyReadGenlib() skipped sequential cell "sky130_fd_sc_hd__dlrbp_2".
Scl_LibertyReadGenlib() skipped sequential cell "sky130_fd_sc_hd__dlrtn_1".
Scl_LibertyReadGenlib() skipped sequential cell "sky130_fd_sc_hd__dlrtn_2".
Scl_LibertyReadGenlib() skipped sequential cell "sky130_fd_sc_hd__dlrtn_4".
Scl_LibertyReadGenlib() skipped sequential cell "sky130_fd_sc_hd__dlrtp_1".
Scl_LibertyReadGenlib() skipped sequential cell "sky130_fd_sc_hd__dlrtp_2".
Scl_LibertyReadGenlib() skipped sequential cell "sky130_fd_sc_hd__dlrtp_4".
Scl_LibertyReadGenlib() skipped sequential cell "sky130_fd_sc_hd__dlxbn_1".
Scl_LibertyReadGenlib() skipped sequential cell "sky130_fd_sc_hd__dlxbn_2".
Scl_LibertyReadGenlib() skipped sequential cell "sky130_fd_sc_hd__dlxbp_1".
Scl_LibertyReadGenlib() skipped sequential cell "sky130_fd_sc_hd__dlxtn_1".
Scl_LibertyReadGenlib() skipped sequential cell "sky130_fd_sc_hd__dlxtn_2".
Scl_LibertyReadGenlib() skipped sequential cell "sky130_fd_sc_hd__dlxtn_4".
Scl_LibertyReadGenlib() skipped sequential cell "sky130_fd_sc_hd__dlxtp_1".
Scl_LibertyReadGenlib() skipped three-state cell "sky130_fd_sc_hd__ebufn_1".
Scl_LibertyReadGenlib() skipped three-state cell "sky130_fd_sc_hd__ebufn_2".
Scl_LibertyReadGenlib() skipped three-state cell "sky130_fd_sc_hd__ebufn_4".
Scl_LibertyReadGenlib() skipped three-state cell "sky130_fd_sc_hd__ebufn_8".
Scl_LibertyReadGenlib() skipped sequential cell "sky130_fd_sc_hd__edfxbp_1".
Scl_LibertyReadGenlib() skipped sequential cell "sky130_fd_sc_hd__edfxtp_1".
Scl_LibertyReadGenlib() skipped three-state cell "sky130_fd_sc_hd__einvn_0".
Scl_LibertyReadGenlib() skipped three-state cell "sky130_fd_sc_hd__einvn_1".
Scl_LibertyReadGenlib() skipped three-state cell "sky130_fd_sc_hd__einvn_2".
Scl_LibertyReadGenlib() skipped three-state cell "sky130_fd_sc_hd__einvn_4".
Scl_LibertyReadGenlib() skipped three-state cell "sky130_fd_sc_hd__einvn_8".
Scl_LibertyReadGenlib() skipped three-state cell "sky130_fd_sc_hd__einvp_1".
Scl_LibertyReadGenlib() skipped three-state cell "sky130_fd_sc_hd__einvp_2".
Scl_LibertyReadGenlib() skipped three-state cell "sky130_fd_sc_hd__einvp_4".
Scl_LibertyReadGenlib() skipped three-state cell "sky130_fd_sc_hd__einvp_8".
Scl_LibertyReadGenlib() skipped cell "sky130_fd_sc_hd__lpflow_bleeder_1" without logic function.
Scl_LibertyReadGenlib() skipped cell "sky130_fd_sc_hd__lpflow_decapkapwr_12" without logic function.
Scl_LibertyReadGenlib() skipped cell "sky130_fd_sc_hd__lpflow_decapkapwr_3" without logic function.
Scl_LibertyReadGenlib() skipped cell "sky130_fd_sc_hd__lpflow_decapkapwr_4" without logic function.
Scl_LibertyReadGenlib() skipped cell "sky130_fd_sc_hd__lpflow_decapkapwr_6" without logic function.
Scl_LibertyReadGenlib() skipped cell "sky130_fd_sc_hd__lpflow_decapkapwr_8" without logic function.
Scl_LibertyReadGenlib() skipped sequential cell "sky130_fd_sc_hd__lpflow_inputisolatch_1".
Scl_LibertyReadGenlib() skipped sequential cell "sky130_fd_sc_hd__sdfbbn_1".
Scl_LibertyReadGenlib() skipped sequential cell "sky130_fd_sc_hd__sdfbbn_2".
Scl_LibertyReadGenlib() skipped sequential cell "sky130_fd_sc_hd__sdfbbp_1".
Scl_LibertyReadGenlib() skipped sequential cell "sky130_fd_sc_hd__sdfrbp_1".
Scl_LibertyReadGenlib() skipped sequential cell "sky130_fd_sc_hd__sdfrbp_2".
Scl_LibertyReadGenlib() skipped sequential cell "sky130_fd_sc_hd__sdfrtn_1".
Scl_LibertyReadGenlib() skipped sequential cell "sky130_fd_sc_hd__sdfrtp_1".
Scl_LibertyReadGenlib() skipped sequential cell "sky130_fd_sc_hd__sdfrtp_2".
Scl_LibertyReadGenlib() skipped sequential cell "sky130_fd_sc_hd__sdfrtp_4".
Scl_LibertyReadGenlib() skipped sequential cell "sky130_fd_sc_hd__sdfsbp_1".
Scl_LibertyReadGenlib() skipped sequential cell "sky130_fd_sc_hd__sdfsbp_2".
Scl_LibertyReadGenlib() skipped sequential cell "sky130_fd_sc_hd__sdfstp_1".
Scl_LibertyReadGenlib() skipped sequential cell "sky130_fd_sc_hd__sdfstp_2".
Scl_LibertyReadGenlib() skipped sequential cell "sky130_fd_sc_hd__sdfstp_4".
Scl_LibertyReadGenlib() skipped sequential cell "sky130_fd_sc_hd__sdfxbp_1".
Scl_LibertyReadGenlib() skipped sequential cell "sky130_fd_sc_hd__sdfxbp_2".
Scl_LibertyReadGenlib() skipped sequential cell "sky130_fd_sc_hd__sdfxtp_1".
Scl_LibertyReadGenlib() skipped sequential cell "sky130_fd_sc_hd__sdfxtp_2".
Scl_LibertyReadGenlib() skipped sequential cell "sky130_fd_sc_hd__sdfxtp_4".
Scl_LibertyReadGenlib() skipped cell "sky130_fd_sc_hd__sdlclkp_1" without logic function.
Scl_LibertyReadGenlib() skipped cell "sky130_fd_sc_hd__sdlclkp_2" without logic function.
Scl_LibertyReadGenlib() skipped cell "sky130_fd_sc_hd__sdlclkp_4" without logic function.
Scl_LibertyReadGenlib() skipped sequential cell "sky130_fd_sc_hd__sedfxbp_1".
Scl_LibertyReadGenlib() skipped sequential cell "sky130_fd_sc_hd__sedfxbp_2".
Scl_LibertyReadGenlib() skipped sequential cell "sky130_fd_sc_hd__sedfxtp_1".
Scl_LibertyReadGenlib() skipped sequential cell "sky130_fd_sc_hd__sedfxtp_2".
Scl_LibertyReadGenlib() skipped sequential cell "sky130_fd_sc_hd__sedfxtp_4".
Library "sky130_fd_sc_hd__tt_025C_1v80" from "/home/user/all-the-info/13_FABLE_5_1_SCIENTIFIC_DISCOVERY/experiments/inputs/lib/sky130_fd_sc_hd__tt_025C_1v80.lib" has 334 cells (94 skipped: 63 seq; 13 tri-state; 18 no func; 0 dont_use; 0 with 2 outputs; 0 with 3+ outputs).  Time =     0.22 sec
Memory =   19.81 MB. Time =     0.22 sec
Warning: Detected 9 multi-output cells (for example, "sky130_fd_sc_hd__fa_1").
WireLoad = "none"  [1;33mGates =   2735[0m ( 12.2 %)   [1;32mCap =  5.0 ff[0m (  1.7 %)   [1;36mArea =    14440.10[0m ( 87.8 %)   [1;35mDelay =  4171.07 ps[0m  (  5.1 %)               
Path  0 --      13 : 0    3 pi                        A =   0.00  Df =   0.0   -0.0 ps  S =   0.0 ps  Cin =  0.0 ff  Cout =   6.5 ff  Cmax =   0.0 ff  G =    0  
Path  1 --     747 : 2    1 sky130_fd_sc_hd__and2_2   A =   7.51  Df = 158.4  -50.5 ps  S =  33.5 ps  Cin =  1.5 ff  Cout =   1.8 ff  Cmax = 303.0 ff  G =  116  
Path  2 --     749 : 3    4 sky130_fd_sc_hd__o21ai_0  A =   5.00  Df = 412.8 -154.9 ps  S = 297.7 ps  Cin =  1.7 ff  Cout =   8.6 ff  Cmax =  50.4 ff  G =  492  
Path  3 --     753 : 3    2 sky130_fd_sc_hd__a21oi_1  A =   5.00  Df = 525.2 -105.5 ps  S = 122.8 ps  Cin =  2.3 ff  Cout =   3.6 ff  Cmax =  74.2 ff  G =  148  
Path  4 --     762 : 3    4 sky130_fd_sc_hd__o21ai_0  A =   5.00  Df = 812.6  -61.8 ps  S = 297.7 ps  Cin =  1.7 ff  Cout =   8.6 ff  Cmax =  50.4 ff  G =  492  
Path  5 --     768 : 3    2 sky130_fd_sc_hd__a21oi_1  A =   5.00  Df = 925.0  -12.3 ps  S = 123.1 ps  Cin =  2.3 ff  Cout =   3.6 ff  Cmax =  74.2 ff  G =  148  
Path  6 --     785 : 3    4 sky130_fd_sc_hd__o21ai_0  A =   5.00  Df =1213.8  -63.0 ps  S = 299.6 ps  Cin =  1.7 ff  Cout =   8.7 ff  Cmax =  50.4 ff  G =  495  
Path  7 --     791 : 3    2 sky130_fd_sc_hd__a21oi_1  A =   5.00  Df =1332.7  -10.2 ps  S = 136.5 ps  Cin =  2.3 ff  Cout =   4.3 ff  Cmax =  74.2 ff  G =  177  
Path  8 --     924 : 3    4 sky130_fd_sc_hd__o21ai_0  A =   5.00  Df =1602.1 -143.8 ps  S = 288.1 ps  Cin =  1.7 ff  Cout =   8.3 ff  Cmax =  50.4 ff  G =  464  
Path  9 --     986 : 3    3 sky130_fd_sc_hd__a21oi_1  A =   5.00  Df =1715.2  -12.2 ps  S = 184.7 ps  Cin =  2.3 ff  Cout =   6.8 ff  Cmax =  74.2 ff  G =  279  
Path 10 --    1243 : 3    4 sky130_fd_sc_hd__o21ai_0  A =   5.00  Df =1989.5 -120.4 ps  S = 310.5 ps  Cin =  1.7 ff  Cout =   9.1 ff  Cmax =  50.4 ff  G =  504  
Path 11 --    1307 : 3    3 sky130_fd_sc_hd__a21oi_1  A =   5.00  Df =2086.2  -29.2 ps  S = 171.5 ps  Cin =  2.3 ff  Cout =   6.2 ff  Cmax =  74.2 ff  G =  250  
Path 12 --    1598 : 3    3 sky130_fd_sc_hd__o21ai_0  A =   5.00  Df =2319.9 -132.8 ps  S = 239.2 ps  Cin =  1.7 ff  Cout =   6.5 ff  Cmax =  50.4 ff  G =  365  
Path 13 --    1605 : 3    2 sky130_fd_sc_hd__and3_2   A =   7.51  Df =2543.7 -101.8 ps  S =  52.2 ps  Cin =  1.5 ff  Cout =   4.3 ff  Cmax = 309.5 ff  G =  271  
Path 14 --    1606 : 3    1 sky130_fd_sc_hd__nor3_1   A =   5.00  Df =2580.7  -18.8 ps  S = 123.0 ps  Cin =  2.4 ff  Cout =   1.8 ff  Cmax =  52.2 ff  G =   71  
Path 15 --    1608 : 3    4 sky130_fd_sc_hd__o21ai_0  A =   5.00  Df =2861.6  -76.3 ps  S = 324.4 ps  Cin =  1.7 ff  Cout =   9.6 ff  Cmax =  50.4 ff  G =  546  
Path 16 --    1620 : 3    1 sky130_fd_sc_hd__a21oi_1  A =   5.00  Df =2958.5  -33.6 ps  S =  88.7 ps  Cin =  2.3 ff  Cout =   1.8 ff  Cmax =  74.2 ff  G =   74  
Path 17 --    1624 : 3    3 sky130_fd_sc_hd__o21ai_0  A =   5.00  Df =3214.8  -63.5 ps  S = 260.6 ps  Cin =  1.7 ff  Cout =   7.3 ff  Cmax =  50.4 ff  G =  412  
Path 18 --    1634 : 4    2 sky130_fd_sc_hd__nand4_1  A =   6.26  Df =3350.1  -81.7 ps  S = 100.1 ps  Cin =  2.3 ff  Cout =   4.0 ff  Cmax = 124.5 ff  G =  164  
Path 19 --    2101 : 4    6 sky130_fd_sc_hd__o211ai_1 A =   7.51  Df =3695.5  -89.8 ps  S = 357.9 ps  Cin =  2.3 ff  Cout =  14.2 ff  Cmax =  74.2 ff  G =  591  
Path 20 --    2928 : 3    3 sky130_fd_sc_hd__nand3_1  A =   5.00  Df =3859.0   -3.6 ps  S = 137.6 ps  Cin =  2.4 ff  Cout =   7.2 ff  Cmax = 146.5 ff  G =  298  
Path 21 --    2999 : 3    2 sky130_fd_sc_hd__a21oi_1  A =   5.00  Df =4044.3 -106.6 ps  S = 148.7 ps  Cin =  2.3 ff  Cout =   5.0 ff  Cmax =  74.2 ff  G =  202  
Path 22 --    3047 : 4    1 sky130_fd_sc_hd__o211a_1  A =  10.01  Df =4171.1  -52.5 ps  S =  24.4 ps  Cin =  2.3 ff  Cout =   0.0 ff  Cmax = 183.1 ff  G =    0  
Start-point = pi012.  End-point = po13.
[1;37mdesign                        :[0m i/o =  320/   15  lat =    0  nd =  2735  edge =   6795  area =14432.82  delay =2886.65  lev = 34
Networks are equivalent.  Time =     0.61 sec

rc=0 wall=1.4
