OpenROAD unknown 
Features included (+) or not (-): -GPU +GUI -Python
This program is licensed under the BSD-3 license. See the LICENSE file for details.
Components of this program may be licensed under more restrictive licenses which must be honored.
[INFO ORD-0030] Using 1 thread(s).
SIGNOFF_WS corner=tt setup=7.81437581309774e-10 hold=9.28249699327921e-11
SIGNOFF_SETUP_PATH_BEGIN
Startpoint: stt1_ff (rising edge-triggered flip-flop clocked by clk)
Endpoint: row4/_464_ (rising edge-triggered flip-flop clocked by clk)
Path Group: clk
Path Type: max

Fanout       Cap      Slew     Delay      Time   Description
-------------------------------------------------------------------------------------
                              0.0000    0.0000   clock clk (rise edge)
                              1.0811    1.0811   clock network delay (propagated)
                    0.0574    0.0000    1.0811 ^ stt1_ff/CLK (sky130_fd_sc_hd__dfxtp_4)
    27    0.3150    0.8716    0.9214    2.0025 ^ stt1_ff/Q (sky130_fd_sc_hd__dfxtp_4)
                                                 st_tree (net)
    47    0.2015    0.5477    0.6150    2.6175 ^ place2545/X (sky130_fd_sc_hd__buf_4)
                                                 net2545 (net)
     2    0.0100    0.1379    0.2102    2.8277 v row4/_309_/Y (sky130_fd_sc_hd__nor2b_1)
                                                 row4/_166_ (net)
     1    0.0023    0.0609    0.3699    3.1976 v row4/_310_/X (sky130_fd_sc_hd__maj3_1)
                                                 row4/_014_ (net)
                    0.0609    0.0001    3.1977 v row4/_464_/D (sky130_fd_sc_hd__dfxtp_1)
                                        3.1977   data arrival time

                              3.0000    3.0000   clock clk (rise edge)
                              1.0930    4.0930   clock network delay (propagated)
                              0.0000    4.0930   clock reconvergence pessimism
                                        4.0930 ^ row4/_464_/CLK (sky130_fd_sc_hd__dfxtp_1)
                             -0.1139    3.9791   library setup time
                                        3.9791   data required time
-------------------------------------------------------------------------------------
                                        3.9791   data required time
                                       -3.1977   data arrival time
-------------------------------------------------------------------------------------
                                        0.7814   slack (MET)


SIGNOFF_SETUP_PATH_END
SIGNOFF_HOLD_PATH_BEGIN
Startpoint: x[35] (input port clocked by clk)
Endpoint: ng35/_7_ (rising edge-triggered flip-flop clocked by clk)
Path Group: clk
Path Type: min

    Delay      Time   Description
-------------------------------------------------------------
   0.0000    0.0000   clock clk (rise edge)
   0.0000    0.0000   clock network delay (propagated)
   0.0000    0.0000 v input external delay
   0.0000    0.0000 v x[35] (in)
                      x[35] (net)
   0.5591    0.5591 v hold3042/X (sky130_fd_sc_hd__dlygate4sd3_1)
                      net3042 (net)
   0.5360    1.0951 v input30/X (sky130_fd_sc_hd__clkdlybuf4s50_1)
                      net30 (net)
   0.0005    1.0956 v ng35/_7_/D (sky130_fd_sc_hd__dfxtp_1)
             1.0956   data arrival time

   0.0000    0.0000   clock clk (rise edge)
   1.1022    1.1022   clock network delay (propagated)
   0.0000    1.1022   clock reconvergence pessimism
             1.1022 ^ ng35/_7_/CLK (sky130_fd_sc_hd__dfxtp_1)
  -0.0995    1.0027   library hold time
             1.0027   data required time
-------------------------------------------------------------
             1.0027   data required time
            -1.0956   data arrival time
-------------------------------------------------------------
             0.0928   slack (MET)


SIGNOFF_HOLD_PATH_END
SIGNOFF_PROG_WS setup=1.2897536372236118e-9
SIGNOFF_PROG_PATH_BEGIN
Startpoint: ng27/_8_ (rising edge-triggered flip-flop clocked by clk)
Endpoint: row43/_481_ (rising edge-triggered flip-flop clocked by clk)
Path Group: clk
Path Type: max

Fanout       Cap      Slew     Delay      Time   Description
-------------------------------------------------------------------------------------
                              0.0000    0.0000   clock clk (rise edge)
                              1.0971    1.0971   clock network delay (propagated)
                    0.0605    0.0000    1.0971 ^ ng27/_8_/CLK (sky130_fd_sc_hd__dfxtp_1)
     1    0.0027    0.0400    0.3045    1.4016 ^ ng27/_8_/Q (sky130_fd_sc_hd__dfxtp_1)
                                                 ln27 (net)
     3    0.0367    0.1090    0.1566    1.5582 ^ place2861/X (sky130_fd_sc_hd__buf_4)
                                                 net2861 (net)
     2    0.0480    0.1387    0.2005    1.7587 ^ place2860/X (sky130_fd_sc_hd__buf_4)
                                                 net2860 (net)
    10    0.0443    0.2172    0.2717    2.0304 ^ lt_ln27_s2/Z (LTAPB2)
                                                 pgm_ln27_s2 (net)
     2    0.0106    0.1319    0.1777    2.2080 ^ vs_43_27/Z (VSITE_BUF)
                                                 lf_43_27 (net)
     1    0.0074    0.0933    0.4548    2.6628 v row43/_338_/X (sky130_fd_sc_hd__xor3_1)
                                                 row43/_067_ (net)
                    0.0933    0.0003    2.6631 v row43/_481_/D (sky130_fd_sc_hd__dfxtp_1)
                                        2.6631   data arrival time

                              3.0000    3.0000   clock clk (rise edge)
                              1.0809    4.0809   clock network delay (propagated)
                              0.0000    4.0809   clock reconvergence pessimism
                                        4.0809 ^ row43/_481_/CLK (sky130_fd_sc_hd__dfxtp_1)
                             -0.1280    3.9529   library setup time
                                        3.9529   data required time
-------------------------------------------------------------------------------------
                                        3.9529   data required time
                                       -2.6631   data arrival time
-------------------------------------------------------------------------------------
                                        1.2898   slack (MET)


SIGNOFF_PROG_PATH_END
SIGNOFF_SLEW tap_input_max=0.173928 tap_input_pin=lt_lp45_s3/A site_input_max=0.217242 site_input_pin=vs_32_27/A
SIGNOFF_SPINE_DRIVERS sky130_fd_sc_hd__buf_4 512
