OpenROAD unknown 
Features included (+) or not (-): -GPU +GUI -Python
This program is licensed under the BSD-3 license. See the LICENSE file for details.
Components of this program may be licensed under more restrictive licenses which must be honored.
[INFO ORD-0030] Using 2 thread(s).
G2: removed 34627 base nets (all base wiring is at or below met3)
G2: programmable nets 128, pins 3778
[WARNING GRT-0300] Timing is not available, setting critical nets percentage to 0.
[INFO GRT-0020] Min routing layer: met4
[INFO GRT-0021] Max routing layer: met5
[INFO GRT-0022] Global adjustment: 0%
[INFO GRT-0023] Grid origin: (0, 0)
[INFO GRT-0088] Layer li1     Track-Pitch = 0.4600  line-2-Via Pitch: 0.3400
[INFO GRT-0088] Layer met1    Track-Pitch = 0.3400  line-2-Via Pitch: 0.3400
[INFO GRT-0088] Layer met2    Track-Pitch = 0.4600  line-2-Via Pitch: 0.3500
[INFO GRT-0088] Layer met3    Track-Pitch = 0.6800  line-2-Via Pitch: 0.6150
[INFO GRT-0088] Layer met4    Track-Pitch = 0.9200  line-2-Via Pitch: 1.0400
[INFO GRT-0088] Layer met5    Track-Pitch = 3.4000  line-2-Via Pitch: 3.1100
[INFO GRT-0003] Macros: 0
[INFO GRT-0004] Blockages: 0
[INFO GRT-0019] Found 0 clock nets.
[INFO GRT-0001] Minimum degree: 21
[INFO GRT-0002] Maximum degree: 39

[INFO GRT-0053] Routing resources analysis:
          Routing      Original      Derated      Resource
Layer     Direction    Resources     Resources    Reduction (%)
---------------------------------------------------------------
li1        Vertical            0             0          0.00%
met1       Horizontal          0             0          0.00%
met2       Vertical            0             0          0.00%
met3       Horizontal          0             0          0.00%
met4       Vertical        54475         54475          0.00%
met5       Horizontal      17388         17388          0.00%
---------------------------------------------------------------

[INFO GRT-0101] Running extra iterations to remove congestion.
[INFO GRT-0102] Start extra iteration 1/30
[INFO GRT-0102] Start extra iteration 2/30
[INFO GRT-0197] Via related to pin nodes: 307
[INFO GRT-0198] Via related Steiner nodes: 42
[INFO GRT-0199] Via filling finished.
[INFO GRT-0111] Final number of vias: 517
[INFO GRT-0112] Final usage 3D: 13032

[INFO GRT-0096] Final congestion report:
Layer         Resource        Demand        Usage (%)    Max H / Max V / Total Congestion
---------------------------------------------------------------------------------------
li1                  0             0            0.00%             0 /  0 /  0
met1                 0             0            0.00%             0 /  0 /  0
met2                 0             0            0.00%             0 /  0 /  0
met3                 0             0            0.00%             0 /  0 /  0
met4             54475         11171           20.51%             0 /  0 /  0
met5             17388           310            1.78%             0 /  0 /  0
---------------------------------------------------------------------------------------
Total            71863         11481           15.98%             0 /  0 /  0

[INFO GRT-0018] Total wirelength: 105604 um
[INFO GRT-0014] Routed nets: 128
[INFO GRT-0303] Global routing runtime = 00:00:00
[INFO DRT-0149] Reading tech and libs.
[WARNING DRT-0349] LEF58_ENCLOSURE with no CUTCLASS is not supported. Skipping for layer mcon
[WARNING DRT-0349] LEF58_ENCLOSURE with no CUTCLASS is not supported. Skipping for layer mcon
[WARNING DRT-0349] LEF58_ENCLOSURE with no CUTCLASS is not supported. Skipping for layer via
[WARNING DRT-0349] LEF58_ENCLOSURE with no CUTCLASS is not supported. Skipping for layer via
[WARNING DRT-0349] LEF58_ENCLOSURE with no CUTCLASS is not supported. Skipping for layer via2
[WARNING DRT-0349] LEF58_ENCLOSURE with no CUTCLASS is not supported. Skipping for layer via2
[WARNING DRT-0349] LEF58_ENCLOSURE with no CUTCLASS is not supported. Skipping for layer via3
[WARNING DRT-0349] LEF58_ENCLOSURE with no CUTCLASS is not supported. Skipping for layer via3
[WARNING DRT-0349] LEF58_ENCLOSURE with no CUTCLASS is not supported. Skipping for layer via4
[WARNING DRT-0349] LEF58_ENCLOSURE with no CUTCLASS is not supported. Skipping for layer via4

Units:                1000
Number of layers:     13
Number of macros:     445
Number of vias:       25
Number of viarulegen: 25

[INFO DRT-0150] Reading design.

Design:                   top
Die area:                 ( 0 0 ) ( 643380 643380 )
Number of track patterns: 12
Number of DEF vias:       0
Number of components:     63931
Number of terminals:      0
Number of snets:          2
Number of nets:           128

[INFO DRT-0167] List of default vias:
  Layer via4
    default via: M4M5_PR
[INFO DRT-0162] Library cell analysis.
[INFO DRT-0163] Instance analysis.
[INFO DRT-0164] Number of unique instances = 220.
[INFO DRT-0168] Init region query.
[INFO DRT-0024]   Complete FR_MASTERSLICE.
[INFO DRT-0024]   Complete Fr_VIA.
[INFO DRT-0024]   Complete li1.
[INFO DRT-0024]   Complete mcon.
[INFO DRT-0024]   Complete met1.
[INFO DRT-0024]   Complete via.
[INFO DRT-0024]   Complete met2.
[INFO DRT-0024]   Complete via2.
[INFO DRT-0024]   Complete met3.
[INFO DRT-0024]   Complete via3.
[INFO DRT-0024]   Complete met4.
[INFO DRT-0024]   Complete via4.
[INFO DRT-0024]   Complete met5.
[INFO DRT-0033] FR_MASTERSLICE shape region query size = 0.
[INFO DRT-0033] FR_VIA shape region query size = 0.
[INFO DRT-0033] li1 shape region query size = 969055.
[INFO DRT-0033] mcon shape region query size = 640518.
[INFO DRT-0033] met1 shape region query size = 171929.
[INFO DRT-0033] via shape region query size = 0.
[INFO DRT-0033] met2 shape region query size = 4672.
[INFO DRT-0033] via2 shape region query size = 0.
[INFO DRT-0033] met3 shape region query size = 4672.
[INFO DRT-0033] via3 shape region query size = 0.
[INFO DRT-0033] met4 shape region query size = 4672.
[INFO DRT-0033] via4 shape region query size = 0.
[INFO DRT-0033] met5 shape region query size = 0.
[INFO DRT-0165] Start pin access.
[INFO DRT-0076]   Complete 1000 pins.
[INFO DRT-0078]   Complete 1363 pins.
[INFO DRT-0079]   Complete 100 unique inst patterns.
[INFO DRT-0079]   Complete 200 unique inst patterns.
[INFO DRT-0081]   Complete 220 unique inst patterns.
[INFO DRT-0084]   Complete 3778 groups.
#scanned instances     = 63931
#unique  instances     = 220
#stdCellGenAp          = 74
#stdCellValidPlanarAp  = 74
#stdCellValidViaAp     = 0
#stdCellPinNoAp        = 0
#stdCellPinCnt         = 3778
#instTermValidViaApCnt = 0
#macroGenAp            = 0
#macroValidPlanarAp    = 0
#macroValidViaAp       = 0
#macroNoAp             = 0
[INFO DRT-0166] Complete pin access.
[INFO DRT-0267] cpu time = 00:00:00, elapsed time = 00:00:00, memory = 443.18 (MB), peak = 450.22 (MB)

[INFO DRT-0157] Number of guides:     4219

[INFO DRT-0169] Post process guides.
[INFO DRT-0176] GCELLGRID X 0 DO 93 STEP 6900 ;
[INFO DRT-0177] GCELLGRID Y 0 DO 93 STEP 6900 ;
[INFO DRT-0028]   Complete FR_MASTERSLICE.
[INFO DRT-0028]   Complete Fr_VIA.
[INFO DRT-0028]   Complete li1.
[INFO DRT-0028]   Complete mcon.
[INFO DRT-0028]   Complete met1.
[INFO DRT-0028]   Complete via.
[INFO DRT-0028]   Complete met2.
[INFO DRT-0028]   Complete via2.
[INFO DRT-0028]   Complete met3.
[INFO DRT-0028]   Complete via3.
[INFO DRT-0028]   Complete met4.
[INFO DRT-0028]   Complete via4.
[INFO DRT-0028]   Complete met5.
[INFO DRT-0178] Init guide query.
[INFO DRT-0035]   Complete FR_MASTERSLICE (guide).
[INFO DRT-0035]   Complete Fr_VIA (guide).
[INFO DRT-0035]   Complete li1 (guide).
[INFO DRT-0035]   Complete mcon (guide).
[INFO DRT-0035]   Complete met1 (guide).
[INFO DRT-0035]   Complete via (guide).
[INFO DRT-0035]   Complete met2 (guide).
[INFO DRT-0035]   Complete via2 (guide).
[INFO DRT-0035]   Complete met3 (guide).
[INFO DRT-0035]   Complete via3 (guide).
[INFO DRT-0035]   Complete met4 (guide).
[INFO DRT-0035]   Complete via4 (guide).
[INFO DRT-0035]   Complete met5 (guide).
[INFO DRT-0036] FR_MASTERSLICE guide region query size = 0.
[INFO DRT-0036] FR_VIA guide region query size = 0.
[INFO DRT-0036] li1 guide region query size = 0.
[INFO DRT-0036] mcon guide region query size = 0.
[INFO DRT-0036] met1 guide region query size = 0.
[INFO DRT-0036] via guide region query size = 0.
[INFO DRT-0036] met2 guide region query size = 0.
[INFO DRT-0036] via2 guide region query size = 0.
[INFO DRT-0036] met3 guide region query size = 0.
[INFO DRT-0036] via3 guide region query size = 0.
[INFO DRT-0036] met4 guide region query size = 3707.
[INFO DRT-0036] via4 guide region query size = 0.
[INFO DRT-0036] met5 guide region query size = 156.
[INFO DRT-0179] Init gr pin query.
[INFO DRT-0267] cpu time = 00:00:00, elapsed time = 00:00:00, memory = 443.62 (MB), peak = 450.22 (MB)
[INFO DRT-0245] skipped writing guide updates to database.
[INFO DRT-0181] Start track assignment.
[INFO DRT-0184] Done with 3707 vertical wires in 2 frboxes and 156 horizontal wires in 2 frboxes.
[INFO DRT-0186] Done with 1986 vertical wires in 2 frboxes and 2 horizontal wires in 2 frboxes.
[INFO DRT-0182] Complete track assignment.
[INFO DRT-0267] cpu time = 00:00:03, elapsed time = 00:00:01, memory = 609.08 (MB), peak = 612.78 (MB)
[INFO DRT-0187] Start routing data preparation.
[INFO DRT-0267] cpu time = 00:00:00, elapsed time = 00:00:00, memory = 609.14 (MB), peak = 612.78 (MB)
[INFO DRT-0194] Start detail routing.
[INFO DRT-0195] Start 0th optimization iteration.
    Completing 10% with 0 violations.
    elapsed time = 00:00:02, memory = 780.50 (MB).
    Completing 20% with 0 violations.
    elapsed time = 00:00:05, memory = 1134.82 (MB).
    Completing 30% with 512 violations.
    elapsed time = 00:00:08, memory = 1006.26 (MB).
    Completing 40% with 512 violations.
    elapsed time = 00:00:11, memory = 966.84 (MB).
    Completing 50% with 512 violations.
    elapsed time = 00:00:13, memory = 1213.91 (MB).
    Completing 60% with 1002 violations.
    elapsed time = 00:00:16, memory = 956.63 (MB).
    Completing 70% with 1002 violations.
    elapsed time = 00:00:19, memory = 1149.32 (MB).
    Completing 80% with 1403 violations.
    elapsed time = 00:00:22, memory = 1010.86 (MB).
    Completing 90% with 1403 violations.
    elapsed time = 00:00:24, memory = 984.99 (MB).
    Completing 100% with 1781 violations.
    elapsed time = 00:00:27, memory = 1032.88 (MB).
[INFO DRT-0199]   Number of violations = 1940.
Viol/Layer        met4
Metal Spacing      974
Recheck            159
Short              807
[INFO DRT-0267] cpu time = 00:00:51, elapsed time = 00:00:27, memory = 1021.27 (MB), peak = 1288.83 (MB)
Total wire length = 85047 um.
Total wire length on LAYER li1 = 0 um.
Total wire length on LAYER met1 = 0 um.
Total wire length on LAYER met2 = 0 um.
Total wire length on LAYER met3 = 0 um.
Total wire length on LAYER met4 = 83909 um.
Total wire length on LAYER met5 = 1138 um.
Total number of vias = 161.
Up-via summary (total 161):

----------------------
 FR_MASTERSLICE      0
            li1      0
           met1      0
           met2      0
           met3      0
           met4    161
----------------------
               161


[INFO DRT-0195] Start 1st optimization iteration.
    Completing 10% with 1940 violations.
    elapsed time = 00:00:02, memory = 1009.19 (MB).
    Completing 20% with 1940 violations.
    elapsed time = 00:00:05, memory = 1113.80 (MB).
    Completing 30% with 1833 violations.
    elapsed time = 00:00:08, memory = 1041.11 (MB).
    Completing 40% with 1833 violations.
    elapsed time = 00:00:10, memory = 1046.08 (MB).
    Completing 50% with 1833 violations.
    elapsed time = 00:00:13, memory = 1217.04 (MB).
    Completing 60% with 1664 violations.
    elapsed time = 00:00:16, memory = 1022.02 (MB).
    Completing 70% with 1664 violations.
    elapsed time = 00:00:19, memory = 1131.44 (MB).
    Completing 80% with 1479 violations.
    elapsed time = 00:00:22, memory = 1047.96 (MB).
    Completing 90% with 1479 violations.
    elapsed time = 00:00:24, memory = 1048.00 (MB).
    Completing 100% with 1279 violations.
    elapsed time = 00:00:27, memory = 1041.07 (MB).
[INFO DRT-0199]   Number of violations = 1279.
Viol/Layer        met4
Metal Spacing      720
Short              559
[INFO DRT-0267] cpu time = 00:00:52, elapsed time = 00:00:27, memory = 1063.25 (MB), peak = 1288.83 (MB)
Total wire length = 86104 um.
Total wire length on LAYER li1 = 0 um.
Total wire length on LAYER met1 = 0 um.
Total wire length on LAYER met2 = 0 um.
Total wire length on LAYER met3 = 0 um.
Total wire length on LAYER met4 = 85053 um.
Total wire length on LAYER met5 = 1051 um.
Total number of vias = 138.
Up-via summary (total 138):

----------------------
 FR_MASTERSLICE      0
            li1      0
           met1      0
           met2      0
           met3      0
           met4    138
----------------------
               138


[INFO DRT-0195] Start 2nd optimization iteration.
    Completing 10% with 1279 violations.
    elapsed time = 00:00:01, memory = 1068.15 (MB).
    Completing 20% with 1279 violations.
    elapsed time = 00:00:04, memory = 1051.15 (MB).
    Completing 30% with 1235 violations.
    elapsed time = 00:00:06, memory = 1032.15 (MB).
    Completing 40% with 1235 violations.
    elapsed time = 00:00:08, memory = 1030.20 (MB).
    Completing 50% with 1235 violations.
    elapsed time = 00:00:11, memory = 1207.86 (MB).
    Completing 60% with 1179 violations.
    elapsed time = 00:00:14, memory = 1072.12 (MB).
    Completing 70% with 1179 violations.
    elapsed time = 00:00:17, memory = 1081.50 (MB).
    Completing 80% with 1169 violations.
    elapsed time = 00:00:19, memory = 1095.34 (MB).
    Completing 90% with 1169 violations.
    elapsed time = 00:00:22, memory = 1095.34 (MB).
    Completing 100% with 1124 violations.
    elapsed time = 00:00:26, memory = 1157.83 (MB).
[INFO DRT-0199]   Number of violations = 1124.
Viol/Layer        met4
Metal Spacing      691
Short              433
[INFO DRT-0267] cpu time = 00:00:49, elapsed time = 00:00:26, memory = 1149.04 (MB), peak = 1288.83 (MB)
Total wire length = 85698 um.
Total wire length on LAYER li1 = 0 um.
Total wire length on LAYER met1 = 0 um.
Total wire length on LAYER met2 = 0 um.
Total wire length on LAYER met3 = 0 um.
Total wire length on LAYER met4 = 84710 um.
Total wire length on LAYER met5 = 988 um.
Total number of vias = 129.
Up-via summary (total 129):

----------------------
 FR_MASTERSLICE      0
            li1      0
           met1      0
           met2      0
           met3      0
           met4    129
----------------------
               129


[INFO DRT-0195] Start 3rd optimization iteration.
    Completing 10% with 1124 violations.
    elapsed time = 00:00:03, memory = 1150.25 (MB).
    Completing 20% with 1124 violations.
    elapsed time = 00:00:06, memory = 1178.54 (MB).
    Completing 30% with 959 violations.
    elapsed time = 00:00:09, memory = 1149.09 (MB).
    Completing 40% with 959 violations.
    elapsed time = 00:00:12, memory = 1143.19 (MB).
    Completing 50% with 959 violations.
    elapsed time = 00:00:15, memory = 1209.19 (MB).
    Completing 60% with 796 violations.
    elapsed time = 00:00:18, memory = 1129.98 (MB).
    Completing 70% with 796 violations.
    elapsed time = 00:00:21, memory = 1139.45 (MB).
    Completing 80% with 635 violations.
    elapsed time = 00:00:23, memory = 1148.20 (MB).
    Completing 90% with 635 violations.
    elapsed time = 00:00:26, memory = 1148.20 (MB).
    Completing 100% with 499 violations.
    elapsed time = 00:00:28, memory = 1102.20 (MB).
[INFO DRT-0199]   Number of violations = 499.
Viol/Layer        met4
Metal Spacing      221
Short              278
[INFO DRT-0267] cpu time = 00:00:55, elapsed time = 00:00:29, memory = 1118.21 (MB), peak = 1294.60 (MB)
Total wire length = 88885 um.
Total wire length on LAYER li1 = 0 um.
Total wire length on LAYER met1 = 0 um.
Total wire length on LAYER met2 = 0 um.
Total wire length on LAYER met3 = 0 um.
Total wire length on LAYER met4 = 87587 um.
Total wire length on LAYER met5 = 1297 um.
Total number of vias = 219.
Up-via summary (total 219):

----------------------
 FR_MASTERSLICE      0
            li1      0
           met1      0
           met2      0
           met3      0
           met4    219
----------------------
               219


[INFO DRT-0195] Start 4th optimization iteration.
    Completing 10% with 499 violations.
    elapsed time = 00:00:02, memory = 1120.45 (MB).
    Completing 20% with 499 violations.
    elapsed time = 00:00:04, memory = 1105.77 (MB).
    Completing 30% with 452 violations.
    elapsed time = 00:00:07, memory = 1129.40 (MB).
    Completing 40% with 452 violations.
    elapsed time = 00:00:09, memory = 1126.32 (MB).
    Completing 50% with 452 violations.
    elapsed time = 00:00:11, memory = 1126.32 (MB).
    Completing 60% with 397 violations.
    elapsed time = 00:00:14, memory = 1094.32 (MB).
    Completing 70% with 397 violations.
    elapsed time = 00:00:16, memory = 1094.32 (MB).
    Completing 80% with 336 violations.
    elapsed time = 00:00:19, memory = 1074.32 (MB).
    Completing 90% with 336 violations.
    elapsed time = 00:00:21, memory = 1074.32 (MB).
    Completing 100% with 284 violations.
    elapsed time = 00:00:23, memory = 1068.32 (MB).
[INFO DRT-0199]   Number of violations = 284.
Viol/Layer        met4
Metal Spacing       97
Short              187
[INFO DRT-0267] cpu time = 00:00:44, elapsed time = 00:00:23, memory = 1063.56 (MB), peak = 1294.60 (MB)
Total wire length = 89562 um.
Total wire length on LAYER li1 = 0 um.
Total wire length on LAYER met1 = 0 um.
Total wire length on LAYER met2 = 0 um.
Total wire length on LAYER met3 = 0 um.
Total wire length on LAYER met4 = 88121 um.
Total wire length on LAYER met5 = 1440 um.
Total number of vias = 271.
Up-via summary (total 271):

----------------------
 FR_MASTERSLICE      0
            li1      0
           met1      0
           met2      0
           met3      0
           met4    271
----------------------
               271


[INFO DRT-0195] Start 5th optimization iteration.
    Completing 10% with 284 violations.
    elapsed time = 00:00:02, memory = 1069.96 (MB).
    Completing 20% with 284 violations.
    elapsed time = 00:00:03, memory = 1069.96 (MB).
    Completing 30% with 269 violations.
    elapsed time = 00:00:06, memory = 1064.74 (MB).
    Completing 40% with 269 violations.
    elapsed time = 00:00:07, memory = 1064.74 (MB).
    Completing 50% with 269 violations.
    elapsed time = 00:00:10, memory = 1064.74 (MB).
    Completing 60% with 247 violations.
    elapsed time = 00:00:12, memory = 1063.74 (MB).
    Completing 70% with 247 violations.
    elapsed time = 00:00:14, memory = 1063.74 (MB).
    Completing 80% with 234 violations.
    elapsed time = 00:00:16, memory = 1059.74 (MB).
    Completing 90% with 234 violations.
    elapsed time = 00:00:18, memory = 1059.74 (MB).
    Completing 100% with 198 violations.
    elapsed time = 00:00:20, memory = 1055.74 (MB).
[INFO DRT-0199]   Number of violations = 198.
Viol/Layer        met4
Metal Spacing       47
Short              151
[INFO DRT-0267] cpu time = 00:00:38, elapsed time = 00:00:20, memory = 1053.56 (MB), peak = 1294.60 (MB)
Total wire length = 90040 um.
Total wire length on LAYER li1 = 0 um.
Total wire length on LAYER met1 = 0 um.
Total wire length on LAYER met2 = 0 um.
Total wire length on LAYER met3 = 0 um.
Total wire length on LAYER met4 = 88509 um.
Total wire length on LAYER met5 = 1530 um.
Total number of vias = 301.
Up-via summary (total 301):

----------------------
 FR_MASTERSLICE      0
            li1      0
           met1      0
           met2      0
           met3      0
           met4    301
----------------------
               301


[INFO DRT-0195] Start 6th optimization iteration.
    Completing 10% with 198 violations.
    elapsed time = 00:00:01, memory = 1058.42 (MB).
    Completing 20% with 198 violations.
    elapsed time = 00:00:03, memory = 1058.42 (MB).
    Completing 30% with 187 violations.
    elapsed time = 00:00:05, memory = 1049.42 (MB).
    Completing 40% with 187 violations.
    elapsed time = 00:00:06, memory = 1049.43 (MB).
    Completing 50% with 187 violations.
    elapsed time = 00:00:07, memory = 1049.47 (MB).
    Completing 60% with 169 violations.
    elapsed time = 00:00:09, memory = 1047.47 (MB).
    Completing 70% with 169 violations.
    elapsed time = 00:00:11, memory = 1047.47 (MB).
    Completing 80% with 161 violations.
    elapsed time = 00:00:12, memory = 1045.47 (MB).
    Completing 90% with 161 violations.
    elapsed time = 00:00:13, memory = 1045.47 (MB).
    Completing 100% with 153 violations.
    elapsed time = 00:00:15, memory = 1043.47 (MB).
[INFO DRT-0199]   Number of violations = 153.
Viol/Layer        met4
Metal Spacing       26
Short              127
[INFO DRT-0267] cpu time = 00:00:29, elapsed time = 00:00:15, memory = 1042.57 (MB), peak = 1294.60 (MB)
Total wire length = 90316 um.
Total wire length on LAYER li1 = 0 um.
Total wire length on LAYER met1 = 0 um.
Total wire length on LAYER met2 = 0 um.
Total wire length on LAYER met3 = 0 um.
Total wire length on LAYER met4 = 88723 um.
Total wire length on LAYER met5 = 1592 um.
Total number of vias = 324.
Up-via summary (total 324):

----------------------
 FR_MASTERSLICE      0
            li1      0
           met1      0
           met2      0
           met3      0
           met4    324
----------------------
               324


[INFO DRT-0195] Start 7th optimization iteration.
    Completing 10% with 153 violations.
    elapsed time = 00:00:00, memory = 1047.30 (MB).
    Completing 20% with 153 violations.
    elapsed time = 00:00:02, memory = 1047.39 (MB).
    Completing 30% with 146 violations.
    elapsed time = 00:00:03, memory = 1039.39 (MB).
    Completing 40% with 146 violations.
    elapsed time = 00:00:04, memory = 1039.39 (MB).
    Completing 50% with 146 violations.
    elapsed time = 00:00:06, memory = 1039.45 (MB).
    Completing 60% with 135 violations.
    elapsed time = 00:00:08, memory = 1039.45 (MB).
    Completing 70% with 135 violations.
    elapsed time = 00:00:10, memory = 1039.49 (MB).
    Completing 80% with 130 violations.
    elapsed time = 00:00:11, memory = 1039.49 (MB).
    Completing 90% with 130 violations.
    elapsed time = 00:00:12, memory = 1039.49 (MB).
    Completing 100% with 126 violations.
    elapsed time = 00:00:13, memory = 1039.49 (MB).
[INFO DRT-0199]   Number of violations = 126.
Viol/Layer        met4
Metal Spacing       20
Short              106
[INFO DRT-0267] cpu time = 00:00:26, elapsed time = 00:00:14, memory = 1037.57 (MB), peak = 1294.60 (MB)
Total wire length = 90447 um.
Total wire length on LAYER li1 = 0 um.
Total wire length on LAYER met1 = 0 um.
Total wire length on LAYER met2 = 0 um.
Total wire length on LAYER met3 = 0 um.
Total wire length on LAYER met4 = 88776 um.
Total wire length on LAYER met5 = 1670 um.
Total number of vias = 348.
Up-via summary (total 348):

----------------------
 FR_MASTERSLICE      0
            li1      0
           met1      0
           met2      0
           met3      0
           met4    348
----------------------
               348


[INFO DRT-0195] Start 8th optimization iteration.
    Completing 10% with 126 violations.
    elapsed time = 00:00:00, memory = 1042.20 (MB).
    Completing 20% with 126 violations.
    elapsed time = 00:00:01, memory = 1042.29 (MB).
    Completing 30% with 119 violations.
    elapsed time = 00:00:02, memory = 1038.29 (MB).
    Completing 40% with 119 violations.
    elapsed time = 00:00:03, memory = 1038.33 (MB).
    Completing 50% with 119 violations.
    elapsed time = 00:00:05, memory = 1038.34 (MB).
    Completing 60% with 115 violations.
    elapsed time = 00:00:07, memory = 1038.42 (MB).
    Completing 70% with 115 violations.
    elapsed time = 00:00:09, memory = 1038.42 (MB).
    Completing 80% with 107 violations.
    elapsed time = 00:00:10, memory = 1038.42 (MB).
    Completing 90% with 107 violations.
    elapsed time = 00:00:11, memory = 1038.43 (MB).
    Completing 100% with 101 violations.
    elapsed time = 00:00:12, memory = 1038.43 (MB).
[INFO DRT-0199]   Number of violations = 101.
Viol/Layer        met4
Metal Spacing       13
Short               88
[INFO DRT-0267] cpu time = 00:00:23, elapsed time = 00:00:12, memory = 1037.57 (MB), peak = 1294.60 (MB)
Total wire length = 90548 um.
Total wire length on LAYER li1 = 0 um.
Total wire length on LAYER met1 = 0 um.
Total wire length on LAYER met2 = 0 um.
Total wire length on LAYER met3 = 0 um.
Total wire length on LAYER met4 = 88788 um.
Total wire length on LAYER met5 = 1759 um.
Total number of vias = 376.
Up-via summary (total 376):

----------------------
 FR_MASTERSLICE      0
            li1      0
           met1      0
           met2      0
           met3      0
           met4    376
----------------------
               376


[INFO DRT-0195] Start 9th optimization iteration.
    Completing 10% with 101 violations.
    elapsed time = 00:00:00, memory = 1043.17 (MB).
    Completing 20% with 101 violations.
    elapsed time = 00:00:01, memory = 1043.32 (MB).
    Completing 30% with 97 violations.
    elapsed time = 00:00:01, memory = 1037.32 (MB).
    Completing 40% with 97 violations.
    elapsed time = 00:00:02, memory = 1037.36 (MB).
    Completing 50% with 97 violations.
    elapsed time = 00:00:04, memory = 1037.36 (MB).
    Completing 60% with 91 violations.
    elapsed time = 00:00:05, memory = 1037.38 (MB).
    Completing 70% with 91 violations.
    elapsed time = 00:00:06, memory = 1037.41 (MB).
    Completing 80% with 88 violations.
    elapsed time = 00:00:07, memory = 1037.41 (MB).
    Completing 90% with 88 violations.
    elapsed time = 00:00:09, memory = 1037.41 (MB).
    Completing 100% with 82 violations.
    elapsed time = 00:00:10, memory = 1037.41 (MB).
[INFO DRT-0199]   Number of violations = 82.
Viol/Layer        met4
Metal Spacing       10
Short               72
[INFO DRT-0267] cpu time = 00:00:19, elapsed time = 00:00:10, memory = 1036.57 (MB), peak = 1294.60 (MB)
Total wire length = 90530 um.
Total wire length on LAYER li1 = 0 um.
Total wire length on LAYER met1 = 0 um.
Total wire length on LAYER met2 = 0 um.
Total wire length on LAYER met3 = 0 um.
Total wire length on LAYER met4 = 88725 um.
Total wire length on LAYER met5 = 1804 um.
Total number of vias = 392.
Up-via summary (total 392):

----------------------
 FR_MASTERSLICE      0
            li1      0
           met1      0
           met2      0
           met3      0
           met4    392
----------------------
               392


[INFO DRT-0195] Start 10th guides tiles iteration.
    Completing 10% with 82 violations.
    elapsed time = 00:00:00, memory = 1042.34 (MB).
    Completing 20% with 82 violations.
    elapsed time = 00:00:01, memory = 1037.04 (MB).
    Completing 30% with 82 violations.
    elapsed time = 00:00:01, memory = 1038.66 (MB).
    Completing 40% with 82 violations.
    elapsed time = 00:00:01, memory = 1039.66 (MB).
    Completing 50% with 82 violations.
    elapsed time = 00:00:02, memory = 1048.27 (MB).
    Completing 60% with 82 violations.
    elapsed time = 00:00:02, memory = 1040.80 (MB).
    Completing 70% with 45 violations.
    elapsed time = 00:00:03, memory = 1038.80 (MB).
    Completing 80% with 45 violations.
    elapsed time = 00:00:03, memory = 1038.80 (MB).
    Completing 90% with 45 violations.
    elapsed time = 00:00:03, memory = 1038.80 (MB).
    Completing 100% with 30 violations.
    elapsed time = 00:00:04, memory = 1039.07 (MB).
[INFO DRT-0199]   Number of violations = 30.
Viol/Layer        met4
Metal Spacing        5
Short               25
[INFO DRT-0267] cpu time = 00:00:08, elapsed time = 00:00:04, memory = 1037.58 (MB), peak = 1294.60 (MB)
Total wire length = 90505 um.
Total wire length on LAYER li1 = 0 um.
Total wire length on LAYER met1 = 0 um.
Total wire length on LAYER met2 = 0 um.
Total wire length on LAYER met3 = 0 um.
Total wire length on LAYER met4 = 88507 um.
Total wire length on LAYER met5 = 1998 um.
Total number of vias = 456.
Up-via summary (total 456):

----------------------
 FR_MASTERSLICE      0
            li1      0
           met1      0
           met2      0
           met3      0
           met4    456
----------------------
               456


[INFO DRT-0195] Start 11th guides tiles iteration.
    Completing 10% with 30 violations.
    elapsed time = 00:00:00, memory = 1038.71 (MB).
    Completing 20% with 30 violations.
    elapsed time = 00:00:00, memory = 1038.71 (MB).
    Completing 30% with 30 violations.
    elapsed time = 00:00:00, memory = 1038.71 (MB).
    Completing 40% with 30 violations.
    elapsed time = 00:00:00, memory = 1038.71 (MB).
    Completing 50% with 30 violations.
    elapsed time = 00:00:00, memory = 1038.71 (MB).
    Completing 60% with 30 violations.
    elapsed time = 00:00:00, memory = 1038.71 (MB).
    Completing 70% with 30 violations.
    elapsed time = 00:00:01, memory = 1038.71 (MB).
    Completing 80% with 30 violations.
    elapsed time = 00:00:01, memory = 1038.71 (MB).
    Completing 90% with 16 violations.
    elapsed time = 00:00:01, memory = 1038.90 (MB).
    Completing 100% with 10 violations.
    elapsed time = 00:00:01, memory = 1038.90 (MB).
[INFO DRT-0199]   Number of violations = 10.
Viol/Layer        met4
Metal Spacing        1
Short                9
[INFO DRT-0267] cpu time = 00:00:02, elapsed time = 00:00:01, memory = 1059.90 (MB), peak = 1294.60 (MB)
Total wire length = 90545 um.
Total wire length on LAYER li1 = 0 um.
Total wire length on LAYER met1 = 0 um.
Total wire length on LAYER met2 = 0 um.
Total wire length on LAYER met3 = 0 um.
Total wire length on LAYER met4 = 88443 um.
Total wire length on LAYER met5 = 2102 um.
Total number of vias = 490.
Up-via summary (total 490):

----------------------
 FR_MASTERSLICE      0
            li1      0
           met1      0
           met2      0
           met3      0
           met4    490
----------------------
               490


[INFO DRT-0195] Start 12th guides tiles iteration.
    Completing 10% with 10 violations.
    elapsed time = 00:00:00, memory = 1060.24 (MB).
    Completing 20% with 10 violations.
    elapsed time = 00:00:00, memory = 1060.24 (MB).
    Completing 40% with 10 violations.
    elapsed time = 00:00:00, memory = 1060.24 (MB).
    Completing 50% with 10 violations.
    elapsed time = 00:00:00, memory = 1060.24 (MB).
    Completing 70% with 10 violations.
    elapsed time = 00:00:00, memory = 1060.24 (MB).
    Completing 80% with 10 violations.
    elapsed time = 00:00:00, memory = 1060.24 (MB).
    Completing 100% with 8 violations.
    elapsed time = 00:00:00, memory = 1060.24 (MB).
[INFO DRT-0199]   Number of violations = 8.
Viol/Layer        met4
Metal Spacing        1
Short                7
[INFO DRT-0267] cpu time = 00:00:01, elapsed time = 00:00:00, memory = 1060.24 (MB), peak = 1294.60 (MB)
Total wire length = 90538 um.
Total wire length on LAYER li1 = 0 um.
Total wire length on LAYER met1 = 0 um.
Total wire length on LAYER met2 = 0 um.
Total wire length on LAYER met3 = 0 um.
Total wire length on LAYER met4 = 88425 um.
Total wire length on LAYER met5 = 2112 um.
Total number of vias = 494.
Up-via summary (total 494):

----------------------
 FR_MASTERSLICE      0
            li1      0
           met1      0
           met2      0
           met3      0
           met4    494
----------------------
               494


[INFO DRT-0195] Start 13th guides tiles iteration.
    Completing 20% with 8 violations.
    elapsed time = 00:00:00, memory = 1060.24 (MB).
    Completing 40% with 8 violations.
    elapsed time = 00:00:00, memory = 1060.24 (MB).
    Completing 60% with 8 violations.
    elapsed time = 00:00:00, memory = 1060.24 (MB).
    Completing 80% with 8 violations.
    elapsed time = 00:00:00, memory = 1060.24 (MB).
    Completing 100% with 8 violations.
    elapsed time = 00:00:00, memory = 1060.24 (MB).
[INFO DRT-0199]   Number of violations = 8.
Viol/Layer        met4
Metal Spacing        1
Short                7
[INFO DRT-0267] cpu time = 00:00:00, elapsed time = 00:00:00, memory = 1060.24 (MB), peak = 1294.60 (MB)
Total wire length = 90538 um.
Total wire length on LAYER li1 = 0 um.
Total wire length on LAYER met1 = 0 um.
Total wire length on LAYER met2 = 0 um.
Total wire length on LAYER met3 = 0 um.
Total wire length on LAYER met4 = 88425 um.
Total wire length on LAYER met5 = 2112 um.
Total number of vias = 494.
Up-via summary (total 494):

----------------------
 FR_MASTERSLICE      0
            li1      0
           met1      0
           met2      0
           met3      0
           met4    494
----------------------
               494


[INFO DRT-0195] Start 14th stubborn tiles iteration.
    Completing 10% with 8 violations.
    elapsed time = 00:00:03, memory = 1049.91 (MB).
    Completing 20% with 8 violations.
    elapsed time = 00:00:07, memory = 1417.84 (MB).
    Completing 30% with 8 violations.
    elapsed time = 00:00:11, memory = 1822.70 (MB).
    Completing 40% with 8 violations.
    elapsed time = 00:00:15, memory = 2302.12 (MB).
    Completing 50% with 8 violations.
    elapsed time = 00:00:19, memory = 2773.75 (MB).
    Completing 60% with 8 violations.
    elapsed time = 00:00:22, memory = 3259.58 (MB).
    Completing 70% with 3 violations.
    elapsed time = 00:00:28, memory = 1736.67 (MB).
    Completing 80% with 3 violations.
    elapsed time = 00:00:30, memory = 1738.31 (MB).
    Completing 90% with 3 violations.
    elapsed time = 00:00:34, memory = 1739.45 (MB).
    Completing 100% with 0 violations.
    elapsed time = 00:00:39, memory = 1714.67 (MB).
[INFO DRT-0199]   Number of violations = 0.
[INFO DRT-0267] cpu time = 00:01:15, elapsed time = 00:00:39, memory = 1730.12 (MB), peak = 3557.89 (MB)
Total wire length = 90537 um.
Total wire length on LAYER li1 = 0 um.
Total wire length on LAYER met1 = 0 um.
Total wire length on LAYER met2 = 0 um.
Total wire length on LAYER met3 = 0 um.
Total wire length on LAYER met4 = 88391 um.
Total wire length on LAYER met5 = 2145 um.
Total number of vias = 508.
Up-via summary (total 508):

----------------------
 FR_MASTERSLICE      0
            li1      0
           met1      0
           met2      0
           met3      0
           met4    508
----------------------
               508


[INFO DRT-0198] Complete detail routing.
Total wire length = 90537 um.
Total wire length on LAYER li1 = 0 um.
Total wire length on LAYER met1 = 0 um.
Total wire length on LAYER met2 = 0 um.
Total wire length on LAYER met3 = 0 um.
Total wire length on LAYER met4 = 88391 um.
Total wire length on LAYER met5 = 2145 um.
Total number of vias = 508.
Up-via summary (total 508):

----------------------
 FR_MASTERSLICE      0
            li1      0
           met1      0
           met2      0
           met3      0
           met4    508
----------------------
               508


[INFO DRT-0267] cpu time = 00:07:59, elapsed time = 00:04:14, memory = 1730.24 (MB), peak = 3557.89 (MB)

[INFO DRT-0180] Post processing.
[INFO DRT-0501] Runtime: 257.64s
G2_RESULT drc=0
[INFO ANT-0002] Found 0 net violations.
[INFO ANT-0001] Found 0 pin violations.
