OpenROAD unknown 
Features included (+) or not (-): -GPU +GUI -Python
This program is licensed under the BSD-3 license. See the LICENSE file for details.
Components of this program may be licensed under more restrictive licenses which must be honored.
[INFO ORD-0030] Using 2 thread(s).
G2: removed 34673 base nets (all base wiring is at or below met3)
G2: programmable nets 128, pins 3778
[WARNING GRT-0300] Timing is not available, setting critical nets percentage to 0.
[INFO GRT-0020] Min routing layer: met4
[INFO GRT-0021] Max routing layer: met5
[INFO GRT-0022] Global adjustment: 0%
[INFO GRT-0023] Grid origin: (0, 0)
[INFO GRT-0088] Layer li1     Track-Pitch = 0.4600  line-2-Via Pitch: 0.3400
[INFO GRT-0088] Layer met1    Track-Pitch = 0.3400  line-2-Via Pitch: 0.3400
[INFO GRT-0088] Layer met2    Track-Pitch = 0.4600  line-2-Via Pitch: 0.3500
[INFO GRT-0088] Layer met3    Track-Pitch = 0.6800  line-2-Via Pitch: 0.6150
[INFO GRT-0088] Layer met4    Track-Pitch = 0.9200  line-2-Via Pitch: 1.0400
[INFO GRT-0088] Layer met5    Track-Pitch = 3.4000  line-2-Via Pitch: 3.1100
[INFO GRT-0003] Macros: 0
[INFO GRT-0004] Blockages: 0
[INFO GRT-0019] Found 0 clock nets.
[INFO GRT-0001] Minimum degree: 21
[INFO GRT-0002] Maximum degree: 39

[INFO GRT-0053] Routing resources analysis:
          Routing      Original      Derated      Resource
Layer     Direction    Resources     Resources    Reduction (%)
---------------------------------------------------------------
li1        Vertical            0             0          0.00%
met1       Horizontal          0             0          0.00%
met2       Vertical            0             0          0.00%
met3       Horizontal          0             0          0.00%
met4       Vertical        61982         61982          0.00%
met5       Horizontal      19400         19400          0.00%
---------------------------------------------------------------

[INFO GRT-0101] Running extra iterations to remove congestion.
[INFO GRT-0102] Start extra iteration 1/30
[INFO GRT-0102] Start extra iteration 2/30
[INFO GRT-0102] Start extra iteration 3/30
[INFO GRT-0102] Start extra iteration 4/30
[INFO GRT-0197] Via related to pin nodes: 314
[INFO GRT-0198] Via related Steiner nodes: 35
[INFO GRT-0199] Via filling finished.
[INFO GRT-0111] Final number of vias: 519
[INFO GRT-0112] Final usage 3D: 13646

[INFO GRT-0096] Final congestion report:
Layer         Resource        Demand        Usage (%)    Max H / Max V / Total Congestion
---------------------------------------------------------------------------------------
li1                  0             0            0.00%             0 /  0 /  0
met1                 0             0            0.00%             0 /  0 /  0
met2                 0             0            0.00%             0 /  0 /  0
met3                 0             0            0.00%             0 /  0 /  0
met4             61982         11785           19.01%             0 /  0 /  0
met5             19400           304            1.57%             0 /  0 /  0
---------------------------------------------------------------------------------------
Total            81382         12089           14.85%             0 /  0 /  0

[INFO GRT-0018] Total wirelength: 109813 um
[INFO GRT-0014] Routed nets: 128
[INFO GRT-0303] Global routing runtime = 00:00:00
[INFO DRT-0149] Reading tech and libs.
[WARNING DRT-0349] LEF58_ENCLOSURE with no CUTCLASS is not supported. Skipping for layer mcon
[WARNING DRT-0349] LEF58_ENCLOSURE with no CUTCLASS is not supported. Skipping for layer mcon
[WARNING DRT-0349] LEF58_ENCLOSURE with no CUTCLASS is not supported. Skipping for layer via
[WARNING DRT-0349] LEF58_ENCLOSURE with no CUTCLASS is not supported. Skipping for layer via
[WARNING DRT-0349] LEF58_ENCLOSURE with no CUTCLASS is not supported. Skipping for layer via2
[WARNING DRT-0349] LEF58_ENCLOSURE with no CUTCLASS is not supported. Skipping for layer via2
[WARNING DRT-0349] LEF58_ENCLOSURE with no CUTCLASS is not supported. Skipping for layer via3
[WARNING DRT-0349] LEF58_ENCLOSURE with no CUTCLASS is not supported. Skipping for layer via3
[WARNING DRT-0349] LEF58_ENCLOSURE with no CUTCLASS is not supported. Skipping for layer via4
[WARNING DRT-0349] LEF58_ENCLOSURE with no CUTCLASS is not supported. Skipping for layer via4

Units:                1000
Number of layers:     13
Number of macros:     445
Number of vias:       25
Number of viarulegen: 25

[INFO DRT-0150] Reading design.

Design:                   top
Die area:                 ( 0 0 ) ( 679650 679650 )
Number of track patterns: 12
Number of DEF vias:       0
Number of components:     73881
Number of terminals:      0
Number of snets:          2
Number of nets:           128

[INFO DRT-0167] List of default vias:
  Layer via4
    default via: M4M5_PR
[INFO DRT-0162] Library cell analysis.
[INFO DRT-0163] Instance analysis.
[INFO DRT-0164] Number of unique instances = 219.
[INFO DRT-0168] Init region query.
[INFO DRT-0024]   Complete FR_MASTERSLICE.
[INFO DRT-0024]   Complete Fr_VIA.
[INFO DRT-0024]   Complete li1.
[INFO DRT-0024]   Complete mcon.
[INFO DRT-0024]   Complete met1.
[INFO DRT-0024]   Complete via.
[INFO DRT-0024]   Complete met2.
[INFO DRT-0024]   Complete via2.
[INFO DRT-0024]   Complete met3.
[INFO DRT-0024]   Complete via3.
[INFO DRT-0024]   Complete met4.
[INFO DRT-0024]   Complete via4.
[INFO DRT-0024]   Complete met5.
[INFO DRT-0033] FR_MASTERSLICE shape region query size = 0.
[INFO DRT-0033] FR_VIA shape region query size = 0.
[INFO DRT-0033] li1 shape region query size = 994727.
[INFO DRT-0033] mcon shape region query size = 718532.
[INFO DRT-0033] met1 shape region query size = 191718.
[INFO DRT-0033] via shape region query size = 0.
[INFO DRT-0033] met2 shape region query size = 4672.
[INFO DRT-0033] via2 shape region query size = 0.
[INFO DRT-0033] met3 shape region query size = 4672.
[INFO DRT-0033] via3 shape region query size = 0.
[INFO DRT-0033] met4 shape region query size = 4672.
[INFO DRT-0033] via4 shape region query size = 0.
[INFO DRT-0033] met5 shape region query size = 0.
[INFO DRT-0165] Start pin access.
[INFO DRT-0076]   Complete 1000 pins.
[INFO DRT-0078]   Complete 1354 pins.
[INFO DRT-0079]   Complete 100 unique inst patterns.
[INFO DRT-0079]   Complete 200 unique inst patterns.
[INFO DRT-0081]   Complete 219 unique inst patterns.
[INFO DRT-0084]   Complete 3778 groups.
#scanned instances     = 73881
#unique  instances     = 219
#stdCellGenAp          = 74
#stdCellValidPlanarAp  = 74
#stdCellValidViaAp     = 0
#stdCellPinNoAp        = 0
#stdCellPinCnt         = 3778
#instTermValidViaApCnt = 0
#macroGenAp            = 0
#macroValidPlanarAp    = 0
#macroValidViaAp       = 0
#macroNoAp             = 0
[INFO DRT-0166] Complete pin access.
[INFO DRT-0267] cpu time = 00:00:00, elapsed time = 00:00:00, memory = 466.47 (MB), peak = 469.55 (MB)

[INFO DRT-0157] Number of guides:     4227

[INFO DRT-0169] Post process guides.
[INFO DRT-0176] GCELLGRID X 0 DO 98 STEP 6900 ;
[INFO DRT-0177] GCELLGRID Y 0 DO 98 STEP 6900 ;
[INFO DRT-0028]   Complete FR_MASTERSLICE.
[INFO DRT-0028]   Complete Fr_VIA.
[INFO DRT-0028]   Complete li1.
[INFO DRT-0028]   Complete mcon.
[INFO DRT-0028]   Complete met1.
[INFO DRT-0028]   Complete via.
[INFO DRT-0028]   Complete met2.
[INFO DRT-0028]   Complete via2.
[INFO DRT-0028]   Complete met3.
[INFO DRT-0028]   Complete via3.
[INFO DRT-0028]   Complete met4.
[INFO DRT-0028]   Complete via4.
[INFO DRT-0028]   Complete met5.
[INFO DRT-0178] Init guide query.
[INFO DRT-0035]   Complete FR_MASTERSLICE (guide).
[INFO DRT-0035]   Complete Fr_VIA (guide).
[INFO DRT-0035]   Complete li1 (guide).
[INFO DRT-0035]   Complete mcon (guide).
[INFO DRT-0035]   Complete met1 (guide).
[INFO DRT-0035]   Complete via (guide).
[INFO DRT-0035]   Complete met2 (guide).
[INFO DRT-0035]   Complete via2 (guide).
[INFO DRT-0035]   Complete met3 (guide).
[INFO DRT-0035]   Complete via3 (guide).
[INFO DRT-0035]   Complete met4 (guide).
[INFO DRT-0035]   Complete via4 (guide).
[INFO DRT-0035]   Complete met5 (guide).
[INFO DRT-0036] FR_MASTERSLICE guide region query size = 0.
[INFO DRT-0036] FR_VIA guide region query size = 0.
[INFO DRT-0036] li1 guide region query size = 0.
[INFO DRT-0036] mcon guide region query size = 0.
[INFO DRT-0036] met1 guide region query size = 0.
[INFO DRT-0036] via guide region query size = 0.
[INFO DRT-0036] met2 guide region query size = 0.
[INFO DRT-0036] via2 guide region query size = 0.
[INFO DRT-0036] met3 guide region query size = 0.
[INFO DRT-0036] via3 guide region query size = 0.
[INFO DRT-0036] met4 guide region query size = 3701.
[INFO DRT-0036] via4 guide region query size = 0.
[INFO DRT-0036] met5 guide region query size = 156.
[INFO DRT-0179] Init gr pin query.
[INFO DRT-0267] cpu time = 00:00:00, elapsed time = 00:00:00, memory = 466.69 (MB), peak = 469.55 (MB)
[INFO DRT-0245] skipped writing guide updates to database.
[INFO DRT-0181] Start track assignment.
[INFO DRT-0184] Done with 3701 vertical wires in 2 frboxes and 156 horizontal wires in 2 frboxes.
[INFO DRT-0186] Done with 1966 vertical wires in 2 frboxes and 0 horizontal wires in 2 frboxes.
[INFO DRT-0182] Complete track assignment.
[INFO DRT-0267] cpu time = 00:00:03, elapsed time = 00:00:02, memory = 634.75 (MB), peak = 637.55 (MB)
[INFO DRT-0187] Start routing data preparation.
[INFO DRT-0267] cpu time = 00:00:00, elapsed time = 00:00:00, memory = 634.81 (MB), peak = 637.55 (MB)
[INFO DRT-0194] Start detail routing.
[INFO DRT-0195] Start 0th optimization iteration.
    Completing 10% with 0 violations.
    elapsed time = 00:00:03, memory = 785.25 (MB).
    Completing 20% with 0 violations.
    elapsed time = 00:00:06, memory = 1116.81 (MB).
    Completing 30% with 394 violations.
    elapsed time = 00:00:10, memory = 1000.30 (MB).
    Completing 40% with 394 violations.
    elapsed time = 00:00:13, memory = 1013.41 (MB).
    Completing 50% with 394 violations.
    elapsed time = 00:00:16, memory = 1273.14 (MB).
    Completing 60% with 768 violations.
    elapsed time = 00:00:20, memory = 1002.83 (MB).
    Completing 70% with 768 violations.
    elapsed time = 00:00:23, memory = 1149.54 (MB).
    Completing 80% with 1279 violations.
    elapsed time = 00:00:27, memory = 1055.62 (MB).
    Completing 90% with 1279 violations.
    elapsed time = 00:00:31, memory = 1019.17 (MB).
    Completing 100% with 1704 violations.
    elapsed time = 00:00:36, memory = 1067.45 (MB).
[INFO DRT-0199]   Number of violations = 1875.
Viol/Layer        met4
Metal Spacing      895
Recheck            171
Short              809
[INFO DRT-0267] cpu time = 00:00:51, elapsed time = 00:00:37, memory = 1034.67 (MB), peak = 1279.01 (MB)
Total wire length = 89469 um.
Total wire length on LAYER li1 = 0 um.
Total wire length on LAYER met1 = 0 um.
Total wire length on LAYER met2 = 0 um.
Total wire length on LAYER met3 = 0 um.
Total wire length on LAYER met4 = 88393 um.
Total wire length on LAYER met5 = 1076 um.
Total number of vias = 189.
Up-via summary (total 189):

----------------------
 FR_MASTERSLICE      0
            li1      0
           met1      0
           met2      0
           met3      0
           met4    189
----------------------
               189


[INFO DRT-0195] Start 1st optimization iteration.
    Completing 10% with 1875 violations.
    elapsed time = 00:00:04, memory = 1022.06 (MB).
    Completing 20% with 1875 violations.
    elapsed time = 00:00:10, memory = 1118.98 (MB).
    Completing 30% with 1773 violations.
    elapsed time = 00:00:14, memory = 1013.77 (MB).
    Completing 40% with 1773 violations.
    elapsed time = 00:00:19, memory = 1013.79 (MB).
    Completing 50% with 1773 violations.
    elapsed time = 00:00:25, memory = 1250.86 (MB).
    Completing 60% with 1609 violations.
    elapsed time = 00:00:30, memory = 1042.57 (MB).
    Completing 70% with 1609 violations.
    elapsed time = 00:00:35, memory = 1066.57 (MB).
    Completing 80% with 1444 violations.
    elapsed time = 00:00:41, memory = 1111.13 (MB).
    Completing 90% with 1444 violations.
    elapsed time = 00:00:46, memory = 1111.68 (MB).
    Completing 100% with 1203 violations.
    elapsed time = 00:00:53, memory = 1130.11 (MB).
[INFO DRT-0199]   Number of violations = 1203.
Viol/Layer        met4
Metal Spacing      668
Short              535
[INFO DRT-0267] cpu time = 00:00:53, elapsed time = 00:00:53, memory = 1127.32 (MB), peak = 1295.83 (MB)
Total wire length = 90343 um.
Total wire length on LAYER li1 = 0 um.
Total wire length on LAYER met1 = 0 um.
Total wire length on LAYER met2 = 0 um.
Total wire length on LAYER met3 = 0 um.
Total wire length on LAYER met4 = 89276 um.
Total wire length on LAYER met5 = 1066 um.
Total number of vias = 168.
Up-via summary (total 168):

----------------------
 FR_MASTERSLICE      0
            li1      0
           met1      0
           met2      0
           met3      0
           met4    168
----------------------
               168


[INFO DRT-0195] Start 2nd optimization iteration.
    Completing 10% with 1203 violations.
    elapsed time = 00:00:03, memory = 1127.76 (MB).
    Completing 20% with 1203 violations.
    elapsed time = 00:00:07, memory = 1104.33 (MB).
    Completing 30% with 1152 violations.
    elapsed time = 00:00:10, memory = 1085.20 (MB).
    Completing 40% with 1152 violations.
    elapsed time = 00:00:14, memory = 1090.63 (MB).
    Completing 50% with 1152 violations.
    elapsed time = 00:00:19, memory = 1216.93 (MB).
    Completing 60% with 1105 violations.
    elapsed time = 00:00:23, memory = 1137.53 (MB).
    Completing 70% with 1105 violations.
    elapsed time = 00:00:27, memory = 1137.56 (MB).
    Completing 80% with 1073 violations.
    elapsed time = 00:00:31, memory = 1159.39 (MB).
    Completing 90% with 1073 violations.
    elapsed time = 00:00:35, memory = 1159.61 (MB).
    Completing 100% with 1056 violations.
    elapsed time = 00:00:39, memory = 1203.79 (MB).
[INFO DRT-0199]   Number of violations = 1056.
Viol/Layer        met4
Metal Spacing      629
Short              427
[INFO DRT-0267] cpu time = 00:00:51, elapsed time = 00:00:39, memory = 1177.95 (MB), peak = 1295.83 (MB)
Total wire length = 90142 um.
Total wire length on LAYER li1 = 0 um.
Total wire length on LAYER met1 = 0 um.
Total wire length on LAYER met2 = 0 um.
Total wire length on LAYER met3 = 0 um.
Total wire length on LAYER met4 = 89151 um.
Total wire length on LAYER met5 = 990 um.
Total number of vias = 157.
Up-via summary (total 157):

----------------------
 FR_MASTERSLICE      0
            li1      0
           met1      0
           met2      0
           met3      0
           met4    157
----------------------
               157


[INFO DRT-0195] Start 3rd optimization iteration.
    Completing 10% with 1056 violations.
    elapsed time = 00:00:03, memory = 1177.96 (MB).
    Completing 20% with 1056 violations.
    elapsed time = 00:00:07, memory = 1155.96 (MB).
    Completing 30% with 926 violations.
    elapsed time = 00:00:11, memory = 1165.70 (MB).
    Completing 40% with 926 violations.
    elapsed time = 00:00:15, memory = 1165.77 (MB).
    Completing 50% with 926 violations.
    elapsed time = 00:00:19, memory = 1253.84 (MB).
    Completing 60% with 781 violations.
    elapsed time = 00:00:23, memory = 1195.52 (MB).
    Completing 70% with 781 violations.
    elapsed time = 00:00:28, memory = 1193.53 (MB).
    Completing 80% with 590 violations.
    elapsed time = 00:00:33, memory = 1227.54 (MB).
    Completing 90% with 590 violations.
    elapsed time = 00:00:36, memory = 1227.61 (MB).
    Completing 100% with 417 violations.
    elapsed time = 00:00:41, memory = 1222.45 (MB).
[INFO DRT-0199]   Number of violations = 417.
Viol/Layer        met4
Metal Spacing      176
Short              241
[INFO DRT-0267] cpu time = 00:00:55, elapsed time = 00:00:41, memory = 1219.98 (MB), peak = 1295.83 (MB)
Total wire length = 93170 um.
Total wire length on LAYER li1 = 0 um.
Total wire length on LAYER met1 = 0 um.
Total wire length on LAYER met2 = 0 um.
Total wire length on LAYER met3 = 0 um.
Total wire length on LAYER met4 = 91770 um.
Total wire length on LAYER met5 = 1400 um.
Total number of vias = 281.
Up-via summary (total 281):

----------------------
 FR_MASTERSLICE      0
            li1      0
           met1      0
           met2      0
           met3      0
           met4    281
----------------------
               281


[INFO DRT-0195] Start 4th optimization iteration.
    Completing 10% with 417 violations.
    elapsed time = 00:00:02, memory = 1212.41 (MB).
    Completing 20% with 417 violations.
    elapsed time = 00:00:05, memory = 1202.79 (MB).
    Completing 30% with 365 violations.
    elapsed time = 00:00:07, memory = 1152.79 (MB).
    Completing 40% with 365 violations.
    elapsed time = 00:00:10, memory = 1152.86 (MB).
    Completing 50% with 365 violations.
    elapsed time = 00:00:13, memory = 1153.16 (MB).
    Completing 60% with 339 violations.
    elapsed time = 00:00:16, memory = 1141.16 (MB).
    Completing 70% with 339 violations.
    elapsed time = 00:00:19, memory = 1141.16 (MB).
    Completing 80% with 303 violations.
    elapsed time = 00:00:22, memory = 1129.16 (MB).
    Completing 90% with 303 violations.
    elapsed time = 00:00:25, memory = 1129.16 (MB).
    Completing 100% with 249 violations.
    elapsed time = 00:00:28, memory = 1125.16 (MB).
[INFO DRT-0199]   Number of violations = 249.
Viol/Layer        met4
Metal Spacing       83
Short              166
[INFO DRT-0267] cpu time = 00:00:39, elapsed time = 00:00:28, memory = 1120.00 (MB), peak = 1295.83 (MB)
Total wire length = 93709 um.
Total wire length on LAYER li1 = 0 um.
Total wire length on LAYER met1 = 0 um.
Total wire length on LAYER met2 = 0 um.
Total wire length on LAYER met3 = 0 um.
Total wire length on LAYER met4 = 92105 um.
Total wire length on LAYER met5 = 1604 um.
Total number of vias = 347.
Up-via summary (total 347):

----------------------
 FR_MASTERSLICE      0
            li1      0
           met1      0
           met2      0
           met3      0
           met4    347
----------------------
               347


[INFO DRT-0195] Start 5th optimization iteration.
    Completing 10% with 249 violations.
    elapsed time = 00:00:02, memory = 1125.95 (MB).
    Completing 20% with 249 violations.
    elapsed time = 00:00:05, memory = 1126.02 (MB).
    Completing 30% with 230 violations.
    elapsed time = 00:00:06, memory = 1115.83 (MB).
    Completing 40% with 230 violations.
    elapsed time = 00:00:09, memory = 1115.84 (MB).
    Completing 50% with 230 violations.
    elapsed time = 00:00:12, memory = 1115.84 (MB).
    Completing 60% with 211 violations.
    elapsed time = 00:00:14, memory = 1113.84 (MB).
    Completing 70% with 211 violations.
    elapsed time = 00:00:16, memory = 1113.84 (MB).
    Completing 80% with 176 violations.
    elapsed time = 00:00:18, memory = 1111.84 (MB).
    Completing 90% with 176 violations.
    elapsed time = 00:00:20, memory = 1111.86 (MB).
    Completing 100% with 156 violations.
    elapsed time = 00:00:24, memory = 1105.86 (MB).
[INFO DRT-0199]   Number of violations = 156.
Viol/Layer        met4
Metal Spacing       32
Short              124
[INFO DRT-0267] cpu time = 00:00:33, elapsed time = 00:00:24, memory = 1105.00 (MB), peak = 1295.83 (MB)
Total wire length = 93923 um.
Total wire length on LAYER li1 = 0 um.
Total wire length on LAYER met1 = 0 um.
Total wire length on LAYER met2 = 0 um.
Total wire length on LAYER met3 = 0 um.
Total wire length on LAYER met4 = 92295 um.
Total wire length on LAYER met5 = 1627 um.
Total number of vias = 358.
Up-via summary (total 358):

----------------------
 FR_MASTERSLICE      0
            li1      0
           met1      0
           met2      0
           met3      0
           met4    358
----------------------
               358


[INFO DRT-0195] Start 6th optimization iteration.
    Completing 10% with 156 violations.
    elapsed time = 00:00:02, memory = 1109.80 (MB).
    Completing 20% with 156 violations.
    elapsed time = 00:00:06, memory = 1109.85 (MB).
    Completing 30% with 150 violations.
    elapsed time = 00:00:07, memory = 1101.86 (MB).
    Completing 40% with 150 violations.
    elapsed time = 00:00:09, memory = 1101.86 (MB).
    Completing 50% with 150 violations.
    elapsed time = 00:00:11, memory = 1101.86 (MB).
    Completing 60% with 139 violations.
    elapsed time = 00:00:14, memory = 1100.86 (MB).
    Completing 70% with 139 violations.
    elapsed time = 00:00:15, memory = 1100.86 (MB).
    Completing 80% with 126 violations.
    elapsed time = 00:00:17, memory = 1100.86 (MB).
    Completing 90% with 126 violations.
    elapsed time = 00:00:19, memory = 1100.86 (MB).
    Completing 100% with 108 violations.
    elapsed time = 00:00:21, memory = 1100.87 (MB).
[INFO DRT-0199]   Number of violations = 108.
Viol/Layer        met4
Metal Spacing       12
Short               96
[INFO DRT-0267] cpu time = 00:00:26, elapsed time = 00:00:22, memory = 1084.00 (MB), peak = 1295.83 (MB)
Total wire length = 94203 um.
Total wire length on LAYER li1 = 0 um.
Total wire length on LAYER met1 = 0 um.
Total wire length on LAYER met2 = 0 um.
Total wire length on LAYER met3 = 0 um.
Total wire length on LAYER met4 = 92458 um.
Total wire length on LAYER met5 = 1744 um.
Total number of vias = 392.
Up-via summary (total 392):

----------------------
 FR_MASTERSLICE      0
            li1      0
           met1      0
           met2      0
           met3      0
           met4    392
----------------------
               392


[INFO DRT-0195] Start 7th optimization iteration.
    Completing 10% with 108 violations.
    elapsed time = 00:00:01, memory = 1088.91 (MB).
    Completing 20% with 108 violations.
    elapsed time = 00:00:03, memory = 1088.91 (MB).
    Completing 30% with 102 violations.
    elapsed time = 00:00:06, memory = 1082.91 (MB).
    Completing 40% with 102 violations.
    elapsed time = 00:00:07, memory = 1082.91 (MB).
    Completing 50% with 102 violations.
    elapsed time = 00:00:10, memory = 1082.91 (MB).
    Completing 60% with 97 violations.
    elapsed time = 00:00:11, memory = 1082.91 (MB).
    Completing 70% with 97 violations.
    elapsed time = 00:00:11, memory = 1082.91 (MB).
    Completing 80% with 92 violations.
    elapsed time = 00:00:13, memory = 1080.94 (MB).
    Completing 90% with 92 violations.
    elapsed time = 00:00:15, memory = 1080.94 (MB).
    Completing 100% with 86 violations.
    elapsed time = 00:00:17, memory = 1080.94 (MB).
[INFO DRT-0199]   Number of violations = 86.
Viol/Layer        met4
Metal Spacing        6
Short               80
[INFO DRT-0267] cpu time = 00:00:21, elapsed time = 00:00:17, memory = 1078.00 (MB), peak = 1295.83 (MB)
Total wire length = 94245 um.
Total wire length on LAYER li1 = 0 um.
Total wire length on LAYER met1 = 0 um.
Total wire length on LAYER met2 = 0 um.
Total wire length on LAYER met3 = 0 um.
Total wire length on LAYER met4 = 92449 um.
Total wire length on LAYER met5 = 1795 um.
Total number of vias = 416.
Up-via summary (total 416):

----------------------
 FR_MASTERSLICE      0
            li1      0
           met1      0
           met2      0
           met3      0
           met4    416
----------------------
               416


[INFO DRT-0195] Start 8th guides tiles iteration.
    Completing 10% with 86 violations.
    elapsed time = 00:00:00, memory = 1078.43 (MB).
    Completing 20% with 86 violations.
    elapsed time = 00:00:02, memory = 1078.84 (MB).
    Completing 30% with 86 violations.
    elapsed time = 00:00:02, memory = 1079.00 (MB).
    Completing 40% with 86 violations.
    elapsed time = 00:00:03, memory = 1088.28 (MB).
    Completing 50% with 86 violations.
    elapsed time = 00:00:04, memory = 1088.28 (MB).
    Completing 60% with 86 violations.
    elapsed time = 00:00:05, memory = 1095.91 (MB).
    Completing 70% with 57 violations.
    elapsed time = 00:00:06, memory = 1082.05 (MB).
    Completing 80% with 57 violations.
    elapsed time = 00:00:07, memory = 1082.05 (MB).
    Completing 90% with 57 violations.
    elapsed time = 00:00:07, memory = 1082.05 (MB).
    Completing 100% with 44 violations.
    elapsed time = 00:00:08, memory = 1080.23 (MB).
[INFO DRT-0199]   Number of violations = 44.
Viol/Layer        met4
Metal Spacing        4
Short               40
[INFO DRT-0267] cpu time = 00:00:10, elapsed time = 00:00:08, memory = 1075.28 (MB), peak = 1295.83 (MB)
Total wire length = 94378 um.
Total wire length on LAYER li1 = 0 um.
Total wire length on LAYER met1 = 0 um.
Total wire length on LAYER met2 = 0 um.
Total wire length on LAYER met3 = 0 um.
Total wire length on LAYER met4 = 92311 um.
Total wire length on LAYER met5 = 2066 um.
Total number of vias = 503.
Up-via summary (total 503):

----------------------
 FR_MASTERSLICE      0
            li1      0
           met1      0
           met2      0
           met3      0
           met4    503
----------------------
               503


[INFO DRT-0195] Start 9th guides tiles iteration.
    Completing 10% with 44 violations.
    elapsed time = 00:00:00, memory = 1075.28 (MB).
    Completing 20% with 44 violations.
    elapsed time = 00:00:01, memory = 1075.28 (MB).
    Completing 30% with 44 violations.
    elapsed time = 00:00:01, memory = 1075.28 (MB).
    Completing 40% with 44 violations.
    elapsed time = 00:00:01, memory = 1075.28 (MB).
    Completing 50% with 44 violations.
    elapsed time = 00:00:01, memory = 1075.28 (MB).
    Completing 60% with 44 violations.
    elapsed time = 00:00:02, memory = 1075.31 (MB).
    Completing 70% with 44 violations.
    elapsed time = 00:00:02, memory = 1075.31 (MB).
    Completing 80% with 40 violations.
    elapsed time = 00:00:03, memory = 1073.31 (MB).
    Completing 90% with 40 violations.
    elapsed time = 00:00:03, memory = 1073.31 (MB).
    Completing 100% with 36 violations.
    elapsed time = 00:00:03, memory = 1069.31 (MB).
[INFO DRT-0199]   Number of violations = 36.
Viol/Layer        met4
Metal Spacing        3
Short               33
[INFO DRT-0267] cpu time = 00:00:04, elapsed time = 00:00:03, memory = 1065.28 (MB), peak = 1295.83 (MB)
Total wire length = 94378 um.
Total wire length on LAYER li1 = 0 um.
Total wire length on LAYER met1 = 0 um.
Total wire length on LAYER met2 = 0 um.
Total wire length on LAYER met3 = 0 um.
Total wire length on LAYER met4 = 92269 um.
Total wire length on LAYER met5 = 2109 um.
Total number of vias = 513.
Up-via summary (total 513):

----------------------
 FR_MASTERSLICE      0
            li1      0
           met1      0
           met2      0
           met3      0
           met4    513
----------------------
               513


[INFO DRT-0195] Start 10th guides tiles iteration.
    Completing 10% with 36 violations.
    elapsed time = 00:00:00, memory = 1065.28 (MB).
    Completing 20% with 36 violations.
    elapsed time = 00:00:00, memory = 1065.46 (MB).
    Completing 30% with 36 violations.
    elapsed time = 00:00:00, memory = 1065.46 (MB).
    Completing 40% with 36 violations.
    elapsed time = 00:00:01, memory = 1065.50 (MB).
    Completing 50% with 36 violations.
    elapsed time = 00:00:01, memory = 1065.87 (MB).
    Completing 60% with 36 violations.
    elapsed time = 00:00:01, memory = 1066.27 (MB).
    Completing 70% with 36 violations.
    elapsed time = 00:00:02, memory = 1070.19 (MB).
    Completing 80% with 36 violations.
    elapsed time = 00:00:02, memory = 1065.75 (MB).
    Completing 90% with 16 violations.
    elapsed time = 00:00:02, memory = 1064.45 (MB).
    Completing 100% with 12 violations.
    elapsed time = 00:00:03, memory = 1064.45 (MB).
[INFO DRT-0199]   Number of violations = 12.
Viol/Layer        met4
Short               12
[INFO DRT-0267] cpu time = 00:00:03, elapsed time = 00:00:03, memory = 1064.29 (MB), peak = 1295.83 (MB)
Total wire length = 94331 um.
Total wire length on LAYER li1 = 0 um.
Total wire length on LAYER met1 = 0 um.
Total wire length on LAYER met2 = 0 um.
Total wire length on LAYER met3 = 0 um.
Total wire length on LAYER met4 = 92113 um.
Total wire length on LAYER met5 = 2218 um.
Total number of vias = 551.
Up-via summary (total 551):

----------------------
 FR_MASTERSLICE      0
            li1      0
           met1      0
           met2      0
           met3      0
           met4    551
----------------------
               551


[INFO DRT-0195] Start 11th guides tiles iteration.
    Completing 10% with 12 violations.
    elapsed time = 00:00:00, memory = 1064.29 (MB).
    Completing 20% with 12 violations.
    elapsed time = 00:00:00, memory = 1064.46 (MB).
    Completing 30% with 12 violations.
    elapsed time = 00:00:00, memory = 1064.46 (MB).
    Completing 50% with 12 violations.
    elapsed time = 00:00:00, memory = 1064.46 (MB).
    Completing 60% with 12 violations.
    elapsed time = 00:00:00, memory = 1064.46 (MB).
    Completing 70% with 12 violations.
    elapsed time = 00:00:00, memory = 1065.46 (MB).
    Completing 80% with 12 violations.
    elapsed time = 00:00:01, memory = 1065.46 (MB).
    Completing 100% with 10 violations.
    elapsed time = 00:00:01, memory = 1065.46 (MB).
[INFO DRT-0199]   Number of violations = 10.
Viol/Layer        met4
Short               10
[INFO DRT-0267] cpu time = 00:00:01, elapsed time = 00:00:01, memory = 1084.46 (MB), peak = 1295.83 (MB)
Total wire length = 94355 um.
Total wire length on LAYER li1 = 0 um.
Total wire length on LAYER met1 = 0 um.
Total wire length on LAYER met2 = 0 um.
Total wire length on LAYER met3 = 0 um.
Total wire length on LAYER met4 = 92120 um.
Total wire length on LAYER met5 = 2234 um.
Total number of vias = 555.
Up-via summary (total 555):

----------------------
 FR_MASTERSLICE      0
            li1      0
           met1      0
           met2      0
           met3      0
           met4    555
----------------------
               555


[INFO DRT-0195] Start 12th guides tiles iteration.
    Completing 10% with 10 violations.
    elapsed time = 00:00:00, memory = 1084.46 (MB).
    Completing 30% with 10 violations.
    elapsed time = 00:00:00, memory = 1084.64 (MB).
    Completing 50% with 10 violations.
    elapsed time = 00:00:01, memory = 1084.64 (MB).
    Completing 60% with 10 violations.
    elapsed time = 00:00:01, memory = 1084.64 (MB).
    Completing 80% with 10 violations.
    elapsed time = 00:00:01, memory = 1084.87 (MB).
    Completing 100% with 10 violations.
    elapsed time = 00:00:01, memory = 1084.87 (MB).
[INFO DRT-0199]   Number of violations = 10.
Viol/Layer        met4
Short               10
[INFO DRT-0267] cpu time = 00:00:01, elapsed time = 00:00:01, memory = 1084.64 (MB), peak = 1295.83 (MB)
Total wire length = 94355 um.
Total wire length on LAYER li1 = 0 um.
Total wire length on LAYER met1 = 0 um.
Total wire length on LAYER met2 = 0 um.
Total wire length on LAYER met3 = 0 um.
Total wire length on LAYER met4 = 92120 um.
Total wire length on LAYER met5 = 2234 um.
Total number of vias = 555.
Up-via summary (total 555):

----------------------
 FR_MASTERSLICE      0
            li1      0
           met1      0
           met2      0
           met3      0
           met4    555
----------------------
               555


[INFO DRT-0195] Start 13th stubborn tiles iteration.
    Completing 10% with 10 violations.
    elapsed time = 00:00:06, memory = 1077.61 (MB).
    Completing 20% with 10 violations.
    elapsed time = 00:00:12, memory = 1583.40 (MB).
    Completing 30% with 10 violations.
    elapsed time = 00:00:18, memory = 2199.18 (MB).
    Completing 40% with 10 violations.
    elapsed time = 00:00:25, memory = 2815.97 (MB).
    Completing 50% with 10 violations.
    elapsed time = 00:00:34, memory = 3443.06 (MB).
    Completing 60% with 10 violations.
    elapsed time = 00:00:43, memory = 4047.48 (MB).
    Completing 70% with 10 violations.
    elapsed time = 00:00:54, memory = 4652.05 (MB).
    Completing 80% with 2 violations.
    elapsed time = 00:01:05, memory = 2033.45 (MB).
    Completing 90% with 2 violations.
    elapsed time = 00:01:12, memory = 2033.71 (MB).
    Completing 100% with 0 violations.
    elapsed time = 00:01:20, memory = 1952.04 (MB).
[INFO DRT-0199]   Number of violations = 0.
[INFO DRT-0267] cpu time = 00:01:45, elapsed time = 00:01:20, memory = 1968.02 (MB), peak = 4948.28 (MB)
Total wire length = 94383 um.
Total wire length on LAYER li1 = 0 um.
Total wire length on LAYER met1 = 0 um.
Total wire length on LAYER met2 = 0 um.
Total wire length on LAYER met3 = 0 um.
Total wire length on LAYER met4 = 92102 um.
Total wire length on LAYER met5 = 2280 um.
Total number of vias = 575.
Up-via summary (total 575):

----------------------
 FR_MASTERSLICE      0
            li1      0
           met1      0
           met2      0
           met3      0
           met4    575
----------------------
               575


[INFO DRT-0198] Complete detail routing.
Total wire length = 94383 um.
Total wire length on LAYER li1 = 0 um.
Total wire length on LAYER met1 = 0 um.
Total wire length on LAYER met2 = 0 um.
Total wire length on LAYER met3 = 0 um.
Total wire length on LAYER met4 = 92102 um.
Total wire length on LAYER met5 = 2280 um.
Total number of vias = 575.
Up-via summary (total 575):

----------------------
 FR_MASTERSLICE      0
            li1      0
           met1      0
           met2      0
           met3      0
           met4    575
----------------------
               575


[INFO DRT-0267] cpu time = 00:07:39, elapsed time = 00:06:03, memory = 1968.14 (MB), peak = 4948.28 (MB)

[INFO DRT-0180] Post processing.
[INFO DRT-0501] Runtime: 367.72s
G2_RESULT drc=0
[INFO ANT-0002] Found 0 net violations.
[INFO ANT-0001] Found 0 pin violations.
