
 /----------------------------------------------------------------------------\
 |  yosys -- Yosys Open SYnthesis Suite                                       |
 |  Copyright (C) 2012 - 2026  Claire Xenia Wolf <claire@yosyshq.com>         |
 |  Distributed under an ISC-like license, type "license" to see terms        |
 \----------------------------------------------------------------------------/
 Yosys 0.68 (git sha1 38e001a6f, Release, GNU /usr/local/bin/wrapped-cc/g++ 11.4.0)

-- Running command `read_verilog STREE_L22.v; synth -flatten -top STREE_L22; dfflibmap -liberty /OpenROAD-flow-scripts/flow/platforms/sky130hd/lib/sky130_fd_sc_hd__tt_025C_1v80.lib -dont_use sky130_fd_sc_hd__probe_p_8 -dont_use sky130_fd_sc_hd__probec_p_8 -dont_use sky130_fd_sc_hd__lpflow_bleeder_1 -dont_use sky130_fd_sc_hd__lpflow_clkbufkapwr_1 -dont_use sky130_fd_sc_hd__lpflow_clkbufkapwr_16 -dont_use sky130_fd_sc_hd__lpflow_clkbufkapwr_2 -dont_use sky130_fd_sc_hd__lpflow_clkbufkapwr_4 -dont_use sky130_fd_sc_hd__lpflow_clkbufkapwr_8 -dont_use sky130_fd_sc_hd__lpflow_clkinvkapwr_1 -dont_use sky130_fd_sc_hd__lpflow_clkinvkapwr_16 -dont_use sky130_fd_sc_hd__lpflow_clkinvkapwr_2 -dont_use sky130_fd_sc_hd__lpflow_clkinvkapwr_4 -dont_use sky130_fd_sc_hd__lpflow_clkinvkapwr_8 -dont_use sky130_fd_sc_hd__lpflow_decapkapwr_12 -dont_use sky130_fd_sc_hd__lpflow_decapkapwr_3 -dont_use sky130_fd_sc_hd__lpflow_decapkapwr_4 -dont_use sky130_fd_sc_hd__lpflow_decapkapwr_6 -dont_use sky130_fd_sc_hd__lpflow_decapkapwr_8 -dont_use sky130_fd_sc_hd__lpflow_inputiso0n_1 -dont_use sky130_fd_sc_hd__lpflow_inputiso0p_1 -dont_use sky130_fd_sc_hd__lpflow_inputiso1n_1 -dont_use sky130_fd_sc_hd__lpflow_inputiso1p_1 -dont_use sky130_fd_sc_hd__lpflow_inputisolatch_1 -dont_use sky130_fd_sc_hd__lpflow_isobufsrc_1 -dont_use sky130_fd_sc_hd__lpflow_isobufsrc_16 -dont_use sky130_fd_sc_hd__lpflow_isobufsrc_2 -dont_use sky130_fd_sc_hd__lpflow_isobufsrc_4 -dont_use sky130_fd_sc_hd__lpflow_isobufsrc_8 -dont_use sky130_fd_sc_hd__lpflow_isobufsrckapwr_16 -dont_use sky130_fd_sc_hd__lpflow_lsbuf_lh_hl_isowell_tap_1 -dont_use sky130_fd_sc_hd__lpflow_lsbuf_lh_hl_isowell_tap_2 -dont_use sky130_fd_sc_hd__lpflow_lsbuf_lh_hl_isowell_tap_4 -dont_use sky130_fd_sc_hd__lpflow_lsbuf_lh_isowell_4 -dont_use sky130_fd_sc_hd__lpflow_lsbuf_lh_isowell_tap_1 -dont_use sky130_fd_sc_hd__lpflow_lsbuf_lh_isowell_tap_2 -dont_use sky130_fd_sc_hd__lpflow_lsbuf_lh_isowell_tap_4 -dont_use sky130_fd_sc_hd__fill_1 -dont_use sky130_fd_sc_hd__fill_2 -dont_use sky130_fd_sc_hd__fill_4 -dont_use sky130_fd_sc_hd__fill_8; abc -liberty /OpenROAD-flow-scripts/flow/platforms/sky130hd/lib/sky130_fd_sc_hd__tt_025C_1v80.lib -dont_use sky130_fd_sc_hd__probe_p_8 -dont_use sky130_fd_sc_hd__probec_p_8 -dont_use sky130_fd_sc_hd__lpflow_bleeder_1 -dont_use sky130_fd_sc_hd__lpflow_clkbufkapwr_1 -dont_use sky130_fd_sc_hd__lpflow_clkbufkapwr_16 -dont_use sky130_fd_sc_hd__lpflow_clkbufkapwr_2 -dont_use sky130_fd_sc_hd__lpflow_clkbufkapwr_4 -dont_use sky130_fd_sc_hd__lpflow_clkbufkapwr_8 -dont_use sky130_fd_sc_hd__lpflow_clkinvkapwr_1 -dont_use sky130_fd_sc_hd__lpflow_clkinvkapwr_16 -dont_use sky130_fd_sc_hd__lpflow_clkinvkapwr_2 -dont_use sky130_fd_sc_hd__lpflow_clkinvkapwr_4 -dont_use sky130_fd_sc_hd__lpflow_clkinvkapwr_8 -dont_use sky130_fd_sc_hd__lpflow_decapkapwr_12 -dont_use sky130_fd_sc_hd__lpflow_decapkapwr_3 -dont_use sky130_fd_sc_hd__lpflow_decapkapwr_4 -dont_use sky130_fd_sc_hd__lpflow_decapkapwr_6 -dont_use sky130_fd_sc_hd__lpflow_decapkapwr_8 -dont_use sky130_fd_sc_hd__lpflow_inputiso0n_1 -dont_use sky130_fd_sc_hd__lpflow_inputiso0p_1 -dont_use sky130_fd_sc_hd__lpflow_inputiso1n_1 -dont_use sky130_fd_sc_hd__lpflow_inputiso1p_1 -dont_use sky130_fd_sc_hd__lpflow_inputisolatch_1 -dont_use sky130_fd_sc_hd__lpflow_isobufsrc_1 -dont_use sky130_fd_sc_hd__lpflow_isobufsrc_16 -dont_use sky130_fd_sc_hd__lpflow_isobufsrc_2 -dont_use sky130_fd_sc_hd__lpflow_isobufsrc_4 -dont_use sky130_fd_sc_hd__lpflow_isobufsrc_8 -dont_use sky130_fd_sc_hd__lpflow_isobufsrckapwr_16 -dont_use sky130_fd_sc_hd__lpflow_lsbuf_lh_hl_isowell_tap_1 -dont_use sky130_fd_sc_hd__lpflow_lsbuf_lh_hl_isowell_tap_2 -dont_use sky130_fd_sc_hd__lpflow_lsbuf_lh_hl_isowell_tap_4 -dont_use sky130_fd_sc_hd__lpflow_lsbuf_lh_isowell_4 -dont_use sky130_fd_sc_hd__lpflow_lsbuf_lh_isowell_tap_1 -dont_use sky130_fd_sc_hd__lpflow_lsbuf_lh_isowell_tap_2 -dont_use sky130_fd_sc_hd__lpflow_lsbuf_lh_isowell_tap_4 -dont_use sky130_fd_sc_hd__fill_1 -dont_use sky130_fd_sc_hd__fill_2 -dont_use sky130_fd_sc_hd__fill_4 -dont_use sky130_fd_sc_hd__fill_8; opt_clean; hilomap -singleton -hicell sky130_fd_sc_hd__conb_1 HI -locell sky130_fd_sc_hd__conb_1 LO; opt_clean -purge; write_verilog -noattr -noexpr -nohex -nodec STREE_L22_gl_raw.v' --

1. Executing Verilog-2005 frontend: STREE_L22.v
Parsing Verilog input from `STREE_L22.v' to AST representation.
Generating RTLIL representation for module `\STREE_L22'.
Successfully finished Verilog frontend.

2. Executing SYNTH pass.

2.1. Executing HIERARCHY pass (managing design hierarchy).

2.1.1. Analyzing design hierarchy..
Top module:  \STREE_L22

2.1.2. Analyzing design hierarchy..
Top module:  \STREE_L22
Removed 0 unused modules.

2.2. Executing PROC pass (convert processes to netlists).

2.2.1. Executing PROC_CLEAN pass (remove empty switches from decision trees).
Cleaned up 0 empty switches.

2.2.2. Executing PROC_RMDEAD pass (remove dead branches from decision trees).
Removed a total of 0 dead cases.

2.2.3. Executing PROC_PRUNE pass (remove redundant assignments in processes).
Removed 0 redundant assignments.
Promoted 48 assignments to connections.

2.2.4. Executing PROC_INIT pass (extract init attributes).

2.2.5. Executing PROC_ARST pass (detect async resets in processes).

2.2.6. Executing PROC_ROM pass (convert switches to ROMs).
Converted 0 switches.

2.2.7. Executing PROC_MUX pass (convert decision trees to multiplexers).
Creating decoders for process `\STREE_L22.$proc$STREE_L22.v:49$188'.
Creating decoders for process `\STREE_L22.$proc$STREE_L22.v:47$186'.
Creating decoders for process `\STREE_L22.$proc$STREE_L22.v:46$185'.
Creating decoders for process `\STREE_L22.$proc$STREE_L22.v:45$177'.
Creating decoders for process `\STREE_L22.$proc$STREE_L22.v:43$175'.
Creating decoders for process `\STREE_L22.$proc$STREE_L22.v:42$167'.
Creating decoders for process `\STREE_L22.$proc$STREE_L22.v:40$158'.
Creating decoders for process `\STREE_L22.$proc$STREE_L22.v:38$149'.
Creating decoders for process `\STREE_L22.$proc$STREE_L22.v:36$147'.
Creating decoders for process `\STREE_L22.$proc$STREE_L22.v:35$146'.
Creating decoders for process `\STREE_L22.$proc$STREE_L22.v:34$138'.
Creating decoders for process `\STREE_L22.$proc$STREE_L22.v:32$129'.
Creating decoders for process `\STREE_L22.$proc$STREE_L22.v:30$120'.
Creating decoders for process `\STREE_L22.$proc$STREE_L22.v:28$111'.
Creating decoders for process `\STREE_L22.$proc$STREE_L22.v:26$102'.
Creating decoders for process `\STREE_L22.$proc$STREE_L22.v:24$100'.
Creating decoders for process `\STREE_L22.$proc$STREE_L22.v:23$92'.
Creating decoders for process `\STREE_L22.$proc$STREE_L22.v:21$83'.
Creating decoders for process `\STREE_L22.$proc$STREE_L22.v:19$74'.
Creating decoders for process `\STREE_L22.$proc$STREE_L22.v:17$65'.
Creating decoders for process `\STREE_L22.$proc$STREE_L22.v:15$56'.
Creating decoders for process `\STREE_L22.$proc$STREE_L22.v:13$47'.
Creating decoders for process `\STREE_L22.$proc$STREE_L22.v:11$38'.
Creating decoders for process `\STREE_L22.$proc$STREE_L22.v:9$29'.
Creating decoders for process `\STREE_L22.$proc$STREE_L22.v:7$20'.
Creating decoders for process `\STREE_L22.$proc$STREE_L22.v:5$11'.
Creating decoders for process `\STREE_L22.$proc$STREE_L22.v:3$2'.

2.2.8. Executing PROC_DLATCH pass (convert process syncs to latches).

2.2.9. Executing PROC_DFF pass (convert process syncs to FFs).
Creating register for signal `\STREE_L22.\s22' using process `\STREE_L22.$proc$STREE_L22.v:49$188'.
  created $dff cell `$procdff$196' with positive edge clock.
Creating register for signal `\STREE_L22.\c22' using process `\STREE_L22.$proc$STREE_L22.v:49$188'.
  created $dff cell `$procdff$197' with positive edge clock.
Creating register for signal `\STREE_L22.\st5' using process `\STREE_L22.$proc$STREE_L22.v:47$186'.
  created $dff cell `$procdff$198' with positive edge clock.
Creating register for signal `\STREE_L22.\d21' using process `\STREE_L22.$proc$STREE_L22.v:46$185'.
  created $dff cell `$procdff$199' with positive edge clock.
Creating register for signal `\STREE_L22.\s20' using process `\STREE_L22.$proc$STREE_L22.v:45$177'.
  created $dff cell `$procdff$200' with positive edge clock.
Creating register for signal `\STREE_L22.\c20' using process `\STREE_L22.$proc$STREE_L22.v:45$177'.
  created $dff cell `$procdff$201' with positive edge clock.
Creating register for signal `\STREE_L22.\st4' using process `\STREE_L22.$proc$STREE_L22.v:43$175'.
  created $dff cell `$procdff$202' with positive edge clock.
Creating register for signal `\STREE_L22.\s19' using process `\STREE_L22.$proc$STREE_L22.v:42$167'.
  created $dff cell `$procdff$203' with positive edge clock.
Creating register for signal `\STREE_L22.\c19' using process `\STREE_L22.$proc$STREE_L22.v:42$167'.
  created $dff cell `$procdff$204' with positive edge clock.
Creating register for signal `\STREE_L22.\s18' using process `\STREE_L22.$proc$STREE_L22.v:40$158'.
  created $dff cell `$procdff$205' with positive edge clock.
Creating register for signal `\STREE_L22.\c18' using process `\STREE_L22.$proc$STREE_L22.v:40$158'.
  created $dff cell `$procdff$206' with positive edge clock.
Creating register for signal `\STREE_L22.\s17' using process `\STREE_L22.$proc$STREE_L22.v:38$149'.
  created $dff cell `$procdff$207' with positive edge clock.
Creating register for signal `\STREE_L22.\c17' using process `\STREE_L22.$proc$STREE_L22.v:38$149'.
  created $dff cell `$procdff$208' with positive edge clock.
Creating register for signal `\STREE_L22.\st3' using process `\STREE_L22.$proc$STREE_L22.v:36$147'.
  created $dff cell `$procdff$209' with positive edge clock.
Creating register for signal `\STREE_L22.\d16' using process `\STREE_L22.$proc$STREE_L22.v:35$146'.
  created $dff cell `$procdff$210' with positive edge clock.
Creating register for signal `\STREE_L22.\s15' using process `\STREE_L22.$proc$STREE_L22.v:34$138'.
  created $dff cell `$procdff$211' with positive edge clock.
Creating register for signal `\STREE_L22.\c15' using process `\STREE_L22.$proc$STREE_L22.v:34$138'.
  created $dff cell `$procdff$212' with positive edge clock.
Creating register for signal `\STREE_L22.\s14' using process `\STREE_L22.$proc$STREE_L22.v:32$129'.
  created $dff cell `$procdff$213' with positive edge clock.
Creating register for signal `\STREE_L22.\c14' using process `\STREE_L22.$proc$STREE_L22.v:32$129'.
  created $dff cell `$procdff$214' with positive edge clock.
Creating register for signal `\STREE_L22.\s13' using process `\STREE_L22.$proc$STREE_L22.v:30$120'.
  created $dff cell `$procdff$215' with positive edge clock.
Creating register for signal `\STREE_L22.\c13' using process `\STREE_L22.$proc$STREE_L22.v:30$120'.
  created $dff cell `$procdff$216' with positive edge clock.
Creating register for signal `\STREE_L22.\s12' using process `\STREE_L22.$proc$STREE_L22.v:28$111'.
  created $dff cell `$procdff$217' with positive edge clock.
Creating register for signal `\STREE_L22.\c12' using process `\STREE_L22.$proc$STREE_L22.v:28$111'.
  created $dff cell `$procdff$218' with positive edge clock.
Creating register for signal `\STREE_L22.\s11' using process `\STREE_L22.$proc$STREE_L22.v:26$102'.
  created $dff cell `$procdff$219' with positive edge clock.
Creating register for signal `\STREE_L22.\c11' using process `\STREE_L22.$proc$STREE_L22.v:26$102'.
  created $dff cell `$procdff$220' with positive edge clock.
Creating register for signal `\STREE_L22.\st2' using process `\STREE_L22.$proc$STREE_L22.v:24$100'.
  created $dff cell `$procdff$221' with positive edge clock.
Creating register for signal `\STREE_L22.\s10' using process `\STREE_L22.$proc$STREE_L22.v:23$92'.
  created $dff cell `$procdff$222' with positive edge clock.
Creating register for signal `\STREE_L22.\c10' using process `\STREE_L22.$proc$STREE_L22.v:23$92'.
  created $dff cell `$procdff$223' with positive edge clock.
Creating register for signal `\STREE_L22.\s9' using process `\STREE_L22.$proc$STREE_L22.v:21$83'.
  created $dff cell `$procdff$224' with positive edge clock.
Creating register for signal `\STREE_L22.\c9' using process `\STREE_L22.$proc$STREE_L22.v:21$83'.
  created $dff cell `$procdff$225' with positive edge clock.
Creating register for signal `\STREE_L22.\s8' using process `\STREE_L22.$proc$STREE_L22.v:19$74'.
  created $dff cell `$procdff$226' with positive edge clock.
Creating register for signal `\STREE_L22.\c8' using process `\STREE_L22.$proc$STREE_L22.v:19$74'.
  created $dff cell `$procdff$227' with positive edge clock.
Creating register for signal `\STREE_L22.\s7' using process `\STREE_L22.$proc$STREE_L22.v:17$65'.
  created $dff cell `$procdff$228' with positive edge clock.
Creating register for signal `\STREE_L22.\c7' using process `\STREE_L22.$proc$STREE_L22.v:17$65'.
  created $dff cell `$procdff$229' with positive edge clock.
Creating register for signal `\STREE_L22.\s6' using process `\STREE_L22.$proc$STREE_L22.v:15$56'.
  created $dff cell `$procdff$230' with positive edge clock.
Creating register for signal `\STREE_L22.\c6' using process `\STREE_L22.$proc$STREE_L22.v:15$56'.
  created $dff cell `$procdff$231' with positive edge clock.
Creating register for signal `\STREE_L22.\s5' using process `\STREE_L22.$proc$STREE_L22.v:13$47'.
  created $dff cell `$procdff$232' with positive edge clock.
Creating register for signal `\STREE_L22.\c5' using process `\STREE_L22.$proc$STREE_L22.v:13$47'.
  created $dff cell `$procdff$233' with positive edge clock.
Creating register for signal `\STREE_L22.\s4' using process `\STREE_L22.$proc$STREE_L22.v:11$38'.
  created $dff cell `$procdff$234' with positive edge clock.
Creating register for signal `\STREE_L22.\c4' using process `\STREE_L22.$proc$STREE_L22.v:11$38'.
  created $dff cell `$procdff$235' with positive edge clock.
Creating register for signal `\STREE_L22.\s3' using process `\STREE_L22.$proc$STREE_L22.v:9$29'.
  created $dff cell `$procdff$236' with positive edge clock.
Creating register for signal `\STREE_L22.\c3' using process `\STREE_L22.$proc$STREE_L22.v:9$29'.
  created $dff cell `$procdff$237' with positive edge clock.
Creating register for signal `\STREE_L22.\s2' using process `\STREE_L22.$proc$STREE_L22.v:7$20'.
  created $dff cell `$procdff$238' with positive edge clock.
Creating register for signal `\STREE_L22.\c2' using process `\STREE_L22.$proc$STREE_L22.v:7$20'.
  created $dff cell `$procdff$239' with positive edge clock.
Creating register for signal `\STREE_L22.\s1' using process `\STREE_L22.$proc$STREE_L22.v:5$11'.
  created $dff cell `$procdff$240' with positive edge clock.
Creating register for signal `\STREE_L22.\c1' using process `\STREE_L22.$proc$STREE_L22.v:5$11'.
  created $dff cell `$procdff$241' with positive edge clock.
Creating register for signal `\STREE_L22.\s0' using process `\STREE_L22.$proc$STREE_L22.v:3$2'.
  created $dff cell `$procdff$242' with positive edge clock.
Creating register for signal `\STREE_L22.\c0' using process `\STREE_L22.$proc$STREE_L22.v:3$2'.
  created $dff cell `$procdff$243' with positive edge clock.

2.2.10. Executing PROC_MEMWR pass (convert process memory writes to cells).

2.2.11. Executing PROC_CLEAN pass (remove empty switches from decision trees).
Removing empty process `STREE_L22.$proc$STREE_L22.v:49$188'.
Removing empty process `STREE_L22.$proc$STREE_L22.v:47$186'.
Removing empty process `STREE_L22.$proc$STREE_L22.v:46$185'.
Removing empty process `STREE_L22.$proc$STREE_L22.v:45$177'.
Removing empty process `STREE_L22.$proc$STREE_L22.v:43$175'.
Removing empty process `STREE_L22.$proc$STREE_L22.v:42$167'.
Removing empty process `STREE_L22.$proc$STREE_L22.v:40$158'.
Removing empty process `STREE_L22.$proc$STREE_L22.v:38$149'.
Removing empty process `STREE_L22.$proc$STREE_L22.v:36$147'.
Removing empty process `STREE_L22.$proc$STREE_L22.v:35$146'.
Removing empty process `STREE_L22.$proc$STREE_L22.v:34$138'.
Removing empty process `STREE_L22.$proc$STREE_L22.v:32$129'.
Removing empty process `STREE_L22.$proc$STREE_L22.v:30$120'.
Removing empty process `STREE_L22.$proc$STREE_L22.v:28$111'.
Removing empty process `STREE_L22.$proc$STREE_L22.v:26$102'.
Removing empty process `STREE_L22.$proc$STREE_L22.v:24$100'.
Removing empty process `STREE_L22.$proc$STREE_L22.v:23$92'.
Removing empty process `STREE_L22.$proc$STREE_L22.v:21$83'.
Removing empty process `STREE_L22.$proc$STREE_L22.v:19$74'.
Removing empty process `STREE_L22.$proc$STREE_L22.v:17$65'.
Removing empty process `STREE_L22.$proc$STREE_L22.v:15$56'.
Removing empty process `STREE_L22.$proc$STREE_L22.v:13$47'.
Removing empty process `STREE_L22.$proc$STREE_L22.v:11$38'.
Removing empty process `STREE_L22.$proc$STREE_L22.v:9$29'.
Removing empty process `STREE_L22.$proc$STREE_L22.v:7$20'.
Removing empty process `STREE_L22.$proc$STREE_L22.v:5$11'.
Removing empty process `STREE_L22.$proc$STREE_L22.v:3$2'.
Cleaned up 0 empty switches.

2.2.12. Executing OPT_EXPR pass (perform const folding).
Optimizing module STREE_L22.

2.3. Executing CHECK pass (checking for obvious problems).
Checking module STREE_L22...
Found and reported 0 problems.

2.4. Executing FLATTEN pass (flatten design).

2.5. Executing OPT_EXPR pass (perform const folding).
Optimizing module STREE_L22.

2.6. Executing OPT_CLEAN pass (remove unused cells and wires).
Finding unused cells or wires in module \STREE_L22..
Removed 0 unused cells and 69 unused wires.
<suppressed ~1 debug messages>

2.7. Executing CHECK pass (checking for obvious problems).
Checking module STREE_L22...
Found and reported 0 problems.

2.8. Executing OPT pass (performing simple optimizations).

2.8.1. Executing OPT_EXPR pass (perform const folding).
Optimizing module STREE_L22.

2.8.2. Executing OPT_MERGE pass (detect identical cells).
Finding identical cells in module `\STREE_L22'.
Computing hashes of 216 cells of `\STREE_L22'.
Finding duplicate cells in `\STREE_L22'.
Removed a total of 0 cells.

2.8.3. Executing OPT_MUXTREE pass (detect dead branches in mux trees).
Running muxtree optimizer on module \STREE_L22..
  Creating internal representation of mux trees.
  Evaluating internal representation of mux trees.
  Analyzing evaluation results.
Removed 0 multiplexer ports.
<suppressed ~42 debug messages>

2.8.4. Executing OPT_REDUCE pass (consolidate $*mux and $reduce_* inputs).
  Optimizing cells in module \STREE_L22.
Performed a total of 0 changes.

2.8.5. Executing OPT_MERGE pass (detect identical cells).
Finding identical cells in module `\STREE_L22'.
Computing hashes of 216 cells of `\STREE_L22'.
Finding duplicate cells in `\STREE_L22'.
Removed a total of 0 cells.

2.8.6. Executing OPT_DFF pass (perform DFF optimizations).

2.8.7. Executing OPT_CLEAN pass (remove unused cells and wires).
Finding unused cells or wires in module \STREE_L22..

2.8.8. Executing OPT_EXPR pass (perform const folding).
Optimizing module STREE_L22.

2.8.9. Finished fast OPT passes. (There is nothing left to do.)

2.9. Executing FSM pass (extract and optimize FSM).

2.9.1. Executing FSM_DETECT pass (finding FSMs in design).

2.9.2. Executing FSM_EXTRACT pass (extracting FSM from design).

2.9.3. Executing FSM_OPT pass (simple optimizations of FSMs).

2.9.4. Executing OPT_CLEAN pass (remove unused cells and wires).
Finding unused cells or wires in module \STREE_L22..

2.9.5. Executing FSM_OPT pass (simple optimizations of FSMs).

2.9.6. Executing FSM_RECODE pass (re-assigning FSM state encoding).

2.9.7. Executing FSM_INFO pass (dumping all available information on FSM cells).

2.9.8. Executing FSM_MAP pass (mapping FSMs to basic logic).

2.10. Executing OPT pass (performing simple optimizations).

2.10.1. Executing OPT_EXPR pass (perform const folding).
Optimizing module STREE_L22.

2.10.2. Executing OPT_MERGE pass (detect identical cells).
Finding identical cells in module `\STREE_L22'.
Computing hashes of 216 cells of `\STREE_L22'.
Finding duplicate cells in `\STREE_L22'.
Removed a total of 0 cells.

2.10.3. Executing OPT_MUXTREE pass (detect dead branches in mux trees).
Running muxtree optimizer on module \STREE_L22..
  Creating internal representation of mux trees.
  Evaluating internal representation of mux trees.
  Analyzing evaluation results.
Removed 0 multiplexer ports.
<suppressed ~42 debug messages>

2.10.4. Executing OPT_REDUCE pass (consolidate $*mux and $reduce_* inputs).
  Optimizing cells in module \STREE_L22.
Performed a total of 0 changes.

2.10.5. Executing OPT_MERGE pass (detect identical cells).
Finding identical cells in module `\STREE_L22'.
Computing hashes of 216 cells of `\STREE_L22'.
Finding duplicate cells in `\STREE_L22'.
Removed a total of 0 cells.

2.10.6. Executing OPT_DFF pass (perform DFF optimizations).

2.10.7. Executing OPT_CLEAN pass (remove unused cells and wires).
Finding unused cells or wires in module \STREE_L22..

2.10.8. Executing OPT_EXPR pass (perform const folding).
Optimizing module STREE_L22.

2.10.9. Finished fast OPT passes. (There is nothing left to do.)

2.11. Executing WREDUCE pass (reducing word size of cells).

2.12. Executing PEEPOPT pass (run peephole optimizers).

2.13. Executing OPT_CLEAN pass (remove unused cells and wires).
Finding unused cells or wires in module \STREE_L22..

2.14. Executing ALUMACC pass (create $alu and $macc cells).
Extracting $alu and $macc cells in module STREE_L22:
  created 0 $alu and 0 $macc cells.

2.15. Executing SHARE pass (SAT-based resource sharing).

2.16. Executing OPT pass (performing simple optimizations).

2.16.1. Executing OPT_EXPR pass (perform const folding).
Optimizing module STREE_L22.

2.16.2. Executing OPT_MERGE pass (detect identical cells).
Finding identical cells in module `\STREE_L22'.
Computing hashes of 216 cells of `\STREE_L22'.
Finding duplicate cells in `\STREE_L22'.
Removed a total of 0 cells.

2.16.3. Executing OPT_MUXTREE pass (detect dead branches in mux trees).
Running muxtree optimizer on module \STREE_L22..
  Creating internal representation of mux trees.
  Evaluating internal representation of mux trees.
  Analyzing evaluation results.
Removed 0 multiplexer ports.
<suppressed ~42 debug messages>

2.16.4. Executing OPT_REDUCE pass (consolidate $*mux and $reduce_* inputs).
  Optimizing cells in module \STREE_L22.
Performed a total of 0 changes.

2.16.5. Executing OPT_MERGE pass (detect identical cells).
Finding identical cells in module `\STREE_L22'.
Computing hashes of 216 cells of `\STREE_L22'.
Finding duplicate cells in `\STREE_L22'.
Removed a total of 0 cells.

2.16.6. Executing OPT_DFF pass (perform DFF optimizations).

2.16.7. Executing OPT_CLEAN pass (remove unused cells and wires).
Finding unused cells or wires in module \STREE_L22..

2.16.8. Executing OPT_EXPR pass (perform const folding).
Optimizing module STREE_L22.

2.16.9. Finished fast OPT passes. (There is nothing left to do.)

2.17. Executing MEMORY pass.

2.17.1. Executing OPT_MEM pass (optimize memories).
Performed a total of 0 transformations.

2.17.2. Executing OPT_MEM_PRIORITY pass (removing unnecessary memory write priority relations).
Performed a total of 0 transformations.

2.17.3. Executing OPT_MEM_FEEDBACK pass (finding memory read-to-write feedback paths).

2.17.4. Executing MEMORY_BMUX2ROM pass (converting muxes to ROMs).

2.17.5. Executing MEMORY_DFF pass (merging $dff cells to $memrd).

2.17.6. Executing OPT_CLEAN pass (remove unused cells and wires).
Finding unused cells or wires in module \STREE_L22..

2.17.7. Executing MEMORY_SHARE pass (consolidating $memrd/$memwr cells).

2.17.8. Executing OPT_MEM_WIDEN pass (optimize memories where all ports are wide).
Performed a total of 0 transformations.

2.17.9. Executing OPT_CLEAN pass (remove unused cells and wires).
Finding unused cells or wires in module \STREE_L22..

2.17.10. Executing MEMORY_COLLECT pass (generating $mem cells).

2.18. Executing OPT_CLEAN pass (remove unused cells and wires).
Finding unused cells or wires in module \STREE_L22..

2.19. Executing OPT pass (performing simple optimizations).

2.19.1. Executing OPT_EXPR pass (perform const folding).
Optimizing module STREE_L22.

2.19.2. Executing OPT_MERGE pass (detect identical cells).
Finding identical cells in module `\STREE_L22'.
Computing hashes of 216 cells of `\STREE_L22'.
Finding duplicate cells in `\STREE_L22'.
Removed a total of 0 cells.

2.19.3. Executing OPT_DFF pass (perform DFF optimizations).

2.19.4. Executing OPT_CLEAN pass (remove unused cells and wires).
Finding unused cells or wires in module \STREE_L22..

2.19.5. Finished fast OPT passes.

2.20. Executing MEMORY_MAP pass (converting memories to logic and flip-flops).

2.21. Executing OPT pass (performing simple optimizations).

2.21.1. Executing OPT_EXPR pass (perform const folding).
Optimizing module STREE_L22.

2.21.2. Executing OPT_MERGE pass (detect identical cells).
Finding identical cells in module `\STREE_L22'.
Computing hashes of 216 cells of `\STREE_L22'.
Finding duplicate cells in `\STREE_L22'.
Removed a total of 0 cells.

2.21.3. Executing OPT_MUXTREE pass (detect dead branches in mux trees).
Running muxtree optimizer on module \STREE_L22..
  Creating internal representation of mux trees.
  Evaluating internal representation of mux trees.
  Analyzing evaluation results.
Removed 0 multiplexer ports.
<suppressed ~42 debug messages>

2.21.4. Executing OPT_REDUCE pass (consolidate $*mux and $reduce_* inputs).
  Optimizing cells in module \STREE_L22.
Performed a total of 0 changes.

2.21.5. Executing OPT_MERGE pass (detect identical cells).
Finding identical cells in module `\STREE_L22'.
Computing hashes of 216 cells of `\STREE_L22'.
Finding duplicate cells in `\STREE_L22'.
Removed a total of 0 cells.

2.21.6. Executing OPT_SHARE pass.

2.21.7. Executing OPT_DFF pass (perform DFF optimizations).

2.21.8. Executing OPT_CLEAN pass (remove unused cells and wires).
Finding unused cells or wires in module \STREE_L22..

2.21.9. Executing OPT_EXPR pass (perform const folding).
Optimizing module STREE_L22.

2.21.10. Finished fast OPT passes. (There is nothing left to do.)

2.22. Executing TECHMAP pass (map to technology primitives).

2.22.1. Executing Verilog-2005 frontend: /usr/local/bin/../share/yosys/techmap.v
Parsing Verilog input from `/usr/local/bin/../share/yosys/techmap.v' to AST representation.
Generating RTLIL representation for module `\_90_simplemap_bool_ops'.
Generating RTLIL representation for module `\_90_simplemap_reduce_ops'.
Generating RTLIL representation for module `\_90_simplemap_logic_ops'.
Generating RTLIL representation for module `\_90_simplemap_compare_ops'.
Generating RTLIL representation for module `\_90_simplemap_various'.
Generating RTLIL representation for module `\_90_simplemap_registers'.
Generating RTLIL representation for module `\_90_shift_ops_shr_shl_sshl_sshr'.
Generating RTLIL representation for module `\_90_shift_shiftx'.
Generating RTLIL representation for module `\_90_fa'.
Generating RTLIL representation for module `\_90_lcu_brent_kung'.
Generating RTLIL representation for module `\_90_alu'.
Generating RTLIL representation for module `\_90_macc'.
Generating RTLIL representation for module `\_90_alumacc'.
Generating RTLIL representation for module `$__div_mod_u'.
Generating RTLIL representation for module `$__div_mod_trunc'.
Generating RTLIL representation for module `\_90_div'.
Generating RTLIL representation for module `\_90_mod'.
Generating RTLIL representation for module `$__div_mod_floor'.
Generating RTLIL representation for module `\_90_divfloor'.
Generating RTLIL representation for module `\_90_modfloor'.
Generating RTLIL representation for module `\_90_pow'.
Generating RTLIL representation for module `\_90_demux'.
Generating RTLIL representation for module `\_90_lut'.
Generating RTLIL representation for module `$connect'.
Generating RTLIL representation for module `$input_port'.
Successfully finished Verilog frontend.

2.22.2. Continuing TECHMAP pass.
Using extmapper simplemap for cells of type $mux.
Using extmapper simplemap for cells of type $xor.
Using extmapper simplemap for cells of type $and.
Using extmapper simplemap for cells of type $or.
Using extmapper simplemap for cells of type $dff.
No more expansions possible.
<suppressed ~293 debug messages>

2.23. Executing OPT pass (performing simple optimizations).

2.23.1. Executing OPT_EXPR pass (perform const folding).
Optimizing module STREE_L22.

2.23.2. Executing OPT_MERGE pass (detect identical cells).
Finding identical cells in module `\STREE_L22'.
Computing hashes of 216 cells of `\STREE_L22'.
Finding duplicate cells in `\STREE_L22'.
Removed a total of 0 cells.

2.23.3. Executing OPT_DFF pass (perform DFF optimizations).

2.23.4. Executing OPT_CLEAN pass (remove unused cells and wires).
Finding unused cells or wires in module \STREE_L22..

2.23.5. Finished fast OPT passes.

2.24. Executing ABC pass (technology mapping using ABC).

2.24.1. Extracting gate netlist of module `\STREE_L22' to `<abc-temp-dir>/input.blif'..

2.24.1.1. Executed ABC.
Extracted 168 gates and 237 wires to a netlist network with 68 inputs and 42 outputs.
Running ABC script: <abc-temp-dir>/abc.script
ABC: UC Berkeley, ABC 1.01 (compiled 0 0)
ABC: abc 01> empty
ABC: abc 01> source <abc-temp-dir>/abc.script
ABC: + read_blif <abc-temp-dir>/input.blif 
ABC: + read_library <abc-temp-dir>/stdcells.genlib 
ABC: + strash 
ABC: + &get -n 
ABC: + &fraig -x 
ABC: + &put 
ABC: + scorr 
ABC: Warning: The network is combinational (run "fraig" or "fraig_sweep").
ABC: + dc2 
ABC: + dretime 
ABC: + strash 
ABC: + &get -n 
ABC: + &dch -f 
ABC: + &nf 
ABC: + &put 
ABC: + write_blif <abc-temp-dir>/output.blif 
ABC: 
ABC: YOSYS_ABC_DONE 

2.24.1.2. Re-integrating ABC results.
ABC RESULTS:            ANDNOT cells:       21
ABC RESULTS:              NAND cells:       84
ABC RESULTS:                OR cells:       21
ABC RESULTS:              XNOR cells:       21
ABC RESULTS:        internal signals:      127
ABC RESULTS:           input signals:       68
ABC RESULTS:          output signals:       42
Removing temp directory.
Removing global temp directory.

2.25. Executing OPT pass (performing simple optimizations).

2.25.1. Executing OPT_EXPR pass (perform const folding).
Optimizing module STREE_L22.

2.25.2. Executing OPT_MERGE pass (detect identical cells).
Finding identical cells in module `\STREE_L22'.
Computing hashes of 195 cells of `\STREE_L22'.
Finding duplicate cells in `\STREE_L22'.
Removed a total of 0 cells.

2.25.3. Executing OPT_DFF pass (perform DFF optimizations).

2.25.4. Executing OPT_CLEAN pass (remove unused cells and wires).
Finding unused cells or wires in module \STREE_L22..
Removed 0 unused cells and 236 unused wires.
<suppressed ~22 debug messages>

2.25.5. Finished fast OPT passes.

2.26. Executing HIERARCHY pass (managing design hierarchy).
Attribute `top' found on module `STREE_L22'. Setting top module to STREE_L22.

2.26.1. Analyzing design hierarchy..
Top module:  \STREE_L22

2.26.2. Analyzing design hierarchy..
Top module:  \STREE_L22
Removed 0 unused modules.

2.27. Printing statistics.

=== STREE_L22 ===

        +----------Local Count, excluding submodules.
        | 
      199 wires
      220 wire bits
       52 public wires
       73 public wire bits
        4 ports
       25 port bits
      195 cells
       21   $_ANDNOT_
       48   $_DFF_P_
       84   $_NAND_
       21   $_OR_
       21   $_XNOR_

2.28. Executing CHECK pass (checking for obvious problems).
Checking module STREE_L22...
Found and reported 0 problems.

3. Executing DFFLIBMAP pass (mapping DFF cells to sequential cells from liberty file).
  cell sky130_fd_sc_hd__dfxtp_1 (noninv, pins=3, area=20.02) is a direct match for cell type $_DFF_P_.
  cell sky130_fd_sc_hd__dfrtn_1 (noninv, pins=4, area=25.02) is a direct match for cell type $_DFF_NN0_.
  cell sky130_fd_sc_hd__dfrtp_1 (noninv, pins=4, area=25.02) is a direct match for cell type $_DFF_PN0_.
  cell sky130_fd_sc_hd__dfstp_2 (noninv, pins=4, area=26.28) is a direct match for cell type $_DFF_PN1_.
  cell sky130_fd_sc_hd__edfxtp_1 (noninv, pins=4, area=30.03) is a direct match for cell type $_DFFE_PP_.
  cell sky130_fd_sc_hd__dfbbn_1 (noninv, pins=6, area=32.53) is a direct match for cell type $_DFFSR_NNN_.
  cell sky130_fd_sc_hd__dfbbp_1 (noninv, pins=6, area=32.53) is a direct match for cell type $_DFFSR_PNN_.
  final dff cell mappings:
    unmapped dff cell: $_DFF_N_
    \sky130_fd_sc_hd__dfxtp_1 _DFF_P_ (.CLK( C), .D( D), .Q( Q));
    \sky130_fd_sc_hd__dfrtn_1 _DFF_NN0_ (.CLK_N( C), .D( D), .Q( Q), .RESET_B( R));
    unmapped dff cell: $_DFF_NN1_
    unmapped dff cell: $_DFF_NP0_
    unmapped dff cell: $_DFF_NP1_
    \sky130_fd_sc_hd__dfrtp_1 _DFF_PN0_ (.CLK( C), .D( D), .Q( Q), .RESET_B( R));
    \sky130_fd_sc_hd__dfstp_2 _DFF_PN1_ (.CLK( C), .D( D), .Q( Q), .SET_B( R));
    unmapped dff cell: $_DFF_PP0_
    unmapped dff cell: $_DFF_PP1_
    unmapped dff cell: $_DFFE_NN_
    unmapped dff cell: $_DFFE_NP_
    unmapped dff cell: $_DFFE_PN_
    \sky130_fd_sc_hd__edfxtp_1 _DFFE_PP_ (.CLK( C), .D( D), .DE( E), .Q( Q));
    \sky130_fd_sc_hd__dfbbn_1 _DFFSR_NNN_ (.CLK_N( C), .D( D), .Q( Q), .Q_N(~Q), .RESET_B( R), .SET_B( S));
    unmapped dff cell: $_DFFSR_NNP_
    unmapped dff cell: $_DFFSR_NPN_
    unmapped dff cell: $_DFFSR_NPP_
    \sky130_fd_sc_hd__dfbbp_1 _DFFSR_PNN_ (.CLK( C), .D( D), .Q( Q), .Q_N(~Q), .RESET_B( R), .SET_B( S));
    unmapped dff cell: $_DFFSR_PNP_
    unmapped dff cell: $_DFFSR_PPN_
    unmapped dff cell: $_DFFSR_PPP_

3.1. Executing DFFLEGALIZE pass (convert FFs to types supported by the target).
<suppressed ~24 debug messages>
Mapping DFF cells in module `\STREE_L22':
  mapped 48 $_DFF_P_ cells to \sky130_fd_sc_hd__dfxtp_1 cells.

4. Executing ABC pass (technology mapping using ABC).

4.1. Extracting gate netlist of module `\STREE_L22' to `<abc-temp-dir>/input.blif'..

4.1.1. Executed ABC.
Extracted 147 gates and 215 wires to a netlist network with 68 inputs and 42 outputs.
Running ABC script: <abc-temp-dir>/abc.script
ABC: UC Berkeley, ABC 1.01 (compiled 0 0)
ABC: abc 01> empty
ABC: abc 01> source <abc-temp-dir>/abc.script
ABC: + read_blif <abc-temp-dir>/input.blif 
ABC: + read_scl /tmp/yosys-liberty-scl-cache/yosys_merged_f352e82c.scl 
ABC: Warning: Detected 9 multi-output cells (for example, "sky130_fd_sc_hd__fa_1").
ABC: + strash 
ABC: + &get -n 
ABC: + &fraig -x 
ABC: + &put 
ABC: + scorr 
ABC: Warning: The network is combinational (run "fraig" or "fraig_sweep").
ABC: + dc2 
ABC: + dretime 
ABC: + strash 
ABC: + &get -n 
ABC: + &dch -f 
ABC: + &nf 
ABC: + &put 
ABC: + write_blif <abc-temp-dir>/output.blif 
ABC: 
ABC: YOSYS_ABC_DONE 

4.1.2. Re-integrating ABC results.
ABC RESULTS:   sky130_fd_sc_hd__maj3_1 cells:       21
ABC RESULTS:   sky130_fd_sc_hd__nor2b_1 cells:       21
ABC RESULTS:   sky130_fd_sc_hd__xor3_1 cells:       21
ABC RESULTS:        internal signals:      105
ABC RESULTS:           input signals:       68
ABC RESULTS:          output signals:       42
Removing temp directory.
Removing global temp directory.

5. Executing OPT_CLEAN pass (remove unused cells and wires).
Finding unused cells or wires in module \STREE_L22..
Removed 0 unused cells and 215 unused wires.
<suppressed ~1 debug messages>

6. Executing HILOMAP pass (mapping to constant drivers).

7. Executing OPT_CLEAN pass (remove unused cells and wires).
Finding unused cells or wires in module \STREE_L22..
Removed 0 unused cells and 1 unused wires.
<suppressed ~1 debug messages>

8. Executing Verilog backend.
Dumping module `\STREE_L22'.

End of script. Logfile hash: 44e3a6739d, time: 0.73s, user: 0.16s, system: 0.08s, MEM: 51.93 MB peak
Yosys 0.68 (git sha1 38e001a6f, Release, GNU /usr/local/bin/wrapped-cc/g++ 11.4.0)
Time spent: 73% 2x abc (0 sec), 18% 1x dfflibmap (0 sec), ...
