OpenROAD unknown 
Features included (+) or not (-): -GPU +GUI -Python
This program is licensed under the BSD-3 license. See the LICENSE file for details.
Components of this program may be licensed under more restrictive licenses which must be honored.
[INFO ORD-0030] Using 1 thread(s).
SIGNOFF_WS corner=ff setup=1.6331422880710988e-9 hold=1.4910872536688657e-10
SIGNOFF_SETUP_PATH_BEGIN
Startpoint: row21/_126_ (rising edge-triggered flip-flop clocked by clk)
Endpoint: y[21] (output port clocked by clk)
Path Group: clk
Path Type: max

Fanout       Cap      Slew     Delay      Time   Description
-------------------------------------------------------------------------------------
                              0.0000    0.0000   clock clk (rise edge)
                              0.6862    0.6862   clock network delay (propagated)
                    0.0497    0.0000    0.6862 ^ row21/_126_/CLK (sky130_fd_sc_hd__dfxtp_1)
     1    0.0028    0.0295    0.1897    0.8759 ^ row21/_126_/Q (sky130_fd_sc_hd__dfxtp_1)
                                                 net78 (net)
     1    0.0378    0.2760    0.4851    1.3610 ^ output79/X (sky130_fd_sc_hd__clkdlybuf4s50_1)
                                                 y[21] (net)
                    0.2761    0.0059    1.3669 ^ y[21] (out)
                                        1.3669   data arrival time

                              3.0000    3.0000   clock clk (rise edge)
                              0.0000    3.0000   clock network delay (propagated)
                              0.0000    3.0000   clock reconvergence pessimism
                              0.0000    3.0000   output external delay
                                        3.0000   data required time
-------------------------------------------------------------------------------------
                                        3.0000   data required time
                                       -1.3669   data arrival time
-------------------------------------------------------------------------------------
                                        1.6331   slack (MET)


SIGNOFF_SETUP_PATH_END
SIGNOFF_HOLD_PATH_BEGIN
Startpoint: x[2] (input port clocked by clk)
Endpoint: gen0/_122_ (rising edge-triggered flip-flop clocked by clk)
Path Group: clk
Path Type: min

    Delay      Time   Description
-------------------------------------------------------------
   0.0000    0.0000   clock clk (rise edge)
   0.0000    0.0000   clock network delay (propagated)
   0.0000    0.0000 v input external delay
   0.0000    0.0000 v x[2] (in)
                      x[2] (net)
   0.3574    0.3574 v hold373/X (sky130_fd_sc_hd__dlygate4sd3_1)
                      net372 (net)
   0.4028    0.7602 v input25/X (sky130_fd_sc_hd__clkdlybuf4s50_1)
                      net24 (net)
   0.0017    0.7619 v gen0/_122_/D (sky130_fd_sc_hd__dfxtp_1)
             0.7619   data arrival time

   0.0000    0.0000   clock clk (rise edge)
   0.6988    0.6988   clock network delay (propagated)
   0.0000    0.6988   clock reconvergence pessimism
             0.6988 ^ gen0/_122_/CLK (sky130_fd_sc_hd__dfxtp_1)
  -0.0860    0.6128   library hold time
             0.6128   data required time
-------------------------------------------------------------
             0.6128   data required time
            -0.7619   data arrival time
-------------------------------------------------------------
             0.1491   slack (MET)


SIGNOFF_HOLD_PATH_END
SIGNOFF_PROG_WS setup=1.6609615904883412e-9
SIGNOFF_PROG_PATH_BEGIN
Startpoint: ng21_0/_7_ (rising edge-triggered flip-flop clocked by clk)
Endpoint: row15/_152_ (rising edge-triggered flip-flop clocked by clk)
Path Group: clk
Path Type: max

Fanout       Cap      Slew     Delay      Time   Description
-------------------------------------------------------------------------------------
                              0.0000    0.0000   clock clk (rise edge)
                              0.6781    0.6781   clock network delay (propagated)
                    0.0459    0.0000    0.6781 ^ ng21_0/_7_/CLK (sky130_fd_sc_hd__dfxtp_1)
     4    0.0735    0.5147    0.5190    1.1971 ^ ng21_0/_7_/Q (sky130_fd_sc_hd__dfxtp_1)
                                                 pp21_0 (net)
     7    0.0330    0.0804    0.1579    1.3550 ^ lt_pp21_0_s0/Z (LTAP2)
                                                 pgm_pp21_0_s0 (net)
     2    0.0186    0.1658    0.1506    1.5057 ^ vs_15_21/Z (VSITE_BUF)
                                                 lf_15_21 (net)
     2    0.0458    0.1888    0.3926    1.8983 v row15/_095_/X (sky130_fd_sc_hd__xor3_1)
                                                 row15/_022_ (net)
                    0.1888    0.0017    1.9000 v row15/_152_/D (sky130_fd_sc_hd__dfxtp_1)
                                        1.9000   data arrival time

                              3.0000    3.0000   clock clk (rise edge)
                              0.6857    3.6857   clock network delay (propagated)
                              0.0000    3.6857   clock reconvergence pessimism
                                        3.6857 ^ row15/_152_/CLK (sky130_fd_sc_hd__dfxtp_1)
                             -0.1247    3.5610   library setup time
                                        3.5610   data required time
-------------------------------------------------------------------------------------
                                        3.5610   data required time
                                       -1.9000   data arrival time
-------------------------------------------------------------------------------------
                                        1.6610   slack (MET)


SIGNOFF_PROG_PATH_END
SIGNOFF_SLEW tap_input_max=0.997428 tap_input_pin=lt_pn16_4_s3/A site_input_max=0.100679 site_input_pin=vs_16_21/A
SIGNOFF_SPINE_DRIVERS sky130_fd_sc_hd__dfxtp_1 2192
