
 /----------------------------------------------------------------------------\
 |  yosys -- Yosys Open SYnthesis Suite                                       |
 |  Copyright (C) 2012 - 2026  Claire Xenia Wolf <claire@yosyshq.com>         |
 |  Distributed under an ISC-like license, type "license" to see terms        |
 \----------------------------------------------------------------------------/
 Yosys 0.69+ (git sha1 e8db64c60, Release, Clang /usr/bin/clang++ 18.1.3)

-- Executing script file `/workspace/research/pilot_two/emit-init-historical.ys' --

1. Executing Verilog-2005 frontend: /workspace/research/pilot_two/issue-997-buggy.v
Parsing SystemVerilog input from `/workspace/research/pilot_two/issue-997-buggy.v' to AST representation.
Generating RTLIL representation for module `\top'.
Successfully finished Verilog frontend.

2. Executing HIERARCHY pass (managing design hierarchy).

2.1. Analyzing design hierarchy..
Top module:  \top

2.2. Analyzing design hierarchy..
Top module:  \top
Removed 0 unused modules.

3. Executing PROC pass (convert processes to netlists).

3.1. Executing PROC_CLEAN pass (remove empty switches from decision trees).
Cleaned up 0 empty switches.

3.2. Executing PROC_RMDEAD pass (remove dead branches from decision trees).
Removed a total of 0 dead cases.

3.3. Executing PROC_PRUNE pass (remove redundant assignments in processes).
Removed 0 redundant assignments.
Promoted 2 assignments to connections.

3.4. Executing PROC_INIT pass (extract init attributes).
Found init rule in `\top.$proc$/workspace/research/pilot_two/issue-997-buggy.v:6$2'.
  Set init value: \reg10_reg[0] = 1'x

3.5. Executing PROC_ARST pass (detect async resets in processes).

3.6. Executing PROC_ROM pass (convert switches to ROMs).
Converted 0 switches.

3.7. Executing PROC_MUX pass (convert decision trees to multiplexers).
Creating decoders for process `\top.$proc$/workspace/research/pilot_two/issue-997-buggy.v:6$2'.
Creating decoders for process `\top.$proc$/workspace/research/pilot_two/issue-997-buggy.v:7$1'.

3.8. Executing PROC_DLATCH pass (convert process syncs to latches).

3.9. Executing PROC_DFF pass (convert process syncs to FFs).
Creating register for signal `\top.\reg10_reg[0]' using process `\top.$proc$/workspace/research/pilot_two/issue-997-buggy.v:7$1'.
  created $dff cell `$procdff$3' with positive edge clock.

3.10. Executing PROC_MEMWR pass (convert process memory writes to cells).

3.11. Executing PROC_CLEAN pass (remove empty switches from decision trees).
Removing empty process `top.$proc$/workspace/research/pilot_two/issue-997-buggy.v:6$2'.
Removing empty process `top.$proc$/workspace/research/pilot_two/issue-997-buggy.v:7$1'.
Cleaned up 0 empty switches.

3.12. Executing OPT_EXPR pass (perform const folding).
Optimizing module top.

4. Executing RTLIL backend.
Output filename: /workspace/research/pilot_two/issue-997-historical.il

End of script. Logfile hash: 7525948bad, time: 0.04s, user: 0.03s, system: 0.01s, MEM: 12.69 MB peak
Yosys 0.69+ (git sha1 e8db64c60, Release, Clang /usr/bin/clang++ 18.1.3)
Time spent: 39% 2x read_verilog (0 sec), 14% 2x proc_clean (0 sec), ...
