
 /----------------------------------------------------------------------------\
 |  yosys -- Yosys Open SYnthesis Suite                                       |
 |  Copyright (C) 2012 - 2026  Claire Xenia Wolf <claire@yosyshq.com>         |
 |  Distributed under an ISC-like license, type "license" to see terms        |
 \----------------------------------------------------------------------------/
 Yosys 0.69+ (git sha1 e8db64c60, Release, Clang /usr/bin/clang++ 18.1.3)

-- Executing script file `/workspace/research/pilot_two/direct-997-minimal.ys' --

1. Executing Verilog-2005 frontend: /workspace/research/pilot_two/issue-997-minimal.v
Parsing SystemVerilog input from `/workspace/research/pilot_two/issue-997-minimal.v' to AST representation.
Generating RTLIL representation for module `\top'.
Successfully finished Verilog frontend.

2. Executing HIERARCHY pass (managing design hierarchy).

2.1. Analyzing design hierarchy..
Top module:  \top

2.2. Analyzing design hierarchy..
Top module:  \top
Removed 0 unused modules.

3. Executing PROC pass (convert processes to netlists).

3.1. Executing PROC_CLEAN pass (remove empty switches from decision trees).
Cleaned up 0 empty switches.

3.2. Executing PROC_RMDEAD pass (remove dead branches from decision trees).
Removed a total of 0 dead cases.

3.3. Executing PROC_PRUNE pass (remove redundant assignments in processes).
Removed 0 redundant assignments.
Promoted 2 assignments to connections.

3.4. Executing PROC_INIT pass (extract init attributes).
Found init rule in `\top.$proc$/workspace/research/pilot_two/issue-997-minimal.v:5$2'.
  Set init value: \reg10 = 2'00

3.5. Executing PROC_ARST pass (detect async resets in processes).

3.6. Executing PROC_ROM pass (convert switches to ROMs).
Converted 0 switches.

3.7. Executing PROC_MUX pass (convert decision trees to multiplexers).
Creating decoders for process `\top.$proc$/workspace/research/pilot_two/issue-997-minimal.v:5$2'.
Creating decoders for process `\top.$proc$/workspace/research/pilot_two/issue-997-minimal.v:6$1'.

3.8. Executing PROC_DLATCH pass (convert process syncs to latches).

3.9. Executing PROC_DFF pass (convert process syncs to FFs).
Creating register for signal `\top.\reg10' using process `\top.$proc$/workspace/research/pilot_two/issue-997-minimal.v:6$1'.
  created $dff cell `$procdff$3' with positive edge clock.

3.10. Executing PROC_MEMWR pass (convert process memory writes to cells).

3.11. Executing PROC_CLEAN pass (remove empty switches from decision trees).
Removing empty process `top.$proc$/workspace/research/pilot_two/issue-997-minimal.v:5$2'.
Removing empty process `top.$proc$/workspace/research/pilot_two/issue-997-minimal.v:6$1'.
Cleaned up 0 empty switches.

3.12. Executing OPT_EXPR pass (perform const folding).
Optimizing module top.

4. Executing MEMORY pass.

4.1. Executing OPT_MEM pass (optimize memories).
Performed a total of 0 transformations.

4.2. Executing OPT_MEM_PRIORITY pass (removing unnecessary memory write priority relations).
Performed a total of 0 transformations.

4.3. Executing OPT_MEM_FEEDBACK pass (finding memory read-to-write feedback paths).

4.4. Executing MEMORY_BMUX2ROM pass (converting muxes to ROMs).

4.5. Executing MEMORY_DFF pass (merging $dff cells to $memrd).

4.6. Executing OPT_CLEAN pass (remove unused cells and wires).
Finding unused cells or wires in module \top..
Removed 0 unused cells and 2 unused wires.
<suppressed ~1 debug messages>

4.7. Executing MEMORY_SHARE pass (consolidating $memrd/$memwr cells).

4.8. Executing OPT_MEM_WIDEN pass (optimize memories where all ports are wide).
Performed a total of 0 transformations.

4.9. Executing OPT_CLEAN pass (remove unused cells and wires).
Finding unused cells or wires in module \top..

4.10. Executing MEMORY_COLLECT pass (generating $mem cells).

4.11. Executing MEMORY_MAP pass (converting memories to logic and flip-flops).

5. Executing FLATTEN pass (flatten design).
Renaming module \top to \gold_top.

6. Executing Verilog-2005 frontend: /workspace/research/pilot_two/issue-997-buggy.v
Parsing SystemVerilog input from `/workspace/research/pilot_two/issue-997-buggy.v' to AST representation.
Generating RTLIL representation for module `\top'.
Successfully finished Verilog frontend.

7. Executing HIERARCHY pass (managing design hierarchy).

7.1. Analyzing design hierarchy..
Top module:  \top

7.2. Analyzing design hierarchy..
Top module:  \top
Removed 0 unused modules.

8. Executing PROC pass (convert processes to netlists).

8.1. Executing PROC_CLEAN pass (remove empty switches from decision trees).
Cleaned up 0 empty switches.

8.2. Executing PROC_RMDEAD pass (remove dead branches from decision trees).
Removed a total of 0 dead cases.

8.3. Executing PROC_PRUNE pass (remove redundant assignments in processes).
Removed 0 redundant assignments.
Promoted 2 assignments to connections.

8.4. Executing PROC_INIT pass (extract init attributes).
Found init rule in `\top.$proc$/workspace/research/pilot_two/issue-997-buggy.v:6$5'.
  Set init value: \reg10_reg[0] = 1'x

8.5. Executing PROC_ARST pass (detect async resets in processes).

8.6. Executing PROC_ROM pass (convert switches to ROMs).
Converted 0 switches.

8.7. Executing PROC_MUX pass (convert decision trees to multiplexers).
Creating decoders for process `\top.$proc$/workspace/research/pilot_two/issue-997-buggy.v:6$5'.
Creating decoders for process `\top.$proc$/workspace/research/pilot_two/issue-997-buggy.v:7$4'.

8.8. Executing PROC_DLATCH pass (convert process syncs to latches).

8.9. Executing PROC_DFF pass (convert process syncs to FFs).
Creating register for signal `\top.\reg10_reg[0]' using process `\top.$proc$/workspace/research/pilot_two/issue-997-buggy.v:7$4'.
  created $dff cell `$procdff$6' with positive edge clock.

8.10. Executing PROC_MEMWR pass (convert process memory writes to cells).

8.11. Executing PROC_CLEAN pass (remove empty switches from decision trees).
Removing empty process `top.$proc$/workspace/research/pilot_two/issue-997-buggy.v:6$5'.
Removing empty process `top.$proc$/workspace/research/pilot_two/issue-997-buggy.v:7$4'.
Cleaned up 0 empty switches.

8.12. Executing OPT_EXPR pass (perform const folding).
Optimizing module top.

9. Executing MEMORY pass.

9.1. Executing OPT_MEM pass (optimize memories).
Performed a total of 0 transformations.

9.2. Executing OPT_MEM_PRIORITY pass (removing unnecessary memory write priority relations).
Performed a total of 0 transformations.

9.3. Executing OPT_MEM_FEEDBACK pass (finding memory read-to-write feedback paths).

9.4. Executing MEMORY_BMUX2ROM pass (converting muxes to ROMs).

9.5. Executing MEMORY_DFF pass (merging $dff cells to $memrd).

9.6. Executing OPT_CLEAN pass (remove unused cells and wires).
Finding unused cells or wires in module \top..
Removed 0 unused cells and 2 unused wires.
<suppressed ~1 debug messages>

9.7. Executing MEMORY_SHARE pass (consolidating $memrd/$memwr cells).

9.8. Executing OPT_MEM_WIDEN pass (optimize memories where all ports are wide).
Performed a total of 0 transformations.

9.9. Executing OPT_CLEAN pass (remove unused cells and wires).
Finding unused cells or wires in module \top..

9.10. Executing MEMORY_COLLECT pass (generating $mem cells).

9.11. Executing MEMORY_MAP pass (converting memories to logic and flip-flops).

10. Executing FLATTEN pass (flatten design).
Renaming module \top to \gate_top.

11. Executing MITER pass (creating miter circuit).
Creating miter cell "miter2" with gold cell "gold_top" and gate cell "gate_top".

11.1. Executing FLATTEN pass (flatten design).
<suppressed ~2 debug messages>

11.2. Executing OPT_EXPR pass (perform const folding).
Optimizing module miter2.
Removed 0 unused cells and 1 unused wires.

12. Executing OPT pass (performing simple optimizations).

12.1. Executing OPT_EXPR pass (perform const folding).
Optimizing module miter2.
Optimizing module gate_top.
Optimizing module gold_top.

12.2. Executing OPT_MERGE pass (detect identical cells).
Finding identical cells in module `\miter2'.
Computing hashes of 6 cells of `\miter2'.
Finding duplicate cells in `\miter2'.
Finding identical cells in module `\gate_top'.
Computing hashes of 1 cells of `\gate_top'.
Finding duplicate cells in `\gate_top'.
Finding identical cells in module `\gold_top'.
Computing hashes of 1 cells of `\gold_top'.
Finding duplicate cells in `\gold_top'.
Removed a total of 0 cells.

12.3. Executing OPT_MUXTREE pass (detect dead branches in mux trees).
Running muxtree optimizer on module \miter2..
  Creating internal representation of mux trees.
  No muxes found in this module.
Running muxtree optimizer on module \gate_top..
  Creating internal representation of mux trees.
  No muxes found in this module.
Running muxtree optimizer on module \gold_top..
  Creating internal representation of mux trees.
  No muxes found in this module.
Removed 0 multiplexer ports.

12.4. Executing OPT_REDUCE pass (consolidate $*mux and $reduce_* inputs).
  Optimizing cells in module \miter2.
  Optimizing cells in module \gate_top.
  Optimizing cells in module \gold_top.
Performed a total of 0 changes.

12.5. Executing OPT_MERGE pass (detect identical cells).
Finding identical cells in module `\miter2'.
Computing hashes of 6 cells of `\miter2'.
Finding duplicate cells in `\miter2'.
Finding identical cells in module `\gate_top'.
Computing hashes of 1 cells of `\gate_top'.
Finding duplicate cells in `\gate_top'.
Finding identical cells in module `\gold_top'.
Computing hashes of 1 cells of `\gold_top'.
Finding duplicate cells in `\gold_top'.
Removed a total of 0 cells.

12.6. Executing OPT_DFF pass (perform DFF optimizations).

12.7. Executing OPT_CLEAN pass (remove unused cells and wires).
Finding unused cells or wires in module \miter2..
Finding unused cells or wires in module \gate_top..
Finding unused cells or wires in module \gold_top..

12.8. Executing OPT_EXPR pass (perform const folding).
Optimizing module miter2.
Optimizing module gate_top.
Optimizing module gold_top.

12.9. Finished fast OPT passes. (There is nothing left to do.)

13. Executing SAT pass (solving SAT problems in the circuit).
Using SAT solver `minisat`.

Setting up time step 1:
Import set-constraint: \in_clk = 1'0
Final constraint equation: \in_clk = 1'0
Imported 6 cells to SAT database.
Import set-constraint from init attribute: \gold.reg10 = 2'00
Final init constraint equation: { \gate.reg10_reg[0] \gold.reg10 } = 3'x00
Import proof-constraint: \trigger = 1'0
Final proof equation: \trigger = 1'0
Import show expression: \in_clk
Import show expression: \in_wire4
Import show expression: \trigger
Import show expression: \cmp_y
Import show expression: \gate_y
Import show expression: \gold_y

Solving problem with 79 variables and 197 clauses..
SAT proof finished - model found: FAIL!

   ______                   ___       ___       _ _            _ _ 
  (_____ \                 / __)     / __)     (_) |          | | |
   _____) )___ ___   ___ _| |__    _| |__ _____ _| | _____  __| | |
  |  ____/ ___) _ \ / _ (_   __)  (_   __|____ | | || ___ |/ _  |_|
  | |   | |  | |_| | |_| || |       | |  / ___ | | || ____( (_| |_ 
  |_|   |_|   \___/ \___/ |_|       |_|  \_____|_|\_)_____)\____|_|


  Time Signal Name                     Dec       Hex           Bin
  ---- ----------------------- ----------- --------- -------------
  init \gate.reg10_reg[0]               --        --             x
  init \gold.reg10                       0         0            00
  ---- ----------------------- ----------- --------- -------------
     1 \cmp_y                            0         0             0
     1 \gate_y                          --        --            xx
     1 \gold_y                           0         0            00
     1 \in_clk                           0         0             0
     1 \in_wire4                         0         0             0
     1 \trigger                          1         1             1

ERROR: Called with -verify and proof did fail!
