
 /----------------------------------------------------------------------------\
 |                                                                            |
 |  yosys -- Yosys Open SYnthesis Suite                                       |
 |                                                                            |
 |  Copyright (C) 2012 - 2018  Clifford Wolf <clifford@clifford.at>           |
 |                                                                            |
 |  Permission to use, copy, modify, and/or distribute this software for any  |
 |  purpose with or without fee is hereby granted, provided that the above    |
 |  copyright notice and this permission notice appear in all copies.         |
 |                                                                            |
 |  THE SOFTWARE IS PROVIDED "AS IS" AND THE AUTHOR DISCLAIMS ALL WARRANTIES  |
 |  WITH REGARD TO THIS SOFTWARE INCLUDING ALL IMPLIED WARRANTIES OF          |
 |  MERCHANTABILITY AND FITNESS. IN NO EVENT SHALL THE AUTHOR BE LIABLE FOR   |
 |  ANY SPECIAL, DIRECT, INDIRECT, OR CONSEQUENTIAL DAMAGES OR ANY DAMAGES    |
 |  WHATSOEVER RESULTING FROM LOSS OF USE, DATA OR PROFITS, WHETHER IN AN     |
 |  ACTION OF CONTRACT, NEGLIGENCE OR OTHER TORTIOUS ACTION, ARISING OUT OF   |
 |  OR IN CONNECTION WITH THE USE OR PERFORMANCE OF THIS SOFTWARE.            |
 |                                                                            |
 \----------------------------------------------------------------------------/

 Yosys 0.8 (git sha1 5706e90, clang 14.0.0-1ubuntu1.1 -fPIC -Os)


-- Running command `read_verilog -sv /workspace/research/pilot_two/issue-997-minimal.v; synth; write_verilog -noattr /workspace/research/pilot_two/issue-997-yosys08.v' --

1. Executing Verilog-2005 frontend.
Parsing SystemVerilog input from `/workspace/research/pilot_two/issue-997-minimal.v' to AST representation.
Generating RTLIL representation for module `\top'.
Successfully finished Verilog frontend.

2. Executing SYNTH pass.

2.1. Executing HIERARCHY pass (managing design hierarchy).

2.2. Executing PROC pass (convert processes to netlists).

2.2.1. Executing PROC_CLEAN pass (remove empty switches from decision trees).
Cleaned up 0 empty switches.

2.2.2. Executing PROC_RMDEAD pass (remove dead branches from decision trees).
Removed a total of 0 dead cases.

2.2.3. Executing PROC_INIT pass (extract init attributes).
Found init rule in `\top.$proc$/workspace/research/pilot_two/issue-997-minimal.v:5$2'.
  Set init value: \reg10 = 2'00

2.2.4. Executing PROC_ARST pass (detect async resets in processes).

2.2.5. Executing PROC_MUX pass (convert decision trees to multiplexers).
Creating decoders for process `\top.$proc$/workspace/research/pilot_two/issue-997-minimal.v:5$2'.
     1/1: $1\reg10[1:0]
Creating decoders for process `\top.$proc$/workspace/research/pilot_two/issue-997-minimal.v:6$1'.
     1/1: $0\reg10[1:0]

2.2.6. Executing PROC_DLATCH pass (convert process syncs to latches).

2.2.7. Executing PROC_DFF pass (convert process syncs to FFs).
Creating register for signal `\top.\reg10' using process `\top.$proc$/workspace/research/pilot_two/issue-997-minimal.v:6$1'.
  created $dff cell `$procdff$3' with positive edge clock.

2.2.8. Executing PROC_CLEAN pass (remove empty switches from decision trees).
Removing empty process `top.$proc$/workspace/research/pilot_two/issue-997-minimal.v:5$2'.
Removing empty process `top.$proc$/workspace/research/pilot_two/issue-997-minimal.v:6$1'.
Cleaned up 0 empty switches.

2.3. Executing OPT_EXPR pass (perform const folding).

2.4. Executing OPT_CLEAN pass (remove unused cells and wires).
Finding unused cells or wires in module \top..
  removed 2 unused temporary wires.
Removed 0 unused cells and 2 unused wires.

2.5. Executing CHECK pass (checking for obvious problems).
checking module top..
found and reported 0 problems.

2.6. Executing OPT pass (performing simple optimizations).

2.6.1. Executing OPT_EXPR pass (perform const folding).

2.6.2. Executing OPT_MERGE pass (detect identical cells).
Finding identical cells in module `\top'.
Removed a total of 0 cells.

2.6.3. Executing OPT_MUXTREE pass (detect dead branches in mux trees).
Running muxtree optimizer on module \top..
  Creating internal representation of mux trees.
  No muxes found in this module.
Removed 0 multiplexer ports.

2.6.4. Executing OPT_REDUCE pass (consolidate $*mux and $reduce_* inputs).
  Optimizing cells in module \top.
Performed a total of 0 changes.

2.6.5. Executing OPT_MERGE pass (detect identical cells).
Finding identical cells in module `\top'.
Removed a total of 0 cells.

2.6.6. Executing OPT_RMDFF pass (remove dff with constant values).

2.6.7. Executing OPT_CLEAN pass (remove unused cells and wires).
Finding unused cells or wires in module \top..
Removed 0 unused cells and 2 unused wires.

2.6.8. Executing OPT_EXPR pass (perform const folding).

2.6.9. Finished OPT passes. (There is nothing left to do.)

2.7. Executing WREDUCE pass (reducing word size of cells).

2.8. Executing ALUMACC pass (create $alu and $macc cells).
Extracting $alu and $macc cells in module top:
  created 0 $alu and 0 $macc cells.

2.9. Executing SHARE pass (SAT-based resource sharing).

2.10. Executing OPT pass (performing simple optimizations).

2.10.1. Executing OPT_EXPR pass (perform const folding).

2.10.2. Executing OPT_MERGE pass (detect identical cells).
Finding identical cells in module `\top'.
Removed a total of 0 cells.

2.10.3. Executing OPT_MUXTREE pass (detect dead branches in mux trees).
Running muxtree optimizer on module \top..
  Creating internal representation of mux trees.
  No muxes found in this module.
Removed 0 multiplexer ports.

2.10.4. Executing OPT_REDUCE pass (consolidate $*mux and $reduce_* inputs).
  Optimizing cells in module \top.
Performed a total of 0 changes.

2.10.5. Executing OPT_MERGE pass (detect identical cells).
Finding identical cells in module `\top'.
Removed a total of 0 cells.

2.10.6. Executing OPT_RMDFF pass (remove dff with constant values).

2.10.7. Executing OPT_CLEAN pass (remove unused cells and wires).
Finding unused cells or wires in module \top..
Removed 0 unused cells and 2 unused wires.

2.10.8. Executing OPT_EXPR pass (perform const folding).

2.10.9. Finished OPT passes. (There is nothing left to do.)

2.11. Executing FSM pass (extract and optimize FSM).

2.11.1. Executing FSM_DETECT pass (finding FSMs in design).

2.11.2. Executing FSM_EXTRACT pass (extracting FSM from design).

2.11.3. Executing FSM_OPT pass (simple optimizations of FSMs).

2.11.4. Executing OPT_CLEAN pass (remove unused cells and wires).
Finding unused cells or wires in module \top..
Removed 0 unused cells and 2 unused wires.

2.11.5. Executing FSM_OPT pass (simple optimizations of FSMs).

2.11.6. Executing FSM_RECODE pass (re-assigning FSM state encoding).

2.11.7. Executing FSM_INFO pass (dumping all available information on FSM cells).

2.11.8. Executing FSM_MAP pass (mapping FSMs to basic logic).

2.12. Executing OPT pass (performing simple optimizations).

2.12.1. Executing OPT_EXPR pass (perform const folding).

2.12.2. Executing OPT_MERGE pass (detect identical cells).
Finding identical cells in module `\top'.
Removed a total of 0 cells.

2.12.3. Executing OPT_RMDFF pass (remove dff with constant values).

2.12.4. Executing OPT_CLEAN pass (remove unused cells and wires).
Finding unused cells or wires in module \top..
Removed 0 unused cells and 2 unused wires.

2.12.5. Finished fast OPT passes.

2.13. Executing MEMORY pass.

2.13.1. Executing MEMORY_DFF pass (merging $dff cells to $memrd and $memwr).

2.13.2. Executing OPT_CLEAN pass (remove unused cells and wires).
Finding unused cells or wires in module \top..
Removed 0 unused cells and 2 unused wires.

2.13.3. Executing MEMORY_SHARE pass (consolidating $memrd/$memwr cells).

2.13.4. Executing OPT_CLEAN pass (remove unused cells and wires).
Finding unused cells or wires in module \top..
Removed 0 unused cells and 2 unused wires.

2.13.5. Executing MEMORY_COLLECT pass (generating $mem cells).

2.14. Executing OPT_CLEAN pass (remove unused cells and wires).
Finding unused cells or wires in module \top..
Removed 0 unused cells and 2 unused wires.

2.15. Executing OPT pass (performing simple optimizations).

2.15.1. Executing OPT_EXPR pass (perform const folding).

2.15.2. Executing OPT_MERGE pass (detect identical cells).
Finding identical cells in module `\top'.
Removed a total of 0 cells.

2.15.3. Executing OPT_RMDFF pass (remove dff with constant values).

2.15.4. Executing OPT_CLEAN pass (remove unused cells and wires).
Finding unused cells or wires in module \top..
Removed 0 unused cells and 2 unused wires.

2.15.5. Finished fast OPT passes.

2.16. Executing MEMORY_MAP pass (converting $mem cells to logic and flip-flops).

2.17. Executing OPT pass (performing simple optimizations).

2.17.1. Executing OPT_EXPR pass (perform const folding).

2.17.2. Executing OPT_MERGE pass (detect identical cells).
Finding identical cells in module `\top'.
Removed a total of 0 cells.

2.17.3. Executing OPT_MUXTREE pass (detect dead branches in mux trees).
Running muxtree optimizer on module \top..
  Creating internal representation of mux trees.
  No muxes found in this module.
Removed 0 multiplexer ports.

2.17.4. Executing OPT_REDUCE pass (consolidate $*mux and $reduce_* inputs).
  Optimizing cells in module \top.
Performed a total of 0 changes.

2.17.5. Executing OPT_MERGE pass (detect identical cells).
Finding identical cells in module `\top'.
Removed a total of 0 cells.

2.17.6. Executing OPT_RMDFF pass (remove dff with constant values).

2.17.7. Executing OPT_CLEAN pass (remove unused cells and wires).
Finding unused cells or wires in module \top..
Removed 0 unused cells and 2 unused wires.

2.17.8. Executing OPT_EXPR pass (perform const folding).

2.17.9. Finished OPT passes. (There is nothing left to do.)

2.18. Executing TECHMAP pass (map to technology primitives).

2.18.1. Executing Verilog-2005 frontend.
Parsing Verilog input from `<techmap.v>' to AST representation.
Generating RTLIL representation for module `\_90_simplemap_bool_ops'.
Generating RTLIL representation for module `\_90_simplemap_reduce_ops'.
Generating RTLIL representation for module `\_90_simplemap_logic_ops'.
Generating RTLIL representation for module `\_90_simplemap_compare_ops'.
Generating RTLIL representation for module `\_90_simplemap_various'.
Generating RTLIL representation for module `\_90_simplemap_registers'.
Generating RTLIL representation for module `\_90_shift_ops_shr_shl_sshl_sshr'.
Generating RTLIL representation for module `\_90_shift_shiftx'.
Generating RTLIL representation for module `\_90_fa'.
Generating RTLIL representation for module `\_90_lcu'.
Generating RTLIL representation for module `\_90_alu'.
Generating RTLIL representation for module `\_90_macc'.
Generating RTLIL representation for module `\_90_alumacc'.
Generating RTLIL representation for module `\$__div_mod_u'.
Generating RTLIL representation for module `\$__div_mod'.
Generating RTLIL representation for module `\_90_div'.
Generating RTLIL representation for module `\_90_mod'.
Generating RTLIL representation for module `\_90_pow'.
Generating RTLIL representation for module `\_90_pmux'.
Generating RTLIL representation for module `\_90_lut'.
Successfully finished Verilog frontend.
Mapping top.$procdff$3 ($dff) with simplemap.
No more expansions possible.

2.19. Executing OPT pass (performing simple optimizations).

2.19.1. Executing OPT_EXPR pass (perform const folding).

2.19.2. Executing OPT_MERGE pass (detect identical cells).
Finding identical cells in module `\top'.
  Cell `$auto$simplemap.cc:420:simplemap_dff$49' is identical to cell `$auto$simplemap.cc:420:simplemap_dff$48'.
    Redirecting output \Q: \reg10 [1] = \reg10 [0]
    Removing $_DFF_P_ cell `$auto$simplemap.cc:420:simplemap_dff$49' from module `\top'.
Removed a total of 1 cells.

2.19.3. Executing OPT_RMDFF pass (remove dff with constant values).

2.19.4. Executing OPT_CLEAN pass (remove unused cells and wires).
Finding unused cells or wires in module \top..
Removed 0 unused cells and 2 unused wires.

2.19.5. Finished fast OPT passes.

2.20. Executing ABC pass (technology mapping using ABC).

2.20.1. Extracting gate netlist of module `\top' to `<abc-temp-dir>/input.blif'..
Extracted 0 gates and 0 wires to a netlist network with 0 inputs and 0 outputs.
Don't call ABC as there is nothing to map.
Removing temp directory.

2.21. Executing OPT pass (performing simple optimizations).

2.21.1. Executing OPT_EXPR pass (perform const folding).

2.21.2. Executing OPT_MERGE pass (detect identical cells).
Finding identical cells in module `\top'.
Removed a total of 0 cells.

2.21.3. Executing OPT_RMDFF pass (remove dff with constant values).

2.21.4. Executing OPT_CLEAN pass (remove unused cells and wires).
Finding unused cells or wires in module \top..
Removed 0 unused cells and 2 unused wires.

2.21.5. Finished fast OPT passes.

2.22. Executing HIERARCHY pass (managing design hierarchy).

2.23. Printing statistics.

=== top ===

   Number of wires:                  4
   Number of wire bits:              6
   Number of public wires:           4
   Number of public wire bits:       6
   Number of memories:               0
   Number of memory bits:            0
   Number of processes:              0
   Number of cells:                  1
     $_DFF_P_                        1

2.24. Executing CHECK pass (checking for obvious problems).
checking module top..
found and reported 0 problems.

3. Executing Verilog backend.
Dumping module `\top'.

End of script. Logfile hash: 1f77acba21
CPU: user 0.02s system 0.01s, MEM: 16.21 MB total, 9.19 MB resident
Yosys 0.8 (git sha1 5706e90, clang 14.0.0-1ubuntu1.1 -fPIC -Os)
Time spent: 20% 3x read_verilog (0 sec), 15% 12x opt_clean (0 sec), ...
