
 /----------------------------------------------------------------------------\
 |                                                                            |
 |  yosys -- Yosys Open SYnthesis Suite                                       |
 |                                                                            |
 |  Copyright (C) 2012 - 2020  Claire Xenia Wolf <claire@yosyshq.com>         |
 |                                                                            |
 |  Permission to use, copy, modify, and/or distribute this software for any  |
 |  purpose with or without fee is hereby granted, provided that the above    |
 |  copyright notice and this permission notice appear in all copies.         |
 |                                                                            |
 |  THE SOFTWARE IS PROVIDED "AS IS" AND THE AUTHOR DISCLAIMS ALL WARRANTIES  |
 |  WITH REGARD TO THIS SOFTWARE INCLUDING ALL IMPLIED WARRANTIES OF          |
 |  MERCHANTABILITY AND FITNESS. IN NO EVENT SHALL THE AUTHOR BE LIABLE FOR   |
 |  ANY SPECIAL, DIRECT, INDIRECT, OR CONSEQUENTIAL DAMAGES OR ANY DAMAGES    |
 |  WHATSOEVER RESULTING FROM LOSS OF USE, DATA OR PROFITS, WHETHER IN AN     |
 |  ACTION OF CONTRACT, NEGLIGENCE OR OTHER TORTIOUS ACTION, ARISING OUT OF   |
 |  OR IN CONNECTION WITH THE USE OR PERFORMANCE OF THIS SOFTWARE.            |
 |                                                                            |
 \----------------------------------------------------------------------------/

 Yosys 0.23 (git sha1 7ce5011c24b)


-- Executing script file `scripts/formal/equiv.ys' --

1. Executing Verilog-2005 frontend: rtl/unshared.v
Parsing SystemVerilog input from `rtl/unshared.v' to AST representation.
Generating RTLIL representation for module `\unshared'.
Successfully finished Verilog frontend.

2. Executing PREP pass.

2.1. Executing HIERARCHY pass (managing design hierarchy).

2.1.1. Analyzing design hierarchy..
Top module:  \unshared

2.1.2. Analyzing design hierarchy..
Top module:  \unshared
Removed 0 unused modules.

2.2. Executing PROC pass (convert processes to netlists).

2.2.1. Executing PROC_CLEAN pass (remove empty switches from decision trees).
Cleaned up 0 empty switches.

2.2.2. Executing PROC_RMDEAD pass (remove dead branches from decision trees).
Removed a total of 0 dead cases.

2.2.3. Executing PROC_PRUNE pass (remove redundant assignments in processes).
Removed 0 redundant assignments.
Promoted 0 assignments to connections.

2.2.4. Executing PROC_INIT pass (extract init attributes).

2.2.5. Executing PROC_ARST pass (detect async resets in processes).

2.2.6. Executing PROC_ROM pass (convert switches to ROMs).
Converted 0 switches.

2.2.7. Executing PROC_MUX pass (convert decision trees to multiplexers).

2.2.8. Executing PROC_DLATCH pass (convert process syncs to latches).

2.2.9. Executing PROC_DFF pass (convert process syncs to FFs).

2.2.10. Executing PROC_MEMWR pass (convert process memory writes to cells).

2.2.11. Executing PROC_CLEAN pass (remove empty switches from decision trees).
Cleaned up 0 empty switches.

2.2.12. Executing OPT_EXPR pass (perform const folding).
Optimizing module unshared.

2.3. Executing OPT_EXPR pass (perform const folding).
Optimizing module unshared.

2.4. Executing OPT_CLEAN pass (remove unused cells and wires).
Finding unused cells or wires in module \unshared..
Removed 0 unused cells and 1 unused wires.
<suppressed ~1 debug messages>

2.5. Executing CHECK pass (checking for obvious problems).
Checking module unshared...
Found and reported 0 problems.

2.6. Executing OPT pass (performing simple optimizations).

2.6.1. Executing OPT_EXPR pass (perform const folding).
Optimizing module unshared.

2.6.2. Executing OPT_MERGE pass (detect identical cells).
Finding identical cells in module `\unshared'.
Removed a total of 0 cells.

2.6.3. Executing OPT_MUXTREE pass (detect dead branches in mux trees).
Running muxtree optimizer on module \unshared..
  Creating internal representation of mux trees.
  Evaluating internal representation of mux trees.
  Analyzing evaluation results.
Removed 0 multiplexer ports.
<suppressed ~1 debug messages>

2.6.4. Executing OPT_REDUCE pass (consolidate $*mux and $reduce_* inputs).
  Optimizing cells in module \unshared.
Performed a total of 0 changes.

2.6.5. Executing OPT_MERGE pass (detect identical cells).
Finding identical cells in module `\unshared'.
Removed a total of 0 cells.

2.6.6. Executing OPT_CLEAN pass (remove unused cells and wires).
Finding unused cells or wires in module \unshared..

2.6.7. Executing OPT_EXPR pass (perform const folding).
Optimizing module unshared.

2.6.8. Finished OPT passes. (There is nothing left to do.)

2.7. Executing WREDUCE pass (reducing word size of cells).

2.8. Executing OPT_CLEAN pass (remove unused cells and wires).
Finding unused cells or wires in module \unshared..

2.9. Executing MEMORY_COLLECT pass (generating $mem cells).

2.10. Executing OPT pass (performing simple optimizations).

2.10.1. Executing OPT_EXPR pass (perform const folding).
Optimizing module unshared.

2.10.2. Executing OPT_MERGE pass (detect identical cells).
Finding identical cells in module `\unshared'.
Removed a total of 0 cells.

2.10.3. Executing OPT_CLEAN pass (remove unused cells and wires).
Finding unused cells or wires in module \unshared..

2.10.4. Finished fast OPT passes.

2.11. Printing statistics.

=== unshared ===

   Number of wires:                  7
   Number of wire bits:             97
   Number of public wires:           5
   Number of public wire bits:      65
   Number of memories:               0
   Number of memory bits:            0
   Number of processes:              0
   Number of cells:                  3
     $add                            2
     $mux                            1

2.12. Executing CHECK pass (checking for obvious problems).
Checking module unshared...
Found and reported 0 problems.

3. Executing Verilog-2005 frontend: rtl/shared.v
Parsing SystemVerilog input from `rtl/shared.v' to AST representation.
Generating RTLIL representation for module `\shared'.
Successfully finished Verilog frontend.

4. Executing PREP pass.

4.1. Executing HIERARCHY pass (managing design hierarchy).

4.1.1. Analyzing design hierarchy..
Top module:  \shared

4.1.2. Analyzing design hierarchy..
Top module:  \shared
Removed 0 unused modules.

4.2. Executing PROC pass (convert processes to netlists).

4.2.1. Executing PROC_CLEAN pass (remove empty switches from decision trees).
Cleaned up 0 empty switches.

4.2.2. Executing PROC_RMDEAD pass (remove dead branches from decision trees).
Removed a total of 0 dead cases.

4.2.3. Executing PROC_PRUNE pass (remove redundant assignments in processes).
Removed 0 redundant assignments.
Promoted 0 assignments to connections.

4.2.4. Executing PROC_INIT pass (extract init attributes).

4.2.5. Executing PROC_ARST pass (detect async resets in processes).

4.2.6. Executing PROC_ROM pass (convert switches to ROMs).
Converted 0 switches.

4.2.7. Executing PROC_MUX pass (convert decision trees to multiplexers).

4.2.8. Executing PROC_DLATCH pass (convert process syncs to latches).

4.2.9. Executing PROC_DFF pass (convert process syncs to FFs).

4.2.10. Executing PROC_MEMWR pass (convert process memory writes to cells).

4.2.11. Executing PROC_CLEAN pass (remove empty switches from decision trees).
Cleaned up 0 empty switches.

4.2.12. Executing OPT_EXPR pass (perform const folding).
Optimizing module shared.

4.3. Executing OPT_EXPR pass (perform const folding).
Optimizing module shared.

4.4. Executing OPT_CLEAN pass (remove unused cells and wires).
Finding unused cells or wires in module \shared..
Removed 0 unused cells and 1 unused wires.
<suppressed ~1 debug messages>

4.5. Executing CHECK pass (checking for obvious problems).
Checking module shared...
Found and reported 0 problems.

4.6. Executing OPT pass (performing simple optimizations).

4.6.1. Executing OPT_EXPR pass (perform const folding).
Optimizing module shared.

4.6.2. Executing OPT_MERGE pass (detect identical cells).
Finding identical cells in module `\shared'.
Removed a total of 0 cells.

4.6.3. Executing OPT_MUXTREE pass (detect dead branches in mux trees).
Running muxtree optimizer on module \shared..
  Creating internal representation of mux trees.
  Evaluating internal representation of mux trees.
  Analyzing evaluation results.
Removed 0 multiplexer ports.
<suppressed ~1 debug messages>

4.6.4. Executing OPT_REDUCE pass (consolidate $*mux and $reduce_* inputs).
  Optimizing cells in module \shared.
Performed a total of 0 changes.

4.6.5. Executing OPT_MERGE pass (detect identical cells).
Finding identical cells in module `\shared'.
Removed a total of 0 cells.

4.6.6. Executing OPT_CLEAN pass (remove unused cells and wires).
Finding unused cells or wires in module \shared..

4.6.7. Executing OPT_EXPR pass (perform const folding).
Optimizing module shared.

4.6.8. Finished OPT passes. (There is nothing left to do.)

4.7. Executing WREDUCE pass (reducing word size of cells).

4.8. Executing OPT_CLEAN pass (remove unused cells and wires).
Finding unused cells or wires in module \shared..

4.9. Executing MEMORY_COLLECT pass (generating $mem cells).

4.10. Executing OPT pass (performing simple optimizations).

4.10.1. Executing OPT_EXPR pass (perform const folding).
Optimizing module shared.

4.10.2. Executing OPT_MERGE pass (detect identical cells).
Finding identical cells in module `\shared'.
Removed a total of 0 cells.

4.10.3. Executing OPT_CLEAN pass (remove unused cells and wires).
Finding unused cells or wires in module \shared..

4.10.4. Finished fast OPT passes.

4.11. Printing statistics.

=== shared ===

   Number of wires:                  6
   Number of wire bits:             81
   Number of public wires:           5
   Number of public wire bits:      65
   Number of memories:               0
   Number of memory bits:            0
   Number of processes:              0
   Number of cells:                  2
     $add                            1
     $mux                            1

4.12. Executing CHECK pass (checking for obvious problems).
Checking module shared...
Found and reported 0 problems.

5. Executing EQUIV_MAKE pass (creating equiv checking module).
Presumably equivalent wires: a_gold (\a_gold), a_gate (\a_gate) -> a
Presumably equivalent wires: b_gold (\b_gold), b_gate (\b_gate) -> b
Presumably equivalent wires: c_gold (\c_gold), c_gate (\c_gate) -> c
Presumably equivalent wires: sel_gold (\sel_gold), sel_gate (\sel_gate) -> sel
Presumably equivalent wires: y_gold (\y_gold), y_gate (\y_gate) -> y

6. Executing PREP pass.

6.1. Executing HIERARCHY pass (managing design hierarchy).

6.1.1. Analyzing design hierarchy..
Top module:  \equiv

6.1.2. Analyzing design hierarchy..
Top module:  \equiv
Removing unused module `\gate'.
Removing unused module `\gold'.
Removed 2 unused modules.

6.2. Executing PROC pass (convert processes to netlists).

6.2.1. Executing PROC_CLEAN pass (remove empty switches from decision trees).
Cleaned up 0 empty switches.

6.2.2. Executing PROC_RMDEAD pass (remove dead branches from decision trees).
Removed a total of 0 dead cases.

6.2.3. Executing PROC_PRUNE pass (remove redundant assignments in processes).
Removed 0 redundant assignments.
Promoted 0 assignments to connections.

6.2.4. Executing PROC_INIT pass (extract init attributes).

6.2.5. Executing PROC_ARST pass (detect async resets in processes).

6.2.6. Executing PROC_ROM pass (convert switches to ROMs).
Converted 0 switches.

6.2.7. Executing PROC_MUX pass (convert decision trees to multiplexers).

6.2.8. Executing PROC_DLATCH pass (convert process syncs to latches).

6.2.9. Executing PROC_DFF pass (convert process syncs to FFs).

6.2.10. Executing PROC_MEMWR pass (convert process memory writes to cells).

6.2.11. Executing PROC_CLEAN pass (remove empty switches from decision trees).
Cleaned up 0 empty switches.

6.2.12. Executing OPT_EXPR pass (perform const folding).
Optimizing module equiv.

6.3. Executing OPT_EXPR pass (perform const folding).
Optimizing module equiv.

6.4. Executing OPT_CLEAN pass (remove unused cells and wires).
Finding unused cells or wires in module \equiv..

6.5. Executing CHECK pass (checking for obvious problems).
Checking module equiv...
Found and reported 0 problems.

6.6. Executing OPT pass (performing simple optimizations).

6.6.1. Executing OPT_EXPR pass (perform const folding).
Optimizing module equiv.

6.6.2. Executing OPT_MERGE pass (detect identical cells).
Finding identical cells in module `\equiv'.
Removed a total of 0 cells.

6.6.3. Executing OPT_MUXTREE pass (detect dead branches in mux trees).
Running muxtree optimizer on module \equiv..
  Creating internal representation of mux trees.
  Evaluating internal representation of mux trees.
  Analyzing evaluation results.
Removed 0 multiplexer ports.
<suppressed ~2 debug messages>

6.6.4. Executing OPT_REDUCE pass (consolidate $*mux and $reduce_* inputs).
  Optimizing cells in module \equiv.
Performed a total of 0 changes.

6.6.5. Executing OPT_MERGE pass (detect identical cells).
Finding identical cells in module `\equiv'.
Removed a total of 0 cells.

6.6.6. Executing OPT_CLEAN pass (remove unused cells and wires).
Finding unused cells or wires in module \equiv..

6.6.7. Executing OPT_EXPR pass (perform const folding).
Optimizing module equiv.

6.6.8. Finished OPT passes. (There is nothing left to do.)

6.7. Executing WREDUCE pass (reducing word size of cells).

6.8. Executing OPT_CLEAN pass (remove unused cells and wires).
Finding unused cells or wires in module \equiv..

6.9. Executing MEMORY_COLLECT pass (generating $mem cells).

6.10. Executing OPT pass (performing simple optimizations).

6.10.1. Executing OPT_EXPR pass (perform const folding).
Optimizing module equiv.

6.10.2. Executing OPT_MERGE pass (detect identical cells).
Finding identical cells in module `\equiv'.
Removed a total of 0 cells.

6.10.3. Executing OPT_CLEAN pass (remove unused cells and wires).
Finding unused cells or wires in module \equiv..

6.10.4. Finished fast OPT passes.

6.11. Printing statistics.

=== equiv ===

   Number of wires:                 18
   Number of wire bits:            243
   Number of public wires:          15
   Number of public wire bits:     195
   Number of memories:               0
   Number of memory bits:            0
   Number of processes:              0
   Number of cells:                 21
     $add                            3
     $equiv                         16
     $mux                            2

6.12. Executing CHECK pass (checking for obvious problems).
Checking module equiv...
Found and reported 0 problems.

7. Executing EQUIV_SIMPLE pass.
Found 16 unproven $equiv cells (1 groups) in equiv:
 Grouping SAT models for \y:
  Trying to prove $equiv for \y [0]: success!
  Trying to prove $equiv for \y [1]: success!
  Trying to prove $equiv for \y [2]: success!
  Trying to prove $equiv for \y [3]: success!
  Trying to prove $equiv for \y [4]: success!
  Trying to prove $equiv for \y [5]: success!
  Trying to prove $equiv for \y [6]: success!
  Trying to prove $equiv for \y [7]: success!
  Trying to prove $equiv for \y [8]: success!
  Trying to prove $equiv for \y [9]: success!
  Trying to prove $equiv for \y [10]: success!
  Trying to prove $equiv for \y [11]: success!
  Trying to prove $equiv for \y [12]: success!
  Trying to prove $equiv for \y [13]: success!
  Trying to prove $equiv for \y [14]: success!
  Trying to prove $equiv for \y [15]: success!
Proved 16 previously unproven $equiv cells.

8. Executing EQUIV_STATUS pass.
Found 16 $equiv cells in equiv:
  Of those cells 16 are proven and 0 are unproven.
  Equivalence successfully proven!

End of script. Logfile hash: 473d7a466c, CPU: user 0.03s system 0.01s, MEM: 13.15 MB peak
Yosys 0.23 (git sha1 7ce5011c24b)
Time spent: 22% 15x opt_expr (0 sec), 21% 12x opt_clean (0 sec), ...
elapsed_seconds=0.95
max_rss_kb=7720
exit_status=0
