======== ABC command line "read_lib -w /home/user/all-the-info/13_FABLE_5_1_SCIENTIFIC_DISCOVERY/experiments/inputs/lib/sky130_fd_sc_hd__tt_025C_1v80.lib; read_aiger design.aig; strash; dch; map; topo; stime -p; print_stats; write_blif mapped_delay.blif; cec design.aig"
Parsing finished successfully.  Parsing time =     0.11 sec
Scl_LibertyReadGenlib() skipped cell "sky130_fd_sc_hd__decap_12" without logic function.
Scl_LibertyReadGenlib() skipped cell "sky130_fd_sc_hd__decap_3" without logic function.
Scl_LibertyReadGenlib() skipped cell "sky130_fd_sc_hd__decap_4" without logic function.
Scl_LibertyReadGenlib() skipped cell "sky130_fd_sc_hd__decap_6" without logic function.
Scl_LibertyReadGenlib() skipped cell "sky130_fd_sc_hd__decap_8" without logic function.
Scl_LibertyReadGenlib() skipped sequential cell "sky130_fd_sc_hd__dfbbn_1".
Scl_LibertyReadGenlib() skipped sequential cell "sky130_fd_sc_hd__dfbbn_2".
Scl_LibertyReadGenlib() skipped sequential cell "sky130_fd_sc_hd__dfbbp_1".
Scl_LibertyReadGenlib() skipped sequential cell "sky130_fd_sc_hd__dfrbp_1".
Scl_LibertyReadGenlib() skipped sequential cell "sky130_fd_sc_hd__dfrbp_2".
Scl_LibertyReadGenlib() skipped sequential cell "sky130_fd_sc_hd__dfrtn_1".
Scl_LibertyReadGenlib() skipped sequential cell "sky130_fd_sc_hd__dfrtp_1".
Scl_LibertyReadGenlib() skipped sequential cell "sky130_fd_sc_hd__dfrtp_2".
Scl_LibertyReadGenlib() skipped sequential cell "sky130_fd_sc_hd__dfrtp_4".
Scl_LibertyReadGenlib() skipped sequential cell "sky130_fd_sc_hd__dfsbp_1".
Scl_LibertyReadGenlib() skipped sequential cell "sky130_fd_sc_hd__dfsbp_2".
Scl_LibertyReadGenlib() skipped sequential cell "sky130_fd_sc_hd__dfstp_1".
Scl_LibertyReadGenlib() skipped sequential cell "sky130_fd_sc_hd__dfstp_2".
Scl_LibertyReadGenlib() skipped sequential cell "sky130_fd_sc_hd__dfstp_4".
Scl_LibertyReadGenlib() skipped sequential cell "sky130_fd_sc_hd__dfxbp_1".
Scl_LibertyReadGenlib() skipped sequential cell "sky130_fd_sc_hd__dfxbp_2".
Scl_LibertyReadGenlib() skipped sequential cell "sky130_fd_sc_hd__dfxtp_1".
Scl_LibertyReadGenlib() skipped sequential cell "sky130_fd_sc_hd__dfxtp_2".
Scl_LibertyReadGenlib() skipped sequential cell "sky130_fd_sc_hd__dfxtp_4".
Scl_LibertyReadGenlib() skipped cell "sky130_fd_sc_hd__diode_2" without logic function.
Scl_LibertyReadGenlib() skipped cell "sky130_fd_sc_hd__dlclkp_1" without logic function.
Scl_LibertyReadGenlib() skipped cell "sky130_fd_sc_hd__dlclkp_2" without logic function.
Scl_LibertyReadGenlib() skipped cell "sky130_fd_sc_hd__dlclkp_4" without logic function.
Scl_LibertyReadGenlib() skipped sequential cell "sky130_fd_sc_hd__dlrbn_1".
Scl_LibertyReadGenlib() skipped sequential cell "sky130_fd_sc_hd__dlrbn_2".
Scl_LibertyReadGenlib() skipped sequential cell "sky130_fd_sc_hd__dlrbp_1".
Scl_LibertyReadGenlib() skipped sequential cell "sky130_fd_sc_hd__dlrbp_2".
Scl_LibertyReadGenlib() skipped sequential cell "sky130_fd_sc_hd__dlrtn_1".
Scl_LibertyReadGenlib() skipped sequential cell "sky130_fd_sc_hd__dlrtn_2".
Scl_LibertyReadGenlib() skipped sequential cell "sky130_fd_sc_hd__dlrtn_4".
Scl_LibertyReadGenlib() skipped sequential cell "sky130_fd_sc_hd__dlrtp_1".
Scl_LibertyReadGenlib() skipped sequential cell "sky130_fd_sc_hd__dlrtp_2".
Scl_LibertyReadGenlib() skipped sequential cell "sky130_fd_sc_hd__dlrtp_4".
Scl_LibertyReadGenlib() skipped sequential cell "sky130_fd_sc_hd__dlxbn_1".
Scl_LibertyReadGenlib() skipped sequential cell "sky130_fd_sc_hd__dlxbn_2".
Scl_LibertyReadGenlib() skipped sequential cell "sky130_fd_sc_hd__dlxbp_1".
Scl_LibertyReadGenlib() skipped sequential cell "sky130_fd_sc_hd__dlxtn_1".
Scl_LibertyReadGenlib() skipped sequential cell "sky130_fd_sc_hd__dlxtn_2".
Scl_LibertyReadGenlib() skipped sequential cell "sky130_fd_sc_hd__dlxtn_4".
Scl_LibertyReadGenlib() skipped sequential cell "sky130_fd_sc_hd__dlxtp_1".
Scl_LibertyReadGenlib() skipped three-state cell "sky130_fd_sc_hd__ebufn_1".
Scl_LibertyReadGenlib() skipped three-state cell "sky130_fd_sc_hd__ebufn_2".
Scl_LibertyReadGenlib() skipped three-state cell "sky130_fd_sc_hd__ebufn_4".
Scl_LibertyReadGenlib() skipped three-state cell "sky130_fd_sc_hd__ebufn_8".
Scl_LibertyReadGenlib() skipped sequential cell "sky130_fd_sc_hd__edfxbp_1".
Scl_LibertyReadGenlib() skipped sequential cell "sky130_fd_sc_hd__edfxtp_1".
Scl_LibertyReadGenlib() skipped three-state cell "sky130_fd_sc_hd__einvn_0".
Scl_LibertyReadGenlib() skipped three-state cell "sky130_fd_sc_hd__einvn_1".
Scl_LibertyReadGenlib() skipped three-state cell "sky130_fd_sc_hd__einvn_2".
Scl_LibertyReadGenlib() skipped three-state cell "sky130_fd_sc_hd__einvn_4".
Scl_LibertyReadGenlib() skipped three-state cell "sky130_fd_sc_hd__einvn_8".
Scl_LibertyReadGenlib() skipped three-state cell "sky130_fd_sc_hd__einvp_1".
Scl_LibertyReadGenlib() skipped three-state cell "sky130_fd_sc_hd__einvp_2".
Scl_LibertyReadGenlib() skipped three-state cell "sky130_fd_sc_hd__einvp_4".
Scl_LibertyReadGenlib() skipped three-state cell "sky130_fd_sc_hd__einvp_8".
Scl_LibertyReadGenlib() skipped cell "sky130_fd_sc_hd__lpflow_bleeder_1" without logic function.
Scl_LibertyReadGenlib() skipped cell "sky130_fd_sc_hd__lpflow_decapkapwr_12" without logic function.
Scl_LibertyReadGenlib() skipped cell "sky130_fd_sc_hd__lpflow_decapkapwr_3" without logic function.
Scl_LibertyReadGenlib() skipped cell "sky130_fd_sc_hd__lpflow_decapkapwr_4" without logic function.
Scl_LibertyReadGenlib() skipped cell "sky130_fd_sc_hd__lpflow_decapkapwr_6" without logic function.
Scl_LibertyReadGenlib() skipped cell "sky130_fd_sc_hd__lpflow_decapkapwr_8" without logic function.
Scl_LibertyReadGenlib() skipped sequential cell "sky130_fd_sc_hd__lpflow_inputisolatch_1".
Scl_LibertyReadGenlib() skipped sequential cell "sky130_fd_sc_hd__sdfbbn_1".
Scl_LibertyReadGenlib() skipped sequential cell "sky130_fd_sc_hd__sdfbbn_2".
Scl_LibertyReadGenlib() skipped sequential cell "sky130_fd_sc_hd__sdfbbp_1".
Scl_LibertyReadGenlib() skipped sequential cell "sky130_fd_sc_hd__sdfrbp_1".
Scl_LibertyReadGenlib() skipped sequential cell "sky130_fd_sc_hd__sdfrbp_2".
Scl_LibertyReadGenlib() skipped sequential cell "sky130_fd_sc_hd__sdfrtn_1".
Scl_LibertyReadGenlib() skipped sequential cell "sky130_fd_sc_hd__sdfrtp_1".
Scl_LibertyReadGenlib() skipped sequential cell "sky130_fd_sc_hd__sdfrtp_2".
Scl_LibertyReadGenlib() skipped sequential cell "sky130_fd_sc_hd__sdfrtp_4".
Scl_LibertyReadGenlib() skipped sequential cell "sky130_fd_sc_hd__sdfsbp_1".
Scl_LibertyReadGenlib() skipped sequential cell "sky130_fd_sc_hd__sdfsbp_2".
Scl_LibertyReadGenlib() skipped sequential cell "sky130_fd_sc_hd__sdfstp_1".
Scl_LibertyReadGenlib() skipped sequential cell "sky130_fd_sc_hd__sdfstp_2".
Scl_LibertyReadGenlib() skipped sequential cell "sky130_fd_sc_hd__sdfstp_4".
Scl_LibertyReadGenlib() skipped sequential cell "sky130_fd_sc_hd__sdfxbp_1".
Scl_LibertyReadGenlib() skipped sequential cell "sky130_fd_sc_hd__sdfxbp_2".
Scl_LibertyReadGenlib() skipped sequential cell "sky130_fd_sc_hd__sdfxtp_1".
Scl_LibertyReadGenlib() skipped sequential cell "sky130_fd_sc_hd__sdfxtp_2".
Scl_LibertyReadGenlib() skipped sequential cell "sky130_fd_sc_hd__sdfxtp_4".
Scl_LibertyReadGenlib() skipped cell "sky130_fd_sc_hd__sdlclkp_1" without logic function.
Scl_LibertyReadGenlib() skipped cell "sky130_fd_sc_hd__sdlclkp_2" without logic function.
Scl_LibertyReadGenlib() skipped cell "sky130_fd_sc_hd__sdlclkp_4" without logic function.
Scl_LibertyReadGenlib() skipped sequential cell "sky130_fd_sc_hd__sedfxbp_1".
Scl_LibertyReadGenlib() skipped sequential cell "sky130_fd_sc_hd__sedfxbp_2".
Scl_LibertyReadGenlib() skipped sequential cell "sky130_fd_sc_hd__sedfxtp_1".
Scl_LibertyReadGenlib() skipped sequential cell "sky130_fd_sc_hd__sedfxtp_2".
Scl_LibertyReadGenlib() skipped sequential cell "sky130_fd_sc_hd__sedfxtp_4".
Library "sky130_fd_sc_hd__tt_025C_1v80" from "/home/user/all-the-info/13_FABLE_5_1_SCIENTIFIC_DISCOVERY/experiments/inputs/lib/sky130_fd_sc_hd__tt_025C_1v80.lib" has 334 cells (94 skipped: 63 seq; 13 tri-state; 18 no func; 0 dont_use; 0 with 2 outputs; 0 with 3+ outputs).  Time =     0.19 sec
Memory =   19.81 MB. Time =     0.19 sec
Warning: Detected 9 multi-output cells (for example, "sky130_fd_sc_hd__fa_1").
WireLoad = "none"  [1;33mGates = 408614[0m (  8.8 %)   [1;32mCap =  5.6 ff[0m (  1.3 %)   [1;36mArea =  2218464.00[0m ( 91.2 %)   [1;35mDelay =  9806.60 ps[0m  (  0.3 %)               
Path  0 --      53 : 0   36 pi                        A =   0.00  Df =   0.0   -0.0 ps  S =   0.0 ps  Cin =  0.0 ff  Cout = 100.0 ff  Cmax =   0.0 ff  G =    0  
Path  1 --    6060 : 1   51 sky130_fd_sc_hd__clkinv_1 A =   3.75  Df = 737.6 -208.9 ps  S = 958.6 ps  Cin =  3.1 ff  Cout = 136.8 ff  Cmax = 190.4 ff  G = 4265  
Path  2 --    6061 : 2    4 sky130_fd_sc_hd__nor2_1   A =   3.75  Df =1205.1 -514.6 ps  S = 335.1 ps  Cin =  2.4 ff  Cout =  10.0 ff  Cmax =  86.1 ff  G =  405  
Path  3 --    7101 : 3    2 sky130_fd_sc_hd__a21oi_1  A =   5.00  Df =1337.5 -434.6 ps  S = 150.4 ps  Cin =  2.3 ff  Cout =   4.9 ff  Cmax =  74.2 ff  G =  203  
Path  4 --    7105 : 1    2 sky130_fd_sc_hd__clkinv_1 A =   3.75  Df =1403.5 -407.2 ps  S =  61.6 ps  Cin =  3.1 ff  Cout =   4.9 ff  Cmax = 190.4 ff  G =  150  
Path  5 --    7840 : 2    1 sky130_fd_sc_hd__nand2_1  A =   3.75  Df =1444.2 -389.9 ps  S =  43.6 ps  Cin =  2.3 ff  Cout =   2.4 ff  Cmax = 166.6 ff  G =  101  
Path  6 --    7841 : 4    2 sky130_fd_sc_hd__o211ai_1 A =   7.51  Df =1535.3 -396.2 ps  S = 186.1 ps  Cin =  2.3 ff  Cout =   5.0 ff  Cmax =  74.2 ff  G =  196  
Path  7 --    7857 : 4    2 sky130_fd_sc_hd__a31oi_1  A =   6.26  Df =1805.9 -201.7 ps  S = 157.9 ps  Cin =  2.3 ff  Cout =   4.4 ff  Cmax =  65.9 ff  G =  176  
Path  8 --    8872 : 3   36 sky130_fd_sc_hd__o21ai_0  A =   5.00  Df =3593.3 -978.7 ps  S =2629.4 ps  Cin =  1.7 ff  Cout =  92.3 ff  Cmax =  50.4 ff  G = 5202  
Path  9 --    8875 : 1   33 sky130_fd_sc_hd__clkinv_1 A =   3.75  Df =5055.3-1642.7 ps  S = 992.1 ps  Cin =  3.1 ff  Cout =  86.6 ff  Cmax = 190.4 ff  G = 2706  
Path 10 --   77555 : 2    3 sky130_fd_sc_hd__nand2_1  A =   3.75  Df =5383.7-1820.0 ps  S = 227.1 ps  Cin =  2.3 ff  Cout =   6.7 ff  Cmax = 166.6 ff  G =  277  
Path 11 --   77556 : 2    3 sky130_fd_sc_hd__nand2_1  A =   3.75  Df =5533.1-1385.9 ps  S = 174.0 ps  Cin =  2.3 ff  Cout =  13.3 ff  Cmax = 166.6 ff  G =  556  
Path 12 --  264655 : 3    3 sky130_fd_sc_hd__xnor3_4  A =  26.28  Df =5916.4-1277.3 ps  S = 105.6 ps  Cin =  3.7 ff  Cout =  10.5 ff  Cmax = 554.8 ff  G =  271  
Path 13 --  264656 : 3    2 sky130_fd_sc_hd__xnor3_4  A =  26.28  Df =6228.0-1317.2 ps  S =  91.0 ps  Cin =  3.7 ff  Cout =   3.9 ff  Cmax = 554.8 ff  G =   99  
Path 14 --  264657 : 2    3 sky130_fd_sc_hd__or2_2    A =   6.26  Df =6528.9-1505.4 ps  S =  66.2 ps  Cin =  1.5 ff  Cout =   6.5 ff  Cmax = 299.4 ff  G =  436  
Path 15 --  264662 : 4    3 sky130_fd_sc_hd__o211ai_1 A =   7.51  Df =6649.5 -220.6 ps  S = 229.3 ps  Cin =  2.3 ff  Cout =   7.3 ff  Cmax =  74.2 ff  G =  297  
Path 16 --  264668 : 3    6 sky130_fd_sc_hd__nand3b_1 A =   7.51  Df =6831.7  -12.6 ps  S = 171.2 ps  Cin =  2.0 ff  Cout =  13.7 ff  Cmax = 143.7 ff  G =  658  
Path 17 --  264673 : 3    1 sky130_fd_sc_hd__and3_2   A =   7.51  Df =7076.2  -68.9 ps  S =  40.3 ps  Cin =  1.5 ff  Cout =   1.8 ff  Cmax = 309.5 ff  G =  114  
Path 18 --  264708 : 3    3 sky130_fd_sc_hd__o21ai_0  A =   5.00  Df =7301.2 -140.6 ps  S = 257.5 ps  Cin =  1.7 ff  Cout =   7.2 ff  Cmax =  50.4 ff  G =  408  
Path 19 --  264717 : 3    2 sky130_fd_sc_hd__a21oi_1  A =   5.00  Df =7412.5  -86.9 ps  S = 136.3 ps  Cin =  2.3 ff  Cout =   4.3 ff  Cmax =  74.2 ff  G =  175  
Path 20 --  264775 : 3    4 sky130_fd_sc_hd__o21ai_0  A =   5.00  Df =7755.4 -262.8 ps  S = 392.2 ps  Cin =  1.7 ff  Cout =  12.0 ff  Cmax =  50.4 ff  G =  677  
Path 21 --  264959 : 3    2 sky130_fd_sc_hd__xnor3_4  A =  26.28  Df =8172.4 -376.9 ps  S =  89.4 ps  Cin =  3.7 ff  Cout =   3.2 ff  Cmax = 554.8 ff  G =   83  
Path 22 --  264981 : 3    4 sky130_fd_sc_hd__o21ai_0  A =   5.00  Df =8530.7 -270.6 ps  S = 391.8 ps  Cin =  1.7 ff  Cout =  12.0 ff  Cmax =  50.4 ff  G =  673  
Path 23 --  265127 : 3    2 sky130_fd_sc_hd__xnor3_4  A =  26.28  Df =9080.8 -316.8 ps  S =  94.0 ps  Cin =  3.7 ff  Cout =   4.9 ff  Cmax = 554.8 ff  G =  125  
Path 24 --  265129 : 2    3 sky130_fd_sc_hd__nand2_1  A =   3.75  Df =9183.5 -324.1 ps  S =  82.3 ps  Cin =  2.3 ff  Cout =   7.2 ff  Cmax = 166.6 ff  G =  299  
Path 25 --  265315 : 4    3 sky130_fd_sc_hd__nand4_1  A =   6.26  Df =9291.0 -290.3 ps  S = 122.4 ps  Cin =  2.3 ff  Cout =   6.8 ff  Cmax = 124.5 ff  G =  277  
Path 26 --  265317 : 3    2 sky130_fd_sc_hd__o21ai_0  A =   5.00  Df =9503.3 -298.4 ps  S = 177.4 ps  Cin =  1.7 ff  Cout =   4.3 ff  Cmax =  50.4 ff  G =  241  
Path 27 --  265321 : 3    2 sky130_fd_sc_hd__o21ai_0  A =   5.00  Df =9636.0 -219.3 ps  S = 192.9 ps  Cin =  1.7 ff  Cout =   4.8 ff  Cmax =  50.4 ff  G =  275  
Path 28 --  265358 : 3    1 sky130_fd_sc_hd__a21oi_1  A =   5.00  Df =9766.1 -263.0 ps  S = 101.0 ps  Cin =  2.3 ff  Cout =   2.5 ff  Cmax =  74.2 ff  G =  101  
Path 29 --  265362 : 2    1 sky130_fd_sc_hd__nor2_1   A =   3.75  Df =9806.6   -8.3 ps  S =  32.2 ps  Cin =  2.4 ff  Cout =   0.0 ff  Cmax =  86.1 ff  G =    0  
Start-point = pi0052.  End-point = po1123.
[1;37mdesign                        :[0m i/o = 1024/ 1920  lat =    0  nd =408614  edge = 952535  area =2217416.52  delay =4411.94  lev = 54
Networks are equivalent.  Time =   694.23 sec

rc=0 wall=857.2
