OpenROAD unknown 
Features included (+) or not (-): -GPU +GUI -Python
This program is licensed under the BSD-3 license. See the LICENSE file for details.
Components of this program may be licensed under more restrictive licenses which must be honored.
[INFO ORD-0030] Using 1 thread(s).
SIGNOFF_WS corner=tt setup=7.810108115791081e-10 hold=9.220757490879805e-11
SIGNOFF_SETUP_PATH_BEGIN
Startpoint: stt1_ff (rising edge-triggered flip-flop clocked by clk)
Endpoint: row8/_462_ (rising edge-triggered flip-flop clocked by clk)
Path Group: clk
Path Type: max

Fanout       Cap      Slew     Delay      Time   Description
-------------------------------------------------------------------------------------
                              0.0000    0.0000   clock clk (rise edge)
                              1.0823    1.0823   clock network delay (propagated)
                    0.0574    0.0000    1.0823 ^ stt1_ff/CLK (sky130_fd_sc_hd__dfxtp_4)
    27    0.3152    0.8721    0.9217    2.0040 ^ stt1_ff/Q (sky130_fd_sc_hd__dfxtp_4)
                                                 st_tree (net)
    47    0.2014    0.5476    0.6150    2.6190 ^ place2545/X (sky130_fd_sc_hd__buf_4)
                                                 net2545 (net)
     2    0.0084    0.1298    0.1941    2.8131 v row8/_306_/Y (sky130_fd_sc_hd__nor2b_1)
                                                 row8/_165_ (net)
     1    0.0050    0.0764    0.3882    3.2013 v row8/_307_/X (sky130_fd_sc_hd__maj3_1)
                                                 row8/_015_ (net)
                    0.0764    0.0002    3.2015 v row8/_462_/D (sky130_fd_sc_hd__dfxtp_1)
                                        3.2015   data arrival time

                              3.0000    3.0000   clock clk (rise edge)
                              1.1035    4.1035   clock network delay (propagated)
                              0.0000    4.1035   clock reconvergence pessimism
                                        4.1035 ^ row8/_462_/CLK (sky130_fd_sc_hd__dfxtp_1)
                             -0.1209    3.9825   library setup time
                                        3.9825   data required time
-------------------------------------------------------------------------------------
                                        3.9825   data required time
                                       -3.2015   data arrival time
-------------------------------------------------------------------------------------
                                        0.7810   slack (MET)


SIGNOFF_SETUP_PATH_END
SIGNOFF_HOLD_PATH_BEGIN
Startpoint: x[35] (input port clocked by clk)
Endpoint: ng35/_7_ (rising edge-triggered flip-flop clocked by clk)
Path Group: clk
Path Type: min

    Delay      Time   Description
-------------------------------------------------------------
   0.0000    0.0000   clock clk (rise edge)
   0.0000    0.0000   clock network delay (propagated)
   0.0000    0.0000 v input external delay
   0.0000    0.0000 v x[35] (in)
                      x[35] (net)
   0.5591    0.5591 v hold3042/X (sky130_fd_sc_hd__dlygate4sd3_1)
                      net3042 (net)
   0.5364    1.0955 v input30/X (sky130_fd_sc_hd__clkdlybuf4s50_1)
                      net30 (net)
   0.0005    1.0960 v ng35/_7_/D (sky130_fd_sc_hd__dfxtp_1)
             1.0960   data arrival time

   0.0000    0.0000   clock clk (rise edge)
   1.1034    1.1034   clock network delay (propagated)
   0.0000    1.1034   clock reconvergence pessimism
             1.1034 ^ ng35/_7_/CLK (sky130_fd_sc_hd__dfxtp_1)
  -0.0997    1.0038   library hold time
             1.0038   data required time
-------------------------------------------------------------
             1.0038   data required time
            -1.0960   data arrival time
-------------------------------------------------------------
             0.0922   slack (MET)


SIGNOFF_HOLD_PATH_END
SIGNOFF_PROG_WS setup=1.2901097967699116e-9
SIGNOFF_PROG_PATH_BEGIN
Startpoint: ng45/_7_ (rising edge-triggered flip-flop clocked by clk)
Endpoint: row4/_463_ (rising edge-triggered flip-flop clocked by clk)
Path Group: clk
Path Type: max

Fanout       Cap      Slew     Delay      Time   Description
-------------------------------------------------------------------------------------
                              0.0000    0.0000   clock clk (rise edge)
                              1.0765    1.0765   clock network delay (propagated)
                    0.0605    0.0000    1.0765 ^ ng45/_7_/CLK (sky130_fd_sc_hd__dfxtp_1)
     1    0.0057    0.0651    0.3246    1.4011 ^ ng45/_7_/Q (sky130_fd_sc_hd__dfxtp_1)
                                                 lp45 (net)
     3    0.0612    0.1731    0.2104    1.6115 ^ place2783/X (sky130_fd_sc_hd__buf_4)
                                                 net2783 (net)
     2    0.0298    0.0917    0.1920    1.8035 ^ place2782/X (sky130_fd_sc_hd__buf_4)
                                                 net2782 (net)
    10    0.0449    0.2197    0.2554    2.0590 ^ lt_lp45_s0/Z (LTAPB2)
                                                 pgm_lp45_s0 (net)
     2    0.0095    0.1197    0.1695    2.2285 ^ vs_4_45/Z (VSITE_BUF)
                                                 lf_4_45 (net)
     1    0.0069    0.0904    0.4469    2.6753 v row4/_311_/X (sky130_fd_sc_hd__xor3_1)
                                                 row4/_077_ (net)
                    0.0904    0.0003    2.6756 v row4/_463_/D (sky130_fd_sc_hd__dfxtp_1)
                                        2.6756   data arrival time

                              3.0000    3.0000   clock clk (rise edge)
                              1.0930    4.0930   clock network delay (propagated)
                              0.0000    4.0930   clock reconvergence pessimism
                                        4.0930 ^ row4/_463_/CLK (sky130_fd_sc_hd__dfxtp_1)
                             -0.1272    3.9657   library setup time
                                        3.9657   data required time
-------------------------------------------------------------------------------------
                                        3.9657   data required time
                                       -2.6756   data arrival time
-------------------------------------------------------------------------------------
                                        1.2901   slack (MET)


SIGNOFF_PROG_PATH_END
SIGNOFF_SLEW tap_input_max=0.173900 tap_input_pin=lt_lp45_s3/A site_input_max=0.244907 site_input_pin=vs_30_35/A
SIGNOFF_SPINE_DRIVERS sky130_fd_sc_hd__buf_4 512
