OpenROAD unknown 
Features included (+) or not (-): -GPU +GUI -Python
This program is licensed under the BSD-3 license. See the LICENSE file for details.
Components of this program may be licensed under more restrictive licenses which must be honored.
[INFO ORD-0030] Using 1 thread(s).
SIGNOFF_WS corner=tt setup=8.170790710693154e-10 hold=7.428224702010766e-11
SIGNOFF_SETUP_PATH_BEGIN
Startpoint: row24/_378_ (rising edge-triggered flip-flop clocked by clk)
Endpoint: y[24] (output port clocked by clk)
Path Group: clk
Path Type: max

Fanout       Cap      Slew     Delay      Time   Description
-------------------------------------------------------------------------------------
                              0.0000    0.0000   clock clk (rise edge)
                              1.0803    1.0803   clock network delay (propagated)
                    0.0644    0.0000    1.0803 ^ row24/_378_/CLK (sky130_fd_sc_hd__dfxtp_1)
     1    0.0044    0.0541    0.3177    1.3980 ^ row24/_378_/Q (sky130_fd_sc_hd__dfxtp_1)
                                                 net82 (net)
     1    0.0486    0.4681    0.7750    2.1729 ^ output82/X (sky130_fd_sc_hd__clkdlybuf4s50_1)
                                                 y[24] (net)
                    0.4684    0.0100    2.1829 ^ y[24] (out)
                                        2.1829   data arrival time

                              3.0000    3.0000   clock clk (rise edge)
                              0.0000    3.0000   clock network delay (propagated)
                              0.0000    3.0000   clock reconvergence pessimism
                              0.0000    3.0000   output external delay
                                        3.0000   data required time
-------------------------------------------------------------------------------------
                                        3.0000   data required time
                                       -2.1829   data arrival time
-------------------------------------------------------------------------------------
                                        0.8171   slack (MET)


SIGNOFF_SETUP_PATH_END
SIGNOFF_HOLD_PATH_BEGIN
Startpoint: x[26] (input port clocked by clk)
Endpoint: ng26/_7_ (rising edge-triggered flip-flop clocked by clk)
Path Group: clk
Path Type: min

    Delay      Time   Description
-------------------------------------------------------------
   0.0000    0.0000   clock clk (rise edge)
   0.0000    0.0000   clock network delay (propagated)
   0.0000    0.0000 v input external delay
   0.0000    0.0000 v x[26] (in)
                      x[26] (net)
   0.5935    0.5935 v hold2211/X (sky130_fd_sc_hd__dlygate4sd3_1)
                      net2211 (net)
   0.5006    1.0941 v input20/X (sky130_fd_sc_hd__clkdlybuf4s50_1)
                      net20 (net)
   0.0002    1.0943 v ng26/_7_/D (sky130_fd_sc_hd__dfxtp_1)
             1.0943   data arrival time

   0.0000    0.0000   clock clk (rise edge)
   1.0954    1.0954   clock network delay (propagated)
   0.0000    1.0954   clock reconvergence pessimism
             1.0954 ^ ng26/_7_/CLK (sky130_fd_sc_hd__dfxtp_1)
  -0.0755    1.0200   library hold time
             1.0200   data required time
-------------------------------------------------------------
             1.0200   data required time
            -1.0943   data arrival time
-------------------------------------------------------------
             0.0743   slack (MET)


SIGNOFF_HOLD_PATH_END
SIGNOFF_PROG_WS setup=1.460994214497191e-9
SIGNOFF_PROG_PATH_BEGIN
Startpoint: ng43/_8_ (rising edge-triggered flip-flop clocked by clk)
Endpoint: row16/_465_ (rising edge-triggered flip-flop clocked by clk)
Path Group: clk
Path Type: max

Fanout       Cap      Slew     Delay      Time   Description
-------------------------------------------------------------------------------------
                              0.0000    0.0000   clock clk (rise edge)
                              1.0796    1.0796   clock network delay (propagated)
                    0.0635    0.0000    1.0796 ^ ng43/_8_/CLK (sky130_fd_sc_hd__dfxtp_1)
     1    0.0108    0.1099    0.3588    1.4384 ^ ng43/_8_/Q (sky130_fd_sc_hd__dfxtp_1)
                                                 ln43 (net)
     1    0.0509    0.1462    0.2057    1.6441 ^ place2147/X (sky130_fd_sc_hd__buf_4)
                                                 net2147 (net)
    20    0.1363    0.1606    0.2307    1.8748 ^ lt_ln43/Z (LTAPBW12)
                                                 pgm_ln43 (net)
     2    0.0102    0.1268    0.1706    2.0454 ^ vs_16_43/Z (VSITE_BUF)
                                                 lf_16_43 (net)
     1    0.0067    0.0896    0.4476    2.4930 v row16/_314_/X (sky130_fd_sc_hd__xor3_1)
                                                 row16/_076_ (net)
                    0.0896    0.0003    2.4933 v row16/_465_/D (sky130_fd_sc_hd__dfxtp_1)
                                        2.4933   data arrival time

                              3.0000    3.0000   clock clk (rise edge)
                              1.0809    4.0809   clock network delay (propagated)
                              0.0000    4.0809   clock reconvergence pessimism
                                        4.0809 ^ row16/_465_/CLK (sky130_fd_sc_hd__dfxtp_1)
                             -0.1266    3.9543   library setup time
                                        3.9543   data required time
-------------------------------------------------------------------------------------
                                        3.9543   data required time
                                       -2.4933   data arrival time
-------------------------------------------------------------------------------------
                                        1.4610   slack (MET)


SIGNOFF_PROG_PATH_END
SIGNOFF_SLEW tap_input_max=0.212492 tap_input_pin=lt_lp3/A site_input_max=0.183198 site_input_pin=vs_60_34/A
SIGNOFF_SPINE_DRIVERS sky130_fd_sc_hd__buf_4 83 sky130_fd_sc_hd__dfxtp_1 45
