OpenROAD unknown 
Features included (+) or not (-): -GPU +GUI -Python
This program is licensed under the BSD-3 license. See the LICENSE file for details.
Components of this program may be licensed under more restrictive licenses which must be honored.
[INFO ORD-0030] Using 1 thread(s).
SIGNOFF_WS corner=ff setup=1.4969256945107645e-9 hold=6.293465748541394e-12
SIGNOFF_SETUP_PATH_BEGIN
Startpoint: row24/_378_ (rising edge-triggered flip-flop clocked by clk)
Endpoint: y[24] (output port clocked by clk)
Path Group: clk
Path Type: max

Fanout       Cap      Slew     Delay      Time   Description
-------------------------------------------------------------------------------------
                              0.0000    0.0000   clock clk (rise edge)
                              0.7564    0.7564   clock network delay (propagated)
                    0.0496    0.0000    0.7564 ^ row24/_378_/CLK (sky130_fd_sc_hd__dfxtp_1)
     1    0.0044    0.0399    0.1980    0.9544 ^ row24/_378_/Q (sky130_fd_sc_hd__dfxtp_1)
                                                 net82 (net)
     1    0.0486    0.3517    0.5387    1.4931 ^ output82/X (sky130_fd_sc_hd__clkdlybuf4s50_1)
                                                 y[24] (net)
                    0.3523    0.0100    1.5031 ^ y[24] (out)
                                        1.5031   data arrival time

                              3.0000    3.0000   clock clk (rise edge)
                              0.0000    3.0000   clock network delay (propagated)
                              0.0000    3.0000   clock reconvergence pessimism
                              0.0000    3.0000   output external delay
                                        3.0000   data required time
-------------------------------------------------------------------------------------
                                        3.0000   data required time
                                       -1.5031   data arrival time
-------------------------------------------------------------------------------------
                                        1.4969   slack (MET)


SIGNOFF_SETUP_PATH_END
SIGNOFF_HOLD_PATH_BEGIN
Startpoint: x[26] (input port clocked by clk)
Endpoint: ng26/_7_ (rising edge-triggered flip-flop clocked by clk)
Path Group: clk
Path Type: min

    Delay      Time   Description
-------------------------------------------------------------
   0.0000    0.0000   clock clk (rise edge)
   0.0000    0.0000   clock network delay (propagated)
   0.0000    0.0000 v input external delay
   0.0000    0.0000 v x[26] (in)
                      x[26] (net)
   0.3943    0.3943 v hold2211/X (sky130_fd_sc_hd__dlygate4sd3_1)
                      net2211 (net)
   0.3320    0.7263 v input20/X (sky130_fd_sc_hd__clkdlybuf4s50_1)
                      net20 (net)
   0.0002    0.7265 v ng26/_7_/D (sky130_fd_sc_hd__dfxtp_1)
             0.7265   data arrival time

   0.0000    0.0000   clock clk (rise edge)
   0.7724    0.7724   clock network delay (propagated)
   0.0000    0.7724   clock reconvergence pessimism
             0.7724 ^ ng26/_7_/CLK (sky130_fd_sc_hd__dfxtp_1)
  -0.0522    0.7202   library hold time
             0.7202   data required time
-------------------------------------------------------------
             0.7202   data required time
            -0.7265   data arrival time
-------------------------------------------------------------
             0.0063   slack (MET)


SIGNOFF_HOLD_PATH_END
SIGNOFF_PROG_WS setup=2.0380486187576707e-9
SIGNOFF_PROG_PATH_BEGIN
Startpoint: ng43/_8_ (rising edge-triggered flip-flop clocked by clk)
Endpoint: row16/_465_ (rising edge-triggered flip-flop clocked by clk)
Path Group: clk
Path Type: max

Fanout       Cap      Slew     Delay      Time   Description
-------------------------------------------------------------------------------------
                              0.0000    0.0000   clock clk (rise edge)
                              0.7567    0.7567   clock network delay (propagated)
                    0.0488    0.0000    0.7567 ^ ng43/_8_/CLK (sky130_fd_sc_hd__dfxtp_1)
     1    0.0108    0.0824    0.2282    0.9850 ^ ng43/_8_/Q (sky130_fd_sc_hd__dfxtp_1)
                                                 ln43 (net)
     1    0.0509    0.1105    0.1364    1.1213 ^ place2147/X (sky130_fd_sc_hd__buf_4)
                                                 net2147 (net)
    20    0.1376    0.1232    0.1597    1.2810 ^ lt_ln43/Z (LTAPBW12)
                                                 pgm_ln43 (net)
     2    0.0103    0.0954    0.1098    1.3908 ^ vs_16_43/Z (VSITE_BUF)
                                                 lf_16_43 (net)
     1    0.0068    0.0797    0.2452    1.6360 v row16/_314_/X (sky130_fd_sc_hd__xor3_1)
                                                 row16/_076_ (net)
                    0.0797    0.0003    1.6363 v row16/_465_/D (sky130_fd_sc_hd__dfxtp_1)
                                        1.6363   data arrival time

                              3.0000    3.0000   clock clk (rise edge)
                              0.7600    3.7600   clock network delay (propagated)
                              0.0000    3.7600   clock reconvergence pessimism
                                        3.7600 ^ row16/_465_/CLK (sky130_fd_sc_hd__dfxtp_1)
                             -0.0857    3.6743   library setup time
                                        3.6743   data required time
-------------------------------------------------------------------------------------
                                        3.6743   data required time
                                       -1.6363   data arrival time
-------------------------------------------------------------------------------------
                                        2.0380   slack (MET)


SIGNOFF_PROG_PATH_END
SIGNOFF_SLEW tap_input_max=0.160243 tap_input_pin=lt_lp3/A site_input_max=0.140990 site_input_pin=vs_60_34/A
SIGNOFF_SPINE_DRIVERS sky130_fd_sc_hd__buf_4 83 sky130_fd_sc_hd__dfxtp_1 45
