
 /----------------------------------------------------------------------------\
 |  yosys -- Yosys Open SYnthesis Suite                                       |
 |  Copyright (C) 2012 - 2026  Claire Xenia Wolf <claire@yosyshq.com>         |
 |  Distributed under an ISC-like license, type "license" to see terms        |
 \----------------------------------------------------------------------------/
 Yosys 0.69+ (git sha1 e8db64c60, Release, Clang /usr/bin/clang++ 18.1.3)

-- Executing script file `/tmp/passwitness-script.ys' --

1. Executing Verilog-2005 frontend: /workspace/fixtures/signed_fma_bug/source.v
Parsing SystemVerilog input from `/workspace/fixtures/signed_fma_bug/source.v' to AST representation.
Generating RTLIL representation for module `\fma_impl'.
Successfully finished Verilog frontend.

2. Executing Verilog-2005 frontend: /workspace/out/fma-localized-patched-package/work/candidate.v
Parsing Verilog input from `/workspace/out/fma-localized-patched-package/work/candidate.v' to AST representation.
Generating RTLIL representation for module `\passwitness_candidate'.
Successfully finished Verilog frontend.

3. Executing Verilog-2005 frontend: /workspace/out/fma-localized-patched-package/work/miter.v
Parsing Verilog input from `/workspace/out/fma-localized-patched-package/work/miter.v' to AST representation.
Generating RTLIL representation for module `\passwitness_miter'.
Successfully finished Verilog frontend.

4. Executing HIERARCHY pass (managing design hierarchy).

4.1. Analyzing design hierarchy..
Top module:  \passwitness_miter
Used module:     \passwitness_candidate
Used module:     \fma_impl

4.2. Analyzing design hierarchy..
Top module:  \passwitness_miter
Used module:     \passwitness_candidate
Used module:     \fma_impl
Removed 0 unused modules.

5. Executing PREP pass.

5.1. Executing HIERARCHY pass (managing design hierarchy).

5.1.1. Analyzing design hierarchy..
Top module:  \passwitness_miter
Used module:     \passwitness_candidate
Used module:     \fma_impl

5.1.2. Analyzing design hierarchy..
Top module:  \passwitness_miter
Used module:     \passwitness_candidate
Used module:     \fma_impl
Removed 0 unused modules.

5.2. Executing PROC pass (convert processes to netlists).

5.2.1. Executing PROC_CLEAN pass (remove empty switches from decision trees).
Cleaned up 0 empty switches.

5.2.2. Executing PROC_RMDEAD pass (remove dead branches from decision trees).
Removed a total of 0 dead cases.

5.2.3. Executing PROC_PRUNE pass (remove redundant assignments in processes).
Removed 0 redundant assignments.
Promoted 0 assignments to connections.

5.2.4. Executing PROC_INIT pass (extract init attributes).

5.2.5. Executing PROC_ARST pass (detect async resets in processes).

5.2.6. Executing PROC_ROM pass (convert switches to ROMs).
Converted 0 switches.

5.2.7. Executing PROC_MUX pass (convert decision trees to multiplexers).

5.2.8. Executing PROC_DLATCH pass (convert process syncs to latches).

5.2.9. Executing PROC_DFF pass (convert process syncs to FFs).

5.2.10. Executing PROC_MEMWR pass (convert process memory writes to cells).

5.2.11. Executing PROC_CLEAN pass (remove empty switches from decision trees).
Cleaned up 0 empty switches.

5.2.12. Executing OPT_EXPR pass (perform const folding).
Optimizing module passwitness_miter.
Optimizing module passwitness_candidate.
<suppressed ~1 debug messages>
Optimizing module fma_impl.

5.3. Executing FUTURE pass.

5.4. Executing OPT_EXPR pass (perform const folding).
Optimizing module passwitness_miter.
Optimizing module passwitness_candidate.
Optimizing module fma_impl.

5.5. Executing CHECK pass (checking for obvious problems).
Checking module passwitness_miter...
Checking module passwitness_candidate...
Checking module fma_impl...
Found and reported 0 problems.

5.6. Executing OPT_CLEAN pass (remove unused cells and wires).
Finding unused cells or wires in module \passwitness_miter..
Finding unused cells or wires in module \passwitness_candidate..
Finding unused cells or wires in module \fma_impl..
Removed 0 unused cells and 60 unused wires.
<suppressed ~3 debug messages>

5.7. Executing OPT pass (performing simple optimizations).

5.7.1. Executing OPT_EXPR pass (perform const folding).
Optimizing module passwitness_miter.
Optimizing module passwitness_candidate.
Optimizing module fma_impl.

5.7.2. Executing OPT_MERGE pass (detect identical cells).
Finding identical cells in module `\passwitness_miter'.
Computing hashes of 4 cells of `\passwitness_miter'.
Finding duplicate cells in `\passwitness_miter'.
Finding identical cells in module `\passwitness_candidate'.
Computing hashes of 83 cells of `\passwitness_candidate'.
Finding duplicate cells in `\passwitness_candidate'.
Finding identical cells in module `\fma_impl'.
Computing hashes of 3 cells of `\fma_impl'.
Finding duplicate cells in `\fma_impl'.
Removed a total of 0 cells.

5.7.3. Executing OPT_MUXTREE pass (detect dead branches in mux trees).
Running muxtree optimizer on module \passwitness_miter..
  Creating internal representation of mux trees.
  No muxes found in this module.
Running muxtree optimizer on module \passwitness_candidate..
  Creating internal representation of mux trees.
  Evaluating internal representation of mux trees.
  Analyzing evaluation results.
Running muxtree optimizer on module \fma_impl..
  Creating internal representation of mux trees.
  No muxes found in this module.
Removed 0 multiplexer ports.
<suppressed ~8 debug messages>

5.7.4. Executing OPT_REDUCE pass (consolidate $*mux and $reduce_* inputs).
  Optimizing cells in module \passwitness_miter.
  Optimizing cells in module \passwitness_candidate.
  Optimizing cells in module \fma_impl.
Performed a total of 0 changes.

5.7.5. Executing OPT_MERGE pass (detect identical cells).
Finding identical cells in module `\passwitness_miter'.
Computing hashes of 4 cells of `\passwitness_miter'.
Finding duplicate cells in `\passwitness_miter'.
Finding identical cells in module `\passwitness_candidate'.
Computing hashes of 83 cells of `\passwitness_candidate'.
Finding duplicate cells in `\passwitness_candidate'.
Finding identical cells in module `\fma_impl'.
Computing hashes of 3 cells of `\fma_impl'.
Finding duplicate cells in `\fma_impl'.
Removed a total of 0 cells.

5.7.6. Executing OPT_CLEAN pass (remove unused cells and wires).
Finding unused cells or wires in module \passwitness_miter..
Finding unused cells or wires in module \passwitness_candidate..
Finding unused cells or wires in module \fma_impl..

5.7.7. Executing OPT_EXPR pass (perform const folding).
Optimizing module passwitness_miter.
Optimizing module passwitness_candidate.
Optimizing module fma_impl.

5.7.8. Finished fast OPT passes. (There is nothing left to do.)

5.8. Executing WREDUCE pass (reducing word size of cells).
Removed top 18 bits (of 20) from wire passwitness_candidate.p1.
Removed top 16 bits (of 20) from port A of cell fma_impl.$mul$/workspace/fixtures/signed_fma_bug/source.v:9$1 ($mul).
Removed top 21 bits (of 24) from port B of cell fma_impl.$mul$/workspace/fixtures/signed_fma_bug/source.v:9$1 ($mul).
Removed top 17 bits (of 24) from port Y of cell fma_impl.$mul$/workspace/fixtures/signed_fma_bug/source.v:9$1 ($mul).
Removed top 16 bits (of 20) from port A of cell fma_impl.$mul$/workspace/fixtures/signed_fma_bug/source.v:10$2 ($mul).
Removed top 22 bits (of 24) from port B of cell fma_impl.$mul$/workspace/fixtures/signed_fma_bug/source.v:10$2 ($mul).
Removed top 18 bits (of 24) from port Y of cell fma_impl.$mul$/workspace/fixtures/signed_fma_bug/source.v:10$2 ($mul).
Converting cell fma_impl.$add$/workspace/fixtures/signed_fma_bug/source.v:11$3 ($add) from unsigned to signed.
Removed top 13 bits (of 20) from port A of cell fma_impl.$add$/workspace/fixtures/signed_fma_bug/source.v:11$3 ($add).
Removed top 14 bits (of 20) from port B of cell fma_impl.$add$/workspace/fixtures/signed_fma_bug/source.v:11$3 ($add).
Removed top 12 bits (of 20) from port Y of cell fma_impl.$add$/workspace/fixtures/signed_fma_bug/source.v:11$3 ($add).

5.9. Executing OPT_CLEAN pass (remove unused cells and wires).
Finding unused cells or wires in module \passwitness_miter..
Finding unused cells or wires in module \passwitness_candidate..
Finding unused cells or wires in module \fma_impl..
Removed 0 unused cells and 3 unused wires.
<suppressed ~2 debug messages>

5.10. Executing MEMORY_COLLECT pass (generating $mem cells).

5.11. Executing OPT pass (performing simple optimizations).

5.11.1. Executing OPT_EXPR pass (perform const folding).
Optimizing module passwitness_miter.
Optimizing module passwitness_candidate.
Optimizing module fma_impl.

5.11.2. Executing OPT_MERGE pass (detect identical cells).
Finding identical cells in module `\passwitness_miter'.
Computing hashes of 4 cells of `\passwitness_miter'.
Finding duplicate cells in `\passwitness_miter'.
Finding identical cells in module `\passwitness_candidate'.
Computing hashes of 83 cells of `\passwitness_candidate'.
Finding duplicate cells in `\passwitness_candidate'.
Finding identical cells in module `\fma_impl'.
Computing hashes of 3 cells of `\fma_impl'.
Finding duplicate cells in `\fma_impl'.
Removed a total of 0 cells.

5.11.3. Executing OPT_CLEAN pass (remove unused cells and wires).
Finding unused cells or wires in module \passwitness_miter..
Finding unused cells or wires in module \passwitness_candidate..
Finding unused cells or wires in module \fma_impl..

5.11.4. Finished fast OPT passes.

5.12. Executing SORT pass.

5.13. Printing statistics.

=== fma_impl ===

        +----------Local Count, excluding submodules.
        | 
        7 wires
      108 wire bits
        7 public wires
      108 public wire bits
        3 ports
       28 port bits
        3 cells
        1   $add
        2   $mul

=== passwitness_candidate ===

        +----------Local Count, excluding submodules.
        | 
       84 wires
      167 wire bits
       58 public wires
      141 public wire bits
        3 ports
       28 port bits
       83 cells
       26   $and
        4   $mux
       26   $not
        8   $or
       19   $xor

=== passwitness_miter ===

        +----------Local Count, excluding submodules.
        | 
        6 wires
       69 wire bits
        5 public wires
       49 public wire bits
        5 ports
       49 port bits
        2 cells
        1   $reduce_or
        1   $xor
        2 submodules
        1   fma_impl
        1   passwitness_candidate

=== design hierarchy ===

        +----------Count including submodules.
        | 
       88 passwitness_miter
        3 fma_impl
       83 passwitness_candidate

        +----------Count including submodules.
        | 
       97 wires
      344 wire bits
       70 public wires
      298 public wire bits
       11 ports
      105 port bits
        - memories
        - memory bits
        - processes
       88 cells
        1   $add
       26   $and
        2   $mul
        4   $mux
       26   $not
        8   $or
        1   $reduce_or
       20   $xor
        2 submodules
        1   fma_impl
        1   passwitness_candidate

5.14. Executing CHECK pass (checking for obvious problems).
Checking module fma_impl...
Checking module passwitness_candidate...
Checking module passwitness_miter...
Found and reported 0 problems.

6. Executing FLATTEN pass (flatten design).
Deleting now unused module fma_impl.
Deleting now unused module passwitness_candidate.
<suppressed ~2 debug messages>

7. Executing OPT pass (performing simple optimizations).

7.1. Executing OPT_EXPR pass (perform const folding).
Optimizing module passwitness_miter.
<suppressed ~2 debug messages>

7.2. Executing OPT_MERGE pass (detect identical cells).
Finding identical cells in module `\passwitness_miter'.
Computing hashes of 90 cells of `\passwitness_miter'.
Finding duplicate cells in `\passwitness_miter'.
Removed a total of 0 cells.

7.3. Executing OPT_MUXTREE pass (detect dead branches in mux trees).
Running muxtree optimizer on module \passwitness_miter..
  Creating internal representation of mux trees.
  Evaluating internal representation of mux trees.
  Analyzing evaluation results.
Removed 0 multiplexer ports.
<suppressed ~8 debug messages>

7.4. Executing OPT_REDUCE pass (consolidate $*mux and $reduce_* inputs).
  Optimizing cells in module \passwitness_miter.
Performed a total of 0 changes.

7.5. Executing OPT_MERGE pass (detect identical cells).
Finding identical cells in module `\passwitness_miter'.
Computing hashes of 90 cells of `\passwitness_miter'.
Finding duplicate cells in `\passwitness_miter'.
Removed a total of 0 cells.

7.6. Executing OPT_DFF pass (perform DFF optimizations).

7.7. Executing OPT_CLEAN pass (remove unused cells and wires).
Finding unused cells or wires in module \passwitness_miter..

7.8. Executing OPT_EXPR pass (perform const folding).
Optimizing module passwitness_miter.

7.9. Finished fast OPT passes. (There is nothing left to do.)

8. Executing SAT pass (solving SAT problems in the circuit).
Using SAT solver `minisat`.

Setting up SAT problem:
Final constraint equation: { } = { }
Import def constraint for this timestep: \a
Import def constraint for this timestep: \b
Imported 90 cells to SAT database.
Import proof-constraint: \mismatch = 1'0
Final proof equation: \mismatch = 1'0
Import show expression: \a
Import show expression: \b
Import show expression: \candidate_y
Import show expression: \mismatch
Import show expression: \reference_y

Solving problem with 2084 variables and 5526 clauses..
SAT proof finished - no model found: SUCCESS!

                  /$$$$$$      /$$$$$$$$     /$$$$$$$    
                 /$$__  $$    | $$_____/    | $$__  $$   
                | $$  \ $$    | $$          | $$  \ $$   
                | $$  | $$    | $$$$$       | $$  | $$   
                | $$  | $$    | $$__/       | $$  | $$   
                | $$/$$ $$    | $$          | $$  | $$   
                |  $$$$$$/ /$$| $$$$$$$$ /$$| $$$$$$$//$$
                 \____ $$$|__/|________/|__/|_______/|__/
                       \__/                              

End of script. Logfile hash: 7543b3d4fe, time: 0.06s, user: 0.03s, system: 0.02s, MEM: 18.03 MB peak
Yosys 0.69+ (git sha1 e8db64c60, Release, Clang /usr/bin/clang++ 18.1.3)
Time spent: 35% 1x sat (0 sec), 22% 6x read_verilog (0 sec), ...
