OpenROAD unknown 
Features included (+) or not (-): -GPU +GUI -Python
This program is licensed under the BSD-3 license. See the LICENSE file for details.
Components of this program may be licensed under more restrictive licenses which must be honored.
[INFO ORD-0030] Using 1 thread(s).
SIGNOFF_WS corner=ff setup=1.6362960986171515e-9 hold=1.515238490235049e-10
SIGNOFF_SETUP_PATH_BEGIN
Startpoint: row21/_126_ (rising edge-triggered flip-flop clocked by clk)
Endpoint: y[21] (output port clocked by clk)
Path Group: clk
Path Type: max

Fanout       Cap      Slew     Delay      Time   Description
-------------------------------------------------------------------------------------
                              0.0000    0.0000   clock clk (rise edge)
                              0.6844    0.6844   clock network delay (propagated)
                    0.0497    0.0000    0.6844 ^ row21/_126_/CLK (sky130_fd_sc_hd__dfxtp_1)
     1    0.0028    0.0295    0.1897    0.8741 ^ row21/_126_/Q (sky130_fd_sc_hd__dfxtp_1)
                                                 net78 (net)
     1    0.0375    0.2741    0.4838    1.3579 ^ output79/X (sky130_fd_sc_hd__clkdlybuf4s50_1)
                                                 y[21] (net)
                    0.2742    0.0058    1.3637 ^ y[21] (out)
                                        1.3637   data arrival time

                              3.0000    3.0000   clock clk (rise edge)
                              0.0000    3.0000   clock network delay (propagated)
                              0.0000    3.0000   clock reconvergence pessimism
                              0.0000    3.0000   output external delay
                                        3.0000   data required time
-------------------------------------------------------------------------------------
                                        3.0000   data required time
                                       -1.3637   data arrival time
-------------------------------------------------------------------------------------
                                        1.6363   slack (MET)


SIGNOFF_SETUP_PATH_END
SIGNOFF_HOLD_PATH_BEGIN
Startpoint: x[2] (input port clocked by clk)
Endpoint: gen0/_122_ (rising edge-triggered flip-flop clocked by clk)
Path Group: clk
Path Type: min

    Delay      Time   Description
-------------------------------------------------------------
   0.0000    0.0000   clock clk (rise edge)
   0.0000    0.0000   clock network delay (propagated)
   0.0000    0.0000 v input external delay
   0.0000    0.0000 v x[2] (in)
                      x[2] (net)
   0.3574    0.3574 v hold373/X (sky130_fd_sc_hd__dlygate4sd3_1)
                      net372 (net)
   0.4029    0.7603 v input25/X (sky130_fd_sc_hd__clkdlybuf4s50_1)
                      net24 (net)
   0.0017    0.7620 v gen0/_122_/D (sky130_fd_sc_hd__dfxtp_1)
             0.7620   data arrival time

   0.0000    0.0000   clock clk (rise edge)
   0.6966    0.6966   clock network delay (propagated)
   0.0000    0.6966   clock reconvergence pessimism
             0.6966 ^ gen0/_122_/CLK (sky130_fd_sc_hd__dfxtp_1)
  -0.0861    0.6105   library hold time
             0.6105   data required time
-------------------------------------------------------------
             0.6105   data required time
            -0.7620   data arrival time
-------------------------------------------------------------
             0.1515   slack (MET)


SIGNOFF_HOLD_PATH_END
SIGNOFF_PROG_WS setup=1.7124776041654854e-9
SIGNOFF_PROG_PATH_BEGIN
Startpoint: ng20_0/_7_ (rising edge-triggered flip-flop clocked by clk)
Endpoint: row15/_152_ (rising edge-triggered flip-flop clocked by clk)
Path Group: clk
Path Type: max

Fanout       Cap      Slew     Delay      Time   Description
-------------------------------------------------------------------------------------
                              0.0000    0.0000   clock clk (rise edge)
                              0.6740    0.6740   clock network delay (propagated)
                    0.0443    0.0000    0.6740 ^ ng20_0/_7_/CLK (sky130_fd_sc_hd__dfxtp_1)
     4    0.0801    0.5611    0.5474    1.2215 ^ ng20_0/_7_/Q (sky130_fd_sc_hd__dfxtp_1)
                                                 pp20_0 (net)
     2    0.0254    0.0677    0.1505    1.3720 ^ lt_pp20_0_s0/Z (LTAP2)
                                                 pgm_pp20_0_s0 (net)
     2    0.0180    0.1610    0.1465    1.5185 ^ vs_15_20/Z (VSITE_BUF)
                                                 lf_15_20 (net)
     2    0.0450    0.1818    0.3277    1.8462 v row15/_095_/X (sky130_fd_sc_hd__xor3_1)
                                                 row15/_022_ (net)
                    0.1818    0.0017    1.8479 v row15/_152_/D (sky130_fd_sc_hd__dfxtp_1)
                                        1.8479   data arrival time

                              3.0000    3.0000   clock clk (rise edge)
                              0.6826    3.6826   clock network delay (propagated)
                              0.0000    3.6826   clock reconvergence pessimism
                                        3.6826 ^ row15/_152_/CLK (sky130_fd_sc_hd__dfxtp_1)
                             -0.1222    3.5604   library setup time
                                        3.5604   data required time
-------------------------------------------------------------------------------------
                                        3.5604   data required time
                                       -1.8479   data arrival time
-------------------------------------------------------------------------------------
                                        1.7125   slack (MET)


SIGNOFF_PROG_PATH_END
SIGNOFF_SLEW tap_input_max=0.992397 tap_input_pin=lt_pn16_4_s3/A site_input_max=0.087375 site_input_pin=vs_31_2/A
SIGNOFF_SPINE_DRIVERS sky130_fd_sc_hd__dfxtp_1 2192
