OpenROAD unknown 
Features included (+) or not (-): -GPU +GUI -Python
This program is licensed under the BSD-3 license. See the LICENSE file for details.
Components of this program may be licensed under more restrictive licenses which must be honored.
[INFO ORD-0030] Using 1 thread(s).
SIGNOFF_WS corner=tt setup=9.5683438949834e-10 hold=2.911080265732835e-10
SIGNOFF_SETUP_PATH_BEGIN
Startpoint: ng20_0/_7_ (rising edge-triggered flip-flop clocked by clk)
Endpoint: row15/_152_ (rising edge-triggered flip-flop clocked by clk)
Path Group: clk
Path Type: max

Fanout       Cap      Slew     Delay      Time   Description
-------------------------------------------------------------------------------------
                              0.0000    0.0000   clock clk (rise edge)
                              0.9543    0.9543   clock network delay (propagated)
                    0.0576    0.0000    0.9543 ^ ng20_0/_7_/CLK (sky130_fd_sc_hd__dfxtp_1)
     4    0.0800    0.7419    0.7883    1.7427 ^ ng20_0/_7_/Q (sky130_fd_sc_hd__dfxtp_1)
                                                 pp20_0 (net)
     2    0.0253    0.0901    0.2957    2.0383 ^ lt_pp20_0_s0/Z (LTAP2)
                                                 pgm_pp20_0_s0 (net)
     2    0.0179    0.2149    0.2132    2.2515 ^ vs_15_20/Z (VSITE_BUF)
                                                 lf_15_20 (net)
     2    0.0450    0.2603    0.5568    2.8083 v row15/_095_/X (sky130_fd_sc_hd__xor3_1)
                                                 row15/_022_ (net)
                    0.2603    0.0017    2.8100 v row15/_152_/D (sky130_fd_sc_hd__dfxtp_1)
                                        2.8100   data arrival time

                              3.0000    3.0000   clock clk (rise edge)
                              0.9687    3.9687   clock network delay (propagated)
                              0.0000    3.9687   clock reconvergence pessimism
                                        3.9687 ^ row15/_152_/CLK (sky130_fd_sc_hd__dfxtp_1)
                             -0.2018    3.7669   library setup time
                                        3.7669   data required time
-------------------------------------------------------------------------------------
                                        3.7669   data required time
                                       -2.8100   data arrival time
-------------------------------------------------------------------------------------
                                        0.9568   slack (MET)


SIGNOFF_SETUP_PATH_END
SIGNOFF_HOLD_PATH_BEGIN
Startpoint: x[2] (input port clocked by clk)
Endpoint: gen0/_122_ (rising edge-triggered flip-flop clocked by clk)
Path Group: clk
Path Type: min

    Delay      Time   Description
-------------------------------------------------------------
   0.0000    0.0000   clock clk (rise edge)
   0.0000    0.0000   clock network delay (propagated)
   0.0000    0.0000 v input external delay
   0.0000    0.0000 v x[2] (in)
                      x[2] (net)
   0.5414    0.5414 v hold373/X (sky130_fd_sc_hd__dlygate4sd3_1)
                      net372 (net)
   0.5995    1.1408 v input25/X (sky130_fd_sc_hd__clkdlybuf4s50_1)
                      net24 (net)
   0.0017    1.1425 v gen0/_122_/D (sky130_fd_sc_hd__dfxtp_1)
             1.1425   data arrival time

   0.0000    0.0000   clock clk (rise edge)
   0.9854    0.9854   clock network delay (propagated)
   0.0000    0.9854   clock reconvergence pessimism
             0.9854 ^ gen0/_122_/CLK (sky130_fd_sc_hd__dfxtp_1)
  -0.1341    0.8514   library hold time
             0.8514   data required time
-------------------------------------------------------------
             0.8514   data required time
            -1.1425   data arrival time
-------------------------------------------------------------
             0.2911   slack (MET)


SIGNOFF_HOLD_PATH_END
SIGNOFF_PROG_WS setup=9.5683438949834e-10
SIGNOFF_PROG_PATH_BEGIN
Startpoint: ng20_0/_7_ (rising edge-triggered flip-flop clocked by clk)
Endpoint: row15/_152_ (rising edge-triggered flip-flop clocked by clk)
Path Group: clk
Path Type: max

Fanout       Cap      Slew     Delay      Time   Description
-------------------------------------------------------------------------------------
                              0.0000    0.0000   clock clk (rise edge)
                              0.9543    0.9543   clock network delay (propagated)
                    0.0576    0.0000    0.9543 ^ ng20_0/_7_/CLK (sky130_fd_sc_hd__dfxtp_1)
     4    0.0800    0.7419    0.7883    1.7427 ^ ng20_0/_7_/Q (sky130_fd_sc_hd__dfxtp_1)
                                                 pp20_0 (net)
     2    0.0253    0.0901    0.2957    2.0383 ^ lt_pp20_0_s0/Z (LTAP2)
                                                 pgm_pp20_0_s0 (net)
     2    0.0179    0.2149    0.2132    2.2515 ^ vs_15_20/Z (VSITE_BUF)
                                                 lf_15_20 (net)
     2    0.0450    0.2603    0.5568    2.8083 v row15/_095_/X (sky130_fd_sc_hd__xor3_1)
                                                 row15/_022_ (net)
                    0.2603    0.0017    2.8100 v row15/_152_/D (sky130_fd_sc_hd__dfxtp_1)
                                        2.8100   data arrival time

                              3.0000    3.0000   clock clk (rise edge)
                              0.9687    3.9687   clock network delay (propagated)
                              0.0000    3.9687   clock reconvergence pessimism
                                        3.9687 ^ row15/_152_/CLK (sky130_fd_sc_hd__dfxtp_1)
                             -0.2018    3.7669   library setup time
                                        3.7669   data required time
-------------------------------------------------------------------------------------
                                        3.7669   data required time
                                       -2.8100   data arrival time
-------------------------------------------------------------------------------------
                                        0.9568   slack (MET)


SIGNOFF_PROG_PATH_END
SIGNOFF_SLEW tap_input_max=1.312535 tap_input_pin=lt_pn16_4_s3/A site_input_max=0.115835 site_input_pin=vs_31_2/A
SIGNOFF_SPINE_DRIVERS sky130_fd_sc_hd__dfxtp_1 2192
