OpenROAD unknown 
Features included (+) or not (-): -GPU +GUI -Python
This program is licensed under the BSD-3 license. See the LICENSE file for details.
Components of this program may be licensed under more restrictive licenses which must be honored.
[INFO ORD-0030] Using 1 thread(s).
SIGNOFF_WS corner=ff setup=-8.396143780231569e-10 hold=-2.1630364166469462e-11
SIGNOFF_SETUP_PATH_BEGIN
Startpoint: ln_0/_1_ (rising edge-triggered flip-flop clocked by clk)
Endpoint: row61/_668_ (rising edge-triggered flip-flop clocked by clk)
Path Group: clk
Path Type: max

Fanout       Cap      Slew     Delay      Time   Description
-------------------------------------------------------------------------------------
                              0.0000    0.0000   clock clk (rise edge)
                              0.7391    0.7391   clock network delay (propagated)
                    0.0500    0.0000    0.7391 ^ ln_0/_1_/CLK (sky130_fd_sc_hd__dfxtp_1)
     5    0.0897    0.6262    0.6014    1.3405 ^ ln_0/_1_/Q (sky130_fd_sc_hd__dfxtp_1)
                                                 lp0 (net)
     4    0.0771    0.4641    0.4928    1.8333 v ln_0/_0_/Y (sky130_fd_sc_hd__clkinv_1)
                                                 ln0 (net)
    16    0.0570    0.0715    0.2875    2.1208 v lt_ln0_s3/Z (LTAP2)
                                                 pgm_ln0_s3 (net)
     2    0.0176    0.0727    0.1165    2.2373 v vs_61_0/Z (VSITE_BUF)
                                                 lf_61_0 (net)
     1    0.0092    0.0683    0.1177    2.3550 v row61/_332_/Y (sky130_fd_sc_hd__xnor2_1)
                                                 row61/_056_ (net)
     2    0.0148    0.2496    0.2245    2.5795 ^ row61/_334_/Y (sky130_fd_sc_hd__xnor2_1)
                                                 row61/_058_ (net)
     1    0.0085    0.0755    0.0795    2.6590 v row61/_335_/Y (sky130_fd_sc_hd__xnor2_1)
                                                 row61/_059_ (net)
     2    0.0110    0.1959    0.1879    2.8470 ^ row61/_338_/Y (sky130_fd_sc_hd__xnor2_1)
                                                 row61/_062_ (net)
     1    0.0049    0.1069    0.1122    2.9591 ^ row61/_339_/X (sky130_fd_sc_hd__xor2_1)
                                                 row61/_063_ (net)
     2    0.0083    0.0519    0.0669    3.0260 v row61/_340_/Y (sky130_fd_sc_hd__xnor2_1)
                                                 row61/_064_ (net)
     1    0.0025    0.0224    0.0345    3.0606 ^ row61/_341_/Y (sky130_fd_sc_hd__clkinv_1)
                                                 row61/_065_ (net)
     3    0.0134    0.0874    0.0597    3.1203 v row61/_342_/Y (sky130_fd_sc_hd__nand2_1)
                                                 row61/_066_ (net)
     2    0.0956    1.0836    0.8344    3.9546 ^ row61/_347_/Y (sky130_fd_sc_hd__nor3_2)
                                                 row61/g0_6[3] (net)
     7    0.0939    0.4838    0.4214    4.3760 v row61/_367_/Y (sky130_fd_sc_hd__nor2_1)
                                                 row61/g0_6[2] (net)
                    0.4846    0.0165    4.3926 v row61/_668_/D (sky130_fd_sc_hd__dfxtp_1)
                                        4.3926   data arrival time

                              3.0000    3.0000   clock clk (rise edge)
                              0.7829    3.7829   clock network delay (propagated)
                              0.0000    3.7829   clock reconvergence pessimism
                                        3.7829 ^ row61/_668_/CLK (sky130_fd_sc_hd__dfxtp_1)
                             -0.2299    3.5529   library setup time
                                        3.5529   data required time
-------------------------------------------------------------------------------------
                                        3.5529   data required time
                                       -4.3926   data arrival time
-------------------------------------------------------------------------------------
                                       -0.8396   slack (VIOLATED)


SIGNOFF_SETUP_PATH_END
SIGNOFF_HOLD_PATH_BEGIN
Startpoint: x[35] (input port clocked by clk)
Endpoint: ln_35/_1_ (rising edge-triggered flip-flop clocked by clk)
Path Group: clk
Path Type: min

    Delay      Time   Description
-------------------------------------------------------------
   0.0000    0.0000   clock clk (rise edge)
   0.0000    0.0000   clock network delay (propagated)
   0.0000    0.0000 v input external delay
   0.0000    0.0000 v x[35] (in)
                      x[35] (net)
   0.3669    0.3669 v hold7289/X (sky130_fd_sc_hd__dlygate4sd3_1)
                      net7289 (net)
   0.3252    0.6921 v input30/X (sky130_fd_sc_hd__clkdlybuf4s50_1)
                      net30 (net)
   0.0007    0.6928 v ln_35/_1_/D (sky130_fd_sc_hd__dfxtp_1)
             0.6928   data arrival time

   0.0000    0.0000   clock clk (rise edge)
   0.7680    0.7680   clock network delay (propagated)
   0.0000    0.7680   clock reconvergence pessimism
             0.7680 ^ ln_35/_1_/CLK (sky130_fd_sc_hd__dfxtp_1)
  -0.0535    0.7145   library hold time
             0.7145   data required time
-------------------------------------------------------------
             0.7145   data required time
            -0.6928   data arrival time
-------------------------------------------------------------
            -0.0216   slack (VIOLATED)


SIGNOFF_HOLD_PATH_END
SIGNOFF_PROG_WS setup=-8.396143780231569e-10
SIGNOFF_PROG_PATH_BEGIN
Startpoint: ln_0/_1_ (rising edge-triggered flip-flop clocked by clk)
Endpoint: row61/_668_ (rising edge-triggered flip-flop clocked by clk)
Path Group: clk
Path Type: max

Fanout       Cap      Slew     Delay      Time   Description
-------------------------------------------------------------------------------------
                              0.0000    0.0000   clock clk (rise edge)
                              0.7391    0.7391   clock network delay (propagated)
                    0.0500    0.0000    0.7391 ^ ln_0/_1_/CLK (sky130_fd_sc_hd__dfxtp_1)
     5    0.0897    0.6262    0.6014    1.3405 ^ ln_0/_1_/Q (sky130_fd_sc_hd__dfxtp_1)
                                                 lp0 (net)
     4    0.0771    0.4641    0.4928    1.8333 v ln_0/_0_/Y (sky130_fd_sc_hd__clkinv_1)
                                                 ln0 (net)
    16    0.0570    0.0715    0.2875    2.1208 v lt_ln0_s3/Z (LTAP2)
                                                 pgm_ln0_s3 (net)
     2    0.0176    0.0727    0.1165    2.2373 v vs_61_0/Z (VSITE_BUF)
                                                 lf_61_0 (net)
     1    0.0092    0.0683    0.1177    2.3550 v row61/_332_/Y (sky130_fd_sc_hd__xnor2_1)
                                                 row61/_056_ (net)
     2    0.0148    0.2496    0.2245    2.5795 ^ row61/_334_/Y (sky130_fd_sc_hd__xnor2_1)
                                                 row61/_058_ (net)
     1    0.0085    0.0755    0.0795    2.6590 v row61/_335_/Y (sky130_fd_sc_hd__xnor2_1)
                                                 row61/_059_ (net)
     2    0.0110    0.1959    0.1879    2.8470 ^ row61/_338_/Y (sky130_fd_sc_hd__xnor2_1)
                                                 row61/_062_ (net)
     1    0.0049    0.1069    0.1122    2.9591 ^ row61/_339_/X (sky130_fd_sc_hd__xor2_1)
                                                 row61/_063_ (net)
     2    0.0083    0.0519    0.0669    3.0260 v row61/_340_/Y (sky130_fd_sc_hd__xnor2_1)
                                                 row61/_064_ (net)
     1    0.0025    0.0224    0.0345    3.0606 ^ row61/_341_/Y (sky130_fd_sc_hd__clkinv_1)
                                                 row61/_065_ (net)
     3    0.0134    0.0874    0.0597    3.1203 v row61/_342_/Y (sky130_fd_sc_hd__nand2_1)
                                                 row61/_066_ (net)
     2    0.0956    1.0836    0.8344    3.9546 ^ row61/_347_/Y (sky130_fd_sc_hd__nor3_2)
                                                 row61/g0_6[3] (net)
     7    0.0939    0.4838    0.4214    4.3760 v row61/_367_/Y (sky130_fd_sc_hd__nor2_1)
                                                 row61/g0_6[2] (net)
                    0.4846    0.0165    4.3926 v row61/_668_/D (sky130_fd_sc_hd__dfxtp_1)
                                        4.3926   data arrival time

                              3.0000    3.0000   clock clk (rise edge)
                              0.7829    3.7829   clock network delay (propagated)
                              0.0000    3.7829   clock reconvergence pessimism
                                        3.7829 ^ row61/_668_/CLK (sky130_fd_sc_hd__dfxtp_1)
                             -0.2299    3.5529   library setup time
                                        3.5529   data required time
-------------------------------------------------------------------------------------
                                        3.5529   data required time
                                       -4.3926   data arrival time
-------------------------------------------------------------------------------------
                                       -0.8396   slack (VIOLATED)


SIGNOFF_PROG_PATH_END
SIGNOFF_SLEW tap_input_max=1.471939 tap_input_pin=lt_lp59_s0/A site_input_max=0.145387 site_input_pin=vs_13_59/A
SIGNOFF_SPINE_DRIVERS sky130_fd_sc_hd__clkinv_1 256 sky130_fd_sc_hd__dfxtp_1 256
