OpenROAD unknown 
Features included (+) or not (-): -GPU +GUI -Python
This program is licensed under the BSD-3 license. See the LICENSE file for details.
Components of this program may be licensed under more restrictive licenses which must be honored.
[INFO ORD-0030] Using 1 thread(s).
SIGNOFF_WS corner=tt setup=-3.013304716859011e-9 hold=2.7131075164277263e-11
SIGNOFF_SETUP_PATH_BEGIN
Startpoint: ln_0/_1_ (rising edge-triggered flip-flop clocked by clk)
Endpoint: row61/_668_ (rising edge-triggered flip-flop clocked by clk)
Path Group: clk
Path Type: max

Fanout       Cap      Slew     Delay      Time   Description
-------------------------------------------------------------------------------------
                              0.0000    0.0000   clock clk (rise edge)
                              1.0587    1.0587   clock network delay (propagated)
                    0.0647    0.0000    1.0587 ^ ln_0/_1_/CLK (sky130_fd_sc_hd__dfxtp_1)
     5    0.0895    0.8279    0.8588    1.9175 ^ ln_0/_1_/Q (sky130_fd_sc_hd__dfxtp_1)
                                                 lp0 (net)
     4    0.0770    0.6415    0.7774    2.6949 v ln_0/_0_/Y (sky130_fd_sc_hd__clkinv_1)
                                                 ln0 (net)
    16    0.0561    0.0912    0.4379    3.1328 v lt_ln0_s3/Z (LTAP2)
                                                 pgm_ln0_s3 (net)
     2    0.0175    0.1059    0.1720    3.3049 v vs_61_0/Z (VSITE_BUF)
                                                 lf_61_0 (net)
     1    0.0092    0.0989    0.1838    3.4886 v row61/_332_/Y (sky130_fd_sc_hd__xnor2_1)
                                                 row61/_056_ (net)
     2    0.0146    0.3478    0.3250    3.8137 ^ row61/_334_/Y (sky130_fd_sc_hd__xnor2_1)
                                                 row61/_058_ (net)
     1    0.0087    0.2302    0.2076    4.0213 ^ row61/_335_/Y (sky130_fd_sc_hd__xnor2_1)
                                                 row61/_059_ (net)
     2    0.0103    0.1013    0.1473    4.1686 v row61/_338_/Y (sky130_fd_sc_hd__xnor2_1)
                                                 row61/_062_ (net)
     2    0.0090    0.0910    0.4066    4.5752 v row61/_343_/X (sky130_fd_sc_hd__maj3_1)
                                                 row61/_067_ (net)
     3    0.0124    0.1152    0.1933    4.7685 v row61/_346_/Y (sky130_fd_sc_hd__xnor2_1)
                                                 row61/_070_ (net)
     2    0.0955    1.5058    1.1450    5.9134 ^ row61/_347_/Y (sky130_fd_sc_hd__nor3_2)
                                                 row61/g0_6[3] (net)
     7    0.0943    0.7035    0.8314    6.7448 v row61/_367_/Y (sky130_fd_sc_hd__nor2_1)
                                                 row61/g0_6[2] (net)
                    0.7040    0.0166    6.7615 v row61/_668_/D (sky130_fd_sc_hd__dfxtp_1)
                                        6.7615   data arrival time

                              3.0000    3.0000   clock clk (rise edge)
                              1.1156    4.1156   clock network delay (propagated)
                              0.0000    4.1156   clock reconvergence pessimism
                                        4.1156 ^ row61/_668_/CLK (sky130_fd_sc_hd__dfxtp_1)
                             -0.3674    3.7482   library setup time
                                        3.7482   data required time
-------------------------------------------------------------------------------------
                                        3.7482   data required time
                                       -6.7615   data arrival time
-------------------------------------------------------------------------------------
                                       -3.0133   slack (VIOLATED)


SIGNOFF_SETUP_PATH_END
SIGNOFF_HOLD_PATH_BEGIN
Startpoint: x[35] (input port clocked by clk)
Endpoint: ln_35/_1_ (rising edge-triggered flip-flop clocked by clk)
Path Group: clk
Path Type: min

    Delay      Time   Description
-------------------------------------------------------------
   0.0000    0.0000   clock clk (rise edge)
   0.0000    0.0000   clock network delay (propagated)
   0.0000    0.0000 v input external delay
   0.0000    0.0000 v x[35] (in)
                      x[35] (net)
   0.5551    0.5551 v hold7289/X (sky130_fd_sc_hd__dlygate4sd3_1)
                      net7289 (net)
   0.4898    1.0448 v input30/X (sky130_fd_sc_hd__clkdlybuf4s50_1)
                      net30 (net)
   0.0007    1.0456 v ln_35/_1_/D (sky130_fd_sc_hd__dfxtp_1)
             1.0456   data arrival time

   0.0000    0.0000   clock clk (rise edge)
   1.0964    1.0964   clock network delay (propagated)
   0.0000    1.0964   clock reconvergence pessimism
             1.0964 ^ ln_35/_1_/CLK (sky130_fd_sc_hd__dfxtp_1)
  -0.0780    1.0184   library hold time
             1.0184   data required time
-------------------------------------------------------------
             1.0184   data required time
            -1.0456   data arrival time
-------------------------------------------------------------
             0.0271   slack (MET)


SIGNOFF_HOLD_PATH_END
SIGNOFF_PROG_WS setup=-3.013304716859011e-9
SIGNOFF_PROG_PATH_BEGIN
Startpoint: ln_0/_1_ (rising edge-triggered flip-flop clocked by clk)
Endpoint: row61/_668_ (rising edge-triggered flip-flop clocked by clk)
Path Group: clk
Path Type: max

Fanout       Cap      Slew     Delay      Time   Description
-------------------------------------------------------------------------------------
                              0.0000    0.0000   clock clk (rise edge)
                              1.0587    1.0587   clock network delay (propagated)
                    0.0647    0.0000    1.0587 ^ ln_0/_1_/CLK (sky130_fd_sc_hd__dfxtp_1)
     5    0.0895    0.8279    0.8588    1.9175 ^ ln_0/_1_/Q (sky130_fd_sc_hd__dfxtp_1)
                                                 lp0 (net)
     4    0.0770    0.6415    0.7774    2.6949 v ln_0/_0_/Y (sky130_fd_sc_hd__clkinv_1)
                                                 ln0 (net)
    16    0.0561    0.0912    0.4379    3.1328 v lt_ln0_s3/Z (LTAP2)
                                                 pgm_ln0_s3 (net)
     2    0.0175    0.1059    0.1720    3.3049 v vs_61_0/Z (VSITE_BUF)
                                                 lf_61_0 (net)
     1    0.0092    0.0989    0.1838    3.4886 v row61/_332_/Y (sky130_fd_sc_hd__xnor2_1)
                                                 row61/_056_ (net)
     2    0.0146    0.3478    0.3250    3.8137 ^ row61/_334_/Y (sky130_fd_sc_hd__xnor2_1)
                                                 row61/_058_ (net)
     1    0.0087    0.2302    0.2076    4.0213 ^ row61/_335_/Y (sky130_fd_sc_hd__xnor2_1)
                                                 row61/_059_ (net)
     2    0.0103    0.1013    0.1473    4.1686 v row61/_338_/Y (sky130_fd_sc_hd__xnor2_1)
                                                 row61/_062_ (net)
     2    0.0090    0.0910    0.4066    4.5752 v row61/_343_/X (sky130_fd_sc_hd__maj3_1)
                                                 row61/_067_ (net)
     3    0.0124    0.1152    0.1933    4.7685 v row61/_346_/Y (sky130_fd_sc_hd__xnor2_1)
                                                 row61/_070_ (net)
     2    0.0955    1.5058    1.1450    5.9134 ^ row61/_347_/Y (sky130_fd_sc_hd__nor3_2)
                                                 row61/g0_6[3] (net)
     7    0.0943    0.7035    0.8314    6.7448 v row61/_367_/Y (sky130_fd_sc_hd__nor2_1)
                                                 row61/g0_6[2] (net)
                    0.7040    0.0166    6.7615 v row61/_668_/D (sky130_fd_sc_hd__dfxtp_1)
                                        6.7615   data arrival time

                              3.0000    3.0000   clock clk (rise edge)
                              1.1156    4.1156   clock network delay (propagated)
                              0.0000    4.1156   clock reconvergence pessimism
                                        4.1156 ^ row61/_668_/CLK (sky130_fd_sc_hd__dfxtp_1)
                             -0.3674    3.7482   library setup time
                                        3.7482   data required time
-------------------------------------------------------------------------------------
                                        3.7482   data required time
                                       -6.7615   data arrival time
-------------------------------------------------------------------------------------
                                       -3.0133   slack (VIOLATED)


SIGNOFF_PROG_PATH_END
SIGNOFF_SLEW tap_input_max=1.955361 tap_input_pin=lt_lp59_s0/A site_input_max=0.189619 site_input_pin=vs_0_59/A
SIGNOFF_SPINE_DRIVERS sky130_fd_sc_hd__clkinv_1 256 sky130_fd_sc_hd__dfxtp_1 256
