======== ABC command line "read_lib -w /home/user/all-the-info/13_FABLE_5_1_SCIENTIFIC_DISCOVERY/experiments/inputs/lib/sky130_fd_sc_hd__tt_025C_1v80.lib; read_aiger design.aig; strash; dch; map; topo; stime -p; print_stats; write_blif mapped_delay.blif; cec design.aig"
Parsing finished successfully.  Parsing time =     0.11 sec
Scl_LibertyReadGenlib() skipped cell "sky130_fd_sc_hd__decap_12" without logic function.
Scl_LibertyReadGenlib() skipped cell "sky130_fd_sc_hd__decap_3" without logic function.
Scl_LibertyReadGenlib() skipped cell "sky130_fd_sc_hd__decap_4" without logic function.
Scl_LibertyReadGenlib() skipped cell "sky130_fd_sc_hd__decap_6" without logic function.
Scl_LibertyReadGenlib() skipped cell "sky130_fd_sc_hd__decap_8" without logic function.
Scl_LibertyReadGenlib() skipped sequential cell "sky130_fd_sc_hd__dfbbn_1".
Scl_LibertyReadGenlib() skipped sequential cell "sky130_fd_sc_hd__dfbbn_2".
Scl_LibertyReadGenlib() skipped sequential cell "sky130_fd_sc_hd__dfbbp_1".
Scl_LibertyReadGenlib() skipped sequential cell "sky130_fd_sc_hd__dfrbp_1".
Scl_LibertyReadGenlib() skipped sequential cell "sky130_fd_sc_hd__dfrbp_2".
Scl_LibertyReadGenlib() skipped sequential cell "sky130_fd_sc_hd__dfrtn_1".
Scl_LibertyReadGenlib() skipped sequential cell "sky130_fd_sc_hd__dfrtp_1".
Scl_LibertyReadGenlib() skipped sequential cell "sky130_fd_sc_hd__dfrtp_2".
Scl_LibertyReadGenlib() skipped sequential cell "sky130_fd_sc_hd__dfrtp_4".
Scl_LibertyReadGenlib() skipped sequential cell "sky130_fd_sc_hd__dfsbp_1".
Scl_LibertyReadGenlib() skipped sequential cell "sky130_fd_sc_hd__dfsbp_2".
Scl_LibertyReadGenlib() skipped sequential cell "sky130_fd_sc_hd__dfstp_1".
Scl_LibertyReadGenlib() skipped sequential cell "sky130_fd_sc_hd__dfstp_2".
Scl_LibertyReadGenlib() skipped sequential cell "sky130_fd_sc_hd__dfstp_4".
Scl_LibertyReadGenlib() skipped sequential cell "sky130_fd_sc_hd__dfxbp_1".
Scl_LibertyReadGenlib() skipped sequential cell "sky130_fd_sc_hd__dfxbp_2".
Scl_LibertyReadGenlib() skipped sequential cell "sky130_fd_sc_hd__dfxtp_1".
Scl_LibertyReadGenlib() skipped sequential cell "sky130_fd_sc_hd__dfxtp_2".
Scl_LibertyReadGenlib() skipped sequential cell "sky130_fd_sc_hd__dfxtp_4".
Scl_LibertyReadGenlib() skipped cell "sky130_fd_sc_hd__diode_2" without logic function.
Scl_LibertyReadGenlib() skipped cell "sky130_fd_sc_hd__dlclkp_1" without logic function.
Scl_LibertyReadGenlib() skipped cell "sky130_fd_sc_hd__dlclkp_2" without logic function.
Scl_LibertyReadGenlib() skipped cell "sky130_fd_sc_hd__dlclkp_4" without logic function.
Scl_LibertyReadGenlib() skipped sequential cell "sky130_fd_sc_hd__dlrbn_1".
Scl_LibertyReadGenlib() skipped sequential cell "sky130_fd_sc_hd__dlrbn_2".
Scl_LibertyReadGenlib() skipped sequential cell "sky130_fd_sc_hd__dlrbp_1".
Scl_LibertyReadGenlib() skipped sequential cell "sky130_fd_sc_hd__dlrbp_2".
Scl_LibertyReadGenlib() skipped sequential cell "sky130_fd_sc_hd__dlrtn_1".
Scl_LibertyReadGenlib() skipped sequential cell "sky130_fd_sc_hd__dlrtn_2".
Scl_LibertyReadGenlib() skipped sequential cell "sky130_fd_sc_hd__dlrtn_4".
Scl_LibertyReadGenlib() skipped sequential cell "sky130_fd_sc_hd__dlrtp_1".
Scl_LibertyReadGenlib() skipped sequential cell "sky130_fd_sc_hd__dlrtp_2".
Scl_LibertyReadGenlib() skipped sequential cell "sky130_fd_sc_hd__dlrtp_4".
Scl_LibertyReadGenlib() skipped sequential cell "sky130_fd_sc_hd__dlxbn_1".
Scl_LibertyReadGenlib() skipped sequential cell "sky130_fd_sc_hd__dlxbn_2".
Scl_LibertyReadGenlib() skipped sequential cell "sky130_fd_sc_hd__dlxbp_1".
Scl_LibertyReadGenlib() skipped sequential cell "sky130_fd_sc_hd__dlxtn_1".
Scl_LibertyReadGenlib() skipped sequential cell "sky130_fd_sc_hd__dlxtn_2".
Scl_LibertyReadGenlib() skipped sequential cell "sky130_fd_sc_hd__dlxtn_4".
Scl_LibertyReadGenlib() skipped sequential cell "sky130_fd_sc_hd__dlxtp_1".
Scl_LibertyReadGenlib() skipped three-state cell "sky130_fd_sc_hd__ebufn_1".
Scl_LibertyReadGenlib() skipped three-state cell "sky130_fd_sc_hd__ebufn_2".
Scl_LibertyReadGenlib() skipped three-state cell "sky130_fd_sc_hd__ebufn_4".
Scl_LibertyReadGenlib() skipped three-state cell "sky130_fd_sc_hd__ebufn_8".
Scl_LibertyReadGenlib() skipped sequential cell "sky130_fd_sc_hd__edfxbp_1".
Scl_LibertyReadGenlib() skipped sequential cell "sky130_fd_sc_hd__edfxtp_1".
Scl_LibertyReadGenlib() skipped three-state cell "sky130_fd_sc_hd__einvn_0".
Scl_LibertyReadGenlib() skipped three-state cell "sky130_fd_sc_hd__einvn_1".
Scl_LibertyReadGenlib() skipped three-state cell "sky130_fd_sc_hd__einvn_2".
Scl_LibertyReadGenlib() skipped three-state cell "sky130_fd_sc_hd__einvn_4".
Scl_LibertyReadGenlib() skipped three-state cell "sky130_fd_sc_hd__einvn_8".
Scl_LibertyReadGenlib() skipped three-state cell "sky130_fd_sc_hd__einvp_1".
Scl_LibertyReadGenlib() skipped three-state cell "sky130_fd_sc_hd__einvp_2".
Scl_LibertyReadGenlib() skipped three-state cell "sky130_fd_sc_hd__einvp_4".
Scl_LibertyReadGenlib() skipped three-state cell "sky130_fd_sc_hd__einvp_8".
Scl_LibertyReadGenlib() skipped cell "sky130_fd_sc_hd__lpflow_bleeder_1" without logic function.
Scl_LibertyReadGenlib() skipped cell "sky130_fd_sc_hd__lpflow_decapkapwr_12" without logic function.
Scl_LibertyReadGenlib() skipped cell "sky130_fd_sc_hd__lpflow_decapkapwr_3" without logic function.
Scl_LibertyReadGenlib() skipped cell "sky130_fd_sc_hd__lpflow_decapkapwr_4" without logic function.
Scl_LibertyReadGenlib() skipped cell "sky130_fd_sc_hd__lpflow_decapkapwr_6" without logic function.
Scl_LibertyReadGenlib() skipped cell "sky130_fd_sc_hd__lpflow_decapkapwr_8" without logic function.
Scl_LibertyReadGenlib() skipped sequential cell "sky130_fd_sc_hd__lpflow_inputisolatch_1".
Scl_LibertyReadGenlib() skipped sequential cell "sky130_fd_sc_hd__sdfbbn_1".
Scl_LibertyReadGenlib() skipped sequential cell "sky130_fd_sc_hd__sdfbbn_2".
Scl_LibertyReadGenlib() skipped sequential cell "sky130_fd_sc_hd__sdfbbp_1".
Scl_LibertyReadGenlib() skipped sequential cell "sky130_fd_sc_hd__sdfrbp_1".
Scl_LibertyReadGenlib() skipped sequential cell "sky130_fd_sc_hd__sdfrbp_2".
Scl_LibertyReadGenlib() skipped sequential cell "sky130_fd_sc_hd__sdfrtn_1".
Scl_LibertyReadGenlib() skipped sequential cell "sky130_fd_sc_hd__sdfrtp_1".
Scl_LibertyReadGenlib() skipped sequential cell "sky130_fd_sc_hd__sdfrtp_2".
Scl_LibertyReadGenlib() skipped sequential cell "sky130_fd_sc_hd__sdfrtp_4".
Scl_LibertyReadGenlib() skipped sequential cell "sky130_fd_sc_hd__sdfsbp_1".
Scl_LibertyReadGenlib() skipped sequential cell "sky130_fd_sc_hd__sdfsbp_2".
Scl_LibertyReadGenlib() skipped sequential cell "sky130_fd_sc_hd__sdfstp_1".
Scl_LibertyReadGenlib() skipped sequential cell "sky130_fd_sc_hd__sdfstp_2".
Scl_LibertyReadGenlib() skipped sequential cell "sky130_fd_sc_hd__sdfstp_4".
Scl_LibertyReadGenlib() skipped sequential cell "sky130_fd_sc_hd__sdfxbp_1".
Scl_LibertyReadGenlib() skipped sequential cell "sky130_fd_sc_hd__sdfxbp_2".
Scl_LibertyReadGenlib() skipped sequential cell "sky130_fd_sc_hd__sdfxtp_1".
Scl_LibertyReadGenlib() skipped sequential cell "sky130_fd_sc_hd__sdfxtp_2".
Scl_LibertyReadGenlib() skipped sequential cell "sky130_fd_sc_hd__sdfxtp_4".
Scl_LibertyReadGenlib() skipped cell "sky130_fd_sc_hd__sdlclkp_1" without logic function.
Scl_LibertyReadGenlib() skipped cell "sky130_fd_sc_hd__sdlclkp_2" without logic function.
Scl_LibertyReadGenlib() skipped cell "sky130_fd_sc_hd__sdlclkp_4" without logic function.
Scl_LibertyReadGenlib() skipped sequential cell "sky130_fd_sc_hd__sedfxbp_1".
Scl_LibertyReadGenlib() skipped sequential cell "sky130_fd_sc_hd__sedfxbp_2".
Scl_LibertyReadGenlib() skipped sequential cell "sky130_fd_sc_hd__sedfxtp_1".
Scl_LibertyReadGenlib() skipped sequential cell "sky130_fd_sc_hd__sedfxtp_2".
Scl_LibertyReadGenlib() skipped sequential cell "sky130_fd_sc_hd__sedfxtp_4".
Library "sky130_fd_sc_hd__tt_025C_1v80" from "/home/user/all-the-info/13_FABLE_5_1_SCIENTIFIC_DISCOVERY/experiments/inputs/lib/sky130_fd_sc_hd__tt_025C_1v80.lib" has 334 cells (94 skipped: 63 seq; 13 tri-state; 18 no func; 0 dont_use; 0 with 2 outputs; 0 with 3+ outputs).  Time =     0.19 sec
Memory =   19.81 MB. Time =     0.19 sec
Warning: Detected 9 multi-output cells (for example, "sky130_fd_sc_hd__fa_1").
WireLoad = "none"  [1;33mGates = 306465[0m (  9.8 %)   [1;32mCap =  5.5 ff[0m (  1.4 %)   [1;36mArea =  1670619.75[0m ( 90.2 %)   [1;35mDelay =  9051.63 ps[0m  (  0.1 %)               
Path  0 --     347 : 0   33 pi                        A =   0.00  Df =   0.0   -0.0 ps  S =   0.0 ps  Cin =  0.0 ff  Cout =  89.9 ff  Cmax =   0.0 ff  G =    0  
Path  1 --   12319 : 1   48 sky130_fd_sc_hd__clkinv_1 A =   3.75  Df = 654.7 -184.5 ps  S = 847.9 ps  Cin =  3.1 ff  Cout = 121.3 ff  Cmax = 190.4 ff  G = 3778  
Path  2 --   43276 : 3    3 sky130_fd_sc_hd__o21ai_0  A =   5.00  Df =1217.8  -20.1 ps  S = 379.0 ps  Cin =  1.7 ff  Cout =   8.2 ff  Cmax =  50.4 ff  G =  455  
Path  3 --   43463 : 2    1 sky130_fd_sc_hd__nor2_1   A =   3.75  Df =1322.4  -37.6 ps  S =  90.3 ps  Cin =  2.4 ff  Cout =   2.5 ff  Cmax =  86.1 ff  G =   99  
Path  4 --   43464 : 2    2 sky130_fd_sc_hd__nor2_1   A =   3.75  Df =1412.1  -32.3 ps  S = 128.1 ps  Cin =  2.4 ff  Cout =   5.8 ff  Cmax =  86.1 ff  G =  229  
Path  5 --   43467 : 1    1 sky130_fd_sc_hd__clkinv_1 A =   3.75  Df =1482.4  -58.4 ps  S =  43.4 ps  Cin =  3.1 ff  Cout =   2.5 ff  Cmax = 190.4 ff  G =   76  
Path  6 --   43468 : 2    3 sky130_fd_sc_hd__nor2_1   A =   3.75  Df =1613.1 -149.4 ps  S = 145.2 ps  Cin =  2.4 ff  Cout =   6.8 ff  Cmax =  86.1 ff  G =  271  
Path  7 --   43883 : 3    5 sky130_fd_sc_hd__o21ai_0  A =   5.00  Df =1776.7   -4.6 ps  S = 367.9 ps  Cin =  1.7 ff  Cout =  11.1 ff  Cmax =  50.4 ff  G =  631  
Path  8 --   44322 : 3    3 sky130_fd_sc_hd__a21oi_1  A =   5.00  Df =2005.1  -81.8 ps  S = 196.7 ps  Cin =  2.3 ff  Cout =   7.5 ff  Cmax =  74.2 ff  G =  302  
Path  9 --   44325 : 2    1 sky130_fd_sc_hd__nor2_1   A =   3.75  Df =2061.6  -31.6 ps  S =  80.0 ps  Cin =  2.4 ff  Cout =   2.5 ff  Cmax =  86.1 ff  G =   99  
Path 10 --   44326 : 2    3 sky130_fd_sc_hd__nor2_1   A =   3.75  Df =2191.3 -104.3 ps  S = 140.2 ps  Cin =  2.4 ff  Cout =   6.5 ff  Cmax =  86.1 ff  G =  258  
Path 11 --   44510 : 2   23 sky130_fd_sc_hd__nor2_1   A =   3.75  Df =2939.4 -488.6 ps  S =1135.9 ps  Cin =  2.4 ff  Cout =  66.0 ff  Cmax =  86.1 ff  G = 2685  
Path 12 --   44511 : 1   23 sky130_fd_sc_hd__clkinv_1 A =   3.75  Df =3672.4 -863.1 ps  S = 563.4 ps  Cin =  3.1 ff  Cout =  59.2 ff  Cmax = 190.4 ff  G = 1850  
Path 13 --  219481 : 2    2 sky130_fd_sc_hd__nand2_1  A =   3.75  Df =3891.1 -974.0 ps  S = 147.7 ps  Cin =  2.3 ff  Cout =   4.8 ff  Cmax = 166.6 ff  G =  201  
Path 14 --  219484 : 2    1 sky130_fd_sc_hd__nand2_1  A =   3.75  Df =3953.0 -694.6 ps  S =  73.2 ps  Cin =  2.3 ff  Cout =   2.5 ff  Cmax = 166.6 ff  G =  101  
Path 15 --  219485 : 2    3 sky130_fd_sc_hd__nor2_1   A =   3.75  Df =4093.5 -776.5 ps  S = 156.9 ps  Cin =  2.4 ff  Cout =   7.5 ff  Cmax =  86.1 ff  G =  298  
Path 16 --  219486 : 2    2 sky130_fd_sc_hd__nor2_1   A =   3.75  Df =4164.9  -59.2 ps  S = 127.1 ps  Cin =  2.4 ff  Cout =   5.7 ff  Cmax =  86.1 ff  G =  228  
Path 17 --  219489 : 1    3 sky130_fd_sc_hd__clkinv_1 A =   3.75  Df =4227.5  -19.7 ps  S =  70.4 ps  Cin =  3.1 ff  Cout =   7.4 ff  Cmax = 190.4 ff  G =  228  
Path 18 --  219490 : 2    2 sky130_fd_sc_hd__nor2_1   A =   3.75  Df =4325.3  -55.1 ps  S = 114.9 ps  Cin =  2.4 ff  Cout =   4.9 ff  Cmax =  86.1 ff  G =  196  
Path 19 --  219691 : 4    5 sky130_fd_sc_hd__a31oi_1  A =   6.26  Df =4576.8 -152.1 ps  S = 380.8 ps  Cin =  2.3 ff  Cout =  14.8 ff  Cmax =  65.9 ff  G =  609  
Path 20 --  219853 : 3    1 sky130_fd_sc_hd__xnor3_4  A =  26.28  Df =5142.7 -264.2 ps  S =  85.1 ps  Cin =  3.7 ff  Cout =   1.8 ff  Cmax = 554.8 ff  G =   46  
Path 21 --  219854 : 3    6 sky130_fd_sc_hd__o21ai_0  A =   5.00  Df =5646.3 -549.2 ps  S = 592.4 ps  Cin =  1.7 ff  Cout =  19.2 ff  Cmax =  50.4 ff  G = 1083  
Path 22 --  219888 : 3    2 sky130_fd_sc_hd__xnor3_4  A =  26.28  Df =6271.8 -565.9 ps  S =  97.4 ps  Cin =  3.7 ff  Cout =   6.0 ff  Cmax = 554.8 ff  G =  155  
Path 23 --  219889 : 3    2 sky130_fd_sc_hd__xnor3_4  A =  26.28  Df =6544.9 -310.3 ps  S =  94.1 ps  Cin =  3.7 ff  Cout =   4.9 ff  Cmax = 554.8 ff  G =  125  
Path 24 --  219974 : 2    2 sky130_fd_sc_hd__nor2_1   A =   3.75  Df =6587.8 -242.2 ps  S =  95.6 ps  Cin =  2.4 ff  Cout =   3.7 ff  Cmax =  86.1 ff  G =  150  
Path 25 --  220070 : 3    3 sky130_fd_sc_hd__a21boi_0 A =   7.51  Df =6816.1  -96.4 ps  S = 251.8 ps  Cin =  1.7 ff  Cout =   6.6 ff  Cmax =  48.5 ff  G =  370  
Path 26 --  220071 : 3    2 sky130_fd_sc_hd__o21ai_0  A =   5.00  Df =6972.2  -52.7 ps  S = 197.9 ps  Cin =  1.7 ff  Cout =   5.0 ff  Cmax =  50.4 ff  G =  285  
Path 27 --  220074 : 4    2 sky130_fd_sc_hd__o22ai_1  A =   6.26  Df =7142.8  -99.0 ps  S = 163.8 ps  Cin =  2.4 ff  Cout =   4.7 ff  Cmax =  73.3 ff  G =  194  
Path 28 --  220080 : 3    5 sky130_fd_sc_hd__nand3_1  A =   5.00  Df =7298.5 -114.2 ps  S = 171.9 ps  Cin =  2.4 ff  Cout =  11.9 ff  Cmax = 146.5 ff  G =  494  
Path 29 --  220088 : 4    2 sky130_fd_sc_hd__o211a_1  A =  10.01  Df =7461.1 -107.3 ps  S =  56.6 ps  Cin =  2.3 ff  Cout =   4.3 ff  Cmax = 183.1 ff  G =  172  
Path 30 --  220090 : 3    3 sky130_fd_sc_hd__o21ai_0  A =   5.00  Df =7688.5  -21.8 ps  S = 255.7 ps  Cin =  1.7 ff  Cout =   7.1 ff  Cmax =  50.4 ff  G =  405  
Path 31 --  220098 : 3    3 sky130_fd_sc_hd__nand3_1  A =   5.00  Df =7833.8  -33.8 ps  S = 121.1 ps  Cin =  2.4 ff  Cout =   7.3 ff  Cmax = 146.5 ff  G =  297  
Path 32 --  220140 : 2    1 sky130_fd_sc_hd__nand2_1  A =   3.75  Df =7914.9  -59.5 ps  S =  50.2 ps  Cin =  2.3 ff  Cout =   2.3 ff  Cmax = 166.6 ff  G =   99  
Path 33 --  220146 : 3    6 sky130_fd_sc_hd__nand3_1  A =   5.00  Df =8045.0  -56.4 ps  S = 167.3 ps  Cin =  2.4 ff  Cout =  13.7 ff  Cmax = 146.5 ff  G =  562  
Path 34 --  220150 : 3    1 sky130_fd_sc_hd__and3_2   A =   7.51  Df =8273.3  -91.8 ps  S =  42.0 ps  Cin =  1.5 ff  Cout =   2.5 ff  Cmax = 309.5 ff  G =  157  
Path 35 --  220152 : 3    2 sky130_fd_sc_hd__o21bai_1 A =   7.51  Df =8412.9 -107.7 ps  S = 144.3 ps  Cin =  2.1 ff  Cout =   4.8 ff  Cmax =  77.8 ff  G =  219  
Path 36 --  220160 : 3    3 sky130_fd_sc_hd__a21o_2   A =   8.76  Df =8567.9  -19.5 ps  S =  51.1 ps  Cin =  2.4 ff  Cout =   7.2 ff  Cmax = 309.5 ff  G =  298  
Path 37 --  220166 : 3    1 sky130_fd_sc_hd__a21oi_1  A =   5.00  Df =8695.0  -78.0 ps  S =  88.8 ps  Cin =  2.3 ff  Cout =   1.8 ff  Cmax =  74.2 ff  G =   73  
Path 38 --  220167 : 3    2 sky130_fd_sc_hd__o21ai_0  A =   5.00  Df =8809.7  -19.5 ps  S = 197.9 ps  Cin =  1.7 ff  Cout =   5.0 ff  Cmax =  50.4 ff  G =  280  
Path 39 --  220168 : 3    1 sky130_fd_sc_hd__o21bai_1 A =   7.51  Df =8949.8   -5.8 ps  S = 100.8 ps  Cin =  2.1 ff  Cout =   2.4 ff  Cmax =  77.8 ff  G =  108  
Path 40 --  220185 : 2    2 sky130_fd_sc_hd__nand2_1  A =   3.75  Df =9018.4   -4.7 ps  S =  61.2 ps  Cin =  2.3 ff  Cout =   4.8 ff  Cmax = 166.6 ff  G =  199  
Path 41 --  220189 : 2    1 sky130_fd_sc_hd__nand2_1  A =   3.75  Df =9051.6   -3.0 ps  S =  29.9 ps  Cin =  2.3 ff  Cout =   0.0 ff  Cmax = 166.6 ff  G =    0  
Start-point = pi0346.  End-point = po1258.
[1;37mdesign                        :[0m i/o = 1024/ 1920  lat =    0  nd =306465  edge = 686597  area =1669880.54  delay =5230.31  lev = 62
Networks are equivalent.  Time =   478.07 sec

rc=0 wall=590.0
