OpenROAD unknown 
Features included (+) or not (-): -GPU +GUI -Python
This program is licensed under the BSD-3 license. See the LICENSE file for details.
Components of this program may be licensed under more restrictive licenses which must be honored.
[INFO ORD-0030] Using 1 thread(s).
SIGNOFF_WS corner=ss setup=-9.742744389029667e-10 hold=6.333190638585506e-10
SIGNOFF_SETUP_PATH_BEGIN
Startpoint: ng20_11/_7_ (rising edge-triggered flip-flop clocked by clk)
Endpoint: row15/_152_ (rising edge-triggered flip-flop clocked by clk)
Path Group: clk
Path Type: max

Fanout       Cap      Slew     Delay      Time   Description
-------------------------------------------------------------------------------------
                              0.0000    0.0000   clock clk (rise edge)
                              1.6122    1.6122   clock network delay (propagated)
                    0.0916    0.0000    1.6122 ^ ng20_11/_7_/CLK (sky130_fd_sc_hd__dfxtp_1)
     4    0.0717    1.0524    1.3339    2.9461 ^ ng20_11/_7_/Q (sky130_fd_sc_hd__dfxtp_1)
                                                 pp20_11 (net)
    16    0.0511    0.2429    0.6962    3.6423 ^ lt_pp20_11_s0/Z (LTAP2)
                                                 pgm_pp20_11_s0 (net)
     2    0.0179    0.3437    0.4156    4.0579 ^ vs_15_20/Z (VSITE_BUF)
                                                 lf_15_20 (net)
     2    0.0451    0.4723    1.1228    5.1807 v row15/_095_/X (sky130_fd_sc_hd__xor3_1)
                                                 row15/_022_ (net)
                    0.4723    0.0017    5.1824 v row15/_152_/D (sky130_fd_sc_hd__dfxtp_1)
                                        5.1824   data arrival time

                              3.0000    3.0000   clock clk (rise edge)
                              1.6393    4.6393   clock network delay (propagated)
                              0.0000    4.6393   clock reconvergence pessimism
                                        4.6393 ^ row15/_152_/CLK (sky130_fd_sc_hd__dfxtp_1)
                             -0.4312    4.2081   library setup time
                                        4.2081   data required time
-------------------------------------------------------------------------------------
                                        4.2081   data required time
                                       -5.1824   data arrival time
-------------------------------------------------------------------------------------
                                       -0.9743   slack (VIOLATED)


SIGNOFF_SETUP_PATH_END
SIGNOFF_HOLD_PATH_BEGIN
Startpoint: gen10/_097_ (rising edge-triggered flip-flop clocked by clk)
Endpoint: gen10/_096_ (rising edge-triggered flip-flop clocked by clk)
Path Group: clk
Path Type: min

    Delay      Time   Description
-------------------------------------------------------------
   0.0000    0.0000   clock clk (rise edge)
   1.6008    1.6008   clock network delay (propagated)
   0.0000    1.6008 ^ gen10/_097_/CLK (sky130_fd_sc_hd__dfxtp_1)
   0.5806    2.1814 v gen10/_097_/Q (sky130_fd_sc_hd__dfxtp_1)
                      gen10/al2_0 (net)
   0.0001    2.1814 v gen10/_096_/D (sky130_fd_sc_hd__dfxtp_1)
             2.1814   data arrival time

   0.0000    0.0000   clock clk (rise edge)
   1.6377    1.6377   clock network delay (propagated)
   0.0000    1.6377   clock reconvergence pessimism
             1.6377 ^ gen10/_096_/CLK (sky130_fd_sc_hd__dfxtp_1)
  -0.0896    1.5481   library hold time
             1.5481   data required time
-------------------------------------------------------------
             1.5481   data required time
            -2.1814   data arrival time
-------------------------------------------------------------
             0.6333   slack (MET)


SIGNOFF_HOLD_PATH_END
SIGNOFF_PROG_WS setup=-9.742744389029667e-10
SIGNOFF_PROG_PATH_BEGIN
Startpoint: ng20_11/_7_ (rising edge-triggered flip-flop clocked by clk)
Endpoint: row15/_152_ (rising edge-triggered flip-flop clocked by clk)
Path Group: clk
Path Type: max

Fanout       Cap      Slew     Delay      Time   Description
-------------------------------------------------------------------------------------
                              0.0000    0.0000   clock clk (rise edge)
                              1.6122    1.6122   clock network delay (propagated)
                    0.0916    0.0000    1.6122 ^ ng20_11/_7_/CLK (sky130_fd_sc_hd__dfxtp_1)
     4    0.0717    1.0524    1.3339    2.9461 ^ ng20_11/_7_/Q (sky130_fd_sc_hd__dfxtp_1)
                                                 pp20_11 (net)
    16    0.0511    0.2429    0.6962    3.6423 ^ lt_pp20_11_s0/Z (LTAP2)
                                                 pgm_pp20_11_s0 (net)
     2    0.0179    0.3437    0.4156    4.0579 ^ vs_15_20/Z (VSITE_BUF)
                                                 lf_15_20 (net)
     2    0.0451    0.4723    1.1228    5.1807 v row15/_095_/X (sky130_fd_sc_hd__xor3_1)
                                                 row15/_022_ (net)
                    0.4723    0.0017    5.1824 v row15/_152_/D (sky130_fd_sc_hd__dfxtp_1)
                                        5.1824   data arrival time

                              3.0000    3.0000   clock clk (rise edge)
                              1.6393    4.6393   clock network delay (propagated)
                              0.0000    4.6393   clock reconvergence pessimism
                                        4.6393 ^ row15/_152_/CLK (sky130_fd_sc_hd__dfxtp_1)
                             -0.4312    4.2081   library setup time
                                        4.2081   data required time
-------------------------------------------------------------------------------------
                                        4.2081   data required time
                                       -5.1824   data arrival time
-------------------------------------------------------------------------------------
                                       -0.9743   slack (VIOLATED)


SIGNOFF_PROG_PATH_END
SIGNOFF_SLEW tap_input_max=2.062420 tap_input_pin=lt_pn16_4_s3/A site_input_max=0.268651 site_input_pin=vs_16_5/A
SIGNOFF_SPINE_DRIVERS sky130_fd_sc_hd__dfxtp_1 2192
