OpenROAD unknown 
Features included (+) or not (-): -GPU +GUI -Python
This program is licensed under the BSD-3 license. See the LICENSE file for details.
Components of this program may be licensed under more restrictive licenses which must be honored.
[INFO ORD-0030] Using 1 thread(s).
SIGNOFF_WS corner=ss setup=-8.893620062622176e-9 hold=2.2154922341144356e-10
SIGNOFF_SETUP_PATH_BEGIN
Startpoint: ln_56/_1_ (rising edge-triggered flip-flop clocked by clk)
Endpoint: row8/_638_ (rising edge-triggered flip-flop clocked by clk)
Path Group: clk
Path Type: max

Fanout       Cap      Slew     Delay      Time   Description
-------------------------------------------------------------------------------------
                              0.0000    0.0000   clock clk (rise edge)
                              1.7940    1.7940   clock network delay (propagated)
                    0.0980    0.0000    1.7940 ^ ln_56/_1_/CLK (sky130_fd_sc_hd__dfxtp_1)
     6    0.1759    2.5519    2.3986    4.1926 ^ ln_56/_1_/Q (sky130_fd_sc_hd__dfxtp_1)
                                                 lp56 (net)
     4    0.1036    1.6895    2.3421    6.5347 v ln_56/_0_/Y (sky130_fd_sc_hd__clkinv_1)
                                                 ln56 (net)
     5    0.0286    0.1246    0.9247    7.4594 v lt_ln56_s0/Z (LTAP2)
                                                 pgm_ln56_s0 (net)
     2    0.0122    0.1473    0.2656    7.7249 v vs_8_56/Z (VSITE_BUF)
                                                 lf_8_56 (net)
     1    0.0107    0.2068    0.3861    8.1111 v row8/_463_/X (sky130_fd_sc_hd__xor2_1)
                                                 row8/_178_ (net)
     2    0.0123    0.4964    0.5084    8.6195 ^ row8/_465_/Y (sky130_fd_sc_hd__xnor2_1)
                                                 row8/_180_ (net)
     1    0.0109    0.4124    0.5530    9.1725 ^ row8/_467_/X (sky130_fd_sc_hd__xor2_1)
                                                 row8/_182_ (net)
     2    0.0099    0.1960    0.3272    9.4996 v row8/_470_/Y (sky130_fd_sc_hd__xnor2_1)
                                                 row8/_185_ (net)
     1    0.0059    0.1714    0.3382    9.8378 v row8/_471_/X (sky130_fd_sc_hd__xor2_1)
                                                 row8/_186_ (net)
     2    0.0257    0.4438    0.5160   10.3539 v row8/_472_/Y (sky130_fd_sc_hd__xnor2_1)
                                                 row8/_187_ (net)
     7    0.0881    3.0285    2.4730   12.8268 ^ row8/_548_/Y (sky130_fd_sc_hd__xnor2_1)
                                                 row8/g56_6[0] (net)
                    3.0285    0.0118   12.8387 ^ row8/_638_/D (sky130_fd_sc_hd__dfxtp_1)
                                       12.8387   data arrival time

                              3.0000    3.0000   clock clk (rise edge)
                              1.7734    4.7734   clock network delay (propagated)
                              0.0000    4.7734   clock reconvergence pessimism
                                        4.7734 ^ row8/_638_/CLK (sky130_fd_sc_hd__dfxtp_1)
                             -0.8284    3.9450   library setup time
                                        3.9450   data required time
-------------------------------------------------------------------------------------
                                        3.9450   data required time
                                      -12.8387   data arrival time
-------------------------------------------------------------------------------------
                                       -8.8936   slack (VIOLATED)


SIGNOFF_SETUP_PATH_END
SIGNOFF_HOLD_PATH_BEGIN
Startpoint: x[35] (input port clocked by clk)
Endpoint: ln_35/_1_ (rising edge-triggered flip-flop clocked by clk)
Path Group: clk
Path Type: min

    Delay      Time   Description
-------------------------------------------------------------
   0.0000    0.0000   clock clk (rise edge)
   0.0000    0.0000   clock network delay (propagated)
   0.0000    0.0000 ^ input external delay
   0.0000    0.0000 ^ x[35] (in)
                      x[35] (net)
   1.0561    1.0561 ^ hold7289/X (sky130_fd_sc_hd__dlygate4sd3_1)
                      net7289 (net)
   0.9201    1.9763 ^ input30/X (sky130_fd_sc_hd__clkdlybuf4s50_1)
                      net30 (net)
   0.0007    1.9770 ^ ln_35/_1_/D (sky130_fd_sc_hd__dfxtp_1)
             1.9770   data arrival time

   0.0000    0.0000   clock clk (rise edge)
   1.8524    1.8524   clock network delay (propagated)
   0.0000    1.8524   clock reconvergence pessimism
             1.8524 ^ ln_35/_1_/CLK (sky130_fd_sc_hd__dfxtp_1)
  -0.0970    1.7554   library hold time
             1.7554   data required time
-------------------------------------------------------------
             1.7554   data required time
            -1.9770   data arrival time
-------------------------------------------------------------
             0.2215   slack (MET)


SIGNOFF_HOLD_PATH_END
SIGNOFF_PROG_WS setup=-8.893620062622176e-9
SIGNOFF_PROG_PATH_BEGIN
Startpoint: ln_56/_1_ (rising edge-triggered flip-flop clocked by clk)
Endpoint: row8/_638_ (rising edge-triggered flip-flop clocked by clk)
Path Group: clk
Path Type: max

Fanout       Cap      Slew     Delay      Time   Description
-------------------------------------------------------------------------------------
                              0.0000    0.0000   clock clk (rise edge)
                              1.7940    1.7940   clock network delay (propagated)
                    0.0980    0.0000    1.7940 ^ ln_56/_1_/CLK (sky130_fd_sc_hd__dfxtp_1)
     6    0.1759    2.5519    2.3986    4.1926 ^ ln_56/_1_/Q (sky130_fd_sc_hd__dfxtp_1)
                                                 lp56 (net)
     4    0.1036    1.6895    2.3421    6.5347 v ln_56/_0_/Y (sky130_fd_sc_hd__clkinv_1)
                                                 ln56 (net)
     5    0.0286    0.1246    0.9247    7.4594 v lt_ln56_s0/Z (LTAP2)
                                                 pgm_ln56_s0 (net)
     2    0.0122    0.1473    0.2656    7.7249 v vs_8_56/Z (VSITE_BUF)
                                                 lf_8_56 (net)
     1    0.0107    0.2068    0.3861    8.1111 v row8/_463_/X (sky130_fd_sc_hd__xor2_1)
                                                 row8/_178_ (net)
     2    0.0123    0.4964    0.5084    8.6195 ^ row8/_465_/Y (sky130_fd_sc_hd__xnor2_1)
                                                 row8/_180_ (net)
     1    0.0109    0.4124    0.5530    9.1725 ^ row8/_467_/X (sky130_fd_sc_hd__xor2_1)
                                                 row8/_182_ (net)
     2    0.0099    0.1960    0.3272    9.4996 v row8/_470_/Y (sky130_fd_sc_hd__xnor2_1)
                                                 row8/_185_ (net)
     1    0.0059    0.1714    0.3382    9.8378 v row8/_471_/X (sky130_fd_sc_hd__xor2_1)
                                                 row8/_186_ (net)
     2    0.0257    0.4438    0.5160   10.3539 v row8/_472_/Y (sky130_fd_sc_hd__xnor2_1)
                                                 row8/_187_ (net)
     7    0.0881    3.0285    2.4730   12.8268 ^ row8/_548_/Y (sky130_fd_sc_hd__xnor2_1)
                                                 row8/g56_6[0] (net)
                    3.0285    0.0118   12.8387 ^ row8/_638_/D (sky130_fd_sc_hd__dfxtp_1)
                                       12.8387   data arrival time

                              3.0000    3.0000   clock clk (rise edge)
                              1.7734    4.7734   clock network delay (propagated)
                              0.0000    4.7734   clock reconvergence pessimism
                                        4.7734 ^ row8/_638_/CLK (sky130_fd_sc_hd__dfxtp_1)
                             -0.8284    3.9450   library setup time
                                        3.9450   data required time
-------------------------------------------------------------------------------------
                                        3.9450   data required time
                                      -12.8387   data arrival time
-------------------------------------------------------------------------------------
                                       -8.8936   slack (VIOLATED)


SIGNOFF_PROG_PATH_END
SIGNOFF_SLEW tap_input_max=3.092144 tap_input_pin=lt_lp59_s0/A site_input_max=0.234129 site_input_pin=vs_32_27/A
SIGNOFF_SPINE_DRIVERS sky130_fd_sc_hd__clkinv_1 256 sky130_fd_sc_hd__dfxtp_1 256
