OpenROAD unknown 
Features included (+) or not (-): -GPU +GUI -Python
This program is licensed under the BSD-3 license. See the LICENSE file for details.
Components of this program may be licensed under more restrictive licenses which must be honored.
[INFO ORD-0030] Using 1 thread(s).
SIGNOFF_WS corner=tt setup=-3.364874157085751e-9 hold=2.459998871273683e-11
SIGNOFF_SETUP_PATH_BEGIN
Startpoint: ln_56/_1_ (rising edge-triggered flip-flop clocked by clk)
Endpoint: row8/_638_ (rising edge-triggered flip-flop clocked by clk)
Path Group: clk
Path Type: max

Fanout       Cap      Slew     Delay      Time   Description
-------------------------------------------------------------------------------------
                              0.0000    0.0000   clock clk (rise edge)
                              1.0566    1.0566   clock network delay (propagated)
                    0.0648    0.0000    1.0566 ^ ln_56/_1_/CLK (sky130_fd_sc_hd__dfxtp_1)
     6    0.1758    1.6195    1.4056    2.4621 ^ ln_56/_1_/Q (sky130_fd_sc_hd__dfxtp_1)
                                                 lp56 (net)
     4    0.1034    0.9398    1.2348    3.6969 v ln_56/_0_/Y (sky130_fd_sc_hd__clkinv_1)
                                                 ln56 (net)
     5    0.0287    0.0739    0.4826    4.1795 v lt_ln56_s0/Z (LTAP2)
                                                 pgm_ln56_s0 (net)
     2    0.0123    0.0769    0.1426    4.3220 v vs_8_56/Z (VSITE_BUF)
                                                 lf_8_56 (net)
     1    0.0108    0.1032    0.2005    4.5226 v row8/_463_/X (sky130_fd_sc_hd__xor2_1)
                                                 row8/_178_ (net)
     2    0.0123    0.3035    0.2936    4.8162 ^ row8/_465_/Y (sky130_fd_sc_hd__xnor2_1)
                                                 row8/_180_ (net)
     1    0.0110    0.2537    0.2843    5.1005 ^ row8/_467_/X (sky130_fd_sc_hd__xor2_1)
                                                 row8/_182_ (net)
     2    0.0099    0.1018    0.1512    5.2517 v row8/_470_/Y (sky130_fd_sc_hd__xnor2_1)
                                                 row8/_185_ (net)
     1    0.0059    0.0961    0.1728    5.4245 v row8/_471_/X (sky130_fd_sc_hd__xor2_1)
                                                 row8/_186_ (net)
     2    0.0258    0.2112    0.2649    5.6894 v row8/_472_/Y (sky130_fd_sc_hd__xnor2_1)
                                                 row8/_187_ (net)
     7    0.0876    1.8402    1.4484    7.1377 ^ row8/_548_/Y (sky130_fd_sc_hd__xnor2_1)
                                                 row8/g56_6[0] (net)
                    1.8403    0.0117    7.1494 ^ row8/_638_/D (sky130_fd_sc_hd__dfxtp_1)
                                        7.1494   data arrival time

                              3.0000    3.0000   clock clk (rise edge)
                              1.0447    4.0447   clock network delay (propagated)
                              0.0000    4.0447   clock reconvergence pessimism
                                        4.0447 ^ row8/_638_/CLK (sky130_fd_sc_hd__dfxtp_1)
                             -0.2601    3.7846   library setup time
                                        3.7846   data required time
-------------------------------------------------------------------------------------
                                        3.7846   data required time
                                       -7.1494   data arrival time
-------------------------------------------------------------------------------------
                                       -3.3649   slack (VIOLATED)


SIGNOFF_SETUP_PATH_END
SIGNOFF_HOLD_PATH_BEGIN
Startpoint: x[35] (input port clocked by clk)
Endpoint: ln_35/_1_ (rising edge-triggered flip-flop clocked by clk)
Path Group: clk
Path Type: min

    Delay      Time   Description
-------------------------------------------------------------
   0.0000    0.0000   clock clk (rise edge)
   0.0000    0.0000   clock network delay (propagated)
   0.0000    0.0000 v input external delay
   0.0000    0.0000 v x[35] (in)
                      x[35] (net)
   0.5551    0.5551 v hold7289/X (sky130_fd_sc_hd__dlygate4sd3_1)
                      net7289 (net)
   0.4898    1.0449 v input30/X (sky130_fd_sc_hd__clkdlybuf4s50_1)
                      net30 (net)
   0.0007    1.0456 v ln_35/_1_/D (sky130_fd_sc_hd__dfxtp_1)
             1.0456   data arrival time

   0.0000    0.0000   clock clk (rise edge)
   1.0990    1.0990   clock network delay (propagated)
   0.0000    1.0990   clock reconvergence pessimism
             1.0990 ^ ln_35/_1_/CLK (sky130_fd_sc_hd__dfxtp_1)
  -0.0780    1.0210   library hold time
             1.0210   data required time
-------------------------------------------------------------
             1.0210   data required time
            -1.0456   data arrival time
-------------------------------------------------------------
             0.0246   slack (MET)


SIGNOFF_HOLD_PATH_END
SIGNOFF_PROG_WS setup=-3.364874157085751e-9
SIGNOFF_PROG_PATH_BEGIN
Startpoint: ln_56/_1_ (rising edge-triggered flip-flop clocked by clk)
Endpoint: row8/_638_ (rising edge-triggered flip-flop clocked by clk)
Path Group: clk
Path Type: max

Fanout       Cap      Slew     Delay      Time   Description
-------------------------------------------------------------------------------------
                              0.0000    0.0000   clock clk (rise edge)
                              1.0566    1.0566   clock network delay (propagated)
                    0.0648    0.0000    1.0566 ^ ln_56/_1_/CLK (sky130_fd_sc_hd__dfxtp_1)
     6    0.1758    1.6195    1.4056    2.4621 ^ ln_56/_1_/Q (sky130_fd_sc_hd__dfxtp_1)
                                                 lp56 (net)
     4    0.1034    0.9398    1.2348    3.6969 v ln_56/_0_/Y (sky130_fd_sc_hd__clkinv_1)
                                                 ln56 (net)
     5    0.0287    0.0739    0.4826    4.1795 v lt_ln56_s0/Z (LTAP2)
                                                 pgm_ln56_s0 (net)
     2    0.0123    0.0769    0.1426    4.3220 v vs_8_56/Z (VSITE_BUF)
                                                 lf_8_56 (net)
     1    0.0108    0.1032    0.2005    4.5226 v row8/_463_/X (sky130_fd_sc_hd__xor2_1)
                                                 row8/_178_ (net)
     2    0.0123    0.3035    0.2936    4.8162 ^ row8/_465_/Y (sky130_fd_sc_hd__xnor2_1)
                                                 row8/_180_ (net)
     1    0.0110    0.2537    0.2843    5.1005 ^ row8/_467_/X (sky130_fd_sc_hd__xor2_1)
                                                 row8/_182_ (net)
     2    0.0099    0.1018    0.1512    5.2517 v row8/_470_/Y (sky130_fd_sc_hd__xnor2_1)
                                                 row8/_185_ (net)
     1    0.0059    0.0961    0.1728    5.4245 v row8/_471_/X (sky130_fd_sc_hd__xor2_1)
                                                 row8/_186_ (net)
     2    0.0258    0.2112    0.2649    5.6894 v row8/_472_/Y (sky130_fd_sc_hd__xnor2_1)
                                                 row8/_187_ (net)
     7    0.0876    1.8402    1.4484    7.1377 ^ row8/_548_/Y (sky130_fd_sc_hd__xnor2_1)
                                                 row8/g56_6[0] (net)
                    1.8403    0.0117    7.1494 ^ row8/_638_/D (sky130_fd_sc_hd__dfxtp_1)
                                        7.1494   data arrival time

                              3.0000    3.0000   clock clk (rise edge)
                              1.0447    4.0447   clock network delay (propagated)
                              0.0000    4.0447   clock reconvergence pessimism
                                        4.0447 ^ row8/_638_/CLK (sky130_fd_sc_hd__dfxtp_1)
                             -0.2601    3.7846   library setup time
                                        3.7846   data required time
-------------------------------------------------------------------------------------
                                        3.7846   data required time
                                       -7.1494   data arrival time
-------------------------------------------------------------------------------------
                                       -3.3649   slack (VIOLATED)


SIGNOFF_PROG_PATH_END
SIGNOFF_SLEW tap_input_max=1.964653 tap_input_pin=lt_lp59_s0/A site_input_max=0.147190 site_input_pin=vs_32_27/A
SIGNOFF_SPINE_DRIVERS sky130_fd_sc_hd__clkinv_1 256 sky130_fd_sc_hd__dfxtp_1 256
