======== ABC command line "read_lib -w /home/user/all-the-info/13_FABLE_5_1_SCIENTIFIC_DISCOVERY/experiments/inputs/lib/sky130_fd_sc_hd__tt_025C_1v80.lib; read_aiger design.aig; strash; dch; map -D 4866.84; topo; stime -p; print_stats; write_blif mapped_iso_n1024.blif; cec design.aig"
Parsing finished successfully.  Parsing time =     0.11 sec
Scl_LibertyReadGenlib() skipped cell "sky130_fd_sc_hd__decap_12" without logic function.
Scl_LibertyReadGenlib() skipped cell "sky130_fd_sc_hd__decap_3" without logic function.
Scl_LibertyReadGenlib() skipped cell "sky130_fd_sc_hd__decap_4" without logic function.
Scl_LibertyReadGenlib() skipped cell "sky130_fd_sc_hd__decap_6" without logic function.
Scl_LibertyReadGenlib() skipped cell "sky130_fd_sc_hd__decap_8" without logic function.
Scl_LibertyReadGenlib() skipped sequential cell "sky130_fd_sc_hd__dfbbn_1".
Scl_LibertyReadGenlib() skipped sequential cell "sky130_fd_sc_hd__dfbbn_2".
Scl_LibertyReadGenlib() skipped sequential cell "sky130_fd_sc_hd__dfbbp_1".
Scl_LibertyReadGenlib() skipped sequential cell "sky130_fd_sc_hd__dfrbp_1".
Scl_LibertyReadGenlib() skipped sequential cell "sky130_fd_sc_hd__dfrbp_2".
Scl_LibertyReadGenlib() skipped sequential cell "sky130_fd_sc_hd__dfrtn_1".
Scl_LibertyReadGenlib() skipped sequential cell "sky130_fd_sc_hd__dfrtp_1".
Scl_LibertyReadGenlib() skipped sequential cell "sky130_fd_sc_hd__dfrtp_2".
Scl_LibertyReadGenlib() skipped sequential cell "sky130_fd_sc_hd__dfrtp_4".
Scl_LibertyReadGenlib() skipped sequential cell "sky130_fd_sc_hd__dfsbp_1".
Scl_LibertyReadGenlib() skipped sequential cell "sky130_fd_sc_hd__dfsbp_2".
Scl_LibertyReadGenlib() skipped sequential cell "sky130_fd_sc_hd__dfstp_1".
Scl_LibertyReadGenlib() skipped sequential cell "sky130_fd_sc_hd__dfstp_2".
Scl_LibertyReadGenlib() skipped sequential cell "sky130_fd_sc_hd__dfstp_4".
Scl_LibertyReadGenlib() skipped sequential cell "sky130_fd_sc_hd__dfxbp_1".
Scl_LibertyReadGenlib() skipped sequential cell "sky130_fd_sc_hd__dfxbp_2".
Scl_LibertyReadGenlib() skipped sequential cell "sky130_fd_sc_hd__dfxtp_1".
Scl_LibertyReadGenlib() skipped sequential cell "sky130_fd_sc_hd__dfxtp_2".
Scl_LibertyReadGenlib() skipped sequential cell "sky130_fd_sc_hd__dfxtp_4".
Scl_LibertyReadGenlib() skipped cell "sky130_fd_sc_hd__diode_2" without logic function.
Scl_LibertyReadGenlib() skipped cell "sky130_fd_sc_hd__dlclkp_1" without logic function.
Scl_LibertyReadGenlib() skipped cell "sky130_fd_sc_hd__dlclkp_2" without logic function.
Scl_LibertyReadGenlib() skipped cell "sky130_fd_sc_hd__dlclkp_4" without logic function.
Scl_LibertyReadGenlib() skipped sequential cell "sky130_fd_sc_hd__dlrbn_1".
Scl_LibertyReadGenlib() skipped sequential cell "sky130_fd_sc_hd__dlrbn_2".
Scl_LibertyReadGenlib() skipped sequential cell "sky130_fd_sc_hd__dlrbp_1".
Scl_LibertyReadGenlib() skipped sequential cell "sky130_fd_sc_hd__dlrbp_2".
Scl_LibertyReadGenlib() skipped sequential cell "sky130_fd_sc_hd__dlrtn_1".
Scl_LibertyReadGenlib() skipped sequential cell "sky130_fd_sc_hd__dlrtn_2".
Scl_LibertyReadGenlib() skipped sequential cell "sky130_fd_sc_hd__dlrtn_4".
Scl_LibertyReadGenlib() skipped sequential cell "sky130_fd_sc_hd__dlrtp_1".
Scl_LibertyReadGenlib() skipped sequential cell "sky130_fd_sc_hd__dlrtp_2".
Scl_LibertyReadGenlib() skipped sequential cell "sky130_fd_sc_hd__dlrtp_4".
Scl_LibertyReadGenlib() skipped sequential cell "sky130_fd_sc_hd__dlxbn_1".
Scl_LibertyReadGenlib() skipped sequential cell "sky130_fd_sc_hd__dlxbn_2".
Scl_LibertyReadGenlib() skipped sequential cell "sky130_fd_sc_hd__dlxbp_1".
Scl_LibertyReadGenlib() skipped sequential cell "sky130_fd_sc_hd__dlxtn_1".
Scl_LibertyReadGenlib() skipped sequential cell "sky130_fd_sc_hd__dlxtn_2".
Scl_LibertyReadGenlib() skipped sequential cell "sky130_fd_sc_hd__dlxtn_4".
Scl_LibertyReadGenlib() skipped sequential cell "sky130_fd_sc_hd__dlxtp_1".
Scl_LibertyReadGenlib() skipped three-state cell "sky130_fd_sc_hd__ebufn_1".
Scl_LibertyReadGenlib() skipped three-state cell "sky130_fd_sc_hd__ebufn_2".
Scl_LibertyReadGenlib() skipped three-state cell "sky130_fd_sc_hd__ebufn_4".
Scl_LibertyReadGenlib() skipped three-state cell "sky130_fd_sc_hd__ebufn_8".
Scl_LibertyReadGenlib() skipped sequential cell "sky130_fd_sc_hd__edfxbp_1".
Scl_LibertyReadGenlib() skipped sequential cell "sky130_fd_sc_hd__edfxtp_1".
Scl_LibertyReadGenlib() skipped three-state cell "sky130_fd_sc_hd__einvn_0".
Scl_LibertyReadGenlib() skipped three-state cell "sky130_fd_sc_hd__einvn_1".
Scl_LibertyReadGenlib() skipped three-state cell "sky130_fd_sc_hd__einvn_2".
Scl_LibertyReadGenlib() skipped three-state cell "sky130_fd_sc_hd__einvn_4".
Scl_LibertyReadGenlib() skipped three-state cell "sky130_fd_sc_hd__einvn_8".
Scl_LibertyReadGenlib() skipped three-state cell "sky130_fd_sc_hd__einvp_1".
Scl_LibertyReadGenlib() skipped three-state cell "sky130_fd_sc_hd__einvp_2".
Scl_LibertyReadGenlib() skipped three-state cell "sky130_fd_sc_hd__einvp_4".
Scl_LibertyReadGenlib() skipped three-state cell "sky130_fd_sc_hd__einvp_8".
Scl_LibertyReadGenlib() skipped cell "sky130_fd_sc_hd__lpflow_bleeder_1" without logic function.
Scl_LibertyReadGenlib() skipped cell "sky130_fd_sc_hd__lpflow_decapkapwr_12" without logic function.
Scl_LibertyReadGenlib() skipped cell "sky130_fd_sc_hd__lpflow_decapkapwr_3" without logic function.
Scl_LibertyReadGenlib() skipped cell "sky130_fd_sc_hd__lpflow_decapkapwr_4" without logic function.
Scl_LibertyReadGenlib() skipped cell "sky130_fd_sc_hd__lpflow_decapkapwr_6" without logic function.
Scl_LibertyReadGenlib() skipped cell "sky130_fd_sc_hd__lpflow_decapkapwr_8" without logic function.
Scl_LibertyReadGenlib() skipped sequential cell "sky130_fd_sc_hd__lpflow_inputisolatch_1".
Scl_LibertyReadGenlib() skipped sequential cell "sky130_fd_sc_hd__sdfbbn_1".
Scl_LibertyReadGenlib() skipped sequential cell "sky130_fd_sc_hd__sdfbbn_2".
Scl_LibertyReadGenlib() skipped sequential cell "sky130_fd_sc_hd__sdfbbp_1".
Scl_LibertyReadGenlib() skipped sequential cell "sky130_fd_sc_hd__sdfrbp_1".
Scl_LibertyReadGenlib() skipped sequential cell "sky130_fd_sc_hd__sdfrbp_2".
Scl_LibertyReadGenlib() skipped sequential cell "sky130_fd_sc_hd__sdfrtn_1".
Scl_LibertyReadGenlib() skipped sequential cell "sky130_fd_sc_hd__sdfrtp_1".
Scl_LibertyReadGenlib() skipped sequential cell "sky130_fd_sc_hd__sdfrtp_2".
Scl_LibertyReadGenlib() skipped sequential cell "sky130_fd_sc_hd__sdfrtp_4".
Scl_LibertyReadGenlib() skipped sequential cell "sky130_fd_sc_hd__sdfsbp_1".
Scl_LibertyReadGenlib() skipped sequential cell "sky130_fd_sc_hd__sdfsbp_2".
Scl_LibertyReadGenlib() skipped sequential cell "sky130_fd_sc_hd__sdfstp_1".
Scl_LibertyReadGenlib() skipped sequential cell "sky130_fd_sc_hd__sdfstp_2".
Scl_LibertyReadGenlib() skipped sequential cell "sky130_fd_sc_hd__sdfstp_4".
Scl_LibertyReadGenlib() skipped sequential cell "sky130_fd_sc_hd__sdfxbp_1".
Scl_LibertyReadGenlib() skipped sequential cell "sky130_fd_sc_hd__sdfxbp_2".
Scl_LibertyReadGenlib() skipped sequential cell "sky130_fd_sc_hd__sdfxtp_1".
Scl_LibertyReadGenlib() skipped sequential cell "sky130_fd_sc_hd__sdfxtp_2".
Scl_LibertyReadGenlib() skipped sequential cell "sky130_fd_sc_hd__sdfxtp_4".
Scl_LibertyReadGenlib() skipped cell "sky130_fd_sc_hd__sdlclkp_1" without logic function.
Scl_LibertyReadGenlib() skipped cell "sky130_fd_sc_hd__sdlclkp_2" without logic function.
Scl_LibertyReadGenlib() skipped cell "sky130_fd_sc_hd__sdlclkp_4" without logic function.
Scl_LibertyReadGenlib() skipped sequential cell "sky130_fd_sc_hd__sedfxbp_1".
Scl_LibertyReadGenlib() skipped sequential cell "sky130_fd_sc_hd__sedfxbp_2".
Scl_LibertyReadGenlib() skipped sequential cell "sky130_fd_sc_hd__sedfxtp_1".
Scl_LibertyReadGenlib() skipped sequential cell "sky130_fd_sc_hd__sedfxtp_2".
Scl_LibertyReadGenlib() skipped sequential cell "sky130_fd_sc_hd__sedfxtp_4".
Library "sky130_fd_sc_hd__tt_025C_1v80" from "/home/user/all-the-info/13_FABLE_5_1_SCIENTIFIC_DISCOVERY/experiments/inputs/lib/sky130_fd_sc_hd__tt_025C_1v80.lib" has 334 cells (94 skipped: 63 seq; 13 tri-state; 18 no func; 0 dont_use; 0 with 2 outputs; 0 with 3+ outputs).  Time =     0.19 sec
Memory =   19.81 MB. Time =     0.19 sec
Warning: Detected 9 multi-output cells (for example, "sky130_fd_sc_hd__fa_1").
WireLoad = "none"  [1;33mGates =  27001[0m (  9.8 %)   [1;32mCap =  4.9 ff[0m (  1.4 %)   [1;36mArea =   142243.92[0m ( 90.2 %)   [1;35mDelay =  6686.10 ps[0m  (  2.3 %)               
Path  0 --      18 : 0    2 pi                         A =   0.00  Df =   0.0   -0.0 ps  S =   0.0 ps  Cin =  0.0 ff  Cout =   4.0 ff  Cmax =   0.0 ff  G =    0  
Path  1 --   17850 : 2    3 sky130_fd_sc_hd__and2_2    A =   7.51  Df = 180.1  -43.3 ps  S =  63.0 ps  Cin =  1.5 ff  Cout =   8.2 ff  Cmax = 303.0 ff  G =  531  
Path  2 --   17851 : 2    1 sky130_fd_sc_hd__nor2_1    A =   3.75  Df = 257.3  -82.1 ps  S =  71.3 ps  Cin =  2.4 ff  Cout =   2.4 ff  Cmax =  86.1 ff  G =   97  
Path  3 --   17852 : 2    4 sky130_fd_sc_hd__nand2_1   A =   3.75  Df = 343.1  -74.4 ps  S = 104.3 ps  Cin =  2.3 ff  Cout =   9.7 ff  Cmax = 166.6 ff  G =  404  
Path  4 --   21964 : 2    1 sky130_fd_sc_hd__nand2_1   A =   3.75  Df = 405.4  -81.4 ps  S =  40.7 ps  Cin =  2.3 ff  Cout =   2.3 ff  Cmax = 166.6 ff  G =   99  
Path  5 --   21970 : 3    3 sky130_fd_sc_hd__nand3_1   A =   5.00  Df = 484.6  -28.2 ps  S =  95.2 ps  Cin =  2.4 ff  Cout =   6.4 ff  Cmax = 146.5 ff  G =  260  
Path  6 --   21973 : 2    2 sky130_fd_sc_hd__and2_2    A =   7.51  Df = 667.7  -64.9 ps  S =  42.9 ps  Cin =  1.5 ff  Cout =   3.9 ff  Cmax = 303.0 ff  G =  254  
Path  7 --   21974 : 2    3 sky130_fd_sc_hd__or2_2     A =   6.26  Df = 952.6 -239.9 ps  S =  68.0 ps  Cin =  1.5 ff  Cout =   7.2 ff  Cmax = 299.4 ff  G =  480  
Path  8 --   21978 : 3    4 sky130_fd_sc_hd__nand3_1   A =   5.00  Df =1072.4 -159.7 ps  S = 129.3 ps  Cin =  2.4 ff  Cout =   9.9 ff  Cmax = 146.5 ff  G =  402  
Path  9 --   21979 : 1    1 sky130_fd_sc_hd__clkinv_1  A =   3.75  Df =1137.6 -167.7 ps  S =  39.7 ps  Cin =  3.1 ff  Cout =   1.8 ff  Cmax = 190.4 ff  G =   55  
Path 10 --   21990 : 3    4 sky130_fd_sc_hd__o21ai_0   A =   5.00  Df =1395.7 -151.8 ps  S = 299.6 ps  Cin =  1.7 ff  Cout =   8.7 ff  Cmax =  50.4 ff  G =  495  
Path 11 --   21995 : 3    2 sky130_fd_sc_hd__a21oi_1   A =   5.00  Df =1508.9 -100.4 ps  S = 123.6 ps  Cin =  2.3 ff  Cout =   3.6 ff  Cmax =  74.2 ff  G =  149  
Path 12 --   22018 : 3    4 sky130_fd_sc_hd__o21ai_0   A =   5.00  Df =1796.6  -62.5 ps  S = 297.7 ps  Cin =  1.7 ff  Cout =   8.6 ff  Cmax =  50.4 ff  G =  492  
Path 13 --   22023 : 3    2 sky130_fd_sc_hd__a21oi_1   A =   5.00  Df =1909.7  -13.6 ps  S = 125.1 ps  Cin =  2.3 ff  Cout =   3.6 ff  Cmax =  74.2 ff  G =  149  
Path 14 --   22075 : 3    4 sky130_fd_sc_hd__o21ai_0   A =   5.00  Df =2197.3  -62.6 ps  S = 297.7 ps  Cin =  1.7 ff  Cout =   8.6 ff  Cmax =  50.4 ff  G =  492  
Path 15 --   22082 : 3    2 sky130_fd_sc_hd__a21oi_1   A =   5.00  Df =2309.7  -13.1 ps  S = 125.0 ps  Cin =  2.3 ff  Cout =   3.6 ff  Cmax =  74.2 ff  G =  148  
Path 16 --   22149 : 3    4 sky130_fd_sc_hd__o21ai_0   A =   5.00  Df =2597.1  -61.8 ps  S = 297.7 ps  Cin =  1.7 ff  Cout =   8.6 ff  Cmax =  50.4 ff  G =  492  
Path 17 --   22158 : 2    1 sky130_fd_sc_hd__nand2_1   A =   3.75  Df =2675.8  -57.8 ps  S =  70.6 ps  Cin =  2.3 ff  Cout =   2.3 ff  Cmax = 166.6 ff  G =   99  
Path 18 --   22159 : 3    1 sky130_fd_sc_hd__nand3_1   A =   5.00  Df =2745.8  -69.0 ps  S =  68.9 ps  Cin =  2.4 ff  Cout =   2.4 ff  Cmax = 146.5 ff  G =   98  
Path 19 --   22163 : 4    5 sky130_fd_sc_hd__nand4_1   A =   6.26  Df =2923.2  -37.0 ps  S = 157.4 ps  Cin =  2.3 ff  Cout =  11.3 ff  Cmax = 124.5 ff  G =  466  
Path 20 --   22166 : 3    1 sky130_fd_sc_hd__and3_2    A =   7.51  Df =3147.9  -26.2 ps  S =  43.2 ps  Cin =  1.5 ff  Cout =   2.5 ff  Cmax = 309.5 ff  G =  159  
Path 21 --   22167 : 4    4 sky130_fd_sc_hd__o22ai_1   A =   6.26  Df =3304.3  -71.7 ps  S = 238.5 ps  Cin =  2.4 ff  Cout =   8.6 ff  Cmax =  73.3 ff  G =  354  
Path 22 --   22174 : 3    2 sky130_fd_sc_hd__a21oi_1   A =   5.00  Df =3407.3  -22.8 ps  S = 122.8 ps  Cin =  2.3 ff  Cout =   3.6 ff  Cmax =  74.2 ff  G =  148  
Path 23 --   25063 : 3    4 sky130_fd_sc_hd__o21ai_0   A =   5.00  Df =3670.6 -153.8 ps  S = 288.1 ps  Cin =  1.7 ff  Cout =   8.3 ff  Cmax =  50.4 ff  G =  464  
Path 24 --   25064 : 3    3 sky130_fd_sc_hd__a21oi_1   A =   5.00  Df =3839.2  -67.8 ps  S = 184.7 ps  Cin =  2.3 ff  Cout =   6.8 ff  Cmax =  74.2 ff  G =  279  
Path 25 --   26111 : 3    4 sky130_fd_sc_hd__o21ai_0   A =   5.00  Df =4041.4  -53.5 ps  S = 288.1 ps  Cin =  1.7 ff  Cout =   8.3 ff  Cmax =  50.4 ff  G =  464  
Path 26 --   26112 : 3    4 sky130_fd_sc_hd__o21bai_1  A =   7.51  Df =4249.5  -42.4 ps  S = 237.9 ps  Cin =  2.1 ff  Cout =   9.9 ff  Cmax =  77.8 ff  G =  450  
Path 27 --   26611 : 3    3 sky130_fd_sc_hd__nand3_1   A =   5.00  Df =4385.9  -38.0 ps  S = 100.6 ps  Cin =  2.4 ff  Cout =   6.5 ff  Cmax = 146.5 ff  G =  263  
Path 28 --   26970 : 3    3 sky130_fd_sc_hd__and3_2    A =   7.51  Df =4698.0  -73.1 ps  S =  63.9 ps  Cin =  1.5 ff  Cout =   6.8 ff  Cmax = 309.5 ff  G =  427  
Path 29 --   26974 : 3    2 sky130_fd_sc_hd__o21ai_0   A =   5.00  Df =4805.3  -19.5 ps  S = 191.3 ps  Cin =  1.7 ff  Cout =   4.8 ff  Cmax =  50.4 ff  G =  273  
Path 30 --   26976 : 3    6 sky130_fd_sc_hd__nand3_1   A =   5.00  Df =4975.3  -39.5 ps  S = 161.4 ps  Cin =  2.4 ff  Cout =  13.1 ff  Cmax = 146.5 ff  G =  537  
Path 31 --   26980 : 4    1 sky130_fd_sc_hd__o211a_1   A =  10.01  Df =5158.6  -22.8 ps  S =  38.0 ps  Cin =  2.3 ff  Cout =   1.8 ff  Cmax = 183.1 ff  G =   72  
Path 32 --   26982 : 3    5 sky130_fd_sc_hd__o21ai_0   A =   5.00  Df =5447.8 -142.6 ps  S = 375.7 ps  Cin =  1.7 ff  Cout =  11.4 ff  Cmax =  50.4 ff  G =  652  
Path 33 --   26991 : 3    1 sky130_fd_sc_hd__a21oi_1   A =   5.00  Df =5547.8  -95.5 ps  S =  89.9 ps  Cin =  2.3 ff  Cout =   1.8 ff  Cmax =  74.2 ff  G =   74  
Path 34 --   26994 : 3    2 sky130_fd_sc_hd__o21ai_0   A =   5.00  Df =5735.5  -17.9 ps  S = 164.9 ps  Cin =  1.7 ff  Cout =   3.8 ff  Cmax =  50.4 ff  G =  220  
Path 35 --   28247 : 4    3 sky130_fd_sc_hd__nand4_1   A =   6.26  Df =5863.5   -8.1 ps  S = 112.8 ps  Cin =  2.3 ff  Cout =   6.3 ff  Cmax = 124.5 ff  G =  260  
Path 36 --   28248 : 3    2 sky130_fd_sc_hd__nand3b_1  A =   7.51  Df =6050.8  -52.9 ps  S =  77.8 ps  Cin =  2.0 ff  Cout =   4.2 ff  Cmax = 143.7 ff  G =  201  
Path 37 --   28249 : 3    3 sky130_fd_sc_hd__o21bai_1  A =   7.51  Df =6235.4  -98.6 ps  S = 189.5 ps  Cin =  2.1 ff  Cout =   7.3 ff  Cmax =  77.8 ff  G =  331  
Path 38 --   29549 : 3    3 sky130_fd_sc_hd__a21oi_1   A =   5.00  Df =6435.0 -180.4 ps  S = 198.5 ps  Cin =  2.3 ff  Cout =   7.6 ff  Cmax =  74.2 ff  G =  304  
Path 39 --   29913 : 3    2 sky130_fd_sc_hd__o21bai_1  A =   7.51  Df =6534.1 -118.4 ps  S = 147.0 ps  Cin =  2.1 ff  Cout =   4.9 ff  Cmax =  77.8 ff  G =  226  
Path 40 --   30152 : 4    1 sky130_fd_sc_hd__o2bb2ai_1 A =   8.76  Df =6653.1 -114.5 ps  S =  99.8 ps  Cin =  2.4 ff  Cout =   2.4 ff  Cmax =  76.0 ff  G =   96  
Path 41 --   30158 : 2    1 sky130_fd_sc_hd__nand2_1   A =   3.75  Df =6686.1  -46.0 ps  S =  26.3 ps  Cin =  2.3 ff  Cout =   0.0 ff  Cmax = 166.6 ff  G =    0  
Start-point = pi0017.  End-point = po15.
[1;37mdesign                        :[0m i/o = 3420/   19  lat =    0  nd = 27001  edge =  63405  area =142179.51  delay =4866.82  lev = 55
Networks are equivalent.  Time =    17.94 sec

rc=0 wall=27.3
