
 /----------------------------------------------------------------------------\
 |  yosys -- Yosys Open SYnthesis Suite                                       |
 |  Copyright (C) 2012 - 2026  Claire Xenia Wolf <claire@yosyshq.com>         |
 |  Distributed under an ISC-like license, type "license" to see terms        |
 \----------------------------------------------------------------------------/
 Yosys 0.69 (git sha1 9f75ca1f9, Release, Clang /workspace/YoWASP/yosys/wasi-sdk-33.0-x86_64-linux/share/cmake/../..//bin/clang++ 22.1.0)

-- Running command `read_verilog rtl.v; synth -flatten -top top -noabc; aigmap; opt_clean; write_aiger -ascii -symbols design.aag; write_aiger -symbols design.aig' --

1. Executing Verilog-2005 frontend: rtl.v
Traceback (most recent call last):
  File "/usr/local/bin/yowasp-yosys", line 8, in <module>
    sys.exit(_run_yosys_argv())
             ^^^^^^^^^^^^^^^^^
  File "/usr/local/lib/python3.11/dist-packages/yowasp_yosys/__init__.py", line 12, in _run_yosys_argv
    sys.exit(run_yosys(sys.argv[1:]))
             ^^^^^^^^^^^^^^^^^^^^^^^
  File "/usr/local/lib/python3.11/dist-packages/yowasp_yosys/__init__.py", line 7, in run_yosys
    return yowasp_runtime.run_wasm(__package__, "yosys.wasm", resources=["share"],
           ^^^^^^^^^^^^^^^^^^^^^^^^^^^^^^^^^^^^^^^^^^^^^^^^^^^^^^^^^^^^^^^^^^^^^^^
  File "/usr/local/lib/python3.11/dist-packages/yowasp_runtime/__init__.py", line 151, in run_wasm
    raise exception # re-raise to preserve backtrace
    ^^^^^^^^^^^^^^^
  File "/usr/local/lib/python3.11/dist-packages/yowasp_runtime/__init__.py", line 138, in run
    app.exports(store)["_start"](store)
  File "/usr/local/lib/python3.11/dist-packages/wasmtime/_func.py", line 93, in __call__
    with enter_wasm(store) as trap:
  File "/usr/lib/python3.11/contextlib.py", line 144, in __exit__
    next(self.gen)
  File "/usr/local/lib/python3.11/dist-packages/wasmtime/_func.py", line 238, in enter_wasm
    raise trap_obj
wasmtime._trap.Trap: error while executing at wasm backtrace:
    0: yosys.wasm!Yosys::AST::AstNode::simplify(bool, int, int, bool)
    1: 0x2fe2c3 - yosys.wasm!Yosys::AST::AstNode::simplify(bool, int, int, bool)
    2: 0x2fe2c3 - yosys.wasm!Yosys::AST::AstNode::simplify(bool, int, int, bool)
    3: 0x2fe2c3 - yosys.wasm!Yosys::AST::AstNode::simplify(bool, int, int, bool)
    4: 0x2fe2c3 - yosys.wasm!Yosys::AST::AstNode::simplify(bool, int, int, bool)
    5: 0x2fe2c3 - yosys.wasm!Yosys::AST::AstNode::simplify(bool, int, int, bool)
    6: 0x2fe2c3 - yosys.wasm!Yosys::AST::AstNode::simplify(bool, int, int, bool)
    7: 0x2fe2c3 - yosys.wasm!Yosys::AST::AstNode::simplify(bool, int, int, bool)
    8: 0x2fe2c3 - yosys.wasm!Yosys::AST::AstNode::simplify(bool, int, int, bool)
    9: 0x2fe2c3 - yosys.wasm!Yosys::AST::AstNode::simplify(bool, int, int, bool)
   10: 0x2fe2c3 - yosys.wasm!Yosys::AST::AstNode::simplify(bool, int, int, bool)
   11: 0x2fe2c3 - yosys.wasm!Yosys::AST::AstNode::simplify(bool, int, int, bool)
   12: 0x2fe2c3 - yosys.wasm!Yosys::AST::AstNode::simplify(bool, int, int, bool)
   13: 0x2fe2c3 - yosys.wasm!Yosys::AST::AstNode::simplify(bool, int, int, bool)
   14: 0x2fe2c3 - yosys.wasm!Yosys::AST::AstNode::simplify(bool, int, int, bool)
   15: 0x2fe2c3 - yosys.wasm!Yosys::AST::AstNode::simplify(bool, int, int, bool)
   16: 0x2fe2c3 - yosys.wasm!Yosys::AST::AstNode::simplify(bool, int, int, bool)
   17: 0x2fe2c3 - yosys.wasm!Yosys::AST::AstNode::simplify(bool, int, int, bool)
   18: 0x2fe2c3 - yosys.wasm!Yosys::AST::AstNode::simplify(bool, int, int, bool)
   19: 0x2fe2c3 - yosys.wasm!Yosys::AST::AstNode::simplify(bool, int, int, bool)
note: using the `WASMTIME_BACKTRACE_DETAILS=1` environment variable may show more debugging information

Caused by:
    wasm trap: call stack exhausted


rc=1 wall=0.4
