OpenROAD unknown 
Features included (+) or not (-): -GPU +GUI -Python
This program is licensed under the BSD-3 license. See the LICENSE file for details.
Components of this program may be licensed under more restrictive licenses which must be honored.
[INFO ORD-0030] Using 2 thread(s).
G2: removed 12566 base nets (all base wiring is at or below met3)
G2: programmable nets 496, pins 1789
[WARNING GRT-0300] Timing is not available, setting critical nets percentage to 0.
[INFO GRT-0020] Min routing layer: met4
[INFO GRT-0021] Max routing layer: met5
[INFO GRT-0022] Global adjustment: 0%
[INFO GRT-0023] Grid origin: (0, 0)
[INFO GRT-0088] Layer li1     Track-Pitch = 0.4600  line-2-Via Pitch: 0.3400
[INFO GRT-0088] Layer met1    Track-Pitch = 0.3400  line-2-Via Pitch: 0.3400
[INFO GRT-0088] Layer met2    Track-Pitch = 0.4600  line-2-Via Pitch: 0.3500
[INFO GRT-0088] Layer met3    Track-Pitch = 0.6800  line-2-Via Pitch: 0.6150
[INFO GRT-0088] Layer met4    Track-Pitch = 0.9200  line-2-Via Pitch: 1.0400
[INFO GRT-0088] Layer met5    Track-Pitch = 3.4000  line-2-Via Pitch: 3.1100
[INFO GRT-0003] Macros: 0
[INFO GRT-0004] Blockages: 0
[INFO GRT-0019] Found 0 clock nets.
[INFO GRT-0001] Minimum degree: 2
[INFO GRT-0002] Maximum degree: 23

[INFO GRT-0053] Routing resources analysis:
          Routing      Original      Derated      Resource
Layer     Direction    Resources     Resources    Reduction (%)
---------------------------------------------------------------
li1        Vertical            0             0          0.00%
met1       Horizontal          0             0          0.00%
met2       Vertical            0             0          0.00%
met3       Horizontal          0             0          0.00%
met4       Vertical        53960         53960          0.00%
met5       Horizontal      15928         15928          0.00%
---------------------------------------------------------------

[INFO GRT-0101] Running extra iterations to remove congestion.
[INFO GRT-0102] Start extra iteration 1/30
[INFO GRT-0102] Start extra iteration 2/30
[INFO GRT-0197] Via related to pin nodes: 1032
[INFO GRT-0198] Via related Steiner nodes: 162
[INFO GRT-0199] Via filling finished.
[INFO GRT-0111] Final number of vias: 2792
[INFO GRT-0112] Final usage 3D: 33133

[INFO GRT-0096] Final congestion report:
Layer         Resource        Demand        Usage (%)    Max H / Max V / Total Congestion
---------------------------------------------------------------------------------------
li1                  0             0            0.00%             0 /  0 /  0
met1                 0             0            0.00%             0 /  0 /  0
met2                 0             0            0.00%             0 /  0 /  0
met3                 0             0            0.00%             0 /  0 /  0
met4             53960         23121           42.85%             0 /  0 /  0
met5             15928          1636           10.27%             0 /  0 /  0
---------------------------------------------------------------------------------------
Total            69888         24757           35.42%             0 /  0 /  0

[INFO GRT-0018] Total wirelength: 191813 um
[INFO GRT-0014] Routed nets: 496
[INFO GRT-0303] Global routing runtime = 00:00:00
[INFO DRT-0149] Reading tech and libs.
[WARNING DRT-0349] LEF58_ENCLOSURE with no CUTCLASS is not supported. Skipping for layer mcon
[WARNING DRT-0349] LEF58_ENCLOSURE with no CUTCLASS is not supported. Skipping for layer mcon
[WARNING DRT-0349] LEF58_ENCLOSURE with no CUTCLASS is not supported. Skipping for layer via
[WARNING DRT-0349] LEF58_ENCLOSURE with no CUTCLASS is not supported. Skipping for layer via
[WARNING DRT-0349] LEF58_ENCLOSURE with no CUTCLASS is not supported. Skipping for layer via2
[WARNING DRT-0349] LEF58_ENCLOSURE with no CUTCLASS is not supported. Skipping for layer via2
[WARNING DRT-0349] LEF58_ENCLOSURE with no CUTCLASS is not supported. Skipping for layer via3
[WARNING DRT-0349] LEF58_ENCLOSURE with no CUTCLASS is not supported. Skipping for layer via3
[WARNING DRT-0349] LEF58_ENCLOSURE with no CUTCLASS is not supported. Skipping for layer via4
[WARNING DRT-0349] LEF58_ENCLOSURE with no CUTCLASS is not supported. Skipping for layer via4

Units:                1000
Number of layers:     13
Number of macros:     445
Number of vias:       25
Number of viarulegen: 25

[INFO DRT-0150] Reading design.

Design:                   top
Die area:                 ( 0 0 ) ( 617675 617675 )
Number of track patterns: 12
Number of DEF vias:       0
Number of components:     48625
Number of terminals:      0
Number of snets:          2
Number of nets:           496

[INFO DRT-0167] List of default vias:
  Layer via4
    default via: M4M5_PR
[INFO DRT-0162] Library cell analysis.
[INFO DRT-0163] Instance analysis.
[INFO DRT-0164] Number of unique instances = 122.
[INFO DRT-0168] Init region query.
[INFO DRT-0024]   Complete FR_MASTERSLICE.
[INFO DRT-0024]   Complete Fr_VIA.
[INFO DRT-0024]   Complete li1.
[INFO DRT-0024]   Complete mcon.
[INFO DRT-0024]   Complete met1.
[INFO DRT-0024]   Complete via.
[INFO DRT-0024]   Complete met2.
[INFO DRT-0024]   Complete via2.
[INFO DRT-0024]   Complete met3.
[INFO DRT-0024]   Complete via3.
[INFO DRT-0024]   Complete met4.
[INFO DRT-0024]   Complete via4.
[INFO DRT-0024]   Complete met5.
[INFO DRT-0033] FR_MASTERSLICE shape region query size = 0.
[INFO DRT-0033] FR_VIA shape region query size = 0.
[INFO DRT-0033] li1 shape region query size = 605312.
[INFO DRT-0033] mcon shape region query size = 616790.
[INFO DRT-0033] met1 shape region query size = 149624.
[INFO DRT-0033] via shape region query size = 0.
[INFO DRT-0033] met2 shape region query size = 1956.
[INFO DRT-0033] via2 shape region query size = 0.
[INFO DRT-0033] met3 shape region query size = 1956.
[INFO DRT-0033] via3 shape region query size = 0.
[INFO DRT-0033] met4 shape region query size = 1956.
[INFO DRT-0033] via4 shape region query size = 0.
[INFO DRT-0033] met5 shape region query size = 0.
[INFO DRT-0165] Start pin access.
[INFO DRT-0078]   Complete 616 pins.
[INFO DRT-0079]   Complete 100 unique inst patterns.
[INFO DRT-0081]   Complete 122 unique inst patterns.
[INFO DRT-0084]   Complete 1839 groups.
#scanned instances     = 48625
#unique  instances     = 122
#stdCellGenAp          = 130
#stdCellValidPlanarAp  = 130
#stdCellValidViaAp     = 0
#stdCellPinNoAp        = 0
#stdCellPinCnt         = 1789
#instTermValidViaApCnt = 0
#macroGenAp            = 0
#macroValidPlanarAp    = 0
#macroValidViaAp       = 0
#macroNoAp             = 0
[INFO DRT-0166] Complete pin access.
[INFO DRT-0267] cpu time = 00:00:00, elapsed time = 00:00:00, memory = 375.36 (MB), peak = 375.30 (MB)

[INFO DRT-0157] Number of guides:     5447

[INFO DRT-0169] Post process guides.
[INFO DRT-0176] GCELLGRID X 0 DO 89 STEP 6900 ;
[INFO DRT-0177] GCELLGRID Y 0 DO 89 STEP 6900 ;
[INFO DRT-0028]   Complete FR_MASTERSLICE.
[INFO DRT-0028]   Complete Fr_VIA.
[INFO DRT-0028]   Complete li1.
[INFO DRT-0028]   Complete mcon.
[INFO DRT-0028]   Complete met1.
[INFO DRT-0028]   Complete via.
[INFO DRT-0028]   Complete met2.
[INFO DRT-0028]   Complete via2.
[INFO DRT-0028]   Complete met3.
[INFO DRT-0028]   Complete via3.
[INFO DRT-0028]   Complete met4.
[INFO DRT-0028]   Complete via4.
[INFO DRT-0028]   Complete met5.
[INFO DRT-0178] Init guide query.
[INFO DRT-0035]   Complete FR_MASTERSLICE (guide).
[INFO DRT-0035]   Complete Fr_VIA (guide).
[INFO DRT-0035]   Complete li1 (guide).
[INFO DRT-0035]   Complete mcon (guide).
[INFO DRT-0035]   Complete met1 (guide).
[INFO DRT-0035]   Complete via (guide).
[INFO DRT-0035]   Complete met2 (guide).
[INFO DRT-0035]   Complete via2 (guide).
[INFO DRT-0035]   Complete met3 (guide).
[INFO DRT-0035]   Complete via3 (guide).
[INFO DRT-0035]   Complete met4 (guide).
[INFO DRT-0035]   Complete via4 (guide).
[INFO DRT-0035]   Complete met5 (guide).
[INFO DRT-0036] FR_MASTERSLICE guide region query size = 0.
[INFO DRT-0036] FR_VIA guide region query size = 0.
[INFO DRT-0036] li1 guide region query size = 0.
[INFO DRT-0036] mcon guide region query size = 0.
[INFO DRT-0036] met1 guide region query size = 0.
[INFO DRT-0036] via guide region query size = 0.
[INFO DRT-0036] met2 guide region query size = 0.
[INFO DRT-0036] via2 guide region query size = 0.
[INFO DRT-0036] met3 guide region query size = 0.
[INFO DRT-0036] via3 guide region query size = 0.
[INFO DRT-0036] met4 guide region query size = 2286.
[INFO DRT-0036] via4 guide region query size = 0.
[INFO DRT-0036] met5 guide region query size = 1151.
[INFO DRT-0179] Init gr pin query.
[INFO DRT-0267] cpu time = 00:00:00, elapsed time = 00:00:00, memory = 375.60 (MB), peak = 375.43 (MB)
[INFO DRT-0245] skipped writing guide updates to database.
[INFO DRT-0181] Start track assignment.
[INFO DRT-0184] Done with 2286 vertical wires in 2 frboxes and 1151 horizontal wires in 2 frboxes.
[INFO DRT-0186] Done with 1812 vertical wires in 2 frboxes and 51 horizontal wires in 2 frboxes.
[INFO DRT-0182] Complete track assignment.
[INFO DRT-0267] cpu time = 00:00:02, elapsed time = 00:00:02, memory = 475.27 (MB), peak = 475.08 (MB)
[INFO DRT-0187] Start routing data preparation.
[INFO DRT-0267] cpu time = 00:00:00, elapsed time = 00:00:00, memory = 475.33 (MB), peak = 475.20 (MB)
[INFO DRT-0194] Start detail routing.
[INFO DRT-0195] Start 0th optimization iteration.
    Completing 10% with 0 violations.
    elapsed time = 00:00:04, memory = 605.98 (MB).
    Completing 20% with 0 violations.
    elapsed time = 00:00:08, memory = 826.10 (MB).
    Completing 30% with 1106 violations.
    elapsed time = 00:00:12, memory = 844.04 (MB).
    Completing 40% with 1106 violations.
    elapsed time = 00:00:17, memory = 778.54 (MB).
    Completing 50% with 1106 violations.
    elapsed time = 00:00:21, memory = 891.30 (MB).
    Completing 60% with 2180 violations.
    elapsed time = 00:00:25, memory = 814.06 (MB).
    Completing 70% with 2180 violations.
    elapsed time = 00:00:31, memory = 803.52 (MB).
    Completing 80% with 3229 violations.
    elapsed time = 00:00:36, memory = 807.94 (MB).
    Completing 90% with 3229 violations.
    elapsed time = 00:00:42, memory = 808.91 (MB).
    Completing 100% with 4280 violations.
    elapsed time = 00:00:47, memory = 830.95 (MB).
[INFO DRT-0199]   Number of violations = 4462.
Viol/Layer        met4   via4   met5
Metal Spacing      722      0      0
Recheck            174      0      8
Short             3552      4      2
[INFO DRT-0267] cpu time = 00:00:48, elapsed time = 00:00:47, memory = 834.61 (MB), peak = 968.95 (MB)
Total wire length = 176054 um.
Total wire length on LAYER li1 = 0 um.
Total wire length on LAYER met1 = 0 um.
Total wire length on LAYER met2 = 0 um.
Total wire length on LAYER met3 = 0 um.
Total wire length on LAYER met4 = 169573 um.
Total wire length on LAYER met5 = 6481 um.
Total number of vias = 940.
Up-via summary (total 940):

----------------------
 FR_MASTERSLICE      0
            li1      0
           met1      0
           met2      0
           met3      0
           met4    940
----------------------
               940


[INFO DRT-0195] Start 1st optimization iteration.
    Completing 10% with 4462 violations.
    elapsed time = 00:00:04, memory = 836.59 (MB).
    Completing 20% with 4462 violations.
    elapsed time = 00:00:08, memory = 824.23 (MB).
    Completing 30% with 4347 violations.
    elapsed time = 00:00:13, memory = 868.16 (MB).
    Completing 40% with 4347 violations.
    elapsed time = 00:00:19, memory = 873.64 (MB).
    Completing 50% with 4347 violations.
    elapsed time = 00:00:25, memory = 891.63 (MB).
    Completing 60% with 4218 violations.
    elapsed time = 00:00:29, memory = 880.68 (MB).
    Completing 70% with 4218 violations.
    elapsed time = 00:00:34, memory = 879.15 (MB).
    Completing 80% with 4093 violations.
    elapsed time = 00:00:39, memory = 895.33 (MB).
    Completing 90% with 4093 violations.
    elapsed time = 00:00:45, memory = 895.56 (MB).
    Completing 100% with 3929 violations.
    elapsed time = 00:00:51, memory = 876.14 (MB).
[INFO DRT-0199]   Number of violations = 3929.
Viol/Layer        met4
Metal Spacing      575
Short             3354
[INFO DRT-0267] cpu time = 00:00:50, elapsed time = 00:00:51, memory = 900.03 (MB), peak = 983.81 (MB)
Total wire length = 176264 um.
Total wire length on LAYER li1 = 0 um.
Total wire length on LAYER met1 = 0 um.
Total wire length on LAYER met2 = 0 um.
Total wire length on LAYER met3 = 0 um.
Total wire length on LAYER met4 = 170936 um.
Total wire length on LAYER met5 = 5328 um.
Total number of vias = 699.
Up-via summary (total 699):

----------------------
 FR_MASTERSLICE      0
            li1      0
           met1      0
           met2      0
           met3      0
           met4    699
----------------------
               699


[INFO DRT-0195] Start 2nd optimization iteration.
    Completing 10% with 3929 violations.
    elapsed time = 00:00:04, memory = 900.50 (MB).
    Completing 20% with 3929 violations.
    elapsed time = 00:00:10, memory = 877.91 (MB).
    Completing 30% with 3884 violations.
    elapsed time = 00:00:13, memory = 905.93 (MB).
    Completing 40% with 3884 violations.
    elapsed time = 00:00:19, memory = 905.93 (MB).
    Completing 50% with 3884 violations.
    elapsed time = 00:00:24, memory = 929.81 (MB).
    Completing 60% with 3867 violations.
    elapsed time = 00:00:30, memory = 913.94 (MB).
    Completing 70% with 3867 violations.
    elapsed time = 00:00:34, memory = 913.94 (MB).
    Completing 80% with 3847 violations.
    elapsed time = 00:00:39, memory = 907.44 (MB).
    Completing 90% with 3847 violations.
    elapsed time = 00:00:44, memory = 903.45 (MB).
    Completing 100% with 3814 violations.
    elapsed time = 00:00:47, memory = 903.20 (MB).
[INFO DRT-0199]   Number of violations = 3814.
Viol/Layer        met4
Metal Spacing      571
Short             3243
[INFO DRT-0267] cpu time = 00:00:45, elapsed time = 00:00:47, memory = 895.48 (MB), peak = 983.81 (MB)
Total wire length = 176163 um.
Total wire length on LAYER li1 = 0 um.
Total wire length on LAYER met1 = 0 um.
Total wire length on LAYER met2 = 0 um.
Total wire length on LAYER met3 = 0 um.
Total wire length on LAYER met4 = 171117 um.
Total wire length on LAYER met5 = 5046 um.
Total number of vias = 657.
Up-via summary (total 657):

----------------------
 FR_MASTERSLICE      0
            li1      0
           met1      0
           met2      0
           met3      0
           met4    657
----------------------
               657


[INFO DRT-0195] Start 3rd optimization iteration.
    Completing 10% with 3814 violations.
    elapsed time = 00:00:10, memory = 895.26 (MB).
    Completing 20% with 3814 violations.
    elapsed time = 00:00:19, memory = 895.48 (MB).
    Completing 30% with 3722 violations.
    elapsed time = 00:00:26, memory = 937.84 (MB).
    Completing 40% with 3722 violations.
    elapsed time = 00:00:37, memory = 937.84 (MB).
    Completing 50% with 3722 violations.
    elapsed time = 00:00:46, memory = 937.90 (MB).
    Completing 60% with 3637 violations.
    elapsed time = 00:00:55, memory = 929.90 (MB).
    Completing 70% with 3637 violations.
    elapsed time = 00:01:07, memory = 930.16 (MB).
    Completing 80% with 3565 violations.
    elapsed time = 00:01:15, memory = 923.46 (MB).
    Completing 90% with 3565 violations.
    elapsed time = 00:01:29, memory = 923.57 (MB).
    Completing 100% with 3491 violations.
    elapsed time = 00:01:39, memory = 926.48 (MB).
[INFO DRT-0199]   Number of violations = 3491.
Viol/Layer        met4
Metal Spacing      501
Short             2990
[INFO DRT-0267] cpu time = 00:01:38, elapsed time = 00:01:39, memory = 924.52 (MB), peak = 983.81 (MB)
Total wire length = 178232 um.
Total wire length on LAYER li1 = 0 um.
Total wire length on LAYER met1 = 0 um.
Total wire length on LAYER met2 = 0 um.
Total wire length on LAYER met3 = 0 um.
Total wire length on LAYER met4 = 171596 um.
Total wire length on LAYER met5 = 6636 um.
Total number of vias = 905.
Up-via summary (total 905):

----------------------
 FR_MASTERSLICE      0
            li1      0
           met1      0
           met2      0
           met3      0
           met4    905
----------------------
               905


[INFO DRT-0195] Start 4th optimization iteration.
    Completing 10% with 3491 violations.
    elapsed time = 00:00:08, memory = 927.71 (MB).
    Completing 20% with 3491 violations.
    elapsed time = 00:00:17, memory = 928.53 (MB).
    Completing 30% with 3441 violations.
    elapsed time = 00:00:24, memory = 930.57 (MB).
    Completing 40% with 3441 violations.
    elapsed time = 00:00:35, memory = 928.57 (MB).
    Completing 50% with 3441 violations.
    elapsed time = 00:00:45, memory = 928.57 (MB).
    Completing 60% with 3393 violations.
    elapsed time = 00:00:58, memory = 952.53 (MB).
    Completing 70% with 3393 violations.
    elapsed time = 00:01:07, memory = 952.53 (MB).
    Completing 80% with 3365 violations.
    elapsed time = 00:01:15, memory = 940.53 (MB).
    Completing 90% with 3365 violations.
    elapsed time = 00:01:30, memory = 940.53 (MB).
    Completing 100% with 3342 violations.
    elapsed time = 00:01:40, memory = 932.53 (MB).
[INFO DRT-0199]   Number of violations = 3342.
Viol/Layer        met4   met5
Metal Spacing      446      2
Short             2894      0
[INFO DRT-0267] cpu time = 00:01:40, elapsed time = 00:01:41, memory = 927.53 (MB), peak = 983.81 (MB)
Total wire length = 178811 um.
Total wire length on LAYER li1 = 0 um.
Total wire length on LAYER met1 = 0 um.
Total wire length on LAYER met2 = 0 um.
Total wire length on LAYER met3 = 0 um.
Total wire length on LAYER met4 = 171497 um.
Total wire length on LAYER met5 = 7313 um.
Total number of vias = 999.
Up-via summary (total 999):

----------------------
 FR_MASTERSLICE      0
            li1      0
           met1      0
           met2      0
           met3      0
           met4    999
----------------------
               999


[INFO DRT-0195] Start 5th optimization iteration.
    Completing 10% with 3342 violations.
    elapsed time = 00:00:07, memory = 935.92 (MB).
    Completing 20% with 3342 violations.
    elapsed time = 00:00:17, memory = 936.02 (MB).
    Completing 30% with 3313 violations.
    elapsed time = 00:00:25, memory = 929.02 (MB).
    Completing 40% with 3313 violations.
    elapsed time = 00:00:35, memory = 929.04 (MB).
    Completing 50% with 3313 violations.
    elapsed time = 00:00:44, memory = 929.04 (MB).
    Completing 60% with 3283 violations.
    elapsed time = 00:00:55, memory = 959.41 (MB).
    Completing 70% with 3283 violations.
    elapsed time = 00:01:03, memory = 959.89 (MB).
    Completing 80% with 3261 violations.
    elapsed time = 00:01:10, memory = 948.03 (MB).
    Completing 90% with 3261 violations.
    elapsed time = 00:01:22, memory = 948.03 (MB).
    Completing 100% with 3227 violations.
    elapsed time = 00:01:30, memory = 944.03 (MB).
[INFO DRT-0199]   Number of violations = 3227.
Viol/Layer        met4
Metal Spacing      440
Short             2787
[INFO DRT-0267] cpu time = 00:01:36, elapsed time = 00:01:31, memory = 935.40 (MB), peak = 983.81 (MB)
Total wire length = 179401 um.
Total wire length on LAYER li1 = 0 um.
Total wire length on LAYER met1 = 0 um.
Total wire length on LAYER met2 = 0 um.
Total wire length on LAYER met3 = 0 um.
Total wire length on LAYER met4 = 171792 um.
Total wire length on LAYER met5 = 7609 um.
Total number of vias = 1061.
Up-via summary (total 1061):

-----------------------
 FR_MASTERSLICE       0
            li1       0
           met1       0
           met2       0
           met3       0
           met4    1061
-----------------------
               1061


[INFO DRT-0195] Start 6th optimization iteration.
    Completing 10% with 3227 violations.
    elapsed time = 00:00:10, memory = 937.67 (MB).
    Completing 20% with 3227 violations.
    elapsed time = 00:00:19, memory = 937.85 (MB).
    Completing 30% with 3203 violations.
    elapsed time = 00:00:25, memory = 934.85 (MB).
    Completing 40% with 3203 violations.
    elapsed time = 00:00:35, memory = 935.55 (MB).
    Completing 50% with 3203 violations.
    elapsed time = 00:00:41, memory = 935.55 (MB).
    Completing 60% with 3167 violations.
    elapsed time = 00:00:48, memory = 935.55 (MB).
    Completing 70% with 3167 violations.
    elapsed time = 00:00:53, memory = 935.55 (MB).
    Completing 80% with 3157 violations.
    elapsed time = 00:01:00, memory = 935.55 (MB).
    Completing 90% with 3157 violations.
    elapsed time = 00:01:06, memory = 935.55 (MB).
    Completing 100% with 3128 violations.
    elapsed time = 00:01:10, memory = 935.55 (MB).
[INFO DRT-0199]   Number of violations = 3128.
Viol/Layer        met4   met5
Metal Spacing      406      0
Short             2721      1
[INFO DRT-0267] cpu time = 00:01:32, elapsed time = 00:01:10, memory = 929.55 (MB), peak = 983.81 (MB)
Total wire length = 179744 um.
Total wire length on LAYER li1 = 0 um.
Total wire length on LAYER met1 = 0 um.
Total wire length on LAYER met2 = 0 um.
Total wire length on LAYER met3 = 0 um.
Total wire length on LAYER met4 = 171715 um.
Total wire length on LAYER met5 = 8029 um.
Total number of vias = 1115.
Up-via summary (total 1115):

-----------------------
 FR_MASTERSLICE       0
            li1       0
           met1       0
           met2       0
           met3       0
           met4    1115
-----------------------
               1115


[INFO DRT-0195] Start 7th optimization iteration.
    Completing 10% with 3128 violations.
    elapsed time = 00:00:06, memory = 936.88 (MB).
    Completing 20% with 3128 violations.
    elapsed time = 00:00:12, memory = 937.88 (MB).
    Completing 30% with 3109 violations.
    elapsed time = 00:00:18, memory = 933.46 (MB).
    Completing 40% with 3109 violations.
    elapsed time = 00:00:26, memory = 933.47 (MB).
    Completing 50% with 3109 violations.
    elapsed time = 00:00:32, memory = 933.59 (MB).
    Completing 60% with 3061 violations.
    elapsed time = 00:00:41, memory = 933.59 (MB).
    Completing 70% with 3061 violations.
    elapsed time = 00:00:46, memory = 933.65 (MB).
    Completing 80% with 3043 violations.
    elapsed time = 00:00:54, memory = 933.65 (MB).
    Completing 90% with 3043 violations.
    elapsed time = 00:01:00, memory = 933.65 (MB).
    Completing 100% with 3002 violations.
    elapsed time = 00:01:05, memory = 933.74 (MB).
[INFO DRT-0199]   Number of violations = 3002.
Viol/Layer        met4
Metal Spacing      378
Short             2624
[INFO DRT-0267] cpu time = 00:01:33, elapsed time = 00:01:05, memory = 929.55 (MB), peak = 983.81 (MB)
Total wire length = 180363 um.
Total wire length on LAYER li1 = 0 um.
Total wire length on LAYER met1 = 0 um.
Total wire length on LAYER met2 = 0 um.
Total wire length on LAYER met3 = 0 um.
Total wire length on LAYER met4 = 171839 um.
Total wire length on LAYER met5 = 8524 um.
Total number of vias = 1187.
Up-via summary (total 1187):

-----------------------
 FR_MASTERSLICE       0
            li1       0
           met1       0
           met2       0
           met3       0
           met4    1187
-----------------------
               1187


[INFO DRT-0195] Start 8th optimization iteration.
    Completing 10% with 3002 violations.
    elapsed time = 00:00:07, memory = 940.87 (MB).
    Completing 20% with 3002 violations.
    elapsed time = 00:00:14, memory = 941.41 (MB).
    Completing 30% with 2968 violations.
    elapsed time = 00:00:17, memory = 933.55 (MB).
    Completing 40% with 2968 violations.
    elapsed time = 00:00:27, memory = 941.49 (MB).
    Completing 50% with 2968 violations.
    elapsed time = 00:00:33, memory = 941.54 (MB).
    Completing 60% with 2960 violations.
    elapsed time = 00:00:39, memory = 942.06 (MB).
    Completing 70% with 2960 violations.
    elapsed time = 00:00:46, memory = 942.21 (MB).
    Completing 80% with 2945 violations.
    elapsed time = 00:00:54, memory = 934.21 (MB).
    Completing 90% with 2945 violations.
    elapsed time = 00:01:04, memory = 941.38 (MB).
    Completing 100% with 2921 violations.
    elapsed time = 00:01:12, memory = 932.27 (MB).
[INFO DRT-0199]   Number of violations = 2921.
Viol/Layer        met4
Metal Spacing      379
Short             2542
[INFO DRT-0267] cpu time = 00:01:39, elapsed time = 00:01:13, memory = 931.55 (MB), peak = 983.81 (MB)
Total wire length = 180811 um.
Total wire length on LAYER li1 = 0 um.
Total wire length on LAYER met1 = 0 um.
Total wire length on LAYER met2 = 0 um.
Total wire length on LAYER met3 = 0 um.
Total wire length on LAYER met4 = 171801 um.
Total wire length on LAYER met5 = 9009 um.
Total number of vias = 1248.
Up-via summary (total 1248):

-----------------------
 FR_MASTERSLICE       0
            li1       0
           met1       0
           met2       0
           met3       0
           met4    1248
-----------------------
               1248


[INFO DRT-0195] Start 9th optimization iteration.
    Completing 10% with 2921 violations.
    elapsed time = 00:00:04, memory = 933.48 (MB).
    Completing 20% with 2921 violations.
    elapsed time = 00:00:12, memory = 944.38 (MB).
    Completing 30% with 2921 violations.
    elapsed time = 00:00:19, memory = 936.38 (MB).
    Completing 40% with 2904 violations.
    elapsed time = 00:00:27, memory = 943.18 (MB).
    Completing 50% with 2904 violations.
    elapsed time = 00:00:34, memory = 942.55 (MB).
    Completing 60% with 2870 violations.
    elapsed time = 00:00:40, memory = 945.30 (MB).
    Completing 70% with 2870 violations.
    elapsed time = 00:00:49, memory = 946.70 (MB).
    Completing 80% with 2870 violations.
    elapsed time = 00:00:55, memory = 934.83 (MB).
    Completing 90% with 2865 violations.
    elapsed time = 00:01:05, memory = 946.55 (MB).
    Completing 100% with 2862 violations.
    elapsed time = 00:01:12, memory = 938.35 (MB).
[INFO DRT-0199]   Number of violations = 2862.
Viol/Layer        met4
Metal Spacing      390
Short             2472
[INFO DRT-0267] cpu time = 00:01:38, elapsed time = 00:01:12, memory = 937.80 (MB), peak = 983.81 (MB)
Total wire length = 180956 um.
Total wire length on LAYER li1 = 0 um.
Total wire length on LAYER met1 = 0 um.
Total wire length on LAYER met2 = 0 um.
Total wire length on LAYER met3 = 0 um.
Total wire length on LAYER met4 = 171699 um.
Total wire length on LAYER met5 = 9256 um.
Total number of vias = 1282.
Up-via summary (total 1282):

-----------------------
 FR_MASTERSLICE       0
            li1       0
           met1       0
           met2       0
           met3       0
           met4    1282
-----------------------
               1282


[INFO DRT-0195] Start 10th optimization iteration.
    Completing 10% with 2862 violations.
    elapsed time = 00:00:08, memory = 954.55 (MB).
    Completing 20% with 2862 violations.
    elapsed time = 00:00:12, memory = 956.14 (MB).
    Completing 30% with 2862 violations.
    elapsed time = 00:00:17, memory = 954.14 (MB).
    Completing 40% with 2606 violations.
    elapsed time = 00:00:26, memory = 952.42 (MB).
    Completing 50% with 2606 violations.
    elapsed time = 00:00:34, memory = 954.36 (MB).
    Completing 60% with 2247 violations.
    elapsed time = 00:00:44, memory = 948.17 (MB).
    Completing 70% with 2247 violations.
    elapsed time = 00:00:50, memory = 949.40 (MB).
    Completing 80% with 2247 violations.
    elapsed time = 00:00:57, memory = 934.35 (MB).
    Completing 90% with 1977 violations.
    elapsed time = 00:01:09, memory = 948.38 (MB).
    Completing 100% with 1762 violations.
    elapsed time = 00:01:16, memory = 932.39 (MB).
[INFO DRT-0199]   Number of violations = 1762.
Viol/Layer        met4
Metal Spacing      332
Short             1430
[INFO DRT-0267] cpu time = 00:01:35, elapsed time = 00:01:17, memory = 929.83 (MB), peak = 983.81 (MB)
Total wire length = 181456 um.
Total wire length on LAYER li1 = 0 um.
Total wire length on LAYER met1 = 0 um.
Total wire length on LAYER met2 = 0 um.
Total wire length on LAYER met3 = 0 um.
Total wire length on LAYER met4 = 169163 um.
Total wire length on LAYER met5 = 12292 um.
Total number of vias = 1684.
Up-via summary (total 1684):

-----------------------
 FR_MASTERSLICE       0
            li1       0
           met1       0
           met2       0
           met3       0
           met4    1684
-----------------------
               1684


[INFO DRT-0195] Start 11th optimization iteration.
    Completing 10% with 1762 violations.
    elapsed time = 00:00:06, memory = 962.51 (MB).
    Completing 20% with 1762 violations.
    elapsed time = 00:00:13, memory = 961.75 (MB).
    Completing 30% with 1673 violations.
    elapsed time = 00:00:21, memory = 954.10 (MB).
    Completing 40% with 1673 violations.
    elapsed time = 00:00:30, memory = 952.20 (MB).
    Completing 50% with 1673 violations.
    elapsed time = 00:00:35, memory = 934.60 (MB).
    Completing 60% with 1594 violations.
    elapsed time = 00:00:45, memory = 956.12 (MB).
    Completing 70% with 1594 violations.
    elapsed time = 00:00:51, memory = 956.57 (MB).
    Completing 80% with 1419 violations.
    elapsed time = 00:00:58, memory = 957.38 (MB).
    Completing 90% with 1419 violations.
    elapsed time = 00:01:06, memory = 957.13 (MB).
    Completing 100% with 1327 violations.
    elapsed time = 00:01:14, memory = 934.82 (MB).
[INFO DRT-0199]   Number of violations = 1327.
Viol/Layer        met4
Metal Spacing      257
Short             1070
[INFO DRT-0267] cpu time = 00:01:35, elapsed time = 00:01:14, memory = 932.82 (MB), peak = 983.81 (MB)
Total wire length = 180901 um.
Total wire length on LAYER li1 = 0 um.
Total wire length on LAYER met1 = 0 um.
Total wire length on LAYER met2 = 0 um.
Total wire length on LAYER met3 = 0 um.
Total wire length on LAYER met4 = 168459 um.
Total wire length on LAYER met5 = 12441 um.
Total number of vias = 1712.
Up-via summary (total 1712):

-----------------------
 FR_MASTERSLICE       0
            li1       0
           met1       0
           met2       0
           met3       0
           met4    1712
-----------------------
               1712


[INFO DRT-0195] Start 12th optimization iteration.
    Completing 10% with 1327 violations.
    elapsed time = 00:00:11, memory = 975.79 (MB).
    Completing 20% with 1327 violations.
    elapsed time = 00:00:17, memory = 1001.40 (MB).
    Completing 30% with 1309 violations.
    elapsed time = 00:00:27, memory = 980.06 (MB).
    Completing 40% with 1309 violations.
    elapsed time = 00:00:35, memory = 967.56 (MB).
    Completing 50% with 1309 violations.
    elapsed time = 00:00:42, memory = 941.97 (MB).
    Completing 60% with 1244 violations.
    elapsed time = 00:00:46, memory = 971.05 (MB).
    Completing 70% with 1244 violations.
    elapsed time = 00:00:56, memory = 967.57 (MB).
    Completing 80% with 1218 violations.
    elapsed time = 00:00:59, memory = 938.54 (MB).
    Completing 90% with 1218 violations.
    elapsed time = 00:01:08, memory = 958.08 (MB).
    Completing 100% with 1159 violations.
    elapsed time = 00:01:14, memory = 936.73 (MB).
[INFO DRT-0199]   Number of violations = 1159.
Viol/Layer        met4
Metal Spacing      254
Short              905
[INFO DRT-0267] cpu time = 00:01:37, elapsed time = 00:01:15, memory = 957.73 (MB), peak = 1005.17 (MB)
Total wire length = 180838 um.
Total wire length on LAYER li1 = 0 um.
Total wire length on LAYER met1 = 0 um.
Total wire length on LAYER met2 = 0 um.
Total wire length on LAYER met3 = 0 um.
Total wire length on LAYER met4 = 168148 um.
Total wire length on LAYER met5 = 12689 um.
Total number of vias = 1771.
Up-via summary (total 1771):

-----------------------
 FR_MASTERSLICE       0
            li1       0
           met1       0
           met2       0
           met3       0
           met4    1771
-----------------------
               1771


[INFO DRT-0195] Start 13th optimization iteration.
    Completing 10% with 1159 violations.
    elapsed time = 00:00:03, memory = 988.48 (MB).
    Completing 20% with 1159 violations.
    elapsed time = 00:00:10, memory = 971.45 (MB).
    Completing 30% with 1159 violations.
    elapsed time = 00:00:15, memory = 967.35 (MB).
    Completing 40% with 1122 violations.
    elapsed time = 00:00:27, memory = 965.26 (MB).
    Completing 50% with 1122 violations.
    elapsed time = 00:00:34, memory = 959.08 (MB).
    Completing 60% with 1122 violations.
    elapsed time = 00:00:40, memory = 934.67 (MB).
    Completing 70% with 1110 violations.
    elapsed time = 00:00:54, memory = 963.45 (MB).
    Completing 80% with 1110 violations.
    elapsed time = 00:00:59, memory = 967.54 (MB).
    Completing 90% with 1090 violations.
    elapsed time = 00:01:07, memory = 982.15 (MB).
    Completing 100% with 1076 violations.
    elapsed time = 00:01:15, memory = 952.58 (MB).
[INFO DRT-0199]   Number of violations = 1076.
Viol/Layer        met4
Metal Spacing      216
Short              860
[INFO DRT-0267] cpu time = 00:01:33, elapsed time = 00:01:15, memory = 952.58 (MB), peak = 1007.77 (MB)
Total wire length = 180806 um.
Total wire length on LAYER li1 = 0 um.
Total wire length on LAYER met1 = 0 um.
Total wire length on LAYER met2 = 0 um.
Total wire length on LAYER met3 = 0 um.
Total wire length on LAYER met4 = 168459 um.
Total wire length on LAYER met5 = 12347 um.
Total number of vias = 1758.
Up-via summary (total 1758):

-----------------------
 FR_MASTERSLICE       0
            li1       0
           met1       0
           met2       0
           met3       0
           met4    1758
-----------------------
               1758


[INFO DRT-0195] Start 14th optimization iteration.
    Completing 10% with 1076 violations.
    elapsed time = 00:00:01, memory = 969.11 (MB).
    Completing 20% with 1076 violations.
    elapsed time = 00:00:02, memory = 969.11 (MB).
    Completing 30% with 1076 violations.
    elapsed time = 00:00:13, memory = 984.68 (MB).
    Completing 40% with 1060 violations.
    elapsed time = 00:00:30, memory = 968.66 (MB).
    Completing 50% with 1060 violations.
    elapsed time = 00:00:35, memory = 961.74 (MB).
    Completing 60% with 1060 violations.
    elapsed time = 00:00:43, memory = 930.37 (MB).
    Completing 70% with 1048 violations.
    elapsed time = 00:00:58, memory = 968.69 (MB).
    Completing 80% with 1048 violations.
    elapsed time = 00:00:58, memory = 968.69 (MB).
    Completing 90% with 1018 violations.
    elapsed time = 00:01:13, memory = 965.72 (MB).
    Completing 100% with 1007 violations.
    elapsed time = 00:01:22, memory = 940.79 (MB).
[INFO DRT-0199]   Number of violations = 1007.
Viol/Layer        met4
Metal Spacing      224
Short              783
[INFO DRT-0267] cpu time = 00:01:42, elapsed time = 00:01:22, memory = 946.79 (MB), peak = 1021.57 (MB)
Total wire length = 180773 um.
Total wire length on LAYER li1 = 0 um.
Total wire length on LAYER met1 = 0 um.
Total wire length on LAYER met2 = 0 um.
Total wire length on LAYER met3 = 0 um.
Total wire length on LAYER met4 = 168280 um.
Total wire length on LAYER met5 = 12492 um.
Total number of vias = 1779.
Up-via summary (total 1779):

-----------------------
 FR_MASTERSLICE       0
            li1       0
           met1       0
           met2       0
           met3       0
           met4    1779
-----------------------
               1779


[INFO DRT-0195] Start 15th optimization iteration.
    Completing 10% with 1007 violations.
    elapsed time = 00:00:00, memory = 946.79 (MB).
    Completing 20% with 1007 violations.
    elapsed time = 00:00:02, memory = 990.85 (MB).
    Completing 30% with 1007 violations.
    elapsed time = 00:00:18, memory = 974.18 (MB).
    Completing 40% with 997 violations.
    elapsed time = 00:00:27, memory = 964.02 (MB).
    Completing 50% with 997 violations.
    elapsed time = 00:00:33, memory = 996.02 (MB).
    Completing 60% with 997 violations.
    elapsed time = 00:00:38, memory = 954.83 (MB).
    Completing 70% with 994 violations.
    elapsed time = 00:00:54, memory = 1005.30 (MB).
    Completing 80% with 994 violations.
    elapsed time = 00:00:54, memory = 1005.30 (MB).
    Completing 90% with 989 violations.
    elapsed time = 00:01:19, memory = 972.06 (MB).
    Completing 100% with 963 violations.
    elapsed time = 00:01:26, memory = 928.81 (MB).
[INFO DRT-0199]   Number of violations = 963.
Viol/Layer        met4
Metal Spacing      215
Short              748
[INFO DRT-0267] cpu time = 00:01:47, elapsed time = 00:01:26, memory = 949.81 (MB), peak = 1023.46 (MB)
Total wire length = 180534 um.
Total wire length on LAYER li1 = 0 um.
Total wire length on LAYER met1 = 0 um.
Total wire length on LAYER met2 = 0 um.
Total wire length on LAYER met3 = 0 um.
Total wire length on LAYER met4 = 168164 um.
Total wire length on LAYER met5 = 12369 um.
Total number of vias = 1770.
Up-via summary (total 1770):

-----------------------
 FR_MASTERSLICE       0
            li1       0
           met1       0
           met2       0
           met3       0
           met4    1770
-----------------------
               1770


[INFO DRT-0195] Start 16th optimization iteration.
    Completing 10% with 963 violations.
    elapsed time = 00:00:03, memory = 1009.80 (MB).
    Completing 20% with 963 violations.
    elapsed time = 00:00:24, memory = 928.49 (MB).
    Completing 30% with 963 violations.
    elapsed time = 00:00:43, memory = 982.15 (MB).
    Completing 40% with 963 violations.
    elapsed time = 00:00:47, memory = 996.62 (MB).
    Completing 50% with 963 violations.
    elapsed time = 00:00:50, memory = 938.62 (MB).
    Completing 60% with 940 violations.
    elapsed time = 00:00:55, memory = 969.59 (MB).
    Completing 70% with 940 violations.
    elapsed time = 00:01:16, memory = 940.50 (MB).
    Completing 80% with 937 violations.
    elapsed time = 00:01:29, memory = 981.43 (MB).
    Completing 90% with 937 violations.
    elapsed time = 00:01:38, memory = 1009.50 (MB).
    Completing 100% with 934 violations.
    elapsed time = 00:01:41, memory = 930.83 (MB).
[INFO DRT-0199]   Number of violations = 934.
Viol/Layer        met4
Metal Spacing      204
Short              730
[INFO DRT-0267] cpu time = 00:02:02, elapsed time = 00:01:41, memory = 929.83 (MB), peak = 1046.75 (MB)
Total wire length = 180437 um.
Total wire length on LAYER li1 = 0 um.
Total wire length on LAYER met1 = 0 um.
Total wire length on LAYER met2 = 0 um.
Total wire length on LAYER met3 = 0 um.
Total wire length on LAYER met4 = 168034 um.
Total wire length on LAYER met5 = 12403 um.
Total number of vias = 1759.
Up-via summary (total 1759):

-----------------------
 FR_MASTERSLICE       0
            li1       0
           met1       0
           met2       0
           met3       0
           met4    1759
-----------------------
               1759


[INFO DRT-0195] Start 17th optimization iteration.
    Completing 10% with 934 violations.
    elapsed time = 00:00:05, memory = 929.83 (MB).
    Completing 20% with 934 violations.
    elapsed time = 00:00:11, memory = 929.83 (MB).
    Completing 30% with 1424 violations.
    elapsed time = 00:00:14, memory = 928.83 (MB).
    Completing 40% with 1424 violations.
    elapsed time = 00:00:20, memory = 928.83 (MB).
    Completing 50% with 1424 violations.
    elapsed time = 00:00:25, memory = 928.83 (MB).
    Completing 60% with 1940 violations.
    elapsed time = 00:00:30, memory = 928.83 (MB).
    Completing 70% with 1940 violations.
    elapsed time = 00:00:34, memory = 928.83 (MB).
    Completing 80% with 2252 violations.
    elapsed time = 00:00:39, memory = 928.83 (MB).
    Completing 90% with 2252 violations.
    elapsed time = 00:00:45, memory = 928.83 (MB).
    Completing 100% with 2741 violations.
    elapsed time = 00:00:49, memory = 928.83 (MB).
[INFO DRT-0199]   Number of violations = 2743.
Viol/Layer        met4   met5
Metal Spacing      392      0
Recheck              2      0
Short             2348      1
[INFO DRT-0267] cpu time = 00:01:05, elapsed time = 00:00:49, memory = 924.83 (MB), peak = 1046.75 (MB)
Total wire length = 183086 um.
Total wire length on LAYER li1 = 0 um.
Total wire length on LAYER met1 = 0 um.
Total wire length on LAYER met2 = 0 um.
Total wire length on LAYER met3 = 0 um.
Total wire length on LAYER met4 = 171067 um.
Total wire length on LAYER met5 = 12018 um.
Total number of vias = 1598.
Up-via summary (total 1598):

-----------------------
 FR_MASTERSLICE       0
            li1       0
           met1       0
           met2       0
           met3       0
           met4    1598
-----------------------
               1598


[INFO DRT-0195] Start 18th optimization iteration.
    Completing 10% with 2743 violations.
    elapsed time = 00:00:08, memory = 1007.94 (MB).
    Completing 20% with 2743 violations.
    elapsed time = 00:00:29, memory = 1000.83 (MB).
    Completing 30% with 2320 violations.
    elapsed time = 00:00:55, memory = 1014.18 (MB).
    Completing 40% with 2320 violations.
    elapsed time = 00:01:00, memory = 1021.42 (MB).
    Completing 50% with 2320 violations.
    elapsed time = 00:01:00, memory = 966.52 (MB).
    Completing 60% with 1558 violations.
    elapsed time = 00:01:10, memory = 1016.52 (MB).
    Completing 70% with 1558 violations.
    elapsed time = 00:01:26, memory = 954.49 (MB).
    Completing 80% with 1135 violations.
    elapsed time = 00:01:37, memory = 1004.63 (MB).
    Completing 90% with 1135 violations.
    elapsed time = 00:01:43, memory = 1005.23 (MB).
    Completing 100% with 646 violations.
    elapsed time = 00:01:55, memory = 950.16 (MB).
[INFO DRT-0199]   Number of violations = 646.
Viol/Layer        met4
Metal Spacing      187
Short              459
[INFO DRT-0267] cpu time = 00:02:16, elapsed time = 00:01:55, memory = 946.12 (MB), peak = 1078.13 (MB)
Total wire length = 182361 um.
Total wire length on LAYER li1 = 0 um.
Total wire length on LAYER met1 = 0 um.
Total wire length on LAYER met2 = 0 um.
Total wire length on LAYER met3 = 0 um.
Total wire length on LAYER met4 = 165240 um.
Total wire length on LAYER met5 = 17121 um.
Total number of vias = 2152.
Up-via summary (total 2152):

-----------------------
 FR_MASTERSLICE       0
            li1       0
           met1       0
           met2       0
           met3       0
           met4    2152
-----------------------
               2152


[INFO DRT-0195] Start 19th optimization iteration.
    Completing 10% with 646 violations.
    elapsed time = 00:00:06, memory = 1033.79 (MB).
    Completing 20% with 646 violations.
    elapsed time = 00:00:20, memory = 965.71 (MB).
    Completing 30% with 570 violations.
    elapsed time = 00:00:35, memory = 1002.65 (MB).
    Completing 40% with 570 violations.
    elapsed time = 00:00:36, memory = 979.81 (MB).
    Completing 50% with 570 violations.
    elapsed time = 00:00:38, memory = 947.88 (MB).
    Completing 60% with 532 violations.
    elapsed time = 00:00:45, memory = 998.93 (MB).
    Completing 70% with 532 violations.
    elapsed time = 00:00:56, memory = 947.68 (MB).
    Completing 80% with 500 violations.
    elapsed time = 00:01:02, memory = 994.93 (MB).
    Completing 90% with 500 violations.
    elapsed time = 00:01:06, memory = 998.41 (MB).
    Completing 100% with 458 violations.
    elapsed time = 00:01:14, memory = 944.52 (MB).
[INFO DRT-0199]   Number of violations = 458.
Viol/Layer        met4
Metal Spacing      141
Short              317
[INFO DRT-0267] cpu time = 00:01:28, elapsed time = 00:01:14, memory = 941.12 (MB), peak = 1084.77 (MB)
Total wire length = 182238 um.
Total wire length on LAYER li1 = 0 um.
Total wire length on LAYER met1 = 0 um.
Total wire length on LAYER met2 = 0 um.
Total wire length on LAYER met3 = 0 um.
Total wire length on LAYER met4 = 165097 um.
Total wire length on LAYER met5 = 17140 um.
Total number of vias = 2215.
Up-via summary (total 2215):

-----------------------
 FR_MASTERSLICE       0
            li1       0
           met1       0
           met2       0
           met3       0
           met4    2215
-----------------------
               2215


[INFO DRT-0195] Start 20th optimization iteration.
    Completing 10% with 458 violations.
    elapsed time = 00:00:06, memory = 1016.98 (MB).
    Completing 20% with 458 violations.
    elapsed time = 00:00:17, memory = 944.67 (MB).
    Completing 30% with 447 violations.
    elapsed time = 00:00:28, memory = 994.99 (MB).
    Completing 40% with 447 violations.
    elapsed time = 00:00:28, memory = 994.99 (MB).
    Completing 50% with 447 violations.
    elapsed time = 00:00:30, memory = 943.72 (MB).
    Completing 60% with 438 violations.
    elapsed time = 00:00:36, memory = 977.11 (MB).
    Completing 70% with 438 violations.
    elapsed time = 00:00:48, memory = 945.79 (MB).
    Completing 80% with 434 violations.
    elapsed time = 00:00:53, memory = 994.68 (MB).
    Completing 90% with 434 violations.
    elapsed time = 00:00:53, memory = 994.68 (MB).
    Completing 100% with 416 violations.
    elapsed time = 00:01:04, memory = 943.93 (MB).
[INFO DRT-0199]   Number of violations = 416.
Viol/Layer        met4
Metal Spacing      135
Short              281
[INFO DRT-0267] cpu time = 00:01:12, elapsed time = 00:01:04, memory = 944.12 (MB), peak = 1084.77 (MB)
Total wire length = 182335 um.
Total wire length on LAYER li1 = 0 um.
Total wire length on LAYER met1 = 0 um.
Total wire length on LAYER met2 = 0 um.
Total wire length on LAYER met3 = 0 um.
Total wire length on LAYER met4 = 164902 um.
Total wire length on LAYER met5 = 17433 um.
Total number of vias = 2238.
Up-via summary (total 2238):

-----------------------
 FR_MASTERSLICE       0
            li1       0
           met1       0
           met2       0
           met3       0
           met4    2238
-----------------------
               2238


[INFO DRT-0198] Complete detail routing.
Total wire length = 182335 um.
Total wire length on LAYER li1 = 0 um.
Total wire length on LAYER met1 = 0 um.
Total wire length on LAYER met2 = 0 um.
Total wire length on LAYER met3 = 0 um.
Total wire length on LAYER met4 = 164902 um.
Total wire length on LAYER met5 = 17433 um.
Total number of vias = 2238.
Up-via summary (total 2238):

-----------------------
 FR_MASTERSLICE       0
            li1       0
           met1       0
           met2       0
           met3       0
           met4    2238
-----------------------
               2238


[INFO DRT-0267] cpu time = 00:31:41, elapsed time = 00:26:37, memory = 944.43 (MB), peak = 1084.77 (MB)

[INFO DRT-0180] Post processing.
[INFO DRT-0501] Runtime: 1601.21s
G2_RESULT drc=416
[INFO ANT-0002] Found 0 net violations.
[INFO ANT-0001] Found 0 pin violations.
