OpenROAD unknown 
Features included (+) or not (-): -GPU +GUI -Python
This program is licensed under the BSD-3 license. See the LICENSE file for details.
Components of this program may be licensed under more restrictive licenses which must be honored.
[INFO ORD-0030] Using 2 thread(s).
G2: removed 12564 base nets (all base wiring is at or below met3)
G2: programmable nets 499, pins 1789
[WARNING GRT-0300] Timing is not available, setting critical nets percentage to 0.
[INFO GRT-0020] Min routing layer: met4
[INFO GRT-0021] Max routing layer: met5
[INFO GRT-0022] Global adjustment: 0%
[INFO GRT-0023] Grid origin: (0, 0)
[INFO GRT-0088] Layer li1     Track-Pitch = 0.4600  line-2-Via Pitch: 0.3400
[INFO GRT-0088] Layer met1    Track-Pitch = 0.3400  line-2-Via Pitch: 0.3400
[INFO GRT-0088] Layer met2    Track-Pitch = 0.4600  line-2-Via Pitch: 0.3500
[INFO GRT-0088] Layer met3    Track-Pitch = 0.6800  line-2-Via Pitch: 0.6150
[INFO GRT-0088] Layer met4    Track-Pitch = 0.9200  line-2-Via Pitch: 1.0400
[INFO GRT-0088] Layer met5    Track-Pitch = 3.4000  line-2-Via Pitch: 3.1100
[INFO GRT-0003] Macros: 0
[INFO GRT-0004] Blockages: 0
[INFO GRT-0019] Found 0 clock nets.
[INFO GRT-0001] Minimum degree: 2
[INFO GRT-0002] Maximum degree: 22

[INFO GRT-0053] Routing resources analysis:
          Routing      Original      Derated      Resource
Layer     Direction    Resources     Resources    Reduction (%)
---------------------------------------------------------------
li1        Vertical            0             0          0.00%
met1       Horizontal          0             0          0.00%
met2       Vertical            0             0          0.00%
met3       Horizontal          0             0          0.00%
met4       Vertical        39897         39897          0.00%
met5       Horizontal      11932         11932          0.00%
---------------------------------------------------------------

[INFO GRT-0101] Running extra iterations to remove congestion.
[INFO GRT-0102] Start extra iteration 1/30
[INFO GRT-0102] Start extra iteration 2/30
[INFO GRT-0102] Start extra iteration 3/30
[INFO GRT-0102] Start extra iteration 4/30
[INFO GRT-0102] Start extra iteration 5/30
[INFO GRT-0102] Start extra iteration 6/30
[INFO GRT-0102] Start extra iteration 7/30
[INFO GRT-0102] Start extra iteration 8/30
[INFO GRT-0102] Start extra iteration 9/30
[INFO GRT-0102] Start extra iteration 10/30
[INFO GRT-0102] Start extra iteration 11/30
[INFO GRT-0102] Start extra iteration 12/30
[INFO GRT-0102] Start extra iteration 13/30
[INFO GRT-0102] Start extra iteration 14/30
[INFO GRT-0102] Start extra iteration 15/30
[INFO GRT-0102] Start extra iteration 16/30
[INFO GRT-0102] Start extra iteration 17/30
[INFO GRT-0102] Start extra iteration 18/30
[INFO GRT-0102] Start extra iteration 19/30
[INFO GRT-0102] Start extra iteration 20/30
[INFO GRT-0102] Start extra iteration 21/30
[INFO GRT-0102] Start extra iteration 22/30
[INFO GRT-0102] Start extra iteration 23/30
[INFO GRT-0102] Start extra iteration 24/30
[INFO GRT-0102] Start extra iteration 25/30
[INFO GRT-0102] Start extra iteration 26/30
[INFO GRT-0102] Start extra iteration 27/30
[INFO GRT-0102] Start extra iteration 28/30
[INFO GRT-0102] Start extra iteration 29/30
[INFO GRT-0102] Start extra iteration 30/30
[INFO GRT-0197] Via related to pin nodes: 1223
[INFO GRT-0198] Via related Steiner nodes: 248
[INFO GRT-0199] Via filling finished.
[INFO GRT-0111] Final number of vias: 15886
[INFO GRT-0112] Final usage 3D: 102603

[INFO GRT-0096] Final congestion report:
Layer         Resource        Demand        Usage (%)    Max H / Max V / Total Congestion
---------------------------------------------------------------------------------------
li1                  0             0            0.00%             0 /  0 /  0
met1                 0             0            0.00%             0 /  0 /  0
met2                 0             0            0.00%             0 /  0 /  0
met3                 0             0            0.00%             0 /  0 /  0
met4             39897         30303           75.95%             1 /  3 / 637
met5             11932         24642          206.52%             9 /  0 / 13522
---------------------------------------------------------------------------------------
Total            51829         54945          106.01%            10 /  3 / 14159

[INFO GRT-0018] Total wirelength: 489617 um
[INFO GRT-0014] Routed nets: 499
[WARNING GRT-0115] Global routing finished with congestion. Check the congestion regions in the DRC Viewer.
[INFO GRT-0303] Global routing runtime = 00:00:20
[INFO DRT-0149] Reading tech and libs.
[WARNING DRT-0349] LEF58_ENCLOSURE with no CUTCLASS is not supported. Skipping for layer mcon
[WARNING DRT-0349] LEF58_ENCLOSURE with no CUTCLASS is not supported. Skipping for layer mcon
[WARNING DRT-0349] LEF58_ENCLOSURE with no CUTCLASS is not supported. Skipping for layer via
[WARNING DRT-0349] LEF58_ENCLOSURE with no CUTCLASS is not supported. Skipping for layer via
[WARNING DRT-0349] LEF58_ENCLOSURE with no CUTCLASS is not supported. Skipping for layer via2
[WARNING DRT-0349] LEF58_ENCLOSURE with no CUTCLASS is not supported. Skipping for layer via2
[WARNING DRT-0349] LEF58_ENCLOSURE with no CUTCLASS is not supported. Skipping for layer via3
[WARNING DRT-0349] LEF58_ENCLOSURE with no CUTCLASS is not supported. Skipping for layer via3
[WARNING DRT-0349] LEF58_ENCLOSURE with no CUTCLASS is not supported. Skipping for layer via4
[WARNING DRT-0349] LEF58_ENCLOSURE with no CUTCLASS is not supported. Skipping for layer via4

Units:                1000
Number of layers:     13
Number of macros:     445
Number of vias:       25
Number of viarulegen: 25

[INFO DRT-0150] Reading design.

Design:                   top
Die area:                 ( 0 0 ) ( 535460 535460 )
Number of track patterns: 12
Number of DEF vias:       0
Number of components:     36002
Number of terminals:      0
Number of snets:          2
Number of nets:           499

[INFO DRT-0167] List of default vias:
  Layer via4
    default via: M4M5_PR
[INFO DRT-0162] Library cell analysis.
[INFO DRT-0163] Instance analysis.
[INFO DRT-0164] Number of unique instances = 123.
[INFO DRT-0168] Init region query.
[INFO DRT-0024]   Complete FR_MASTERSLICE.
[INFO DRT-0024]   Complete Fr_VIA.
[INFO DRT-0024]   Complete li1.
[INFO DRT-0024]   Complete mcon.
[INFO DRT-0024]   Complete met1.
[INFO DRT-0024]   Complete via.
[INFO DRT-0024]   Complete met2.
[INFO DRT-0024]   Complete via2.
[INFO DRT-0024]   Complete met3.
[INFO DRT-0024]   Complete via3.
[INFO DRT-0024]   Complete met4.
[INFO DRT-0024]   Complete via4.
[INFO DRT-0024]   Complete met5.
[INFO DRT-0033] FR_MASTERSLICE shape region query size = 0.
[INFO DRT-0033] FR_VIA shape region query size = 0.
[INFO DRT-0033] li1 shape region query size = 575732.
[INFO DRT-0033] mcon shape region query size = 467004.
[INFO DRT-0033] met1 shape region query size = 124353.
[INFO DRT-0033] via shape region query size = 0.
[INFO DRT-0033] met2 shape region query size = 1956.
[INFO DRT-0033] via2 shape region query size = 0.
[INFO DRT-0033] met3 shape region query size = 1956.
[INFO DRT-0033] via3 shape region query size = 0.
[INFO DRT-0033] met4 shape region query size = 1956.
[INFO DRT-0033] via4 shape region query size = 0.
[INFO DRT-0033] met5 shape region query size = 0.
[INFO DRT-0165] Start pin access.
[INFO DRT-0078]   Complete 622 pins.
[INFO DRT-0079]   Complete 100 unique inst patterns.
[INFO DRT-0081]   Complete 123 unique inst patterns.
[INFO DRT-0084]   Complete 1656 groups.
#scanned instances     = 36002
#unique  instances     = 123
#stdCellGenAp          = 130
#stdCellValidPlanarAp  = 130
#stdCellValidViaAp     = 0
#stdCellPinNoAp        = 0
#stdCellPinCnt         = 1789
#instTermValidViaApCnt = 0
#macroGenAp            = 0
#macroValidPlanarAp    = 0
#macroValidViaAp       = 0
#macroNoAp             = 0
[INFO DRT-0166] Complete pin access.
[INFO DRT-0267] cpu time = 00:00:00, elapsed time = 00:00:00, memory = 347.09 (MB), peak = 347.12 (MB)

[INFO DRT-0157] Number of guides:     31464

[INFO DRT-0169] Post process guides.
[INFO DRT-0176] GCELLGRID X 0 DO 77 STEP 6900 ;
[INFO DRT-0177] GCELLGRID Y 0 DO 77 STEP 6900 ;
[INFO DRT-0028]   Complete FR_MASTERSLICE.
[INFO DRT-0028]   Complete Fr_VIA.
[INFO DRT-0028]   Complete li1.
[INFO DRT-0028]   Complete mcon.
[INFO DRT-0028]   Complete met1.
[INFO DRT-0028]   Complete via.
[INFO DRT-0028]   Complete met2.
[INFO DRT-0028]   Complete via2.
[INFO DRT-0028]   Complete met3.
[INFO DRT-0028]   Complete via3.
[INFO DRT-0028]   Complete met4.
[INFO DRT-0028]   Complete via4.
[INFO DRT-0028]   Complete met5.
[INFO DRT-0178] Init guide query.
[INFO DRT-0035]   Complete FR_MASTERSLICE (guide).
[INFO DRT-0035]   Complete Fr_VIA (guide).
[INFO DRT-0035]   Complete li1 (guide).
[INFO DRT-0035]   Complete mcon (guide).
[INFO DRT-0035]   Complete met1 (guide).
[INFO DRT-0035]   Complete via (guide).
[INFO DRT-0035]   Complete met2 (guide).
[INFO DRT-0035]   Complete via2 (guide).
[INFO DRT-0035]   Complete met3 (guide).
[INFO DRT-0035]   Complete via3 (guide).
[INFO DRT-0035]   Complete met4 (guide).
[INFO DRT-0035]   Complete via4 (guide).
[INFO DRT-0035]   Complete met5 (guide).
[INFO DRT-0036] FR_MASTERSLICE guide region query size = 0.
[INFO DRT-0036] FR_VIA guide region query size = 0.
[INFO DRT-0036] li1 guide region query size = 0.
[INFO DRT-0036] mcon guide region query size = 0.
[INFO DRT-0036] met1 guide region query size = 0.
[INFO DRT-0036] via guide region query size = 0.
[INFO DRT-0036] met2 guide region query size = 0.
[INFO DRT-0036] via2 guide region query size = 0.
[INFO DRT-0036] met3 guide region query size = 0.
[INFO DRT-0036] via3 guide region query size = 0.
[INFO DRT-0036] met4 guide region query size = 8479.
[INFO DRT-0036] via4 guide region query size = 0.
[INFO DRT-0036] met5 guide region query size = 7608.
[INFO DRT-0179] Init gr pin query.
[INFO DRT-0267] cpu time = 00:00:00, elapsed time = 00:00:00, memory = 347.78 (MB), peak = 347.60 (MB)
[INFO DRT-0245] skipped writing guide updates to database.
[INFO DRT-0181] Start track assignment.
[INFO DRT-0184] Done with 8479 vertical wires in 2 frboxes and 7608 horizontal wires in 2 frboxes.
[INFO DRT-0186] Done with 8220 vertical wires in 2 frboxes and 7316 horizontal wires in 2 frboxes.
[INFO DRT-0182] Complete track assignment.
[INFO DRT-0267] cpu time = 00:00:06, elapsed time = 00:00:06, memory = 450.78 (MB), peak = 476.59 (MB)
[INFO DRT-0187] Start routing data preparation.
[INFO DRT-0267] cpu time = 00:00:00, elapsed time = 00:00:00, memory = 450.84 (MB), peak = 476.59 (MB)
[INFO DRT-0194] Start detail routing.
[INFO DRT-0195] Start 0th optimization iteration.
    Completing 10% with 0 violations.
    elapsed time = 00:00:19, memory = 583.28 (MB).
    Completing 20% with 0 violations.
    elapsed time = 00:00:43, memory = 780.29 (MB).
    Completing 30% with 17158 violations.
    elapsed time = 00:00:57, memory = 781.23 (MB).
    Completing 40% with 17158 violations.
    elapsed time = 00:01:15, memory = 737.80 (MB).
    Completing 50% with 17158 violations.
    elapsed time = 00:01:32, memory = 825.73 (MB).
    Completing 60% with 34893 violations.
    elapsed time = 00:01:46, memory = 842.10 (MB).
    Completing 70% with 34893 violations.
    elapsed time = 00:02:04, memory = 842.13 (MB).
    Completing 80% with 50015 violations.
    elapsed time = 00:02:21, memory = 869.60 (MB).
    Completing 90% with 50015 violations.
    elapsed time = 00:02:42, memory = 868.46 (MB).
    Completing 100% with 65727 violations.
    elapsed time = 00:03:02, memory = 804.88 (MB).
[INFO DRT-0199]   Number of violations = 66520.
Viol/Layer        met4   via4   met5
Cut Spacing          0    312      0
Metal Spacing     8531      0    382
Recheck            612      0    181
Short            43678    150  12674
[INFO DRT-0267] cpu time = 00:03:44, elapsed time = 00:03:02, memory = 822.92 (MB), peak = 938.61 (MB)
Total wire length = 377547 um.
Total wire length on LAYER li1 = 0 um.
Total wire length on LAYER met1 = 0 um.
Total wire length on LAYER met2 = 0 um.
Total wire length on LAYER met3 = 0 um.
Total wire length on LAYER met4 = 245009 um.
Total wire length on LAYER met5 = 132538 um.
Total number of vias = 4042.
Up-via summary (total 4042):

-----------------------
 FR_MASTERSLICE       0
            li1       0
           met1       0
           met2       0
           met3       0
           met4    4042
-----------------------
               4042


[INFO DRT-0195] Start 1st optimization iteration.
    Completing 10% with 66520 violations.
    elapsed time = 00:00:16, memory = 805.35 (MB).
    Completing 20% with 66520 violations.
    elapsed time = 00:00:44, memory = 863.10 (MB).
    Completing 30% with 79614 violations.
    elapsed time = 00:00:57, memory = 903.50 (MB).
    Completing 40% with 79614 violations.
    elapsed time = 00:01:24, memory = 903.43 (MB).
    Completing 50% with 79614 violations.
    elapsed time = 00:01:40, memory = 939.52 (MB).
    Completing 60% with 93478 violations.
    elapsed time = 00:02:06, memory = 923.48 (MB).
    Completing 70% with 93478 violations.
    elapsed time = 00:02:28, memory = 921.40 (MB).
    Completing 80% with 107059 violations.
    elapsed time = 00:02:44, memory = 939.23 (MB).
    Completing 90% with 107059 violations.
    elapsed time = 00:03:09, memory = 938.34 (MB).
    Completing 100% with 120224 violations.
    elapsed time = 00:03:25, memory = 938.54 (MB).
[INFO DRT-0199]   Number of violations = 120228.
Viol/Layer        met4   via4   met5
Cut Spacing          0     88      0
Metal Spacing     9359      0  12465
Recheck              4      0      0
Short            75151      7  23154
[INFO DRT-0267] cpu time = 00:04:37, elapsed time = 00:03:25, memory = 931.04 (MB), peak = 968.37 (MB)
Total wire length = 384632 um.
Total wire length on LAYER li1 = 0 um.
Total wire length on LAYER met1 = 0 um.
Total wire length on LAYER met2 = 0 um.
Total wire length on LAYER met3 = 0 um.
Total wire length on LAYER met4 = 274604 um.
Total wire length on LAYER met5 = 110028 um.
Total number of vias = 2338.
Up-via summary (total 2338):

-----------------------
 FR_MASTERSLICE       0
            li1       0
           met1       0
           met2       0
           met3       0
           met4    2338
-----------------------
               2338


[INFO DRT-0195] Start 2nd optimization iteration.
    Completing 10% with 120228 violations.
    elapsed time = 00:00:10, memory = 933.20 (MB).
    Completing 20% with 120228 violations.
    elapsed time = 00:00:36, memory = 933.67 (MB).
    Completing 30% with 121561 violations.
    elapsed time = 00:00:51, memory = 933.68 (MB).
    Completing 40% with 121561 violations.
    elapsed time = 00:01:16, memory = 933.68 (MB).
    Completing 50% with 121561 violations.
    elapsed time = 00:01:38, memory = 961.93 (MB).
    Completing 60% with 121966 violations.
    elapsed time = 00:01:59, memory = 969.75 (MB).
    Completing 70% with 121966 violations.
    elapsed time = 00:02:22, memory = 972.78 (MB).
    Completing 80% with 121358 violations.
    elapsed time = 00:02:33, memory = 970.50 (MB).
    Completing 90% with 121358 violations.
    elapsed time = 00:02:59, memory = 970.22 (MB).
    Completing 100% with 121690 violations.
    elapsed time = 00:03:15, memory = 1002.15 (MB).
[INFO DRT-0199]   Number of violations = 121693.
Viol/Layer        met4   via4   met5
Cut Spacing          0     30      0
Metal Spacing     9599      0  10942
NS Metal             0      0      2
Recheck              3      0      0
Short            83118      4  17995
[INFO DRT-0267] cpu time = 00:04:27, elapsed time = 00:03:16, memory = 1000.41 (MB), peak = 1033.23 (MB)
Total wire length = 383556 um.
Total wire length on LAYER li1 = 0 um.
Total wire length on LAYER met1 = 0 um.
Total wire length on LAYER met2 = 0 um.
Total wire length on LAYER met3 = 0 um.
Total wire length on LAYER met4 = 282773 um.
Total wire length on LAYER met5 = 100782 um.
Total number of vias = 1835.
Up-via summary (total 1835):

-----------------------
 FR_MASTERSLICE       0
            li1       0
           met1       0
           met2       0
           met3       0
           met4    1835
-----------------------
               1835


[INFO DRT-0195] Start 3rd optimization iteration.
