======== ABC command line "read_lib -w /home/user/all-the-info/13_FABLE_5_1_SCIENTIFIC_DISCOVERY/experiments/inputs/lib/sky130_fd_sc_hd__tt_025C_1v80.lib; read_aiger design.aig; strash; dch; map -D 3861.95; topo; stime -p; print_stats; write_blif mapped_iso_n128.blif; cec design.aig"
Parsing finished successfully.  Parsing time =     0.10 sec
Scl_LibertyReadGenlib() skipped cell "sky130_fd_sc_hd__decap_12" without logic function.
Scl_LibertyReadGenlib() skipped cell "sky130_fd_sc_hd__decap_3" without logic function.
Scl_LibertyReadGenlib() skipped cell "sky130_fd_sc_hd__decap_4" without logic function.
Scl_LibertyReadGenlib() skipped cell "sky130_fd_sc_hd__decap_6" without logic function.
Scl_LibertyReadGenlib() skipped cell "sky130_fd_sc_hd__decap_8" without logic function.
Scl_LibertyReadGenlib() skipped sequential cell "sky130_fd_sc_hd__dfbbn_1".
Scl_LibertyReadGenlib() skipped sequential cell "sky130_fd_sc_hd__dfbbn_2".
Scl_LibertyReadGenlib() skipped sequential cell "sky130_fd_sc_hd__dfbbp_1".
Scl_LibertyReadGenlib() skipped sequential cell "sky130_fd_sc_hd__dfrbp_1".
Scl_LibertyReadGenlib() skipped sequential cell "sky130_fd_sc_hd__dfrbp_2".
Scl_LibertyReadGenlib() skipped sequential cell "sky130_fd_sc_hd__dfrtn_1".
Scl_LibertyReadGenlib() skipped sequential cell "sky130_fd_sc_hd__dfrtp_1".
Scl_LibertyReadGenlib() skipped sequential cell "sky130_fd_sc_hd__dfrtp_2".
Scl_LibertyReadGenlib() skipped sequential cell "sky130_fd_sc_hd__dfrtp_4".
Scl_LibertyReadGenlib() skipped sequential cell "sky130_fd_sc_hd__dfsbp_1".
Scl_LibertyReadGenlib() skipped sequential cell "sky130_fd_sc_hd__dfsbp_2".
Scl_LibertyReadGenlib() skipped sequential cell "sky130_fd_sc_hd__dfstp_1".
Scl_LibertyReadGenlib() skipped sequential cell "sky130_fd_sc_hd__dfstp_2".
Scl_LibertyReadGenlib() skipped sequential cell "sky130_fd_sc_hd__dfstp_4".
Scl_LibertyReadGenlib() skipped sequential cell "sky130_fd_sc_hd__dfxbp_1".
Scl_LibertyReadGenlib() skipped sequential cell "sky130_fd_sc_hd__dfxbp_2".
Scl_LibertyReadGenlib() skipped sequential cell "sky130_fd_sc_hd__dfxtp_1".
Scl_LibertyReadGenlib() skipped sequential cell "sky130_fd_sc_hd__dfxtp_2".
Scl_LibertyReadGenlib() skipped sequential cell "sky130_fd_sc_hd__dfxtp_4".
Scl_LibertyReadGenlib() skipped cell "sky130_fd_sc_hd__diode_2" without logic function.
Scl_LibertyReadGenlib() skipped cell "sky130_fd_sc_hd__dlclkp_1" without logic function.
Scl_LibertyReadGenlib() skipped cell "sky130_fd_sc_hd__dlclkp_2" without logic function.
Scl_LibertyReadGenlib() skipped cell "sky130_fd_sc_hd__dlclkp_4" without logic function.
Scl_LibertyReadGenlib() skipped sequential cell "sky130_fd_sc_hd__dlrbn_1".
Scl_LibertyReadGenlib() skipped sequential cell "sky130_fd_sc_hd__dlrbn_2".
Scl_LibertyReadGenlib() skipped sequential cell "sky130_fd_sc_hd__dlrbp_1".
Scl_LibertyReadGenlib() skipped sequential cell "sky130_fd_sc_hd__dlrbp_2".
Scl_LibertyReadGenlib() skipped sequential cell "sky130_fd_sc_hd__dlrtn_1".
Scl_LibertyReadGenlib() skipped sequential cell "sky130_fd_sc_hd__dlrtn_2".
Scl_LibertyReadGenlib() skipped sequential cell "sky130_fd_sc_hd__dlrtn_4".
Scl_LibertyReadGenlib() skipped sequential cell "sky130_fd_sc_hd__dlrtp_1".
Scl_LibertyReadGenlib() skipped sequential cell "sky130_fd_sc_hd__dlrtp_2".
Scl_LibertyReadGenlib() skipped sequential cell "sky130_fd_sc_hd__dlrtp_4".
Scl_LibertyReadGenlib() skipped sequential cell "sky130_fd_sc_hd__dlxbn_1".
Scl_LibertyReadGenlib() skipped sequential cell "sky130_fd_sc_hd__dlxbn_2".
Scl_LibertyReadGenlib() skipped sequential cell "sky130_fd_sc_hd__dlxbp_1".
Scl_LibertyReadGenlib() skipped sequential cell "sky130_fd_sc_hd__dlxtn_1".
Scl_LibertyReadGenlib() skipped sequential cell "sky130_fd_sc_hd__dlxtn_2".
Scl_LibertyReadGenlib() skipped sequential cell "sky130_fd_sc_hd__dlxtn_4".
Scl_LibertyReadGenlib() skipped sequential cell "sky130_fd_sc_hd__dlxtp_1".
Scl_LibertyReadGenlib() skipped three-state cell "sky130_fd_sc_hd__ebufn_1".
Scl_LibertyReadGenlib() skipped three-state cell "sky130_fd_sc_hd__ebufn_2".
Scl_LibertyReadGenlib() skipped three-state cell "sky130_fd_sc_hd__ebufn_4".
Scl_LibertyReadGenlib() skipped three-state cell "sky130_fd_sc_hd__ebufn_8".
Scl_LibertyReadGenlib() skipped sequential cell "sky130_fd_sc_hd__edfxbp_1".
Scl_LibertyReadGenlib() skipped sequential cell "sky130_fd_sc_hd__edfxtp_1".
Scl_LibertyReadGenlib() skipped three-state cell "sky130_fd_sc_hd__einvn_0".
Scl_LibertyReadGenlib() skipped three-state cell "sky130_fd_sc_hd__einvn_1".
Scl_LibertyReadGenlib() skipped three-state cell "sky130_fd_sc_hd__einvn_2".
Scl_LibertyReadGenlib() skipped three-state cell "sky130_fd_sc_hd__einvn_4".
Scl_LibertyReadGenlib() skipped three-state cell "sky130_fd_sc_hd__einvn_8".
Scl_LibertyReadGenlib() skipped three-state cell "sky130_fd_sc_hd__einvp_1".
Scl_LibertyReadGenlib() skipped three-state cell "sky130_fd_sc_hd__einvp_2".
Scl_LibertyReadGenlib() skipped three-state cell "sky130_fd_sc_hd__einvp_4".
Scl_LibertyReadGenlib() skipped three-state cell "sky130_fd_sc_hd__einvp_8".
Scl_LibertyReadGenlib() skipped cell "sky130_fd_sc_hd__lpflow_bleeder_1" without logic function.
Scl_LibertyReadGenlib() skipped cell "sky130_fd_sc_hd__lpflow_decapkapwr_12" without logic function.
Scl_LibertyReadGenlib() skipped cell "sky130_fd_sc_hd__lpflow_decapkapwr_3" without logic function.
Scl_LibertyReadGenlib() skipped cell "sky130_fd_sc_hd__lpflow_decapkapwr_4" without logic function.
Scl_LibertyReadGenlib() skipped cell "sky130_fd_sc_hd__lpflow_decapkapwr_6" without logic function.
Scl_LibertyReadGenlib() skipped cell "sky130_fd_sc_hd__lpflow_decapkapwr_8" without logic function.
Scl_LibertyReadGenlib() skipped sequential cell "sky130_fd_sc_hd__lpflow_inputisolatch_1".
Scl_LibertyReadGenlib() skipped sequential cell "sky130_fd_sc_hd__sdfbbn_1".
Scl_LibertyReadGenlib() skipped sequential cell "sky130_fd_sc_hd__sdfbbn_2".
Scl_LibertyReadGenlib() skipped sequential cell "sky130_fd_sc_hd__sdfbbp_1".
Scl_LibertyReadGenlib() skipped sequential cell "sky130_fd_sc_hd__sdfrbp_1".
Scl_LibertyReadGenlib() skipped sequential cell "sky130_fd_sc_hd__sdfrbp_2".
Scl_LibertyReadGenlib() skipped sequential cell "sky130_fd_sc_hd__sdfrtn_1".
Scl_LibertyReadGenlib() skipped sequential cell "sky130_fd_sc_hd__sdfrtp_1".
Scl_LibertyReadGenlib() skipped sequential cell "sky130_fd_sc_hd__sdfrtp_2".
Scl_LibertyReadGenlib() skipped sequential cell "sky130_fd_sc_hd__sdfrtp_4".
Scl_LibertyReadGenlib() skipped sequential cell "sky130_fd_sc_hd__sdfsbp_1".
Scl_LibertyReadGenlib() skipped sequential cell "sky130_fd_sc_hd__sdfsbp_2".
Scl_LibertyReadGenlib() skipped sequential cell "sky130_fd_sc_hd__sdfstp_1".
Scl_LibertyReadGenlib() skipped sequential cell "sky130_fd_sc_hd__sdfstp_2".
Scl_LibertyReadGenlib() skipped sequential cell "sky130_fd_sc_hd__sdfstp_4".
Scl_LibertyReadGenlib() skipped sequential cell "sky130_fd_sc_hd__sdfxbp_1".
Scl_LibertyReadGenlib() skipped sequential cell "sky130_fd_sc_hd__sdfxbp_2".
Scl_LibertyReadGenlib() skipped sequential cell "sky130_fd_sc_hd__sdfxtp_1".
Scl_LibertyReadGenlib() skipped sequential cell "sky130_fd_sc_hd__sdfxtp_2".
Scl_LibertyReadGenlib() skipped sequential cell "sky130_fd_sc_hd__sdfxtp_4".
Scl_LibertyReadGenlib() skipped cell "sky130_fd_sc_hd__sdlclkp_1" without logic function.
Scl_LibertyReadGenlib() skipped cell "sky130_fd_sc_hd__sdlclkp_2" without logic function.
Scl_LibertyReadGenlib() skipped cell "sky130_fd_sc_hd__sdlclkp_4" without logic function.
Scl_LibertyReadGenlib() skipped sequential cell "sky130_fd_sc_hd__sedfxbp_1".
Scl_LibertyReadGenlib() skipped sequential cell "sky130_fd_sc_hd__sedfxbp_2".
Scl_LibertyReadGenlib() skipped sequential cell "sky130_fd_sc_hd__sedfxtp_1".
Scl_LibertyReadGenlib() skipped sequential cell "sky130_fd_sc_hd__sedfxtp_2".
Scl_LibertyReadGenlib() skipped sequential cell "sky130_fd_sc_hd__sedfxtp_4".
Library "sky130_fd_sc_hd__tt_025C_1v80" from "/home/user/all-the-info/13_FABLE_5_1_SCIENTIFIC_DISCOVERY/experiments/inputs/lib/sky130_fd_sc_hd__tt_025C_1v80.lib" has 334 cells (94 skipped: 63 seq; 13 tri-state; 18 no func; 0 dont_use; 0 with 2 outputs; 0 with 3+ outputs).  Time =     0.19 sec
Memory =   19.81 MB. Time =     0.19 sec
Warning: Detected 9 multi-output cells (for example, "sky130_fd_sc_hd__fa_1").
WireLoad = "none"  [1;33mGates =   4165[0m (  9.1 %)   [1;32mCap =  5.0 ff[0m (  1.3 %)   [1;36mArea =    22866.93[0m ( 90.9 %)   [1;35mDelay =  5123.95 ps[0m  (  6.1 %)               
Path  0 --      11 : 0    2 pi                        A =   0.00  Df =   0.0   -0.0 ps  S =   0.0 ps  Cin =  0.0 ff  Cout =   4.0 ff  Cmax =   0.0 ff  G =    0  
Path  1 --     971 : 2    3 sky130_fd_sc_hd__and2_2   A =   7.51  Df = 180.1  -43.3 ps  S =  63.0 ps  Cin =  1.5 ff  Cout =   8.2 ff  Cmax = 303.0 ff  G =  531  
Path  2 --     974 : 3    2 sky130_fd_sc_hd__o21bai_1 A =   7.51  Df = 325.5 -118.9 ps  S = 146.0 ps  Cin =  2.1 ff  Cout =   4.9 ff  Cmax =  77.8 ff  G =  220  
Path  3 --     976 : 2    1 sky130_fd_sc_hd__nand2_1  A =   3.75  Df = 405.9  -13.8 ps  S =  42.6 ps  Cin =  2.3 ff  Cout =   2.4 ff  Cmax = 166.6 ff  G =  101  
Path  4 --     977 : 4    1 sky130_fd_sc_hd__o211ai_1 A =   7.51  Df = 475.5  -13.2 ps  S = 138.7 ps  Cin =  2.3 ff  Cout =   2.4 ff  Cmax =  74.2 ff  G =   99  
Path  5 --     978 : 2    2 sky130_fd_sc_hd__nand2_1  A =   3.75  Df = 550.2  -12.6 ps  S =  54.4 ps  Cin =  2.3 ff  Cout =   3.9 ff  Cmax = 166.6 ff  G =  160  
Path  6 --     979 : 2    4 sky130_fd_sc_hd__or2_2    A =   6.26  Df = 834.7 -160.7 ps  S =  74.5 ps  Cin =  1.5 ff  Cout =   9.6 ff  Cmax = 299.4 ff  G =  643  
Path  7 --    1093 : 3    1 sky130_fd_sc_hd__nand3_1  A =   5.00  Df = 920.5  -65.0 ps  S =  58.6 ps  Cin =  2.4 ff  Cout =   2.4 ff  Cmax = 146.5 ff  G =   98  
Path  8 --    1098 : 2    3 sky130_fd_sc_hd__nand2_1  A =   3.75  Df =1067.0  -85.6 ps  S =  70.6 ps  Cin =  2.3 ff  Cout =   5.7 ff  Cmax = 166.6 ff  G =  234  
Path  9 --    1099 : 2    4 sky130_fd_sc_hd__or2_2    A =   6.26  Df =1275.5  -82.5 ps  S =  72.0 ps  Cin =  1.5 ff  Cout =   8.7 ff  Cmax = 299.4 ff  G =  581  
Path 10 --    1103 : 3    1 sky130_fd_sc_hd__and3_2   A =   7.51  Df =1448.4  -19.4 ps  S =  39.2 ps  Cin =  1.5 ff  Cout =   1.8 ff  Cmax = 309.5 ff  G =  114  
Path 11 --    1117 : 3    4 sky130_fd_sc_hd__o21ai_0  A =   5.00  Df =1704.4 -136.1 ps  S = 299.6 ps  Cin =  1.7 ff  Cout =   8.7 ff  Cmax =  50.4 ff  G =  495  
Path 12 --    1122 : 3    2 sky130_fd_sc_hd__a21oi_1  A =   5.00  Df =1817.0  -86.7 ps  S = 123.4 ps  Cin =  2.3 ff  Cout =   3.6 ff  Cmax =  74.2 ff  G =  148  
Path 13 --    1159 : 3    4 sky130_fd_sc_hd__o21ai_0  A =   5.00  Df =2104.5  -61.6 ps  S = 297.7 ps  Cin =  1.7 ff  Cout =   8.6 ff  Cmax =  50.4 ff  G =  492  
Path 14 --    1167 : 3    2 sky130_fd_sc_hd__a21oi_1  A =   5.00  Df =2216.9  -10.5 ps  S = 122.7 ps  Cin =  2.3 ff  Cout =   3.6 ff  Cmax =  74.2 ff  G =  148  
Path 15 --    1229 : 3    4 sky130_fd_sc_hd__o21ai_0  A =   5.00  Df =2525.4  -75.0 ps  S = 326.2 ps  Cin =  1.7 ff  Cout =   9.6 ff  Cmax =  50.4 ff  G =  549  
Path 16 --    1237 : 3    2 sky130_fd_sc_hd__a21oi_1  A =   5.00  Df =2640.1  -23.8 ps  S = 123.5 ps  Cin =  2.3 ff  Cout =   3.6 ff  Cmax =  74.2 ff  G =  148  
Path 17 --    1343 : 3    3 sky130_fd_sc_hd__o21ai_0  A =   5.00  Df =2899.2  -83.9 ps  S = 257.5 ps  Cin =  1.7 ff  Cout =   7.2 ff  Cmax =  50.4 ff  G =  408  
Path 18 --    1370 : 3    2 sky130_fd_sc_hd__a21oi_1  A =   5.00  Df =3010.8  -28.7 ps  S = 137.2 ps  Cin =  2.3 ff  Cout =   4.4 ff  Cmax =  74.2 ff  G =  176  
Path 19 --    1371 : 3    4 sky130_fd_sc_hd__o21ai_0  A =   5.00  Df =3352.7 -204.0 ps  S = 390.2 ps  Cin =  1.7 ff  Cout =  11.9 ff  Cmax =  50.4 ff  G =  672  
Path 20 --    1759 : 3    1 sky130_fd_sc_hd__xnor3_4  A =  26.28  Df =3895.8 -218.1 ps  S =  90.6 ps  Cin =  3.7 ff  Cout =   3.6 ff  Cmax = 554.8 ff  G =   92  
Path 21 --    1760 : 3    2 sky130_fd_sc_hd__xor3_4   A =  27.53  Df =4220.0 -307.0 ps  S =  94.4 ps  Cin =  3.7 ff  Cout =   4.9 ff  Cmax = 506.3 ff  G =  125  
Path 22 --    1763 : 2    3 sky130_fd_sc_hd__nor2_1   A =   3.75  Df =4367.7 -402.6 ps  S = 143.2 ps  Cin =  2.4 ff  Cout =   6.7 ff  Cmax =  86.1 ff  G =  264  
Path 23 --    2174 : 3    3 sky130_fd_sc_hd__a21oi_1  A =   5.00  Df =4444.6 -285.5 ps  S = 185.4 ps  Cin =  2.3 ff  Cout =   6.9 ff  Cmax =  74.2 ff  G =  280  
Path 24 --    3378 : 3    3 sky130_fd_sc_hd__nor3_1   A =   5.00  Df =4679.9 -203.9 ps  S = 219.2 ps  Cin =  2.4 ff  Cout =   5.4 ff  Cmax =  52.2 ff  G =  214  
Path 25 --    4162 : 3    2 sky130_fd_sc_hd__o21ai_0  A =   5.00  Df =4797.6  -45.1 ps  S = 166.1 ps  Cin =  1.7 ff  Cout =   3.9 ff  Cmax =  50.4 ff  G =  221  
Path 26 --    4403 : 3    3 sky130_fd_sc_hd__a21oi_1  A =   5.00  Df =4968.9 -113.7 ps  S = 162.8 ps  Cin =  2.3 ff  Cout =   5.7 ff  Cmax =  74.2 ff  G =  233  
Path 27 --    4561 : 3    1 sky130_fd_sc_hd__nand3b_1 A =   7.51  Df =5093.3  -81.3 ps  S =  65.3 ps  Cin =  2.0 ff  Cout =   2.4 ff  Cmax = 143.7 ff  G =  115  
Path 28 --    4564 : 2    1 sky130_fd_sc_hd__nand2_1  A =   3.75  Df =5124.0  -16.9 ps  S =  23.6 ps  Cin =  2.3 ff  Cout =   0.0 ff  Cmax = 166.6 ff  G =    0  
Start-point = pi010.  End-point = po11.
[1;37mdesign                        :[0m i/o =  576/   15  lat =    0  nd =  4165  edge =   9673  area =22858.19  delay =3861.78  lev = 44
Networks are equivalent.  Time =     1.09 sec

rc=0 wall=2.3
