OpenROAD unknown 
Features included (+) or not (-): -GPU +GUI -Python
This program is licensed under the BSD-3 license. See the LICENSE file for details.
Components of this program may be licensed under more restrictive licenses which must be honored.
[INFO ORD-0030] Using 2 thread(s).
G2: removed 12584 base nets (all base wiring is at or below met3)
G2: programmable nets 84, pins 1428
[WARNING GRT-0300] Timing is not available, setting critical nets percentage to 0.
[INFO GRT-0020] Min routing layer: met4
[INFO GRT-0021] Max routing layer: met5
[INFO GRT-0022] Global adjustment: 0%
[INFO GRT-0023] Grid origin: (0, 0)
[INFO GRT-0088] Layer li1     Track-Pitch = 0.4600  line-2-Via Pitch: 0.3400
[INFO GRT-0088] Layer met1    Track-Pitch = 0.3400  line-2-Via Pitch: 0.3400
[INFO GRT-0088] Layer met2    Track-Pitch = 0.4600  line-2-Via Pitch: 0.3500
[INFO GRT-0088] Layer met3    Track-Pitch = 0.6800  line-2-Via Pitch: 0.6150
[INFO GRT-0088] Layer met4    Track-Pitch = 0.9200  line-2-Via Pitch: 1.0400
[INFO GRT-0088] Layer met5    Track-Pitch = 3.4000  line-2-Via Pitch: 3.1100
[INFO GRT-0003] Macros: 0
[INFO GRT-0004] Blockages: 0
[INFO GRT-0019] Found 0 clock nets.
[INFO GRT-0001] Minimum degree: 17
[INFO GRT-0002] Maximum degree: 17

[INFO GRT-0053] Routing resources analysis:
          Routing      Original      Derated      Resource
Layer     Direction    Resources     Resources    Reduction (%)
---------------------------------------------------------------
li1        Vertical            0             0          0.00%
met1       Horizontal          0             0          0.00%
met2       Vertical            0             0          0.00%
met3       Horizontal          0             0          0.00%
met4       Vertical        46290         46290          0.00%
met5       Horizontal      13858         13858          0.00%
---------------------------------------------------------------

[INFO GRT-0197] Via related to pin nodes: 163
[INFO GRT-0198] Via related Steiner nodes: 5
[INFO GRT-0199] Via filling finished.
[INFO GRT-0111] Final number of vias: 176
[INFO GRT-0112] Final usage 3D: 2233

[INFO GRT-0096] Final congestion report:
Layer         Resource        Demand        Usage (%)    Max H / Max V / Total Congestion
---------------------------------------------------------------------------------------
li1                  0             0            0.00%             0 /  0 /  0
met1                 0             0            0.00%             0 /  0 /  0
met2                 0             0            0.00%             0 /  0 /  0
met3                 0             0            0.00%             0 /  0 /  0
met4             46290          1640            3.54%             0 /  0 /  0
met5             13858            65            0.47%             0 /  0 /  0
---------------------------------------------------------------------------------------
Total            60148          1705            2.83%             0 /  0 /  0

[INFO GRT-0018] Total wirelength: 21003 um
[INFO GRT-0014] Routed nets: 84
[INFO GRT-0303] Global routing runtime = 00:00:00
[INFO DRT-0149] Reading tech and libs.
[WARNING DRT-0349] LEF58_ENCLOSURE with no CUTCLASS is not supported. Skipping for layer mcon
[WARNING DRT-0349] LEF58_ENCLOSURE with no CUTCLASS is not supported. Skipping for layer mcon
[WARNING DRT-0349] LEF58_ENCLOSURE with no CUTCLASS is not supported. Skipping for layer via
[WARNING DRT-0349] LEF58_ENCLOSURE with no CUTCLASS is not supported. Skipping for layer via
[WARNING DRT-0349] LEF58_ENCLOSURE with no CUTCLASS is not supported. Skipping for layer via2
[WARNING DRT-0349] LEF58_ENCLOSURE with no CUTCLASS is not supported. Skipping for layer via2
[WARNING DRT-0349] LEF58_ENCLOSURE with no CUTCLASS is not supported. Skipping for layer via3
[WARNING DRT-0349] LEF58_ENCLOSURE with no CUTCLASS is not supported. Skipping for layer via3
[WARNING DRT-0349] LEF58_ENCLOSURE with no CUTCLASS is not supported. Skipping for layer via4
[WARNING DRT-0349] LEF58_ENCLOSURE with no CUTCLASS is not supported. Skipping for layer via4

Units:                1000
Number of layers:     13
Number of macros:     446
Number of vias:       25
Number of viarulegen: 25

[INFO DRT-0150] Reading design.

Design:                   top
Die area:                 ( 0 0 ) ( 574875 574875 )
Number of track patterns: 12
Number of DEF vias:       0
Number of components:     44865
Number of terminals:      0
Number of snets:          2
Number of nets:           84

[INFO DRT-0167] List of default vias:
  Layer via4
    default via: M4M5_PR
[INFO DRT-0162] Library cell analysis.
[INFO DRT-0163] Instance analysis.
[INFO DRT-0164] Number of unique instances = 94.
[INFO DRT-0168] Init region query.
[INFO DRT-0024]   Complete FR_MASTERSLICE.
[INFO DRT-0024]   Complete Fr_VIA.
[INFO DRT-0024]   Complete li1.
[INFO DRT-0024]   Complete mcon.
[INFO DRT-0024]   Complete met1.
[INFO DRT-0024]   Complete via.
[INFO DRT-0024]   Complete met2.
[INFO DRT-0024]   Complete via2.
[INFO DRT-0024]   Complete met3.
[INFO DRT-0024]   Complete via3.
[INFO DRT-0024]   Complete met4.
[INFO DRT-0024]   Complete via4.
[INFO DRT-0024]   Complete met5.
[INFO DRT-0033] FR_MASTERSLICE shape region query size = 0.
[INFO DRT-0033] FR_VIA shape region query size = 0.
[INFO DRT-0033] li1 shape region query size = 595553.
[INFO DRT-0033] mcon shape region query size = 535268.
[INFO DRT-0033] met1 shape region query size = 143742.
[INFO DRT-0033] via shape region query size = 0.
[INFO DRT-0033] met2 shape region query size = 3600.
[INFO DRT-0033] via2 shape region query size = 0.
[INFO DRT-0033] met3 shape region query size = 3600.
[INFO DRT-0033] via3 shape region query size = 0.
[INFO DRT-0033] met4 shape region query size = 3600.
[INFO DRT-0033] via4 shape region query size = 0.
[INFO DRT-0033] met5 shape region query size = 0.
[INFO DRT-0165] Start pin access.
[INFO DRT-0078]   Complete 508 pins.
[INFO DRT-0081]   Complete 94 unique inst patterns.
[INFO DRT-0084]   Complete 3493 groups.
#scanned instances     = 44865
#unique  instances     = 94
#stdCellGenAp          = 44
#stdCellValidPlanarAp  = 44
#stdCellValidViaAp     = 0
#stdCellPinNoAp        = 0
#stdCellPinCnt         = 1428
#instTermValidViaApCnt = 0
#macroGenAp            = 0
#macroValidPlanarAp    = 0
#macroValidViaAp       = 0
#macroNoAp             = 0
[INFO DRT-0166] Complete pin access.
[INFO DRT-0267] cpu time = 00:00:00, elapsed time = 00:00:00, memory = 364.49 (MB), peak = 364.14 (MB)

[INFO DRT-0157] Number of guides:     1461

[INFO DRT-0169] Post process guides.
[INFO DRT-0176] GCELLGRID X 0 DO 83 STEP 6900 ;
[INFO DRT-0177] GCELLGRID Y 0 DO 83 STEP 6900 ;
[INFO DRT-0028]   Complete FR_MASTERSLICE.
[INFO DRT-0028]   Complete Fr_VIA.
[INFO DRT-0028]   Complete li1.
[INFO DRT-0028]   Complete mcon.
[INFO DRT-0028]   Complete met1.
[INFO DRT-0028]   Complete via.
[INFO DRT-0028]   Complete met2.
[INFO DRT-0028]   Complete via2.
[INFO DRT-0028]   Complete met3.
[INFO DRT-0028]   Complete via3.
[INFO DRT-0028]   Complete met4.
[INFO DRT-0028]   Complete via4.
[INFO DRT-0028]   Complete met5.
[INFO DRT-0178] Init guide query.
[INFO DRT-0035]   Complete FR_MASTERSLICE (guide).
[INFO DRT-0035]   Complete Fr_VIA (guide).
[INFO DRT-0035]   Complete li1 (guide).
[INFO DRT-0035]   Complete mcon (guide).
[INFO DRT-0035]   Complete met1 (guide).
[INFO DRT-0035]   Complete via (guide).
[INFO DRT-0035]   Complete met2 (guide).
[INFO DRT-0035]   Complete via2 (guide).
[INFO DRT-0035]   Complete met3 (guide).
[INFO DRT-0035]   Complete via3 (guide).
[INFO DRT-0035]   Complete met4 (guide).
[INFO DRT-0035]   Complete via4 (guide).
[INFO DRT-0035]   Complete met5 (guide).
[INFO DRT-0036] FR_MASTERSLICE guide region query size = 0.
[INFO DRT-0036] FR_VIA guide region query size = 0.
[INFO DRT-0036] li1 guide region query size = 0.
[INFO DRT-0036] mcon guide region query size = 0.
[INFO DRT-0036] met1 guide region query size = 0.
[INFO DRT-0036] via guide region query size = 0.
[INFO DRT-0036] met2 guide region query size = 0.
[INFO DRT-0036] via2 guide region query size = 0.
[INFO DRT-0036] met3 guide region query size = 0.
[INFO DRT-0036] via3 guide region query size = 0.
[INFO DRT-0036] met4 guide region query size = 1338.
[INFO DRT-0036] via4 guide region query size = 0.
[INFO DRT-0036] met5 guide region query size = 60.
[INFO DRT-0179] Init gr pin query.
[INFO DRT-0267] cpu time = 00:00:00, elapsed time = 00:00:00, memory = 364.85 (MB), peak = 364.57 (MB)
[INFO DRT-0245] skipped writing guide updates to database.
[INFO DRT-0181] Start track assignment.
[INFO DRT-0184] Done with 1338 vertical wires in 2 frboxes and 60 horizontal wires in 2 frboxes.
[INFO DRT-0186] Done with 67 vertical wires in 2 frboxes and 0 horizontal wires in 2 frboxes.
[INFO DRT-0182] Complete track assignment.
[INFO DRT-0267] cpu time = 00:00:02, elapsed time = 00:00:02, memory = 446.62 (MB), peak = 452.39 (MB)
[INFO DRT-0187] Start routing data preparation.
[INFO DRT-0267] cpu time = 00:00:00, elapsed time = 00:00:00, memory = 446.68 (MB), peak = 452.39 (MB)
[INFO DRT-0194] Start detail routing.
[INFO DRT-0195] Start 0th optimization iteration.
    Completing 10% with 0 violations.
    elapsed time = 00:00:01, memory = 508.26 (MB).
    Completing 20% with 0 violations.
    elapsed time = 00:00:03, memory = 688.89 (MB).
    Completing 30% with 16 violations.
    elapsed time = 00:00:07, memory = 710.02 (MB).
    Completing 40% with 16 violations.
    elapsed time = 00:00:08, memory = 682.71 (MB).
    Completing 50% with 16 violations.
    elapsed time = 00:00:11, memory = 783.42 (MB).
    Completing 60% with 28 violations.
    elapsed time = 00:00:14, memory = 731.73 (MB).
    Completing 70% with 28 violations.
    elapsed time = 00:00:18, memory = 802.11 (MB).
    Completing 80% with 40 violations.
    elapsed time = 00:00:21, memory = 738.37 (MB).
    Completing 90% with 40 violations.
    elapsed time = 00:00:23, memory = 738.42 (MB).
    Completing 100% with 53 violations.
    elapsed time = 00:00:25, memory = 757.57 (MB).
[INFO DRT-0199]   Number of violations = 122.
Viol/Layer        met4
Metal Spacing       53
Recheck             69
[INFO DRT-0267] cpu time = 00:00:33, elapsed time = 00:00:25, memory = 763.89 (MB), peak = 871.82 (MB)
Total wire length = 12598 um.
Total wire length on LAYER li1 = 0 um.
Total wire length on LAYER met1 = 0 um.
Total wire length on LAYER met2 = 0 um.
Total wire length on LAYER met3 = 0 um.
Total wire length on LAYER met4 = 12549 um.
Total wire length on LAYER met5 = 48 um.
Total number of vias = 8.
Up-via summary (total 8):

--------------------
 FR_MASTERSLICE    0
            li1    0
           met1    0
           met2    0
           met3    0
           met4    8
--------------------
               8


[INFO DRT-0195] Start 1st optimization iteration.
    Completing 10% with 122 violations.
    elapsed time = 00:00:02, memory = 764.10 (MB).
    Completing 20% with 122 violations.
    elapsed time = 00:00:05, memory = 796.08 (MB).
    Completing 30% with 120 violations.
    elapsed time = 00:00:07, memory = 767.46 (MB).
    Completing 40% with 120 violations.
    elapsed time = 00:00:10, memory = 767.16 (MB).
    Completing 50% with 120 violations.
    elapsed time = 00:00:12, memory = 820.80 (MB).
    Completing 60% with 94 violations.
    elapsed time = 00:00:16, memory = 799.79 (MB).
    Completing 70% with 94 violations.
    elapsed time = 00:00:18, memory = 795.24 (MB).
    Completing 80% with 53 violations.
    elapsed time = 00:00:22, memory = 777.11 (MB).
    Completing 90% with 53 violations.
    elapsed time = 00:00:25, memory = 777.54 (MB).
    Completing 100% with 0 violations.
    elapsed time = 00:00:28, memory = 798.79 (MB).
[INFO DRT-0199]   Number of violations = 0.
[INFO DRT-0267] cpu time = 00:00:37, elapsed time = 00:00:28, memory = 819.40 (MB), peak = 906.43 (MB)
Total wire length = 12557 um.
Total wire length on LAYER li1 = 0 um.
Total wire length on LAYER met1 = 0 um.
Total wire length on LAYER met2 = 0 um.
Total wire length on LAYER met3 = 0 um.
Total wire length on LAYER met4 = 12533 um.
Total wire length on LAYER met5 = 23 um.
Total number of vias = 4.
Up-via summary (total 4):

--------------------
 FR_MASTERSLICE    0
            li1    0
           met1    0
           met2    0
           met3    0
           met4    4
--------------------
               4


[INFO DRT-0198] Complete detail routing.
Total wire length = 12557 um.
Total wire length on LAYER li1 = 0 um.
Total wire length on LAYER met1 = 0 um.
Total wire length on LAYER met2 = 0 um.
Total wire length on LAYER met3 = 0 um.
Total wire length on LAYER met4 = 12533 um.
Total wire length on LAYER met5 = 23 um.
Total number of vias = 4.
Up-via summary (total 4):

--------------------
 FR_MASTERSLICE    0
            li1    0
           met1    0
           met2    0
           met3    0
           met4    4
--------------------
               4


[INFO DRT-0267] cpu time = 00:01:10, elapsed time = 00:00:54, memory = 819.53 (MB), peak = 906.43 (MB)

[INFO DRT-0180] Post processing.
[INFO DRT-0501] Runtime: 57.50s
G2_RESULT drc=0
[INFO ANT-0002] Found 0 net violations.
[INFO ANT-0001] Found 0 pin violations.
