OpenROAD unknown 
Features included (+) or not (-): -GPU +GUI -Python
This program is licensed under the BSD-3 license. See the LICENSE file for details.
Components of this program may be licensed under more restrictive licenses which must be honored.
[INFO ORD-0030] Using 2 thread(s).
G2: removed 12575 base nets (all base wiring is at or below met3)
G2: programmable nets 858, pins 2259
[WARNING GRT-0300] Timing is not available, setting critical nets percentage to 0.
[INFO GRT-0020] Min routing layer: met4
[INFO GRT-0021] Max routing layer: met5
[INFO GRT-0022] Global adjustment: 0%
[INFO GRT-0023] Grid origin: (0, 0)
[INFO GRT-0088] Layer li1     Track-Pitch = 0.4600  line-2-Via Pitch: 0.3400
[INFO GRT-0088] Layer met1    Track-Pitch = 0.3400  line-2-Via Pitch: 0.3400
[INFO GRT-0088] Layer met2    Track-Pitch = 0.4600  line-2-Via Pitch: 0.3500
[INFO GRT-0088] Layer met3    Track-Pitch = 0.6800  line-2-Via Pitch: 0.6150
[INFO GRT-0088] Layer met4    Track-Pitch = 0.9200  line-2-Via Pitch: 1.0400
[INFO GRT-0088] Layer met5    Track-Pitch = 3.4000  line-2-Via Pitch: 3.1100
[INFO GRT-0003] Macros: 0
[INFO GRT-0004] Blockages: 0
[INFO GRT-0019] Found 0 clock nets.
[INFO GRT-0001] Minimum degree: 2
[INFO GRT-0002] Maximum degree: 12

[INFO GRT-0053] Routing resources analysis:
          Routing      Original      Derated      Resource
Layer     Direction    Resources     Resources    Reduction (%)
---------------------------------------------------------------
li1        Vertical            0             0          0.00%
met1       Horizontal          0             0          0.00%
met2       Vertical            0             0          0.00%
met3       Horizontal          0             0          0.00%
met4       Vertical        39274         39274          0.00%
met5       Horizontal      11932         11932          0.00%
---------------------------------------------------------------

[INFO GRT-0101] Running extra iterations to remove congestion.
[INFO GRT-0102] Start extra iteration 1/30
[INFO GRT-0102] Start extra iteration 2/30
[INFO GRT-0197] Via related to pin nodes: 794
[INFO GRT-0198] Via related Steiner nodes: 64
[INFO GRT-0199] Via filling finished.
[INFO GRT-0111] Final number of vias: 1676
[INFO GRT-0112] Final usage 3D: 12916

[INFO GRT-0096] Final congestion report:
Layer         Resource        Demand        Usage (%)    Max H / Max V / Total Congestion
---------------------------------------------------------------------------------------
li1                  0             0            0.00%             0 /  0 /  0
met1                 0             0            0.00%             0 /  0 /  0
met2                 0             0            0.00%             0 /  0 /  0
met3                 0             0            0.00%             0 /  0 /  0
met4             39274          7100           18.08%             0 /  0 /  0
met5             11932           788            6.60%             0 /  0 /  0
---------------------------------------------------------------------------------------
Total            51206          7888           15.40%             0 /  0 /  0

[INFO GRT-0018] Total wirelength: 70055 um
[INFO GRT-0014] Routed nets: 858
[INFO GRT-0303] Global routing runtime = 00:00:00
[INFO DRT-0149] Reading tech and libs.
[WARNING DRT-0349] LEF58_ENCLOSURE with no CUTCLASS is not supported. Skipping for layer mcon
[WARNING DRT-0349] LEF58_ENCLOSURE with no CUTCLASS is not supported. Skipping for layer mcon
[WARNING DRT-0349] LEF58_ENCLOSURE with no CUTCLASS is not supported. Skipping for layer via
[WARNING DRT-0349] LEF58_ENCLOSURE with no CUTCLASS is not supported. Skipping for layer via
[WARNING DRT-0349] LEF58_ENCLOSURE with no CUTCLASS is not supported. Skipping for layer via2
[WARNING DRT-0349] LEF58_ENCLOSURE with no CUTCLASS is not supported. Skipping for layer via2
[WARNING DRT-0349] LEF58_ENCLOSURE with no CUTCLASS is not supported. Skipping for layer via3
[WARNING DRT-0349] LEF58_ENCLOSURE with no CUTCLASS is not supported. Skipping for layer via3
[WARNING DRT-0349] LEF58_ENCLOSURE with no CUTCLASS is not supported. Skipping for layer via4
[WARNING DRT-0349] LEF58_ENCLOSURE with no CUTCLASS is not supported. Skipping for layer via4

Units:                1000
Number of layers:     13
Number of macros:     446
Number of vias:       25
Number of viarulegen: 25

[INFO DRT-0150] Reading design.

Design:                   top
Die area:                 ( 0 0 ) ( 535460 535460 )
Number of track patterns: 12
Number of DEF vias:       0
Number of components:     38252
Number of terminals:      0
Number of snets:          2
Number of nets:           858

[INFO DRT-0167] List of default vias:
  Layer via4
    default via: M4M5_PR
[INFO DRT-0162] Library cell analysis.
[INFO DRT-0163] Instance analysis.
[INFO DRT-0164] Number of unique instances = 88.
[INFO DRT-0168] Init region query.
[INFO DRT-0024]   Complete FR_MASTERSLICE.
[INFO DRT-0024]   Complete Fr_VIA.
[INFO DRT-0024]   Complete li1.
[INFO DRT-0024]   Complete mcon.
[INFO DRT-0024]   Complete met1.
[INFO DRT-0024]   Complete via.
[INFO DRT-0024]   Complete met2.
[INFO DRT-0024]   Complete via2.
[INFO DRT-0024]   Complete met3.
[INFO DRT-0024]   Complete via3.
[INFO DRT-0024]   Complete met4.
[INFO DRT-0024]   Complete via4.
[INFO DRT-0024]   Complete met5.
[INFO DRT-0033] FR_MASTERSLICE shape region query size = 0.
[INFO DRT-0033] FR_VIA shape region query size = 0.
[INFO DRT-0033] li1 shape region query size = 578962.
[INFO DRT-0033] mcon shape region query size = 467016.
[INFO DRT-0033] met1 shape region query size = 130512.
[INFO DRT-0033] via shape region query size = 0.
[INFO DRT-0033] met2 shape region query size = 3600.
[INFO DRT-0033] via2 shape region query size = 0.
[INFO DRT-0033] met3 shape region query size = 3600.
[INFO DRT-0033] via3 shape region query size = 0.
[INFO DRT-0033] met4 shape region query size = 3600.
[INFO DRT-0033] via4 shape region query size = 0.
[INFO DRT-0033] met5 shape region query size = 0.
[INFO DRT-0165] Start pin access.
[INFO DRT-0078]   Complete 484 pins.
[INFO DRT-0081]   Complete 88 unique inst patterns.
[INFO DRT-0084]   Complete 3509 groups.
#scanned instances     = 38252
#unique  instances     = 88
#stdCellGenAp          = 44
#stdCellValidPlanarAp  = 44
#stdCellValidViaAp     = 0
#stdCellPinNoAp        = 0
#stdCellPinCnt         = 2259
#instTermValidViaApCnt = 0
#macroGenAp            = 0
#macroValidPlanarAp    = 0
#macroValidViaAp       = 0
#macroNoAp             = 0
[INFO DRT-0166] Complete pin access.
[INFO DRT-0267] cpu time = 00:00:00, elapsed time = 00:00:00, memory = 344.62 (MB), peak = 346.06 (MB)

[INFO DRT-0157] Number of guides:     3659

[INFO DRT-0169] Post process guides.
[INFO DRT-0176] GCELLGRID X 0 DO 77 STEP 6900 ;
[INFO DRT-0177] GCELLGRID Y 0 DO 77 STEP 6900 ;
[INFO DRT-0028]   Complete FR_MASTERSLICE.
[INFO DRT-0028]   Complete Fr_VIA.
[INFO DRT-0028]   Complete li1.
[INFO DRT-0028]   Complete mcon.
[INFO DRT-0028]   Complete met1.
[INFO DRT-0028]   Complete via.
[INFO DRT-0028]   Complete met2.
[INFO DRT-0028]   Complete via2.
[INFO DRT-0028]   Complete met3.
[INFO DRT-0028]   Complete via3.
[INFO DRT-0028]   Complete met4.
[INFO DRT-0028]   Complete via4.
[INFO DRT-0028]   Complete met5.
[INFO DRT-0178] Init guide query.
[INFO DRT-0035]   Complete FR_MASTERSLICE (guide).
[INFO DRT-0035]   Complete Fr_VIA (guide).
[INFO DRT-0035]   Complete li1 (guide).
[INFO DRT-0035]   Complete mcon (guide).
[INFO DRT-0035]   Complete met1 (guide).
[INFO DRT-0035]   Complete via (guide).
[INFO DRT-0035]   Complete met2 (guide).
[INFO DRT-0035]   Complete via2 (guide).
[INFO DRT-0035]   Complete met3 (guide).
[INFO DRT-0035]   Complete via3 (guide).
[INFO DRT-0035]   Complete met4 (guide).
[INFO DRT-0035]   Complete via4 (guide).
[INFO DRT-0035]   Complete met5 (guide).
[INFO DRT-0036] FR_MASTERSLICE guide region query size = 0.
[INFO DRT-0036] FR_VIA guide region query size = 0.
[INFO DRT-0036] li1 guide region query size = 0.
[INFO DRT-0036] mcon guide region query size = 0.
[INFO DRT-0036] met1 guide region query size = 0.
[INFO DRT-0036] via guide region query size = 0.
[INFO DRT-0036] met2 guide region query size = 0.
[INFO DRT-0036] via2 guide region query size = 0.
[INFO DRT-0036] met3 guide region query size = 0.
[INFO DRT-0036] via3 guide region query size = 0.
[INFO DRT-0036] met4 guide region query size = 1994.
[INFO DRT-0036] via4 guide region query size = 0.
[INFO DRT-0036] met5 guide region query size = 656.
[INFO DRT-0179] Init gr pin query.
[INFO DRT-0267] cpu time = 00:00:00, elapsed time = 00:00:00, memory = 345.49 (MB), peak = 346.06 (MB)
[INFO DRT-0245] skipped writing guide updates to database.
[INFO DRT-0181] Start track assignment.
[INFO DRT-0184] Done with 1994 vertical wires in 2 frboxes and 656 horizontal wires in 2 frboxes.
[INFO DRT-0186] Done with 1192 vertical wires in 2 frboxes and 15 horizontal wires in 2 frboxes.
[INFO DRT-0182] Complete track assignment.
[INFO DRT-0267] cpu time = 00:00:02, elapsed time = 00:00:02, memory = 437.16 (MB), peak = 437.07 (MB)
[INFO DRT-0187] Start routing data preparation.
[INFO DRT-0267] cpu time = 00:00:00, elapsed time = 00:00:00, memory = 437.23 (MB), peak = 437.19 (MB)
[INFO DRT-0194] Start detail routing.
[INFO DRT-0195] Start 0th optimization iteration.
    Completing 10% with 0 violations.
    elapsed time = 00:00:04, memory = 552.97 (MB).
    Completing 20% with 0 violations.
    elapsed time = 00:00:08, memory = 736.20 (MB).
    Completing 30% with 309 violations.
    elapsed time = 00:00:12, memory = 746.32 (MB).
    Completing 40% with 309 violations.
    elapsed time = 00:00:16, memory = 728.38 (MB).
    Completing 50% with 309 violations.
    elapsed time = 00:00:20, memory = 772.65 (MB).
    Completing 60% with 675 violations.
    elapsed time = 00:00:24, memory = 724.61 (MB).
    Completing 70% with 675 violations.
    elapsed time = 00:00:28, memory = 716.63 (MB).
    Completing 80% with 1017 violations.
    elapsed time = 00:00:32, memory = 740.66 (MB).
    Completing 90% with 1017 violations.
    elapsed time = 00:00:36, memory = 740.70 (MB).
    Completing 100% with 1338 violations.
    elapsed time = 00:00:40, memory = 734.64 (MB).
[INFO DRT-0199]   Number of violations = 1394.
Viol/Layer        met4
Metal Spacing       78
Recheck             56
Short             1260
[INFO DRT-0267] cpu time = 00:00:39, elapsed time = 00:00:40, memory = 744.86 (MB), peak = 898.94 (MB)
Total wire length = 57625 um.
Total wire length on LAYER li1 = 0 um.
Total wire length on LAYER met1 = 0 um.
Total wire length on LAYER met2 = 0 um.
Total wire length on LAYER met3 = 0 um.
Total wire length on LAYER met4 = 55767 um.
Total wire length on LAYER met5 = 1857 um.
Total number of vias = 329.
Up-via summary (total 329):

----------------------
 FR_MASTERSLICE      0
            li1      0
           met1      0
           met2      0
           met3      0
           met4    329
----------------------
               329


[INFO DRT-0195] Start 1st optimization iteration.
    Completing 10% with 1394 violations.
    elapsed time = 00:00:03, memory = 745.96 (MB).
    Completing 20% with 1394 violations.
    elapsed time = 00:00:08, memory = 776.51 (MB).
    Completing 30% with 1247 violations.
    elapsed time = 00:00:13, memory = 790.11 (MB).
    Completing 40% with 1247 violations.
    elapsed time = 00:00:17, memory = 791.03 (MB).
    Completing 50% with 1247 violations.
    elapsed time = 00:00:21, memory = 841.08 (MB).
    Completing 60% with 1137 violations.
    elapsed time = 00:00:27, memory = 808.20 (MB).
    Completing 70% with 1137 violations.
    elapsed time = 00:00:30, memory = 806.20 (MB).
    Completing 80% with 1063 violations.
    elapsed time = 00:00:35, memory = 813.37 (MB).
    Completing 90% with 1063 violations.
    elapsed time = 00:00:39, memory = 813.37 (MB).
    Completing 100% with 946 violations.
    elapsed time = 00:00:42, memory = 798.35 (MB).
[INFO DRT-0199]   Number of violations = 946.
Viol/Layer        met4
Metal Spacing       34
Short              912
[INFO DRT-0267] cpu time = 00:00:42, elapsed time = 00:00:42, memory = 811.36 (MB), peak = 898.94 (MB)
Total wire length = 58121 um.
Total wire length on LAYER li1 = 0 um.
Total wire length on LAYER met1 = 0 um.
Total wire length on LAYER met2 = 0 um.
Total wire length on LAYER met3 = 0 um.
Total wire length on LAYER met4 = 56852 um.
Total wire length on LAYER met5 = 1269 um.
Total number of vias = 234.
Up-via summary (total 234):

----------------------
 FR_MASTERSLICE      0
            li1      0
           met1      0
           met2      0
           met3      0
           met4    234
----------------------
               234


[INFO DRT-0195] Start 2nd optimization iteration.
    Completing 10% with 946 violations.
    elapsed time = 00:00:02, memory = 812.46 (MB).
    Completing 20% with 946 violations.
    elapsed time = 00:00:05, memory = 797.46 (MB).
    Completing 30% with 949 violations.
    elapsed time = 00:00:08, memory = 780.20 (MB).
    Completing 40% with 949 violations.
    elapsed time = 00:00:12, memory = 780.20 (MB).
    Completing 50% with 949 violations.
    elapsed time = 00:00:16, memory = 819.05 (MB).
    Completing 60% with 948 violations.
    elapsed time = 00:00:20, memory = 820.31 (MB).
    Completing 70% with 948 violations.
    elapsed time = 00:00:23, memory = 818.31 (MB).
    Completing 80% with 933 violations.
    elapsed time = 00:00:27, memory = 810.34 (MB).
    Completing 90% with 933 violations.
    elapsed time = 00:00:31, memory = 810.68 (MB).
    Completing 100% with 898 violations.
    elapsed time = 00:00:35, memory = 848.45 (MB).
[INFO DRT-0199]   Number of violations = 898.
Viol/Layer        met4
Metal Spacing       26
Short              872
[INFO DRT-0267] cpu time = 00:00:37, elapsed time = 00:00:35, memory = 863.35 (MB), peak = 898.94 (MB)
Total wire length = 57969 um.
Total wire length on LAYER li1 = 0 um.
Total wire length on LAYER met1 = 0 um.
Total wire length on LAYER met2 = 0 um.
Total wire length on LAYER met3 = 0 um.
Total wire length on LAYER met4 = 56749 um.
Total wire length on LAYER met5 = 1220 um.
Total number of vias = 218.
Up-via summary (total 218):

----------------------
 FR_MASTERSLICE      0
            li1      0
           met1      0
           met2      0
           met3      0
           met4    218
----------------------
               218


[INFO DRT-0195] Start 3rd optimization iteration.
    Completing 10% with 898 violations.
    elapsed time = 00:00:04, memory = 847.36 (MB).
    Completing 20% with 898 violations.
    elapsed time = 00:00:09, memory = 844.03 (MB).
    Completing 30% with 791 violations.
    elapsed time = 00:00:14, memory = 876.86 (MB).
    Completing 40% with 791 violations.
    elapsed time = 00:00:18, memory = 878.98 (MB).
    Completing 50% with 791 violations.
    elapsed time = 00:00:23, memory = 879.04 (MB).
    Completing 60% with 687 violations.
    elapsed time = 00:00:28, memory = 867.33 (MB).
    Completing 70% with 687 violations.
    elapsed time = 00:00:33, memory = 867.33 (MB).
    Completing 80% with 616 violations.
    elapsed time = 00:00:38, memory = 863.33 (MB).
    Completing 90% with 616 violations.
    elapsed time = 00:00:42, memory = 863.37 (MB).
    Completing 100% with 480 violations.
    elapsed time = 00:00:47, memory = 855.39 (MB).
[INFO DRT-0199]   Number of violations = 480.
Viol/Layer        met4
Metal Spacing       27
Short              453
[INFO DRT-0267] cpu time = 00:00:47, elapsed time = 00:00:47, memory = 854.72 (MB), peak = 898.94 (MB)
Total wire length = 60148 um.
Total wire length on LAYER li1 = 0 um.
Total wire length on LAYER met1 = 0 um.
Total wire length on LAYER met2 = 0 um.
Total wire length on LAYER met3 = 0 um.
Total wire length on LAYER met4 = 57609 um.
Total wire length on LAYER met5 = 2538 um.
Total number of vias = 524.
Up-via summary (total 524):

----------------------
 FR_MASTERSLICE      0
            li1      0
           met1      0
           met2      0
           met3      0
           met4    524
----------------------
               524


[INFO DRT-0195] Start 4th optimization iteration.
    Completing 10% with 480 violations.
    elapsed time = 00:00:02, memory = 861.23 (MB).
    Completing 20% with 480 violations.
    elapsed time = 00:00:06, memory = 861.72 (MB).
    Completing 30% with 431 violations.
    elapsed time = 00:00:10, memory = 843.20 (MB).
    Completing 40% with 431 violations.
    elapsed time = 00:00:15, memory = 843.23 (MB).
    Completing 50% with 431 violations.
    elapsed time = 00:00:18, memory = 843.60 (MB).
    Completing 60% with 398 violations.
    elapsed time = 00:00:22, memory = 841.64 (MB).
    Completing 70% with 398 violations.
    elapsed time = 00:00:25, memory = 841.65 (MB).
    Completing 80% with 364 violations.
    elapsed time = 00:00:30, memory = 839.68 (MB).
    Completing 90% with 364 violations.
    elapsed time = 00:00:34, memory = 839.68 (MB).
    Completing 100% with 311 violations.
    elapsed time = 00:00:36, memory = 837.68 (MB).
[INFO DRT-0199]   Number of violations = 311.
Viol/Layer        met4
Metal Spacing       18
Short              293
[INFO DRT-0267] cpu time = 00:00:36, elapsed time = 00:00:36, memory = 834.75 (MB), peak = 898.94 (MB)
Total wire length = 60904 um.
Total wire length on LAYER li1 = 0 um.
Total wire length on LAYER met1 = 0 um.
Total wire length on LAYER met2 = 0 um.
Total wire length on LAYER met3 = 0 um.
Total wire length on LAYER met4 = 57977 um.
Total wire length on LAYER met5 = 2927 um.
Total number of vias = 613.
Up-via summary (total 613):

----------------------
 FR_MASTERSLICE      0
            li1      0
           met1      0
           met2      0
           met3      0
           met4    613
----------------------
               613


[INFO DRT-0195] Start 5th optimization iteration.
    Completing 10% with 311 violations.
    elapsed time = 00:00:03, memory = 840.91 (MB).
    Completing 20% with 311 violations.
    elapsed time = 00:00:06, memory = 841.38 (MB).
    Completing 30% with 289 violations.
    elapsed time = 00:00:09, memory = 832.09 (MB).
    Completing 40% with 289 violations.
    elapsed time = 00:00:12, memory = 832.83 (MB).
    Completing 50% with 289 violations.
    elapsed time = 00:00:14, memory = 832.86 (MB).
    Completing 60% with 266 violations.
    elapsed time = 00:00:17, memory = 831.12 (MB).
    Completing 70% with 266 violations.
    elapsed time = 00:00:19, memory = 831.13 (MB).
    Completing 80% with 224 violations.
    elapsed time = 00:00:22, memory = 831.16 (MB).
    Completing 90% with 224 violations.
    elapsed time = 00:00:24, memory = 831.16 (MB).
    Completing 100% with 199 violations.
    elapsed time = 00:00:25, memory = 829.16 (MB).
[INFO DRT-0199]   Number of violations = 199.
Viol/Layer        met4
Metal Spacing       16
Short              183
[INFO DRT-0267] cpu time = 00:00:33, elapsed time = 00:00:25, memory = 827.38 (MB), peak = 898.94 (MB)
Total wire length = 61301 um.
Total wire length on LAYER li1 = 0 um.
Total wire length on LAYER met1 = 0 um.
Total wire length on LAYER met2 = 0 um.
Total wire length on LAYER met3 = 0 um.
Total wire length on LAYER met4 = 58002 um.
Total wire length on LAYER met5 = 3298 um.
Total number of vias = 700.
Up-via summary (total 700):

----------------------
 FR_MASTERSLICE      0
            li1      0
           met1      0
           met2      0
           met3      0
           met4    700
----------------------
               700


[INFO DRT-0195] Start 6th optimization iteration.
    Completing 10% with 199 violations.
    elapsed time = 00:00:01, memory = 832.20 (MB).
    Completing 20% with 199 violations.
    elapsed time = 00:00:03, memory = 832.25 (MB).
    Completing 30% with 186 violations.
    elapsed time = 00:00:05, memory = 826.25 (MB).
    Completing 40% with 186 violations.
    elapsed time = 00:00:07, memory = 826.64 (MB).
    Completing 50% with 186 violations.
    elapsed time = 00:00:10, memory = 826.64 (MB).
    Completing 60% with 162 violations.
    elapsed time = 00:00:12, memory = 826.64 (MB).
    Completing 70% with 162 violations.
    elapsed time = 00:00:13, memory = 826.64 (MB).
    Completing 80% with 140 violations.
    elapsed time = 00:00:15, memory = 826.64 (MB).
    Completing 90% with 140 violations.
    elapsed time = 00:00:17, memory = 826.64 (MB).
    Completing 100% with 131 violations.
    elapsed time = 00:00:19, memory = 826.64 (MB).
[INFO DRT-0199]   Number of violations = 131.
Viol/Layer        met4
Metal Spacing       16
Short              115
[INFO DRT-0267] cpu time = 00:00:25, elapsed time = 00:00:19, memory = 826.38 (MB), peak = 898.94 (MB)
Total wire length = 61442 um.
Total wire length on LAYER li1 = 0 um.
Total wire length on LAYER met1 = 0 um.
Total wire length on LAYER met2 = 0 um.
Total wire length on LAYER met3 = 0 um.
Total wire length on LAYER met4 = 57996 um.
Total wire length on LAYER met5 = 3446 um.
Total number of vias = 731.
Up-via summary (total 731):

----------------------
 FR_MASTERSLICE      0
            li1      0
           met1      0
           met2      0
           met3      0
           met4    731
----------------------
               731


[INFO DRT-0195] Start 7th optimization iteration.
    Completing 10% with 131 violations.
    elapsed time = 00:00:01, memory = 826.39 (MB).
    Completing 20% with 131 violations.
    elapsed time = 00:00:03, memory = 826.41 (MB).
    Completing 30% with 114 violations.
    elapsed time = 00:00:05, memory = 824.41 (MB).
    Completing 40% with 114 violations.
    elapsed time = 00:00:07, memory = 824.54 (MB).
    Completing 50% with 114 violations.
    elapsed time = 00:00:08, memory = 824.54 (MB).
    Completing 60% with 102 violations.
    elapsed time = 00:00:09, memory = 822.74 (MB).
    Completing 70% with 102 violations.
    elapsed time = 00:00:10, memory = 822.74 (MB).
    Completing 80% with 96 violations.
    elapsed time = 00:00:11, memory = 822.74 (MB).
    Completing 90% with 96 violations.
    elapsed time = 00:00:13, memory = 822.93 (MB).
    Completing 100% with 88 violations.
    elapsed time = 00:00:15, memory = 822.93 (MB).
[INFO DRT-0199]   Number of violations = 88.
Viol/Layer        met4
Metal Spacing        6
Short               82
[INFO DRT-0267] cpu time = 00:00:18, elapsed time = 00:00:15, memory = 822.61 (MB), peak = 898.94 (MB)
Total wire length = 61391 um.
Total wire length on LAYER li1 = 0 um.
Total wire length on LAYER met1 = 0 um.
Total wire length on LAYER met2 = 0 um.
Total wire length on LAYER met3 = 0 um.
Total wire length on LAYER met4 = 57796 um.
Total wire length on LAYER met5 = 3594 um.
Total number of vias = 764.
Up-via summary (total 764):

----------------------
 FR_MASTERSLICE      0
            li1      0
           met1      0
           met2      0
           met3      0
           met4    764
----------------------
               764


[INFO DRT-0195] Start 8th guides tiles iteration.
    Completing 10% with 88 violations.
    elapsed time = 00:00:01, memory = 823.57 (MB).
    Completing 20% with 88 violations.
    elapsed time = 00:00:02, memory = 824.35 (MB).
    Completing 30% with 88 violations.
    elapsed time = 00:00:03, memory = 824.35 (MB).
    Completing 40% with 88 violations.
    elapsed time = 00:00:04, memory = 824.35 (MB).
    Completing 50% with 67 violations.
    elapsed time = 00:00:05, memory = 824.35 (MB).
    Completing 60% with 67 violations.
    elapsed time = 00:00:05, memory = 824.35 (MB).
    Completing 70% with 67 violations.
    elapsed time = 00:00:06, memory = 824.35 (MB).
    Completing 80% with 67 violations.
    elapsed time = 00:00:06, memory = 824.35 (MB).
    Completing 90% with 54 violations.
    elapsed time = 00:00:07, memory = 822.35 (MB).
    Completing 100% with 51 violations.
    elapsed time = 00:00:07, memory = 822.35 (MB).
[INFO DRT-0199]   Number of violations = 51.
Viol/Layer        met4
Metal Spacing        5
Short               46
[INFO DRT-0267] cpu time = 00:00:08, elapsed time = 00:00:07, memory = 820.61 (MB), peak = 898.94 (MB)
Total wire length = 61532 um.
Total wire length on LAYER li1 = 0 um.
Total wire length on LAYER met1 = 0 um.
Total wire length on LAYER met2 = 0 um.
Total wire length on LAYER met3 = 0 um.
Total wire length on LAYER met4 = 57668 um.
Total wire length on LAYER met5 = 3864 um.
Total number of vias = 818.
Up-via summary (total 818):

----------------------
 FR_MASTERSLICE      0
            li1      0
           met1      0
           met2      0
           met3      0
           met4    818
----------------------
               818


[INFO DRT-0195] Start 9th guides tiles iteration.
    Completing 10% with 51 violations.
    elapsed time = 00:00:00, memory = 820.61 (MB).
    Completing 20% with 51 violations.
    elapsed time = 00:00:00, memory = 820.61 (MB).
    Completing 30% with 51 violations.
    elapsed time = 00:00:01, memory = 820.61 (MB).
    Completing 40% with 51 violations.
    elapsed time = 00:00:02, memory = 821.39 (MB).
    Completing 50% with 51 violations.
    elapsed time = 00:00:02, memory = 821.39 (MB).
    Completing 60% with 39 violations.
    elapsed time = 00:00:02, memory = 821.39 (MB).
    Completing 70% with 39 violations.
    elapsed time = 00:00:03, memory = 821.39 (MB).
    Completing 80% with 39 violations.
    elapsed time = 00:00:03, memory = 821.39 (MB).
    Completing 90% with 39 violations.
    elapsed time = 00:00:03, memory = 821.39 (MB).
    Completing 100% with 36 violations.
    elapsed time = 00:00:04, memory = 821.39 (MB).
[INFO DRT-0199]   Number of violations = 36.
Viol/Layer        met4
Metal Spacing        3
Short               33
[INFO DRT-0267] cpu time = 00:00:05, elapsed time = 00:00:04, memory = 818.38 (MB), peak = 898.94 (MB)
Total wire length = 61567 um.
Total wire length on LAYER li1 = 0 um.
Total wire length on LAYER met1 = 0 um.
Total wire length on LAYER met2 = 0 um.
Total wire length on LAYER met3 = 0 um.
Total wire length on LAYER met4 = 57642 um.
Total wire length on LAYER met5 = 3925 um.
Total number of vias = 836.
Up-via summary (total 836):

----------------------
 FR_MASTERSLICE      0
            li1      0
           met1      0
           met2      0
           met3      0
           met4    836
----------------------
               836


[INFO DRT-0195] Start 10th guides tiles iteration.
    Completing 10% with 36 violations.
    elapsed time = 00:00:00, memory = 818.38 (MB).
    Completing 20% with 36 violations.
    elapsed time = 00:00:00, memory = 819.15 (MB).
    Completing 30% with 36 violations.
    elapsed time = 00:00:01, memory = 819.15 (MB).
    Completing 40% with 36 violations.
    elapsed time = 00:00:01, memory = 819.15 (MB).
    Completing 50% with 36 violations.
    elapsed time = 00:00:01, memory = 819.15 (MB).
    Completing 60% with 36 violations.
    elapsed time = 00:00:02, memory = 819.15 (MB).
    Completing 70% with 13 violations.
    elapsed time = 00:00:02, memory = 819.15 (MB).
    Completing 80% with 13 violations.
    elapsed time = 00:00:02, memory = 819.15 (MB).
    Completing 90% with 13 violations.
    elapsed time = 00:00:02, memory = 819.15 (MB).
    Completing 100% with 10 violations.
    elapsed time = 00:00:02, memory = 819.15 (MB).
[INFO DRT-0199]   Number of violations = 10.
Viol/Layer        met4
Short               10
[INFO DRT-0267] cpu time = 00:00:03, elapsed time = 00:00:03, memory = 818.38 (MB), peak = 898.94 (MB)
Total wire length = 61569 um.
Total wire length on LAYER li1 = 0 um.
Total wire length on LAYER met1 = 0 um.
Total wire length on LAYER met2 = 0 um.
Total wire length on LAYER met3 = 0 um.
Total wire length on LAYER met4 = 57504 um.
Total wire length on LAYER met5 = 4065 um.
Total number of vias = 864.
Up-via summary (total 864):

----------------------
 FR_MASTERSLICE      0
            li1      0
           met1      0
           met2      0
           met3      0
           met4    864
----------------------
               864


[INFO DRT-0195] Start 11th guides tiles iteration.
    Completing 10% with 10 violations.
    elapsed time = 00:00:00, memory = 819.15 (MB).
    Completing 20% with 10 violations.
    elapsed time = 00:00:00, memory = 819.15 (MB).
    Completing 30% with 10 violations.
    elapsed time = 00:00:00, memory = 819.15 (MB).
    Completing 50% with 10 violations.
    elapsed time = 00:00:00, memory = 819.15 (MB).
    Completing 60% with 10 violations.
    elapsed time = 00:00:01, memory = 819.15 (MB).
    Completing 70% with 10 violations.
    elapsed time = 00:00:01, memory = 819.15 (MB).
    Completing 80% with 10 violations.
    elapsed time = 00:00:01, memory = 819.15 (MB).
    Completing 100% with 6 violations.
    elapsed time = 00:00:01, memory = 819.15 (MB).
[INFO DRT-0199]   Number of violations = 6.
Viol/Layer        met4
Short                6
[INFO DRT-0267] cpu time = 00:00:01, elapsed time = 00:00:01, memory = 838.15 (MB), peak = 898.94 (MB)
Total wire length = 61564 um.
Total wire length on LAYER li1 = 0 um.
Total wire length on LAYER met1 = 0 um.
Total wire length on LAYER met2 = 0 um.
Total wire length on LAYER met3 = 0 um.
Total wire length on LAYER met4 = 57475 um.
Total wire length on LAYER met5 = 4088 um.
Total number of vias = 872.
Up-via summary (total 872):

----------------------
 FR_MASTERSLICE      0
            li1      0
           met1      0
           met2      0
           met3      0
           met4    872
----------------------
               872


[INFO DRT-0195] Start 12th guides tiles iteration.
    Completing 20% with 6 violations.
    elapsed time = 00:00:00, memory = 838.93 (MB).
    Completing 50% with 6 violations.
    elapsed time = 00:00:00, memory = 838.93 (MB).
    Completing 70% with 6 violations.
    elapsed time = 00:00:00, memory = 838.93 (MB).
    Completing 100% with 6 violations.
    elapsed time = 00:00:00, memory = 838.93 (MB).
[INFO DRT-0199]   Number of violations = 6.
Viol/Layer        met4
Short                6
[INFO DRT-0267] cpu time = 00:00:01, elapsed time = 00:00:01, memory = 841.93 (MB), peak = 898.94 (MB)
Total wire length = 61566 um.
Total wire length on LAYER li1 = 0 um.
Total wire length on LAYER met1 = 0 um.
Total wire length on LAYER met2 = 0 um.
Total wire length on LAYER met3 = 0 um.
Total wire length on LAYER met4 = 57475 um.
Total wire length on LAYER met5 = 4091 um.
Total number of vias = 872.
Up-via summary (total 872):

----------------------
 FR_MASTERSLICE      0
            li1      0
           met1      0
           met2      0
           met3      0
           met4    872
----------------------
               872


[INFO DRT-0195] Start 13th stubborn tiles iteration.
    Completing 10% with 6 violations.
    elapsed time = 00:00:03, memory = 842.20 (MB).
    Completing 20% with 6 violations.
    elapsed time = 00:00:07, memory = 896.37 (MB).
    Completing 30% with 6 violations.
    elapsed time = 00:00:11, memory = 1137.02 (MB).
    Completing 40% with 6 violations.
    elapsed time = 00:00:15, memory = 1384.32 (MB).
    Completing 50% with 6 violations.
    elapsed time = 00:00:19, memory = 1602.32 (MB).
    Completing 60% with 6 violations.
    elapsed time = 00:00:24, memory = 1887.43 (MB).
    Completing 70% with 6 violations.
    elapsed time = 00:00:29, memory = 2194.20 (MB).
    Completing 80% with 1 violations.
    elapsed time = 00:00:34, memory = 1414.07 (MB).
    Completing 90% with 1 violations.
    elapsed time = 00:00:38, memory = 1414.11 (MB).
    Completing 100% with 0 violations.
    elapsed time = 00:00:42, memory = 1344.95 (MB).
[INFO DRT-0199]   Number of violations = 0.
[INFO DRT-0267] cpu time = 00:00:54, elapsed time = 00:00:42, memory = 1342.14 (MB), peak = 2327.78 (MB)
Total wire length = 61557 um.
Total wire length on LAYER li1 = 0 um.
Total wire length on LAYER met1 = 0 um.
Total wire length on LAYER met2 = 0 um.
Total wire length on LAYER met3 = 0 um.
Total wire length on LAYER met4 = 57409 um.
Total wire length on LAYER met5 = 4148 um.
Total number of vias = 879.
Up-via summary (total 879):

----------------------
 FR_MASTERSLICE      0
            li1      0
           met1      0
           met2      0
           met3      0
           met4    879
----------------------
               879


[INFO DRT-0198] Complete detail routing.
Total wire length = 61557 um.
Total wire length on LAYER li1 = 0 um.
Total wire length on LAYER met1 = 0 um.
Total wire length on LAYER met2 = 0 um.
Total wire length on LAYER met3 = 0 um.
Total wire length on LAYER met4 = 57409 um.
Total wire length on LAYER met5 = 4148 um.
Total number of vias = 879.
Up-via summary (total 879):

----------------------
 FR_MASTERSLICE      0
            li1      0
           met1      0
           met2      0
           met3      0
           met4    879
----------------------
               879


[INFO DRT-0267] cpu time = 00:05:54, elapsed time = 00:05:24, memory = 1342.27 (MB), peak = 2327.78 (MB)

[INFO DRT-0180] Post processing.
[INFO DRT-0501] Runtime: 327.56s
G2_RESULT drc=0
[INFO ANT-0002] Found 0 net violations.
[INFO ANT-0001] Found 0 pin violations.
