OpenROAD unknown 
Features included (+) or not (-): -GPU +GUI -Python
This program is licensed under the BSD-3 license. See the LICENSE file for details.
Components of this program may be licensed under more restrictive licenses which must be honored.
[INFO ORD-0030] Using 2 thread(s).
G2: removed 12575 base nets (all base wiring is at or below met3)
G2: programmable nets 84, pins 1428
[WARNING GRT-0300] Timing is not available, setting critical nets percentage to 0.
[INFO GRT-0020] Min routing layer: met4
[INFO GRT-0021] Max routing layer: met5
[INFO GRT-0022] Global adjustment: 0%
[INFO GRT-0023] Grid origin: (0, 0)
[INFO GRT-0088] Layer li1     Track-Pitch = 0.4600  line-2-Via Pitch: 0.3400
[INFO GRT-0088] Layer met1    Track-Pitch = 0.3400  line-2-Via Pitch: 0.3400
[INFO GRT-0088] Layer met2    Track-Pitch = 0.4600  line-2-Via Pitch: 0.3500
[INFO GRT-0088] Layer met3    Track-Pitch = 0.6800  line-2-Via Pitch: 0.6150
[INFO GRT-0088] Layer met4    Track-Pitch = 0.9200  line-2-Via Pitch: 1.0400
[INFO GRT-0088] Layer met5    Track-Pitch = 3.4000  line-2-Via Pitch: 3.1100
[INFO GRT-0003] Macros: 0
[INFO GRT-0004] Blockages: 0
[INFO GRT-0019] Found 0 clock nets.
[INFO GRT-0001] Minimum degree: 17
[INFO GRT-0002] Maximum degree: 17

[INFO GRT-0053] Routing resources analysis:
          Routing      Original      Derated      Resource
Layer     Direction    Resources     Resources    Reduction (%)
---------------------------------------------------------------
li1        Vertical            0             0          0.00%
met1       Horizontal          0             0          0.00%
met2       Vertical            0             0          0.00%
met3       Horizontal          0             0          0.00%
met4       Vertical        39274         39274          0.00%
met5       Horizontal      11932         11932          0.00%
---------------------------------------------------------------

[INFO GRT-0197] Via related to pin nodes: 174
[INFO GRT-0198] Via related Steiner nodes: 4
[INFO GRT-0199] Via filling finished.
[INFO GRT-0111] Final number of vias: 185
[INFO GRT-0112] Final usage 3D: 2145

[INFO GRT-0096] Final congestion report:
Layer         Resource        Demand        Usage (%)    Max H / Max V / Total Congestion
---------------------------------------------------------------------------------------
li1                  0             0            0.00%             0 /  0 /  0
met1                 0             0            0.00%             0 /  0 /  0
met2                 0             0            0.00%             0 /  0 /  0
met3                 0             0            0.00%             0 /  0 /  0
met4             39274          1514            3.85%             0 /  0 /  0
met5             11932            76            0.64%             0 /  0 /  0
---------------------------------------------------------------------------------------
Total            51206          1590            3.11%             0 /  0 /  0

[INFO GRT-0018] Total wirelength: 20196 um
[INFO GRT-0014] Routed nets: 84
[INFO GRT-0303] Global routing runtime = 00:00:00
[INFO DRT-0149] Reading tech and libs.
[WARNING DRT-0349] LEF58_ENCLOSURE with no CUTCLASS is not supported. Skipping for layer mcon
[WARNING DRT-0349] LEF58_ENCLOSURE with no CUTCLASS is not supported. Skipping for layer mcon
[WARNING DRT-0349] LEF58_ENCLOSURE with no CUTCLASS is not supported. Skipping for layer via
[WARNING DRT-0349] LEF58_ENCLOSURE with no CUTCLASS is not supported. Skipping for layer via
[WARNING DRT-0349] LEF58_ENCLOSURE with no CUTCLASS is not supported. Skipping for layer via2
[WARNING DRT-0349] LEF58_ENCLOSURE with no CUTCLASS is not supported. Skipping for layer via2
[WARNING DRT-0349] LEF58_ENCLOSURE with no CUTCLASS is not supported. Skipping for layer via3
[WARNING DRT-0349] LEF58_ENCLOSURE with no CUTCLASS is not supported. Skipping for layer via3
[WARNING DRT-0349] LEF58_ENCLOSURE with no CUTCLASS is not supported. Skipping for layer via4
[WARNING DRT-0349] LEF58_ENCLOSURE with no CUTCLASS is not supported. Skipping for layer via4

Units:                1000
Number of layers:     13
Number of macros:     446
Number of vias:       25
Number of viarulegen: 25

[INFO DRT-0150] Reading design.

Design:                   top
Die area:                 ( 0 0 ) ( 535460 535460 )
Number of track patterns: 12
Number of DEF vias:       0
Number of components:     38252
Number of terminals:      0
Number of snets:          2
Number of nets:           84

[INFO DRT-0167] List of default vias:
  Layer via4
    default via: M4M5_PR
[INFO DRT-0162] Library cell analysis.
[INFO DRT-0163] Instance analysis.
[INFO DRT-0164] Number of unique instances = 94.
[INFO DRT-0168] Init region query.
[INFO DRT-0024]   Complete FR_MASTERSLICE.
[INFO DRT-0024]   Complete Fr_VIA.
[INFO DRT-0024]   Complete li1.
[INFO DRT-0024]   Complete mcon.
[INFO DRT-0024]   Complete met1.
[INFO DRT-0024]   Complete via.
[INFO DRT-0024]   Complete met2.
[INFO DRT-0024]   Complete via2.
[INFO DRT-0024]   Complete met3.
[INFO DRT-0024]   Complete via3.
[INFO DRT-0024]   Complete met4.
[INFO DRT-0024]   Complete via4.
[INFO DRT-0024]   Complete met5.
[INFO DRT-0033] FR_MASTERSLICE shape region query size = 0.
[INFO DRT-0033] FR_VIA shape region query size = 0.
[INFO DRT-0033] li1 shape region query size = 578962.
[INFO DRT-0033] mcon shape region query size = 467016.
[INFO DRT-0033] met1 shape region query size = 130512.
[INFO DRT-0033] via shape region query size = 0.
[INFO DRT-0033] met2 shape region query size = 3600.
[INFO DRT-0033] via2 shape region query size = 0.
[INFO DRT-0033] met3 shape region query size = 3600.
[INFO DRT-0033] via3 shape region query size = 0.
[INFO DRT-0033] met4 shape region query size = 3600.
[INFO DRT-0033] via4 shape region query size = 0.
[INFO DRT-0033] met5 shape region query size = 0.
[INFO DRT-0165] Start pin access.
[INFO DRT-0078]   Complete 508 pins.
[INFO DRT-0081]   Complete 94 unique inst patterns.
[INFO DRT-0084]   Complete 3456 groups.
#scanned instances     = 38252
#unique  instances     = 94
#stdCellGenAp          = 44
#stdCellValidPlanarAp  = 44
#stdCellValidViaAp     = 0
#stdCellPinNoAp        = 0
#stdCellPinCnt         = 1428
#instTermValidViaApCnt = 0
#macroGenAp            = 0
#macroValidPlanarAp    = 0
#macroValidViaAp       = 0
#macroNoAp             = 0
[INFO DRT-0166] Complete pin access.
[INFO DRT-0267] cpu time = 00:00:00, elapsed time = 00:00:00, memory = 344.44 (MB), peak = 344.52 (MB)

[INFO DRT-0157] Number of guides:     1465

[INFO DRT-0169] Post process guides.
[INFO DRT-0176] GCELLGRID X 0 DO 77 STEP 6900 ;
[INFO DRT-0177] GCELLGRID Y 0 DO 77 STEP 6900 ;
[INFO DRT-0028]   Complete FR_MASTERSLICE.
[INFO DRT-0028]   Complete Fr_VIA.
[INFO DRT-0028]   Complete li1.
[INFO DRT-0028]   Complete mcon.
[INFO DRT-0028]   Complete met1.
[INFO DRT-0028]   Complete via.
[INFO DRT-0028]   Complete met2.
[INFO DRT-0028]   Complete via2.
[INFO DRT-0028]   Complete met3.
[INFO DRT-0028]   Complete via3.
[INFO DRT-0028]   Complete met4.
[INFO DRT-0028]   Complete via4.
[INFO DRT-0028]   Complete met5.
[INFO DRT-0178] Init guide query.
[INFO DRT-0035]   Complete FR_MASTERSLICE (guide).
[INFO DRT-0035]   Complete Fr_VIA (guide).
[INFO DRT-0035]   Complete li1 (guide).
[INFO DRT-0035]   Complete mcon (guide).
[INFO DRT-0035]   Complete met1 (guide).
[INFO DRT-0035]   Complete via (guide).
[INFO DRT-0035]   Complete met2 (guide).
[INFO DRT-0035]   Complete via2 (guide).
[INFO DRT-0035]   Complete met3 (guide).
[INFO DRT-0035]   Complete via3 (guide).
[INFO DRT-0035]   Complete met4 (guide).
[INFO DRT-0035]   Complete via4 (guide).
[INFO DRT-0035]   Complete met5 (guide).
[INFO DRT-0036] FR_MASTERSLICE guide region query size = 0.
[INFO DRT-0036] FR_VIA guide region query size = 0.
[INFO DRT-0036] li1 guide region query size = 0.
[INFO DRT-0036] mcon guide region query size = 0.
[INFO DRT-0036] met1 guide region query size = 0.
[INFO DRT-0036] via guide region query size = 0.
[INFO DRT-0036] met2 guide region query size = 0.
[INFO DRT-0036] via2 guide region query size = 0.
[INFO DRT-0036] met3 guide region query size = 0.
[INFO DRT-0036] via3 guide region query size = 0.
[INFO DRT-0036] met4 guide region query size = 1338.
[INFO DRT-0036] via4 guide region query size = 0.
[INFO DRT-0036] met5 guide region query size = 64.
[INFO DRT-0179] Init gr pin query.
[INFO DRT-0267] cpu time = 00:00:00, elapsed time = 00:00:00, memory = 344.68 (MB), peak = 344.56 (MB)
[INFO DRT-0245] skipped writing guide updates to database.
[INFO DRT-0181] Start track assignment.
[INFO DRT-0184] Done with 1338 vertical wires in 2 frboxes and 64 horizontal wires in 2 frboxes.
[INFO DRT-0186] Done with 63 vertical wires in 2 frboxes and 0 horizontal wires in 2 frboxes.
[INFO DRT-0182] Complete track assignment.
[INFO DRT-0267] cpu time = 00:00:02, elapsed time = 00:00:02, memory = 432.05 (MB), peak = 431.92 (MB)
[INFO DRT-0187] Start routing data preparation.
[INFO DRT-0267] cpu time = 00:00:00, elapsed time = 00:00:00, memory = 432.12 (MB), peak = 432.04 (MB)
[INFO DRT-0194] Start detail routing.
[INFO DRT-0195] Start 0th optimization iteration.
    Completing 10% with 0 violations.
    elapsed time = 00:00:03, memory = 554.35 (MB).
    Completing 20% with 0 violations.
    elapsed time = 00:00:07, memory = 735.83 (MB).
    Completing 30% with 0 violations.
    elapsed time = 00:00:10, memory = 708.79 (MB).
    Completing 40% with 0 violations.
    elapsed time = 00:00:14, memory = 710.80 (MB).
    Completing 50% with 0 violations.
    elapsed time = 00:00:17, memory = 765.34 (MB).
    Completing 60% with 1 violations.
    elapsed time = 00:00:21, memory = 718.07 (MB).
    Completing 70% with 1 violations.
    elapsed time = 00:00:24, memory = 704.22 (MB).
    Completing 80% with 2 violations.
    elapsed time = 00:00:28, memory = 681.98 (MB).
    Completing 90% with 2 violations.
    elapsed time = 00:00:32, memory = 682.07 (MB).
    Completing 100% with 2 violations.
    elapsed time = 00:00:35, memory = 708.82 (MB).
[INFO DRT-0199]   Number of violations = 2.
Viol/Layer        met4
Metal Spacing        2
[INFO DRT-0267] cpu time = 00:00:35, elapsed time = 00:00:36, memory = 722.11 (MB), peak = 892.17 (MB)
Total wire length = 11644 um.
Total wire length on LAYER li1 = 0 um.
Total wire length on LAYER met1 = 0 um.
Total wire length on LAYER met2 = 0 um.
Total wire length on LAYER met3 = 0 um.
Total wire length on LAYER met4 = 11644 um.
Total wire length on LAYER met5 = 0 um.
Total number of vias = 0.
Up-via summary (total 0):

--------------------
 FR_MASTERSLICE    0
            li1    0
           met1    0
           met2    0
           met3    0
           met4    0
--------------------
               0


[INFO DRT-0195] Start 1st optimization iteration.
    Completing 10% with 2 violations.
    elapsed time = 00:00:03, memory = 713.20 (MB).
    Completing 20% with 2 violations.
    elapsed time = 00:00:07, memory = 769.57 (MB).
    Completing 30% with 2 violations.
    elapsed time = 00:00:11, memory = 747.29 (MB).
    Completing 40% with 2 violations.
    elapsed time = 00:00:14, memory = 747.34 (MB).
    Completing 50% with 2 violations.
    elapsed time = 00:00:18, memory = 835.59 (MB).
    Completing 60% with 1 violations.
    elapsed time = 00:00:22, memory = 753.77 (MB).
    Completing 70% with 1 violations.
    elapsed time = 00:00:25, memory = 764.38 (MB).
    Completing 80% with 0 violations.
    elapsed time = 00:00:29, memory = 761.76 (MB).
    Completing 90% with 0 violations.
    elapsed time = 00:00:33, memory = 761.80 (MB).
    Completing 100% with 0 violations.
    elapsed time = 00:00:36, memory = 771.76 (MB).
[INFO DRT-0199]   Number of violations = 0.
[INFO DRT-0267] cpu time = 00:00:35, elapsed time = 00:00:36, memory = 786.34 (MB), peak = 892.17 (MB)
Total wire length = 11649 um.
Total wire length on LAYER li1 = 0 um.
Total wire length on LAYER met1 = 0 um.
Total wire length on LAYER met2 = 0 um.
Total wire length on LAYER met3 = 0 um.
Total wire length on LAYER met4 = 11649 um.
Total wire length on LAYER met5 = 0 um.
Total number of vias = 0.
Up-via summary (total 0):

--------------------
 FR_MASTERSLICE    0
            li1    0
           met1    0
           met2    0
           met3    0
           met4    0
--------------------
               0


[INFO DRT-0198] Complete detail routing.
Total wire length = 11649 um.
Total wire length on LAYER li1 = 0 um.
Total wire length on LAYER met1 = 0 um.
Total wire length on LAYER met2 = 0 um.
Total wire length on LAYER met3 = 0 um.
Total wire length on LAYER met4 = 11649 um.
Total wire length on LAYER met5 = 0 um.
Total number of vias = 0.
Up-via summary (total 0):

--------------------
 FR_MASTERSLICE    0
            li1    0
           met1    0
           met2    0
           met3    0
           met4    0
--------------------
               0


[INFO DRT-0267] cpu time = 00:01:11, elapsed time = 00:01:12, memory = 786.47 (MB), peak = 892.17 (MB)

[INFO DRT-0180] Post processing.
[INFO DRT-0501] Runtime: 75.23s
G2_RESULT drc=0
[INFO ANT-0002] Found 0 net violations.
[INFO ANT-0001] Found 0 pin violations.
