OpenROAD unknown 
Features included (+) or not (-): -GPU +GUI -Python
This program is licensed under the BSD-3 license. See the LICENSE file for details.
Components of this program may be licensed under more restrictive licenses which must be honored.
[INFO ORD-0030] Using 2 thread(s).
G2: removed 12575 base nets (all base wiring is at or below met3)
G2: programmable nets 468, pins 1142
[WARNING GRT-0300] Timing is not available, setting critical nets percentage to 0.
[INFO GRT-0020] Min routing layer: met4
[INFO GRT-0021] Max routing layer: met5
[INFO GRT-0022] Global adjustment: 0%
[INFO GRT-0023] Grid origin: (0, 0)
[INFO GRT-0088] Layer li1     Track-Pitch = 0.4600  line-2-Via Pitch: 0.3400
[INFO GRT-0088] Layer met1    Track-Pitch = 0.3400  line-2-Via Pitch: 0.3400
[INFO GRT-0088] Layer met2    Track-Pitch = 0.4600  line-2-Via Pitch: 0.3500
[INFO GRT-0088] Layer met3    Track-Pitch = 0.6800  line-2-Via Pitch: 0.6150
[INFO GRT-0088] Layer met4    Track-Pitch = 0.9200  line-2-Via Pitch: 1.0400
[INFO GRT-0088] Layer met5    Track-Pitch = 3.4000  line-2-Via Pitch: 3.1100
[INFO GRT-0003] Macros: 0
[INFO GRT-0004] Blockages: 0
[INFO GRT-0019] Found 0 clock nets.
[INFO GRT-0001] Minimum degree: 2
[INFO GRT-0002] Maximum degree: 6

[INFO GRT-0053] Routing resources analysis:
          Routing      Original      Derated      Resource
Layer     Direction    Resources     Resources    Reduction (%)
---------------------------------------------------------------
li1        Vertical            0             0          0.00%
met1       Horizontal          0             0          0.00%
met2       Vertical            0             0          0.00%
met3       Horizontal          0             0          0.00%
met4       Vertical        39274         39274          0.00%
met5       Horizontal      11932         11932          0.00%
---------------------------------------------------------------

[INFO GRT-0197] Via related to pin nodes: 537
[INFO GRT-0198] Via related Steiner nodes: 0
[INFO GRT-0199] Via filling finished.
[INFO GRT-0111] Final number of vias: 1100
[INFO GRT-0112] Final usage 3D: 7723

[INFO GRT-0096] Final congestion report:
Layer         Resource        Demand        Usage (%)    Max H / Max V / Total Congestion
---------------------------------------------------------------------------------------
li1                  0             0            0.00%             0 /  0 /  0
met1                 0             0            0.00%             0 /  0 /  0
met2                 0             0            0.00%             0 /  0 /  0
met3                 0             0            0.00%             0 /  0 /  0
met4             39274          3819            9.72%             0 /  0 /  0
met5             11932           604            5.06%             0 /  0 /  0
---------------------------------------------------------------------------------------
Total            51206          4423            8.64%             0 /  0 /  0

[INFO GRT-0018] Total wirelength: 39019 um
[INFO GRT-0014] Routed nets: 468
[INFO GRT-0303] Global routing runtime = 00:00:00
[INFO DRT-0149] Reading tech and libs.
[WARNING DRT-0349] LEF58_ENCLOSURE with no CUTCLASS is not supported. Skipping for layer mcon
[WARNING DRT-0349] LEF58_ENCLOSURE with no CUTCLASS is not supported. Skipping for layer mcon
[WARNING DRT-0349] LEF58_ENCLOSURE with no CUTCLASS is not supported. Skipping for layer via
[WARNING DRT-0349] LEF58_ENCLOSURE with no CUTCLASS is not supported. Skipping for layer via
[WARNING DRT-0349] LEF58_ENCLOSURE with no CUTCLASS is not supported. Skipping for layer via2
[WARNING DRT-0349] LEF58_ENCLOSURE with no CUTCLASS is not supported. Skipping for layer via2
[WARNING DRT-0349] LEF58_ENCLOSURE with no CUTCLASS is not supported. Skipping for layer via3
[WARNING DRT-0349] LEF58_ENCLOSURE with no CUTCLASS is not supported. Skipping for layer via3
[WARNING DRT-0349] LEF58_ENCLOSURE with no CUTCLASS is not supported. Skipping for layer via4
[WARNING DRT-0349] LEF58_ENCLOSURE with no CUTCLASS is not supported. Skipping for layer via4

Units:                1000
Number of layers:     13
Number of macros:     446
Number of vias:       25
Number of viarulegen: 25

[INFO DRT-0150] Reading design.

Design:                   top
Die area:                 ( 0 0 ) ( 535460 535460 )
Number of track patterns: 12
Number of DEF vias:       0
Number of components:     38252
Number of terminals:      0
Number of snets:          2
Number of nets:           468

[INFO DRT-0167] List of default vias:
  Layer via4
    default via: M4M5_PR
[INFO DRT-0162] Library cell analysis.
[INFO DRT-0163] Instance analysis.
[INFO DRT-0164] Number of unique instances = 94.
[INFO DRT-0168] Init region query.
[INFO DRT-0024]   Complete FR_MASTERSLICE.
[INFO DRT-0024]   Complete Fr_VIA.
[INFO DRT-0024]   Complete li1.
[INFO DRT-0024]   Complete mcon.
[INFO DRT-0024]   Complete met1.
[INFO DRT-0024]   Complete via.
[INFO DRT-0024]   Complete met2.
[INFO DRT-0024]   Complete via2.
[INFO DRT-0024]   Complete met3.
[INFO DRT-0024]   Complete via3.
[INFO DRT-0024]   Complete met4.
[INFO DRT-0024]   Complete via4.
[INFO DRT-0024]   Complete met5.
[INFO DRT-0033] FR_MASTERSLICE shape region query size = 0.
[INFO DRT-0033] FR_VIA shape region query size = 0.
[INFO DRT-0033] li1 shape region query size = 578962.
[INFO DRT-0033] mcon shape region query size = 467016.
[INFO DRT-0033] met1 shape region query size = 130512.
[INFO DRT-0033] via shape region query size = 0.
[INFO DRT-0033] met2 shape region query size = 3600.
[INFO DRT-0033] via2 shape region query size = 0.
[INFO DRT-0033] met3 shape region query size = 3600.
[INFO DRT-0033] via3 shape region query size = 0.
[INFO DRT-0033] met4 shape region query size = 3600.
[INFO DRT-0033] via4 shape region query size = 0.
[INFO DRT-0033] met5 shape region query size = 0.
[INFO DRT-0165] Start pin access.
[INFO DRT-0078]   Complete 508 pins.
[INFO DRT-0081]   Complete 94 unique inst patterns.
[INFO DRT-0084]   Complete 2828 groups.
#scanned instances     = 38252
#unique  instances     = 94
#stdCellGenAp          = 44
#stdCellValidPlanarAp  = 44
#stdCellValidViaAp     = 0
#stdCellPinNoAp        = 0
#stdCellPinCnt         = 1142
#instTermValidViaApCnt = 0
#macroGenAp            = 0
#macroValidPlanarAp    = 0
#macroValidViaAp       = 0
#macroNoAp             = 0
[INFO DRT-0166] Complete pin access.
[INFO DRT-0267] cpu time = 00:00:00, elapsed time = 00:00:00, memory = 345.41 (MB), peak = 346.22 (MB)

[INFO DRT-0157] Number of guides:     2119

[INFO DRT-0169] Post process guides.
[INFO DRT-0176] GCELLGRID X 0 DO 77 STEP 6900 ;
[INFO DRT-0177] GCELLGRID Y 0 DO 77 STEP 6900 ;
[INFO DRT-0028]   Complete FR_MASTERSLICE.
[INFO DRT-0028]   Complete Fr_VIA.
[INFO DRT-0028]   Complete li1.
[INFO DRT-0028]   Complete mcon.
[INFO DRT-0028]   Complete met1.
[INFO DRT-0028]   Complete via.
[INFO DRT-0028]   Complete met2.
[INFO DRT-0028]   Complete via2.
[INFO DRT-0028]   Complete met3.
[INFO DRT-0028]   Complete via3.
[INFO DRT-0028]   Complete met4.
[INFO DRT-0028]   Complete via4.
[INFO DRT-0028]   Complete met5.
[INFO DRT-0178] Init guide query.
[INFO DRT-0035]   Complete FR_MASTERSLICE (guide).
[INFO DRT-0035]   Complete Fr_VIA (guide).
[INFO DRT-0035]   Complete li1 (guide).
[INFO DRT-0035]   Complete mcon (guide).
[INFO DRT-0035]   Complete met1 (guide).
[INFO DRT-0035]   Complete via (guide).
[INFO DRT-0035]   Complete met2 (guide).
[INFO DRT-0035]   Complete via2 (guide).
[INFO DRT-0035]   Complete met3 (guide).
[INFO DRT-0035]   Complete via3 (guide).
[INFO DRT-0035]   Complete met4 (guide).
[INFO DRT-0035]   Complete via4 (guide).
[INFO DRT-0035]   Complete met5 (guide).
[INFO DRT-0036] FR_MASTERSLICE guide region query size = 0.
[INFO DRT-0036] FR_VIA guide region query size = 0.
[INFO DRT-0036] li1 guide region query size = 0.
[INFO DRT-0036] mcon guide region query size = 0.
[INFO DRT-0036] met1 guide region query size = 0.
[INFO DRT-0036] via guide region query size = 0.
[INFO DRT-0036] met2 guide region query size = 0.
[INFO DRT-0036] via2 guide region query size = 0.
[INFO DRT-0036] met3 guide region query size = 0.
[INFO DRT-0036] via3 guide region query size = 0.
[INFO DRT-0036] met4 guide region query size = 1017.
[INFO DRT-0036] via4 guide region query size = 0.
[INFO DRT-0036] met5 guide region query size = 415.
[INFO DRT-0179] Init gr pin query.
[INFO DRT-0267] cpu time = 00:00:00, elapsed time = 00:00:00, memory = 345.61 (MB), peak = 346.22 (MB)
[INFO DRT-0245] skipped writing guide updates to database.
[INFO DRT-0181] Start track assignment.
[INFO DRT-0184] Done with 1017 vertical wires in 2 frboxes and 415 horizontal wires in 2 frboxes.
[INFO DRT-0186] Done with 535 vertical wires in 2 frboxes and 2 horizontal wires in 2 frboxes.
[INFO DRT-0182] Complete track assignment.
[INFO DRT-0267] cpu time = 00:00:02, elapsed time = 00:00:02, memory = 432.66 (MB), peak = 432.54 (MB)
[INFO DRT-0187] Start routing data preparation.
[INFO DRT-0267] cpu time = 00:00:00, elapsed time = 00:00:00, memory = 433.25 (MB), peak = 433.04 (MB)
[INFO DRT-0194] Start detail routing.
[INFO DRT-0195] Start 0th optimization iteration.
    Completing 10% with 0 violations.
    elapsed time = 00:00:03, memory = 544.50 (MB).
    Completing 20% with 0 violations.
    elapsed time = 00:00:07, memory = 733.69 (MB).
    Completing 30% with 62 violations.
    elapsed time = 00:00:11, memory = 738.80 (MB).
    Completing 40% with 62 violations.
    elapsed time = 00:00:14, memory = 738.93 (MB).
    Completing 50% with 62 violations.
    elapsed time = 00:00:18, memory = 760.07 (MB).
    Completing 60% with 138 violations.
    elapsed time = 00:00:21, memory = 740.14 (MB).
    Completing 70% with 138 violations.
    elapsed time = 00:00:25, memory = 728.19 (MB).
    Completing 80% with 195 violations.
    elapsed time = 00:00:29, memory = 715.24 (MB).
    Completing 90% with 195 violations.
    elapsed time = 00:00:33, memory = 715.30 (MB).
    Completing 100% with 244 violations.
    elapsed time = 00:00:37, memory = 704.84 (MB).
[INFO DRT-0199]   Number of violations = 276.
Viol/Layer        met4
Metal Spacing       20
Recheck             32
Short              224
[INFO DRT-0267] cpu time = 00:00:36, elapsed time = 00:00:37, memory = 708.30 (MB), peak = 895.04 (MB)
Total wire length = 31247 um.
Total wire length on LAYER li1 = 0 um.
Total wire length on LAYER met1 = 0 um.
Total wire length on LAYER met2 = 0 um.
Total wire length on LAYER met3 = 0 um.
Total wire length on LAYER met4 = 30018 um.
Total wire length on LAYER met5 = 1228 um.
Total number of vias = 199.
Up-via summary (total 199):

----------------------
 FR_MASTERSLICE      0
            li1      0
           met1      0
           met2      0
           met3      0
           met4    199
----------------------
               199


[INFO DRT-0195] Start 1st optimization iteration.
    Completing 10% with 276 violations.
    elapsed time = 00:00:03, memory = 693.71 (MB).
    Completing 20% with 276 violations.
    elapsed time = 00:00:07, memory = 769.60 (MB).
    Completing 30% with 248 violations.
    elapsed time = 00:00:11, memory = 758.03 (MB).
    Completing 40% with 248 violations.
    elapsed time = 00:00:15, memory = 758.83 (MB).
    Completing 50% with 248 violations.
    elapsed time = 00:00:19, memory = 834.71 (MB).
    Completing 60% with 211 violations.
    elapsed time = 00:00:23, memory = 758.38 (MB).
    Completing 70% with 211 violations.
    elapsed time = 00:00:27, memory = 765.61 (MB).
    Completing 80% with 182 violations.
    elapsed time = 00:00:31, memory = 792.93 (MB).
    Completing 90% with 182 violations.
    elapsed time = 00:00:34, memory = 787.82 (MB).
    Completing 100% with 149 violations.
    elapsed time = 00:00:37, memory = 778.07 (MB).
[INFO DRT-0199]   Number of violations = 149.
Viol/Layer        met4
Metal Spacing        6
Short              143
[INFO DRT-0267] cpu time = 00:00:37, elapsed time = 00:00:37, memory = 801.99 (MB), peak = 895.04 (MB)
Total wire length = 31350 um.
Total wire length on LAYER li1 = 0 um.
Total wire length on LAYER met1 = 0 um.
Total wire length on LAYER met2 = 0 um.
Total wire length on LAYER met3 = 0 um.
Total wire length on LAYER met4 = 30290 um.
Total wire length on LAYER met5 = 1060 um.
Total number of vias = 176.
Up-via summary (total 176):

----------------------
 FR_MASTERSLICE      0
            li1      0
           met1      0
           met2      0
           met3      0
           met4    176
----------------------
               176


[INFO DRT-0195] Start 2nd optimization iteration.
    Completing 10% with 149 violations.
    elapsed time = 00:00:01, memory = 803.01 (MB).
    Completing 20% with 149 violations.
    elapsed time = 00:00:04, memory = 782.05 (MB).
    Completing 30% with 142 violations.
    elapsed time = 00:00:06, memory = 772.08 (MB).
    Completing 40% with 142 violations.
    elapsed time = 00:00:08, memory = 773.08 (MB).
    Completing 50% with 142 violations.
    elapsed time = 00:00:10, memory = 769.09 (MB).
    Completing 60% with 137 violations.
    elapsed time = 00:00:12, memory = 761.16 (MB).
    Completing 70% with 137 violations.
    elapsed time = 00:00:13, memory = 761.17 (MB).
    Completing 80% with 131 violations.
    elapsed time = 00:00:16, memory = 757.17 (MB).
    Completing 90% with 131 violations.
    elapsed time = 00:00:19, memory = 757.17 (MB).
    Completing 100% with 119 violations.
    elapsed time = 00:00:21, memory = 753.19 (MB).
[INFO DRT-0199]   Number of violations = 119.
Viol/Layer        met4
Metal Spacing        3
Short              116
[INFO DRT-0267] cpu time = 00:00:20, elapsed time = 00:00:21, memory = 750.19 (MB), peak = 895.04 (MB)
Total wire length = 31344 um.
Total wire length on LAYER li1 = 0 um.
Total wire length on LAYER met1 = 0 um.
Total wire length on LAYER met2 = 0 um.
Total wire length on LAYER met3 = 0 um.
Total wire length on LAYER met4 = 30269 um.
Total wire length on LAYER met5 = 1074 um.
Total number of vias = 175.
Up-via summary (total 175):

----------------------
 FR_MASTERSLICE      0
            li1      0
           met1      0
           met2      0
           met3      0
           met4    175
----------------------
               175


[INFO DRT-0195] Start 3rd optimization iteration.
    Completing 10% with 119 violations.
    elapsed time = 00:00:01, memory = 751.20 (MB).
    Completing 20% with 119 violations.
    elapsed time = 00:00:02, memory = 751.20 (MB).
    Completing 30% with 98 violations.
    elapsed time = 00:00:04, memory = 745.20 (MB).
    Completing 40% with 98 violations.
    elapsed time = 00:00:05, memory = 745.20 (MB).
    Completing 50% with 98 violations.
    elapsed time = 00:00:08, memory = 745.20 (MB).
    Completing 60% with 68 violations.
    elapsed time = 00:00:09, memory = 743.20 (MB).
    Completing 70% with 68 violations.
    elapsed time = 00:00:11, memory = 743.20 (MB).
    Completing 80% with 57 violations.
    elapsed time = 00:00:13, memory = 743.20 (MB).
    Completing 90% with 57 violations.
    elapsed time = 00:00:15, memory = 743.20 (MB).
    Completing 100% with 36 violations.
    elapsed time = 00:00:17, memory = 737.20 (MB).
[INFO DRT-0199]   Number of violations = 36.
Viol/Layer        met4
Metal Spacing        1
Short               35
[INFO DRT-0267] cpu time = 00:00:17, elapsed time = 00:00:18, memory = 736.20 (MB), peak = 895.04 (MB)
Total wire length = 31788 um.
Total wire length on LAYER li1 = 0 um.
Total wire length on LAYER met1 = 0 um.
Total wire length on LAYER met2 = 0 um.
Total wire length on LAYER met3 = 0 um.
Total wire length on LAYER met4 = 30542 um.
Total wire length on LAYER met5 = 1246 um.
Total number of vias = 225.
Up-via summary (total 225):

----------------------
 FR_MASTERSLICE      0
            li1      0
           met1      0
           met2      0
           met3      0
           met4    225
----------------------
               225


[INFO DRT-0195] Start 4th guides tiles iteration.
    Completing 10% with 36 violations.
    elapsed time = 00:00:00, memory = 736.20 (MB).
    Completing 20% with 36 violations.
    elapsed time = 00:00:00, memory = 736.89 (MB).
    Completing 30% with 36 violations.
    elapsed time = 00:00:01, memory = 736.89 (MB).
    Completing 40% with 36 violations.
    elapsed time = 00:00:01, memory = 737.66 (MB).
    Completing 50% with 36 violations.
    elapsed time = 00:00:01, memory = 737.75 (MB).
    Completing 60% with 36 violations.
    elapsed time = 00:00:02, memory = 737.75 (MB).
    Completing 70% with 10 violations.
    elapsed time = 00:00:02, memory = 729.75 (MB).
    Completing 80% with 10 violations.
    elapsed time = 00:00:02, memory = 729.75 (MB).
    Completing 90% with 10 violations.
    elapsed time = 00:00:03, memory = 729.95 (MB).
    Completing 100% with 8 violations.
    elapsed time = 00:00:03, memory = 729.95 (MB).
[INFO DRT-0199]   Number of violations = 8.
Viol/Layer        met4
Short                8
[INFO DRT-0267] cpu time = 00:00:03, elapsed time = 00:00:03, memory = 730.89 (MB), peak = 895.04 (MB)
Total wire length = 31743 um.
Total wire length on LAYER li1 = 0 um.
Total wire length on LAYER met1 = 0 um.
Total wire length on LAYER met2 = 0 um.
Total wire length on LAYER met3 = 0 um.
Total wire length on LAYER met4 = 30441 um.
Total wire length on LAYER met5 = 1302 um.
Total number of vias = 241.
Up-via summary (total 241):

----------------------
 FR_MASTERSLICE      0
            li1      0
           met1      0
           met2      0
           met3      0
           met4    241
----------------------
               241


[INFO DRT-0195] Start 5th guides tiles iteration.
    Completing 10% with 8 violations.
    elapsed time = 00:00:00, memory = 730.89 (MB).
    Completing 20% with 8 violations.
    elapsed time = 00:00:00, memory = 730.89 (MB).
    Completing 30% with 8 violations.
    elapsed time = 00:00:00, memory = 730.89 (MB).
    Completing 50% with 8 violations.
    elapsed time = 00:00:00, memory = 731.05 (MB).
    Completing 60% with 8 violations.
    elapsed time = 00:00:00, memory = 731.05 (MB).
    Completing 70% with 3 violations.
    elapsed time = 00:00:00, memory = 731.05 (MB).
    Completing 80% with 3 violations.
    elapsed time = 00:00:00, memory = 731.05 (MB).
    Completing 100% with 3 violations.
    elapsed time = 00:00:00, memory = 731.05 (MB).
[INFO DRT-0199]   Number of violations = 3.
Viol/Layer        met4
Short                3
[INFO DRT-0267] cpu time = 00:00:00, elapsed time = 00:00:00, memory = 752.05 (MB), peak = 895.04 (MB)
Total wire length = 31748 um.
Total wire length on LAYER li1 = 0 um.
Total wire length on LAYER met1 = 0 um.
Total wire length on LAYER met2 = 0 um.
Total wire length on LAYER met3 = 0 um.
Total wire length on LAYER met4 = 30419 um.
Total wire length on LAYER met5 = 1328 um.
Total number of vias = 247.
Up-via summary (total 247):

----------------------
 FR_MASTERSLICE      0
            li1      0
           met1      0
           met2      0
           met3      0
           met4    247
----------------------
               247


[INFO DRT-0195] Start 6th guides tiles iteration.
    Completing 30% with 3 violations.
    elapsed time = 00:00:00, memory = 752.05 (MB).
    Completing 60% with 3 violations.
    elapsed time = 00:00:00, memory = 752.05 (MB).
    Completing 100% with 3 violations.
    elapsed time = 00:00:00, memory = 752.05 (MB).
[INFO DRT-0199]   Number of violations = 3.
Viol/Layer        met4
Short                3
[INFO DRT-0267] cpu time = 00:00:00, elapsed time = 00:00:00, memory = 752.05 (MB), peak = 895.04 (MB)
Total wire length = 31743 um.
Total wire length on LAYER li1 = 0 um.
Total wire length on LAYER met1 = 0 um.
Total wire length on LAYER met2 = 0 um.
Total wire length on LAYER met3 = 0 um.
Total wire length on LAYER met4 = 30414 um.
Total wire length on LAYER met5 = 1328 um.
Total number of vias = 247.
Up-via summary (total 247):

----------------------
 FR_MASTERSLICE      0
            li1      0
           met1      0
           met2      0
           met3      0
           met4    247
----------------------
               247


[INFO DRT-0195] Start 7th stubborn tiles iteration.
    Completing 10% with 3 violations.
    elapsed time = 00:00:04, memory = 738.45 (MB).
    Completing 20% with 3 violations.
    elapsed time = 00:00:08, memory = 751.75 (MB).
    Completing 30% with 3 violations.
    elapsed time = 00:00:11, memory = 905.69 (MB).
    Completing 40% with 3 violations.
    elapsed time = 00:00:14, memory = 1091.73 (MB).
    Completing 50% with 3 violations.
    elapsed time = 00:00:19, memory = 1318.47 (MB).
    Completing 60% with 3 violations.
    elapsed time = 00:00:23, memory = 1508.95 (MB).
    Completing 70% with 3 violations.
    elapsed time = 00:00:27, memory = 1721.07 (MB).
    Completing 80% with 3 violations.
    elapsed time = 00:00:32, memory = 1941.63 (MB).
    Completing 90% with 3 violations.
    elapsed time = 00:00:36, memory = 2156.34 (MB).
    Completing 100% with 0 violations.
    elapsed time = 00:00:41, memory = 1289.96 (MB).
[INFO DRT-0199]   Number of violations = 0.
[INFO DRT-0267] cpu time = 00:00:41, elapsed time = 00:00:41, memory = 1304.20 (MB), peak = 2357.54 (MB)
Total wire length = 31775 um.
Total wire length on LAYER li1 = 0 um.
Total wire length on LAYER met1 = 0 um.
Total wire length on LAYER met2 = 0 um.
Total wire length on LAYER met3 = 0 um.
Total wire length on LAYER met4 = 30419 um.
Total wire length on LAYER met5 = 1356 um.
Total number of vias = 253.
Up-via summary (total 253):

----------------------
 FR_MASTERSLICE      0
            li1      0
           met1      0
           met2      0
           met3      0
           met4    253
----------------------
               253


[INFO DRT-0198] Complete detail routing.
Total wire length = 31775 um.
Total wire length on LAYER li1 = 0 um.
Total wire length on LAYER met1 = 0 um.
Total wire length on LAYER met2 = 0 um.
Total wire length on LAYER met3 = 0 um.
Total wire length on LAYER met4 = 30419 um.
Total wire length on LAYER met5 = 1356 um.
Total number of vias = 253.
Up-via summary (total 253):

----------------------
 FR_MASTERSLICE      0
            li1      0
           met1      0
           met2      0
           met3      0
           met4    253
----------------------
               253


[INFO DRT-0267] cpu time = 00:02:38, elapsed time = 00:02:41, memory = 1304.32 (MB), peak = 2357.54 (MB)

[INFO DRT-0180] Post processing.
[INFO DRT-0501] Runtime: 165.12s
G2_RESULT drc=0
[INFO ANT-0002] Found 0 net violations.
[INFO ANT-0001] Found 0 pin violations.
