OpenROAD unknown 
Features included (+) or not (-): -GPU +GUI -Python
This program is licensed under the BSD-3 license. See the LICENSE file for details.
Components of this program may be licensed under more restrictive licenses which must be honored.
[INFO ORD-0030] Using 2 thread(s).
G2: removed 12584 base nets (all base wiring is at or below met3)
G2: programmable nets 858, pins 2259
[WARNING GRT-0300] Timing is not available, setting critical nets percentage to 0.
[INFO GRT-0020] Min routing layer: met4
[INFO GRT-0021] Max routing layer: met5
[INFO GRT-0022] Global adjustment: 0%
[INFO GRT-0023] Grid origin: (0, 0)
[INFO GRT-0088] Layer li1     Track-Pitch = 0.4600  line-2-Via Pitch: 0.3400
[INFO GRT-0088] Layer met1    Track-Pitch = 0.3400  line-2-Via Pitch: 0.3400
[INFO GRT-0088] Layer met2    Track-Pitch = 0.4600  line-2-Via Pitch: 0.3500
[INFO GRT-0088] Layer met3    Track-Pitch = 0.6800  line-2-Via Pitch: 0.6150
[INFO GRT-0088] Layer met4    Track-Pitch = 0.9200  line-2-Via Pitch: 1.0400
[INFO GRT-0088] Layer met5    Track-Pitch = 3.4000  line-2-Via Pitch: 3.1100
[INFO GRT-0003] Macros: 0
[INFO GRT-0004] Blockages: 0
[INFO GRT-0019] Found 0 clock nets.
[INFO GRT-0001] Minimum degree: 2
[INFO GRT-0002] Maximum degree: 12

[INFO GRT-0053] Routing resources analysis:
          Routing      Original      Derated      Resource
Layer     Direction    Resources     Resources    Reduction (%)
---------------------------------------------------------------
li1        Vertical            0             0          0.00%
met1       Horizontal          0             0          0.00%
met2       Vertical            0             0          0.00%
met3       Horizontal          0             0          0.00%
met4       Vertical        46290         46290          0.00%
met5       Horizontal      13858         13858          0.00%
---------------------------------------------------------------

[INFO GRT-0101] Running extra iterations to remove congestion.
[INFO GRT-0102] Start extra iteration 1/30
[INFO GRT-0197] Via related to pin nodes: 905
[INFO GRT-0198] Via related Steiner nodes: 71
[INFO GRT-0199] Via filling finished.
[INFO GRT-0111] Final number of vias: 1942
[INFO GRT-0112] Final usage 3D: 14483

[INFO GRT-0096] Final congestion report:
Layer         Resource        Demand        Usage (%)    Max H / Max V / Total Congestion
---------------------------------------------------------------------------------------
li1                  0             0            0.00%             0 /  0 /  0
met1                 0             0            0.00%             0 /  0 /  0
met2                 0             0            0.00%             0 /  0 /  0
met3                 0             0            0.00%             0 /  0 /  0
met4             46290          7633           16.49%             0 /  0 /  0
met5             13858          1024            7.39%             0 /  0 /  0
---------------------------------------------------------------------------------------
Total            60148          8657           14.39%             0 /  0 /  0

[INFO GRT-0018] Total wirelength: 76472 um
[INFO GRT-0014] Routed nets: 858
[INFO GRT-0303] Global routing runtime = 00:00:00
[INFO DRT-0149] Reading tech and libs.
[WARNING DRT-0349] LEF58_ENCLOSURE with no CUTCLASS is not supported. Skipping for layer mcon
[WARNING DRT-0349] LEF58_ENCLOSURE with no CUTCLASS is not supported. Skipping for layer mcon
[WARNING DRT-0349] LEF58_ENCLOSURE with no CUTCLASS is not supported. Skipping for layer via
[WARNING DRT-0349] LEF58_ENCLOSURE with no CUTCLASS is not supported. Skipping for layer via
[WARNING DRT-0349] LEF58_ENCLOSURE with no CUTCLASS is not supported. Skipping for layer via2
[WARNING DRT-0349] LEF58_ENCLOSURE with no CUTCLASS is not supported. Skipping for layer via2
[WARNING DRT-0349] LEF58_ENCLOSURE with no CUTCLASS is not supported. Skipping for layer via3
[WARNING DRT-0349] LEF58_ENCLOSURE with no CUTCLASS is not supported. Skipping for layer via3
[WARNING DRT-0349] LEF58_ENCLOSURE with no CUTCLASS is not supported. Skipping for layer via4
[WARNING DRT-0349] LEF58_ENCLOSURE with no CUTCLASS is not supported. Skipping for layer via4

Units:                1000
Number of layers:     13
Number of macros:     446
Number of vias:       25
Number of viarulegen: 25

[INFO DRT-0150] Reading design.

Design:                   top
Die area:                 ( 0 0 ) ( 574875 574875 )
Number of track patterns: 12
Number of DEF vias:       0
Number of components:     44865
Number of terminals:      0
Number of snets:          2
Number of nets:           858

[INFO DRT-0167] List of default vias:
  Layer via4
    default via: M4M5_PR
[INFO DRT-0162] Library cell analysis.
[INFO DRT-0163] Instance analysis.
[INFO DRT-0164] Number of unique instances = 88.
[INFO DRT-0168] Init region query.
[INFO DRT-0024]   Complete FR_MASTERSLICE.
[INFO DRT-0024]   Complete Fr_VIA.
[INFO DRT-0024]   Complete li1.
[INFO DRT-0024]   Complete mcon.
[INFO DRT-0024]   Complete met1.
[INFO DRT-0024]   Complete via.
[INFO DRT-0024]   Complete met2.
[INFO DRT-0024]   Complete via2.
[INFO DRT-0024]   Complete met3.
[INFO DRT-0024]   Complete via3.
[INFO DRT-0024]   Complete met4.
[INFO DRT-0024]   Complete via4.
[INFO DRT-0024]   Complete met5.
[INFO DRT-0033] FR_MASTERSLICE shape region query size = 0.
[INFO DRT-0033] FR_VIA shape region query size = 0.
[INFO DRT-0033] li1 shape region query size = 595553.
[INFO DRT-0033] mcon shape region query size = 535268.
[INFO DRT-0033] met1 shape region query size = 143742.
[INFO DRT-0033] via shape region query size = 0.
[INFO DRT-0033] met2 shape region query size = 3600.
[INFO DRT-0033] via2 shape region query size = 0.
[INFO DRT-0033] met3 shape region query size = 3600.
[INFO DRT-0033] via3 shape region query size = 0.
[INFO DRT-0033] met4 shape region query size = 3600.
[INFO DRT-0033] via4 shape region query size = 0.
[INFO DRT-0033] met5 shape region query size = 0.
[INFO DRT-0165] Start pin access.
[INFO DRT-0078]   Complete 484 pins.
[INFO DRT-0081]   Complete 88 unique inst patterns.
[INFO DRT-0084]   Complete 3548 groups.
#scanned instances     = 44865
#unique  instances     = 88
#stdCellGenAp          = 44
#stdCellValidPlanarAp  = 44
#stdCellValidViaAp     = 0
#stdCellPinNoAp        = 0
#stdCellPinCnt         = 2259
#instTermValidViaApCnt = 0
#macroGenAp            = 0
#macroValidPlanarAp    = 0
#macroValidViaAp       = 0
#macroNoAp             = 0
[INFO DRT-0166] Complete pin access.
[INFO DRT-0267] cpu time = 00:00:00, elapsed time = 00:00:00, memory = 365.04 (MB), peak = 364.81 (MB)

[INFO DRT-0157] Number of guides:     4026

[INFO DRT-0169] Post process guides.
[INFO DRT-0176] GCELLGRID X 0 DO 83 STEP 6900 ;
[INFO DRT-0177] GCELLGRID Y 0 DO 83 STEP 6900 ;
[INFO DRT-0028]   Complete FR_MASTERSLICE.
[INFO DRT-0028]   Complete Fr_VIA.
[INFO DRT-0028]   Complete li1.
[INFO DRT-0028]   Complete mcon.
[INFO DRT-0028]   Complete met1.
[INFO DRT-0028]   Complete via.
[INFO DRT-0028]   Complete met2.
[INFO DRT-0028]   Complete via2.
[INFO DRT-0028]   Complete met3.
[INFO DRT-0028]   Complete via3.
[INFO DRT-0028]   Complete met4.
[INFO DRT-0028]   Complete via4.
[INFO DRT-0028]   Complete met5.
[INFO DRT-0178] Init guide query.
[INFO DRT-0035]   Complete FR_MASTERSLICE (guide).
[INFO DRT-0035]   Complete Fr_VIA (guide).
[INFO DRT-0035]   Complete li1 (guide).
[INFO DRT-0035]   Complete mcon (guide).
[INFO DRT-0035]   Complete met1 (guide).
[INFO DRT-0035]   Complete via (guide).
[INFO DRT-0035]   Complete met2 (guide).
[INFO DRT-0035]   Complete via2 (guide).
[INFO DRT-0035]   Complete met3 (guide).
[INFO DRT-0035]   Complete via3 (guide).
[INFO DRT-0035]   Complete met4 (guide).
[INFO DRT-0035]   Complete via4 (guide).
[INFO DRT-0035]   Complete met5 (guide).
[INFO DRT-0036] FR_MASTERSLICE guide region query size = 0.
[INFO DRT-0036] FR_VIA guide region query size = 0.
[INFO DRT-0036] li1 guide region query size = 0.
[INFO DRT-0036] mcon guide region query size = 0.
[INFO DRT-0036] met1 guide region query size = 0.
[INFO DRT-0036] via guide region query size = 0.
[INFO DRT-0036] met2 guide region query size = 0.
[INFO DRT-0036] via2 guide region query size = 0.
[INFO DRT-0036] met3 guide region query size = 0.
[INFO DRT-0036] via3 guide region query size = 0.
[INFO DRT-0036] met4 guide region query size = 2094.
[INFO DRT-0036] via4 guide region query size = 0.
[INFO DRT-0036] met5 guide region query size = 767.
[INFO DRT-0179] Init gr pin query.
[INFO DRT-0267] cpu time = 00:00:00, elapsed time = 00:00:00, memory = 365.30 (MB), peak = 364.94 (MB)
[INFO DRT-0245] skipped writing guide updates to database.
[INFO DRT-0181] Start track assignment.
[INFO DRT-0184] Done with 2094 vertical wires in 2 frboxes and 767 horizontal wires in 2 frboxes.
[INFO DRT-0186] Done with 1207 vertical wires in 2 frboxes and 9 horizontal wires in 2 frboxes.
[INFO DRT-0182] Complete track assignment.
[INFO DRT-0267] cpu time = 00:00:02, elapsed time = 00:00:02, memory = 458.66 (MB), peak = 458.32 (MB)
[INFO DRT-0187] Start routing data preparation.
[INFO DRT-0267] cpu time = 00:00:00, elapsed time = 00:00:00, memory = 458.72 (MB), peak = 458.32 (MB)
[INFO DRT-0194] Start detail routing.
[INFO DRT-0195] Start 0th optimization iteration.
    Completing 10% with 0 violations.
    elapsed time = 00:00:03, memory = 584.98 (MB).
    Completing 20% with 0 violations.
    elapsed time = 00:00:06, memory = 789.64 (MB).
    Completing 30% with 271 violations.
    elapsed time = 00:00:09, memory = 788.78 (MB).
    Completing 40% with 271 violations.
    elapsed time = 00:00:12, memory = 729.57 (MB).
    Completing 50% with 271 violations.
    elapsed time = 00:00:15, memory = 882.05 (MB).
    Completing 60% with 554 violations.
    elapsed time = 00:00:19, memory = 754.94 (MB).
    Completing 70% with 554 violations.
    elapsed time = 00:00:22, memory = 808.60 (MB).
    Completing 80% with 909 violations.
    elapsed time = 00:00:25, memory = 765.58 (MB).
    Completing 90% with 909 violations.
    elapsed time = 00:00:28, memory = 765.59 (MB).
    Completing 100% with 1258 violations.
    elapsed time = 00:00:31, memory = 780.27 (MB).
[INFO DRT-0199]   Number of violations = 1361.
Viol/Layer        met4   via4   met5
Metal Spacing      113      0      0
Recheck             99      0      4
Short             1143      2      0
[INFO DRT-0267] cpu time = 00:00:40, elapsed time = 00:00:31, memory = 798.51 (MB), peak = 889.13 (MB)
Total wire length = 62503 um.
Total wire length on LAYER li1 = 0 um.
Total wire length on LAYER met1 = 0 um.
Total wire length on LAYER met2 = 0 um.
Total wire length on LAYER met3 = 0 um.
Total wire length on LAYER met4 = 59437 um.
Total wire length on LAYER met5 = 3065 um.
Total number of vias = 553.
Up-via summary (total 553):

----------------------
 FR_MASTERSLICE      0
            li1      0
           met1      0
           met2      0
           met3      0
           met4    553
----------------------
               553


[INFO DRT-0195] Start 1st optimization iteration.
    Completing 10% with 1361 violations.
    elapsed time = 00:00:03, memory = 801.89 (MB).
    Completing 20% with 1361 violations.
    elapsed time = 00:00:06, memory = 789.27 (MB).
    Completing 30% with 1308 violations.
    elapsed time = 00:00:08, memory = 828.88 (MB).
    Completing 40% with 1308 violations.
    elapsed time = 00:00:12, memory = 821.02 (MB).
    Completing 50% with 1308 violations.
    elapsed time = 00:00:15, memory = 841.08 (MB).
    Completing 60% with 1232 violations.
    elapsed time = 00:00:19, memory = 847.80 (MB).
    Completing 70% with 1232 violations.
    elapsed time = 00:00:21, memory = 846.92 (MB).
    Completing 80% with 1111 violations.
    elapsed time = 00:00:25, memory = 881.82 (MB).
    Completing 90% with 1111 violations.
    elapsed time = 00:00:29, memory = 882.04 (MB).
    Completing 100% with 956 violations.
    elapsed time = 00:00:32, memory = 888.05 (MB).
[INFO DRT-0199]   Number of violations = 956.
Viol/Layer        met4
Metal Spacing       56
Short              900
[INFO DRT-0267] cpu time = 00:00:42, elapsed time = 00:00:33, memory = 887.88 (MB), peak = 918.57 (MB)
Total wire length = 62754 um.
Total wire length on LAYER li1 = 0 um.
Total wire length on LAYER met1 = 0 um.
Total wire length on LAYER met2 = 0 um.
Total wire length on LAYER met3 = 0 um.
Total wire length on LAYER met4 = 60609 um.
Total wire length on LAYER met5 = 2144 um.
Total number of vias = 332.
Up-via summary (total 332):

----------------------
 FR_MASTERSLICE      0
            li1      0
           met1      0
           met2      0
           met3      0
           met4    332
----------------------
               332


[INFO DRT-0195] Start 2nd optimization iteration.
    Completing 10% with 956 violations.
    elapsed time = 00:00:01, memory = 890.05 (MB).
    Completing 20% with 956 violations.
    elapsed time = 00:00:04, memory = 869.05 (MB).
    Completing 30% with 926 violations.
    elapsed time = 00:00:06, memory = 836.35 (MB).
    Completing 40% with 926 violations.
    elapsed time = 00:00:08, memory = 837.83 (MB).
    Completing 50% with 926 violations.
    elapsed time = 00:00:11, memory = 836.35 (MB).
    Completing 60% with 881 violations.
    elapsed time = 00:00:14, memory = 847.77 (MB).
    Completing 70% with 881 violations.
    elapsed time = 00:00:16, memory = 847.77 (MB).
    Completing 80% with 847 violations.
    elapsed time = 00:00:19, memory = 852.17 (MB).
    Completing 90% with 847 violations.
    elapsed time = 00:00:23, memory = 853.30 (MB).
    Completing 100% with 796 violations.
    elapsed time = 00:00:27, memory = 867.23 (MB).
[INFO DRT-0199]   Number of violations = 796.
Viol/Layer        met4
Metal Spacing       52
Short              744
[INFO DRT-0267] cpu time = 00:00:37, elapsed time = 00:00:27, memory = 884.83 (MB), peak = 918.57 (MB)
Total wire length = 62509 um.
Total wire length on LAYER li1 = 0 um.
Total wire length on LAYER met1 = 0 um.
Total wire length on LAYER met2 = 0 um.
Total wire length on LAYER met3 = 0 um.
Total wire length on LAYER met4 = 60456 um.
Total wire length on LAYER met5 = 2052 um.
Total number of vias = 322.
Up-via summary (total 322):

----------------------
 FR_MASTERSLICE      0
            li1      0
           met1      0
           met2      0
           met3      0
           met4    322
----------------------
               322


[INFO DRT-0195] Start 3rd optimization iteration.
    Completing 10% with 796 violations.
    elapsed time = 00:00:03, memory = 886.78 (MB).
    Completing 20% with 796 violations.
    elapsed time = 00:00:06, memory = 871.95 (MB).
    Completing 30% with 729 violations.
    elapsed time = 00:00:11, memory = 863.36 (MB).
    Completing 40% with 729 violations.
    elapsed time = 00:00:14, memory = 868.64 (MB).
    Completing 50% with 729 violations.
    elapsed time = 00:00:18, memory = 880.36 (MB).
    Completing 60% with 648 violations.
    elapsed time = 00:00:22, memory = 879.24 (MB).
    Completing 70% with 648 violations.
    elapsed time = 00:00:25, memory = 877.36 (MB).
    Completing 80% with 556 violations.
    elapsed time = 00:00:29, memory = 849.36 (MB).
    Completing 90% with 556 violations.
    elapsed time = 00:00:32, memory = 849.36 (MB).
    Completing 100% with 432 violations.
    elapsed time = 00:00:35, memory = 850.26 (MB).
[INFO DRT-0199]   Number of violations = 432.
Viol/Layer        met4
Metal Spacing       49
Short              383
[INFO DRT-0267] cpu time = 00:00:47, elapsed time = 00:00:35, memory = 844.36 (MB), peak = 918.57 (MB)
Total wire length = 64557 um.
Total wire length on LAYER li1 = 0 um.
Total wire length on LAYER met1 = 0 um.
Total wire length on LAYER met2 = 0 um.
Total wire length on LAYER met3 = 0 um.
Total wire length on LAYER met4 = 61020 um.
Total wire length on LAYER met5 = 3537 um.
Total number of vias = 640.
Up-via summary (total 640):

----------------------
 FR_MASTERSLICE      0
            li1      0
           met1      0
           met2      0
           met3      0
           met4    640
----------------------
               640


[INFO DRT-0195] Start 4th optimization iteration.
    Completing 10% with 432 violations.
    elapsed time = 00:00:02, memory = 848.18 (MB).
    Completing 20% with 432 violations.
    elapsed time = 00:00:04, memory = 851.15 (MB).
    Completing 30% with 387 violations.
    elapsed time = 00:00:07, memory = 842.53 (MB).
    Completing 40% with 387 violations.
    elapsed time = 00:00:10, memory = 842.53 (MB).
    Completing 50% with 387 violations.
    elapsed time = 00:00:13, memory = 842.53 (MB).
    Completing 60% with 296 violations.
    elapsed time = 00:00:15, memory = 838.53 (MB).
    Completing 70% with 296 violations.
    elapsed time = 00:00:17, memory = 838.53 (MB).
    Completing 80% with 247 violations.
    elapsed time = 00:00:20, memory = 838.53 (MB).
    Completing 90% with 247 violations.
    elapsed time = 00:00:22, memory = 838.53 (MB).
    Completing 100% with 204 violations.
    elapsed time = 00:00:24, memory = 836.53 (MB).
[INFO DRT-0199]   Number of violations = 208.
Viol/Layer        met4
Metal Spacing       16
Recheck              4
Short              188
[INFO DRT-0267] cpu time = 00:00:33, elapsed time = 00:00:24, memory = 835.36 (MB), peak = 918.57 (MB)
Total wire length = 65186 um.
Total wire length on LAYER li1 = 0 um.
Total wire length on LAYER met1 = 0 um.
Total wire length on LAYER met2 = 0 um.
Total wire length on LAYER met3 = 0 um.
Total wire length on LAYER met4 = 61098 um.
Total wire length on LAYER met5 = 4088 um.
Total number of vias = 752.
Up-via summary (total 752):

----------------------
 FR_MASTERSLICE      0
            li1      0
           met1      0
           met2      0
           met3      0
           met4    752
----------------------
               752


[INFO DRT-0195] Start 5th optimization iteration.
    Completing 10% with 208 violations.
    elapsed time = 00:00:01, memory = 839.32 (MB).
    Completing 20% with 208 violations.
    elapsed time = 00:00:03, memory = 839.32 (MB).
    Completing 30% with 177 violations.
    elapsed time = 00:00:04, memory = 829.41 (MB).
    Completing 40% with 177 violations.
    elapsed time = 00:00:06, memory = 829.41 (MB).
    Completing 50% with 177 violations.
    elapsed time = 00:00:08, memory = 829.41 (MB).
    Completing 60% with 163 violations.
    elapsed time = 00:00:09, memory = 829.41 (MB).
    Completing 70% with 163 violations.
    elapsed time = 00:00:10, memory = 829.41 (MB).
    Completing 80% with 141 violations.
    elapsed time = 00:00:12, memory = 827.79 (MB).
    Completing 90% with 141 violations.
    elapsed time = 00:00:14, memory = 827.79 (MB).
    Completing 100% with 129 violations.
    elapsed time = 00:00:16, memory = 823.79 (MB).
[INFO DRT-0199]   Number of violations = 129.
Viol/Layer        met4
Metal Spacing        2
Short              127
[INFO DRT-0267] cpu time = 00:00:23, elapsed time = 00:00:16, memory = 822.36 (MB), peak = 918.57 (MB)
Total wire length = 65260 um.
Total wire length on LAYER li1 = 0 um.
Total wire length on LAYER met1 = 0 um.
Total wire length on LAYER met2 = 0 um.
Total wire length on LAYER met3 = 0 um.
Total wire length on LAYER met4 = 61048 um.
Total wire length on LAYER met5 = 4212 um.
Total number of vias = 787.
Up-via summary (total 787):

----------------------
 FR_MASTERSLICE      0
            li1      0
           met1      0
           met2      0
           met3      0
           met4    787
----------------------
               787


[INFO DRT-0195] Start 6th optimization iteration.
    Completing 10% with 129 violations.
    elapsed time = 00:00:01, memory = 827.20 (MB).
    Completing 20% with 129 violations.
    elapsed time = 00:00:02, memory = 827.69 (MB).
    Completing 30% with 110 violations.
    elapsed time = 00:00:03, memory = 823.69 (MB).
    Completing 40% with 110 violations.
    elapsed time = 00:00:05, memory = 823.69 (MB).
    Completing 50% with 110 violations.
    elapsed time = 00:00:07, memory = 823.69 (MB).
    Completing 60% with 100 violations.
    elapsed time = 00:00:09, memory = 823.69 (MB).
    Completing 70% with 100 violations.
    elapsed time = 00:00:10, memory = 823.69 (MB).
    Completing 80% with 90 violations.
    elapsed time = 00:00:10, memory = 823.69 (MB).
    Completing 90% with 90 violations.
    elapsed time = 00:00:13, memory = 823.69 (MB).
    Completing 100% with 82 violations.
    elapsed time = 00:00:14, memory = 823.69 (MB).
[INFO DRT-0199]   Number of violations = 88.
Viol/Layer        met4
Metal Spacing        6
Recheck              6
Short               76
[INFO DRT-0267] cpu time = 00:00:18, elapsed time = 00:00:14, memory = 823.36 (MB), peak = 918.57 (MB)
Total wire length = 65501 um.
Total wire length on LAYER li1 = 0 um.
Total wire length on LAYER met1 = 0 um.
Total wire length on LAYER met2 = 0 um.
Total wire length on LAYER met3 = 0 um.
Total wire length on LAYER met4 = 61057 um.
Total wire length on LAYER met5 = 4443 um.
Total number of vias = 826.
Up-via summary (total 826):

----------------------
 FR_MASTERSLICE      0
            li1      0
           met1      0
           met2      0
           met3      0
           met4    826
----------------------
               826


[INFO DRT-0195] Start 7th guides tiles iteration.
    Completing 10% with 88 violations.
    elapsed time = 00:00:00, memory = 824.65 (MB).
    Completing 20% with 88 violations.
    elapsed time = 00:00:01, memory = 823.66 (MB).
    Completing 30% with 88 violations.
    elapsed time = 00:00:02, memory = 833.01 (MB).
    Completing 40% with 88 violations.
    elapsed time = 00:00:03, memory = 823.62 (MB).
    Completing 50% with 88 violations.
    elapsed time = 00:00:03, memory = 824.81 (MB).
    Completing 60% with 57 violations.
    elapsed time = 00:00:04, memory = 824.81 (MB).
    Completing 70% with 57 violations.
    elapsed time = 00:00:05, memory = 825.15 (MB).
    Completing 80% with 57 violations.
    elapsed time = 00:00:05, memory = 825.15 (MB).
    Completing 90% with 44 violations.
    elapsed time = 00:00:05, memory = 825.15 (MB).
    Completing 100% with 40 violations.
    elapsed time = 00:00:06, memory = 825.15 (MB).
[INFO DRT-0199]   Number of violations = 40.
Viol/Layer        met4
Metal Spacing        2
Recheck              3
Short               35
[INFO DRT-0267] cpu time = 00:00:08, elapsed time = 00:00:06, memory = 825.78 (MB), peak = 918.57 (MB)
Total wire length = 65714 um.
Total wire length on LAYER li1 = 0 um.
Total wire length on LAYER met1 = 0 um.
Total wire length on LAYER met2 = 0 um.
Total wire length on LAYER met3 = 0 um.
Total wire length on LAYER met4 = 60924 um.
Total wire length on LAYER met5 = 4789 um.
Total number of vias = 882.
Up-via summary (total 882):

----------------------
 FR_MASTERSLICE      0
            li1      0
           met1      0
           met2      0
           met3      0
           met4    882
----------------------
               882


[INFO DRT-0195] Start 8th guides tiles iteration.
    Completing 10% with 40 violations.
    elapsed time = 00:00:00, memory = 825.78 (MB).
    Completing 20% with 40 violations.
    elapsed time = 00:00:00, memory = 825.78 (MB).
    Completing 30% with 40 violations.
    elapsed time = 00:00:01, memory = 826.25 (MB).
    Completing 40% with 40 violations.
    elapsed time = 00:00:02, memory = 826.25 (MB).
    Completing 50% with 40 violations.
    elapsed time = 00:00:03, memory = 826.25 (MB).
    Completing 60% with 40 violations.
    elapsed time = 00:00:03, memory = 826.25 (MB).
    Completing 70% with 40 violations.
    elapsed time = 00:00:03, memory = 826.25 (MB).
    Completing 80% with 40 violations.
    elapsed time = 00:00:04, memory = 826.25 (MB).
    Completing 90% with 36 violations.
    elapsed time = 00:00:04, memory = 826.25 (MB).
    Completing 100% with 28 violations.
    elapsed time = 00:00:04, memory = 826.25 (MB).
[INFO DRT-0199]   Number of violations = 28.
Viol/Layer        met4
Metal Spacing        1
Recheck              3
Short               24
[INFO DRT-0267] cpu time = 00:00:04, elapsed time = 00:00:04, memory = 824.25 (MB), peak = 918.57 (MB)
Total wire length = 65762 um.
Total wire length on LAYER li1 = 0 um.
Total wire length on LAYER met1 = 0 um.
Total wire length on LAYER met2 = 0 um.
Total wire length on LAYER met3 = 0 um.
Total wire length on LAYER met4 = 60877 um.
Total wire length on LAYER met5 = 4885 um.
Total number of vias = 892.
Up-via summary (total 892):

----------------------
 FR_MASTERSLICE      0
            li1      0
           met1      0
           met2      0
           met3      0
           met4    892
----------------------
               892


[INFO DRT-0195] Start 9th guides tiles iteration.
    Completing 10% with 28 violations.
    elapsed time = 00:00:00, memory = 828.64 (MB).
    Completing 20% with 28 violations.
    elapsed time = 00:00:01, memory = 828.64 (MB).
    Completing 30% with 28 violations.
    elapsed time = 00:00:01, memory = 826.64 (MB).
    Completing 40% with 28 violations.
    elapsed time = 00:00:02, memory = 830.57 (MB).
    Completing 50% with 28 violations.
    elapsed time = 00:00:02, memory = 831.02 (MB).
    Completing 60% with 28 violations.
    elapsed time = 00:00:02, memory = 825.41 (MB).
    Completing 70% with 28 violations.
    elapsed time = 00:00:02, memory = 825.41 (MB).
    Completing 80% with 28 violations.
    elapsed time = 00:00:02, memory = 825.41 (MB).
    Completing 90% with 28 violations.
    elapsed time = 00:00:03, memory = 824.41 (MB).
    Completing 100% with 27 violations.
    elapsed time = 00:00:03, memory = 824.41 (MB).
[INFO DRT-0199]   Number of violations = 27.
Viol/Layer        met4
Metal Spacing        1
Recheck              3
Short               23
[INFO DRT-0267] cpu time = 00:00:03, elapsed time = 00:00:03, memory = 823.36 (MB), peak = 918.57 (MB)
Total wire length = 65747 um.
Total wire length on LAYER li1 = 0 um.
Total wire length on LAYER met1 = 0 um.
Total wire length on LAYER met2 = 0 um.
Total wire length on LAYER met3 = 0 um.
Total wire length on LAYER met4 = 60862 um.
Total wire length on LAYER met5 = 4884 um.
Total number of vias = 891.
Up-via summary (total 891):

----------------------
 FR_MASTERSLICE      0
            li1      0
           met1      0
           met2      0
           met3      0
           met4    891
----------------------
               891


[INFO DRT-0195] Start 10th guides tiles iteration.
    Completing 10% with 27 violations.
    elapsed time = 00:00:00, memory = 823.62 (MB).
    Completing 20% with 27 violations.
    elapsed time = 00:00:00, memory = 828.01 (MB).
    Completing 30% with 27 violations.
    elapsed time = 00:00:01, memory = 830.94 (MB).
    Completing 40% with 27 violations.
    elapsed time = 00:00:01, memory = 830.94 (MB).
    Completing 50% with 27 violations.
    elapsed time = 00:00:01, memory = 831.12 (MB).
    Completing 60% with 27 violations.
    elapsed time = 00:00:01, memory = 831.41 (MB).
    Completing 70% with 27 violations.
    elapsed time = 00:00:02, memory = 827.68 (MB).
    Completing 80% with 27 violations.
    elapsed time = 00:00:02, memory = 827.68 (MB).
    Completing 90% with 27 violations.
    elapsed time = 00:00:02, memory = 824.68 (MB).
    Completing 100% with 9 violations.
    elapsed time = 00:00:02, memory = 822.68 (MB).
[INFO DRT-0199]   Number of violations = 9.
Viol/Layer        met4
Metal Spacing        1
Short                8
[INFO DRT-0267] cpu time = 00:00:03, elapsed time = 00:00:02, memory = 822.36 (MB), peak = 918.57 (MB)
Total wire length = 65793 um.
Total wire length on LAYER li1 = 0 um.
Total wire length on LAYER met1 = 0 um.
Total wire length on LAYER met2 = 0 um.
Total wire length on LAYER met3 = 0 um.
Total wire length on LAYER met4 = 60688 um.
Total wire length on LAYER met5 = 5105 um.
Total number of vias = 927.
Up-via summary (total 927):

----------------------
 FR_MASTERSLICE      0
            li1      0
           met1      0
           met2      0
           met3      0
           met4    927
----------------------
               927


[INFO DRT-0195] Start 11th guides tiles iteration.
    Completing 10% with 9 violations.
    elapsed time = 00:00:00, memory = 822.36 (MB).
    Completing 20% with 9 violations.
    elapsed time = 00:00:00, memory = 822.36 (MB).
    Completing 40% with 9 violations.
    elapsed time = 00:00:00, memory = 822.36 (MB).
    Completing 50% with 9 violations.
    elapsed time = 00:00:00, memory = 822.36 (MB).
    Completing 70% with 9 violations.
    elapsed time = 00:00:00, memory = 822.36 (MB).
    Completing 80% with 9 violations.
    elapsed time = 00:00:00, memory = 822.36 (MB).
    Completing 100% with 6 violations.
    elapsed time = 00:00:00, memory = 822.36 (MB).
[INFO DRT-0199]   Number of violations = 6.
Viol/Layer        met4
Short                6
[INFO DRT-0267] cpu time = 00:00:01, elapsed time = 00:00:00, memory = 843.36 (MB), peak = 918.57 (MB)
Total wire length = 65829 um.
Total wire length on LAYER li1 = 0 um.
Total wire length on LAYER met1 = 0 um.
Total wire length on LAYER met2 = 0 um.
Total wire length on LAYER met3 = 0 um.
Total wire length on LAYER met4 = 60702 um.
Total wire length on LAYER met5 = 5127 um.
Total number of vias = 927.
Up-via summary (total 927):

----------------------
 FR_MASTERSLICE      0
            li1      0
           met1      0
           met2      0
           met3      0
           met4    927
----------------------
               927


[INFO DRT-0195] Start 12th guides tiles iteration.
    Completing 20% with 6 violations.
    elapsed time = 00:00:00, memory = 843.36 (MB).
    Completing 40% with 6 violations.
    elapsed time = 00:00:00, memory = 843.36 (MB).
    Completing 60% with 6 violations.
    elapsed time = 00:00:00, memory = 843.36 (MB).
    Completing 80% with 6 violations.
    elapsed time = 00:00:00, memory = 843.36 (MB).
    Completing 100% with 5 violations.
    elapsed time = 00:00:00, memory = 843.36 (MB).
[INFO DRT-0199]   Number of violations = 5.
Viol/Layer        met4
Short                5
[INFO DRT-0267] cpu time = 00:00:00, elapsed time = 00:00:00, memory = 843.36 (MB), peak = 918.57 (MB)
Total wire length = 65812 um.
Total wire length on LAYER li1 = 0 um.
Total wire length on LAYER met1 = 0 um.
Total wire length on LAYER met2 = 0 um.
Total wire length on LAYER met3 = 0 um.
Total wire length on LAYER met4 = 60663 um.
Total wire length on LAYER met5 = 5149 um.
Total number of vias = 929.
Up-via summary (total 929):

----------------------
 FR_MASTERSLICE      0
            li1      0
           met1      0
           met2      0
           met3      0
           met4    929
----------------------
               929


[INFO DRT-0195] Start 13th guides tiles iteration.
    Completing 20% with 5 violations.
    elapsed time = 00:00:00, memory = 843.36 (MB).
    Completing 40% with 5 violations.
    elapsed time = 00:00:00, memory = 843.36 (MB).
    Completing 60% with 5 violations.
    elapsed time = 00:00:00, memory = 843.36 (MB).
    Completing 80% with 5 violations.
    elapsed time = 00:00:00, memory = 843.48 (MB).
    Completing 100% with 5 violations.
    elapsed time = 00:00:00, memory = 843.48 (MB).
[INFO DRT-0199]   Number of violations = 5.
Viol/Layer        met4
Short                5
[INFO DRT-0267] cpu time = 00:00:00, elapsed time = 00:00:00, memory = 843.48 (MB), peak = 918.57 (MB)
Total wire length = 65823 um.
Total wire length on LAYER li1 = 0 um.
Total wire length on LAYER met1 = 0 um.
Total wire length on LAYER met2 = 0 um.
Total wire length on LAYER met3 = 0 um.
Total wire length on LAYER met4 = 60674 um.
Total wire length on LAYER met5 = 5149 um.
Total number of vias = 929.
Up-via summary (total 929):

----------------------
 FR_MASTERSLICE      0
            li1      0
           met1      0
           met2      0
           met3      0
           met4    929
----------------------
               929


[INFO DRT-0195] Start 14th stubborn tiles iteration.
    Completing 10% with 5 violations.
    elapsed time = 00:00:05, memory = 827.27 (MB).
    Completing 20% with 5 violations.
    elapsed time = 00:00:09, memory = 1038.78 (MB).
    Completing 30% with 5 violations.
    elapsed time = 00:00:12, memory = 1372.64 (MB).
    Completing 40% with 5 violations.
    elapsed time = 00:00:17, memory = 1698.21 (MB).
    Completing 50% with 5 violations.
    elapsed time = 00:00:22, memory = 2059.64 (MB).
    Completing 60% with 5 violations.
    elapsed time = 00:00:27, memory = 2413.18 (MB).
    Completing 70% with 5 violations.
    elapsed time = 00:00:32, memory = 2761.59 (MB).
    Completing 80% with 5 violations.
    elapsed time = 00:00:36, memory = 2993.01 (MB).
    Completing 90% with 1 violations.
    elapsed time = 00:00:41, memory = 1563.78 (MB).
    Completing 100% with 0 violations.
    elapsed time = 00:00:44, memory = 1442.26 (MB).
[INFO DRT-0199]   Number of violations = 0.
[INFO DRT-0267] cpu time = 00:01:03, elapsed time = 00:00:44, memory = 1447.84 (MB), peak = 2992.77 (MB)
Total wire length = 65815 um.
Total wire length on LAYER li1 = 0 um.
Total wire length on LAYER met1 = 0 um.
Total wire length on LAYER met2 = 0 um.
Total wire length on LAYER met3 = 0 um.
Total wire length on LAYER met4 = 60641 um.
Total wire length on LAYER met5 = 5174 um.
Total number of vias = 937.
Up-via summary (total 937):

----------------------
 FR_MASTERSLICE      0
            li1      0
           met1      0
           met2      0
           met3      0
           met4    937
----------------------
               937


[INFO DRT-0198] Complete detail routing.
Total wire length = 65815 um.
Total wire length on LAYER li1 = 0 um.
Total wire length on LAYER met1 = 0 um.
Total wire length on LAYER met2 = 0 um.
Total wire length on LAYER met3 = 0 um.
Total wire length on LAYER met4 = 60641 um.
Total wire length on LAYER met5 = 5174 um.
Total number of vias = 937.
Up-via summary (total 937):

----------------------
 FR_MASTERSLICE      0
            li1      0
           met1      0
           met2      0
           met3      0
           met4    937
----------------------
               937


[INFO DRT-0267] cpu time = 00:05:30, elapsed time = 00:04:07, memory = 1447.97 (MB), peak = 2992.77 (MB)

[INFO DRT-0180] Post processing.
[INFO DRT-0501] Runtime: 250.14s
G2_RESULT drc=0
[INFO ANT-0002] Found 0 net violations.
[INFO ANT-0001] Found 0 pin violations.
