OpenROAD unknown 
Features included (+) or not (-): -GPU +GUI -Python
This program is licensed under the BSD-3 license. See the LICENSE file for details.
Components of this program may be licensed under more restrictive licenses which must be honored.
[INFO ORD-0030] Using 2 thread(s).
G2: removed 12575 base nets (all base wiring is at or below met3)
G2: programmable nets 981, pins 2274
[WARNING GRT-0300] Timing is not available, setting critical nets percentage to 0.
[INFO GRT-0020] Min routing layer: met4
[INFO GRT-0021] Max routing layer: met5
[INFO GRT-0022] Global adjustment: 0%
[INFO GRT-0023] Grid origin: (0, 0)
[INFO GRT-0088] Layer li1     Track-Pitch = 0.4600  line-2-Via Pitch: 0.3400
[INFO GRT-0088] Layer met1    Track-Pitch = 0.3400  line-2-Via Pitch: 0.3400
[INFO GRT-0088] Layer met2    Track-Pitch = 0.4600  line-2-Via Pitch: 0.3500
[INFO GRT-0088] Layer met3    Track-Pitch = 0.6800  line-2-Via Pitch: 0.6150
[INFO GRT-0088] Layer met4    Track-Pitch = 0.9200  line-2-Via Pitch: 1.0400
[INFO GRT-0088] Layer met5    Track-Pitch = 3.4000  line-2-Via Pitch: 3.1100
[INFO GRT-0003] Macros: 0
[INFO GRT-0004] Blockages: 0
[INFO GRT-0019] Found 0 clock nets.
[INFO GRT-0001] Minimum degree: 2
[INFO GRT-0002] Maximum degree: 7

[INFO GRT-0053] Routing resources analysis:
          Routing      Original      Derated      Resource
Layer     Direction    Resources     Resources    Reduction (%)
---------------------------------------------------------------
li1        Vertical            0             0          0.00%
met1       Horizontal          0             0          0.00%
met2       Vertical            0             0          0.00%
met3       Horizontal          0             0          0.00%
met4       Vertical        39274         39274          0.00%
met5       Horizontal      11932         11932          0.00%
---------------------------------------------------------------

[INFO GRT-0101] Running extra iterations to remove congestion.
[INFO GRT-0102] Start extra iteration 1/30
[INFO GRT-0102] Start extra iteration 2/30
[INFO GRT-0197] Via related to pin nodes: 943
[INFO GRT-0198] Via related Steiner nodes: 15
[INFO GRT-0199] Via filling finished.
[INFO GRT-0111] Final number of vias: 1982
[INFO GRT-0112] Final usage 3D: 14350

[INFO GRT-0096] Final congestion report:
Layer         Resource        Demand        Usage (%)    Max H / Max V / Total Congestion
---------------------------------------------------------------------------------------
li1                  0             0            0.00%             0 /  0 /  0
met1                 0             0            0.00%             0 /  0 /  0
met2                 0             0            0.00%             0 /  0 /  0
met3                 0             0            0.00%             0 /  0 /  0
met4             39274          7377           18.78%             0 /  0 /  0
met5             11932          1027            8.61%             0 /  0 /  0
---------------------------------------------------------------------------------------
Total            51206          8404           16.41%             0 /  0 /  0

[INFO GRT-0018] Total wirelength: 73926 um
[INFO GRT-0014] Routed nets: 981
[INFO GRT-0303] Global routing runtime = 00:00:00
[INFO DRT-0149] Reading tech and libs.
[WARNING DRT-0349] LEF58_ENCLOSURE with no CUTCLASS is not supported. Skipping for layer mcon
[WARNING DRT-0349] LEF58_ENCLOSURE with no CUTCLASS is not supported. Skipping for layer mcon
[WARNING DRT-0349] LEF58_ENCLOSURE with no CUTCLASS is not supported. Skipping for layer via
[WARNING DRT-0349] LEF58_ENCLOSURE with no CUTCLASS is not supported. Skipping for layer via
[WARNING DRT-0349] LEF58_ENCLOSURE with no CUTCLASS is not supported. Skipping for layer via2
[WARNING DRT-0349] LEF58_ENCLOSURE with no CUTCLASS is not supported. Skipping for layer via2
[WARNING DRT-0349] LEF58_ENCLOSURE with no CUTCLASS is not supported. Skipping for layer via3
[WARNING DRT-0349] LEF58_ENCLOSURE with no CUTCLASS is not supported. Skipping for layer via3
[WARNING DRT-0349] LEF58_ENCLOSURE with no CUTCLASS is not supported. Skipping for layer via4
[WARNING DRT-0349] LEF58_ENCLOSURE with no CUTCLASS is not supported. Skipping for layer via4

Units:                1000
Number of layers:     13
Number of macros:     446
Number of vias:       25
Number of viarulegen: 25

[INFO DRT-0150] Reading design.

Design:                   top
Die area:                 ( 0 0 ) ( 535460 535460 )
Number of track patterns: 12
Number of DEF vias:       0
Number of components:     38252
Number of terminals:      0
Number of snets:          2
Number of nets:           981

[INFO DRT-0167] List of default vias:
  Layer via4
    default via: M4M5_PR
[INFO DRT-0162] Library cell analysis.
[INFO DRT-0163] Instance analysis.
[INFO DRT-0164] Number of unique instances = 94.
[INFO DRT-0168] Init region query.
[INFO DRT-0024]   Complete FR_MASTERSLICE.
[INFO DRT-0024]   Complete Fr_VIA.
[INFO DRT-0024]   Complete li1.
[INFO DRT-0024]   Complete mcon.
[INFO DRT-0024]   Complete met1.
[INFO DRT-0024]   Complete via.
[INFO DRT-0024]   Complete met2.
[INFO DRT-0024]   Complete via2.
[INFO DRT-0024]   Complete met3.
[INFO DRT-0024]   Complete via3.
[INFO DRT-0024]   Complete met4.
[INFO DRT-0024]   Complete via4.
[INFO DRT-0024]   Complete met5.
[INFO DRT-0033] FR_MASTERSLICE shape region query size = 0.
[INFO DRT-0033] FR_VIA shape region query size = 0.
[INFO DRT-0033] li1 shape region query size = 578962.
[INFO DRT-0033] mcon shape region query size = 467016.
[INFO DRT-0033] met1 shape region query size = 130512.
[INFO DRT-0033] via shape region query size = 0.
[INFO DRT-0033] met2 shape region query size = 3600.
[INFO DRT-0033] via2 shape region query size = 0.
[INFO DRT-0033] met3 shape region query size = 3600.
[INFO DRT-0033] via3 shape region query size = 0.
[INFO DRT-0033] met4 shape region query size = 3600.
[INFO DRT-0033] via4 shape region query size = 0.
[INFO DRT-0033] met5 shape region query size = 0.
[INFO DRT-0165] Start pin access.
[INFO DRT-0078]   Complete 508 pins.
[INFO DRT-0081]   Complete 94 unique inst patterns.
[INFO DRT-0084]   Complete 3405 groups.
#scanned instances     = 38252
#unique  instances     = 94
#stdCellGenAp          = 44
#stdCellValidPlanarAp  = 44
#stdCellValidViaAp     = 0
#stdCellPinNoAp        = 0
#stdCellPinCnt         = 2274
#instTermValidViaApCnt = 0
#macroGenAp            = 0
#macroValidPlanarAp    = 0
#macroValidViaAp       = 0
#macroNoAp             = 0
[INFO DRT-0166] Complete pin access.
[INFO DRT-0267] cpu time = 00:00:00, elapsed time = 00:00:00, memory = 346.72 (MB), peak = 346.58 (MB)

[INFO DRT-0157] Number of guides:     3932

[INFO DRT-0169] Post process guides.
[INFO DRT-0176] GCELLGRID X 0 DO 77 STEP 6900 ;
[INFO DRT-0177] GCELLGRID Y 0 DO 77 STEP 6900 ;
[INFO DRT-0028]   Complete FR_MASTERSLICE.
[INFO DRT-0028]   Complete Fr_VIA.
[INFO DRT-0028]   Complete li1.
[INFO DRT-0028]   Complete mcon.
[INFO DRT-0028]   Complete met1.
[INFO DRT-0028]   Complete via.
[INFO DRT-0028]   Complete met2.
[INFO DRT-0028]   Complete via2.
[INFO DRT-0028]   Complete met3.
[INFO DRT-0028]   Complete via3.
[INFO DRT-0028]   Complete met4.
[INFO DRT-0028]   Complete via4.
[INFO DRT-0028]   Complete met5.
[INFO DRT-0178] Init guide query.
[INFO DRT-0035]   Complete FR_MASTERSLICE (guide).
[INFO DRT-0035]   Complete Fr_VIA (guide).
[INFO DRT-0035]   Complete li1 (guide).
[INFO DRT-0035]   Complete mcon (guide).
[INFO DRT-0035]   Complete met1 (guide).
[INFO DRT-0035]   Complete via (guide).
[INFO DRT-0035]   Complete met2 (guide).
[INFO DRT-0035]   Complete via2 (guide).
[INFO DRT-0035]   Complete met3 (guide).
[INFO DRT-0035]   Complete via3 (guide).
[INFO DRT-0035]   Complete met4 (guide).
[INFO DRT-0035]   Complete via4 (guide).
[INFO DRT-0035]   Complete met5 (guide).
[INFO DRT-0036] FR_MASTERSLICE guide region query size = 0.
[INFO DRT-0036] FR_VIA guide region query size = 0.
[INFO DRT-0036] li1 guide region query size = 0.
[INFO DRT-0036] mcon guide region query size = 0.
[INFO DRT-0036] met1 guide region query size = 0.
[INFO DRT-0036] via guide region query size = 0.
[INFO DRT-0036] met2 guide region query size = 0.
[INFO DRT-0036] via2 guide region query size = 0.
[INFO DRT-0036] met3 guide region query size = 0.
[INFO DRT-0036] via3 guide region query size = 0.
[INFO DRT-0036] met4 guide region query size = 1945.
[INFO DRT-0036] via4 guide region query size = 0.
[INFO DRT-0036] met5 guide region query size = 741.
[INFO DRT-0179] Init gr pin query.
[INFO DRT-0267] cpu time = 00:00:00, elapsed time = 00:00:00, memory = 346.93 (MB), peak = 346.70 (MB)
[INFO DRT-0245] skipped writing guide updates to database.
[INFO DRT-0181] Start track assignment.
[INFO DRT-0184] Done with 1945 vertical wires in 2 frboxes and 741 horizontal wires in 2 frboxes.
[INFO DRT-0186] Done with 1063 vertical wires in 2 frboxes and 18 horizontal wires in 2 frboxes.
[INFO DRT-0182] Complete track assignment.
[INFO DRT-0267] cpu time = 00:00:02, elapsed time = 00:00:02, memory = 432.41 (MB), peak = 436.08 (MB)
[INFO DRT-0187] Start routing data preparation.
[INFO DRT-0267] cpu time = 00:00:00, elapsed time = 00:00:00, memory = 432.96 (MB), peak = 436.08 (MB)
[INFO DRT-0194] Start detail routing.
[INFO DRT-0195] Start 0th optimization iteration.
    Completing 10% with 0 violations.
    elapsed time = 00:00:02, memory = 548.27 (MB).
    Completing 20% with 0 violations.
    elapsed time = 00:00:05, memory = 736.29 (MB).
    Completing 30% with 218 violations.
    elapsed time = 00:00:08, memory = 774.55 (MB).
    Completing 40% with 218 violations.
    elapsed time = 00:00:11, memory = 774.77 (MB).
    Completing 50% with 218 violations.
    elapsed time = 00:00:14, memory = 764.46 (MB).
    Completing 60% with 534 violations.
    elapsed time = 00:00:18, memory = 748.99 (MB).
    Completing 70% with 534 violations.
    elapsed time = 00:00:21, memory = 731.08 (MB).
    Completing 80% with 748 violations.
    elapsed time = 00:00:25, memory = 762.00 (MB).
    Completing 90% with 748 violations.
    elapsed time = 00:00:28, memory = 762.05 (MB).
    Completing 100% with 1011 violations.
    elapsed time = 00:00:32, memory = 741.18 (MB).
[INFO DRT-0199]   Number of violations = 1084.
Viol/Layer        met4
Metal Spacing       55
Recheck             73
Short              956
[INFO DRT-0267] cpu time = 00:00:42, elapsed time = 00:00:32, memory = 757.18 (MB), peak = 899.34 (MB)
Total wire length = 59565 um.
Total wire length on LAYER li1 = 0 um.
Total wire length on LAYER met1 = 0 um.
Total wire length on LAYER met2 = 0 um.
Total wire length on LAYER met3 = 0 um.
Total wire length on LAYER met4 = 57485 um.
Total wire length on LAYER met5 = 2080 um.
Total number of vias = 328.
Up-via summary (total 328):

----------------------
 FR_MASTERSLICE      0
            li1      0
           met1      0
           met2      0
           met3      0
           met4    328
----------------------
               328


[INFO DRT-0195] Start 1st optimization iteration.
    Completing 10% with 1084 violations.
    elapsed time = 00:00:02, memory = 758.45 (MB).
    Completing 20% with 1084 violations.
    elapsed time = 00:00:05, memory = 776.71 (MB).
    Completing 30% with 1011 violations.
    elapsed time = 00:00:09, memory = 813.66 (MB).
    Completing 40% with 1011 violations.
    elapsed time = 00:00:12, memory = 807.68 (MB).
    Completing 50% with 1011 violations.
    elapsed time = 00:00:15, memory = 842.78 (MB).
    Completing 60% with 912 violations.
    elapsed time = 00:00:19, memory = 804.41 (MB).
    Completing 70% with 912 violations.
    elapsed time = 00:00:22, memory = 803.69 (MB).
    Completing 80% with 816 violations.
    elapsed time = 00:00:25, memory = 823.52 (MB).
    Completing 90% with 816 violations.
    elapsed time = 00:00:28, memory = 818.36 (MB).
    Completing 100% with 763 violations.
    elapsed time = 00:00:31, memory = 797.29 (MB).
[INFO DRT-0199]   Number of violations = 763.
Viol/Layer        met4
Metal Spacing       16
Short              747
[INFO DRT-0267] cpu time = 00:00:41, elapsed time = 00:00:31, memory = 807.09 (MB), peak = 899.34 (MB)
Total wire length = 60009 um.
Total wire length on LAYER li1 = 0 um.
Total wire length on LAYER met1 = 0 um.
Total wire length on LAYER met2 = 0 um.
Total wire length on LAYER met3 = 0 um.
Total wire length on LAYER met4 = 58159 um.
Total wire length on LAYER met5 = 1849 um.
Total number of vias = 287.
Up-via summary (total 287):

----------------------
 FR_MASTERSLICE      0
            li1      0
           met1      0
           met2      0
           met3      0
           met4    287
----------------------
               287


[INFO DRT-0195] Start 2nd optimization iteration.
    Completing 10% with 763 violations.
    elapsed time = 00:00:01, memory = 811.11 (MB).
    Completing 20% with 763 violations.
    elapsed time = 00:00:04, memory = 800.12 (MB).
    Completing 30% with 761 violations.
    elapsed time = 00:00:07, memory = 781.18 (MB).
    Completing 40% with 761 violations.
    elapsed time = 00:00:10, memory = 781.18 (MB).
    Completing 50% with 761 violations.
    elapsed time = 00:00:13, memory = 791.19 (MB).
    Completing 60% with 722 violations.
    elapsed time = 00:00:16, memory = 796.16 (MB).
    Completing 70% with 722 violations.
    elapsed time = 00:00:19, memory = 796.20 (MB).
    Completing 80% with 717 violations.
    elapsed time = 00:00:23, memory = 811.05 (MB).
    Completing 90% with 717 violations.
    elapsed time = 00:00:26, memory = 809.12 (MB).
    Completing 100% with 681 violations.
    elapsed time = 00:00:28, memory = 836.91 (MB).
[INFO DRT-0199]   Number of violations = 684.
Viol/Layer        met4
Metal Spacing       17
Recheck              3
Short              664
[INFO DRT-0267] cpu time = 00:00:36, elapsed time = 00:00:29, memory = 836.24 (MB), peak = 899.34 (MB)
Total wire length = 59954 um.
Total wire length on LAYER li1 = 0 um.
Total wire length on LAYER met1 = 0 um.
Total wire length on LAYER met2 = 0 um.
Total wire length on LAYER met3 = 0 um.
Total wire length on LAYER met4 = 58192 um.
Total wire length on LAYER met5 = 1762 um.
Total number of vias = 262.
Up-via summary (total 262):

----------------------
 FR_MASTERSLICE      0
            li1      0
           met1      0
           met2      0
           met3      0
           met4    262
----------------------
               262


[INFO DRT-0195] Start 3rd optimization iteration.
    Completing 10% with 684 violations.
    elapsed time = 00:00:02, memory = 834.24 (MB).
    Completing 20% with 684 violations.
    elapsed time = 00:00:06, memory = 831.28 (MB).
    Completing 30% with 600 violations.
    elapsed time = 00:00:09, memory = 845.13 (MB).
    Completing 40% with 600 violations.
    elapsed time = 00:00:12, memory = 845.23 (MB).
    Completing 50% with 600 violations.
    elapsed time = 00:00:16, memory = 845.54 (MB).
    Completing 60% with 506 violations.
    elapsed time = 00:00:19, memory = 819.54 (MB).
    Completing 70% with 506 violations.
    elapsed time = 00:00:22, memory = 819.54 (MB).
    Completing 80% with 423 violations.
    elapsed time = 00:00:25, memory = 813.10 (MB).
    Completing 90% with 423 violations.
    elapsed time = 00:00:29, memory = 813.10 (MB).
    Completing 100% with 359 violations.
    elapsed time = 00:00:32, memory = 811.10 (MB).
[INFO DRT-0199]   Number of violations = 359.
Viol/Layer        met4
Metal Spacing       14
Short              345
[INFO DRT-0267] cpu time = 00:00:42, elapsed time = 00:00:32, memory = 809.29 (MB), peak = 899.34 (MB)
Total wire length = 61710 um.
Total wire length on LAYER li1 = 0 um.
Total wire length on LAYER met1 = 0 um.
Total wire length on LAYER met2 = 0 um.
Total wire length on LAYER met3 = 0 um.
Total wire length on LAYER met4 = 58939 um.
Total wire length on LAYER met5 = 2771 um.
Total number of vias = 501.
Up-via summary (total 501):

----------------------
 FR_MASTERSLICE      0
            li1      0
           met1      0
           met2      0
           met3      0
           met4    501
----------------------
               501


[INFO DRT-0195] Start 4th optimization iteration.
    Completing 10% with 359 violations.
    elapsed time = 00:00:02, memory = 815.05 (MB).
    Completing 20% with 359 violations.
    elapsed time = 00:00:03, memory = 814.02 (MB).
    Completing 30% with 333 violations.
    elapsed time = 00:00:06, memory = 803.11 (MB).
    Completing 40% with 333 violations.
    elapsed time = 00:00:10, memory = 803.29 (MB).
    Completing 50% with 333 violations.
    elapsed time = 00:00:12, memory = 803.29 (MB).
    Completing 60% with 309 violations.
    elapsed time = 00:00:15, memory = 801.30 (MB).
    Completing 70% with 309 violations.
    elapsed time = 00:00:16, memory = 801.30 (MB).
    Completing 80% with 297 violations.
    elapsed time = 00:00:19, memory = 801.89 (MB).
    Completing 90% with 297 violations.
    elapsed time = 00:00:21, memory = 801.89 (MB).
    Completing 100% with 260 violations.
    elapsed time = 00:00:23, memory = 799.89 (MB).
[INFO DRT-0199]   Number of violations = 260.
Viol/Layer        met4
Metal Spacing       13
Short              247
[INFO DRT-0267] cpu time = 00:00:31, elapsed time = 00:00:23, memory = 798.35 (MB), peak = 899.34 (MB)
Total wire length = 62401 um.
Total wire length on LAYER li1 = 0 um.
Total wire length on LAYER met1 = 0 um.
Total wire length on LAYER met2 = 0 um.
Total wire length on LAYER met3 = 0 um.
Total wire length on LAYER met4 = 59146 um.
Total wire length on LAYER met5 = 3254 um.
Total number of vias = 601.
Up-via summary (total 601):

----------------------
 FR_MASTERSLICE      0
            li1      0
           met1      0
           met2      0
           met3      0
           met4    601
----------------------
               601


[INFO DRT-0195] Start 5th optimization iteration.
    Completing 10% with 260 violations.
    elapsed time = 00:00:02, memory = 803.46 (MB).
    Completing 20% with 260 violations.
    elapsed time = 00:00:03, memory = 803.46 (MB).
    Completing 30% with 243 violations.
    elapsed time = 00:00:05, memory = 797.90 (MB).
    Completing 40% with 243 violations.
    elapsed time = 00:00:07, memory = 798.03 (MB).
    Completing 50% with 243 violations.
    elapsed time = 00:00:09, memory = 798.03 (MB).
    Completing 60% with 216 violations.
    elapsed time = 00:00:13, memory = 798.03 (MB).
    Completing 70% with 216 violations.
    elapsed time = 00:00:15, memory = 798.03 (MB).
    Completing 80% with 181 violations.
    elapsed time = 00:00:18, memory = 798.03 (MB).
    Completing 90% with 181 violations.
    elapsed time = 00:00:21, memory = 798.03 (MB).
    Completing 100% with 165 violations.
    elapsed time = 00:00:22, memory = 798.03 (MB).
[INFO DRT-0199]   Number of violations = 165.
Viol/Layer        met4
Metal Spacing       10
Short              155
[INFO DRT-0267] cpu time = 00:00:26, elapsed time = 00:00:22, memory = 798.59 (MB), peak = 899.34 (MB)
Total wire length = 62852 um.
Total wire length on LAYER li1 = 0 um.
Total wire length on LAYER met1 = 0 um.
Total wire length on LAYER met2 = 0 um.
Total wire length on LAYER met3 = 0 um.
Total wire length on LAYER met4 = 59290 um.
Total wire length on LAYER met5 = 3562 um.
Total number of vias = 656.
Up-via summary (total 656):

----------------------
 FR_MASTERSLICE      0
            li1      0
           met1      0
           met2      0
           met3      0
           met4    656
----------------------
               656


[INFO DRT-0195] Start 6th optimization iteration.
    Completing 10% with 165 violations.
    elapsed time = 00:00:01, memory = 799.59 (MB).
    Completing 20% with 165 violations.
    elapsed time = 00:00:02, memory = 799.59 (MB).
    Completing 30% with 160 violations.
    elapsed time = 00:00:04, memory = 797.59 (MB).
    Completing 40% with 160 violations.
    elapsed time = 00:00:06, memory = 797.59 (MB).
    Completing 50% with 160 violations.
    elapsed time = 00:00:07, memory = 797.59 (MB).
    Completing 60% with 134 violations.
    elapsed time = 00:00:09, memory = 797.59 (MB).
    Completing 70% with 134 violations.
    elapsed time = 00:00:11, memory = 797.59 (MB).
    Completing 80% with 125 violations.
    elapsed time = 00:00:13, memory = 797.59 (MB).
    Completing 90% with 125 violations.
    elapsed time = 00:00:15, memory = 797.59 (MB).
    Completing 100% with 103 violations.
    elapsed time = 00:00:15, memory = 797.59 (MB).
[INFO DRT-0199]   Number of violations = 103.
Viol/Layer        met4
Metal Spacing        5
Short               98
[INFO DRT-0267] cpu time = 00:00:20, elapsed time = 00:00:16, memory = 794.59 (MB), peak = 899.34 (MB)
Total wire length = 62869 um.
Total wire length on LAYER li1 = 0 um.
Total wire length on LAYER met1 = 0 um.
Total wire length on LAYER met2 = 0 um.
Total wire length on LAYER met3 = 0 um.
Total wire length on LAYER met4 = 59231 um.
Total wire length on LAYER met5 = 3638 um.
Total number of vias = 677.
Up-via summary (total 677):

----------------------
 FR_MASTERSLICE      0
            li1      0
           met1      0
           met2      0
           met3      0
           met4    677
----------------------
               677


[INFO DRT-0195] Start 7th optimization iteration.
    Completing 10% with 103 violations.
    elapsed time = 00:00:01, memory = 799.51 (MB).
    Completing 20% with 103 violations.
    elapsed time = 00:00:02, memory = 799.53 (MB).
    Completing 30% with 98 violations.
    elapsed time = 00:00:03, memory = 795.58 (MB).
    Completing 40% with 98 violations.
    elapsed time = 00:00:04, memory = 795.58 (MB).
    Completing 50% with 98 violations.
    elapsed time = 00:00:05, memory = 795.58 (MB).
    Completing 60% with 91 violations.
    elapsed time = 00:00:06, memory = 795.58 (MB).
    Completing 70% with 91 violations.
    elapsed time = 00:00:08, memory = 795.58 (MB).
    Completing 80% with 88 violations.
    elapsed time = 00:00:09, memory = 795.58 (MB).
    Completing 90% with 88 violations.
    elapsed time = 00:00:10, memory = 795.58 (MB).
    Completing 100% with 83 violations.
    elapsed time = 00:00:11, memory = 795.81 (MB).
[INFO DRT-0199]   Number of violations = 83.
Viol/Layer        met4
Metal Spacing        2
Short               81
[INFO DRT-0267] cpu time = 00:00:15, elapsed time = 00:00:12, memory = 795.84 (MB), peak = 899.34 (MB)
Total wire length = 62966 um.
Total wire length on LAYER li1 = 0 um.
Total wire length on LAYER met1 = 0 um.
Total wire length on LAYER met2 = 0 um.
Total wire length on LAYER met3 = 0 um.
Total wire length on LAYER met4 = 59236 um.
Total wire length on LAYER met5 = 3730 um.
Total number of vias = 695.
Up-via summary (total 695):

----------------------
 FR_MASTERSLICE      0
            li1      0
           met1      0
           met2      0
           met3      0
           met4    695
----------------------
               695


[INFO DRT-0195] Start 8th guides tiles iteration.
    Completing 10% with 83 violations.
    elapsed time = 00:00:01, memory = 796.40 (MB).
    Completing 20% with 83 violations.
    elapsed time = 00:00:02, memory = 797.77 (MB).
    Completing 30% with 83 violations.
    elapsed time = 00:00:03, memory = 797.77 (MB).
    Completing 40% with 83 violations.
    elapsed time = 00:00:03, memory = 797.77 (MB).
    Completing 50% with 58 violations.
    elapsed time = 00:00:04, memory = 797.77 (MB).
    Completing 60% with 58 violations.
    elapsed time = 00:00:04, memory = 797.77 (MB).
    Completing 70% with 58 violations.
    elapsed time = 00:00:05, memory = 797.77 (MB).
    Completing 80% with 58 violations.
    elapsed time = 00:00:05, memory = 797.77 (MB).
    Completing 90% with 54 violations.
    elapsed time = 00:00:06, memory = 796.61 (MB).
    Completing 100% with 47 violations.
    elapsed time = 00:00:06, memory = 796.61 (MB).
[INFO DRT-0199]   Number of violations = 47.
Viol/Layer        met4
Metal Spacing        4
Short               43
[INFO DRT-0267] cpu time = 00:00:08, elapsed time = 00:00:07, memory = 793.29 (MB), peak = 899.34 (MB)
Total wire length = 63048 um.
Total wire length on LAYER li1 = 0 um.
Total wire length on LAYER met1 = 0 um.
Total wire length on LAYER met2 = 0 um.
Total wire length on LAYER met3 = 0 um.
Total wire length on LAYER met4 = 59025 um.
Total wire length on LAYER met5 = 4023 um.
Total number of vias = 743.
Up-via summary (total 743):

----------------------
 FR_MASTERSLICE      0
            li1      0
           met1      0
           met2      0
           met3      0
           met4    743
----------------------
               743


[INFO DRT-0195] Start 9th guides tiles iteration.
    Completing 10% with 47 violations.
    elapsed time = 00:00:00, memory = 793.79 (MB).
    Completing 20% with 47 violations.
    elapsed time = 00:00:00, memory = 793.79 (MB).
    Completing 30% with 47 violations.
    elapsed time = 00:00:01, memory = 799.58 (MB).
    Completing 40% with 47 violations.
    elapsed time = 00:00:02, memory = 797.58 (MB).
    Completing 50% with 47 violations.
    elapsed time = 00:00:02, memory = 798.16 (MB).
    Completing 60% with 40 violations.
    elapsed time = 00:00:03, memory = 793.22 (MB).
    Completing 70% with 40 violations.
    elapsed time = 00:00:03, memory = 793.36 (MB).
    Completing 80% with 40 violations.
    elapsed time = 00:00:04, memory = 793.36 (MB).
    Completing 90% with 39 violations.
    elapsed time = 00:00:04, memory = 791.36 (MB).
    Completing 100% with 37 violations.
    elapsed time = 00:00:04, memory = 791.36 (MB).
[INFO DRT-0199]   Number of violations = 37.
Viol/Layer        met4
Metal Spacing        2
Short               35
[INFO DRT-0267] cpu time = 00:00:05, elapsed time = 00:00:05, memory = 790.29 (MB), peak = 899.34 (MB)
Total wire length = 63026 um.
Total wire length on LAYER li1 = 0 um.
Total wire length on LAYER met1 = 0 um.
Total wire length on LAYER met2 = 0 um.
Total wire length on LAYER met3 = 0 um.
Total wire length on LAYER met4 = 58982 um.
Total wire length on LAYER met5 = 4044 um.
Total number of vias = 753.
Up-via summary (total 753):

----------------------
 FR_MASTERSLICE      0
            li1      0
           met1      0
           met2      0
           met3      0
           met4    753
----------------------
               753


[INFO DRT-0195] Start 10th guides tiles iteration.
    Completing 10% with 37 violations.
    elapsed time = 00:00:00, memory = 790.29 (MB).
    Completing 20% with 37 violations.
    elapsed time = 00:00:00, memory = 790.79 (MB).
    Completing 30% with 37 violations.
    elapsed time = 00:00:01, memory = 790.79 (MB).
    Completing 40% with 37 violations.
    elapsed time = 00:00:01, memory = 790.79 (MB).
    Completing 50% with 37 violations.
    elapsed time = 00:00:01, memory = 790.79 (MB).
    Completing 60% with 37 violations.
    elapsed time = 00:00:02, memory = 790.79 (MB).
    Completing 70% with 11 violations.
    elapsed time = 00:00:02, memory = 790.79 (MB).
    Completing 80% with 11 violations.
    elapsed time = 00:00:02, memory = 790.79 (MB).
    Completing 90% with 11 violations.
    elapsed time = 00:00:02, memory = 790.79 (MB).
    Completing 100% with 7 violations.
    elapsed time = 00:00:02, memory = 790.79 (MB).
[INFO DRT-0199]   Number of violations = 7.
Viol/Layer        met4
Metal Spacing        2
Short                5
[INFO DRT-0267] cpu time = 00:00:03, elapsed time = 00:00:03, memory = 789.29 (MB), peak = 899.34 (MB)
Total wire length = 63028 um.
Total wire length on LAYER li1 = 0 um.
Total wire length on LAYER met1 = 0 um.
Total wire length on LAYER met2 = 0 um.
Total wire length on LAYER met3 = 0 um.
Total wire length on LAYER met4 = 58867 um.
Total wire length on LAYER met5 = 4160 um.
Total number of vias = 781.
Up-via summary (total 781):

----------------------
 FR_MASTERSLICE      0
            li1      0
           met1      0
           met2      0
           met3      0
           met4    781
----------------------
               781


[INFO DRT-0195] Start 11th guides tiles iteration.
    Completing 10% with 7 violations.
    elapsed time = 00:00:00, memory = 789.29 (MB).
    Completing 20% with 7 violations.
    elapsed time = 00:00:00, memory = 789.29 (MB).
    Completing 30% with 7 violations.
    elapsed time = 00:00:00, memory = 789.29 (MB).
    Completing 50% with 7 violations.
    elapsed time = 00:00:00, memory = 789.35 (MB).
    Completing 60% with 7 violations.
    elapsed time = 00:00:00, memory = 789.35 (MB).
    Completing 70% with 3 violations.
    elapsed time = 00:00:00, memory = 789.35 (MB).
    Completing 80% with 3 violations.
    elapsed time = 00:00:00, memory = 789.35 (MB).
    Completing 100% with 2 violations.
    elapsed time = 00:00:00, memory = 789.35 (MB).
[INFO DRT-0199]   Number of violations = 2.
Viol/Layer        met4
Short                2
[INFO DRT-0267] cpu time = 00:00:00, elapsed time = 00:00:00, memory = 810.35 (MB), peak = 899.34 (MB)
Total wire length = 63028 um.
Total wire length on LAYER li1 = 0 um.
Total wire length on LAYER met1 = 0 um.
Total wire length on LAYER met2 = 0 um.
Total wire length on LAYER met3 = 0 um.
Total wire length on LAYER met4 = 58846 um.
Total wire length on LAYER met5 = 4181 um.
Total number of vias = 785.
Up-via summary (total 785):

----------------------
 FR_MASTERSLICE      0
            li1      0
           met1      0
           met2      0
           met3      0
           met4    785
----------------------
               785


[INFO DRT-0195] Start 12th guides tiles iteration.
    Completing 50% with 2 violations.
    elapsed time = 00:00:00, memory = 810.35 (MB).
    Completing 100% with 2 violations.
    elapsed time = 00:00:00, memory = 810.35 (MB).
[INFO DRT-0199]   Number of violations = 2.
Viol/Layer        met4
Short                2
[INFO DRT-0267] cpu time = 00:00:00, elapsed time = 00:00:00, memory = 810.35 (MB), peak = 899.34 (MB)
Total wire length = 63026 um.
Total wire length on LAYER li1 = 0 um.
Total wire length on LAYER met1 = 0 um.
Total wire length on LAYER met2 = 0 um.
Total wire length on LAYER met3 = 0 um.
Total wire length on LAYER met4 = 58845 um.
Total wire length on LAYER met5 = 4181 um.
Total number of vias = 785.
Up-via summary (total 785):

----------------------
 FR_MASTERSLICE      0
            li1      0
           met1      0
           met2      0
           met3      0
           met4    785
----------------------
               785


[INFO DRT-0195] Start 13th stubborn tiles iteration.
    Completing 10% with 2 violations.
    elapsed time = 00:00:03, memory = 815.41 (MB).
    Completing 20% with 2 violations.
    elapsed time = 00:00:05, memory = 803.42 (MB).
    Completing 30% with 2 violations.
    elapsed time = 00:00:07, memory = 810.46 (MB).
    Completing 40% with 2 violations.
    elapsed time = 00:00:09, memory = 956.42 (MB).
    Completing 50% with 2 violations.
    elapsed time = 00:00:12, memory = 1099.05 (MB).
    Completing 60% with 2 violations.
    elapsed time = 00:00:15, memory = 1248.42 (MB).
    Completing 70% with 2 violations.
    elapsed time = 00:00:18, memory = 1401.38 (MB).
    Completing 80% with 2 violations.
    elapsed time = 00:00:21, memory = 1536.22 (MB).
    Completing 90% with 2 violations.
    elapsed time = 00:00:25, memory = 1683.39 (MB).
    Completing 100% with 0 violations.
    elapsed time = 00:00:29, memory = 1246.82 (MB).
[INFO DRT-0199]   Number of violations = 0.
[INFO DRT-0267] cpu time = 00:00:35, elapsed time = 00:00:29, memory = 1253.88 (MB), peak = 1830.36 (MB)
Total wire length = 63037 um.
Total wire length on LAYER li1 = 0 um.
Total wire length on LAYER met1 = 0 um.
Total wire length on LAYER met2 = 0 um.
Total wire length on LAYER met3 = 0 um.
Total wire length on LAYER met4 = 58847 um.
Total wire length on LAYER met5 = 4190 um.
Total number of vias = 789.
Up-via summary (total 789):

----------------------
 FR_MASTERSLICE      0
            li1      0
           met1      0
           met2      0
           met3      0
           met4    789
----------------------
               789


[INFO DRT-0198] Complete detail routing.
Total wire length = 63037 um.
Total wire length on LAYER li1 = 0 um.
Total wire length on LAYER met1 = 0 um.
Total wire length on LAYER met2 = 0 um.
Total wire length on LAYER met3 = 0 um.
Total wire length on LAYER met4 = 58847 um.
Total wire length on LAYER met5 = 4190 um.
Total number of vias = 789.
Up-via summary (total 789):

----------------------
 FR_MASTERSLICE      0
            li1      0
           met1      0
           met2      0
           met3      0
           met4    789
----------------------
               789


[INFO DRT-0267] cpu time = 00:05:12, elapsed time = 00:04:07, memory = 1254.00 (MB), peak = 1830.36 (MB)

[INFO DRT-0180] Post processing.
[INFO DRT-0501] Runtime: 250.36s
G2_RESULT drc=0
[INFO ANT-0002] Found 0 net violations.
[INFO ANT-0001] Found 0 pin violations.
