OpenROAD unknown 
Features included (+) or not (-): -GPU +GUI -Python
This program is licensed under the BSD-3 license. See the LICENSE file for details.
Components of this program may be licensed under more restrictive licenses which must be honored.
[INFO ORD-0030] Using 2 thread(s).
G2: removed 12584 base nets (all base wiring is at or below met3)
G2: programmable nets 962, pins 2252
[WARNING GRT-0300] Timing is not available, setting critical nets percentage to 0.
[INFO GRT-0020] Min routing layer: met4
[INFO GRT-0021] Max routing layer: met5
[INFO GRT-0022] Global adjustment: 0%
[INFO GRT-0023] Grid origin: (0, 0)
[INFO GRT-0088] Layer li1     Track-Pitch = 0.4600  line-2-Via Pitch: 0.3400
[INFO GRT-0088] Layer met1    Track-Pitch = 0.3400  line-2-Via Pitch: 0.3400
[INFO GRT-0088] Layer met2    Track-Pitch = 0.4600  line-2-Via Pitch: 0.3500
[INFO GRT-0088] Layer met3    Track-Pitch = 0.6800  line-2-Via Pitch: 0.6150
[INFO GRT-0088] Layer met4    Track-Pitch = 0.9200  line-2-Via Pitch: 1.0400
[INFO GRT-0088] Layer met5    Track-Pitch = 3.4000  line-2-Via Pitch: 3.1100
[INFO GRT-0003] Macros: 0
[INFO GRT-0004] Blockages: 0
[INFO GRT-0019] Found 0 clock nets.
[INFO GRT-0001] Minimum degree: 2
[INFO GRT-0002] Maximum degree: 9

[INFO GRT-0053] Routing resources analysis:
          Routing      Original      Derated      Resource
Layer     Direction    Resources     Resources    Reduction (%)
---------------------------------------------------------------
li1        Vertical            0             0          0.00%
met1       Horizontal          0             0          0.00%
met2       Vertical            0             0          0.00%
met3       Horizontal          0             0          0.00%
met4       Vertical        46290         46290          0.00%
met5       Horizontal      13858         13858          0.00%
---------------------------------------------------------------

[INFO GRT-0101] Running extra iterations to remove congestion.
[INFO GRT-0102] Start extra iteration 1/30
[INFO GRT-0102] Start extra iteration 2/30
[INFO GRT-0197] Via related to pin nodes: 882
[INFO GRT-0198] Via related Steiner nodes: 23
[INFO GRT-0199] Via filling finished.
[INFO GRT-0111] Final number of vias: 1978
[INFO GRT-0112] Final usage 3D: 14608

[INFO GRT-0096] Final congestion report:
Layer         Resource        Demand        Usage (%)    Max H / Max V / Total Congestion
---------------------------------------------------------------------------------------
li1                  0             0            0.00%             0 /  0 /  0
met1                 0             0            0.00%             0 /  0 /  0
met2                 0             0            0.00%             0 /  0 /  0
met3                 0             0            0.00%             0 /  0 /  0
met4             46290          7636           16.50%             0 /  0 /  0
met5             13858          1038            7.49%             0 /  0 /  0
---------------------------------------------------------------------------------------
Total            60148          8674           14.42%             0 /  0 /  0

[INFO GRT-0018] Total wirelength: 76182 um
[INFO GRT-0014] Routed nets: 962
[INFO GRT-0303] Global routing runtime = 00:00:00
[INFO DRT-0149] Reading tech and libs.
[WARNING DRT-0349] LEF58_ENCLOSURE with no CUTCLASS is not supported. Skipping for layer mcon
[WARNING DRT-0349] LEF58_ENCLOSURE with no CUTCLASS is not supported. Skipping for layer mcon
[WARNING DRT-0349] LEF58_ENCLOSURE with no CUTCLASS is not supported. Skipping for layer via
[WARNING DRT-0349] LEF58_ENCLOSURE with no CUTCLASS is not supported. Skipping for layer via
[WARNING DRT-0349] LEF58_ENCLOSURE with no CUTCLASS is not supported. Skipping for layer via2
[WARNING DRT-0349] LEF58_ENCLOSURE with no CUTCLASS is not supported. Skipping for layer via2
[WARNING DRT-0349] LEF58_ENCLOSURE with no CUTCLASS is not supported. Skipping for layer via3
[WARNING DRT-0349] LEF58_ENCLOSURE with no CUTCLASS is not supported. Skipping for layer via3
[WARNING DRT-0349] LEF58_ENCLOSURE with no CUTCLASS is not supported. Skipping for layer via4
[WARNING DRT-0349] LEF58_ENCLOSURE with no CUTCLASS is not supported. Skipping for layer via4

Units:                1000
Number of layers:     13
Number of macros:     446
Number of vias:       25
Number of viarulegen: 25

[INFO DRT-0150] Reading design.

Design:                   top
Die area:                 ( 0 0 ) ( 574875 574875 )
Number of track patterns: 12
Number of DEF vias:       0
Number of components:     44865
Number of terminals:      0
Number of snets:          2
Number of nets:           962

[INFO DRT-0167] List of default vias:
  Layer via4
    default via: M4M5_PR
[INFO DRT-0162] Library cell analysis.
[INFO DRT-0163] Instance analysis.
[INFO DRT-0164] Number of unique instances = 94.
[INFO DRT-0168] Init region query.
[INFO DRT-0024]   Complete FR_MASTERSLICE.
[INFO DRT-0024]   Complete Fr_VIA.
[INFO DRT-0024]   Complete li1.
[INFO DRT-0024]   Complete mcon.
[INFO DRT-0024]   Complete met1.
[INFO DRT-0024]   Complete via.
[INFO DRT-0024]   Complete met2.
[INFO DRT-0024]   Complete via2.
[INFO DRT-0024]   Complete met3.
[INFO DRT-0024]   Complete via3.
[INFO DRT-0024]   Complete met4.
[INFO DRT-0024]   Complete via4.
[INFO DRT-0024]   Complete met5.
[INFO DRT-0033] FR_MASTERSLICE shape region query size = 0.
[INFO DRT-0033] FR_VIA shape region query size = 0.
[INFO DRT-0033] li1 shape region query size = 595553.
[INFO DRT-0033] mcon shape region query size = 535268.
[INFO DRT-0033] met1 shape region query size = 143742.
[INFO DRT-0033] via shape region query size = 0.
[INFO DRT-0033] met2 shape region query size = 3600.
[INFO DRT-0033] via2 shape region query size = 0.
[INFO DRT-0033] met3 shape region query size = 3600.
[INFO DRT-0033] via3 shape region query size = 0.
[INFO DRT-0033] met4 shape region query size = 3600.
[INFO DRT-0033] via4 shape region query size = 0.
[INFO DRT-0033] met5 shape region query size = 0.
[INFO DRT-0165] Start pin access.
[INFO DRT-0078]   Complete 508 pins.
[INFO DRT-0081]   Complete 94 unique inst patterns.
[INFO DRT-0084]   Complete 3439 groups.
#scanned instances     = 44865
#unique  instances     = 94
#stdCellGenAp          = 44
#stdCellValidPlanarAp  = 44
#stdCellValidViaAp     = 0
#stdCellPinNoAp        = 0
#stdCellPinCnt         = 2252
#instTermValidViaApCnt = 0
#macroGenAp            = 0
#macroValidPlanarAp    = 0
#macroValidViaAp       = 0
#macroNoAp             = 0
[INFO DRT-0166] Complete pin access.
[INFO DRT-0267] cpu time = 00:00:00, elapsed time = 00:00:00, memory = 365.97 (MB), peak = 365.69 (MB)

[INFO DRT-0157] Number of guides:     4008

[INFO DRT-0169] Post process guides.
[INFO DRT-0176] GCELLGRID X 0 DO 83 STEP 6900 ;
[INFO DRT-0177] GCELLGRID Y 0 DO 83 STEP 6900 ;
[INFO DRT-0028]   Complete FR_MASTERSLICE.
[INFO DRT-0028]   Complete Fr_VIA.
[INFO DRT-0028]   Complete li1.
[INFO DRT-0028]   Complete mcon.
[INFO DRT-0028]   Complete met1.
[INFO DRT-0028]   Complete via.
[INFO DRT-0028]   Complete met2.
[INFO DRT-0028]   Complete via2.
[INFO DRT-0028]   Complete met3.
[INFO DRT-0028]   Complete via3.
[INFO DRT-0028]   Complete met4.
[INFO DRT-0028]   Complete via4.
[INFO DRT-0028]   Complete met5.
[INFO DRT-0178] Init guide query.
[INFO DRT-0035]   Complete FR_MASTERSLICE (guide).
[INFO DRT-0035]   Complete Fr_VIA (guide).
[INFO DRT-0035]   Complete li1 (guide).
[INFO DRT-0035]   Complete mcon (guide).
[INFO DRT-0035]   Complete met1 (guide).
[INFO DRT-0035]   Complete via (guide).
[INFO DRT-0035]   Complete met2 (guide).
[INFO DRT-0035]   Complete via2 (guide).
[INFO DRT-0035]   Complete met3 (guide).
[INFO DRT-0035]   Complete via3 (guide).
[INFO DRT-0035]   Complete met4 (guide).
[INFO DRT-0035]   Complete via4 (guide).
[INFO DRT-0035]   Complete met5 (guide).
[INFO DRT-0036] FR_MASTERSLICE guide region query size = 0.
[INFO DRT-0036] FR_VIA guide region query size = 0.
[INFO DRT-0036] li1 guide region query size = 0.
[INFO DRT-0036] mcon guide region query size = 0.
[INFO DRT-0036] met1 guide region query size = 0.
[INFO DRT-0036] via guide region query size = 0.
[INFO DRT-0036] met2 guide region query size = 0.
[INFO DRT-0036] via2 guide region query size = 0.
[INFO DRT-0036] met3 guide region query size = 0.
[INFO DRT-0036] via3 guide region query size = 0.
[INFO DRT-0036] met4 guide region query size = 2014.
[INFO DRT-0036] via4 guide region query size = 0.
[INFO DRT-0036] met5 guide region query size = 784.
[INFO DRT-0179] Init gr pin query.
[INFO DRT-0267] cpu time = 00:00:00, elapsed time = 00:00:00, memory = 366.18 (MB), peak = 366.08 (MB)
[INFO DRT-0245] skipped writing guide updates to database.
[INFO DRT-0181] Start track assignment.
[INFO DRT-0184] Done with 2014 vertical wires in 2 frboxes and 784 horizontal wires in 2 frboxes.
[INFO DRT-0186] Done with 1040 vertical wires in 2 frboxes and 14 horizontal wires in 2 frboxes.
[INFO DRT-0182] Complete track assignment.
[INFO DRT-0267] cpu time = 00:00:02, elapsed time = 00:00:02, memory = 453.43 (MB), peak = 459.14 (MB)
[INFO DRT-0187] Start routing data preparation.
[INFO DRT-0267] cpu time = 00:00:00, elapsed time = 00:00:00, memory = 453.50 (MB), peak = 459.14 (MB)
[INFO DRT-0194] Start detail routing.
[INFO DRT-0195] Start 0th optimization iteration.
    Completing 10% with 0 violations.
    elapsed time = 00:00:03, memory = 575.97 (MB).
    Completing 20% with 0 violations.
    elapsed time = 00:00:07, memory = 796.80 (MB).
    Completing 30% with 241 violations.
    elapsed time = 00:00:11, memory = 781.64 (MB).
    Completing 40% with 241 violations.
    elapsed time = 00:00:13, memory = 753.80 (MB).
    Completing 50% with 241 violations.
    elapsed time = 00:00:16, memory = 880.93 (MB).
    Completing 60% with 431 violations.
    elapsed time = 00:00:20, memory = 737.78 (MB).
    Completing 70% with 431 violations.
    elapsed time = 00:00:23, memory = 809.87 (MB).
    Completing 80% with 732 violations.
    elapsed time = 00:00:26, memory = 743.80 (MB).
    Completing 90% with 732 violations.
    elapsed time = 00:00:29, memory = 741.91 (MB).
    Completing 100% with 1008 violations.
    elapsed time = 00:00:32, memory = 779.64 (MB).
[INFO DRT-0199]   Number of violations = 1134.
Viol/Layer        met4   met5
Metal Spacing      104      0
Recheck            125      1
Short              904      0
[INFO DRT-0267] cpu time = 00:00:42, elapsed time = 00:00:32, memory = 792.94 (MB), peak = 887.14 (MB)
Total wire length = 62091 um.
Total wire length on LAYER li1 = 0 um.
Total wire length on LAYER met1 = 0 um.
Total wire length on LAYER met2 = 0 um.
Total wire length on LAYER met3 = 0 um.
Total wire length on LAYER met4 = 59200 um.
Total wire length on LAYER met5 = 2890 um.
Total number of vias = 550.
Up-via summary (total 550):

----------------------
 FR_MASTERSLICE      0
            li1      0
           met1      0
           met2      0
           met3      0
           met4    550
----------------------
               550


[INFO DRT-0195] Start 1st optimization iteration.
    Completing 10% with 1134 violations.
    elapsed time = 00:00:02, memory = 782.27 (MB).
    Completing 20% with 1134 violations.
    elapsed time = 00:00:05, memory = 798.22 (MB).
    Completing 30% with 1049 violations.
    elapsed time = 00:00:07, memory = 783.91 (MB).
    Completing 40% with 1049 violations.
    elapsed time = 00:00:10, memory = 783.91 (MB).
    Completing 50% with 1049 violations.
    elapsed time = 00:00:14, memory = 861.25 (MB).
    Completing 60% with 938 violations.
    elapsed time = 00:00:17, memory = 820.72 (MB).
    Completing 70% with 938 violations.
    elapsed time = 00:00:21, memory = 820.73 (MB).
    Completing 80% with 786 violations.
    elapsed time = 00:00:25, memory = 839.62 (MB).
    Completing 90% with 786 violations.
    elapsed time = 00:00:29, memory = 840.02 (MB).
    Completing 100% with 654 violations.
    elapsed time = 00:00:33, memory = 857.26 (MB).
[INFO DRT-0199]   Number of violations = 654.
Viol/Layer        met4
Metal Spacing       25
Short              629
[INFO DRT-0267] cpu time = 00:00:42, elapsed time = 00:00:33, memory = 857.02 (MB), peak = 914.92 (MB)
Total wire length = 62065 um.
Total wire length on LAYER li1 = 0 um.
Total wire length on LAYER met1 = 0 um.
Total wire length on LAYER met2 = 0 um.
Total wire length on LAYER met3 = 0 um.
Total wire length on LAYER met4 = 60103 um.
Total wire length on LAYER met5 = 1962 um.
Total number of vias = 325.
Up-via summary (total 325):

----------------------
 FR_MASTERSLICE      0
            li1      0
           met1      0
           met2      0
           met3      0
           met4    325
----------------------
               325


[INFO DRT-0195] Start 2nd optimization iteration.
    Completing 10% with 654 violations.
    elapsed time = 00:00:01, memory = 859.04 (MB).
    Completing 20% with 654 violations.
    elapsed time = 00:00:03, memory = 859.55 (MB).
    Completing 30% with 636 violations.
    elapsed time = 00:00:05, memory = 807.69 (MB).
    Completing 40% with 636 violations.
    elapsed time = 00:00:08, memory = 802.69 (MB).
    Completing 50% with 636 violations.
    elapsed time = 00:00:11, memory = 800.69 (MB).
    Completing 60% with 617 violations.
    elapsed time = 00:00:14, memory = 807.64 (MB).
    Completing 70% with 617 violations.
    elapsed time = 00:00:17, memory = 807.64 (MB).
    Completing 80% with 590 violations.
    elapsed time = 00:00:21, memory = 811.32 (MB).
    Completing 90% with 590 violations.
    elapsed time = 00:00:24, memory = 812.05 (MB).
    Completing 100% with 550 violations.
    elapsed time = 00:00:27, memory = 832.04 (MB).
[INFO DRT-0199]   Number of violations = 550.
Viol/Layer        met4
Metal Spacing       19
Short              531
[INFO DRT-0267] cpu time = 00:00:35, elapsed time = 00:00:28, memory = 841.04 (MB), peak = 914.92 (MB)
Total wire length = 61960 um.
Total wire length on LAYER li1 = 0 um.
Total wire length on LAYER met1 = 0 um.
Total wire length on LAYER met2 = 0 um.
Total wire length on LAYER met3 = 0 um.
Total wire length on LAYER met4 = 60114 um.
Total wire length on LAYER met5 = 1846 um.
Total number of vias = 307.
Up-via summary (total 307):

----------------------
 FR_MASTERSLICE      0
            li1      0
           met1      0
           met2      0
           met3      0
           met4    307
----------------------
               307


[INFO DRT-0195] Start 3rd optimization iteration.
    Completing 10% with 550 violations.
    elapsed time = 00:00:03, memory = 842.05 (MB).
    Completing 20% with 550 violations.
    elapsed time = 00:00:07, memory = 820.57 (MB).
    Completing 30% with 488 violations.
    elapsed time = 00:00:11, memory = 847.80 (MB).
    Completing 40% with 488 violations.
    elapsed time = 00:00:14, memory = 845.86 (MB).
    Completing 50% with 488 violations.
    elapsed time = 00:00:18, memory = 861.00 (MB).
    Completing 60% with 438 violations.
    elapsed time = 00:00:21, memory = 859.55 (MB).
    Completing 70% with 438 violations.
    elapsed time = 00:00:25, memory = 860.98 (MB).
    Completing 80% with 386 violations.
    elapsed time = 00:00:28, memory = 865.29 (MB).
    Completing 90% with 386 violations.
    elapsed time = 00:00:31, memory = 865.29 (MB).
    Completing 100% with 320 violations.
    elapsed time = 00:00:34, memory = 857.29 (MB).
[INFO DRT-0199]   Number of violations = 320.
Viol/Layer        met4
Metal Spacing       26
Short              294
[INFO DRT-0267] cpu time = 00:00:43, elapsed time = 00:00:34, memory = 854.29 (MB), peak = 914.92 (MB)
Total wire length = 63596 um.
Total wire length on LAYER li1 = 0 um.
Total wire length on LAYER met1 = 0 um.
Total wire length on LAYER met2 = 0 um.
Total wire length on LAYER met3 = 0 um.
Total wire length on LAYER met4 = 60717 um.
Total wire length on LAYER met5 = 2878 um.
Total number of vias = 529.
Up-via summary (total 529):

----------------------
 FR_MASTERSLICE      0
            li1      0
           met1      0
           met2      0
           met3      0
           met4    529
----------------------
               529


[INFO DRT-0195] Start 4th optimization iteration.
    Completing 10% with 320 violations.
    elapsed time = 00:00:02, memory = 857.95 (MB).
    Completing 20% with 320 violations.
    elapsed time = 00:00:04, memory = 858.69 (MB).
    Completing 30% with 286 violations.
    elapsed time = 00:00:06, memory = 844.88 (MB).
    Completing 40% with 286 violations.
    elapsed time = 00:00:08, memory = 844.88 (MB).
    Completing 50% with 286 violations.
    elapsed time = 00:00:11, memory = 844.88 (MB).
    Completing 60% with 246 violations.
    elapsed time = 00:00:14, memory = 842.88 (MB).
    Completing 70% with 246 violations.
    elapsed time = 00:00:16, memory = 842.88 (MB).
    Completing 80% with 219 violations.
    elapsed time = 00:00:19, memory = 836.88 (MB).
    Completing 90% with 219 violations.
    elapsed time = 00:00:21, memory = 836.88 (MB).
    Completing 100% with 184 violations.
    elapsed time = 00:00:23, memory = 836.88 (MB).
[INFO DRT-0199]   Number of violations = 184.
Viol/Layer        met4
Metal Spacing       16
Short              168
[INFO DRT-0267] cpu time = 00:00:32, elapsed time = 00:00:24, memory = 834.01 (MB), peak = 914.92 (MB)
Total wire length = 64195 um.
Total wire length on LAYER li1 = 0 um.
Total wire length on LAYER met1 = 0 um.
Total wire length on LAYER met2 = 0 um.
Total wire length on LAYER met3 = 0 um.
Total wire length on LAYER met4 = 60891 um.
Total wire length on LAYER met5 = 3303 um.
Total number of vias = 624.
Up-via summary (total 624):

----------------------
 FR_MASTERSLICE      0
            li1      0
           met1      0
           met2      0
           met3      0
           met4    624
----------------------
               624


[INFO DRT-0195] Start 5th optimization iteration.
    Completing 10% with 184 violations.
    elapsed time = 00:00:00, memory = 834.35 (MB).
    Completing 20% with 184 violations.
    elapsed time = 00:00:02, memory = 834.35 (MB).
    Completing 30% with 167 violations.
    elapsed time = 00:00:03, memory = 834.67 (MB).
    Completing 40% with 167 violations.
    elapsed time = 00:00:05, memory = 834.67 (MB).
    Completing 50% with 167 violations.
    elapsed time = 00:00:07, memory = 834.67 (MB).
    Completing 60% with 152 violations.
    elapsed time = 00:00:08, memory = 832.67 (MB).
    Completing 70% with 152 violations.
    elapsed time = 00:00:10, memory = 832.67 (MB).
    Completing 80% with 134 violations.
    elapsed time = 00:00:12, memory = 830.67 (MB).
    Completing 90% with 134 violations.
    elapsed time = 00:00:14, memory = 830.67 (MB).
    Completing 100% with 95 violations.
    elapsed time = 00:00:16, memory = 826.67 (MB).
[INFO DRT-0199]   Number of violations = 95.
Viol/Layer        met4
Metal Spacing        3
Short               92
[INFO DRT-0267] cpu time = 00:00:22, elapsed time = 00:00:16, memory = 822.29 (MB), peak = 914.92 (MB)
Total wire length = 64382 um.
Total wire length on LAYER li1 = 0 um.
Total wire length on LAYER met1 = 0 um.
Total wire length on LAYER met2 = 0 um.
Total wire length on LAYER met3 = 0 um.
Total wire length on LAYER met4 = 60894 um.
Total wire length on LAYER met5 = 3488 um.
Total number of vias = 669.
Up-via summary (total 669):

----------------------
 FR_MASTERSLICE      0
            li1      0
           met1      0
           met2      0
           met3      0
           met4    669
----------------------
               669


[INFO DRT-0195] Start 6th guides tiles iteration.
    Completing 10% with 95 violations.
    elapsed time = 00:00:01, memory = 827.77 (MB).
    Completing 20% with 95 violations.
    elapsed time = 00:00:02, memory = 825.26 (MB).
    Completing 30% with 95 violations.
    elapsed time = 00:00:02, memory = 824.19 (MB).
    Completing 40% with 95 violations.
    elapsed time = 00:00:03, memory = 824.53 (MB).
    Completing 50% with 95 violations.
    elapsed time = 00:00:04, memory = 824.53 (MB).
    Completing 60% with 63 violations.
    elapsed time = 00:00:05, memory = 814.69 (MB).
    Completing 70% with 63 violations.
    elapsed time = 00:00:05, memory = 814.69 (MB).
    Completing 80% with 63 violations.
    elapsed time = 00:00:06, memory = 814.69 (MB).
    Completing 90% with 63 violations.
    elapsed time = 00:00:06, memory = 814.69 (MB).
    Completing 100% with 45 violations.
    elapsed time = 00:00:06, memory = 814.69 (MB).
[INFO DRT-0199]   Number of violations = 45.
Viol/Layer        met4
Metal Spacing        2
Short               43
[INFO DRT-0267] cpu time = 00:00:08, elapsed time = 00:00:07, memory = 813.79 (MB), peak = 914.92 (MB)
Total wire length = 64318 um.
Total wire length on LAYER li1 = 0 um.
Total wire length on LAYER met1 = 0 um.
Total wire length on LAYER met2 = 0 um.
Total wire length on LAYER met3 = 0 um.
Total wire length on LAYER met4 = 60401 um.
Total wire length on LAYER met5 = 3916 um.
Total number of vias = 722.
Up-via summary (total 722):

----------------------
 FR_MASTERSLICE      0
            li1      0
           met1      0
           met2      0
           met3      0
           met4    722
----------------------
               722


[INFO DRT-0195] Start 7th guides tiles iteration.
    Completing 10% with 45 violations.
    elapsed time = 00:00:00, memory = 814.04 (MB).
    Completing 20% with 45 violations.
    elapsed time = 00:00:00, memory = 814.59 (MB).
    Completing 30% with 45 violations.
    elapsed time = 00:00:00, memory = 815.30 (MB).
    Completing 40% with 45 violations.
    elapsed time = 00:00:01, memory = 819.34 (MB).
    Completing 50% with 45 violations.
    elapsed time = 00:00:01, memory = 819.34 (MB).
    Completing 60% with 45 violations.
    elapsed time = 00:00:02, memory = 817.11 (MB).
    Completing 70% with 45 violations.
    elapsed time = 00:00:02, memory = 817.24 (MB).
    Completing 80% with 36 violations.
    elapsed time = 00:00:02, memory = 813.44 (MB).
    Completing 90% with 36 violations.
    elapsed time = 00:00:02, memory = 813.44 (MB).
    Completing 100% with 36 violations.
    elapsed time = 00:00:03, memory = 813.44 (MB).
[INFO DRT-0199]   Number of violations = 36.
Viol/Layer        met4
Metal Spacing        1
Short               35
[INFO DRT-0267] cpu time = 00:00:04, elapsed time = 00:00:03, memory = 811.75 (MB), peak = 914.92 (MB)
Total wire length = 64336 um.
Total wire length on LAYER li1 = 0 um.
Total wire length on LAYER met1 = 0 um.
Total wire length on LAYER met2 = 0 um.
Total wire length on LAYER met3 = 0 um.
Total wire length on LAYER met4 = 60369 um.
Total wire length on LAYER met5 = 3966 um.
Total number of vias = 732.
Up-via summary (total 732):

----------------------
 FR_MASTERSLICE      0
            li1      0
           met1      0
           met2      0
           met3      0
           met4    732
----------------------
               732


[INFO DRT-0195] Start 8th guides tiles iteration.
    Completing 10% with 36 violations.
    elapsed time = 00:00:00, memory = 811.75 (MB).
    Completing 20% with 36 violations.
    elapsed time = 00:00:00, memory = 812.30 (MB).
    Completing 30% with 36 violations.
    elapsed time = 00:00:00, memory = 812.30 (MB).
    Completing 40% with 36 violations.
    elapsed time = 00:00:00, memory = 812.36 (MB).
    Completing 50% with 36 violations.
    elapsed time = 00:00:01, memory = 812.36 (MB).
    Completing 60% with 36 violations.
    elapsed time = 00:00:01, memory = 812.36 (MB).
    Completing 70% with 36 violations.
    elapsed time = 00:00:01, memory = 810.90 (MB).
    Completing 80% with 34 violations.
    elapsed time = 00:00:02, memory = 809.02 (MB).
    Completing 90% with 34 violations.
    elapsed time = 00:00:02, memory = 809.02 (MB).
    Completing 100% with 34 violations.
    elapsed time = 00:00:02, memory = 809.02 (MB).
[INFO DRT-0199]   Number of violations = 34.
Viol/Layer        met4
Short               34
[INFO DRT-0267] cpu time = 00:00:03, elapsed time = 00:00:02, memory = 809.37 (MB), peak = 914.92 (MB)
Total wire length = 64334 um.
Total wire length on LAYER li1 = 0 um.
Total wire length on LAYER met1 = 0 um.
Total wire length on LAYER met2 = 0 um.
Total wire length on LAYER met3 = 0 um.
Total wire length on LAYER met4 = 60335 um.
Total wire length on LAYER met5 = 3999 um.
Total number of vias = 734.
Up-via summary (total 734):

----------------------
 FR_MASTERSLICE      0
            li1      0
           met1      0
           met2      0
           met3      0
           met4    734
----------------------
               734


[INFO DRT-0195] Start 9th guides tiles iteration.
    Completing 10% with 34 violations.
    elapsed time = 00:00:00, memory = 809.37 (MB).
    Completing 20% with 34 violations.
    elapsed time = 00:00:00, memory = 809.62 (MB).
    Completing 30% with 34 violations.
    elapsed time = 00:00:00, memory = 809.62 (MB).
    Completing 40% with 34 violations.
    elapsed time = 00:00:00, memory = 810.06 (MB).
    Completing 50% with 34 violations.
    elapsed time = 00:00:00, memory = 810.06 (MB).
    Completing 60% with 34 violations.
    elapsed time = 00:00:01, memory = 810.06 (MB).
    Completing 70% with 34 violations.
    elapsed time = 00:00:01, memory = 814.10 (MB).
    Completing 80% with 34 violations.
    elapsed time = 00:00:02, memory = 807.10 (MB).
    Completing 90% with 34 violations.
    elapsed time = 00:00:02, memory = 807.10 (MB).
    Completing 100% with 34 violations.
    elapsed time = 00:00:02, memory = 807.10 (MB).
[INFO DRT-0199]   Number of violations = 34.
Viol/Layer        met4
Short               34
[INFO DRT-0267] cpu time = 00:00:03, elapsed time = 00:00:02, memory = 807.98 (MB), peak = 914.92 (MB)
Total wire length = 64324 um.
Total wire length on LAYER li1 = 0 um.
Total wire length on LAYER met1 = 0 um.
Total wire length on LAYER met2 = 0 um.
Total wire length on LAYER met3 = 0 um.
Total wire length on LAYER met4 = 60325 um.
Total wire length on LAYER met5 = 3999 um.
Total number of vias = 734.
Up-via summary (total 734):

----------------------
 FR_MASTERSLICE      0
            li1      0
           met1      0
           met2      0
           met3      0
           met4    734
----------------------
               734


[INFO DRT-0195] Start 10th guides tiles iteration.
    Completing 10% with 34 violations.
    elapsed time = 00:00:00, memory = 807.98 (MB).
    Completing 20% with 34 violations.
    elapsed time = 00:00:00, memory = 807.98 (MB).
    Completing 30% with 34 violations.
    elapsed time = 00:00:00, memory = 807.98 (MB).
    Completing 40% with 34 violations.
    elapsed time = 00:00:00, memory = 807.98 (MB).
    Completing 50% with 34 violations.
    elapsed time = 00:00:00, memory = 807.98 (MB).
    Completing 60% with 34 violations.
    elapsed time = 00:00:01, memory = 808.48 (MB).
    Completing 70% with 34 violations.
    elapsed time = 00:00:01, memory = 809.48 (MB).
    Completing 80% with 16 violations.
    elapsed time = 00:00:01, memory = 809.48 (MB).
    Completing 90% with 16 violations.
    elapsed time = 00:00:01, memory = 809.48 (MB).
    Completing 100% with 14 violations.
    elapsed time = 00:00:02, memory = 807.48 (MB).
[INFO DRT-0199]   Number of violations = 14.
Viol/Layer        met4
Metal Spacing        1
Short               13
[INFO DRT-0267] cpu time = 00:00:02, elapsed time = 00:00:02, memory = 805.80 (MB), peak = 914.92 (MB)
Total wire length = 64263 um.
Total wire length on LAYER li1 = 0 um.
Total wire length on LAYER met1 = 0 um.
Total wire length on LAYER met2 = 0 um.
Total wire length on LAYER met3 = 0 um.
Total wire length on LAYER met4 = 60047 um.
Total wire length on LAYER met5 = 4216 um.
Total number of vias = 760.
Up-via summary (total 760):

----------------------
 FR_MASTERSLICE      0
            li1      0
           met1      0
           met2      0
           met3      0
           met4    760
----------------------
               760


[INFO DRT-0195] Start 11th guides tiles iteration.
    Completing 10% with 14 violations.
    elapsed time = 00:00:00, memory = 805.80 (MB).
    Completing 20% with 14 violations.
    elapsed time = 00:00:00, memory = 805.80 (MB).
    Completing 30% with 14 violations.
    elapsed time = 00:00:00, memory = 805.80 (MB).
    Completing 40% with 14 violations.
    elapsed time = 00:00:00, memory = 805.80 (MB).
    Completing 50% with 14 violations.
    elapsed time = 00:00:00, memory = 805.80 (MB).
    Completing 60% with 14 violations.
    elapsed time = 00:00:00, memory = 805.80 (MB).
    Completing 70% with 14 violations.
    elapsed time = 00:00:00, memory = 805.80 (MB).
    Completing 80% with 11 violations.
    elapsed time = 00:00:00, memory = 805.80 (MB).
    Completing 90% with 11 violations.
    elapsed time = 00:00:00, memory = 805.80 (MB).
    Completing 100% with 9 violations.
    elapsed time = 00:00:00, memory = 805.80 (MB).
[INFO DRT-0199]   Number of violations = 9.
Viol/Layer        met4
Short                9
[INFO DRT-0267] cpu time = 00:00:01, elapsed time = 00:00:01, memory = 826.80 (MB), peak = 914.92 (MB)
Total wire length = 64280 um.
Total wire length on LAYER li1 = 0 um.
Total wire length on LAYER met1 = 0 um.
Total wire length on LAYER met2 = 0 um.
Total wire length on LAYER met3 = 0 um.
Total wire length on LAYER met4 = 60098 um.
Total wire length on LAYER met5 = 4182 um.
Total number of vias = 764.
Up-via summary (total 764):

----------------------
 FR_MASTERSLICE      0
            li1      0
           met1      0
           met2      0
           met3      0
           met4    764
----------------------
               764


[INFO DRT-0195] Start 12th guides tiles iteration.
    Completing 10% with 9 violations.
    elapsed time = 00:00:00, memory = 826.80 (MB).
    Completing 30% with 9 violations.
    elapsed time = 00:00:00, memory = 826.80 (MB).
    Completing 50% with 9 violations.
    elapsed time = 00:00:00, memory = 826.80 (MB).
    Completing 60% with 9 violations.
    elapsed time = 00:00:00, memory = 826.80 (MB).
    Completing 80% with 9 violations.
    elapsed time = 00:00:00, memory = 826.80 (MB).
    Completing 100% with 8 violations.
    elapsed time = 00:00:00, memory = 826.80 (MB).
[INFO DRT-0199]   Number of violations = 8.
Viol/Layer        met4
Short                8
[INFO DRT-0267] cpu time = 00:00:00, elapsed time = 00:00:00, memory = 826.80 (MB), peak = 914.92 (MB)
Total wire length = 64280 um.
Total wire length on LAYER li1 = 0 um.
Total wire length on LAYER met1 = 0 um.
Total wire length on LAYER met2 = 0 um.
Total wire length on LAYER met3 = 0 um.
Total wire length on LAYER met4 = 60094 um.
Total wire length on LAYER met5 = 4185 um.
Total number of vias = 766.
Up-via summary (total 766):

----------------------
 FR_MASTERSLICE      0
            li1      0
           met1      0
           met2      0
           met3      0
           met4    766
----------------------
               766


[INFO DRT-0195] Start 13th guides tiles iteration.
    Completing 20% with 8 violations.
    elapsed time = 00:00:00, memory = 826.80 (MB).
    Completing 40% with 8 violations.
    elapsed time = 00:00:00, memory = 826.80 (MB).
    Completing 60% with 8 violations.
    elapsed time = 00:00:00, memory = 826.80 (MB).
    Completing 80% with 8 violations.
    elapsed time = 00:00:00, memory = 826.80 (MB).
    Completing 100% with 8 violations.
    elapsed time = 00:00:00, memory = 826.80 (MB).
[INFO DRT-0199]   Number of violations = 8.
Viol/Layer        met4
Short                8
[INFO DRT-0267] cpu time = 00:00:00, elapsed time = 00:00:00, memory = 826.80 (MB), peak = 914.92 (MB)
Total wire length = 64280 um.
Total wire length on LAYER li1 = 0 um.
Total wire length on LAYER met1 = 0 um.
Total wire length on LAYER met2 = 0 um.
Total wire length on LAYER met3 = 0 um.
Total wire length on LAYER met4 = 60094 um.
Total wire length on LAYER met5 = 4185 um.
Total number of vias = 766.
Up-via summary (total 766):

----------------------
 FR_MASTERSLICE      0
            li1      0
           met1      0
           met2      0
           met3      0
           met4    766
----------------------
               766


[INFO DRT-0195] Start 14th stubborn tiles iteration.
    Completing 10% with 8 violations.
    elapsed time = 00:00:04, memory = 820.23 (MB).
    Completing 20% with 8 violations.
    elapsed time = 00:00:08, memory = 934.04 (MB).
    Completing 30% with 8 violations.
    elapsed time = 00:00:13, memory = 1211.21 (MB).
    Completing 40% with 8 violations.
    elapsed time = 00:00:18, memory = 1500.57 (MB).
    Completing 50% with 8 violations.
    elapsed time = 00:00:24, memory = 1791.96 (MB).
    Completing 60% with 8 violations.
    elapsed time = 00:00:28, memory = 2067.40 (MB).
    Completing 70% with 8 violations.
    elapsed time = 00:00:31, memory = 2249.68 (MB).
    Completing 80% with 8 violations.
    elapsed time = 00:00:34, memory = 2489.14 (MB).
    Completing 90% with 8 violations.
    elapsed time = 00:00:37, memory = 2742.68 (MB).
    Completing 100% with 0 violations.
    elapsed time = 00:00:43, memory = 1559.20 (MB).
[INFO DRT-0199]   Number of violations = 0.
[INFO DRT-0267] cpu time = 00:01:01, elapsed time = 00:00:43, memory = 1529.32 (MB), peak = 3025.50 (MB)
Total wire length = 64300 um.
Total wire length on LAYER li1 = 0 um.
Total wire length on LAYER met1 = 0 um.
Total wire length on LAYER met2 = 0 um.
Total wire length on LAYER met3 = 0 um.
Total wire length on LAYER met4 = 60063 um.
Total wire length on LAYER met5 = 4236 um.
Total number of vias = 772.
Up-via summary (total 772):

----------------------
 FR_MASTERSLICE      0
            li1      0
           met1      0
           met2      0
           met3      0
           met4    772
----------------------
               772


[INFO DRT-0198] Complete detail routing.
Total wire length = 64300 um.
Total wire length on LAYER li1 = 0 um.
Total wire length on LAYER met1 = 0 um.
Total wire length on LAYER met2 = 0 um.
Total wire length on LAYER met3 = 0 um.
Total wire length on LAYER met4 = 60063 um.
Total wire length on LAYER met5 = 4236 um.
Total number of vias = 772.
Up-via summary (total 772):

----------------------
 FR_MASTERSLICE      0
            li1      0
           met1      0
           met2      0
           met3      0
           met4    772
----------------------
               772


[INFO DRT-0267] cpu time = 00:05:05, elapsed time = 00:03:53, memory = 1529.44 (MB), peak = 3025.50 (MB)

[INFO DRT-0180] Post processing.
[INFO DRT-0501] Runtime: 237.63s
G2_RESULT drc=0
[INFO ANT-0002] Found 0 net violations.
[INFO ANT-0001] Found 0 pin violations.
