OpenROAD unknown 
Features included (+) or not (-): -GPU +GUI -Python
This program is licensed under the BSD-3 license. See the LICENSE file for details.
Components of this program may be licensed under more restrictive licenses which must be honored.
[INFO ORD-0030] Using 1 thread(s).
SIGNOFF_WS corner=ff setup=-1.440400687613419e-9 hold=-2.339023419395403e-11
SIGNOFF_SETUP_PATH_BEGIN
Startpoint: ln_51/_1_ (rising edge-triggered flip-flop clocked by clk)
Endpoint: row52/_644_ (rising edge-triggered flip-flop clocked by clk)
Path Group: clk
Path Type: max

Fanout       Cap      Slew     Delay      Time   Description
-------------------------------------------------------------------------------------
                              0.0000    0.0000   clock clk (rise edge)
                              0.7345    0.7345   clock network delay (propagated)
                    0.0492    0.0000    0.7345 ^ ln_51/_1_/CLK (sky130_fd_sc_hd__dfxtp_1)
     6    0.1304    0.9048    0.7876    1.5220 ^ ln_51/_1_/Q (sky130_fd_sc_hd__dfxtp_1)
                                                 lp51 (net)
     4    0.0903    0.5953    0.6380    2.1601 v ln_51/_0_/Y (sky130_fd_sc_hd__clkinv_1)
                                                 ln51 (net)
     9    0.0417    0.0639    0.3098    2.4698 v lt_ln51_s3/Z (LTAP2)
                                                 pgm_ln51_s3 (net)
     2    0.0088    0.0402    0.0889    2.5588 v vs_52_51/Z (VSITE_BUF)
                                                 lf_52_51 (net)
     2    0.0146    0.2474    0.2243    2.7830 ^ row52/_550_/Y (sky130_fd_sc_hd__xnor2_1)
                                                 row52/_247_ (net)
     1    0.0085    0.0752    0.0795    2.8626 v row52/_551_/Y (sky130_fd_sc_hd__xnor2_1)
                                                 row52/_248_ (net)
     2    0.0104    0.1869    0.1813    3.0438 ^ row52/_552_/Y (sky130_fd_sc_hd__xnor2_1)
                                                 row52/_249_ (net)
     1    0.0135    0.2188    0.1948    3.2386 ^ row52/_553_/X (sky130_fd_sc_hd__xor2_1)
                                                 row52/_250_ (net)
     2    0.0093    0.0740    0.0817    3.3204 v row52/_554_/Y (sky130_fd_sc_hd__xnor2_1)
                                                 row52/_251_ (net)
     1    0.0053    0.0358    0.0511    3.3715 ^ row52/_555_/Y (sky130_fd_sc_hd__clkinv_1)
                                                 row52/_252_ (net)
     3    0.0144    0.0720    0.0662    3.4377 v row52/_556_/Y (sky130_fd_sc_hd__nand2_1)
                                                 row52/_253_ (net)
     2    0.0575    1.1168    0.8694    4.3071 ^ row52/_573_/Y (sky130_fd_sc_hd__nor3_1)
                                                 row52/g48_6[3] (net)
     1    0.0635    0.6151    0.6257    4.9327 v row52/_575_/Y (sky130_fd_sc_hd__o21ai_0)
                                                 row52/g48_6[2] (net)
                    0.6152    0.0045    4.9372 v row52/_644_/D (sky130_fd_sc_hd__dfxtp_1)
                                        4.9372   data arrival time

                              3.0000    3.0000   clock clk (rise edge)
                              0.7568    3.7568   clock network delay (propagated)
                              0.0000    3.7568   clock reconvergence pessimism
                                        3.7568 ^ row52/_644_/CLK (sky130_fd_sc_hd__dfxtp_1)
                             -0.2600    3.4968   library setup time
                                        3.4968   data required time
-------------------------------------------------------------------------------------
                                        3.4968   data required time
                                       -4.9372   data arrival time
-------------------------------------------------------------------------------------
                                       -1.4404   slack (VIOLATED)


SIGNOFF_SETUP_PATH_END
SIGNOFF_HOLD_PATH_BEGIN
Startpoint: x[35] (input port clocked by clk)
Endpoint: ln_35/_1_ (rising edge-triggered flip-flop clocked by clk)
Path Group: clk
Path Type: min

    Delay      Time   Description
-------------------------------------------------------------
   0.0000    0.0000   clock clk (rise edge)
   0.0000    0.0000   clock network delay (propagated)
   0.0000    0.0000 v input external delay
   0.0000    0.0000 v x[35] (in)
                      x[35] (net)
   0.3669    0.3669 v hold7289/X (sky130_fd_sc_hd__dlygate4sd3_1)
                      net7289 (net)
   0.3253    0.6921 v input30/X (sky130_fd_sc_hd__clkdlybuf4s50_1)
                      net30 (net)
   0.0007    0.6929 v ln_35/_1_/D (sky130_fd_sc_hd__dfxtp_1)
             0.6929   data arrival time

   0.0000    0.0000   clock clk (rise edge)
   0.7698    0.7698   clock network delay (propagated)
   0.0000    0.7698   clock reconvergence pessimism
             0.7698 ^ ln_35/_1_/CLK (sky130_fd_sc_hd__dfxtp_1)
  -0.0535    0.7163   library hold time
             0.7163   data required time
-------------------------------------------------------------
             0.7163   data required time
            -0.6929   data arrival time
-------------------------------------------------------------
            -0.0234   slack (VIOLATED)


SIGNOFF_HOLD_PATH_END
SIGNOFF_PROG_WS setup=-1.440400687613419e-9
SIGNOFF_PROG_PATH_BEGIN
Startpoint: ln_51/_1_ (rising edge-triggered flip-flop clocked by clk)
Endpoint: row52/_644_ (rising edge-triggered flip-flop clocked by clk)
Path Group: clk
Path Type: max

Fanout       Cap      Slew     Delay      Time   Description
-------------------------------------------------------------------------------------
                              0.0000    0.0000   clock clk (rise edge)
                              0.7345    0.7345   clock network delay (propagated)
                    0.0492    0.0000    0.7345 ^ ln_51/_1_/CLK (sky130_fd_sc_hd__dfxtp_1)
     6    0.1304    0.9048    0.7876    1.5220 ^ ln_51/_1_/Q (sky130_fd_sc_hd__dfxtp_1)
                                                 lp51 (net)
     4    0.0903    0.5953    0.6380    2.1601 v ln_51/_0_/Y (sky130_fd_sc_hd__clkinv_1)
                                                 ln51 (net)
     9    0.0417    0.0639    0.3098    2.4698 v lt_ln51_s3/Z (LTAP2)
                                                 pgm_ln51_s3 (net)
     2    0.0088    0.0402    0.0889    2.5588 v vs_52_51/Z (VSITE_BUF)
                                                 lf_52_51 (net)
     2    0.0146    0.2474    0.2243    2.7830 ^ row52/_550_/Y (sky130_fd_sc_hd__xnor2_1)
                                                 row52/_247_ (net)
     1    0.0085    0.0752    0.0795    2.8626 v row52/_551_/Y (sky130_fd_sc_hd__xnor2_1)
                                                 row52/_248_ (net)
     2    0.0104    0.1869    0.1813    3.0438 ^ row52/_552_/Y (sky130_fd_sc_hd__xnor2_1)
                                                 row52/_249_ (net)
     1    0.0135    0.2188    0.1948    3.2386 ^ row52/_553_/X (sky130_fd_sc_hd__xor2_1)
                                                 row52/_250_ (net)
     2    0.0093    0.0740    0.0817    3.3204 v row52/_554_/Y (sky130_fd_sc_hd__xnor2_1)
                                                 row52/_251_ (net)
     1    0.0053    0.0358    0.0511    3.3715 ^ row52/_555_/Y (sky130_fd_sc_hd__clkinv_1)
                                                 row52/_252_ (net)
     3    0.0144    0.0720    0.0662    3.4377 v row52/_556_/Y (sky130_fd_sc_hd__nand2_1)
                                                 row52/_253_ (net)
     2    0.0575    1.1168    0.8694    4.3071 ^ row52/_573_/Y (sky130_fd_sc_hd__nor3_1)
                                                 row52/g48_6[3] (net)
     1    0.0635    0.6151    0.6257    4.9327 v row52/_575_/Y (sky130_fd_sc_hd__o21ai_0)
                                                 row52/g48_6[2] (net)
                    0.6152    0.0045    4.9372 v row52/_644_/D (sky130_fd_sc_hd__dfxtp_1)
                                        4.9372   data arrival time

                              3.0000    3.0000   clock clk (rise edge)
                              0.7568    3.7568   clock network delay (propagated)
                              0.0000    3.7568   clock reconvergence pessimism
                                        3.7568 ^ row52/_644_/CLK (sky130_fd_sc_hd__dfxtp_1)
                             -0.2600    3.4968   library setup time
                                        3.4968   data required time
-------------------------------------------------------------------------------------
                                        3.4968   data required time
                                       -4.9372   data arrival time
-------------------------------------------------------------------------------------
                                       -1.4404   slack (VIOLATED)


SIGNOFF_PROG_PATH_END
SIGNOFF_SLEW tap_input_max=1.479960 tap_input_pin=lt_lp59_s0/A site_input_max=0.122562 site_input_pin=vs_48_31/A
SIGNOFF_SPINE_DRIVERS sky130_fd_sc_hd__clkinv_1 256 sky130_fd_sc_hd__dfxtp_1 256
