
 /----------------------------------------------------------------------------\
 |  yosys -- Yosys Open SYnthesis Suite                                       |
 |  Copyright (C) 2012 - 2026  Claire Xenia Wolf <claire@yosyshq.com>         |
 |  Distributed under an ISC-like license, type "license" to see terms        |
 \----------------------------------------------------------------------------/
 Yosys 0.69 (git sha1 9f75ca1f9, Release, Clang /workspace/YoWASP/yosys/wasi-sdk-33.0-x86_64-linux/share/cmake/../..//bin/clang++ 22.1.0)

-- Running command `read_verilog rtl.v; synth -flatten -top top -noabc; aigmap; opt_clean; write_aiger -ascii -symbols design.aag; write_aiger -symbols design.aig' --

1. Executing Verilog-2005 frontend: rtl.v
Parsing Verilog input from `rtl.v' to AST representation.
Generating RTLIL representation for module `\top'.
Successfully finished Verilog frontend.

2. Executing SYNTH pass.

2.1. Executing HIERARCHY pass (managing design hierarchy).

2.1.1. Analyzing design hierarchy..
Top module:  \top

2.1.2. Analyzing design hierarchy..
Top module:  \top
Removed 0 unused modules.

2.2. Executing PROC pass (convert processes to netlists).

2.2.1. Executing PROC_CLEAN pass (remove empty switches from decision trees).
Cleaned up 0 empty switches.

2.2.2. Executing PROC_RMDEAD pass (remove dead branches from decision trees).
Removed a total of 0 dead cases.

2.2.3. Executing PROC_PRUNE pass (remove redundant assignments in processes).
Removed 0 redundant assignments.
Promoted 0 assignments to connections.

2.2.4. Executing PROC_INIT pass (extract init attributes).

2.2.5. Executing PROC_ARST pass (detect async resets in processes).

2.2.6. Executing PROC_ROM pass (convert switches to ROMs).
Converted 0 switches.

2.2.7. Executing PROC_MUX pass (convert decision trees to multiplexers).

2.2.8. Executing PROC_DLATCH pass (convert process syncs to latches).

2.2.9. Executing PROC_DFF pass (convert process syncs to FFs).

2.2.10. Executing PROC_MEMWR pass (convert process memory writes to cells).

2.2.11. Executing PROC_CLEAN pass (remove empty switches from decision trees).
Cleaned up 0 empty switches.

2.2.12. Executing OPT_EXPR pass (perform const folding).
Optimizing module top.

2.3. Executing CHECK pass (checking for obvious problems).
Checking module top...
Found and reported 0 problems.

2.4. Executing FLATTEN pass (flatten design).

2.5. Executing OPT_EXPR pass (perform const folding).
Optimizing module top.

2.6. Executing OPT_CLEAN pass (remove unused cells and wires).
Finding unused cells or wires in module \top..
Removed 0 unused cells and 36 unused wires.
<suppressed ~1 debug messages>

2.7. Executing CHECK pass (checking for obvious problems).
Checking module top...
Found and reported 0 problems.

2.8. Executing OPT pass (performing simple optimizations).

2.8.1. Executing OPT_EXPR pass (perform const folding).
Optimizing module top.

2.8.2. Executing OPT_MERGE pass (detect identical cells).
Finding identical cells in module `\top'.
Computing hashes of 36 cells of `\top'.
Finding duplicate cells in `\top'.
Removed a total of 0 cells.

2.8.3. Executing OPT_MUXTREE pass (detect dead branches in mux trees).
Running muxtree optimizer on module \top..
  Creating internal representation of mux trees.
  No muxes found in this module.
Removed 0 multiplexer ports.

2.8.4. Executing OPT_REDUCE pass (consolidate $*mux and $reduce_* inputs).
  Optimizing cells in module \top.
Performed a total of 0 changes.

2.8.5. Executing OPT_MERGE pass (detect identical cells).
Finding identical cells in module `\top'.
Computing hashes of 36 cells of `\top'.
Finding duplicate cells in `\top'.
Removed a total of 0 cells.

2.8.6. Executing OPT_DFF pass (perform DFF optimizations).

2.8.7. Executing OPT_CLEAN pass (remove unused cells and wires).
Finding unused cells or wires in module \top..

2.8.8. Executing OPT_EXPR pass (perform const folding).
Optimizing module top.

2.8.9. Finished fast OPT passes. (There is nothing left to do.)

2.9. Executing FSM pass (extract and optimize FSM).

2.9.1. Executing FSM_DETECT pass (finding FSMs in design).

2.9.2. Executing FSM_EXTRACT pass (extracting FSM from design).

2.9.3. Executing FSM_OPT pass (simple optimizations of FSMs).

2.9.4. Executing OPT_CLEAN pass (remove unused cells and wires).
Finding unused cells or wires in module \top..

2.9.5. Executing FSM_OPT pass (simple optimizations of FSMs).

2.9.6. Executing FSM_RECODE pass (re-assigning FSM state encoding).

2.9.7. Executing FSM_INFO pass (dumping all available information on FSM cells).

2.9.8. Executing FSM_MAP pass (mapping FSMs to basic logic).

2.10. Executing OPT pass (performing simple optimizations).

2.10.1. Executing OPT_EXPR pass (perform const folding).
Optimizing module top.

2.10.2. Executing OPT_MERGE pass (detect identical cells).
Finding identical cells in module `\top'.
Computing hashes of 36 cells of `\top'.
Finding duplicate cells in `\top'.
Removed a total of 0 cells.

2.10.3. Executing OPT_MUXTREE pass (detect dead branches in mux trees).
Running muxtree optimizer on module \top..
  Creating internal representation of mux trees.
  No muxes found in this module.
Removed 0 multiplexer ports.

2.10.4. Executing OPT_REDUCE pass (consolidate $*mux and $reduce_* inputs).
  Optimizing cells in module \top.
Performed a total of 0 changes.

2.10.5. Executing OPT_MERGE pass (detect identical cells).
Finding identical cells in module `\top'.
Computing hashes of 36 cells of `\top'.
Finding duplicate cells in `\top'.
Removed a total of 0 cells.

2.10.6. Executing OPT_DFF pass (perform DFF optimizations).

2.10.7. Executing OPT_CLEAN pass (remove unused cells and wires).
Finding unused cells or wires in module \top..

2.10.8. Executing OPT_EXPR pass (perform const folding).
Optimizing module top.

2.10.9. Finished fast OPT passes. (There is nothing left to do.)

2.11. Executing WREDUCE pass (reducing word size of cells).
Removed top 1 bits (of 10) from port Y of cell top.$sub$rtl.v:6$1 ($sub).
Removed top 1 bits (of 10) from port Y of cell top.$add$rtl.v:7$2 ($add).
Removed top 1 bits (of 10) from port Y of cell top.$sub$rtl.v:8$3 ($sub).
Removed top 1 bits (of 10) from port Y of cell top.$sub$rtl.v:9$4 ($sub).
Removed top 1 bits (of 10) from port Y of cell top.$add$rtl.v:10$5 ($add).
Removed top 1 bits (of 10) from port Y of cell top.$add$rtl.v:11$6 ($add).
Removed top 1 bits (of 10) from port Y of cell top.$sub$rtl.v:12$7 ($sub).
Removed top 1 bits (of 10) from port Y of cell top.$sub$rtl.v:13$8 ($sub).
Removed top 1 bits (of 10) from port Y of cell top.$sub$rtl.v:14$9 ($sub).
Removed top 1 bits (of 10) from port Y of cell top.$add$rtl.v:15$10 ($add).
Removed top 1 bits (of 10) from port Y of cell top.$add$rtl.v:16$11 ($add).
Removed top 1 bits (of 10) from port Y of cell top.$add$rtl.v:17$12 ($add).
Removed top 1 bits (of 10) from port A of cell top.$sub$rtl.v:18$13 ($sub).
Removed top 1 bits (of 10) from port A of cell top.$add$rtl.v:19$14 ($add).
Removed top 1 bits (of 10) from port A of cell top.$sub$rtl.v:20$15 ($sub).
Removed top 1 bits (of 10) from port A of cell top.$add$rtl.v:21$16 ($add).
Removed top 1 bits (of 10) from port A of cell top.$sub$rtl.v:22$17 ($sub).
Removed top 1 bits (of 10) from port A of cell top.$sub$rtl.v:23$18 ($sub).
Removed top 1 bits (of 10) from port A of cell top.$add$rtl.v:24$19 ($add).
Removed top 1 bits (of 10) from port A of cell top.$add$rtl.v:25$20 ($add).
Removed top 1 bits (of 10) from port A of cell top.$sub$rtl.v:26$21 ($sub).
Removed top 1 bits (of 10) from port A of cell top.$add$rtl.v:27$22 ($add).
Removed top 1 bits (of 10) from port A of cell top.$sub$rtl.v:28$23 ($sub).
Removed top 1 bits (of 10) from port A of cell top.$add$rtl.v:29$24 ($add).
Removed top 1 bits (of 10) from port A of cell top.$sub$rtl.v:30$25 ($sub).
Removed top 1 bits (of 10) from port A of cell top.$sub$rtl.v:31$26 ($sub).
Removed top 1 bits (of 10) from port A of cell top.$add$rtl.v:32$27 ($add).
Removed top 1 bits (of 10) from port A of cell top.$add$rtl.v:33$28 ($add).

2.12. Executing PEEPOPT pass (run peephole optimizers).

2.13. Executing OPT_CLEAN pass (remove unused cells and wires).
Finding unused cells or wires in module \top..

2.14. Executing ALUMACC pass (create $alu and $macc cells).
Extracting $alu and $macc cells in module top:
  creating $macc model for $add$rtl.v:41$36 ($add).
  creating $macc model for $sub$rtl.v:40$35 ($sub).
  creating $macc model for $add$rtl.v:39$34 ($add).
  creating $macc model for $sub$rtl.v:38$33 ($sub).
  creating $macc model for $add$rtl.v:37$32 ($add).
  creating $macc model for $sub$rtl.v:36$31 ($sub).
  creating $macc model for $add$rtl.v:35$30 ($add).
  creating $macc model for $sub$rtl.v:34$29 ($sub).
  creating $macc model for $add$rtl.v:33$28 ($add).
  creating $macc model for $add$rtl.v:32$27 ($add).
  creating $macc model for $sub$rtl.v:31$26 ($sub).
  creating $macc model for $sub$rtl.v:30$25 ($sub).
  creating $macc model for $add$rtl.v:29$24 ($add).
  creating $macc model for $sub$rtl.v:28$23 ($sub).
  creating $macc model for $add$rtl.v:27$22 ($add).
  creating $macc model for $sub$rtl.v:26$21 ($sub).
  creating $macc model for $add$rtl.v:25$20 ($add).
  creating $macc model for $add$rtl.v:24$19 ($add).
  creating $macc model for $sub$rtl.v:23$18 ($sub).
  creating $macc model for $sub$rtl.v:22$17 ($sub).
  creating $macc model for $add$rtl.v:21$16 ($add).
  creating $macc model for $sub$rtl.v:20$15 ($sub).
  creating $macc model for $add$rtl.v:19$14 ($add).
  creating $macc model for $sub$rtl.v:18$13 ($sub).
  creating $macc model for $add$rtl.v:17$12 ($add).
  creating $macc model for $add$rtl.v:16$11 ($add).
  creating $macc model for $add$rtl.v:15$10 ($add).
  creating $macc model for $sub$rtl.v:14$9 ($sub).
  creating $macc model for $sub$rtl.v:13$8 ($sub).
  creating $macc model for $sub$rtl.v:12$7 ($sub).
  creating $macc model for $add$rtl.v:11$6 ($add).
  creating $macc model for $add$rtl.v:10$5 ($add).
  creating $macc model for $sub$rtl.v:9$4 ($sub).
  creating $macc model for $sub$rtl.v:8$3 ($sub).
  creating $macc model for $add$rtl.v:7$2 ($add).
  creating $macc model for $sub$rtl.v:6$1 ($sub).
  creating $alu model for $macc $sub$rtl.v:6$1.
  creating $alu model for $macc $add$rtl.v:7$2.
  creating $alu model for $macc $sub$rtl.v:8$3.
  creating $alu model for $macc $sub$rtl.v:9$4.
  creating $alu model for $macc $add$rtl.v:10$5.
  creating $alu model for $macc $add$rtl.v:11$6.
  creating $alu model for $macc $sub$rtl.v:12$7.
  creating $alu model for $macc $sub$rtl.v:13$8.
  creating $alu model for $macc $sub$rtl.v:14$9.
  creating $alu model for $macc $add$rtl.v:15$10.
  creating $alu model for $macc $add$rtl.v:16$11.
  creating $alu model for $macc $add$rtl.v:17$12.
  creating $alu model for $macc $sub$rtl.v:18$13.
  creating $alu model for $macc $add$rtl.v:19$14.
  creating $alu model for $macc $sub$rtl.v:20$15.
  creating $alu model for $macc $add$rtl.v:21$16.
  creating $alu model for $macc $sub$rtl.v:22$17.
  creating $alu model for $macc $sub$rtl.v:23$18.
  creating $alu model for $macc $add$rtl.v:24$19.
  creating $alu model for $macc $add$rtl.v:25$20.
  creating $alu model for $macc $sub$rtl.v:26$21.
  creating $alu model for $macc $add$rtl.v:27$22.
  creating $alu model for $macc $sub$rtl.v:28$23.
  creating $alu model for $macc $add$rtl.v:29$24.
  creating $alu model for $macc $sub$rtl.v:30$25.
  creating $alu model for $macc $sub$rtl.v:31$26.
  creating $alu model for $macc $add$rtl.v:32$27.
  creating $alu model for $macc $add$rtl.v:33$28.
  creating $alu model for $macc $sub$rtl.v:34$29.
  creating $alu model for $macc $add$rtl.v:35$30.
  creating $alu model for $macc $sub$rtl.v:36$31.
  creating $alu model for $macc $add$rtl.v:37$32.
  creating $alu model for $macc $sub$rtl.v:38$33.
  creating $alu model for $macc $add$rtl.v:39$34.
  creating $alu model for $macc $sub$rtl.v:40$35.
  creating $alu model for $macc $add$rtl.v:41$36.
  creating $alu cell for $add$rtl.v:41$36: $auto$alumacc.cc:548:replace_alu$37
  creating $alu cell for $sub$rtl.v:40$35: $auto$alumacc.cc:548:replace_alu$40
  creating $alu cell for $add$rtl.v:39$34: $auto$alumacc.cc:548:replace_alu$43
  creating $alu cell for $sub$rtl.v:38$33: $auto$alumacc.cc:548:replace_alu$46
  creating $alu cell for $add$rtl.v:37$32: $auto$alumacc.cc:548:replace_alu$49
  creating $alu cell for $sub$rtl.v:36$31: $auto$alumacc.cc:548:replace_alu$52
  creating $alu cell for $add$rtl.v:35$30: $auto$alumacc.cc:548:replace_alu$55
  creating $alu cell for $sub$rtl.v:34$29: $auto$alumacc.cc:548:replace_alu$58
  creating $alu cell for $add$rtl.v:33$28: $auto$alumacc.cc:548:replace_alu$61
  creating $alu cell for $add$rtl.v:32$27: $auto$alumacc.cc:548:replace_alu$64
  creating $alu cell for $sub$rtl.v:31$26: $auto$alumacc.cc:548:replace_alu$67
  creating $alu cell for $sub$rtl.v:30$25: $auto$alumacc.cc:548:replace_alu$70
  creating $alu cell for $add$rtl.v:29$24: $auto$alumacc.cc:548:replace_alu$73
  creating $alu cell for $sub$rtl.v:28$23: $auto$alumacc.cc:548:replace_alu$76
  creating $alu cell for $add$rtl.v:27$22: $auto$alumacc.cc:548:replace_alu$79
  creating $alu cell for $sub$rtl.v:26$21: $auto$alumacc.cc:548:replace_alu$82
  creating $alu cell for $add$rtl.v:25$20: $auto$alumacc.cc:548:replace_alu$85
  creating $alu cell for $add$rtl.v:24$19: $auto$alumacc.cc:548:replace_alu$88
  creating $alu cell for $sub$rtl.v:23$18: $auto$alumacc.cc:548:replace_alu$91
  creating $alu cell for $sub$rtl.v:22$17: $auto$alumacc.cc:548:replace_alu$94
  creating $alu cell for $add$rtl.v:21$16: $auto$alumacc.cc:548:replace_alu$97
  creating $alu cell for $sub$rtl.v:20$15: $auto$alumacc.cc:548:replace_alu$100
  creating $alu cell for $add$rtl.v:19$14: $auto$alumacc.cc:548:replace_alu$103
  creating $alu cell for $sub$rtl.v:18$13: $auto$alumacc.cc:548:replace_alu$106
  creating $alu cell for $add$rtl.v:15$10: $auto$alumacc.cc:548:replace_alu$109
  creating $alu cell for $sub$rtl.v:14$9: $auto$alumacc.cc:548:replace_alu$112
  creating $alu cell for $add$rtl.v:16$11: $auto$alumacc.cc:548:replace_alu$115
  creating $alu cell for $sub$rtl.v:13$8: $auto$alumacc.cc:548:replace_alu$118
  creating $alu cell for $add$rtl.v:17$12: $auto$alumacc.cc:548:replace_alu$121
  creating $alu cell for $sub$rtl.v:12$7: $auto$alumacc.cc:548:replace_alu$124
  creating $alu cell for $add$rtl.v:10$5: $auto$alumacc.cc:548:replace_alu$127
  creating $alu cell for $sub$rtl.v:9$4: $auto$alumacc.cc:548:replace_alu$130
  creating $alu cell for $add$rtl.v:11$6: $auto$alumacc.cc:548:replace_alu$133
  creating $alu cell for $sub$rtl.v:8$3: $auto$alumacc.cc:548:replace_alu$136
  creating $alu cell for $add$rtl.v:7$2: $auto$alumacc.cc:548:replace_alu$139
  creating $alu cell for $sub$rtl.v:6$1: $auto$alumacc.cc:548:replace_alu$142
  created 36 $alu and 0 $macc cells.

2.15. Executing SHARE pass (SAT-based resource sharing).

2.16. Executing OPT pass (performing simple optimizations).

2.16.1. Executing OPT_EXPR pass (perform const folding).
Optimizing module top.

2.16.2. Executing OPT_MERGE pass (detect identical cells).
Finding identical cells in module `\top'.
Computing hashes of 36 cells of `\top'.
Finding duplicate cells in `\top'.
Removed a total of 0 cells.

2.16.3. Executing OPT_MUXTREE pass (detect dead branches in mux trees).
Running muxtree optimizer on module \top..
  Creating internal representation of mux trees.
  No muxes found in this module.
Removed 0 multiplexer ports.

2.16.4. Executing OPT_REDUCE pass (consolidate $*mux and $reduce_* inputs).
  Optimizing cells in module \top.
Performed a total of 0 changes.

2.16.5. Executing OPT_MERGE pass (detect identical cells).
Finding identical cells in module `\top'.
Computing hashes of 36 cells of `\top'.
Finding duplicate cells in `\top'.
Removed a total of 0 cells.

2.16.6. Executing OPT_DFF pass (perform DFF optimizations).

2.16.7. Executing OPT_CLEAN pass (remove unused cells and wires).
Finding unused cells or wires in module \top..

2.16.8. Executing OPT_EXPR pass (perform const folding).
Optimizing module top.

2.16.9. Finished fast OPT passes. (There is nothing left to do.)

2.17. Executing MEMORY pass.

2.17.1. Executing OPT_MEM pass (optimize memories).
Performed a total of 0 transformations.

2.17.2. Executing OPT_MEM_PRIORITY pass (removing unnecessary memory write priority relations).
Performed a total of 0 transformations.

2.17.3. Executing OPT_MEM_FEEDBACK pass (finding memory read-to-write feedback paths).

2.17.4. Executing MEMORY_BMUX2ROM pass (converting muxes to ROMs).

2.17.5. Executing MEMORY_DFF pass (merging $dff cells to $memrd).

2.17.6. Executing OPT_CLEAN pass (remove unused cells and wires).
Finding unused cells or wires in module \top..

2.17.7. Executing MEMORY_SHARE pass (consolidating $memrd/$memwr cells).

2.17.8. Executing OPT_MEM_WIDEN pass (optimize memories where all ports are wide).
Performed a total of 0 transformations.

2.17.9. Executing OPT_CLEAN pass (remove unused cells and wires).
Finding unused cells or wires in module \top..

2.17.10. Executing MEMORY_COLLECT pass (generating $mem cells).

2.18. Executing OPT_CLEAN pass (remove unused cells and wires).
Finding unused cells or wires in module \top..

2.19. Executing OPT pass (performing simple optimizations).

2.19.1. Executing OPT_EXPR pass (perform const folding).
Optimizing module top.

2.19.2. Executing OPT_MERGE pass (detect identical cells).
Finding identical cells in module `\top'.
Computing hashes of 36 cells of `\top'.
Finding duplicate cells in `\top'.
Removed a total of 0 cells.

2.19.3. Executing OPT_DFF pass (perform DFF optimizations).

2.19.4. Executing OPT_CLEAN pass (remove unused cells and wires).
Finding unused cells or wires in module \top..

2.19.5. Finished fast OPT passes.

2.20. Executing MEMORY_MAP pass (converting memories to logic and flip-flops).

2.21. Executing OPT pass (performing simple optimizations).

2.21.1. Executing OPT_EXPR pass (perform const folding).
Optimizing module top.

2.21.2. Executing OPT_MERGE pass (detect identical cells).
Finding identical cells in module `\top'.
Computing hashes of 36 cells of `\top'.
Finding duplicate cells in `\top'.
Removed a total of 0 cells.

2.21.3. Executing OPT_MUXTREE pass (detect dead branches in mux trees).
Running muxtree optimizer on module \top..
  Creating internal representation of mux trees.
  No muxes found in this module.
Removed 0 multiplexer ports.

2.21.4. Executing OPT_REDUCE pass (consolidate $*mux and $reduce_* inputs).
  Optimizing cells in module \top.
Performed a total of 0 changes.

2.21.5. Executing OPT_MERGE pass (detect identical cells).
Finding identical cells in module `\top'.
Computing hashes of 36 cells of `\top'.
Finding duplicate cells in `\top'.
Removed a total of 0 cells.

2.21.6. Executing OPT_SHARE pass.

2.21.7. Executing OPT_DFF pass (perform DFF optimizations).

2.21.8. Executing OPT_CLEAN pass (remove unused cells and wires).
Finding unused cells or wires in module \top..

2.21.9. Executing OPT_EXPR pass (perform const folding).
Optimizing module top.

2.21.10. Finished fast OPT passes. (There is nothing left to do.)

2.22. Executing TECHMAP pass (map to technology primitives).

2.22.1. Executing Verilog-2005 frontend: /share/techmap.v
Parsing Verilog input from `/share/techmap.v' to AST representation.
Generating RTLIL representation for module `\_90_simplemap_bool_ops'.
Generating RTLIL representation for module `\_90_simplemap_reduce_ops'.
Generating RTLIL representation for module `\_90_simplemap_logic_ops'.
Generating RTLIL representation for module `\_90_simplemap_compare_ops'.
Generating RTLIL representation for module `\_90_simplemap_various'.
Generating RTLIL representation for module `\_90_simplemap_registers'.
Generating RTLIL representation for module `\_90_shift_ops_shr_shl_sshl_sshr'.
Generating RTLIL representation for module `\_90_shift_shiftx'.
Generating RTLIL representation for module `\_90_fa'.
Generating RTLIL representation for module `\_90_lcu_brent_kung'.
Generating RTLIL representation for module `\_90_alu'.
Generating RTLIL representation for module `\_90_macc'.
Generating RTLIL representation for module `\_90_alumacc'.
Generating RTLIL representation for module `$__div_mod_u'.
Generating RTLIL representation for module `$__div_mod_trunc'.
Generating RTLIL representation for module `\_90_div'.
Generating RTLIL representation for module `\_90_mod'.
Generating RTLIL representation for module `$__div_mod_floor'.
Generating RTLIL representation for module `\_90_divfloor'.
Generating RTLIL representation for module `\_90_modfloor'.
Generating RTLIL representation for module `\_90_pow'.
Generating RTLIL representation for module `\_90_demux'.
Generating RTLIL representation for module `\_90_lut'.
Generating RTLIL representation for module `$connect'.
Generating RTLIL representation for module `$input_port'.
Successfully finished Verilog frontend.

2.22.2. Continuing TECHMAP pass.
Using template $paramod$381d5ac9ce4d79feb95fa03ade8f84c5a58bb3c0\_90_alu for cells of type $alu.
Using template $paramod$fd1ed558bf45777e56fc887290454192663a02cc\_90_alu for cells of type $alu.
Using template $paramod$2ee99f7d34604d49220c508e2a022c99f49ec060\_90_alu for cells of type $alu.
Using template $paramod$bdfdc9ec7778626f51ac4e2156e7d5d5f3eb782a\_90_alu for cells of type $alu.
Using template $paramod$8105d46316cb99041c6dc3f486b2ad084df41ba8\_90_alu for cells of type $alu.
Using extmapper simplemap for cells of type $xor.
Using template $paramod\_90_fa\WIDTH=32'00000000000000000000000000001001 for cells of type $fa.
Using template $paramod\_90_lcu_brent_kung\WIDTH=32'00000000000000000000000000001001 for cells of type $lcu.
Using extmapper simplemap for cells of type $pos.
Using extmapper simplemap for cells of type $mux.
Using extmapper simplemap for cells of type $not.
Using template $paramod\_90_fa\WIDTH=32'00000000000000000000000000001010 for cells of type $fa.
Using template $paramod\_90_lcu_brent_kung\WIDTH=32'00000000000000000000000000001010 for cells of type $lcu.
Using template $paramod\_90_fa\WIDTH=32'00000000000000000000000000001011 for cells of type $fa.
Using template $paramod\_90_lcu_brent_kung\WIDTH=32'00000000000000000000000000001011 for cells of type $lcu.
Using extmapper simplemap for cells of type $or.
Using extmapper simplemap for cells of type $and.
No more expansions possible.
<suppressed ~2161 debug messages>

2.23. Executing OPT pass (performing simple optimizations).

2.23.1. Executing OPT_EXPR pass (perform const folding).
Optimizing module top.
<suppressed ~1556 debug messages>

2.23.2. Executing OPT_MERGE pass (detect identical cells).
Finding identical cells in module `\top'.
Computing hashes of 2562 cells of `\top'.
Finding duplicate cells in `\top'.
Computing hashes of 2289 cells of `\top'.
Finding duplicate cells in `\top'.
Computing hashes of 2253 cells of `\top'.
Finding duplicate cells in `\top'.
<suppressed ~927 debug messages>
Removed a total of 309 cells.

2.23.3. Executing OPT_DFF pass (perform DFF optimizations).

2.23.4. Executing OPT_CLEAN pass (remove unused cells and wires).
Finding unused cells or wires in module \top..
Removed 209 unused cells and 1503 unused wires.
<suppressed ~210 debug messages>

2.23.5. Finished fast OPT passes.

2.24. Executing HIERARCHY pass (managing design hierarchy).
Attribute `top' found on module `top'. Setting top module to top.

2.24.1. Analyzing design hierarchy..
Top module:  \top

2.24.2. Analyzing design hierarchy..
Top module:  \top
Removed 0 unused modules.

2.25. Printing statistics.

=== top ===

        +----------Local Count, excluding submodules.
        | 
      929 wires
     3060 wire bits
       78 public wires
     1224 public wire bits
        2 ports
      428 port bits
     2044 cells
      908   $_AND_
       42   $_NOT_
      454   $_OR_
      640   $_XOR_

2.26. Executing CHECK pass (checking for obvious problems).
Checking module top...
Found and reported 0 problems.

3. Executing AIGMAP pass (map logic to AIG).
Module top: replaced 1094 cells with 6296 new cells, skipped 950 cells.
  replaced 2 cell types:
     454 $_OR_
     640 $_XOR_
  not replaced 2 cell types:
     908 $_AND_
      42 $_NOT_

4. Executing OPT_CLEAN pass (remove unused cells and wires).
Finding unused cells or wires in module \top..
Removed 0 unused cells and 1094 unused wires.
<suppressed ~1 debug messages>

5. Executing AIGER backend.
Warning: Treating undriven bit top.\x [0] like $anyseq.
Warning: Treating undriven bit top.\x [1] like $anyseq.
Warning: Treating undriven bit top.\x [2] like $anyseq.
Warning: Treating undriven bit top.\x [3] like $anyseq.
Warning: Treating undriven bit top.\x [4] like $anyseq.
Warning: Treating undriven bit top.\x [5] like $anyseq.
Warning: Treating undriven bit top.\x [6] like $anyseq.
Warning: Treating undriven bit top.\x [7] like $anyseq.
Warning: Treating undriven bit top.\x [8] like $anyseq.
Warning: Treating undriven bit top.\x [9] like $anyseq.
Warning: Treating undriven bit top.\x [10] like $anyseq.
Warning: Treating undriven bit top.\x [11] like $anyseq.
Warning: Treating undriven bit top.\x [12] like $anyseq.
Warning: Treating undriven bit top.\x [13] like $anyseq.
Warning: Treating undriven bit top.\x [14] like $anyseq.
Warning: Treating undriven bit top.\x [15] like $anyseq.
Warning: Treating undriven bit top.\x [16] like $anyseq.
Warning: Treating undriven bit top.\x [17] like $anyseq.
Warning: Treating undriven bit top.\x [18] like $anyseq.
Warning: Treating undriven bit top.\x [19] like $anyseq.
Warning: Treating undriven bit top.\x [20] like $anyseq.
Warning: Treating undriven bit top.\x [21] like $anyseq.
Warning: Treating undriven bit top.\x [22] like $anyseq.
Warning: Treating undriven bit top.\x [23] like $anyseq.
Warning: Treating undriven bit top.\x [24] like $anyseq.
Warning: Treating undriven bit top.\x [25] like $anyseq.
Warning: Treating undriven bit top.\x [26] like $anyseq.
Warning: Treating undriven bit top.\x [27] like $anyseq.
Warning: Treating undriven bit top.\x [28] like $anyseq.
Warning: Treating undriven bit top.\x [29] like $anyseq.
Warning: Treating undriven bit top.\x [30] like $anyseq.
Warning: Treating undriven bit top.\x [31] like $anyseq.
Warning: Treating a total of 32 undriven bits in top like $anyseq.

6. Executing AIGER backend.
Warning: Treating undriven bit top.\x [0] like $anyseq.
Warning: Treating undriven bit top.\x [1] like $anyseq.
Warning: Treating undriven bit top.\x [2] like $anyseq.
Warning: Treating undriven bit top.\x [3] like $anyseq.
Warning: Treating undriven bit top.\x [4] like $anyseq.
Warning: Treating undriven bit top.\x [5] like $anyseq.
Warning: Treating undriven bit top.\x [6] like $anyseq.
Warning: Treating undriven bit top.\x [7] like $anyseq.
Warning: Treating undriven bit top.\x [8] like $anyseq.
Warning: Treating undriven bit top.\x [9] like $anyseq.
Warning: Treating undriven bit top.\x [10] like $anyseq.
Warning: Treating undriven bit top.\x [11] like $anyseq.
Warning: Treating undriven bit top.\x [12] like $anyseq.
Warning: Treating undriven bit top.\x [13] like $anyseq.
Warning: Treating undriven bit top.\x [14] like $anyseq.
Warning: Treating undriven bit top.\x [15] like $anyseq.
Warning: Treating undriven bit top.\x [16] like $anyseq.
Warning: Treating undriven bit top.\x [17] like $anyseq.
Warning: Treating undriven bit top.\x [18] like $anyseq.
Warning: Treating undriven bit top.\x [19] like $anyseq.
Warning: Treating undriven bit top.\x [20] like $anyseq.
Warning: Treating undriven bit top.\x [21] like $anyseq.
Warning: Treating undriven bit top.\x [22] like $anyseq.
Warning: Treating undriven bit top.\x [23] like $anyseq.
Warning: Treating undriven bit top.\x [24] like $anyseq.
Warning: Treating undriven bit top.\x [25] like $anyseq.
Warning: Treating undriven bit top.\x [26] like $anyseq.
Warning: Treating undriven bit top.\x [27] like $anyseq.
Warning: Treating undriven bit top.\x [28] like $anyseq.
Warning: Treating undriven bit top.\x [29] like $anyseq.
Warning: Treating undriven bit top.\x [30] like $anyseq.
Warning: Treating undriven bit top.\x [31] like $anyseq.
Warning: Treating a total of 32 undriven bits in top like $anyseq.

Warnings: 33 unique messages, 66 total
End of script. Logfile hash: 926720a6ce, time: 0.54s, user: 0.54s, system: 0.00s
Yosys 0.69 (git sha1 9f75ca1f9, Release, Clang /workspace/YoWASP/yosys/wasi-sdk-33.0-x86_64-linux/share/cmake/../..//bin/clang++ 22.1.0)
Time spent: 27% 1x techmap (0 sec), 23% 16x opt_clean (0 sec), ...

rc=0 wall=1.1
