
 /----------------------------------------------------------------------------\
 |  yosys -- Yosys Open SYnthesis Suite                                       |
 |  Copyright (C) 2012 - 2026  Claire Xenia Wolf <claire@yosyshq.com>         |
 |  Distributed under an ISC-like license, type "license" to see terms        |
 \----------------------------------------------------------------------------/
 Yosys 0.68+post (git sha1 UNKNOWN, Release, GNU /usr/local/bin/wrapped-cc/g++ 11.4.0)

-- Running command ` read_liberty -ignore_miss_func -ignore_miss_dir /tmp/asap7lib/asap7sc7p5t_AO_RVT_FF_nldm_211120.lib; read_liberty -ignore_miss_func -ignore_miss_dir /tmp/asap7lib/asap7sc7p5t_INVBUF_RVT_FF_nldm_220122.lib; read_liberty -ignore_miss_func -ignore_miss_dir /tmp/asap7lib/asap7sc7p5t_OA_RVT_FF_nldm_211120.lib; read_liberty -ignore_miss_func -ignore_miss_dir /tmp/asap7lib/asap7sc7p5t_SEQ_RVT_FF_nldm_220123.lib; read_liberty -ignore_miss_func -ignore_miss_dir /tmp/asap7lib/asap7sc7p5t_SIMPLE_RVT_FF_nldm_211120.lib; read_verilog /w/experiments/outputs/c6/asap7/aes/annealing_repair_s2//after.v; hierarchy -top aes_cipher_top; flatten; opt_clean; techmap; opt -fast; dffunmap; clean; write_blif /w/experiments/outputs/c6/asap7/aes/annealing_repair_s2//equiv_abc/gate.blif' --

1. Executing Liberty frontend: /tmp/asap7lib/asap7sc7p5t_AO_RVT_FF_nldm_211120.lib
Imported 42 cell types from liberty file.

2. Executing Liberty frontend: /tmp/asap7lib/asap7sc7p5t_INVBUF_RVT_FF_nldm_220122.lib
Imported 37 cell types from liberty file.

3. Executing Liberty frontend: /tmp/asap7lib/asap7sc7p5t_OA_RVT_FF_nldm_211120.lib
Imported 34 cell types from liberty file.

4. Executing Liberty frontend: /tmp/asap7lib/asap7sc7p5t_SEQ_RVT_FF_nldm_220123.lib
Ignoring cell ICGx1_ASAP7_75t_R with missing function on output IQ.
Ignoring cell ICGx2_ASAP7_75t_R with missing function on output IQ.
Ignoring cell ICGx2p67DC_ASAP7_75t_R with missing function on output IQ.
Ignoring cell ICGx3_ASAP7_75t_R with missing function on output IQ.
Ignoring cell ICGx4DC_ASAP7_75t_R with missing function on output IQ.
Ignoring cell ICGx4_ASAP7_75t_R with missing function on output IQ.
Ignoring cell ICGx5_ASAP7_75t_R with missing function on output IQ.
Ignoring cell ICGx5p33DC_ASAP7_75t_R with missing function on output IQ.
Ignoring cell ICGx6p67DC_ASAP7_75t_R with missing function on output IQ.
Ignoring cell ICGx8DC_ASAP7_75t_R with missing function on output IQ.
Imported 23 cell types from liberty file.
<suppressed ~2 debug messages>

5. Executing Liberty frontend: /tmp/asap7lib/asap7sc7p5t_SIMPLE_RVT_FF_nldm_211120.lib
Imported 56 cell types from liberty file.

6. Executing Verilog-2005 frontend: /w/experiments/outputs/c6/asap7/aes/annealing_repair_s2//after.v
Parsing Verilog input from `/w/experiments/outputs/c6/asap7/aes/annealing_repair_s2//after.v' to AST representation.
Generating RTLIL representation for module `\aes_cipher_top'.
Successfully finished Verilog frontend.

7. Executing HIERARCHY pass (managing design hierarchy).

7.1. Analyzing design hierarchy..
Top module:  \aes_cipher_top
Used module:     \OAI22x1_ASAP7_75t_R
Used module:     \AO21x1_ASAP7_75t_R
Used module:     \NOR2x1_ASAP7_75t_R
Used module:     \OR4x1_ASAP7_75t_R
Used module:     \NAND2x1_ASAP7_75t_R
Used module:     \AND2x2_ASAP7_75t_R
Used module:     \OR3x1_ASAP7_75t_R
Used module:     \XOR2x2_ASAP7_75t_R
Used module:     \OR2x2_ASAP7_75t_R
Used module:     \OA21x2_ASAP7_75t_R
Used module:     \AOI21x1_ASAP7_75t_R
Used module:     \INVx1_ASAP7_75t_R
Used module:     \INVx2_ASAP7_75t_R
Used module:     \DFFHQNx1_ASAP7_75t_R
Used module:     \AND2x4_ASAP7_75t_R
Used module:     \OAI21x1_ASAP7_75t_R
Used module:     \XNOR2x2_ASAP7_75t_R
Used module:     \OA22x2_ASAP7_75t_R
Used module:     \DFFHQNx2_ASAP7_75t_R
Used module:     \OA211x2_ASAP7_75t_R
Used module:     \DFFHQNx3_ASAP7_75t_R
Used module:     \AO21x2_ASAP7_75t_R
Used module:     \AO221x2_ASAP7_75t_R
Used module:     \AO33x2_ASAP7_75t_R
Used module:     \AND4x1_ASAP7_75t_R
Used module:     \AO32x1_ASAP7_75t_R
Used module:     \AND3x1_ASAP7_75t_R
Used module:     \AO221x1_ASAP7_75t_R
Used module:     \XOR2x1_ASAP7_75t_R
Used module:     \AOI221x1_ASAP7_75t_R
Used module:     \OA33x2_ASAP7_75t_R
Used module:     \NAND2x2_ASAP7_75t_R
Used module:     \AO22x1_ASAP7_75t_R
Used module:     \NAND3x1_ASAP7_75t_R
Used module:     \NAND2x1p5_ASAP7_75t_R
Used module:     \AOI22x1_ASAP7_75t_R
Used module:     \AOI211x1_ASAP7_75t_R
Used module:     \OR2x6_ASAP7_75t_R
Used module:     \INVx3_ASAP7_75t_R
Used module:     \INVx5_ASAP7_75t_R
Used module:     \AND5x1_ASAP7_75t_R
Used module:     \OR3x2_ASAP7_75t_R
Used module:     \NOR3x1_ASAP7_75t_R
Used module:     \BUFx2_ASAP7_75t_R
Used module:     \HB1xp67_ASAP7_75t_R
Used module:     \BUFx6f_ASAP7_75t_R
Used module:     \HB2xp67_ASAP7_75t_R
Used module:     \BUFx4f_ASAP7_75t_R
Used module:     \BUFx3_ASAP7_75t_R
Used module:     \NOR2xp33_ASAP7_75t_R
Used module:     \NAND2xp33_ASAP7_75t_R
Used module:     \XOR2xp5_ASAP7_75t_R
Used module:     \OAI21xp33_ASAP7_75t_R
Used module:     \NAND3xp33_ASAP7_75t_R
Used module:     \XNOR2xp5_ASAP7_75t_R
Used module:     \NOR2xp67_ASAP7_75t_R
Used module:     \AOI21xp33_ASAP7_75t_R
Used module:     \NAND2xp5_ASAP7_75t_R
Used module:     \A2O1A1Ixp33_ASAP7_75t_R
Used module:     \AOI211xp5_ASAP7_75t_R
Used module:     \OAI211xp5_ASAP7_75t_R
Used module:     \O2A1O1Ixp33_ASAP7_75t_R
Used module:     \AOI22xp33_ASAP7_75t_R
Used module:     \OAI31xp33_ASAP7_75t_R
Used module:     \NOR3xp33_ASAP7_75t_R
Used module:     \NAND2xp67_ASAP7_75t_R
Used module:     \OAI21xp5_ASAP7_75t_R
Used module:     \AOI31xp33_ASAP7_75t_R
Used module:     \NOR4xp25_ASAP7_75t_R
Used module:     \AOI21xp5_ASAP7_75t_R
Used module:     \INVxp67_ASAP7_75t_R
Used module:     \NAND4xp25_ASAP7_75t_R
Used module:     \NOR2x1p5_ASAP7_75t_R
Used module:     \INVx4_ASAP7_75t_R
Used module:     \OAI22xp33_ASAP7_75t_R
Used module:     \XNOR2x1_ASAP7_75t_R
Used module:     \NOR2x2_ASAP7_75t_R
Used module:     \CKINVDCx16_ASAP7_75t_R
Used module:     \INVx8_ASAP7_75t_R
Used module:     \INVx13_ASAP7_75t_R
Used module:     \INVx6_ASAP7_75t_R
Used module:     \INVx11_ASAP7_75t_R
Used module:     \INVxp33_ASAP7_75t_R

7.2. Analyzing design hierarchy..
Top module:  \aes_cipher_top
Used module:     \OAI22x1_ASAP7_75t_R
Used module:     \AO21x1_ASAP7_75t_R
Used module:     \NOR2x1_ASAP7_75t_R
Used module:     \OR4x1_ASAP7_75t_R
Used module:     \NAND2x1_ASAP7_75t_R
Used module:     \AND2x2_ASAP7_75t_R
Used module:     \OR3x1_ASAP7_75t_R
Used module:     \XOR2x2_ASAP7_75t_R
Used module:     \OR2x2_ASAP7_75t_R
Used module:     \OA21x2_ASAP7_75t_R
Used module:     \AOI21x1_ASAP7_75t_R
Used module:     \INVx1_ASAP7_75t_R
Used module:     \INVx2_ASAP7_75t_R
Used module:     \DFFHQNx1_ASAP7_75t_R
Used module:     \AND2x4_ASAP7_75t_R
Used module:     \OAI21x1_ASAP7_75t_R
Used module:     \XNOR2x2_ASAP7_75t_R
Used module:     \OA22x2_ASAP7_75t_R
Used module:     \DFFHQNx2_ASAP7_75t_R
Used module:     \OA211x2_ASAP7_75t_R
Used module:     \DFFHQNx3_ASAP7_75t_R
Used module:     \AO21x2_ASAP7_75t_R
Used module:     \AO221x2_ASAP7_75t_R
Used module:     \AO33x2_ASAP7_75t_R
Used module:     \AND4x1_ASAP7_75t_R
Used module:     \AO32x1_ASAP7_75t_R
Used module:     \AND3x1_ASAP7_75t_R
Used module:     \AO221x1_ASAP7_75t_R
Used module:     \XOR2x1_ASAP7_75t_R
Used module:     \AOI221x1_ASAP7_75t_R
Used module:     \OA33x2_ASAP7_75t_R
Used module:     \NAND2x2_ASAP7_75t_R
Used module:     \AO22x1_ASAP7_75t_R
Used module:     \NAND3x1_ASAP7_75t_R
Used module:     \NAND2x1p5_ASAP7_75t_R
Used module:     \AOI22x1_ASAP7_75t_R
Used module:     \AOI211x1_ASAP7_75t_R
Used module:     \OR2x6_ASAP7_75t_R
Used module:     \INVx3_ASAP7_75t_R
Used module:     \INVx5_ASAP7_75t_R
Used module:     \AND5x1_ASAP7_75t_R
Used module:     \OR3x2_ASAP7_75t_R
Used module:     \NOR3x1_ASAP7_75t_R
Used module:     \BUFx2_ASAP7_75t_R
Used module:     \HB1xp67_ASAP7_75t_R
Used module:     \BUFx6f_ASAP7_75t_R
Used module:     \HB2xp67_ASAP7_75t_R
Used module:     \BUFx4f_ASAP7_75t_R
Used module:     \BUFx3_ASAP7_75t_R
Used module:     \NOR2xp33_ASAP7_75t_R
Used module:     \NAND2xp33_ASAP7_75t_R
Used module:     \XOR2xp5_ASAP7_75t_R
Used module:     \OAI21xp33_ASAP7_75t_R
Used module:     \NAND3xp33_ASAP7_75t_R
Used module:     \XNOR2xp5_ASAP7_75t_R
Used module:     \NOR2xp67_ASAP7_75t_R
Used module:     \AOI21xp33_ASAP7_75t_R
Used module:     \NAND2xp5_ASAP7_75t_R
Used module:     \A2O1A1Ixp33_ASAP7_75t_R
Used module:     \AOI211xp5_ASAP7_75t_R
Used module:     \OAI211xp5_ASAP7_75t_R
Used module:     \O2A1O1Ixp33_ASAP7_75t_R
Used module:     \AOI22xp33_ASAP7_75t_R
Used module:     \OAI31xp33_ASAP7_75t_R
Used module:     \NOR3xp33_ASAP7_75t_R
Used module:     \NAND2xp67_ASAP7_75t_R
Used module:     \OAI21xp5_ASAP7_75t_R
Used module:     \AOI31xp33_ASAP7_75t_R
Used module:     \NOR4xp25_ASAP7_75t_R
Used module:     \AOI21xp5_ASAP7_75t_R
Used module:     \INVxp67_ASAP7_75t_R
Used module:     \NAND4xp25_ASAP7_75t_R
Used module:     \NOR2x1p5_ASAP7_75t_R
Used module:     \INVx4_ASAP7_75t_R
Used module:     \OAI22xp33_ASAP7_75t_R
Used module:     \XNOR2x1_ASAP7_75t_R
Used module:     \NOR2x2_ASAP7_75t_R
Used module:     \CKINVDCx16_ASAP7_75t_R
Used module:     \INVx8_ASAP7_75t_R
Used module:     \INVx13_ASAP7_75t_R
Used module:     \INVx6_ASAP7_75t_R
Used module:     \INVx11_ASAP7_75t_R
Used module:     \INVxp33_ASAP7_75t_R
Removing unused module `\TIELOx1_ASAP7_75t_R'.
Removing unused module `\TIEHIx1_ASAP7_75t_R'.
Removing unused module `\OR5x2_ASAP7_75t_R'.
Removing unused module `\OR5x1_ASAP7_75t_R'.
Removing unused module `\OR4x2_ASAP7_75t_R'.
Removing unused module `\OR3x4_ASAP7_75t_R'.
Removing unused module `\OR2x4_ASAP7_75t_R'.
Removing unused module `\NOR5xp2_ASAP7_75t_R'.
Removing unused module `\NOR4xp75_ASAP7_75t_R'.
Removing unused module `\NOR3x2_ASAP7_75t_R'.
Removing unused module `\NAND5xp2_ASAP7_75t_R'.
Removing unused module `\NAND4xp75_ASAP7_75t_R'.
Removing unused module `\NAND3x2_ASAP7_75t_R'.
Removing unused module `\MAJx3_ASAP7_75t_R'.
Removing unused module `\MAJx2_ASAP7_75t_R'.
Removing unused module `\MAJIxp5_ASAP7_75t_R'.
Removing unused module `\HAxp5_ASAP7_75t_R'.
Removing unused module `\FAx1_ASAP7_75t_R'.
Removing unused module `\AND5x2_ASAP7_75t_R'.
Removing unused module `\AND4x2_ASAP7_75t_R'.
Removing unused module `\AND3x4_ASAP7_75t_R'.
Removing unused module `\AND3x2_ASAP7_75t_R'.
Removing unused module `\AND2x6_ASAP7_75t_R'.
Removing unused module `\SDFLx4_ASAP7_75t_R'.
Removing unused module `\SDFLx3_ASAP7_75t_R'.
Removing unused module `\SDFLx2_ASAP7_75t_R'.
Removing unused module `\SDFLx1_ASAP7_75t_R'.
Removing unused module `\SDFHx4_ASAP7_75t_R'.
Removing unused module `\SDFHx3_ASAP7_75t_R'.
Removing unused module `\SDFHx2_ASAP7_75t_R'.
Removing unused module `\SDFHx1_ASAP7_75t_R'.
Removing unused module `\DLLx3_ASAP7_75t_R'.
Removing unused module `\DLLx2_ASAP7_75t_R'.
Removing unused module `\DLLx1_ASAP7_75t_R'.
Removing unused module `\DHLx3_ASAP7_75t_R'.
Removing unused module `\DHLx2_ASAP7_75t_R'.
Removing unused module `\DHLx1_ASAP7_75t_R'.
Removing unused module `\DFFLQx4_ASAP7_75t_R'.
Removing unused module `\DFFLQNx3_ASAP7_75t_R'.
Removing unused module `\DFFLQNx2_ASAP7_75t_R'.
Removing unused module `\DFFLQNx1_ASAP7_75t_R'.
Removing unused module `\DFFHQx4_ASAP7_75t_R'.
Removing unused module `\DFFASRHQNx1_ASAP7_75t_R'.
Removing unused module `\OAI33xp33_ASAP7_75t_R'.
Removing unused module `\OAI333xp33_ASAP7_75t_R'.
Removing unused module `\OAI332xp33_ASAP7_75t_R'.
Removing unused module `\OAI331xp33_ASAP7_75t_R'.
Removing unused module `\OAI32xp33_ASAP7_75t_R'.
Removing unused module `\OAI322xp33_ASAP7_75t_R'.
Removing unused module `\OAI321xp33_ASAP7_75t_R'.
Removing unused module `\OAI31xp67_ASAP7_75t_R'.
Removing unused module `\OAI311xp33_ASAP7_75t_R'.
Removing unused module `\OAI22xp5_ASAP7_75t_R'.
Removing unused module `\OAI222xp33_ASAP7_75t_R'.
Removing unused module `\OAI221xp5_ASAP7_75t_R'.
Removing unused module `\OA333x2_ASAP7_75t_R'.
Removing unused module `\OA333x1_ASAP7_75t_R'.
Removing unused module `\OA332x2_ASAP7_75t_R'.
Removing unused module `\OA332x1_ASAP7_75t_R'.
Removing unused module `\OA331x2_ASAP7_75t_R'.
Removing unused module `\OA331x1_ASAP7_75t_R'.
Removing unused module `\OA31x2_ASAP7_75t_R'.
Removing unused module `\OA222x2_ASAP7_75t_R'.
Removing unused module `\OA221x2_ASAP7_75t_R'.
Removing unused module `\O2A1O1Ixp5_ASAP7_75t_R'.
Removing unused module `\HB4xp67_ASAP7_75t_R'.
Removing unused module `\HB3xp67_ASAP7_75t_R'.
Removing unused module `\CKINVDCx9p33_ASAP7_75t_R'.
Removing unused module `\CKINVDCx8_ASAP7_75t_R'.
Removing unused module `\CKINVDCx6p67_ASAP7_75t_R'.
Removing unused module `\CKINVDCx5p33_ASAP7_75t_R'.
Removing unused module `\CKINVDCx20_ASAP7_75t_R'.
Removing unused module `\CKINVDCx14_ASAP7_75t_R'.
Removing unused module `\CKINVDCx12_ASAP7_75t_R'.
Removing unused module `\CKINVDCx11_ASAP7_75t_R'.
Removing unused module `\CKINVDCx10_ASAP7_75t_R'.
Removing unused module `\BUFx8_ASAP7_75t_R'.
Removing unused module `\BUFx5_ASAP7_75t_R'.
Removing unused module `\BUFx4_ASAP7_75t_R'.
Removing unused module `\BUFx24_ASAP7_75t_R'.
Removing unused module `\BUFx16f_ASAP7_75t_R'.
Removing unused module `\BUFx12f_ASAP7_75t_R'.
Removing unused module `\BUFx12_ASAP7_75t_R'.
Removing unused module `\BUFx10_ASAP7_75t_R'.
Removing unused module `\AOI33xp33_ASAP7_75t_R'.
Removing unused module `\AOI333xp33_ASAP7_75t_R'.
Removing unused module `\AOI332xp33_ASAP7_75t_R'.
Removing unused module `\AOI331xp33_ASAP7_75t_R'.
Removing unused module `\AOI32xp33_ASAP7_75t_R'.
Removing unused module `\AOI322xp5_ASAP7_75t_R'.
Removing unused module `\AOI321xp33_ASAP7_75t_R'.
Removing unused module `\AOI31xp67_ASAP7_75t_R'.
Removing unused module `\AOI311xp33_ASAP7_75t_R'.
Removing unused module `\AOI22xp5_ASAP7_75t_R'.
Removing unused module `\AOI222xp33_ASAP7_75t_R'.
Removing unused module `\AOI221xp5_ASAP7_75t_R'.
Removing unused module `\AO333x2_ASAP7_75t_R'.
Removing unused module `\AO333x1_ASAP7_75t_R'.
Removing unused module `\AO332x2_ASAP7_75t_R'.
Removing unused module `\AO332x1_ASAP7_75t_R'.
Removing unused module `\AO331x2_ASAP7_75t_R'.
Removing unused module `\AO331x1_ASAP7_75t_R'.
Removing unused module `\AO32x2_ASAP7_75t_R'.
Removing unused module `\AO322x2_ASAP7_75t_R'.
Removing unused module `\AO31x2_ASAP7_75t_R'.
Removing unused module `\AO22x2_ASAP7_75t_R'.
Removing unused module `\AO222x2_ASAP7_75t_R'.
Removing unused module `\AO211x2_ASAP7_75t_R'.
Removing unused module `\A2O1A1O1Ixp25_ASAP7_75t_R'.
Removed 109 unused modules.

8. Executing FLATTEN pass (flatten design).
Deleting now unused module NOR2x1_ASAP7_75t_R.
Deleting now unused module OA21x2_ASAP7_75t_R.
Deleting now unused module OA211x2_ASAP7_75t_R.
Deleting now unused module XOR2x1_ASAP7_75t_R.
Deleting now unused module O2A1O1Ixp33_ASAP7_75t_R.
Deleting now unused module INVxp67_ASAP7_75t_R.
Deleting now unused module INVxp33_ASAP7_75t_R.
Deleting now unused module INVx8_ASAP7_75t_R.
Deleting now unused module INVx6_ASAP7_75t_R.
Deleting now unused module INVx5_ASAP7_75t_R.
Deleting now unused module INVx4_ASAP7_75t_R.
Deleting now unused module INVx3_ASAP7_75t_R.
Deleting now unused module INVx2_ASAP7_75t_R.
Deleting now unused module INVx1_ASAP7_75t_R.
Deleting now unused module INVx13_ASAP7_75t_R.
Deleting now unused module INVx11_ASAP7_75t_R.
Deleting now unused module XNOR2xp5_ASAP7_75t_R.
Deleting now unused module NAND4xp25_ASAP7_75t_R.
Deleting now unused module HB2xp67_ASAP7_75t_R.
Deleting now unused module HB1xp67_ASAP7_75t_R.
Deleting now unused module NAND3xp33_ASAP7_75t_R.
Deleting now unused module OR4x1_ASAP7_75t_R.
Deleting now unused module NAND3x1_ASAP7_75t_R.
Deleting now unused module NAND2xp67_ASAP7_75t_R.
Deleting now unused module NAND2xp5_ASAP7_75t_R.
Deleting now unused module CKINVDCx16_ASAP7_75t_R.
Deleting now unused module NAND2xp33_ASAP7_75t_R.
Deleting now unused module NAND2x2_ASAP7_75t_R.
Deleting now unused module NAND2x1p5_ASAP7_75t_R.
Deleting now unused module NAND2x1_ASAP7_75t_R.
Deleting now unused module DFFHQNx3_ASAP7_75t_R.
Deleting now unused module BUFx6f_ASAP7_75t_R.
Deleting now unused module DFFHQNx2_ASAP7_75t_R.
Deleting now unused module BUFx4f_ASAP7_75t_R.
Deleting now unused module DFFHQNx1_ASAP7_75t_R.
Deleting now unused module BUFx3_ASAP7_75t_R.
Deleting now unused module BUFx2_ASAP7_75t_R.
Deleting now unused module XNOR2x2_ASAP7_75t_R.
Deleting now unused module OR3x2_ASAP7_75t_R.
Deleting now unused module OR3x1_ASAP7_75t_R.
Deleting now unused module OR2x6_ASAP7_75t_R.
Deleting now unused module XNOR2x1_ASAP7_75t_R.
Deleting now unused module OR2x2_ASAP7_75t_R.
Deleting now unused module AND5x1_ASAP7_75t_R.
Deleting now unused module AND4x1_ASAP7_75t_R.
Deleting now unused module OAI31xp33_ASAP7_75t_R.
Deleting now unused module XOR2xp5_ASAP7_75t_R.
Deleting now unused module NOR4xp25_ASAP7_75t_R.
Deleting now unused module OAI22xp33_ASAP7_75t_R.
Deleting now unused module AOI31xp33_ASAP7_75t_R.
Deleting now unused module OAI22x1_ASAP7_75t_R.
Deleting now unused module AND3x1_ASAP7_75t_R.
Deleting now unused module AOI22xp33_ASAP7_75t_R.
Deleting now unused module AOI22x1_ASAP7_75t_R.
Deleting now unused module NOR3xp33_ASAP7_75t_R.
Deleting now unused module OAI21xp5_ASAP7_75t_R.
Deleting now unused module AOI221x1_ASAP7_75t_R.
Deleting now unused module AOI21xp5_ASAP7_75t_R.
Deleting now unused module AOI21xp33_ASAP7_75t_R.
Deleting now unused module AOI21x1_ASAP7_75t_R.
Deleting now unused module AOI211xp5_ASAP7_75t_R.
Deleting now unused module AOI211x1_ASAP7_75t_R.
Deleting now unused module AO33x2_ASAP7_75t_R.
Deleting now unused module OAI21xp33_ASAP7_75t_R.
Deleting now unused module OAI21x1_ASAP7_75t_R.
Deleting now unused module OAI211xp5_ASAP7_75t_R.
Deleting now unused module OA33x2_ASAP7_75t_R.
Deleting now unused module AND2x4_ASAP7_75t_R.
Deleting now unused module AND2x2_ASAP7_75t_R.
Deleting now unused module XOR2x2_ASAP7_75t_R.
Deleting now unused module AO32x1_ASAP7_75t_R.
Deleting now unused module NOR3x1_ASAP7_75t_R.
Deleting now unused module NOR2xp67_ASAP7_75t_R.
Deleting now unused module NOR2xp33_ASAP7_75t_R.
Deleting now unused module AO22x1_ASAP7_75t_R.
Deleting now unused module NOR2x2_ASAP7_75t_R.
Deleting now unused module AO221x2_ASAP7_75t_R.
Deleting now unused module AO221x1_ASAP7_75t_R.
Deleting now unused module AO21x2_ASAP7_75t_R.
Deleting now unused module AO21x1_ASAP7_75t_R.
Deleting now unused module OA22x2_ASAP7_75t_R.
Deleting now unused module NOR2x1p5_ASAP7_75t_R.
Deleting now unused module A2O1A1Ixp33_ASAP7_75t_R.
<suppressed ~14242 debug messages>

9. Executing OPT_CLEAN pass (remove unused cells and wires).
Finding unused cells or wires in module \aes_cipher_top..
Removed 1471 unused cells and 13976 unused wires.
<suppressed ~2002 debug messages>

10. Executing TECHMAP pass (map to technology primitives).

10.1. Executing Verilog-2005 frontend: /OpenROAD-flow-scripts/tools/install/yosys/bin/../share/yosys/techmap.v
Parsing Verilog input from `/OpenROAD-flow-scripts/tools/install/yosys/bin/../share/yosys/techmap.v' to AST representation.
Generating RTLIL representation for module `\_90_simplemap_bool_ops'.
Generating RTLIL representation for module `\_90_simplemap_reduce_ops'.
Generating RTLIL representation for module `\_90_simplemap_logic_ops'.
Generating RTLIL representation for module `\_90_simplemap_compare_ops'.
Generating RTLIL representation for module `\_90_simplemap_various'.
Generating RTLIL representation for module `\_90_simplemap_registers'.
Generating RTLIL representation for module `\_90_shift_ops_shr_shl_sshl_sshr'.
Generating RTLIL representation for module `\_90_shift_shiftx'.
Generating RTLIL representation for module `\_90_fa'.
Generating RTLIL representation for module `\_90_lcu_brent_kung'.
Generating RTLIL representation for module `\_90_alu'.
Generating RTLIL representation for module `\_90_macc'.
Generating RTLIL representation for module `\_90_alumacc'.
Generating RTLIL representation for module `$__div_mod_u'.
Generating RTLIL representation for module `$__div_mod_trunc'.
Generating RTLIL representation for module `\_90_div'.
Generating RTLIL representation for module `\_90_mod'.
Generating RTLIL representation for module `$__div_mod_floor'.
Generating RTLIL representation for module `\_90_divfloor'.
Generating RTLIL representation for module `\_90_modfloor'.
Generating RTLIL representation for module `\_90_pow'.
Generating RTLIL representation for module `\_90_demux'.
Generating RTLIL representation for module `\_90_lut'.
Generating RTLIL representation for module `$connect'.
Generating RTLIL representation for module `$input_port'.
Successfully finished Verilog frontend.

10.2. Continuing TECHMAP pass.
No more expansions possible.
<suppressed ~77 debug messages>

11. Executing OPT pass (performing simple optimizations).

11.1. Executing OPT_EXPR pass (perform const folding).
Optimizing module aes_cipher_top.
<suppressed ~6668 debug messages>

11.2. Executing OPT_MERGE pass (detect identical cells).
Finding identical cells in module `\aes_cipher_top'.
Computing hashes of 54165 cells of `\aes_cipher_top'.
Finding duplicate cells in `\aes_cipher_top'.
Computing hashes of 44779 cells of `\aes_cipher_top'.
Finding duplicate cells in `\aes_cipher_top'.
Computing hashes of 44516 cells of `\aes_cipher_top'.
Finding duplicate cells in `\aes_cipher_top'.
Computing hashes of 44491 cells of `\aes_cipher_top'.
Finding duplicate cells in `\aes_cipher_top'.
Computing hashes of 44486 cells of `\aes_cipher_top'.
Finding duplicate cells in `\aes_cipher_top'.
<suppressed ~29037 debug messages>
Removed a total of 9679 cells.

11.3. Executing OPT_DFF pass (perform DFF optimizations).

11.4. Executing OPT_CLEAN pass (remove unused cells and wires).
Finding unused cells or wires in module \aes_cipher_top..
Removed 253 unused cells and 17143 unused wires.
<suppressed ~1187 debug messages>

11.5. Finished fast OPT passes.

12. Executing DFFUNMAP pass (unmap clock enable and synchronous reset from FFs).

13. Executing BLIF backend.

End of script. Logfile hash: 559de1589a, time: 3.40s, user: 3.93s, system: 0.13s, MEM: 233.77 MB peak
Yosys 0.68+post (git sha1 UNKNOWN, Release, GNU /usr/local/bin/wrapped-cc/g++ 11.4.0)
Time spent: 34% 2x opt_clean (1 sec), 17% 3x read_verilog (0 sec), ...
