    write_lec_verilog 4_after_rsz_lec.v
    run_lec_test 4_rsz 4_before_rsz_lec.v 4_after_rsz_lec.v
  }

  set result [catch { log_cmd detailed_placement } msg]
  if { $result != 0 } {
    save_progress 4_1_error
    error "Detailed placement failed in CTS: $msg"
  }

  check_placement -verbose

  log_cmd estimate_parasitics -placement
}

report_metrics 4 "cts final"

source_step_tcl POST CTS

orfs_write_db $::env(RESULTS_DIR)/4_1_cts.odb
orfs_write_sdc $::env(RESULTS_DIR)/4_cts.sdc
      8 avx2
      8 bmi2
      8 sha_ni
      8 vaes
      8 avx2
      8 bmi2
      8 sha_ni
      8 vaes
model name	: Intel(R) Core(TM) Ultra 7 258V
