OpenROAD unknown 
Features included (+) or not (-): -GPU +GUI -Python
This program is licensed under the BSD-3 license. See the LICENSE file for details.
Components of this program may be licensed under more restrictive licenses which must be honored.
[INFO ORD-0030] Using 1 thread(s).
SIGNOFF_WS corner=tt setup=7.82346853966942e-10 hold=9.588518867786888e-11
SIGNOFF_SETUP_PATH_BEGIN
Startpoint: stt1_ff (rising edge-triggered flip-flop clocked by clk)
Endpoint: row8/_462_ (rising edge-triggered flip-flop clocked by clk)
Path Group: clk
Path Type: max

Fanout       Cap      Slew     Delay      Time   Description
-------------------------------------------------------------------------------------
                              0.0000    0.0000   clock clk (rise edge)
                              1.0777    1.0777   clock network delay (propagated)
                    0.0574    0.0000    1.0777 ^ stt1_ff/CLK (sky130_fd_sc_hd__dfxtp_4)
    27    0.3147    0.8707    0.9207    1.9984 ^ stt1_ff/Q (sky130_fd_sc_hd__dfxtp_4)
                                                 st_tree (net)
    47    0.2014    0.5475    0.6148    2.6132 ^ place2545/X (sky130_fd_sc_hd__buf_4)
                                                 net2545 (net)
     2    0.0084    0.1298    0.1940    2.8072 v row8/_306_/Y (sky130_fd_sc_hd__nor2b_1)
                                                 row8/_165_ (net)
     1    0.0050    0.0764    0.3882    3.1955 v row8/_307_/X (sky130_fd_sc_hd__maj3_1)
                                                 row8/_015_ (net)
                    0.0764    0.0002    3.1956 v row8/_462_/D (sky130_fd_sc_hd__dfxtp_1)
                                        3.1956   data arrival time

                              3.0000    3.0000   clock clk (rise edge)
                              1.0989    4.0989   clock network delay (propagated)
                              0.0000    4.0989   clock reconvergence pessimism
                                        4.0989 ^ row8/_462_/CLK (sky130_fd_sc_hd__dfxtp_1)
                             -0.1209    3.9780   library setup time
                                        3.9780   data required time
-------------------------------------------------------------------------------------
                                        3.9780   data required time
                                       -3.1956   data arrival time
-------------------------------------------------------------------------------------
                                        0.7823   slack (MET)


SIGNOFF_SETUP_PATH_END
SIGNOFF_HOLD_PATH_BEGIN
Startpoint: x[35] (input port clocked by clk)
Endpoint: ng35/_7_ (rising edge-triggered flip-flop clocked by clk)
Path Group: clk
Path Type: min

    Delay      Time   Description
-------------------------------------------------------------
   0.0000    0.0000   clock clk (rise edge)
   0.0000    0.0000   clock network delay (propagated)
   0.0000    0.0000 v input external delay
   0.0000    0.0000 v x[35] (in)
                      x[35] (net)
   0.5591    0.5591 v hold3042/X (sky130_fd_sc_hd__dlygate4sd3_1)
                      net3042 (net)
   0.5358    1.0948 v input30/X (sky130_fd_sc_hd__clkdlybuf4s50_1)
                      net30 (net)
   0.0005    1.0953 v ng35/_7_/D (sky130_fd_sc_hd__dfxtp_1)
             1.0953   data arrival time

   0.0000    0.0000   clock clk (rise edge)
   1.0988    1.0988   clock network delay (propagated)
   0.0000    1.0988   clock reconvergence pessimism
             1.0988 ^ ng35/_7_/CLK (sky130_fd_sc_hd__dfxtp_1)
  -0.0994    0.9994   library hold time
             0.9994   data required time
-------------------------------------------------------------
             0.9994   data required time
            -1.0953   data arrival time
-------------------------------------------------------------
             0.0959   slack (MET)


SIGNOFF_HOLD_PATH_END
SIGNOFF_PROG_WS setup=1.2461573994926312e-9
SIGNOFF_PROG_PATH_BEGIN
Startpoint: ng53/_8_ (rising edge-triggered flip-flop clocked by clk)
Endpoint: row19/_455_ (rising edge-triggered flip-flop clocked by clk)
Path Group: clk
Path Type: max

Fanout       Cap      Slew     Delay      Time   Description
-------------------------------------------------------------------------------------
                              0.0000    0.0000   clock clk (rise edge)
                              1.0781    1.0781   clock network delay (propagated)
                    0.0636    0.0000    1.0781 ^ ng53/_8_/CLK (sky130_fd_sc_hd__dfxtp_1)
     1    0.0028    0.0411    0.3067    1.3848 ^ ng53/_8_/Q (sky130_fd_sc_hd__dfxtp_1)
                                                 ln53 (net)
     2    0.0350    0.1047    0.1543    1.5390 ^ place2745/X (sky130_fd_sc_hd__buf_4)
                                                 net2745 (net)
     3    0.0537    0.1530    0.2108    1.7498 ^ place2744/X (sky130_fd_sc_hd__buf_4)
                                                 net2744 (net)
    16    0.0564    0.2742    0.3086    2.0584 ^ lt_ln53_s1/Z (LTAPB2)
                                                 pgm_ln53_s1 (net)
     2    0.0086    0.1094    0.1705    2.2289 ^ vs_19_53/Z (VSITE_BUF)
                                                 lf_19_53 (net)
     1    0.0099    0.1040    0.4636    2.6925 v row19/_299_/X (sky130_fd_sc_hd__xor3_1)
                                                 row19/_081_ (net)
                    0.1040    0.0005    2.6930 v row19/_455_/D (sky130_fd_sc_hd__dfxtp_1)
                                        2.6930   data arrival time

                              3.0000    3.0000   clock clk (rise edge)
                              1.0729    4.0729   clock network delay (propagated)
                              0.0000    4.0729   clock reconvergence pessimism
                                        4.0729 ^ row19/_455_/CLK (sky130_fd_sc_hd__dfxtp_1)
                             -0.1337    3.9392   library setup time
                                        3.9392   data required time
-------------------------------------------------------------------------------------
                                        3.9392   data required time
                                       -2.6930   data arrival time
-------------------------------------------------------------------------------------
                                        1.2462   slack (MET)


SIGNOFF_PROG_PATH_END
SIGNOFF_SLEW tap_input_max=0.173862 tap_input_pin=lt_lp45_s3/A site_input_max=0.287798 site_input_pin=vs_24_39/A
SIGNOFF_SPINE_DRIVERS sky130_fd_sc_hd__buf_4 512
