OpenROAD unknown 
Features included (+) or not (-): -GPU +GUI -Python
This program is licensed under the BSD-3 license. See the LICENSE file for details.
Components of this program may be licensed under more restrictive licenses which must be honored.
[INFO ORD-0030] Using 1 thread(s).
SIGNOFF_WS corner=ss setup=-8.188449918122842e-9 hold=6.856923917553104e-10
SIGNOFF_SETUP_PATH_BEGIN
Startpoint: ln_48/_1_ (rising edge-triggered flip-flop clocked by clk)
Endpoint: row59/_644_ (rising edge-triggered flip-flop clocked by clk)
Path Group: clk
Path Type: max

Fanout       Cap      Slew     Delay      Time   Description
-------------------------------------------------------------------------------------
                              0.0000    0.0000   clock clk (rise edge)
                              1.8245    1.8245   clock network delay (propagated)
                    0.0921    0.0000    1.8245 ^ ln_48/_1_/CLK (sky130_fd_sc_hd__dfxtp_1)
     1    0.0028    0.0698    0.6341    2.4585 ^ ln_48/_1_/Q (sky130_fd_sc_hd__dfxtp_1)
                                                 lp48 (net)
     4    0.0745    0.3323    0.3989    2.8574 ^ place7509/X (sky130_fd_sc_hd__buf_4)
                                                 net7509 (net)
     3    0.0498    0.2311    0.4414    3.2988 ^ place7508/X (sky130_fd_sc_hd__buf_4)
                                                 net7508 (net)
     2    0.0307    0.4601    0.4680    3.7669 v ln_48/_0_/Y (sky130_fd_sc_hd__clkinv_1)
                                                 ln48 (net)
     3    0.0589    0.1550    0.5253    4.2922 v place7041/X (sky130_fd_sc_hd__buf_4)
                                                 net7041 (net)
     7    0.0402    0.1892    0.4198    4.7120 v lt_ln48_s3/Z (LTAPB2)
                                                 pgm_ln48_s3 (net)
     2    0.0099    0.1242    0.2777    4.9897 v vs_59_48/Z (VSITE_BUF)
                                                 lf_59_48 (net)
     1    0.0060    0.1366    0.2762    5.2659 v row59/_549_/Y (sky130_fd_sc_hd__xnor2_1)
                                                 row59/_246_ (net)
     2    0.0084    0.3651    0.3793    5.6452 ^ row59/_550_/Y (sky130_fd_sc_hd__xnor2_1)
                                                 row59/_247_ (net)
     1    0.0054    0.2698    0.3295    5.9747 ^ row59/_551_/Y (sky130_fd_sc_hd__xnor2_1)
                                                 row59/_248_ (net)
     2    0.0086    0.3745    0.3348    6.3095 ^ row59/_552_/Y (sky130_fd_sc_hd__xnor2_1)
                                                 row59/_249_ (net)
     1    0.0062    0.2760    0.4166    6.7261 ^ row59/_553_/X (sky130_fd_sc_hd__xor2_1)
                                                 row59/_250_ (net)
     2    0.0119    0.2267    0.3012    7.0274 v row59/_554_/Y (sky130_fd_sc_hd__xnor2_1)
                                                 row59/_251_ (net)
     1    0.0029    0.0699    0.1240    7.1514 ^ row59/_555_/Y (sky130_fd_sc_hd__clkinv_1)
                                                 row59/_252_ (net)
     3    0.0373    0.6053    0.5058    7.6572 v row59/_556_/Y (sky130_fd_sc_hd__nand2_1)
                                                 row59/_253_ (net)
     2    0.0611    2.8928    2.4800   10.1373 ^ row59/_573_/Y (sky130_fd_sc_hd__nor3_1)
                                                 row59/g48_6[3] (net)
     1    0.0460    1.3993    2.0294   12.1667 v row59/_575_/Y (sky130_fd_sc_hd__o21ai_0)
                                                 row59/g48_6[2] (net)
                    1.3993    0.0035   12.1702 v row59/_644_/D (sky130_fd_sc_hd__dfxtp_1)
                                       12.1702   data arrival time

                              3.0000    3.0000   clock clk (rise edge)
                              1.7974    4.7974   clock network delay (propagated)
                              0.0000    4.7974   clock reconvergence pessimism
                                        4.7974 ^ row59/_644_/CLK (sky130_fd_sc_hd__dfxtp_1)
                             -0.8156    3.9817   library setup time
                                        3.9817   data required time
-------------------------------------------------------------------------------------
                                        3.9817   data required time
                                      -12.1702   data arrival time
-------------------------------------------------------------------------------------
                                       -8.1884   slack (VIOLATED)


SIGNOFF_SETUP_PATH_END
SIGNOFF_HOLD_PATH_BEGIN
Startpoint: ctl/_1_ (rising edge-triggered flip-flop clocked by clk)
Endpoint: ctl/_2_ (rising edge-triggered flip-flop clocked by clk)
Path Group: clk
Path Type: min

    Delay      Time   Description
-------------------------------------------------------------
   0.0000    0.0000   clock clk (rise edge)
   1.7449    1.7449   clock network delay (propagated)
   0.0000    1.7449 ^ ctl/_1_/CLK (sky130_fd_sc_hd__dfxtp_1)
   0.6053    2.3502 v ctl/_1_/Q (sky130_fd_sc_hd__dfxtp_1)
                      ctl/s2 (net)
   0.0002    2.3504 v ctl/_2_/D (sky130_fd_sc_hd__dfxtp_4)
             2.3504   data arrival time

   0.0000    0.0000   clock clk (rise edge)
   1.7493    1.7493   clock network delay (propagated)
   0.0000    1.7493   clock reconvergence pessimism
             1.7493 ^ ctl/_2_/CLK (sky130_fd_sc_hd__dfxtp_4)
  -0.0845    1.6648   library hold time
             1.6648   data required time
-------------------------------------------------------------
             1.6648   data required time
            -2.3504   data arrival time
-------------------------------------------------------------
             0.6857   slack (MET)


SIGNOFF_HOLD_PATH_END
SIGNOFF_PROG_WS setup=-8.188449918122842e-9
SIGNOFF_PROG_PATH_BEGIN
Startpoint: ln_48/_1_ (rising edge-triggered flip-flop clocked by clk)
Endpoint: row59/_644_ (rising edge-triggered flip-flop clocked by clk)
Path Group: clk
Path Type: max

Fanout       Cap      Slew     Delay      Time   Description
-------------------------------------------------------------------------------------
                              0.0000    0.0000   clock clk (rise edge)
                              1.8245    1.8245   clock network delay (propagated)
                    0.0921    0.0000    1.8245 ^ ln_48/_1_/CLK (sky130_fd_sc_hd__dfxtp_1)
     1    0.0028    0.0698    0.6341    2.4585 ^ ln_48/_1_/Q (sky130_fd_sc_hd__dfxtp_1)
                                                 lp48 (net)
     4    0.0745    0.3323    0.3989    2.8574 ^ place7509/X (sky130_fd_sc_hd__buf_4)
                                                 net7509 (net)
     3    0.0498    0.2311    0.4414    3.2988 ^ place7508/X (sky130_fd_sc_hd__buf_4)
                                                 net7508 (net)
     2    0.0307    0.4601    0.4680    3.7669 v ln_48/_0_/Y (sky130_fd_sc_hd__clkinv_1)
                                                 ln48 (net)
     3    0.0589    0.1550    0.5253    4.2922 v place7041/X (sky130_fd_sc_hd__buf_4)
                                                 net7041 (net)
     7    0.0402    0.1892    0.4198    4.7120 v lt_ln48_s3/Z (LTAPB2)
                                                 pgm_ln48_s3 (net)
     2    0.0099    0.1242    0.2777    4.9897 v vs_59_48/Z (VSITE_BUF)
                                                 lf_59_48 (net)
     1    0.0060    0.1366    0.2762    5.2659 v row59/_549_/Y (sky130_fd_sc_hd__xnor2_1)
                                                 row59/_246_ (net)
     2    0.0084    0.3651    0.3793    5.6452 ^ row59/_550_/Y (sky130_fd_sc_hd__xnor2_1)
                                                 row59/_247_ (net)
     1    0.0054    0.2698    0.3295    5.9747 ^ row59/_551_/Y (sky130_fd_sc_hd__xnor2_1)
                                                 row59/_248_ (net)
     2    0.0086    0.3745    0.3348    6.3095 ^ row59/_552_/Y (sky130_fd_sc_hd__xnor2_1)
                                                 row59/_249_ (net)
     1    0.0062    0.2760    0.4166    6.7261 ^ row59/_553_/X (sky130_fd_sc_hd__xor2_1)
                                                 row59/_250_ (net)
     2    0.0119    0.2267    0.3012    7.0274 v row59/_554_/Y (sky130_fd_sc_hd__xnor2_1)
                                                 row59/_251_ (net)
     1    0.0029    0.0699    0.1240    7.1514 ^ row59/_555_/Y (sky130_fd_sc_hd__clkinv_1)
                                                 row59/_252_ (net)
     3    0.0373    0.6053    0.5058    7.6572 v row59/_556_/Y (sky130_fd_sc_hd__nand2_1)
                                                 row59/_253_ (net)
     2    0.0611    2.8928    2.4800   10.1373 ^ row59/_573_/Y (sky130_fd_sc_hd__nor3_1)
                                                 row59/g48_6[3] (net)
     1    0.0460    1.3993    2.0294   12.1667 v row59/_575_/Y (sky130_fd_sc_hd__o21ai_0)
                                                 row59/g48_6[2] (net)
                    1.3993    0.0035   12.1702 v row59/_644_/D (sky130_fd_sc_hd__dfxtp_1)
                                       12.1702   data arrival time

                              3.0000    3.0000   clock clk (rise edge)
                              1.7974    4.7974   clock network delay (propagated)
                              0.0000    4.7974   clock reconvergence pessimism
                                        4.7974 ^ row59/_644_/CLK (sky130_fd_sc_hd__dfxtp_1)
                             -0.8156    3.9817   library setup time
                                        3.9817   data required time
-------------------------------------------------------------------------------------
                                        3.9817   data required time
                                      -12.1702   data arrival time
-------------------------------------------------------------------------------------
                                       -8.1884   slack (VIOLATED)


SIGNOFF_PROG_PATH_END
SIGNOFF_SLEW tap_input_max=0.513150 tap_input_pin=lt_ln63_s0/A site_input_max=0.356182 site_input_pin=vs_16_47/A
SIGNOFF_SPINE_DRIVERS sky130_fd_sc_hd__buf_4 485 sky130_fd_sc_hd__clkinv_1 27
