======== ABC command line "read_lib -w /home/user/all-the-info/13_FABLE_5_1_SCIENTIFIC_DISCOVERY/experiments/inputs/lib/sky130_fd_sc_hd__tt_025C_1v80.lib; read_aiger design.aig; strash; dch; map; topo; stime -p; print_stats; write_blif mapped_delay.blif; cec design.aig"
Parsing finished successfully.  Parsing time =     0.13 sec
Scl_LibertyReadGenlib() skipped cell "sky130_fd_sc_hd__decap_12" without logic function.
Scl_LibertyReadGenlib() skipped cell "sky130_fd_sc_hd__decap_3" without logic function.
Scl_LibertyReadGenlib() skipped cell "sky130_fd_sc_hd__decap_4" without logic function.
Scl_LibertyReadGenlib() skipped cell "sky130_fd_sc_hd__decap_6" without logic function.
Scl_LibertyReadGenlib() skipped cell "sky130_fd_sc_hd__decap_8" without logic function.
Scl_LibertyReadGenlib() skipped sequential cell "sky130_fd_sc_hd__dfbbn_1".
Scl_LibertyReadGenlib() skipped sequential cell "sky130_fd_sc_hd__dfbbn_2".
Scl_LibertyReadGenlib() skipped sequential cell "sky130_fd_sc_hd__dfbbp_1".
Scl_LibertyReadGenlib() skipped sequential cell "sky130_fd_sc_hd__dfrbp_1".
Scl_LibertyReadGenlib() skipped sequential cell "sky130_fd_sc_hd__dfrbp_2".
Scl_LibertyReadGenlib() skipped sequential cell "sky130_fd_sc_hd__dfrtn_1".
Scl_LibertyReadGenlib() skipped sequential cell "sky130_fd_sc_hd__dfrtp_1".
Scl_LibertyReadGenlib() skipped sequential cell "sky130_fd_sc_hd__dfrtp_2".
Scl_LibertyReadGenlib() skipped sequential cell "sky130_fd_sc_hd__dfrtp_4".
Scl_LibertyReadGenlib() skipped sequential cell "sky130_fd_sc_hd__dfsbp_1".
Scl_LibertyReadGenlib() skipped sequential cell "sky130_fd_sc_hd__dfsbp_2".
Scl_LibertyReadGenlib() skipped sequential cell "sky130_fd_sc_hd__dfstp_1".
Scl_LibertyReadGenlib() skipped sequential cell "sky130_fd_sc_hd__dfstp_2".
Scl_LibertyReadGenlib() skipped sequential cell "sky130_fd_sc_hd__dfstp_4".
Scl_LibertyReadGenlib() skipped sequential cell "sky130_fd_sc_hd__dfxbp_1".
Scl_LibertyReadGenlib() skipped sequential cell "sky130_fd_sc_hd__dfxbp_2".
Scl_LibertyReadGenlib() skipped sequential cell "sky130_fd_sc_hd__dfxtp_1".
Scl_LibertyReadGenlib() skipped sequential cell "sky130_fd_sc_hd__dfxtp_2".
Scl_LibertyReadGenlib() skipped sequential cell "sky130_fd_sc_hd__dfxtp_4".
Scl_LibertyReadGenlib() skipped cell "sky130_fd_sc_hd__diode_2" without logic function.
Scl_LibertyReadGenlib() skipped cell "sky130_fd_sc_hd__dlclkp_1" without logic function.
Scl_LibertyReadGenlib() skipped cell "sky130_fd_sc_hd__dlclkp_2" without logic function.
Scl_LibertyReadGenlib() skipped cell "sky130_fd_sc_hd__dlclkp_4" without logic function.
Scl_LibertyReadGenlib() skipped sequential cell "sky130_fd_sc_hd__dlrbn_1".
Scl_LibertyReadGenlib() skipped sequential cell "sky130_fd_sc_hd__dlrbn_2".
Scl_LibertyReadGenlib() skipped sequential cell "sky130_fd_sc_hd__dlrbp_1".
Scl_LibertyReadGenlib() skipped sequential cell "sky130_fd_sc_hd__dlrbp_2".
Scl_LibertyReadGenlib() skipped sequential cell "sky130_fd_sc_hd__dlrtn_1".
Scl_LibertyReadGenlib() skipped sequential cell "sky130_fd_sc_hd__dlrtn_2".
Scl_LibertyReadGenlib() skipped sequential cell "sky130_fd_sc_hd__dlrtn_4".
Scl_LibertyReadGenlib() skipped sequential cell "sky130_fd_sc_hd__dlrtp_1".
Scl_LibertyReadGenlib() skipped sequential cell "sky130_fd_sc_hd__dlrtp_2".
Scl_LibertyReadGenlib() skipped sequential cell "sky130_fd_sc_hd__dlrtp_4".
Scl_LibertyReadGenlib() skipped sequential cell "sky130_fd_sc_hd__dlxbn_1".
Scl_LibertyReadGenlib() skipped sequential cell "sky130_fd_sc_hd__dlxbn_2".
Scl_LibertyReadGenlib() skipped sequential cell "sky130_fd_sc_hd__dlxbp_1".
Scl_LibertyReadGenlib() skipped sequential cell "sky130_fd_sc_hd__dlxtn_1".
Scl_LibertyReadGenlib() skipped sequential cell "sky130_fd_sc_hd__dlxtn_2".
Scl_LibertyReadGenlib() skipped sequential cell "sky130_fd_sc_hd__dlxtn_4".
Scl_LibertyReadGenlib() skipped sequential cell "sky130_fd_sc_hd__dlxtp_1".
Scl_LibertyReadGenlib() skipped three-state cell "sky130_fd_sc_hd__ebufn_1".
Scl_LibertyReadGenlib() skipped three-state cell "sky130_fd_sc_hd__ebufn_2".
Scl_LibertyReadGenlib() skipped three-state cell "sky130_fd_sc_hd__ebufn_4".
Scl_LibertyReadGenlib() skipped three-state cell "sky130_fd_sc_hd__ebufn_8".
Scl_LibertyReadGenlib() skipped sequential cell "sky130_fd_sc_hd__edfxbp_1".
Scl_LibertyReadGenlib() skipped sequential cell "sky130_fd_sc_hd__edfxtp_1".
Scl_LibertyReadGenlib() skipped three-state cell "sky130_fd_sc_hd__einvn_0".
Scl_LibertyReadGenlib() skipped three-state cell "sky130_fd_sc_hd__einvn_1".
Scl_LibertyReadGenlib() skipped three-state cell "sky130_fd_sc_hd__einvn_2".
Scl_LibertyReadGenlib() skipped three-state cell "sky130_fd_sc_hd__einvn_4".
Scl_LibertyReadGenlib() skipped three-state cell "sky130_fd_sc_hd__einvn_8".
Scl_LibertyReadGenlib() skipped three-state cell "sky130_fd_sc_hd__einvp_1".
Scl_LibertyReadGenlib() skipped three-state cell "sky130_fd_sc_hd__einvp_2".
Scl_LibertyReadGenlib() skipped three-state cell "sky130_fd_sc_hd__einvp_4".
Scl_LibertyReadGenlib() skipped three-state cell "sky130_fd_sc_hd__einvp_8".
Scl_LibertyReadGenlib() skipped cell "sky130_fd_sc_hd__lpflow_bleeder_1" without logic function.
Scl_LibertyReadGenlib() skipped cell "sky130_fd_sc_hd__lpflow_decapkapwr_12" without logic function.
Scl_LibertyReadGenlib() skipped cell "sky130_fd_sc_hd__lpflow_decapkapwr_3" without logic function.
Scl_LibertyReadGenlib() skipped cell "sky130_fd_sc_hd__lpflow_decapkapwr_4" without logic function.
Scl_LibertyReadGenlib() skipped cell "sky130_fd_sc_hd__lpflow_decapkapwr_6" without logic function.
Scl_LibertyReadGenlib() skipped cell "sky130_fd_sc_hd__lpflow_decapkapwr_8" without logic function.
Scl_LibertyReadGenlib() skipped sequential cell "sky130_fd_sc_hd__lpflow_inputisolatch_1".
Scl_LibertyReadGenlib() skipped sequential cell "sky130_fd_sc_hd__sdfbbn_1".
Scl_LibertyReadGenlib() skipped sequential cell "sky130_fd_sc_hd__sdfbbn_2".
Scl_LibertyReadGenlib() skipped sequential cell "sky130_fd_sc_hd__sdfbbp_1".
Scl_LibertyReadGenlib() skipped sequential cell "sky130_fd_sc_hd__sdfrbp_1".
Scl_LibertyReadGenlib() skipped sequential cell "sky130_fd_sc_hd__sdfrbp_2".
Scl_LibertyReadGenlib() skipped sequential cell "sky130_fd_sc_hd__sdfrtn_1".
Scl_LibertyReadGenlib() skipped sequential cell "sky130_fd_sc_hd__sdfrtp_1".
Scl_LibertyReadGenlib() skipped sequential cell "sky130_fd_sc_hd__sdfrtp_2".
Scl_LibertyReadGenlib() skipped sequential cell "sky130_fd_sc_hd__sdfrtp_4".
Scl_LibertyReadGenlib() skipped sequential cell "sky130_fd_sc_hd__sdfsbp_1".
Scl_LibertyReadGenlib() skipped sequential cell "sky130_fd_sc_hd__sdfsbp_2".
Scl_LibertyReadGenlib() skipped sequential cell "sky130_fd_sc_hd__sdfstp_1".
Scl_LibertyReadGenlib() skipped sequential cell "sky130_fd_sc_hd__sdfstp_2".
Scl_LibertyReadGenlib() skipped sequential cell "sky130_fd_sc_hd__sdfstp_4".
Scl_LibertyReadGenlib() skipped sequential cell "sky130_fd_sc_hd__sdfxbp_1".
Scl_LibertyReadGenlib() skipped sequential cell "sky130_fd_sc_hd__sdfxbp_2".
Scl_LibertyReadGenlib() skipped sequential cell "sky130_fd_sc_hd__sdfxtp_1".
Scl_LibertyReadGenlib() skipped sequential cell "sky130_fd_sc_hd__sdfxtp_2".
Scl_LibertyReadGenlib() skipped sequential cell "sky130_fd_sc_hd__sdfxtp_4".
Scl_LibertyReadGenlib() skipped cell "sky130_fd_sc_hd__sdlclkp_1" without logic function.
Scl_LibertyReadGenlib() skipped cell "sky130_fd_sc_hd__sdlclkp_2" without logic function.
Scl_LibertyReadGenlib() skipped cell "sky130_fd_sc_hd__sdlclkp_4" without logic function.
Scl_LibertyReadGenlib() skipped sequential cell "sky130_fd_sc_hd__sedfxbp_1".
Scl_LibertyReadGenlib() skipped sequential cell "sky130_fd_sc_hd__sedfxbp_2".
Scl_LibertyReadGenlib() skipped sequential cell "sky130_fd_sc_hd__sedfxtp_1".
Scl_LibertyReadGenlib() skipped sequential cell "sky130_fd_sc_hd__sedfxtp_2".
Scl_LibertyReadGenlib() skipped sequential cell "sky130_fd_sc_hd__sedfxtp_4".
Library "sky130_fd_sc_hd__tt_025C_1v80" from "/home/user/all-the-info/13_FABLE_5_1_SCIENTIFIC_DISCOVERY/experiments/inputs/lib/sky130_fd_sc_hd__tt_025C_1v80.lib" has 334 cells (94 skipped: 63 seq; 13 tri-state; 18 no func; 0 dont_use; 0 with 2 outputs; 0 with 3+ outputs).  Time =     0.23 sec
Memory =   19.81 MB. Time =     0.23 sec
Warning: Detected 9 multi-output cells (for example, "sky130_fd_sc_hd__fa_1").
WireLoad = "none"  [1;33mGates =  74792[0m ( 11.8 %)   [1;32mCap =  5.0 ff[0m (  1.7 %)   [1;36mArea =   388148.50[0m ( 88.2 %)   [1;35mDelay =  7331.27 ps[0m  (  0.9 %)               
Path  0 --    1689 : 0    2 pi                        A =   0.00  Df =   0.0   -0.0 ps  S =   0.0 ps  Cin =  0.0 ff  Cout =   4.0 ff  Cmax =   0.0 ff  G =    0  
Path  1 --    9953 : 2    4 sky130_fd_sc_hd__and2_2   A =   7.51  Df = 183.2  -42.4 ps  S =  67.4 ps  Cin =  1.5 ff  Cout =   9.2 ff  Cmax = 303.0 ff  G =  598  
Path  2 --    9954 : 3    3 sky130_fd_sc_hd__nor3_1   A =   5.00  Df = 420.1 -216.9 ps  S = 294.0 ps  Cin =  2.4 ff  Cout =   8.2 ff  Cmax =  52.2 ff  G =  325  
Path  3 --    9955 : 1    2 sky130_fd_sc_hd__clkinv_1 A =   3.75  Df = 547.4 -290.5 ps  S =  90.0 ps  Cin =  3.1 ff  Cout =   4.7 ff  Cmax = 190.4 ff  G =  150  
Path  4 --    9967 : 4    4 sky130_fd_sc_hd__nand4_1  A =   6.26  Df = 699.8 -135.7 ps  S = 174.1 ps  Cin =  2.3 ff  Cout =  12.8 ff  Cmax = 124.5 ff  G =  526  
Path  5 --   13785 : 3    3 sky130_fd_sc_hd__xnor3_4  A =  26.28  Df =1175.5 -225.6 ps  S =  97.5 ps  Cin =  3.7 ff  Cout =   6.5 ff  Cmax = 554.8 ff  G =  166  
Path  6 --   13787 : 3    1 sky130_fd_sc_hd__and3_2   A =   7.51  Df =1396.9 -172.2 ps  S =  42.2 ps  Cin =  1.5 ff  Cout =   2.5 ff  Cmax = 309.5 ff  G =  156  
Path  7 --   13788 : 3    4 sky130_fd_sc_hd__nor3_1   A =   5.00  Df =1680.0 -228.5 ps  S = 361.3 ps  Cin =  2.4 ff  Cout =  10.8 ff  Cmax =  52.2 ff  G =  427  
Path  8 --   13789 : 1    1 sky130_fd_sc_hd__clkinv_1 A =   3.75  Df =1786.1 -284.9 ps  S =  79.2 ps  Cin =  3.1 ff  Cout =   2.4 ff  Cmax = 190.4 ff  G =   75  
Path  9 --   13794 : 2    2 sky130_fd_sc_hd__nand2_1  A =   3.75  Df =1872.8 -320.3 ps  S =  69.3 ps  Cin =  2.3 ff  Cout =   5.7 ff  Cmax = 166.6 ff  G =  232  
Path 10 --   13796 : 1    2 sky130_fd_sc_hd__clkinv_1 A =   3.75  Df =1938.0 -337.4 ps  S =  43.2 ps  Cin =  3.1 ff  Cout =   4.2 ff  Cmax = 190.4 ff  G =  132  
Path 11 --   23507 : 3    5 sky130_fd_sc_hd__a21boi_0 A =   7.51  Df =2503.6 -559.5 ps  S = 698.7 ps  Cin =  1.7 ff  Cout =  22.0 ff  Cmax =  48.5 ff  G = 1238  
Path 12 --   23698 : 3    4 sky130_fd_sc_hd__xnor3_4  A =  26.28  Df =3184.9 -300.7 ps  S = 111.2 ps  Cin =  3.7 ff  Cout =  12.1 ff  Cmax = 554.8 ff  G =  311  
Path 13 --   30427 : 2    1 sky130_fd_sc_hd__nand2_1  A =   3.75  Df =3262.7 -328.0 ps  S =  50.7 ps  Cin =  2.3 ff  Cout =   2.4 ff  Cmax = 166.6 ff  G =  101  
Path 14 --   30452 : 3    1 sky130_fd_sc_hd__a21oi_1  A =   5.00  Df =3434.3 -119.0 ps  S = 100.4 ps  Cin =  2.3 ff  Cout =   2.5 ff  Cmax =  74.2 ff  G =  100  
Path 15 --   30454 : 3    4 sky130_fd_sc_hd__o21bai_1 A =   7.51  Df =3650.3  -63.0 ps  S = 359.7 ps  Cin =  2.1 ff  Cout =  16.6 ff  Cmax =  77.8 ff  G =  750  
Path 16 --   32682 : 3    2 sky130_fd_sc_hd__xnor3_4  A =  26.28  Df =4186.7 -236.3 ps  S =  92.5 ps  Cin =  3.7 ff  Cout =   4.4 ff  Cmax = 554.8 ff  G =  112  
Path 17 --   35932 : 3    3 sky130_fd_sc_hd__o21ai_0  A =   5.00  Df =4433.7 -371.0 ps  S = 239.1 ps  Cin =  1.7 ff  Cout =   6.5 ff  Cmax =  50.4 ff  G =  365  
Path 18 --   35933 : 3    2 sky130_fd_sc_hd__a21oi_1  A =   5.00  Df =4509.5 -179.8 ps  S = 136.0 ps  Cin =  2.3 ff  Cout =   4.3 ff  Cmax =  74.2 ff  G =  177  
Path 19 --   35935 : 4    4 sky130_fd_sc_hd__o22ai_1  A =   6.26  Df =4749.4  -23.7 ps  S = 239.8 ps  Cin =  2.4 ff  Cout =   8.7 ff  Cmax =  73.3 ff  G =  356  
Path 20 --   37623 : 3    3 sky130_fd_sc_hd__a21oi_1  A =   5.00  Df =4946.9  -93.9 ps  S = 184.7 ps  Cin =  2.3 ff  Cout =   6.8 ff  Cmax =  74.2 ff  G =  279  
Path 21 --   45891 : 3    4 sky130_fd_sc_hd__o21ai_0  A =   5.00  Df =5124.4  -28.8 ps  S = 288.1 ps  Cin =  1.7 ff  Cout =   8.3 ff  Cmax =  50.4 ff  G =  464  
Path 22 --   45892 : 3    2 sky130_fd_sc_hd__o21bai_1 A =   7.51  Df =5296.6   -9.0 ps  S = 146.3 ps  Cin =  2.1 ff  Cout =   4.9 ff  Cmax =  77.8 ff  G =  223  
Path 23 --   48340 : 3    5 sky130_fd_sc_hd__nand3_1  A =   5.00  Df =5469.9  -23.6 ps  S = 143.5 ps  Cin =  2.4 ff  Cout =  11.3 ff  Cmax = 146.5 ff  G =  462  
Path 24 --   49029 : 3    2 sky130_fd_sc_hd__and3_2   A =   7.51  Df =5721.2  -32.2 ps  S =  52.9 ps  Cin =  1.5 ff  Cout =   4.3 ff  Cmax = 309.5 ff  G =  271  
Path 25 --   49033 : 3    1 sky130_fd_sc_hd__o21ai_0  A =   5.00  Df =5816.5  -31.0 ps  S = 123.2 ps  Cin =  1.7 ff  Cout =   2.3 ff  Cmax =  50.4 ff  G =  135  
Path 26 --   49035 : 3    5 sky130_fd_sc_hd__nand3_1  A =   5.00  Df =5958.9  -41.1 ps  S = 151.8 ps  Cin =  2.4 ff  Cout =  12.1 ff  Cmax = 146.5 ff  G =  496  
Path 27 --   49043 : 4    2 sky130_fd_sc_hd__o211a_1  A =  10.01  Df =6163.2  -37.3 ps  S =  56.9 ps  Cin =  2.3 ff  Cout =   4.3 ff  Cmax = 183.1 ff  G =  174  
Path 28 --   49045 : 3    3 sky130_fd_sc_hd__o21ai_0  A =   5.00  Df =6355.6  -59.2 ps  S = 258.8 ps  Cin =  1.7 ff  Cout =   7.2 ff  Cmax =  50.4 ff  G =  411  
Path 29 --   56951 : 4    2 sky130_fd_sc_hd__nand4_1  A =   6.26  Df =6491.9  -71.1 ps  S = 101.2 ps  Cin =  2.3 ff  Cout =   4.3 ff  Cmax = 124.5 ff  G =  172  
Path 30 --   65584 : 4    3 sky130_fd_sc_hd__o211ai_1 A =   7.51  Df =6726.3 -115.5 ps  S = 226.2 ps  Cin =  2.3 ff  Cout =   7.1 ff  Cmax =  74.2 ff  G =  296  
Path 31 --   71623 : 3    3 sky130_fd_sc_hd__nand3_1  A =   5.00  Df =6869.9 -130.2 ps  S = 117.9 ps  Cin =  2.4 ff  Cout =   8.2 ff  Cmax = 146.5 ff  G =  330  
Path 32 --   78303 : 3    3 sky130_fd_sc_hd__o21ba_2  A =  10.01  Df =7106.7 -208.2 ps  S =  68.1 ps  Cin =  2.1 ff  Cout =   8.9 ff  Cmax = 264.6 ff  G =  411  
Path 33 --   78305 : 3    1 sky130_fd_sc_hd__o21ai_0  A =   5.00  Df =7237.4 -270.3 ps  S = 123.9 ps  Cin =  1.7 ff  Cout =   2.4 ff  Cmax =  50.4 ff  G =  135  
Path 34 --   80050 : 2    1 sky130_fd_sc_hd__nand2_1  A =   3.75  Df =7297.0 -271.8 ps  S =  47.8 ps  Cin =  2.3 ff  Cout =   2.4 ff  Cmax = 166.6 ff  G =   99  
Path 35 --   80052 : 2    1 sky130_fd_sc_hd__nand2_1  A =   3.75  Df =7331.3  -15.6 ps  S =  34.9 ps  Cin =  2.3 ff  Cout =   0.0 ff  Cmax = 166.6 ff  G =    0  
Start-point = pi1688.  End-point = po11.
[1;37mdesign                        :[0m i/o = 8192/   18  lat =    0  nd = 74792  edge = 185336  area =387943.15  delay =5078.52  lev = 58
Networks are equivalent.  Time =   148.53 sec

rc=0 wall=192.7
